c ---- [ banner ] ------------------------------------------------------------
c
c Kissat SAT Solver
c 
c Copyright (c) 2021-2024 Armin Biere University of Freiburg
c Copyright (c) 2019-2021 Armin Biere Johannes Kepler University Linz
c 
c Version 4.0.4 8af8e56f174b778aef3aa45af9f739b2a5f492c2
c gcc (GCC) 15.2.1 20260123 (Red Hat 15.2.1-7) -W -Wall -O3 -DNDEBUG
c Thu Apr 23 06:47:51 PM IST 2026 Linux krishnendu-LN 6.19.12-200.fc43.x86_64 x86_64
c
c ---- [ parsing ] -----------------------------------------------------------
c
c opened and reading DIMACS file:
c
c   /home/krishnendu/Research/fv-invariant-mining/data/circuits/cnf/miter_mult_9bit.cnf
c
c parsed 'p cnf 873 3299' header
c closing input after reading 48449 bytes (47 KB)
c finished parsing after 0.00 seconds
c
c ---- [ options ] -----------------------------------------------------------
c
c --decay=1                        (different from default '50')
c --eliminateeffort=300            (different from default '100')
c
c ---- [ solving ] -----------------------------------------------------------
c
c seconds switched rate     size/glue tier1  binary      remaining
c        MB reductions conflicts size  tier2   irredundant
c         level restarts redundant glue  trail       variables
c
c *  0.00  3 0 0 0  0 0   0   0 0.0 0 0 0 0 0% 1142 2155 870 100%
c (  0.00  3 0 0 0  0 0   0   0 0.0 0 0 0 0 0% 1142 2155 870 100%
c .  0.00  3 0 0 0  0 0   0   0 0.0 0 0 0 0 0% 1138 2155 870 100%
c c  0.00  3 0 0 0  0 0   0   0 0.0 0 0 0 0 0% 1186 2153 836 96%
c d  0.00  3 0 0 0  0 0   0   0 0.0 0 0 0 0 0% 1070 2153 836 96%
c =  0.02  3 0 0 0  0 0   0   0 0.0 0 0 0 0 0% 1084 2141 828 95%
c d  0.02  3 0 0 0  0 0   0   0 0.0 0 0 0 0 0% 1064 2141 828 95%
c f  0.02  3 0 0 0  0 0   0   0 0.0 0 0 0 0 0% 1040 2124 852 98%
c )  0.02  3 0 0 0  0 0   0   0 0.0 0 0 0 0 0% 1040 2124 852 98%
c {  0.02  4 0 0 0  0 0   0   0 0.0 0 0 2 6 0% 1040 2124 852 98%
c -  0.05  4 18 0 1 297 3 1002 460 1.8 20 11 3 14 84% 1052 2124 852 98%
c }  0.05  4 18 1 1 297 3 1002 460 1.8 20 11 3 14 84% 1052 2124 852 98%
c [  0.05  4 0 1 1 297 0 1002 460 0.0 0 0 2 6 0% 1052 2124 852 98%
c B  0.05  4 0 1 1 297 0 1002 460 0.0 0 0 2 6 0% 1052 2124 852 98%
c -  0.06  4 64 1 2 297 1 2003 1205 2.7 21 8 3 10 91% 1053 2124 852 98%
c W  0.06  4 64 1 2 297 1 2003 1205 2.7 21 8 3 10 91% 1053 2124 852 98%
c ]  0.07  4 47 2 2 298 1 2518 1550 2.3 20 9 3 10 92% 1053 2124 852 98%
c {  0.07  4 18 2 2 298 3 2518 1550 1.8 20 11 3 14 84% 1053 2124 852 98%
c -  0.09  4 17 2 3 302 2 3418 1890 2.0 20 10 3 12 82% 1056 2124 852 98%
c u  0.09  4 16 2 3 302 2 3512 1807 2.0 20 10 3 12 81% 1066 2124 851 98%
c
c seconds  switched  rate       size/glue  tier1     binary      remaining
c        MB reductions conflicts      size   tier2     irredundant
c         level restarts   redundant     glue    trail       variables
c
c v  0.10  4 16 2 3 302 2 3512 1727 2.0 20 10 3 12 81% 1066 2124 851 98%
c w  0.10  4 16 2 3 302 2 3512 1725 2.0 20 10 3 12 81% 1066 2124 851 98%
c x  0.10  4 16 2 3 302 2 3512 1725 2.0 20 10 3 12 81% 1081 2066 851 98%
c =  0.12  4 16 2 3 302 2 3512 1725 2.0 20 10 3 12 81% 1115 2065 834 96%
c d  0.12  4 16 2 3 302 2 3512 1680 2.0 20 10 3 12 81% 1062 2065 834 96%
c t  0.12  4 16 2 3 302 2 3512 1680 2.0 20 10 3 12 81% 1054 2065 834 96%
c u  0.12  4 16 2 3 302 2 3512 1646 2.0 20 10 3 12 81% 1054 2065 834 96%
c v  0.13  4 16 2 3 302 2 3512 1545 2.0 20 10 3 12 81% 1054 2065 834 96%
c w  0.13  4 16 2 3 302 2 3512 1544 2.0 20 10 3 12 81% 1054 2065 834 96%
c x  0.13  4 16 2 3 302 2 3512 1544 2.0 20 10 3 12 81% 1054 2063 834 96%
c =  0.14  4 16 2 3 302 2 3512 1544 2.0 20 10 3 12 81% 1056 2063 833 96%
c d  0.14  4 16 2 3 302 2 3512 1544 2.0 20 10 3 12 81% 1053 2063 833 96%
c i  0.14  4 16 2 3 302 2 3512 1544 2.0 20 10 3 12 81% 1053 2063 833 96%
c }  0.14  4 16 3 3 302 2 3518 1550 2.0 20 10 3 12 81% 1053 2063 833 96%
c [  0.14  4 47 3 3 302 1 3518 1550 2.3 20 9 3 10 92% 1053 2063 833 96%
c ]  0.15  4 37 4 3 302 1 4185 2086 2.3 21 9 3 10 93% 1053 2063 833 96%
c {  0.15  4 16 4 3 302 2 4185 2086 2.0 20 10 3 12 81% 1053 2063 833 96%
c -  0.18  4 16 4 4 311 2 5150 2271 2.2 21 10 3 11 83% 1051 2063 833 96%
c }  0.21  5 16 5 4 316 2 6537 3448 2.2 21 10 3 11 83% 1054 2063 833 96%
c [  0.21  5 37 5 4 316 1 6537 3448 2.3 21 9 3 10 93% 1054 2063 833 96%
c
c seconds  switched  rate       size/glue tier1     binary      remaining
c        MB reductions conflicts      size  tier2     irredundant
c         level restarts   redundant    glue    trail       variables
c
c I  0.21  5 37 5 4 316 1 6537 3448 2.3 21 9 3 10 93% 1054 2063 833 96%
c -  0.22  5 32 5 5 316 1 7151 3222 2.1 21 10 3 12 93% 1054 2063 833 96%
c -  0.27  5 24 5 6 318 1 9387 3785 1.9 20 10 3 11 92% 1055 2063 833 96%
c ]  0.28  5 23 6 6 318 1 9850 4058 1.9 19 10 3 11 93% 1055 2063 833 96%
c {  0.28  5 16 6 6 318 2 9850 4058 2.2 21 10 3 11 83% 1055 2063 833 96%
c o  0.28  5 15 6 6 333 2 10185 4353 2.2 21 9 3 11 82% 1056 2063 833 96%
c u  0.30  4 15 6 6 377 2 10833 4754 2.1 20 9 3 11 82% 1062 2063 833 96%
c v  0.30  5 15 6 6 377 2 10833 4731 2.1 20 9 3 11 82% 1062 2063 833 96%
c w  0.31  5 15 6 6 377 2 10833 4674 2.1 20 9 3 11 82% 1062 2063 833 96%
c t  0.33  5 15 6 6 377 2 10833 4674 2.1 20 9 3 11 82% 1060 2063 833 96%
c -  0.34  5 15 6 7 384 2 11838 4349 2.1 20 9 3 10 81% 1061 2063 833 96%
c }  0.37  5 15 7 7 601 2 13921 6081 2.0 19 9 3 10 81% 1061 2063 833 96%
c [  0.37  5 23 7 7 601 1 13921 6081 1.9 19 10 3 11 93% 1061 2063 833 96%
c B  0.37  5 23 7 7 601 1 13921 6081 1.9 19 10 3 11 93% 1061 2063 833 96%
c -  0.39  5 23 7 8 601 1 14484 5162 1.8 19 11 3 11 92% 1061 2063 833 96%
c ]  0.44  5 20 8 8 603 1 16998 7081 1.7 19 11 3 11 91% 1061 2063 833 96%
c {  0.44  5 15 8 8 603 2 16998 7081 2.0 19 9 3 10 81% 1061 2063 833 96%
c -  0.45  6 15 8 9 647 2 17312 5493 2.0 19 9 3 10 81% 1061 2063 833 96%
c s  0.45  6 15 8 9 647 2 17552 5723 2.1 19 9 3 10 82% 1064 2058 833 96%
c e  0.45  6 15 8 9 647 2 17552 5723 2.1 19 9 3 10 82% 315 2467 511 59%
c
c seconds  switched  rate        size/glue tier1    binary      remaining
c        MB reductions conflicts       size  tier2    irredundant
c         level restarts    redundant    glue    trail      variables
c
c s  0.46  6 15 8 9 647 2 17552 5723 2.1 19 9 3 10 82% 321 2392 511 59%
c e  0.46  6 15 8 9 647 2 17552 5723 2.1 19 9 3 10 82% 308 2403 505 58%
c ^  0.46  6 15 8 9 647 2 17552 5723 2.1 19 9 3 10 82% 308 2403 505 58%
c -  0.50  6 16 8 10 650 2 20312 3667 2.2 20 9 3 9 79% 308 2403 505 58%
c o  0.51  6 16 8 10 657 2 21053 4372 2.3 20 9 3 9 79% 309 2403 505 58%
c u  0.54  6 16 8 10 821 2 22197 5220 2.3 21 9 2 9 80% 310 2403 505 58%
c v  0.55  6 16 8 10 821 2 22197 5184 2.3 21 9 2 9 80% 310 2403 505 58%
c w  0.55  6 16 8 10 821 2 22197 5178 2.3 21 9 2 9 80% 310 2403 505 58%
c x  0.55  6 16 8 10 821 2 22197 5175 2.3 21 9 2 9 80% 312 2350 505 58%
c t  0.56  6 16 8 10 821 2 22197 5175 2.3 21 9 2 9 80% 305 2350 505 58%
c f  0.56  6 16 8 10 821 2 22197 5175 2.3 21 9 2 9 80% 345 2268 525 60%
c u  0.56  6 16 8 10 821 2 22197 5104 2.3 21 9 2 9 80% 345 2268 525 60%
c v  0.57  6 16 8 10 821 2 22197 5073 2.3 21 9 2 9 80% 345 2268 525 60%
c w  0.57  6 16 8 10 821 2 22197 5070 2.3 21 9 2 9 80% 345 2268 525 60%
c x  0.57  6 16 8 10 821 2 22197 5069 2.3 21 9 2 9 80% 348 2239 525 60%
c t  0.60  6 16 8 10 821 2 22197 5069 2.3 21 9 2 9 80% 347 2239 525 60%
c }  0.62  6 16 9 10 902 2 23158 5949 2.4 21 9 2 9 80% 350 2239 525 60%
c [  0.62  6 20 9 10 902 1 23158 5949 1.7 19 11 3 11 91% 350 2239 525 60%
c W  0.62  5 20 9 10 902 1 23158 5949 1.7 19 11 3 11 91% 350 2239 525 60%
c -  0.63  6 20 9 11 902 1 23475 5367 1.7 19 11 3 11 91% 350 2239 525 60%
c
c seconds  switched   rate        size/glue  tier1    binary      remaining
c        MB  reductions conflicts       size   tier2    irredundant
c         level  restarts    redundant     glue    trail      variables
c
c -  0.69  6 19 9 12 904 1 26792 5760 1.7 19 11 3 11 91% 350 2239 525 60%
c ]  0.73  6 18 10 12 906 1 29126 7134 1.7 19 11 3 11 90% 350 2239 525 60%
c {  0.73  6 16 10 12 906 2 29126 7134 2.4 21 9 2 9 80% 350 2239 525 60%
c -  0.77  7 16 10 13 971 2 30257 5864 2.4 21 9 2 8 80% 350 2239 525 60%
c -  0.88  7 15 10 14 1198 2 33863 7374 2.6 22 9 2 7 82% 351 2239 525 60%
c s  0.93  7 15 10 14 1495 2 35564 8914 2.5 22 9 2 7 82% 352 2237 525 60%
c e  0.93  7 15 10 14 1495 2 35564 8914 2.5 22 9 2 7 82% 240 2410 447 51%
c s  0.93  7 15 10 14 1495 2 35564 8914 2.5 22 9 2 7 82% 242 2386 447 51%
c e  0.93  7 15 10 14 1495 2 35564 8914 2.5 22 9 2 7 82% 239 2390 446 51%
c ^  0.94  7 15 10 14 1495 2 35564 8914 2.5 22 9 2 7 82% 239 2390 446 51%
c -  0.98  7 15 10 15 1750 2 37605 4328 2.6 23 9 1 7 82% 239 2390 446 51%
c }  0.99  7 15 11 15 1756 2 37753 4467 2.6 23 9 1 7 82% 240 2390 446 51%
c [  0.99  7 18 11 15 1756 1 37753 4467 1.7 19 11 3 11 90% 240 2390 446 51%
c O  0.99  7 18 11 15 1756 1 37753 4467 1.7 19 11 3 11 90% 240 2390 446 51%
c u  1.01  6 18 11 15 1756 1 38358 4660 1.7 19 11 3 11 90% 240 2390 446 51%
c v  1.02  6 18 11 15 1756 1 38358 4507 1.7 19 11 3 11 90% 240 2390 446 51%
c w  1.02  6 18 11 15 1756 1 38358 4459 1.7 19 11 3 11 90% 240 2390 446 51%
c x  1.03  6 18 11 15 1756 1 38358 4459 1.7 19 11 3 11 90% 240 2348 446 51%
c t  1.03  6 18 11 15 1756 1 38358 4459 1.7 19 11 3 11 90% 239 2348 446 51%
c f  1.03  6 18 11 15 1756 1 38358 4459 1.7 19 11 3 11 90% 241 2343 447 51%
c
c seconds   switched    rate        size/glue  tier1    binary      remaining
c        MB   reductions  conflicts       size   tier2    irredundant
c         level    restarts    redundant     glue    trail      variables
c
c u  1.03  6 18 11 15 1756 1 38358 4419 1.7 19 11 3 11 90% 241 2343 447 51%
c v  1.04  6 18 11 15 1756 1 38358 4216 1.7 19 11 3 11 90% 241 2343 447 51%
c w  1.05  6 18 11 15 1756 1 38358 4202 1.7 19 11 3 11 90% 241 2343 447 51%
c -  1.12  6 17 11 16 1758 1 41477 4637 1.7 19 11 2 10 90% 241 2343 447 51%
c -  1.22  6 16 11 17 1761 1 45477 4862 1.6 18 11 2 10 90% 241 2343 447 51%
c B  1.26  6 16 11 17 1762 1 47514 5896 1.6 18 11 2 10 90% 241 2343 447 51%
c o  1.26  6 16 11 17 1762 1 47514 5896 1.6 18 11 2 10 90% 241 2343 447 51%
c ]  1.27  6 16 12 17 1762 1 48463 6395 1.6 18 11 2 10 91% 241 2343 447 51%
c {  1.27  6 15 12 17 1762 2 48463 6395 2.6 23 9 1 7 82% 241 2343 447 51%
c -  1.31  6 15 12 18 2069 2 49601 5196 2.5 23 9 1 7 82% 243 2343 447 51%
c -  1.43  7 15 12 19 2405 2 53843 6811 2.5 23 9 1 7 82% 243 2343 447 51%
c -  1.55  7 15 12 20 2638 2 58201 8883 2.5 22 9 1 7 81% 245 2343 447 51%
c u  1.57  7 15 12 20 2669 2 59171 9454 2.5 23 9 1 7 81% 245 2343 447 51%
c v  1.60  8 15 12 20 2669 2 59171 9291 2.5 23 9 1 7 81% 245 2343 447 51%
c w  1.60  8 15 12 20 2669 2 59171 9263 2.5 23 9 1 7 81% 245 2343 447 51%
c =  1.66  8 15 12 20 2669 2 59171 9263 2.5 23 9 1 7 81% 247 2341 446 51%
c d  1.66  8 15 12 20 2669 2 59171 9263 2.5 23 9 1 7 81% 245 2341 446 51%
c u  1.66  8 15 12 20 2669 2 59171 9211 2.5 23 9 1 7 81% 245 2341 446 51%
c v  1.68  8 15 12 20 2669 2 59171 9168 2.5 23 9 1 7 81% 245 2341 446 51%
c w  1.68  8 15 12 20 2669 2 59171 9146 2.5 23 9 1 7 81% 245 2341 446 51%
c
c seconds   switched    rate        size/glue tier1   binary      remaining
c        MB   reductions  conflicts       size  tier2   irredundant
c         level    restarts    redundant    glue   trail      variables
c
c x  1.69  8 15 12 20 2669 2 59171 9145 2.5 23 9 1 7 81% 245 2338 446 51%
c }  1.71  7 15 13 20 2786 2 59944 9844 2.5 23 9 1 7 81% 246 2337 446 51%
c [  1.71  7 16 13 20 2786 1 59944 9844 1.6 18 11 2 10 91% 246 2337 446 51%
c W  1.71  6 16 13 20 2786 1 59944 9844 1.6 18 11 2 10 91% 246 2337 446 51%
c -  1.76  7 15 13 21 2788 1 62673 8389 1.7 18 11 2 9 92% 246 2337 446 51%
c -  1.85  7 15 13 22 2791 1 67256 6725 1.7 18 11 2 9 93% 246 2336 446 51%
c -  1.95  6 14 13 23 2792 1 71946 5109 1.6 17 10 2 8 92% 246 2336 446 51%
c ]  1.98  6 14 14 23 2794 1 73517 5581 1.6 17 10 2 8 93% 246 2336 446 51%
c {  1.98  6 15 14 23 2794 2 73517 5581 2.5 23 9 1 7 81% 246 2336 446 51%
c e  2.01  6 15 14 23 2794 2 74819 6391 2.5 22 9 1 7 81% 188 2449 412 47%
c s  2.01  6 15 14 23 2794 2 74819 6391 2.5 22 9 1 7 81% 188 2434 412 47%
c ^  2.01  6 15 14 23 2794 2 74819 6391 2.5 22 9 1 7 81% 188 2434 412 47%
c -  2.05  6 15 14 24 3149 2 76742 4826 2.4 22 9 1 6 81% 188 2434 412 47%
c o  2.08  6 15 14 24 3188 2 77578 5272 2.4 22 9 1 6 81% 188 2434 412 47%
c -  2.18  6 16 14 25 4136 2 81640 6327 2.4 22 9 1 6 82% 188 2434 412 47%
c u  2.27  6 16 14 25 4852 2 84779 8736 2.3 23 10 1 6 82% 189 2434 412 47%
c v  2.29  6 16 14 25 4852 2 84779 8098 2.3 23 10 1 6 82% 189 2434 412 47%
c w  2.30  6 16 14 25 4852 2 84779 8088 2.3 23 10 1 6 82% 189 2434 412 47%
c f  2.37  6 16 14 25 4852 2 84779 8088 2.3 23 10 1 6 82% 196 2410 415 48%
c b  2.37  6 16 14 25 4852 2 84779 8088 2.3 23 10 1 6 82% 196 2410 414 47%
c
c seconds   switched    rate        size/glue  tier1   binary      remaining
c        MB   reductions  conflicts       size   tier2   irredundant
c         level    restarts    redundant     glue   trail      variables
c
c u  2.37  6 16 14 25 4852 2 84779 8043 2.3 23 10 1 6 82% 196 2410 414 47%
c v  2.40  6 16 14 25 4852 2 84779 7631 2.3 23 10 1 6 82% 196 2410 414 47%
c w  2.40  6 16 14 25 4852 2 84779 7612 2.3 23 10 1 6 82% 196 2410 414 47%
c -  2.45  6 16 14 26 5111 2 86640 6259 2.3 23 10 1 6 82% 193 2410 414 47%
c }  2.49  6 16 15 26 5322 2 88232 7623 2.3 23 10 1 6 82% 193 2410 414 47%
c [  2.49  6 14 15 26 5322 1 88232 7623 1.6 17 10 2 8 93% 193 2410 414 47%
c I  2.49  6 14 15 26 5322 1 88232 7623 1.6 17 10 2 8 93% 193 2410 414 47%
c -  2.54  6 14 15 27 5324 1 91739 6377 1.6 17 10 2 8 93% 193 2410 414 47%
c -  2.62  6 14 15 28 5328 1 96936 5951 1.6 17 11 2 8 92% 193 2410 414 47%
c -  2.71  6 14 15 29 5330 1 102227 5577 1.6 17 11 2 8 92% 193 2410 414 47%
c B  2.77  6 13 15 29 5333 1 106034 7353 1.6 17 11 2 8 92% 193 2410 414 47%
c -  2.80  6 13 15 30 5334 1 107613 5134 1.6 16 11 2 8 92% 193 2410 414 47%
c ]  2.85  6 13 16 30 5335 1 109491 5952 1.6 16 10 2 8 92% 193 2410 414 47%
c {  2.85  6 16 16 30 5335 2 109491 5952 2.3 23 10 1 6 82% 193 2410 414 47%
c -  2.94  6 16 16 31 5731 2 113090 6940 2.3 23 10 1 6 83% 193 2410 414 47%
c u  3.01  6 16 16 31 5731 2 115317 8731 2.4 23 10 1 6 83% 193 2410 414 47%
c v  3.03  6 16 16 31 5731 2 115317 8466 2.4 23 10 1 6 83% 193 2410 414 47%
c w  3.03  7 16 16 31 5731 2 115317 8361 2.4 23 10 1 6 83% 193 2410 414 47%
c x  3.04  7 16 16 31 5731 2 115317 8359 2.4 23 10 1 6 83% 195 2391 414 47%
c t  3.04  7 16 16 31 5731 2 115317 8359 2.4 23 10 1 6 83% 193 2391 414 47%
c
c seconds   switched    rate          size/glue  tier1   binary      remaining
c        MB   reductions  conflicts         size   tier2   irredundant
c         level    restarts      redundant     glue   trail      variables
c
c o  3.10  7 16 16 31 6017 2 117734 10372 2.4 23 10 1 6 82% 195 2391 414 47%
c -  3.12  7 16 16 32 6019 2 118658 8994 2.4 23 10 1 6 82% 195 2391 414 47%
c -  3.27  7 16 16 33 6175 2 124315 10663 2.5 24 10 1 5 83% 197 2390 414 47%
c }  3.38  7 16 17 33 6612 2 127829 13458 2.4 23 10 1 5 83% 197 2390 414 47%
c [  3.38  7 13 17 33 6612 1 127829 13458 1.6 16 10 2 8 92% 197 2390 414 47%
c W  3.38  7 13 17 33 6612 1 127829 13458 1.6 16 10 2 8 92% 197 2390 414 47%
c -  3.43  7 13 17 34 6614 1 130059 10084 1.6 16 10 2 8 92% 197 2390 414 47%
c -  3.53  7 13 17 35 6617 1 135890 8396 1.5 16 10 2 8 92% 197 2390 414 47%
c s  3.58  7 13 17 35 6618 1 138077 9096 1.5 16 10 2 8 92% 197 2385 414 47%
c e  3.58  7 13 17 35 6618 1 138077 9096 1.5 16 10 2 8 92% 144 2566 377 43%
c 2  3.58  7 13 17 35 6618 1 138077 9096 1.5 16 10 2 8 92% 143 2566 377 43%
c s  3.58  7 13 17 35 6618 1 138077 9096 1.5 16 10 2 8 92% 143 2523 377 43%
c e  3.58  7 13 17 35 6618 1 138077 9096 1.5 16 10 2 8 92% 141 2531 375 43%
c ^  3.58  7 13 17 35 6618 1 138077 9096 1.5 16 10 2 8 92% 141 2531 375 43%
c -  3.64  6 13 17 36 6620 1 141807 5261 1.5 16 10 2 8 93% 141 2531 375 43%
c -  3.73  6 13 17 37 6624 1 147809 5646 1.5 15 10 2 8 92% 141 2531 375 43%
c u  3.79  6 13 17 37 6625 1 151056 6537 1.5 15 10 2 8 92% 141 2531 375 43%
c v  3.80  6 13 17 37 6625 1 151056 5580 1.5 15 10 2 8 92% 141 2531 375 43%
c w  3.83  6 13 17 37 6625 1 151056 4488 1.5 15 10 2 8 92% 141 2531 375 43%
c t  3.91  6 13 17 37 6625 1 151056 4488 1.5 15 10 2 8 92% 140 2531 375 43%
c
c seconds   switched    rate         size/glue  tier1   binary      remaining
c        MB   reductions  conflicts        size   tier2   irredundant
c         level    restarts     redundant     glue   trail      variables
c
c O  3.92  6 12 17 37 6625 1 152056 4909 1.5 15 10 2 8 92% 140 2531 375 43%
c -  3.96  6 13 17 38 6626 1 153891 4617 1.5 15 10 2 8 92% 140 2531 375 43%
c ]  3.99  6 13 18 38 6626 1 155720 5410 1.5 15 10 2 8 91% 140 2531 375 43%
c {  3.99  6 16 18 38 6626 2 155720 5410 2.4 23 10 1 5 83% 140 2531 375 43%
c -  4.10  7 15 18 39 6784 2 160055 6923 2.4 23 10 1 5 83% 140 2531 375 43%
c -  4.25  7 15 18 40 6881 2 166300 9047 2.4 23 9 1 5 82% 140 2531 375 43%
c o  4.29  7 15 18 40 6886 2 168349 10867 2.4 22 9 1 5 81% 140 2531 375 43%
c -  4.41  7 15 18 41 6969 2 172624 11431 2.4 22 9 1 5 79% 145 2530 375 43%
c }  4.56  7 15 19 41 6969 2 178066 15727 2.4 22 9 1 5 80% 145 2530 375 43%
c [  4.56  7 13 19 41 6969 1 178066 15727 1.5 15 10 2 8 91% 145 2530 375 43%
c -  4.59  7 13 19 42 6969 1 179027 13363 1.5 15 10 2 8 91% 145 2530 375 43%
c B  4.60  7 13 19 42 6970 1 179798 13773 1.5 15 10 2 8 91% 145 2530 375 43%
c -  4.70  7 12 19 43 6974 1 185507 12295 1.5 15 10 2 8 91% 145 2530 375 43%
c u  4.80  7 12 19 43 6977 1 191832 14630 1.5 15 10 2 8 91% 145 2530 375 43%
c v  4.82  7 12 19 43 6977 1 191832 13782 1.5 15 10 2 8 91% 145 2530 375 43%
c w  4.84  8 12 19 43 6977 1 191832 12681 1.5 15 10 2 8 91% 145 2530 375 43%
c x  4.84  8 12 19 43 6977 1 191832 12678 1.5 15 10 2 8 91% 147 2469 375 43%
c -  4.85  8 12 19 44 6977 1 192065 7468 1.5 15 10 2 7 91% 147 2469 375 43%
c -  4.96  7 12 19 45 6982 1 198698 6657 1.5 15 10 2 7 91% 147 2469 375 43%
c -  5.09  7 12 19 46 6983 1 205406 6146 1.5 15 10 2 7 91% 147 2469 375 43%
c
c seconds   switched    rate         size/glue  tier1   binary      remaining
c        MB   reductions  conflicts        size   tier2   irredundant
c         level    restarts     redundant     glue   trail      variables
c
c W  5.19  7 12 19 46 6984 1 211248 8891 1.5 15 10 2 7 91% 147 2469 375 43%
c -  5.21  7 12 19 47 6985 1 212191 6355 1.5 15 10 2 7 91% 147 2469 375 43%
c ]  5.24  7 12 20 47 6986 1 214020 7072 1.5 15 10 2 7 91% 147 2469 375 43%
c {  5.24  7 15 20 47 6986 2 214020 7072 2.4 22 9 1 5 80% 147 2469 375 43%
c -  5.34  7 14 20 48 7007 2 219046 8011 2.4 21 9 1 5 81% 147 2469 375 43%
c -  5.54  7 14 20 49 7947 2 225975 10431 2.4 21 9 1 5 81% 147 2469 375 43%
c e  5.59  7 14 20 49 8384 2 227675 11888 2.3 22 9 1 5 81%  82 2930 313 36%
c s  5.59  7 14 20 49 8384 2 227675 11888 2.3 22 9 1 5 81%  82 2803 313 36%
c e  5.59  7 14 20 49 8384 2 227675 11888 2.3 22 9 1 5 81%  80 2819 311 36%
c ^  5.59  7 14 20 49 8384 2 227675 11888 2.3 22 9 1 5 81%  80 2819 311 36%
c o  5.66  7 14 20 49 8503 2 230443 7719 2.3 21 9 1 5 81%  80 2819 311 36%
c -  5.72  7 14 20 50 8800 2 232976 7028 2.3 21 9 1 5 81%  80 2819 311 36%
c u  5.85  7 14 20 50 9420 2 238153 10691 2.3 21 9 1 5 82%  82 2819 311 36%
c v  5.88  7 14 20 50 9420 2 238153 10381 2.3 21 9 1 5 82%  82 2819 311 36%
c w  5.89  7 14 20 50 9420 2 238153 10227 2.3 21 9 1 5 82%  82 2819 311 36%
c x  5.89  7 14 20 50 9420 2 238153 10223 2.3 21 9 1 5 82%  82 2693 311 36%
c -  5.95  7 14 20 51 9560 2 240047 8386 2.3 21 9 1 5 82%  82 2693 311 36%
c }  5.96  7 14 21 51 9560 2 240760 9021 2.3 21 9 1 5 82%  82 2693 311 36%
c [  5.96  7 12 21 51 9560 1 240760 9021 1.5 15 10 2 7 91%  82 2693 311 36%
c I  6.05  7 12 21 51 9564 1 246599 12144 1.5 15 10 2 7 91%  82 2693 311 36%
c
c seconds   switched    rate         size/glue  tier1   binary      remaining
c        MB   reductions  conflicts        size   tier2   irredundant
c         level    restarts     redundant     glue   trail      variables
c
c -  6.06  7 12 21 52 9565 1 247189 8315 1.5 15 10 1 7 91%  82 2693 311 36%
c -  6.17  7 12 21 53 9568 1 254400 7254 1.5 15 10 1 7 91%  82 2693 311 36%
c -  6.28  7 12 21 54 9573 1 261682 6296 1.5 15 10 1 7 91%  82 2693 311 36%
c -  6.39  7 12 21 55 9574 1 269030 6533 1.5 15 10 2 8 91%  82 2693 311 36%
c -  6.51  7 12 21 56 9577 1 276446 7642 1.5 15 10 2 8 91%  82 2693 311 36%
c -  6.64  7 12 21 57 9581 1 283931 7690 1.5 15 10 2 7 91%  82 2693 311 36%
c ]  6.64  7 12 22 57 9581 1 283958 7703 1.5 15 10 2 7 91%  82 2693 311 36%
c {  6.64  7 14 22 57 9581 2 283958 7703 2.3 21 9 1 5 82%  82 2693 311 36%
c u  6.76  7 14 22 57 9636 2 289505 10601 2.3 21 9 1 5 82%  82 2693 311 36%
c v  6.78  7 14 22 57 9636 2 289505 9446 2.3 21 9 1 5 82%  82 2693 311 36%
c w  6.79  7 14 22 57 9636 2 289505 6540 2.3 21 9 1 5 82%  82 2693 311 36%
c x  6.79  7 14 22 57 9636 2 289505 6540 2.3 21 9 1 5 82%  82 2675 311 36%
c -  6.82  7 14 22 58 9941 2 291480 6044 2.3 20 9 1 5 82%  82 2675 311 36%
c -  6.98  7 14 22 59 10188 2 299096 9602 2.3 21 9 1 5 83%  82 2675 311 36%
c o  7.02  7 14 22 59 10189 2 301042 11442 2.3 21 9 1 5 83%  82 2675 311 36%
c -  7.13  8 14 22 60 10511 2 306777 11040 2.3 20 9 1 5 84%  82 2675 311 36%
c -  7.29  8 14 22 61 10811 2 314522 11742 2.3 20 9 1 5 84%  82 2675 311 36%
c }  7.31  8 14 23 61 10811 2 315474 12630 2.3 20 9 1 5 84%  82 2675 311 36%
c [  7.31  8 12 23 61 10811 1 315474 12630 1.5 15 10 2 7 91%  82 2675 311 36%
c B  7.31  8 12 23 61 10811 1 315474 12630 1.5 15 10 2 7 91%  82 2675 311 36%
c
c seconds   switched     rate          size/glue  tier1   binary      remaining
c        MB   reductions   conflicts         size   tier2   irredundant
c         level    restarts       redundant     glue   trail      variables
c
c -  7.46  8 12 23 62 10816 1 322333 11492 1.5 15 10 1 7 91%  82 2675 311 36%
c -  7.63  8 12 23 63 10820 1 330207 9799 1.5 15 10 1 7 91%  82 2675 311 36%
c -  7.80  8 12 23 64 10824 1 338145 9198 1.6 15 10 1 7 91%  82 2675 311 36%
c ]  7.91  8 12 24 64 10825 1 343798 12381 1.6 15 10 1 7 91%  82 2675 311 36%
c {  7.91  8 14 24 64 10825 2 343798 12381 2.3 20 9 1 5 84%  82 2675 311 36%
c e  7.93  8 14 24 64 10835 2 344652 12953 2.3 20 9 1 5 84%  53 3185 275 32%
c s  7.93  8 14 24 64 10835 2 344652 12953 2.3 20 9 1 5 84%  53 3067 275 32%
c e  7.93  8 14 24 64 10835 2 344652 12953 2.3 20 9 1 5 84%  52 3076 274 31%
c !  7.93  8 14 24 64 10835 2 344652 12953 2.3 20 9 1 5 84%  52 3076 274 31%
c -  7.97  7 14 24 65 11084 2 346145 6693 2.3 20 9 1 5 84%  53 3075 274 31%
c u  7.98  7 14 24 65 11141 2 346479 6638 2.3 20 9 1 5 84%  53 3075 274 31%
c v  8.01  7 14 24 65 11141 2 346479 5217 2.3 20 9 1 5 84%  53 3075 274 31%
c w  8.02  7 14 24 65 11141 2 346479 4097 2.3 20 9 1 5 84%  53 3075 274 31%
c f  8.08  7 14 24 65 11141 2 346479 4097 2.3 20 9 1 5 84%  55 3056 275 32%
c u  8.09  7 14 24 65 11141 2 346479 4028 2.3 20 9 1 5 84%  55 3056 275 32%
c v  8.11  7 14 24 65 11141 2 346479 3589 2.3 20 9 1 5 84%  55 3056 275 32%
c w  8.12  7 14 24 65 11141 2 346479 3398 2.3 20 9 1 5 84%  55 3056 275 32%
c x  8.12  7 14 24 65 11141 2 346479 3394 2.3 20 9 1 5 84%  55 2935 275 32%
c -  8.28  7 14 24 66 11905 2 354209 6735 2.2 20 9 1 5 84%  55 2935 275 32%
c -  8.47  7 14 24 67 12416 2 362333 9699 2.3 20 9 1 5 84%  55 2935 275 32%
c
c seconds   switched     rate          size/glue tier1   binary      remaining
c        MB   reductions   conflicts         size  tier2   irredundant
c         level    restarts       redundant    glue   trail      variables
c
c -  8.65  8 14 24 68 12713 2 370520 11948 2.2 20 9 1 5 84%  56 2935 275 32%
c -  8.82  8 13 24 69 12728 2 378767 12787 2.2 19 9 1 5 84%  57 2935 275 32%
c }  8.87  8 13 25 69 12928 2 380476 13966 2.2 19 9 1 5 84%  58 2935 275 32%
c [  8.87  8 12 25 69 12928 1 380476 13966 1.6 15 10 1 7 91%  58 2935 275 32%
c W  8.87  8 12 25 69 12928 1 380476 13966 1.6 15 10 1 7 91%  58 2935 275 32%
c -  9.01  8 12 25 70 12933 1 387073 12480 1.6 15 10 1 7 91%  59 2935 275 32%
c -  9.18  8 11 25 71 12937 1 395439 10798 1.6 15 10 1 7 91%  59 2935 275 32%
c -  9.36  8 11 25 72 12941 1 403867 8768 1.6 15 9 1 7 91%  59 2935 275 32%
c u  9.47  8 11 25 72 12942 1 408317 9539 1.5 15 9 1 7 91%  60 2935 275 32%
c v  9.50  8 11 25 72 12942 1 408317 7972 1.5 15 9 1 7 91%  61 2935 275 32%
c w  9.51  8 11 25 72 12942 1 408317 5970 1.5 15 9 1 7 91%  61 2935 275 32%
c x  9.52  8 11 25 72 12942 1 408317 5969 1.5 15 9 1 7 91%  61 2915 275 32%
c t  9.52  8 11 25 72 12942 1 408317 5969 1.5 15 9 1 7 91%  60 2915 275 32%
c o  9.52  8 11 25 72 12942 1 408317 5969 1.5 15 9 1 7 91%  60 2915 275 32%
c -  9.61  7 11 25 73 12942 1 412353 4813 1.5 14 9 1 6 91%  60 2915 275 32%
c ]  9.69  7 11 26 73 12945 1 416726 5538 1.5 14 9 1 6 92%  60 2915 275 32%
c {  9.69  7 13 26 73 12945 2 416726 5538 2.2 19 9 1 5 84%  60 2915 275 32%
c -  9.79  7 13 26 74 13208 2 420898 6970 2.2 19 9 1 5 84%  60 2915 275 32%
c -  9.98  7 13 26 75 13860 2 429503 9393 2.2 19 9 1 5 84%  60 2915 275 32%
c - 10.16  8 13 26 76 14463 2 438165 10276 2.2 19 9 1 5 84%  60 2915 275 32%
c
c seconds   switched     rate          size/glue tier1   binary      remaining
c        MB   reductions   conflicts         size  tier2   irredundant
c         level    restarts       redundant    glue   trail      variables
c
c - 10.33  8 13 26 77 14649 2 446882 11028 2.1 19 9 1 5 85%  61 2915 275 32%
c - 10.49  8 12 26 78 14649 1 455657 11868 2.1 18 9 1 5 85%  64 2915 275 32%
c i 10.53  8 12 26 78 14649 1 457748 12980 2.1 18 9 1 5 85%  75 2915 274 31%
c } 10.56  8 12 27 78 14883 1 458945 13975 2.1 18 9 1 5 85%  75 2915 274 31%
c [ 10.56  8 11 27 78 14883 1 458945 13975 1.5 14 9 1 6 92%  75 2915 274 31%
c O 10.56  8 11 27 78 14883 1 458945 13975 1.5 14 9 1 6 92%  75 2915 274 31%
c - 10.67  8 11 27 79 14887 1 464489 7967 1.5 14 9 1 6 92%  57 2915 274 31%
c - 10.83  8 11 27 80 14892 1 473378 8913 1.5 14 9 1 6 92%  58 2915 274 31%
c i 10.86  8 11 27 80 14893 1 475483 9486 1.5 14 9 1 6 92%  67 2915 273 31%
c u 10.88  8 11 27 80 14893 1 475917 5341 1.5 14 9 1 6 92% 130 2640 273 31%
c v 10.90  8 11 27 80 14893 1 475917 4126 1.5 14 9 1 6 92% 132 2640 273 31%
c w 10.91  8 11 27 80 14893 1 475917 3980 1.5 14 9 1 6 92% 132 2640 273 31%
c x 10.91  8 11 27 80 14893 1 475917 3963 1.5 14 9 1 6 92% 138 2515 273 31%
c d 10.91  8 11 27 80 14893 1 475917 3963 1.5 14 9 1 6 92% 134 2515 271 31%
c t 10.91  8 11 27 80 14893 1 475917 3963 1.5 14 9 1 6 92% 116 2515 271 31%
c u 10.92  8 11 27 80 14893 1 475917 3763 1.5 14 9 1 6 92% 104 2515 271 31%
c v 10.94  8 11 27 80 14893 1 475917 3096 1.5 14 9 1 6 92% 104 2515 271 31%
c w 10.94  8 11 27 80 14893 1 475917 3024 1.5 14 9 1 6 92% 104 2515 271 31%
c x 10.95  8 11 27 80 14893 1 475917 3023 1.5 14 9 1 6 92% 104 2501 271 31%
c - 11.04  7 11 27 81 14896 1 482322 4054 1.5 13 9 1 6 92% 104 2501 271 31%
c
c seconds   switched     rate         size/glue tier1   binary      remaining
c        MB   reductions   conflicts        size  tier2   irredundant
c         level    restarts      redundant    glue   trail      variables
c
c s 11.17  7 11 27 81 14897 1 490573 7227 1.5 13 9 1 6 92% 105 2499 271 31%
c e 11.17  7 11 27 81 14897 1 490573 7227 1.5 13 9 1 6 92%  58 2862 239 27%
c s 11.17  7 11 27 81 14897 1 490573 7227 1.5 13 9 1 6 92%  59 2766 239 27%
c - 11.19  7 11 27 82 14897 1 491322 4206 1.5 13 9 1 6 92%  59 2766 239 27%
c - 11.32  7 10 27 83 14904 1 500377 6245 1.5 13 9 1 6 91%  60 2766 239 27%
c i 11.36  7 10 27 83 14904 1 503849 7929 1.5 13 9 1 6 90%  71 2766 238 27%
c o 11.36  7 10 27 83 14904 1 503849 7929 1.5 13 9 1 6 90%  71 2766 238 27%
c ] 11.43  7 10 28 83 14907 1 506667 8343 1.5 13 9 1 6 91%  72 2766 238 27%
c { 11.43  7 12 28 83 14907 1 506667 8343 2.1 18 9 1 5 85%  72 2766 238 27%
c - 11.47  7 12 28 84 14907 1 509487 4342 2.1 18 8 1 5 85%  59 2766 238 27%
c i 11.48  7 12 28 84 14907 1 510095 4619 2.1 18 8 1 5 85%  68 2766 236 27%
c - 11.64  7 12 28 85 14915 1 518653 7860 2.1 17 8 1 5 85%  60 2766 236 27%
c i 11.82  7 12 28 85 14941 1 527752 15063 2.1 17 8 1 5 85%  70 2766 235 27%
c - 11.83  7 12 28 86 14941 1 527874 10364 2.1 17 8 1 5 85%  56 2766 235 27%
c i 11.87  7 12 28 86 14941 1 529464 11496 2.1 17 8 1 5 85%  64 2766 234 27%
c i 11.90  7 12 28 86 14941 1 530372 12109 2.1 17 8 1 5 85%  75 2765 233 27%
c i 11.91  7 12 28 86 14941 1 530772 12294 2.1 17 8 1 5 85%  83 2765 232 27%
c i 11.92  7 12 28 86 14941 1 531082 12500 2.1 17 8 1 5 85%  90 2764 231 26%
c i 11.93  7 12 28 86 14941 1 531203 12543 2.1 17 8 1 5 85% 100 2764 215 25%
c i 11.93  7 12 28 86 14941 1 531232 12556 2.1 17 8 1 5 85% 105 2763 214 25%
c
c seconds   switched     rate          size/glue tier1   binary      remaining
c        MB   reductions   conflicts         size  tier2   irredundant
c         level    restarts       redundant    glue   trail      variables
c
c } 11.93  7 12 28 86 14941 1 531242 12558 2.1 17 8 1 5 85% 108 2763 172 20%
c 0 11.93  7 12 28 86 14941 1 531242 12558 2.1 17 8 1 5 85% 108 2763 172 20%
c
c ---- [ result ] ------------------------------------------------------------
c
s UNSATISFIABLE
c
c ---- [ profiling ] ---------------------------------------------------------
c
c          10.82   90.73 %  search
c           5.76   48.25 %  focused
c           5.07   42.48 %  stable
c           1.09    9.10 %  simplify
c           1.06    8.88 %  probe
c           0.67    5.64 %  vivify
c           0.34    2.89 %  sweep
c           0.09    0.73 %  reduce
c           0.03    0.24 %  eliminate
c           0.02    0.16 %  substitute
c           0.02    0.16 %  preprocess
c           0.02    0.14 %  walking
c           0.02    0.13 %  factor
c           0.01    0.05 %  subsume
c           0.00    0.04 %  congruence
c           0.00    0.01 %  transitive
c           0.00    0.01 %  backbone
c           0.00    0.00 %  lucky
c           0.00    0.00 %  parse
c =============================================
c          11.93  100.00 %  total
c
c ---- [ statistics ] --------------------------------------------------------
c
c conflicts:                           531242            44532.70 per second
c congruent:                               34                4 %  variables
c decisions:                           694536                1.31 per conflict
c eliminated:                             613               70 %  variables
c factored:                                49                6 %  variables
c iterations:                              12                1 %  variables
c propagations:                      63291639          5305581    per second
c reductions:                              86             6177    interval
c reordered:                               10            53124    interval
c rephased:                                18            29513    interval
c restarts:                             14941               36    interval
c strengthened:                           784                0 %  checks
c substituted:                             62                7 %  variables
c subsumed:                               502                0 %  checks
c switched:                                28            18973    interval
c vivified:                             41708               40 %  checks
c walks:                                    6            88540    interval
c
c ---- [ glue usage ] --------------------------------------------------------
c
c focused glue 1 used 1856801 clauses 59.01% accumulated 59.01% tier1
c focused glue 2 used  607778 clauses 19.31% accumulated 78.32%
c focused glue 3 used  231600 clauses  7.36% accumulated 85.68%
c focused glue 4 used  118405 clauses  3.76% accumulated 89.44%
c focused glue 5 used   74586 clauses  2.37% accumulated 91.81% tier2
c
c stable glue 1   used 1919880 clauses 53.77% accumulated 53.77% tier1
c stable glue 2   used  735705 clauses 20.61% accumulated 74.38%
c stable glue 3-4 used  425967 clauses 11.93% accumulated 86.31%
c stable glue 5   used   93529 clauses  2.62% accumulated 88.93%
c stable glue 6   used   71514 clauses  2.00% accumulated 90.94% tier2
c
c ---- [ resources ] ---------------------------------------------------------
c
c maximum-resident-set-size:        423305216 bytes        404 MB
c process-time:                            12s              11.93 seconds
c
c ---- [ shutting down ] -----------------------------------------------------
c
c exit 20
