c ---- [ banner ] ------------------------------------------------------------
c
c Kissat SAT Solver
c 
c Copyright (c) 2021-2024 Armin Biere University of Freiburg
c Copyright (c) 2019-2021 Armin Biere Johannes Kepler University Linz
c 
c Version 4.0.4 8af8e56f174b778aef3aa45af9f739b2a5f492c2
c gcc (GCC) 15.2.1 20260123 (Red Hat 15.2.1-7) -W -Wall -O3 -DNDEBUG
c Thu Apr 23 06:47:51 PM IST 2026 Linux krishnendu-LN 6.19.12-200.fc43.x86_64 x86_64
c
c ---- [ parsing ] -----------------------------------------------------------
c
c opened and reading DIMACS file:
c
c   /home/krishnendu/Research/fv-invariant-mining/data/circuits/cnf/miter_mult_8bit.cnf
c
c parsed 'p cnf 679 2553' header
c closing input after reading 37235 bytes (36 KB)
c finished parsing after 0.00 seconds
c
c ---- [ options ] -----------------------------------------------------------
c
c --decay=40                       (different from default '50')
c --eliminateeffort=1600           (different from default '100')
c --stable=2                       (different from default '1')
c
c ---- [ solving ] -----------------------------------------------------------
c
c seconds switched rate     size/glue tier1 binary      remaining
c        MB reductions conflicts size  tier2  irredundant
c         level restarts redundant glue  trail      variables
c
c *  0.00  3 0 0 0  0 0   0   0 0.0 0 0 0 0 0% 887 1664 676 100%
c (  0.00  3 0 0 0  0 0   0   0 0.0 0 0 0 0 0% 887 1664 676 100%
c .  0.00  3 0 0 0  0 0   0   0 0.0 0 0 0 0 0% 883 1664 676 100%
c c  0.00  3 0 0 0  0 0   0   0 0.0 0 0 0 0 0% 919 1662 649 96%
c d  0.00  3 0 0 0  0 0   0   0 0.0 0 0 0 0 0% 829 1662 649 96%
c =  0.02  3 0 0 0  0 0   0   0 0.0 0 0 0 0 0% 843 1650 641 95%
c d  0.02  3 0 0 0  0 0   0   0 0.0 0 0 0 0 0% 823 1650 641 95%
c f  0.02  3 0 0 0  0 0   0   0 0.0 0 0 0 0 0% 812 1635 662 98%
c )  0.02  3 0 0 0  0 0   0   0 0.0 0 0 0 0 0% 812 1635 662 98%
c [  0.02  3 0 0 0  0 0   0   0 0.0 0 0 2 6 0% 812 1635 662 98%
c -  0.04  4 12 0 1  0 1 1000 843 3.3 23 7 4 9 88% 816 1635 662 98%
c B  0.04  4 12 0 1  0 1 1002 845 3.3 23 7 4 9 88% 816 1635 662 98%
c -  0.06  4 12 0 2  1 1 2000 1535 2.5 20 8 4 10 91% 817 1635 662 98%
c W  0.06  4 12 0 2  1 1 2003 1537 2.5 20 8 4 10 91% 817 1635 662 98%
c -  0.08  4 12 0 3  2 1 3414 1983 2.0 18 9 4 11 91% 817 1635 662 98%
c u  0.09  4 12 0 3  2 1 3667 2091 2.0 18 9 4 11 91% 822 1635 662 98%
c v  0.09  4 12 0 3  2 1 3667 1993 2.0 18 9 4 11 91% 822 1635 662 98%
c w  0.09  4 12 0 3  2 1 3667 1607 2.0 18 9 4 11 91% 822 1635 662 98%
c x  0.10  4 12 0 3  2 1 3667 1606 2.0 18 9 4 11 91% 828 1606 662 98%
c =  0.11  4 12 0 3  2 1 3667 1606 2.0 18 9 4 11 91% 870 1604 641 95%
c
c seconds  switched rate       size/glue tier1    binary      remaining
c        MB reductions conflicts     size  tier2    irredundant
c         level restarts  redundant    glue    trail      variables
c
c d  0.11  4 12 0 3  2 1 3667 1606 2.0 18 9 4 11 91% 808 1604 641 95%
c t  0.11  4 12 0 3  2 1 3667 1606 2.0 18 9 4 11 91% 804 1604 641 95%
c u  0.11  4 12 0 3  2 1 3667 1598 2.0 18 9 4 11 91% 804 1604 641 95%
c v  0.12  4 12 0 3  2 1 3667 1472 2.0 18 9 4 11 91% 804 1604 641 95%
c w  0.12  4 12 0 3  2 1 3667 1458 2.0 18 9 4 11 91% 804 1604 641 95%
c x  0.12  4 12 0 3  2 1 3667 1456 2.0 18 9 4 11 91% 804 1600 641 95%
c I  0.14  4 12 0 3  3 1 4263 1905 2.0 18 9 4 11 90% 804 1600 641 95%
c -  0.16  4 13 0 4  3 1 5146 2056 1.9 18 9 4 11 89% 808 1600 641 95%
c -  0.18  5 12 0 5  5 1 7147 2913 1.9 16 9 4 10 88% 811 1600 641 95%
c B  0.19  5 12 0 5  5 1 8034 3680 1.8 16 9 4 10 87% 812 1600 641 95%
c -  0.22  5 12 0 6  6 1 9383 3721 1.8 16 9 4 10 87% 813 1600 641 95%
c u  0.25  4 12 0 6  6 1 11317 4911 1.7 16 9 4 10 87% 817 1600 641 95%
c v  0.26  4 12 0 6  6 1 11317 4701 1.7 16 9 4 10 87% 817 1600 641 95%
c w  0.26  5 12 0 6  6 1 11317 4675 1.7 16 9 4 10 87% 817 1600 641 95%
c t  0.26  5 12 0 6  6 1 11317 4675 1.7 16 9 4 10 87% 814 1600 641 95%
c o  0.26  5 12 0 6  6 1 11317 4675 1.7 16 9 4 10 87% 814 1600 641 95%
c -  0.27  5 12 0 7  6 1 11836 3791 1.7 16 9 4 10 87% 814 1600 641 95%
c W  0.31  5 12 0 7  8 1 13565 4998 1.8 16 9 4 10 88% 814 1600 641 95%
c -  0.33  5 12 0 8  9 1 14481 4320 1.8 16 9 3 10 88% 814 1600 641 95%
c -  0.38  5 12 0 9 10 1 17310 5003 1.8 16 9 3 10 87% 815 1600 641 95%
c
c seconds  switched rate        size/glue tier1    binary      remaining
c        MB reductions conflicts      size  tier2    irredundant
c         level restarts   redundant    glue    trail      variables
c
c s  0.40  5 12 0 9 11 1 18329 5659 1.8 16 9 3 10 87% 816 1597 641 95%
c e  0.40  5 12 0 9 11 1 18329 5659 1.8 16 9 3 10 87% 261 1897 403 59%
c s  0.40  5 12 0 9 11 1 18329 5659 1.8 16 9 3 10 87% 265 1847 403 59%
c e  0.40  5 12 0 9 11 1 18329 5659 1.8 16 9 3 10 87% 250 1860 395 58%
c ^  0.40  5 12 0 9 11 1 18329 5659 1.8 16 9 3 10 87% 250 1860 395 58%
c -  0.43  5 12 0 10 12 1 20310 2959 1.8 16 9 3 9 87% 250 1860 395 58%
c O  0.44  5 12 0 10 13 1 21094 3537 1.8 16 9 3 9 87% 250 1860 395 58%
c u  0.48  5 12 0 10 13 1 23187 4771 1.8 16 9 3 10 86% 250 1860 395 58%
c v  0.48  5 12 0 10 13 1 23187 4394 1.8 16 9 3 10 86% 250 1860 395 58%
c w  0.49  5 12 0 10 13 1 23187 4015 1.8 16 9 3 10 86% 250 1860 395 58%
c x  0.49  5 12 0 10 13 1 23187 4015 1.8 16 9 3 10 86% 253 1793 395 58%
c =  0.51  5 12 0 10 13 1 23187 4015 1.8 16 9 3 10 86% 253 1789 394 58%
c t  0.51  5 12 0 10 13 1 23187 3992 1.8 16 9 3 10 86% 251 1789 394 58%
c f  0.51  5 12 0 10 13 1 23187 3992 1.8 16 9 3 10 86% 272 1734 409 60%
c u  0.51  5 12 0 10 13 1 23187 3973 1.8 16 9 3 10 86% 272 1734 409 60%
c v  0.52  5 12 0 10 13 1 23187 3832 1.8 16 9 3 10 86% 272 1734 409 60%
c w  0.52  5 12 0 10 13 1 23187 3810 1.8 16 9 3 10 86% 272 1734 409 60%
c x  0.52  5 12 0 10 13 1 23187 3810 1.8 16 9 3 10 86% 273 1726 409 60%
c =  0.55  5 12 0 10 13 1 23187 3810 1.8 16 9 3 10 86% 275 1724 408 60%
c d  0.55  5 12 0 10 13 1 23187 3810 1.8 16 9 3 10 86% 273 1724 408 60%
c
c seconds  switched  rate        size/glue tier1    binary      remaining
c        MB  reductions conflicts      size  tier2    irredundant
c         level  restarts   redundant    glue    trail      variables
c
c o  0.55  5 12 0 10 13 1 23187 3810 1.8 16 9 3 10 86% 273 1724 408 60%
c -  0.56  5 12 0 11 13 1 23473 2925 1.7 16 9 3 9 87% 272 1723 408 60%
c -  0.61  5 12 0 12 14 1 26789 3948 1.8 16 9 3 9 87% 272 1722 408 60%
c -  0.67  5 12 0 13 14 1 30254 4686 1.7 15 9 3 9 87% 272 1722 408 60%
c B  0.68  5 11 0 13 14 1 30856 5069 1.7 15 9 3 9 87% 272 1722 408 60%
c -  0.73  6 11 0 14 15 1 33859 5144 1.7 15 9 3 9 87% 272 1722 408 60%
c e  0.80  6 11 0 14 18 1 37131 6878 1.7 15 9 3 9 87% 215 1820 356 53%
c s  0.80  6 11 0 14 18 1 37131 6878 1.7 15 9 3 9 87% 219 1809 356 53%
c ^  0.80  6 11 0 14 18 1 37131 6878 1.7 15 9 3 9 87% 219 1809 356 53%
c -  0.81  6 11 0 15 18 1 37601 3078 1.7 15 9 3 9 87% 219 1809 356 53%
c u  0.84  5 11 0 15 20 1 40082 4410 1.7 14 8 3 9 87% 219 1809 356 53%
c v  0.85  5 11 0 15 20 1 40082 3220 1.7 14 8 3 9 87% 219 1809 356 53%
c w  0.86  5 11 0 15 20 1 40082 2286 1.7 14 8 3 9 87% 219 1809 356 53%
c t  0.89  5 11 0 15 20 1 40082 2286 1.7 14 8 3 9 87% 218 1809 356 53%
c f  0.89  5 11 0 15 20 1 40082 2286 1.7 14 8 3 9 87% 221 1800 358 53%
c u  0.89  5 11 0 15 20 1 40082 2234 1.7 14 8 3 9 87% 221 1800 358 53%
c v  0.90  5 11 0 15 20 1 40082 1915 1.7 14 8 3 9 87% 221 1800 358 53%
c w  0.91  5 11 0 15 20 1 40082 1579 1.7 14 8 3 9 87% 221 1800 358 53%
c x  0.91  5 11 0 15 20 1 40082 1577 1.7 14 8 3 9 87% 226 1774 358 53%
c t  0.91  5 11 0 15 20 1 40082 1577 1.7 14 8 3 9 87% 225 1774 358 53%
c
c seconds  switched  rate        size/glue tier1   binary      remaining
c        MB  reductions conflicts      size  tier2   irredundant
c         level  restarts   redundant    glue   trail      variables
c
c f  0.91  5 11 0 15 20 1 40082 1577 1.7 14 8 3 9 87% 226 1770 359 53%
c -  0.94  5 11 0 16 21 1 41474 2015 1.7 14 8 3 9 87% 226 1770 359 53%
c W  0.97  5 11 0 16 21 1 43079 2685 1.7 14 8 3 9 87% 226 1770 359 53%
c -  1.00  5 11 0 17 22 1 45476 3819 1.7 14 8 3 9 87% 226 1770 359 53%
c -  1.08  5 11 0 18 25 1 49601 4740 1.7 14 8 3 8 87% 226 1770 359 53%
c -  1.14  5 11 0 19 28 1 53844 5386 1.7 14 8 3 8 86% 226 1770 359 53%
c I  1.23  5 11 0 19 29 1 57983 7508 1.7 14 8 3 8 87% 226 1770 359 53%
c o  1.23  5 11 0 19 29 1 57983 7508 1.7 14 8 3 8 87% 226 1770 359 53%
c -  1.23  5 11 0 20 29 1 58202 5816 1.7 14 8 3 8 87% 226 1770 359 53%
c u  1.30  5 11 0 20 29 1 61839 7848 1.7 14 8 3 8 87% 226 1770 359 53%
c v  1.31  5 11 0 20 29 1 61839 6510 1.7 14 8 3 8 87% 226 1770 359 53%
c w  1.32  5 11 0 20 29 1 61839 4791 1.7 14 8 3 8 87% 226 1770 359 53%
c x  1.32  5 11 0 20 29 1 61839 4790 1.7 14 8 3 8 87% 228 1766 359 53%
c -  1.37  6 11 0 21 29 1 62675 4043 1.7 14 8 3 8 87% 228 1766 359 53%
c -  1.44  6 11 0 22 30 1 67257 5425 1.7 14 8 3 8 87% 228 1766 359 53%
c -  1.52  6 11 0 23 30 1 71949 6441 1.7 14 8 3 8 87% 228 1766 359 53%
c B  1.58  6 10 0 23 30 1 75785 8475 1.7 14 8 3 8 86% 229 1766 359 53%
c -  1.60  6 10 0 24 30 1 76746 6890 1.7 14 8 3 8 86% 229 1766 359 53%
c s  1.63  6 10 0 24 30 1 78176 7611 1.7 14 8 3 8 86% 229 1765 359 53%
c e  1.63  6 10 0 24 30 1 78176 7611 1.7 14 8 3 8 86% 173 1872 329 49%
c
c seconds  switched  rate        size/glue tier1   binary      remaining
c        MB  reductions conflicts      size  tier2   irredundant
c         level  restarts   redundant    glue   trail      variables
c
c s  1.63  6 10 0 24 30 1 78176 7611 1.7 14 8 3 8 86% 173 1854 329 49%
c e  1.63  6 10 0 24 30 1 78176 7611 1.7 14 8 3 8 86% 172 1857 328 48%
c ^  1.63  6 10 0 24 30 1 78176 7611 1.7 14 8 3 8 86% 172 1857 328 48%
c -  1.68  6 10 0 25 30 1 81645 5889 1.7 14 8 3 8 86% 172 1857 328 48%
c -  1.76  6 10 0 26 34 1 86645 6404 1.7 14 8 3 8 86% 172 1857 328 48%
c u  1.80  7 10 0 26 36 1 88614 6764 1.7 13 8 3 8 86% 180 1857 328 48%
c v  1.81  6 10 0 26 36 1 88614 4432 1.7 13 8 3 8 86% 188 1857 328 48%
c w  1.82  6 10 0 26 36 1 88614 2906 1.7 13 8 3 8 86% 191 1857 328 48%
c t  1.82  6 10 0 26 36 1 88614 2906 1.7 13 8 3 8 86% 181 1857 328 48%
c o  1.82  6 10 0 26 36 1 88614 2906 1.7 13 8 3 8 86% 181 1857 328 48%
c -  1.86  6 10 0 27 37 1 91745 3794 1.6 13 8 3 8 86% 182 1857 328 48%
c i  1.88  6 10 0 27 37 1 92617 4126 1.6 13 8 3 8 86% 193 1857 327 48%
c W  1.95  6 10 0 27 40 1 96697 6483 1.7 13 8 3 8 86% 171 1793 327 48%
c -  1.95  6 10 0 28 40 1 96941 3889 1.7 13 8 2 8 86% 174 1793 327 48%
c -  2.05  6 10 0 29 43 1 102234 5983 1.6 13 8 2 8 86% 175 1793 327 48%
c i  2.12  6 10 0 29 44 1 106053 7385 1.6 13 8 2 8 86% 184 1793 306 45%
c -  2.14  5 10 0 30 45 1 107620 2591 1.6 13 8 2 8 86% 300 1370 306 45%
c i  2.15  5 10 0 30 45 1 108136 2875 1.6 13 8 2 8 86% 309 1369 305 45%
c i  2.15  5 10 0 30 45 1 108289 2936 1.6 13 8 2 8 86% 315 1369 304 45%
c i  2.16  5 10 0 30 45 1 108570 3004 1.6 13 8 2 8 86% 324 1369 290 43%
c
c seconds  switched  rate         size/glue tier1   binary      remaining
c        MB  reductions conflicts       size  tier2   irredundant
c         level  restarts    redundant    glue   trail      variables
c
c i  2.16  5 10 0 30 45 1 108649 3021 1.6 13 8 2 8 86% 330 1369 287 42%
c i  2.16  5 10 0 30 45 1 108689 3028 1.6 13 8 2 8 86% 335 1369 277 41%
c i  2.16  5 10 0 30 45 1 108718 3034 1.6 13 8 2 8 86% 341 1369 275 41%
c i  2.16  5 10 0 30 45 1 108735 3036 1.6 13 8 2 8 86% 345 1369 268 40%
c i  2.16  5 10 0 30 45 1 108741 3037 1.6 13 8 2 8 86% 347 1369 165 24%
c ]  2.16  5 10 0 30 45 1 108743 3037 1.6 13 8 2 8 86% 347 1369  0 0%
c 0  2.16  5 0 0 30 45 0 108743 3037 0.0 0 0 2 6 0% 347 1369  0 0%
c
c ---- [ result ] ------------------------------------------------------------
c
s UNSATISFIABLE
c
c ---- [ profiling ] ---------------------------------------------------------
c
c           1.83   84.50 %  search
c           1.83   84.50 %  stable
c           0.32   14.86 %  probe
c           0.31   14.53 %  simplify
c           0.17    7.83 %  sweep
c           0.14    6.37 %  vivify
c           0.02    0.94 %  preprocess
c           0.02    0.88 %  reduce
c           0.01    0.35 %  eliminate
c           0.01    0.28 %  substitute
c           0.01    0.25 %  walking
c           0.00    0.21 %  factor
c           0.00    0.11 %  congruence
c           0.00    0.06 %  subsume
c           0.00    0.04 %  transitive
c           0.00    0.02 %  backbone
c           0.00    0.02 %  lucky
c           0.00    0.02 %  parse
c =============================================
c           2.16  100.00 %  total
c
c ---- [ statistics ] --------------------------------------------------------
c
c conflicts:                           108743            50281.55 per second
c congruent:                               27                4 %  variables
c decisions:                           118193                1.09 per conflict
c eliminated:                             329               49 %  variables
c factored:                                39                6 %  variables
c iterations:                              11                2 %  variables
c propagations:                      14731821          6811829    per second
c reductions:                              30             3625    interval
c reordered:                                4            27186    interval
c rephased:                                11             9886    interval
c restarts:                                45             2417    interval
c strengthened:                           146                0 %  checks
c substituted:                             56                8 %  variables
c subsumed:                                75                0 %  checks
c switched:                                 0                0    interval
c vivified:                             17744               57 %  checks
c walks:                                    4            27186    interval
c
c ---- [ glue usage ] --------------------------------------------------------
c
c stable glue 2   used 163123 clauses 21.56% accumulated 53.14% tier1
c stable glue 3   used 109004 clauses 14.41% accumulated 67.54%
c stable glue 4-6 used 140286 clauses 18.54% accumulated 86.09%
c stable glue 7   used  29419 clauses  3.89% accumulated 89.97%
c stable glue 8   used  24862 clauses  3.29% accumulated 93.26% tier2
c
c ---- [ resources ] ---------------------------------------------------------
c
c maximum-resident-set-size:        419086336 bytes        400 MB
c process-time:                             2s               2.16 seconds
c
c ---- [ shutting down ] -----------------------------------------------------
c
c exit 20
