c ---- [ banner ] ------------------------------------------------------------
c
c Kissat SAT Solver
c 
c Copyright (c) 2021-2024 Armin Biere University of Freiburg
c Copyright (c) 2019-2021 Armin Biere Johannes Kepler University Linz
c 
c Version 4.0.4 8af8e56f174b778aef3aa45af9f739b2a5f492c2
c gcc (GCC) 15.2.1 20260123 (Red Hat 15.2.1-7) -W -Wall -O3 -DNDEBUG
c Thu Apr 23 06:47:51 PM IST 2026 Linux krishnendu-LN 6.19.12-200.fc43.x86_64 x86_64
c
c ---- [ parsing ] -----------------------------------------------------------
c
c opened and reading DIMACS file:
c
c   /home/krishnendu/Research/fv-invariant-mining/data/circuits/cnf/miter_mult_10bit.cnf
c
c parsed 'p cnf 1113 4205' header
c closing input after reading 64864 bytes (63 KB)
c finished parsing after 0.00 seconds
c
c ---- [ options ] -----------------------------------------------------------
c
c --decay=200                      (different from default '50')
c --eliminateeffort=400            (different from default '100')
c
c ---- [ solving ] -----------------------------------------------------------
c
c seconds switched rate     size/glue tier1  binary       remaining
c        MB reductions conflicts size  tier2   irredundant
c         level restarts redundant glue  trail       variables
c
c *  0.00  3 0 0 0  0 0   0   0 0.0 0 0 0 0 0% 1458 2745 1110 100%
c (  0.00  3 0 0 0  0 0   0   0 0.0 0 0 0 0 0% 1458 2745 1110 100%
c .  0.00  3 0 0 0  0 0   0   0 0.0 0 0 0 0 0% 1454 2745 1110 100%
c c  0.00  3 0 0 0  0 0   0   0 0.0 0 0 0 0 0% 1518 2743 1067 96%
c d  0.00  3 0 0 0  0 0   0   0 0.0 0 0 0 0 0% 1368 2743 1067 96%
c =  0.02  3 0 0 0  0 0   0   0 0.0 0 0 0 0 0% 1372 2736 1064 96%
c d  0.02  3 0 0 0  0 0   0   0 0.0 0 0 0 0 0% 1367 2736 1064 96%
c f  0.02  4 0 0 0  0 0   0   0 0.0 0 0 0 0 0% 1339 2718 1086 98%
c )  0.02  4 0 0 0  0 0   0   0 0.0 0 0 0 0 0% 1339 2718 1086 98%
c {  0.02  4 0 0 0  0 0   0   0 0.0 0 0 2 6 0% 1339 2718 1086 98%
c -  0.04  4 19 0 1 92 2 1001 588 2.7 28 10 4 14 83% 1345 2718 1086 98%
c }  0.05  4 19 1 1 92 2 1001 588 2.7 28 10 4 14 83% 1345 2718 1086 98%
c [  0.05  4 0 1 1 92 0 1001 588 0.0 0 0 2 6 0% 1345 2718 1086 98%
c B  0.05  4 0 1 1 92 0 1001 588 0.0 0 0 2 6 0% 1345 2718 1086 98%
c -  0.07  4 55 1 2 92 1 2001 1392 2.6 26 10 3 12 82% 1348 2718 1086 98%
c W  0.07  4 55 1 2 92 1 2003 1394 2.6 26 10 3 12 82% 1348 2718 1086 98%
c ]  0.07  4 53 2 2 93 1 2079 1460 2.5 26 10 3 12 83% 1348 2718 1086 98%
c {  0.07  4 19 2 2 93 2 2079 1460 2.7 28 10 4 14 83% 1348 2718 1086 98%
c }  0.10  4 17 3 2 116 2 3081 2362 2.9 30 10 2 11 84% 1353 2718 1086 98%
c [  0.10  4 53 3 2 116 1 3081 2362 2.5 26 10 3 12 83% 1353 2718 1086 98%
c
c seconds  switched  rate       size/glue  tier1     binary       remaining
c        MB reductions conflicts      size   tier2     irredundant
c         level restarts   redundant     glue    trail       variables
c
c u  0.11  4 44 3 2 116 1 3371 2503 2.7 27 10 3 12 81% 1355 2718 1086 98%
c v  0.12  5 44 3 2 116 1 3371 2390 2.7 27 10 3 12 81% 1355 2718 1086 98%
c w  0.12  5 44 3 2 116 1 3371 2378 2.7 27 10 3 12 81% 1355 2718 1086 98%
c x  0.12  5 44 3 2 116 1 3371 2378 2.7 27 10 3 12 81% 1369 2675 1086 98%
c =  0.14  5 44 3 2 116 1 3371 2378 2.7 27 10 3 12 81% 1399 2668 1071 96%
c d  0.14  5 44 3 2 116 1 3371 2378 2.7 27 10 3 12 81% 1354 2668 1071 96%
c t  0.14  5 44 3 2 116 1 3371 2378 2.7 27 10 3 12 81% 1345 2668 1071 96%
c f  0.14  5 44 3 2 116 1 3371 2378 2.7 27 10 3 12 81% 1341 2668 1075 97%
c u  0.14  5 44 3 2 116 1 3371 2358 2.7 27 10 3 12 81% 1341 2668 1075 97%
c v  0.14  5 44 3 2 116 1 3371 2311 2.7 27 10 3 12 81% 1341 2668 1075 97%
c w  0.15  5 44 3 2 116 1 3371 2302 2.7 27 10 3 12 81% 1341 2668 1075 97%
c =  0.16  5 44 3 2 116 1 3371 2302 2.7 27 10 3 12 81% 1345 2668 1073 96%
c d  0.16  5 44 3 2 116 1 3371 2302 2.7 27 10 3 12 81% 1339 2668 1073 96%
c -  0.17  5 44 3 3 116 1 3415 1797 2.8 27 10 3 11 82% 1339 2668 1073 96%
c I  0.19  5 36 3 3 117 1 4263 2597 2.7 29 11 3 12 85% 1342 2668 1073 96%
c ]  0.19  5 35 4 3 117 1 4400 2710 2.7 29 11 3 12 85% 1342 2668 1073 96%
c {  0.19  5 17 4 3 117 2 4400 2710 2.9 30 10 2 11 84% 1342 2668 1073 96%
c -  0.20  5 18 4 4 168 2 5148 2659 2.8 29 10 2 11 83% 1351 2668 1073 96%
c }  0.24  5 17 5 4 203 2 6753 4183 2.9 26 9 2 10 74% 1373 2668 1073 96%
c [  0.24  5 35 5 4 203 1 6753 4183 2.7 29 11 3 12 85% 1373 2668 1073 96%
c
c seconds  switched  rate       size/glue  tier1     binary       remaining
c        MB reductions conflicts      size   tier2     irredundant
c         level restarts   redundant     glue    trail       variables
c
c -  0.24  5 32 5 5 203 1 7148 3640 2.7 27 10 3 11 80% 1375 2668 1073 96%
c B  0.26  5 26 5 5 204 1 8034 4492 2.8 25 9 3 11 73% 1377 2668 1073 96%
c ]  0.28  5 26 6 5 205 1 9377 5724 2.5 24 10 3 11 77% 1378 2668 1073 96%
c {  0.28  5 17 6 5 205 2 9377 5724 2.9 26 9 2 10 74% 1378 2668 1073 96%
c -  0.28  5 17 6 6 205 2 9384 4601 2.8 26 9 2 10 74% 1378 2668 1073 96%
c o  0.30  5 18 6 6 323 2 10009 5142 2.7 25 9 2 10 75% 1382 2668 1073 96%
c c  0.30  5 18 6 6 405 2 10397 5494 2.6 25 9 2 10 75% 1391 2668 1071 96%
c d  0.30  5 18 6 6 405 2 10397 5494 2.6 25 9 2 10 75% 1387 2668 1071 96%
c u  0.31  5 18 6 6 405 2 10397 5259 2.6 25 9 2 10 75% 1387 2668 1071 96%
c v  0.31  5 18 6 6 405 2 10397 5222 2.6 25 9 2 10 75% 1387 2668 1071 96%
c w  0.31  5 18 6 6 405 2 10397 5210 2.6 25 9 2 10 75% 1387 2668 1071 96%
c =  0.32  5 18 6 6 405 2 10397 5210 2.6 25 9 2 10 75% 1395 2664 1067 96%
c d  0.32  5 18 6 6 405 2 10397 5192 2.6 25 9 2 10 75% 1384 2664 1067 96%
c t  0.32  5 18 6 6 405 2 10397 5192 2.6 25 9 2 10 75% 1379 2664 1067 96%
c u  0.33  5 18 6 6 405 2 10397 5160 2.6 25 9 2 10 75% 1379 2664 1067 96%
c v  0.33  5 18 6 6 405 2 10397 5150 2.6 25 9 2 10 75% 1379 2664 1067 96%
c w  0.33  5 18 6 6 405 2 10397 5146 2.6 25 9 2 10 75% 1379 2664 1067 96%
c x  0.33  5 18 6 6 405 2 10397 5146 2.6 25 9 2 10 75% 1379 2635 1067 96%
c i  0.37  5 17 6 6 522 2 11452 5929 2.5 23 9 2 10 73% 1384 2635 1066 96%
c -  0.37  5 18 6 7 594 2 11833 4477 2.4 23 9 2 11 74% 1382 2635 1066 96%
c
c seconds  switched  rate        size/glue tier1     binary       remaining
c        MB reductions conflicts       size  tier2     irredundant
c         level restarts    redundant    glue    trail       variables
c
c }  0.40  5 17 7 7 775 2 13447 5835 2.3 21 9 2 11 75% 1389 2635 1066 96%
c [  0.40  5 26 7 7 775 1 13447 5835 2.5 24 10 3 11 77% 1389 2635 1066 96%
c W  0.41  5 25 7 7 775 1 13565 5946 2.5 24 10 3 11 77% 1389 2631 1066 96%
c -  0.42  5 24 7 8 776 1 14479 4967 2.3 23 10 2 11 78% 1391 2631 1066 96%
c ]  0.47  5 23 8 8 777 1 16519 6799 2.1 23 11 2 11 80% 1394 2631 1066 96%
c {  0.47  5 17 8 8 777 2 16519 6799 2.3 21 9 2 11 75% 1394 2631 1066 96%
c s  0.48  5 17 8 8 815 2 16853 7092 2.3 21 9 2 11 74% 1402 2629 1066 96%
c e  0.48  5 17 8 8 815 2 16853 7092 2.3 21 9 2 11 74% 430 3188 657 59%
c 2  0.48  5 17 8 8 815 2 16853 7092 2.3 21 9 2 11 74% 422 3188 657 59%
c s  0.48  5 17 8 8 815 2 16853 7092 2.3 21 9 2 11 74% 425 3106 657 59%
c e  0.48  5 17 8 8 815 2 16853 7092 2.3 21 9 2 11 74% 401 3129 646 58%
c ^  0.48  5 17 8 8 815 2 16853 7092 2.3 21 9 2 11 74% 401 3129 646 58%
c -  0.50  5 17 8 9 982 2 17309 2083 2.2 21 10 2 10 74% 403 3129 646 58%
c o  0.56  5 17 8 9 1140 2 20195 4562 2.4 23 10 2 10 77% 406 3129 646 58%
c -  0.56  5 17 8 10 1142 2 20310 3756 2.4 23 10 2 10 77% 406 3129 646 58%
c u  0.59  5 17 8 10 1142 2 21302 4392 2.5 23 9 2 10 78% 406 3129 646 58%
c v  0.60  6 17 8 10 1142 2 21302 4168 2.5 23 9 2 10 78% 406 3129 646 58%
c w  0.60  6 17 8 10 1142 2 21302 4141 2.5 23 9 2 10 78% 406 3129 646 58%
c x  0.60  5 17 8 10 1142 2 21302 4140 2.5 23 9 2 10 78% 408 3024 646 58%
c t  0.60  5 17 8 10 1142 2 21302 4140 2.5 23 9 2 10 78% 398 3024 646 58%
c
c seconds  switched    rate        size/glue tier1    binary      remaining
c        MB  reductions  conflicts       size  tier2    irredundant
c         level   restarts    redundant    glue    trail      variables
c
c f  0.60  5 17 8 10 1142 2 21302 4140 2.5 23 9 2 10 78% 437 2941 666 60%
c u  0.61  5 17 8 10 1142 2 21302 4104 2.5 23 9 2 10 78% 437 2941 666 60%
c v  0.61  5 17 8 10 1142 2 21302 3955 2.5 23 9 2 10 78% 437 2941 666 60%
c w  0.62  5 17 8 10 1142 2 21302 3934 2.5 23 9 2 10 78% 437 2941 666 60%
c x  0.62  5 17 8 10 1142 2 21302 3934 2.5 23 9 2 10 78% 439 2909 666 60%
c f  0.65  5 17 8 10 1142 2 21302 3934 2.5 23 9 2 10 78% 443 2903 667 60%
c }  0.68  5 18 9 10 1309 2 22680 5225 2.5 24 9 2 10 78% 447 2903 667 60%
c [  0.68  5 23 9 10 1309 1 22680 5225 2.1 23 11 2 11 80% 447 2903 667 60%
c O  0.68  5 23 9 10 1309 1 22680 5225 2.1 23 11 2 11 80% 447 2903 667 60%
c -  0.69  6 22 9 11 1309 1 23472 4896 2.1 23 11 2 11 78% 447 2903 667 60%
c -  0.78  6 20 9 12 1311 1 26789 5334 2.1 23 11 2 10 79% 447 2903 667 60%
c ]  0.81  6 20 10 12 1313 1 28287 6558 2.1 23 11 2 10 79% 447 2903 667 60%
c {  0.81  6 18 10 12 1313 2 28287 6558 2.5 24 9 2 10 78% 447 2903 667 60%
c -  0.86  7 18 10 13 1422 2 30253 6096 2.6 25 9 2 9 79% 449 2903 667 60%
c -  0.95  7 17 10 14 1455 2 33858 7828 2.9 26 9 2 8 81% 451 2903 667 60%
c s  0.96  7 17 10 14 1513 2 34090 8017 2.9 26 9 2 8 81% 451 2902 667 60%
c e  0.96  7 17 10 14 1513 2 34090 8017 2.9 26 9 2 8 81% 360 3060 585 53%
c 2  0.96  7 17 10 14 1513 2 34090 8017 2.9 26 9 2 8 81% 359 3060 585 53%
c s  0.96  7 17 10 14 1513 2 34090 8017 2.9 26 9 2 8 81% 359 3045 585 53%
c e  0.96  7 17 10 14 1513 2 34090 8017 2.9 26 9 2 8 81% 353 3051 583 52%
c
c seconds   switched    rate        size/glue tier1   binary      remaining
c        MB   reductions  conflicts       size  tier2   irredundant
c         level    restarts    redundant    glue   trail      variables
c
c ^  0.96  7 17 10 14 1513 2 34090 8017 2.9 26 9 2 8 81% 353 3051 583 52%
c u  1.03  7 17 10 14 1881 2 36781 5933 2.8 26 9 2 8 81% 355 3051 583 52%
c v  1.04  7 17 10 14 1881 2 36781 5801 2.8 26 9 2 8 81% 355 3051 583 52%
c w  1.05  7 17 10 14 1881 2 36781 5772 2.8 26 9 2 8 81% 355 3051 583 52%
c x  1.05  7 17 10 14 1881 2 36781 5768 2.8 26 9 2 8 81% 357 3016 583 52%
c t  1.05  7 17 10 14 1881 2 36781 5768 2.8 26 9 2 8 81% 350 3016 583 52%
c f  1.05  7 17 10 14 1881 2 36781 5768 2.8 26 9 2 8 81% 349 3014 584 53%
c u  1.06  7 17 10 14 1881 2 36781 5718 2.8 26 9 2 8 81% 349 3014 584 53%
c v  1.07  8 17 10 14 1881 2 36781 5445 2.8 26 9 2 8 81% 349 3014 584 53%
c w  1.07  8 17 10 14 1881 2 36781 5438 2.8 26 9 2 8 81% 349 3014 584 53%
c x  1.08  7 17 10 14 1881 2 36781 5438 2.8 26 9 2 8 81% 350 3005 584 53%
c t  1.08  7 17 10 14 1881 2 36781 5438 2.8 26 9 2 8 81% 349 3005 584 53%
c }  1.08  7 17 11 14 1910 2 36914 5514 2.8 26 9 2 8 81% 349 3005 584 53%
c [  1.08  7 20 11 14 1910 1 36914 5514 2.1 23 11 2 10 79% 349 3005 584 53%
c B  1.08  7 20 11 14 1910 1 36914 5514 2.1 23 11 2 10 79% 349 3005 584 53%
c -  1.09  6 20 11 15 1910 1 37600 4611 2.1 23 11 2 10 79% 350 3005 584 53%
c -  1.15  7 19 11 16 1913 1 41473 5818 2.0 23 11 2 11 80% 350 3005 584 53%
c -  1.24  7 18 11 17 1916 1 45474 5827 1.9 22 11 2 11 82% 350 3005 584 53%
c ]  1.31  7 18 12 17 1916 1 48983 8416 1.9 22 12 2 11 83% 350 3005 584 53%
c {  1.31  7 17 12 17 1916 2 48983 8416 2.8 26 9 2 8 81% 350 3005 584 53%
c
c seconds   switched    rate        size/glue tier1   binary      remaining
c        MB   reductions  conflicts       size  tier2   irredundant
c         level    restarts    redundant    glue   trail      variables
c
c o  1.31  7 17 12 17 1925 2 49019 8441 2.8 26 9 2 8 81% 350 3005 584 53%
c -  1.33  7 17 12 18 2057 2 49597 6029 2.8 26 9 2 8 81% 353 3005 584 53%
c -  1.45  7 17 12 19 2349 2 53839 8012 2.8 26 9 2 7 81% 353 3005 584 53%
c u  1.53  6 17 12 19 2582 2 56703 10212 2.7 26 9 2 7 81% 354 3005 584 53%
c v  1.55  7 17 12 19 2582 2 56703 10079 2.7 26 9 2 7 81% 354 3005 584 53%
c w  1.56  7 17 12 19 2582 2 56703 10031 2.7 26 9 2 7 81% 354 3005 584 53%
c -  1.64  7 17 12 20 2764 2 58197 9211 2.7 25 9 2 7 80% 357 3005 584 53%
c }  1.71  7 17 13 20 3103 2 60462 11363 2.7 26 10 2 7 80% 358 3005 584 53%
c [  1.71  7 18 13 20 3103 1 60462 11363 1.9 22 12 2 11 83% 358 3005 584 53%
c W  1.71  6 18 13 20 3103 1 60462 11363 1.9 22 12 2 11 83% 358 3005 584 53%
c -  1.76  7 18 13 21 3105 1 62670 9544 1.9 22 12 2 11 84% 358 3005 584 53%
c -  1.86  7 17 13 22 3108 1 67253 8552 1.9 22 12 2 10 84% 358 3005 584 53%
c e  1.96  7 17 13 22 3109 1 71685 12134 1.9 22 12 2 10 85% 277 3162 540 49%
c s  1.96  7 17 13 22 3109 1 71685 12134 1.9 22 12 2 10 85% 278 3146 540 49%
c e  1.96  7 17 13 22 3109 1 71685 12134 1.9 22 12 2 10 85% 276 3149 539 48%
c ^  1.96  7 17 13 22 3109 1 71685 12134 1.9 22 12 2 10 85% 276 3149 539 48%
c -  1.97  6 17 13 23 3109 1 71944 5835 1.9 22 12 2 10 85% 276 3149 539 48%
c I  2.02  7 17 13 23 3112 1 75366 8544 1.8 22 12 2 10 86% 276 3149 539 48%
c -  2.04  7 17 13 24 3112 1 76741 6395 1.8 22 12 2 10 86% 276 3149 539 48%
c ]  2.05  7 17 14 24 3113 1 77197 6728 1.8 21 12 2 10 86% 276 3149 539 48%
c
c seconds   switched    rate        size/glue  tier1   binary      remaining
c        MB   reductions  conflicts       size   tier2   irredundant
c         level    restarts    redundant     glue   trail      variables
c
c {  2.05  7 17 14 24 3113 2 77197 6728 2.7 26 10 2 7 80% 276 3149 539 48%
c u  2.16  7 17 14 24 3330 2 81208 10067 2.7 26 10 2 7 81% 278 3149 539 48%
c v  2.18  7 17 14 24 3330 2 81208 9970 2.7 26 10 2 7 81% 278 3149 539 48%
c w  2.18  8 17 14 24 3330 2 81208 9928 2.7 26 10 2 7 81% 278 3149 539 48%
c x  2.19  7 17 14 24 3330 2 81208 9925 2.7 26 10 2 7 81% 279 3122 539 48%
c t  2.19  7 17 14 24 3330 2 81208 9925 2.7 26 10 2 7 81% 277 3122 539 48%
c o  2.19  7 17 14 24 3330 2 81208 9925 2.7 26 10 2 7 81% 277 3122 539 48%
c -  2.20  7 17 14 25 3334 2 81639 8232 2.7 26 10 1 6 80% 277 3122 539 48%
c -  2.36  7 18 14 26 4260 2 86640 9952 2.6 26 10 1 6 81% 277 3122 539 48%
c -  2.52  8 17 14 27 4390 2 91740 11273 2.7 26 10 1 6 81% 277 3122 539 48%
c }  2.53  8 17 15 27 4390 2 91912 11444 2.7 26 10 1 6 82% 277 3122 539 48%
c [  2.53  8 17 15 27 4390 1 91912 11444 1.8 21 12 2 10 86% 277 3122 539 48%
c B  2.57  7 17 15 27 4391 1 93168 12637 1.9 22 12 2 10 86% 277 3122 539 48%
c -  2.65  8 17 15 28 4393 1 96936 11797 1.8 22 12 2 10 86% 277 3122 539 48%
c -  2.77  8 17 15 29 4396 1 102227 9616 1.8 22 12 2 10 86% 277 3122 539 48%
c -  2.89  8 16 15 30 4399 1 107613 8486 1.8 22 12 2 10 86% 277 3122 539 48%
c u  2.97  8 16 15 30 4402 1 110418 10268 1.8 22 12 2 10 86% 277 3122 539 48%
c v  2.98  8 16 15 30 4402 1 110418 9707 1.8 22 12 2 10 86% 277 3122 539 48%
c w  2.99  8 16 15 30 4402 1 110418 8805 1.8 22 12 2 10 86% 277 3122 539 48%
c x  3.00  8 16 15 30 4402 1 110418 8805 1.8 22 12 2 10 86% 277 3116 539 48%
c
c seconds   switched    rate         size/glue  tier1    binary      remaining
c        MB   reductions  conflicts        size   tier2    irredundant
c         level    restarts     redundant     glue    trail      variables
c
c ]  3.02  7 16 16 30 4402 1 111262 9485 1.8 22 12 2 10 86% 277 3116 539 48%
c {  3.02  7 17 16 30 4402 2 111262 9485 2.7 26 10 1 6 82% 277 3116 539 48%
c -  3.08  8 17 16 31 4553 2 113090 8387 2.7 26 10 1 5 81% 277 3116 539 48%
c -  3.25  8 17 16 32 4982 2 118658 10614 2.6 26 10 1 5 81% 278 3116 539 48%
c -  3.41  8 16 16 33 4982 2 124315 13119 2.6 25 10 1 5 81% 278 3116 539 48%
c o  3.49  8 16 16 33 4986 2 126720 15263 2.7 25 10 1 5 81% 278 3116 539 48%
c }  3.61  8 16 17 33 5729 2 129600 17765 2.6 26 10 1 5 81% 279 3116 539 48%
c [  3.61  8 16 17 33 5729 1 129600 17765 1.8 22 12 2 10 86% 279 3116 539 48%
c W  3.62  7 16 17 33 5729 1 129600 17765 1.8 22 12 2 10 86% 279 3116 539 48%
c -  3.63  7 16 17 34 5729 1 130060 13522 1.8 22 12 2 9 86% 279 3116 539 48%
c e  3.69  7 16 17 34 5731 1 132176 15176 1.8 22 12 2 9 87% 181 3415 479 43%
c s  3.69  7 16 17 34 5731 1 132176 15176 1.8 22 12 2 9 87% 184 3348 479 43%
c ^  3.69  7 16 17 34 5731 1 132176 15176 1.8 22 12 2 9 87% 184 3348 479 43%
c -  3.78  8 16 17 35 5734 1 135890 8333 1.9 22 12 2 9 87% 184 3348 479 43%
c -  3.87  8 16 17 36 5735 1 141806 7491 1.9 22 12 2 9 87% 184 3348 479 43%
c u  3.92  8 16 17 36 5738 1 144564 9347 1.9 22 12 2 9 87% 184 3348 479 43%
c v  3.95  8 16 17 36 5738 1 144564 8237 1.9 22 12 2 9 87% 184 3348 479 43%
c w  3.96  8 16 17 36 5738 1 144564 7470 1.9 22 12 2 9 87% 184 3348 479 43%
c -  4.04  6 16 17 37 5740 1 147807 5903 1.9 22 12 2 9 88% 184 3348 479 43%
c O  4.14  7 16 17 37 5742 1 153825 10553 1.9 22 12 2 9 88% 184 3348 479 43%
c
c seconds   switched    rate         size/glue  tier1   binary      remaining
c        MB   reductions  conflicts        size   tier2   irredundant
c         level    restarts     redundant     glue   trail      variables
c
c -  4.14  7 16 17 38 5742 1 153889 6811 1.9 22 12 2 9 88% 184 3348 479 43%
c ]  4.29  7 16 18 38 5743 1 159800 11642 1.9 22 12 2 9 88% 184 3348 479 43%
c {  4.29  7 16 18 38 5743 2 159800 11642 2.6 26 10 1 5 81% 184 3348 479 43%
c -  4.30  7 16 18 39 5809 2 160055 7984 2.6 26 10 1 5 81% 184 3348 479 43%
c -  4.50  7 16 18 40 6015 2 166300 9624 2.6 25 10 1 5 81% 184 3348 479 43%
c -  4.71  8 15 18 41 6015 2 172624 12667 2.7 25 9 1 4 82% 184 3348 479 43%
c o  4.85  8 15 18 41 6018 2 176727 16073 2.7 25 9 1 4 82% 184 3348 479 43%
c -  4.96  8 15 18 42 6403 2 179027 14799 2.7 25 9 1 4 83% 184 3348 479 43%
c }  5.08  8 15 19 42 6638 2 182145 17031 2.7 25 9 1 4 83% 187 3348 479 43%
c [  5.08  8 16 19 42 6638 1 182145 17031 1.9 22 12 2 9 88% 187 3348 479 43%
c B  5.08  8 16 19 42 6638 1 182145 17031 1.9 22 12 2 9 88% 187 3348 479 43%
c u  5.11  7 16 19 42 6639 1 183484 17459 1.9 22 12 2 9 88% 189 3348 479 43%
c v  5.14  7 16 19 42 6639 1 183484 17105 1.9 22 12 2 9 88% 189 3348 479 43%
c w  5.16 10 16 19 42 6639 1 183484 16969 1.9 22 12 2 9 88% 189 3348 479 43%
c x  5.17  9 16 19 42 6639 1 183484 16967 1.9 22 12 2 9 88% 191 3278 479 43%
c t  5.30  9 16 19 42 6639 1 183484 16967 1.9 22 12 2 9 88% 188 3278 479 43%
c -  5.33  9 16 19 43 6640 1 185507 13463 1.9 22 12 2 9 87% 188 3278 479 43%
c -  5.46  8 16 19 44 6644 1 192064 11215 1.8 22 12 2 9 87% 188 3278 479 43%
c -  5.59  8 16 19 45 6648 1 198699 8720 1.8 22 12 2 9 88% 188 3278 479 43%
c -  5.71  8 16 19 46 6651 1 205407 8613 1.8 21 12 2 9 88% 188 3278 479 43%
c
c seconds   switched    rate         size/glue  tier1   binary      remaining
c        MB   reductions  conflicts        size   tier2   irredundant
c         level    restarts     redundant     glue   trail      variables
c
c -  5.83  8 15 19 47 6652 1 212189 9093 1.8 21 12 2 9 88% 188 3278 479 43%
c W  5.86  7 15 19 47 6652 1 213597 10264 1.8 21 12 2 9 88% 188 3278 479 43%
c s  5.93  7 16 19 47 6655 1 217699 13949 1.8 21 12 2 9 88% 188 3274 479 43%
c e  5.93  7 16 19 47 6655 1 217699 13949 1.8 21 12 2 9 88% 129 3708 414 37%
c s  5.93  7 16 19 47 6655 1 217699 13949 1.8 21 12 2 9 88% 129 3569 414 37%
c e  5.94  7 16 19 47 6655 1 217699 13949 1.8 21 12 2 9 88% 120 3614 407 37%
c ^  5.94  7 16 19 47 6655 1 217699 13949 1.8 21 12 2 9 88% 120 3614 407 37%
c -  5.96  6 16 19 48 6655 1 219044 5960 1.8 21 12 2 9 88% 120 3614 407 37%
c -  6.08  7 15 19 49 6659 1 225973 6626 1.8 21 12 2 9 88% 120 3614 407 37%
c u  6.11  7 15 19 49 6660 1 227675 7568 1.8 21 12 2 9 88% 120 3614 407 37%
c v  6.12  7 15 19 49 6660 1 227675 6689 1.8 21 12 2 9 88% 120 3614 407 37%
c w  6.13  7 15 19 49 6660 1 227675 5536 1.8 21 12 2 9 88% 120 3614 407 37%
c x  6.14  7 15 19 49 6660 1 227675 5530 1.8 21 12 2 9 88% 122 3446 407 37%
c t  6.14  7 15 19 49 6660 1 227675 5530 1.8 21 12 2 9 88% 120 3446 407 37%
c ]  6.21  7 15 20 49 6663 1 231527 8413 1.8 21 12 2 9 88% 120 3446 407 37%
c {  6.21  7 15 20 49 6663 2 231527 8413 2.7 25 9 1 4 83% 120 3446 407 37%
c -  6.25  7 15 20 50 7036 2 232974 6549 2.6 25 9 1 4 83% 120 3446 407 37%
c o  6.36  7 15 20 50 7878 2 236746 9410 2.6 25 10 1 4 83% 120 3446 407 37%
c -  6.45  7 15 20 51 8483 2 240045 8705 2.5 25 10 1 4 82% 120 3446 407 37%
c -  6.67  7 16 20 52 9716 2 247186 10356 2.5 25 10 1 4 82% 120 3446 407 37%
c
c seconds   switched     rate          size/glue  tier1   binary      remaining
c        MB   reductions   conflicts         size   tier2   irredundant
c         level    restarts       redundant     glue   trail      variables
c
c -  6.91  7 16 20 53 11037 2 254398 11032 2.4 24 10 1 4 83% 120 3446 407 37%
c }  7.03  7 16 21 53 11794 2 258266 14110 2.3 25 11 1 4 83% 120 3446 407 37%
c [  7.03  7 15 21 53 11794 1 258266 14110 1.8 21 12 2 9 88% 120 3446 407 37%
c I  7.03  7 15 21 53 11794 1 258266 14110 1.8 21 12 2 9 88% 120 3446 407 37%
c -  7.09  7 15 21 54 11796 1 261678 11322 1.8 21 12 2 9 88% 120 3446 407 37%
c -  7.22  7 15 21 55 11800 1 269028 10798 1.7 21 12 2 9 88% 120 3446 407 37%
c -  7.36  7 15 21 56 11805 1 276444 10044 1.7 20 12 2 9 88% 120 3446 407 37%
c u  7.38  7 15 21 56 11806 1 276926 9764 1.7 20 12 2 9 88% 120 3446 407 37%
c v  7.41  7 15 21 56 11806 1 276926 8728 1.7 20 12 2 9 88% 120 3446 407 37%
c w  7.42  7 15 21 56 11806 1 276926 8025 1.7 20 12 2 9 88% 120 3446 407 37%
c x  7.42  7 15 21 56 11806 1 276926 8025 1.7 20 12 2 9 88% 120 3428 407 37%
c -  7.56  7 15 21 57 11808 1 283927 8989 1.7 20 12 2 9 88% 120 3428 407 37%
c -  7.70  7 15 21 58 11809 1 291477 9841 1.7 20 12 2 9 88% 120 3428 407 37%
c B  7.82  7 15 21 58 11814 1 297706 14520 1.7 20 12 2 9 88% 120 3428 407 37%
c -  7.85  7 15 21 59 11814 1 299092 10654 1.7 20 12 2 9 88% 120 3428 407 37%
c ]  7.96  7 15 22 59 11817 1 304636 14375 1.7 20 12 2 9 88% 120 3428 407 37%
c {  7.96  7 16 22 59 11817 2 304636 14375 2.3 25 11 1 4 83% 120 3428 407 37%
c -  7.99  7 16 22 60 11882 2 306774 10962 2.3 24 11 1 4 83% 120 3428 407 37%
c o  8.01  7 16 22 60 11911 2 307908 11855 2.3 24 11 1 4 83% 120 3428 407 37%
c -  8.16  7 16 22 61 12167 2 314519 11353 2.2 24 11 1 5 84% 120 3428 407 37%
c
c seconds   switched     rate          size/glue  tier1   binary      remaining
c        MB   reductions   conflicts         size   tier2   irredundant
c         level    restarts       redundant     glue   trail      variables
c
c -  8.34  8 16 22 62 12245 2 322329 14850 2.3 24 10 1 5 83% 120 3428 407 37%
c s  8.55  8 15 22 62 12245 2 329878 21821 2.4 24 10 1 5 84% 120 3427 407 37%
c e  8.55  8 15 22 62 12245 2 329878 21821 2.4 24 10 1 5 84%  83 4219 346 31%
c s  8.55  8 15 22 62 12245 2 329878 21821 2.4 24 10 1 5 84%  83 3993 346 31%
c e  8.55  8 15 22 62 12245 2 329878 21821 2.4 24 10 1 5 84%  80 4031 343 31%
c !  8.55  8 15 22 62 12245 2 329878 21821 2.4 24 10 1 5 84%  80 4031 343 31%
c -  8.56  6 15 22 63 12278 2 330203 5670 2.4 24 10 1 5 84%  80 4031 343 31%
c u  8.58  6 15 22 63 12346 2 331558 6586 2.4 24 10 1 5 84%  80 4031 343 31%
c v  8.61  6 15 22 63 12346 2 331558 5684 2.4 24 10 1 5 84%  80 4031 343 31%
c w  8.65  6 15 22 63 12346 2 331558 5358 2.4 24 10 1 5 84%  80 4031 343 31%
c f  8.65  6 15 22 63 12346 2 331558 5358 2.4 24 10 1 5 84%  82 3986 345 31%
c u  8.66  6 15 22 63 12346 2 331558 5290 2.4 24 10 1 5 84%  82 3986 345 31%
c v  8.67  6 15 22 63 12346 2 331558 5001 2.4 24 10 1 5 84%  82 3986 345 31%
c w  8.70  6 15 22 63 12346 2 331558 4777 2.4 24 10 1 5 84%  82 3986 345 31%
c x  8.71  6 15 22 63 12346 2 331558 4768 2.4 24 10 1 5 84%  82 3876 345 31%
c }  8.77  7 15 23 63 12584 2 336153 8677 2.3 24 10 1 5 84%  82 3876 345 31%
c [  8.77  7 15 23 63 12584 1 336153 8677 1.7 20 12 2 9 88%  82 3876 345 31%
c -  8.80  7 15 23 64 12585 1 338140 7356 1.7 20 12 2 9 87%  82 3876 345 31%
c W  8.85  7 15 23 64 12588 1 341417 10323 1.7 20 11 2 9 87%  82 3876 345 31%
c -  8.93  7 15 23 65 12590 1 346141 9724 1.7 20 11 2 9 86%  82 3876 345 31%
c
c seconds   switched     rate          size/glue  tier1   binary      remaining
c        MB   reductions   conflicts         size   tier2   irredundant
c         level    restarts       redundant     glue   trail      variables
c
c -  9.06  7 15 23 66 12595 1 354203 10516 1.7 20 11 2 9 84%  82 3876 345 31%
c -  9.25  8 15 23 67 12598 1 362327 10708 1.7 20 11 2 9 85%  82 3876 345 31%
c -  9.43  8 15 23 68 12600 1 370513 9722 1.7 20 11 2 9 85%  82 3876 345 31%
c ]  9.44  8 15 24 68 12600 1 370904 9953 1.7 20 11 2 9 85%  82 3876 345 31%
c {  9.44  8 15 24 68 12600 2 370904 9953 2.3 24 10 1 5 84%  82 3876 345 31%
c -  9.63  8 15 24 69 13658 2 378759 11786 2.3 23 10 1 5 83%  82 3876 345 31%
c -  9.84  8 15 24 70 14601 2 387066 13454 2.2 23 10 1 5 81%  82 3876 345 31%
c o  9.87  8 15 24 70 14830 2 388080 14214 2.2 23 10 1 5 82%  82 3876 345 31%
c u  9.96  8 16 24 70 15389 2 390606 15668 2.2 23 10 1 5 82%  82 3876 345 31%
c v  9.99  8 16 24 70 15389 2 390606 15155 2.2 23 10 1 5 82%  82 3876 345 31%
c w 10.00  8 16 24 70 15389 2 390606 15084 2.2 23 10 1 5 82%  82 3876 345 31%
c x 10.01  8 16 24 70 15389 2 390606 15079 2.2 23 10 1 5 82%  82 3844 345 31%
c - 10.29  8 15 24 71 15527 2 395432 14324 2.2 23 10 1 5 82%  82 3844 345 31%
c - 10.51  9 15 24 72 15715 2 403858 16494 2.2 23 10 1 5 82%  82 3844 345 31%
c } 10.63  9 15 25 72 16157 2 407581 19191 2.2 23 10 1 5 83%  82 3844 345 31%
c [ 10.63  9 15 25 72 16157 1 407581 19191 1.7 20 11 2 9 85%  82 3844 345 31%
c O 10.63  9 15 25 72 16157 1 407581 19191 1.7 20 11 2 9 85%  82 3844 345 31%
c - 10.75  9 15 25 73 16160 1 412343 15989 1.7 20 12 2 9 85%  82 3844 345 31%
c - 10.92  9 15 25 74 16164 1 420888 14594 1.8 20 11 2 9 86%  82 3844 345 31%
c - 11.11  9 15 25 75 16170 1 429490 13779 1.8 20 11 2 9 86%  82 3844 345 31%
c
c seconds   switched     rate          size/glue  tier1   binary      remaining
c        MB   reductions   conflicts         size   tier2   irredundant
c         level    restarts       redundant     glue   trail      variables
c
c - 11.30  9 15 25 76 16171 1 438151 13350 1.8 20 11 2 9 86%  82 3844 345 31%
c - 11.51  8 15 25 77 16177 1 446868 12756 1.8 20 11 2 9 86%  82 3844 345 31%
c ] 11.67  8 15 26 77 16178 1 452712 16359 1.8 20 11 2 9 87%  82 3844 345 31%
c { 11.67  8 15 26 77 16178 2 452712 16359 2.2 23 10 1 5 83%  82 3844 345 31%
c u 11.78  8 15 26 77 16495 2 455187 17276 2.2 23 10 1 5 83%  82 3844 345 31%
c v 11.81  8 15 26 77 16495 2 455187 16479 2.2 23 10 1 5 83%  82 3844 345 31%
c w 11.83 11 15 26 77 16495 2 455187 16227 2.2 23 10 1 5 83%  82 3844 345 31%
c x 11.84 11 15 26 77 16495 2 455187 16222 2.2 23 10 1 5 83%  82 3842 345 31%
c - 11.86 10 15 26 78 16593 2 455643 12191 2.2 23 10 1 5 83%  82 3842 345 31%
c - 12.15 10 15 26 79 17138 2 464474 14723 2.2 23 10 1 5 84%  82 3842 345 31%
c s 12.34 10 15 26 79 17138 2 469417 16639 2.2 23 10 1 5 85%  82 3841 345 31%
c e 12.34  9 15 26 79 17138 2 469417 16639 2.2 23 10 1 5 85%  78 3872 342 31%
c s 12.34  9 15 26 79 17138 2 469417 16639 2.2 23 10 1 5 85%  78 3856 342 31%
c - 12.47 10 15 26 80 17541 2 473363 15659 2.2 23 10 1 5 85%  78 3856 342 31%
c o 12.63 10 15 26 80 18088 2 478125 19696 2.2 23 10 1 5 85%  78 3856 342 31%
c - 12.74 10 15 26 81 18430 2 482307 16779 2.2 23 10 1 5 85%  78 3856 342 31%
c - 13.02 11 15 26 82 19674 2 491307 16810 2.2 23 11 1 5 85%  78 3856 342 31%
c } 13.14 10 15 27 82 19900 2 494930 19927 2.2 23 11 1 5 85%  78 3856 342 31%
c [ 13.14 10 15 27 82 19900 1 494930 19927 1.8 20 11 2 9 87%  78 3856 342 31%
c B 13.14 10 15 27 82 19900 1 494930 19927 1.8 20 11 2 9 87%  78 3856 342 31%
c
c seconds   switched     rate          size/glue  tier1   binary      remaining
c        MB   reductions   conflicts         size   tier2   irredundant
c         level    restarts       redundant     glue   trail      variables
c
c - 13.29 11 15 27 83 19904 1 500363 16621 1.8 20 11 2 9 87%  78 3856 342 31%
c - 13.52 10 15 27 84 19909 1 509473 15038 1.8 20 11 2 9 87%  78 3856 342 31%
c - 13.74  9 15 27 85 19913 1 518639 13536 1.8 20 11 2 9 88%  78 3856 342 31%
c u 13.91  9 15 27 85 19914 1 525330 17162 1.7 20 11 2 9 88%  79 3856 342 31%
c v 13.97 10 15 27 85 19914 1 525330 15449 1.7 20 11 2 9 88%  79 3856 342 31%
c w 14.00 10 15 27 85 19914 1 525330 12843 1.7 20 11 2 9 88%  79 3856 342 31%
c - 14.05  9 15 27 86 19915 1 527858 10278 1.7 20 11 2 9 88%  79 3856 342 31%
c - 14.23 10 14 27 87 19921 1 537132 11264 1.7 20 11 2 9 88%  79 3856 342 31%
c - 14.44 10 14 27 88 19927 1 546459 12792 1.7 20 11 2 9 88%  79 3856 342 31%
c W 14.60  8 14 27 88 19929 1 552515 16841 1.7 19 11 2 9 88%  79 3856 342 31%
c ] 14.63  8 14 28 88 19929 1 553449 17349 1.7 19 11 2 9 88%  79 3856 342 31%
c { 14.63  8 15 28 88 19929 2 553449 17349 2.2 23 11 1 5 85%  79 3856 342 31%
c - 14.70  9 15 28 89 20335 2 555839 13699 2.2 23 11 1 5 85%  79 3856 342 31%
c - 15.01  9 16 28 90 21656 2 565276 15520 2.1 23 11 1 5 85%  79 3856 342 31%
c - 15.31  9 16 28 91 21758 2 574762 19100 2.3 24 11 1 4 85%  79 3856 342 31%
c o 15.41  9 16 28 91 21780 2 578603 22830 2.3 25 11 1 4 86%  79 3856 342 31%
c - 15.62 10 16 28 92 22247 2 584302 22319 2.4 25 11 1 4 86%  79 3856 342 31%
c - 16.00 12 16 28 93 22775 2 593894 22054 2.4 25 11 1 4 87%  79 3856 342 31%
c u 16.34 12 16 28 93 24050 2 601065 27090 2.3 25 11 1 4 87%  79 3856 342 31%
c v 16.39 13 16 28 93 24050 2 601065 26702 2.3 25 11 1 4 87%  79 3856 342 31%
c
c seconds   switched     rate          size/glue  tier1   binary      remaining
c        MB   reductions   conflicts         size   tier2   irredundant
c         level    restarts       redundant     glue   trail      variables
c
c w 16.42 14 16 28 93 24050 2 601065 26634 2.3 25 11 1 4 87%  79 3856 342 31%
c x 16.44 14 16 28 93 24050 2 601065 26628 2.3 25 11 1 4 87%  79 3826 342 31%
c } 16.46 12 16 29 93 24160 2 601587 27065 2.3 25 11 1 4 87%  79 3826 342 31%
c [ 16.46 12 14 29 93 24160 1 601587 27065 1.7 19 11 2 9 88%  79 3826 342 31%
c - 16.52 12 14 29 94 24161 1 603538 18975 1.7 20 11 2 9 88%  79 3826 342 31%
c - 16.75 12 14 29 95 24166 1 613234 17048 1.8 20 11 2 9 88%  79 3826 342 31%
c I 16.79 11 14 29 95 24168 1 615066 18374 1.8 20 11 2 9 88%  79 3826 342 31%
c - 16.98 12 14 29 96 24173 1 622981 14445 1.8 20 11 2 8 89%  79 3826 342 31%
c - 17.19  9 14 29 97 24174 1 632778 13696 1.8 20 11 2 8 89%  79 3826 342 31%
c s 17.38 10 14 29 97 24180 1 641280 19622 1.8 20 11 2 8 89%  79 3821 342 31%
c - 17.42 10 14 29 98 24180 1 642629 13452 1.8 20 11 2 8 89%  79 3821 342 31%
c - 17.64 10 14 29 99 24186 1 652528 13673 1.8 19 11 2 8 89%  79 3821 342 31%
c - 17.89 10 14 29 100 24189 1 662478 13366 1.7 19 11 2 8 89%  79 3821 342 31%
c - 18.12 10 14 29 101 24190 1 672478 14068 1.7 19 11 2 8 89%  79 3821 342 31%
c ] 18.13  9 14 30 101 24190 1 672762 14258 1.7 19 11 2 8 89%  79 3821 342 31%
c { 18.13  9 16 30 101 24190 2 672762 14258 2.3 25 11 1 4 87%  79 3821 342 31%
c - 18.36 10 16 30 102 24324 2 682528 15083 2.3 24 11 1 4 87%  79 3821 342 31%
c u 18.38 10 16 30 102 24324 2 682624 14689 2.3 24 11 1 4 87%  79 3821 342 31%
c v 18.41 10 16 30 102 24324 2 682624 13484 2.3 24 11 1 4 87%  79 3821 342 31%
c w 18.43 10 16 30 102 24324 2 682624 11420 2.3 24 11 1 4 87%  79 3821 342 31%
c
c seconds   switched      rate          size/glue  tier1   binary      remaining
c        MB   reductions    conflicts         size   tier2   irredundant
c         level     restarts       redundant     glue   trail      variables
c
c x 18.44 10 16 30 102 24324 2 682624 11420 2.3 24 11 1 4 87%  79 3815 342 31%
c o 18.62 10 16 30 102 25110 2 688607 15911 2.2 24 11 1 4 87%  79 3815 342 31%
c - 18.75 10 16 30 103 25221 2 692627 14015 2.2 24 11 1 4 87%  79 3815 342 31%
c - 19.07 10 15 30 104 25705 2 702777 15400 2.2 24 11 1 4 87%  79 3815 342 31%
c - 19.38 10 15 30 105 25952 2 712975 17589 2.3 24 11 1 4 88%  79 3815 342 31%
c - 19.69 10 15 30 106 26828 2 723221 18313 2.2 24 11 1 4 88%  79 3815 342 31%
c } 19.83 11 15 31 106 27352 2 727196 21204 2.2 24 11 1 4 88%  79 3815 342 31%
c [ 19.83 11 14 31 106 27352 1 727196 21204 1.7 19 11 2 8 89%  79 3815 342 31%
c B 19.83 11 14 31 106 27352 1 727196 21204 1.7 19 11 2 8 89%  79 3815 342 31%
c - 20.00 11 14 31 107 27357 1 733517 17086 1.7 19 11 2 8 89%  79 3815 342 31%
c - 20.23  9 14 31 108 27362 1 743862 14791 1.7 19 11 2 8 89%  79 3815 342 31%
c - 20.49 10 14 31 109 27366 1 754255 13177 1.7 19 11 2 8 89%  79 3815 342 31%
c - 20.75 10 14 31 110 27370 1 764696 13048 1.7 19 11 2 8 89%  79 3815 342 31%
c u 20.91 10 14 31 110 27373 1 770021 15293 1.7 19 11 2 8 89%  79 3815 342 31%
c v 20.96 10 14 31 110 27373 1 770021 13303 1.7 19 11 2 8 89%  79 3815 342 31%
c w 21.02 11 14 31 110 27373 1 770021 11197 1.7 19 11 2 8 89%  79 3815 342 31%
c - 21.13 10 14 31 111 27376 1 775184 10376 1.7 19 11 2 8 90%  79 3815 342 31%
c - 21.37  9 13 31 112 27381 1 785721 12114 1.7 19 11 2 8 90%  79 3815 342 31%
c ] 21.58 10 13 32 112 27382 1 795309 17823 1.7 18 11 2 8 90%  79 3815 342 31%
c { 21.58 10 15 32 112 27382 2 795309 17823 2.2 24 11 1 4 88%  79 3815 342 31%
c
c seconds   switched      rate          size/glue  tier1   binary      remaining
c        MB   reductions    conflicts         size   tier2   irredundant
c         level     restarts       redundant     glue   trail      variables
c
c - 21.61 10 15 32 113 27385 2 796306 13798 2.2 24 11 1 4 88%  79 3815 342 31%
c - 21.83 10 15 32 114 27405 2 806936 14953 2.2 23 10 1 4 88%  79 3815 342 31%
c o 21.89 10 15 32 114 27426 2 809375 16363 2.2 23 10 1 4 88%  79 3815 342 31%
c - 22.15 10 15 32 115 28323 2 817613 17211 2.2 23 10 1 4 88%  79 3815 342 31%
c - 22.44 11 15 32 116 28790 2 828337 17671 2.2 22 10 1 4 88%  79 3815 342 31%
c - 22.74 11 14 32 117 29171 2 839107 18111 2.2 22 10 1 4 89%  79 3815 342 31%
c - 23.04 10 14 32 118 29628 1 849923 18162 2.1 22 10 1 4 89%  79 3815 342 31%
c } 23.25 11 14 33 118 29717 1 856414 24284 2.2 22 10 1 4 89%  79 3815 342 31%
c [ 23.25 11 13 33 118 29717 1 856414 24284 1.7 18 11 2 8 90%  79 3815 342 31%
c W 23.26  9 13 33 118 29717 1 856414 24284 1.7 18 11 2 8 90%  79 3815 342 31%
c - 23.37  9 13 33 119 29720 1 860786 20317 1.7 19 11 2 8 90%  79 3815 342 31%
c u 23.46  9 13 33 119 29722 1 863290 21407 1.7 19 11 2 8 90%  79 3815 342 31%
c v 23.50 12 13 33 119 29722 1 863290 20530 1.7 19 11 2 8 90%  79 3815 342 31%
c w 23.53 12 13 33 119 29722 1 863290 20331 1.7 19 11 2 8 90%  79 3815 342 31%
c x 23.54 12 13 33 119 29722 1 863290 20327 1.7 19 11 2 8 90%  79 3806 342 31%
c - 24.00 11 13 33 120 29726 1 871695 17832 1.7 19 11 2 8 90%  79 3806 342 31%
c - 24.25 11 13 33 121 29731 1 882649 15616 1.7 18 11 2 8 90%  79 3806 342 31%
c - 24.50 11 13 33 122 29735 1 893651 16209 1.7 18 11 2 8 90%  79 3806 342 31%
c - 24.75 11 13 33 123 29741 1 904696 16707 1.7 18 11 2 8 90%  79 3806 342 31%
c - 25.04 11 13 33 124 29746 1 915786 15160 1.8 19 11 2 8 90%  79 3806 342 31%
c
c seconds   switched      rate          size/glue  tier1   binary      remaining
c        MB   reductions    conflicts         size   tier2   irredundant
c         level     restarts       redundant     glue   trail      variables
c
c - 25.30  9 13 33 125 29747 1 926922 13877 1.8 19 11 2 8 90%  79 3806 342 31%
c ] 25.31  8 13 34 125 29747 1 927391 14193 1.8 19 11 2 8 90%  79 3806 342 31%
c { 25.31  8 14 34 125 29747 1 927391 14193 2.2 22 10 1 4 89%  79 3806 342 31%
c - 25.70 10 14 34 126 29767 1 938103 18167 2.3 22 10 1 4 88%  79 3806 342 31%
c o 25.84 10 14 34 126 29770 1 941601 21357 2.3 23 10 1 4 88%  79 3806 342 31%
c - 26.17 11 14 34 127 30502 1 949327 21573 2.3 23 10 1 4 87%  80 3806 342 31%
c - 26.63 11 14 34 128 31419 1 960598 22364 2.3 23 10 1 4 87%  80 3806 342 31%
c u 26.76 12 14 34 128 31594 1 962531 22940 2.3 23 10 1 4 87%  80 3806 342 31%
c v 26.86 12 14 34 128 31594 1 962531 21660 2.3 23 10 1 4 87%  80 3806 342 31%
c w 26.90 13 14 34 128 31594 1 962531 21509 2.3 23 10 1 4 87%  80 3806 342 31%
c - 27.30 12 14 34 129 31966 1 971912 20910 2.3 23 10 1 4 87%  80 3806 342 31%
c - 27.71 12 14 34 130 32296 1 983270 22737 2.4 23 10 1 4 87%  80 3806 342 31%
c - 28.19 11 14 34 131 34053 1 994672 22002 2.3 23 10 1 4 87%  80 3806 342 31%
c } 28.22 11 14 35 131 34053 1 995537 22819 2.3 23 10 1 4 87%  80 3806 342 31%
c [ 28.22 11 13 35 131 34053 1 995537 22819 1.8 19 11 2 8 90%  80 3806 342 31%
c O 28.22 11 13 35 131 34053 1 995537 22819 1.8 19 11 2 8 90%  80 3806 342 31%
c - 28.51 12 13 35 132 34059 1 1006120 18827 1.8 19 11 2 8 90%  80 3806 342 31%
c - 28.83 11 13 35 133 34066 1 1017610 15696 1.7 19 11 2 8 90%  80 3806 342 31%
c - 29.12  9 13 35 134 34068 1 1029143 14842 1.7 19 11 2 8 90%  80 3806 342 31%
c - 29.41 10 13 35 135 34074 1 1040718 15096 1.7 19 11 2 8 90%  80 3806 342 31%
c
c seconds   switched      rate           size/glue  tier1   binary      remaining
c        MB   reductions     conflicts         size   tier2   irredundant
c         level     restarts        redundant     glue   trail      variables
c
c - 29.72 10 13 35 136 34081 1 1052338 15164 1.7 19 11 2 8 89%  80 3806 342 31%
c - 30.02  9 13 35 137 34083 1 1064000 13721 1.7 19 11 2 7 89%  80 3806 342 31%
c u 30.15  9 13 35 137 34083 1 1067776 15181 1.7 19 11 2 7 89%  80 3806 342 31%
c v 30.23  9 13 35 137 34083 1 1067776 13242 1.7 19 11 2 7 89%  80 3806 342 31%
c w 30.30 10 13 35 137 34083 1 1067776 11168 1.7 19 11 2 7 89%  80 3806 342 31%
c - 30.48 10 13 35 138 34083 1 1075705 10803 1.7 18 11 2 7 89%  80 3806 342 31%
c B 30.55  9 13 35 138 34085 1 1079576 13089 1.7 18 11 2 7 89%  80 3806 342 31%
c e 30.70  9 13 35 138 34090 1 1087237 18816 1.7 18 11 2 7 89%  78 3824 341 31%
c s 30.70  9 13 35 138 34090 1 1087237 18816 1.7 18 11 2 7 89%  78 3820 341 31%
c o 30.70  9 13 35 138 34090 1 1087237 18695 1.7 18 11 2 7 89%  78 3820 341 31%
c - 30.70 10 13 35 139 34090 1 1087453 12036 1.7 18 11 2 7 89%  78 3820 341 31%
c - 30.91 10 13 35 140 34097 1 1099243 11894 1.7 18 11 2 7 89%  78 3820 341 31%
c - 31.15 10 13 35 141 34099 1 1111075 11728 1.7 18 11 2 7 89%  78 3820 341 31%
c - 31.38 10 13 35 142 34106 1 1122951 12485 1.7 18 11 2 7 89%  78 3820 341 31%
c ] 31.43  9 13 36 142 34108 1 1125153 13925 1.7 18 11 2 7 89%  78 3820 341 31%
c { 31.43  9 14 36 142 34108 1 1125153 13925 2.3 23 10 1 4 87%  78 3820 341 31%
c - 31.72 10 14 36 143 35396 1 1134867 15567 2.3 23 10 1 4 87%  78 3820 341 31%
c - 32.13 11 14 36 144 36085 1 1146825 19847 2.4 24 10 1 4 87%  78 3820 341 31%
c - 32.57 11 15 36 145 37913 1 1158826 21145 2.4 24 10 1 4 87%  78 3820 341 31%
c - 32.95 11 14 36 146 38430 1 1170867 19632 2.3 24 10 1 4 87%  78 3820 341 31%
c
c seconds   switched      rate           size/glue  tier1   binary      remaining
c        MB   reductions     conflicts         size   tier2   irredundant
c         level     restarts        redundant     glue   trail      variables
c
c u 33.19 12 14 36 146 38430 1 1179096 23775 2.3 23 10 1 4 87%  78 3820 341 31%
c v 33.25 12 14 36 146 38430 1 1179096 23310 2.3 23 10 1 4 87%  78 3820 341 31%
c w 33.27 13 14 36 146 38430 1 1179096 19365 2.3 23 10 1 4 87%  78 3820 341 31%
c x 33.29 13 14 36 146 38430 1 1179096 19360 2.3 23 10 1 4 87%  78 3800 341 31%
c - 33.43 11 14 36 147 38519 1 1182950 17122 2.3 23 10 1 4 87%  78 3800 341 31%
c - 33.86 11 14 36 148 39058 1 1195075 21420 2.4 23 10 1 4 88%  78 3800 341 31%
c } 34.07 11 14 37 148 40248 1 1200710 25926 2.3 23 10 1 4 88%  78 3800 341 31%
c [ 34.07 11 13 37 148 40248 1 1200710 25926 1.7 18 11 2 7 89%  78 3800 341 31%
c W 34.08 10 13 37 148 40248 1 1200710 25926 1.7 18 11 2 7 89%  78 3800 341 31%
c - 34.24 10 14 37 149 40253 1 1207241 21157 1.7 18 11 2 7 89%  78 3800 341 31%
c - 34.55 10 14 37 150 40260 1 1219448 16821 1.7 18 11 1 7 89%  78 3800 341 31%
c - 34.85  8 13 37 151 40262 1 1231695 14563 1.7 18 11 1 7 89%  78 3800 341 31%
c - 35.14  9 13 37 152 40269 1 1243984 14837 1.7 18 11 1 7 89%  78 3800 341 31%
c - 35.43  9 13 37 153 40276 1 1256312 15264 1.7 18 11 1 7 89%  78 3800 341 31%
c - 35.74  8 13 37 154 40278 1 1268682 14358 1.7 18 11 1 7 89%  78 3800 341 31%
c - 36.06  9 13 37 155 40278 1 1281091 15051 1.7 18 11 1 7 89%  78 3800 341 31%
c - 36.32  9 13 37 156 40285 1 1293540 15715 1.7 18 11 1 7 89%  78 3800 341 31%
c I 36.37  9 13 37 156 40287 1 1296424 17552 1.7 18 11 1 7 89%  78 3800 341 31%
c o 36.37  9 13 37 156 40287 1 1296424 17552 1.7 18 11 1 7 89%  78 3800 341 31%
c u 36.41  9 13 37 156 40287 1 1296597 16896 1.7 18 11 1 7 89%  78 3800 341 31%
c
c seconds   switched      rate           size/glue  tier1   binary      remaining
c        MB   reductions     conflicts         size   tier2   irredundant
c         level     restarts        redundant     glue   trail      variables
c
c v 36.49  9 13 37 156 40287 1 1296597 14726 1.7 18 11 1 7 89%  78 3800 341 31%
c w 36.55  9 13 37 156 40287 1 1296597 12291 1.7 18 11 1 7 89%  78 3800 341 31%
c - 36.72  8 13 37 157 40292 1 1306029 11997 1.7 18 11 1 7 89%  78 3800 341 31%
c ] 36.74  8 13 38 157 40292 1 1306958 12666 1.7 18 11 1 7 89%  78 3800 341 31%
c { 36.74  8 14 38 157 40292 1 1306958 12666 2.3 23 10 1 4 88%  78 3800 341 31%
c - 36.91  8 14 38 158 40816 1 1318559 15317 2.3 22 10 1 4 84%  79 3800 341 31%
c - 37.18  9 14 38 159 42032 1 1331128 17456 2.2 22 10 1 4 85%  79 3800 341 31%
c - 37.48  9 14 38 160 42499 1 1343738 16520 2.2 21 10 1 4 85%  79 3800 341 31%
c - 37.79  9 13 38 161 43095 1 1356390 16870 2.1 20 10 1 4 86%  80 3800 341 31%
c s 37.97  9 13 38 161 43130 1 1364580 22029 2.1 20 10 1 4 86%  80 3782 341 31%
c e 37.97  9 13 38 161 43130 1 1364580 22029 2.1 20 10 1 4 86%  60 3594 309 28%
c s 37.97  9 13 38 161 43130 1 1364580 22029 2.1 20 10 1 4 86%  60 3566 309 28%
c - 38.06  8 13 38 162 43662 1 1369079 13724 2.1 20 10 1 4 86%  60 3566 309 28%
c - 38.28  9 13 38 163 44479 1 1381807 14934 2.0 19 10 1 4 86%  60 3566 309 28%
c } 38.47  9 13 39 163 44565 1 1390291 19996 2.0 19 10 1 4 86%  60 3566 309 28%
c [ 38.47  9 13 39 163 44565 1 1390291 19996 1.7 18 11 1 7 89%  60 3566 309 28%
c - 38.58  9 13 39 164 44568 1 1394575 15409 1.7 18 10 1 7 89%  60 3566 309 28%
c B 38.64  9 13 39 164 44570 1 1398202 17913 1.7 17 10 1 7 89%  60 3566 309 28%
c - 38.86  8 13 39 165 44575 1 1407381 15590 1.7 18 11 1 7 89%  60 3566 309 28%
c - 39.18  8 13 39 166 44579 1 1420227 14791 1.7 18 11 1 7 89%  60 3566 309 28%
c
c seconds   switched      rate           size/glue  tier1   binary      remaining
c        MB   reductions     conflicts         size   tier2   irredundant
c         level     restarts        redundant     glue   trail      variables
c
c u 39.20  8 13 39 166 44579 1 1420311 14346 1.7 18 11 1 7 89%  60 3566 309 28%
c v 39.26  8 13 39 166 44579 1 1420311 11872 1.7 18 11 1 7 89%  60 3566 309 28%
c w 39.32  8 13 39 166 44579 1 1420311 10684 1.7 18 11 1 7 89%  60 3566 309 28%
c f 39.32  8 13 39 166 44579 1 1420311 10684 1.7 18 11 1 7 89%  62 3544 310 28%
c u 39.34  8 13 39 166 44579 1 1420311 10550 1.7 18 11 1 7 89%  62 3544 310 28%
c v 39.38  8 13 39 166 44579 1 1420311 9903 1.7 18 11 1 7 89%  62 3544 310 28%
c w 39.43  8 13 39 166 44579 1 1420311 9161 1.7 18 11 1 7 89%  62 3544 310 28%
c - 39.72  8 13 39 167 44586 1 1433111 10641 1.7 18 11 1 7 90%  62 3544 310 28%
c - 40.01  8 13 39 168 44593 1 1446033 12084 1.7 18 11 1 7 90%  62 3544 310 28%
c - 40.30  9 13 39 169 44595 1 1458995 13265 1.7 18 11 1 7 90%  62 3544 310 28%
c ] 40.45  9 13 40 169 44595 1 1466028 18001 1.7 18 11 1 7 90%  62 3544 310 28%
c { 40.45  9 13 40 169 44595 1 1466028 18001 2.0 19 10 1 4 86%  62 3544 310 28%
c o 40.48  9 13 40 169 44762 1 1466903 18599 2.0 19 10 1 4 86%  62 3544 310 28%
c - 40.66  8 13 40 170 45883 1 1471995 13735 2.0 19 10 1 4 86%  62 3544 310 28%
c - 41.03  9 14 40 171 47390 1 1485034 16132 2.0 20 10 1 4 86%  62 3544 310 28%
c - 41.49  9 14 40 172 48659 1 1498111 18651 2.0 20 10 1 4 87%  62 3544 310 28%
c - 41.85  9 14 40 173 50113 2 1511226 18894 2.0 20 10 1 4 87%  62 3544 310 28%
c - 42.28 10 14 40 174 50762 1 1524378 19780 2.0 21 10 1 4 88%  62 3544 310 28%
c - 42.60 10 13 40 175 50796 1 1537569 20484 2.0 20 10 1 4 88%  62 3544 310 28%
c - 43.04 10 13 40 176 51105 1 1550800 22192 2.0 20 10 1 4 87%  63 3544 310 28%
c
c seconds   switched      rate           size/glue  tier1   binary      remaining
c        MB   reductions     conflicts         size   tier2   irredundant
c         level     restarts        redundant     glue   trail      variables
c
c u 43.12 10 13 40 176 51327 1 1551820 22025 2.0 20 10 1 4 87%  63 3544 310 28%
c v 43.20 10 13 40 176 51327 1 1551820 20126 2.0 20 10 1 4 87%  63 3544 310 28%
c w 43.23 10 13 40 176 51327 1 1551820 16045 2.0 20 10 1 4 87%  63 3544 310 28%
c x 43.24 10 13 40 176 51327 1 1551820 16044 2.0 20 10 1 4 87%  63 3522 310 28%
c = 43.61 20 13 40 176 51327 1 1551820 16044 2.0 20 10 1 4 87%  65 3504 308 28%
c d 43.61 20 13 40 176 51327 1 1551820 15877 2.0 20 10 1 4 87%  63 3504 308 28%
c u 43.64 20 13 40 176 51327 1 1551820 15705 2.0 20 10 1 4 87%  63 3504 308 28%
c v 43.74 20 13 40 176 51327 1 1551820 13883 2.0 20 10 1 4 87%  63 3504 308 28%
c w 43.82 20 13 40 176 51327 1 1551820 13373 2.0 20 10 1 4 87%  63 3504 308 28%
c } 43.99 20 13 41 176 52454 1 1557500 17836 2.0 20 10 1 4 88%  63 3504 308 28%
c [ 43.99 20 13 41 176 52454 1 1557500 17836 1.7 18 11 1 7 90%  63 3504 308 28%
c W 44.00 20 13 41 176 52454 1 1557500 17836 1.7 18 11 1 7 90%  63 3504 308 28%
c - 44.17 18 13 41 177 52459 1 1564067 14823 1.7 18 11 1 7 90%  63 3504 308 28%
c - 44.47 18 13 41 178 52466 1 1577371 14593 1.7 18 11 1 7 90%  63 3504 308 28%
c - 44.81 18 13 41 179 52469 1 1590712 14805 1.7 18 11 1 7 90%  63 3504 308 28%
c - 45.17 19 13 41 180 52477 1 1604093 15376 1.7 18 11 1 7 90%  63 3504 308 28%
c - 45.51 18 13 41 181 52483 1 1617509 14947 1.7 18 10 1 7 90%  63 3504 308 28%
c - 45.88 19 13 41 182 52484 1 1630964 15544 1.7 18 10 1 7 90%  63 3504 308 28%
c - 46.25 19 13 41 183 52488 1 1644455 15869 1.7 18 10 1 7 90%  63 3504 308 28%
c o 46.42 19 13 41 183 52492 1 1651859 20233 1.7 18 10 1 7 90%  63 3504 308 28%
c
c seconds   switched      rate           size/glue  tier1   binary      remaining
c        MB   reductions     conflicts         size   tier2   irredundant
c         level     restarts        redundant     glue   trail      variables
c
c - 46.54 19 13 41 184 52496 1 1657983 16219 1.7 18 10 1 7 90%  63 3504 308 28%
c ] 46.70 19 13 42 184 52499 1 1665401 20825 1.7 18 10 1 7 90%  63 3504 308 28%
c { 46.70 19 13 42 184 52499 1 1665401 20825 2.0 20 10 1 4 88%  63 3504 308 28%
c - 46.87 19 13 42 185 53246 1 1671547 16250 2.0 20 10 1 4 88%  63 3504 308 28%
c s 47.25 19 14 42 185 54886 2 1684093 25210 1.9 20 10 1 4 88%  63 3503 308 28%
c e 47.25 19 14 42 185 54886 2 1684093 25210 1.9 20 10 1 4 88%  58 3516 305 27%
c s 47.25 19 14 42 185 54886 2 1684093 25210 1.9 20 10 1 4 88%  58 3494 305 27%
c e 47.25 19 14 42 185 54886 2 1684093 25210 1.9 20 10 1 4 88%  58 3510 300 27%
c - 47.30 19 14 42 186 54886 2 1685148 17667 2.0 20 10 1 4 88%  58 3510 300 27%
c u 47.49 19 14 42 186 54886 1 1689964 21665 2.0 20 10 1 4 88%  58 3510 300 27%
c v 47.56 19 14 42 186 54886 1 1689964 20732 2.0 20 10 1 4 88%  58 3510 300 27%
c w 47.59 19 14 42 186 54886 1 1689964 20627 2.0 20 10 1 4 88%  58 3510 300 27%
c x 47.60 19 14 42 186 54886 1 1689964 20627 2.0 20 10 1 4 88%  58 3431 300 27%
c - 47.89 20 14 42 187 55337 1 1698786 20504 2.1 21 10 1 4 88%  58 3431 300 27%
c - 48.29 20 14 42 188 56460 1 1712461 22929 2.1 21 10 1 4 88%  58 3431 300 27%
c - 48.66 20 14 42 189 56857 1 1726172 22556 2.1 21 10 1 4 88%  58 3431 300 27%
c - 49.15 20 14 42 190 57598 1 1739919 23472 2.1 21 10 1 4 89%  58 3431 300 27%
c - 49.57 20 14 42 191 59171 1 1753703 24410 2.1 21 10 1 4 89%  58 3431 300 27%
c } 49.87 20 14 43 191 59729 1 1765375 32606 2.1 21 10 1 4 89%  58 3431 300 27%
c [ 49.87 20 13 43 191 59729 1 1765375 32606 1.7 18 10 1 7 90%  58 3431 300 27%
c
c seconds   switched      rate           size/glue  tier1   binary      remaining
c        MB   reductions     conflicts         size   tier2   irredundant
c         level     restarts        redundant     glue   trail      variables
c
c O 49.87 20 13 43 191 59729 1 1765375 32606 1.7 18 10 1 7 90%  58 3431 300 27%
c - 49.93 20 13 43 192 59731 1 1767523 23015 1.7 18 10 1 7 90%  58 3431 300 27%
c - 50.23 20 13 43 193 59738 1 1781379 20440 1.7 17 10 1 7 90%  58 3431 300 27%
c - 50.57 20 12 43 194 59743 1 1795272 18232 1.7 17 10 1 7 90%  58 3431 300 27%
c - 50.92 20 12 43 195 59750 1 1809201 18044 1.7 17 10 1 7 91%  58 3431 300 27%
c - 51.24 20 12 43 196 59758 1 1823165 18813 1.7 17 10 1 7 91%  58 3431 300 27%
c u 51.56 20 12 43 196 59759 1 1835103 25199 1.7 17 10 1 7 91%  59 3431 300 27%
c v 51.63 20 12 43 196 59759 1 1835103 24088 1.7 17 10 1 7 91%  59 3431 300 27%
c w 51.66 20 12 43 196 59759 1 1835103 19233 1.7 17 10 1 7 91%  59 3431 300 27%
c x 51.68 20 12 43 196 59759 1 1835103 19228 1.7 17 10 1 7 91%  60 3419 300 27%
c o 51.68 20 12 43 196 59759 1 1835103 19228 1.7 17 10 1 7 91%  60 3419 300 27%
c - 51.73 18 12 43 197 59759 1 1837167 14996 1.7 17 10 1 7 91%  60 3419 300 27%
c - 52.04 18 12 43 198 59762 1 1851203 15277 1.7 17 10 1 7 91%  60 3419 300 27%
c - 52.37 18 12 43 199 59771 1 1865274 15321 1.7 17 10 1 7 91%  60 3419 300 27%
c - 52.71 19 12 43 200 59774 1 1879383 17445 1.7 17 10 1 7 91%  60 3419 300 27%
c B 52.87 19 12 43 200 59779 1 1886208 21737 1.7 17 10 1 7 91%  60 3419 300 27%
c ] 53.01 19 12 44 200 59781 1 1891338 25106 1.7 17 10 1 7 90%  60 3419 300 27%
c { 53.01 19 14 44 200 59781 1 1891338 25106 2.1 21 10 1 4 89%  60 3419 300 27%
c - 53.07 19 14 44 201 60082 1 1893525 18554 2.1 21 10 1 4 89%  60 3419 300 27%
c - 53.36 19 13 44 202 60253 1 1907702 19588 2.0 20 10 1 4 89%  60 3419 300 27%
c
c seconds   switched      rate           size/glue  tier1   binary      remaining
c        MB   reductions     conflicts         size   tier2   irredundant
c         level     restarts        redundant     glue   trail      variables
c
c - 53.76 20 13 44 203 61421 1 1921915 21549 2.0 20 10 1 4 89%  60 3419 300 27%
c - 54.12 20 13 44 204 61951 1 1936162 23115 2.0 20 10 1 4 89%  62 3418 300 27%
c - 54.60 20 13 44 205 63424 1 1950444 24665 2.0 20 10 1 4 89%  64 3416 300 27%
c - 54.99 20 13 44 206 63641 1 1964762 23495 2.0 19 10 1 4 89%  64 3416 300 27%
c - 55.40 20 13 44 207 63953 1 1979114 25076 2.1 20 9 1 4 89%  67 3415 300 27%
c u 55.73 20 13 44 207 65156 1 1986808 30070 2.0 20 10 1 4 89%  80 3415 300 27%
c v 55.84 20 13 44 207 65156 1 1986808 27526 2.0 20 10 1 4 89%  83 3415 300 27%
c w 55.89 20 13 44 207 65156 1 1986808 27354 2.0 20 10 1 4 89%  83 3415 300 27%
c t 56.29 20 13 44 207 65156 1 1986808 27354 2.0 20 10 1 4 89%  78 3415 300 27%
c - 56.56 20 13 44 208 65402 1 1993501 24047 2.1 20 10 1 4 89%  78 3415 300 27%
c } 56.76 20 13 45 208 65839 1 2000170 29602 2.1 20 10 1 4 89%  78 3415 300 27%
c [ 56.76 20 12 45 208 65839 1 2000170 29602 1.7 17 10 1 7 90%  78 3415 300 27%
c - 56.95 20 12 45 209 65844 1 2007923 24138 1.7 17 10 1 7 90%  78 3415 300 27%
c W 57.12 20 12 45 209 65847 1 2013677 27465 1.7 17 10 1 7 90%  78 3415 300 27%
c - 57.32 20 12 45 210 65852 1 2022379 22584 1.7 17 10 1 7 90%  78 3415 300 27%
c - 57.68 20 12 45 211 65856 1 2036870 20196 1.7 17 10 1 7 89%  78 3415 300 27%
c s 57.88 20 12 45 211 65860 1 2045059 25658 1.7 17 10 1 7 89%  78 3351 300 27%
c e 57.88 20 12 45 211 65860 1 2045059 25658 1.7 17 10 1 7 89%  69 3398 278 25%
c s 57.88 20 12 45 211 65860 1 2045059 25658 1.7 17 10 1 7 89%  69 3273 278 25%
c e 57.88 20 12 45 211 65860 1 2045059 25658 1.7 17 10 1 7 89%  64 3291 274 25%
c
c seconds   switched      rate           size/glue  tier1   binary      remaining
c        MB   reductions     conflicts         size   tier2   irredundant
c         level     restarts        redundant     glue   trail      variables
c
c o 57.88 20 12 45 211 65860 1 2045059 22810 1.7 17 10 1 7 89%  64 3291 274 25%
c - 58.03 20 12 45 212 65865 1 2051395 17104 1.7 17 10 1 7 90%  64 3291 274 25%
c - 58.35 20 12 45 213 65869 1 2065955 17944 1.7 17 10 1 7 90%  64 3291 274 25%
c - 58.67 20 12 45 214 65869 1 2080549 18808 1.7 16 10 1 7 89%  65 3291 274 25%
c - 59.00 20 12 45 215 65877 1 2095177 18949 1.7 16 10 1 7 90%  65 3291 274 25%
c - 59.33 20 12 45 216 65884 1 2109841 17502 1.7 16 10 1 7 90%  65 3291 274 25%
c - 59.65 20 12 45 217 65891 1 2124537 19020 1.7 16 9 1 7 90%  65 3291 274 25%
c ] 59.86 20 11 46 217 65897 1 2134452 25152 1.7 16 9 1 7 90%  66 3291 274 25%
c { 59.86 20 13 46 217 65897 1 2134452 25152 2.1 20 10 1 4 89%  66 3291 274 25%
c - 59.97 20 13 46 218 65900 1 2139267 21426 2.1 20 9 1 4 89%  66 3291 274 25%
c u 60.14 20 13 46 218 65900 1 2145010 24761 2.1 20 9 1 4 89%  71 3291 274 25%
c v 60.21 20 13 46 218 65900 1 2145010 21848 2.1 20 9 1 4 89%  72 3291 274 25%
c w 60.25 20 13 46 218 65900 1 2145010 19187 2.1 20 9 1 4 89%  72 3291 274 25%
c x 60.26 20 13 46 218 65900 1 2145010 19168 2.1 20 9 1 4 89%  75 3134 274 25%
c t 60.26 20 13 46 218 65900 1 2145010 19168 2.1 20 9 1 4 89%  70 3134 274 25%
c - 60.49 21 13 46 219 66384 1 2154031 19799 2.1 20 9 1 4 89%  70 3134 274 25%
c - 60.91 21 13 46 220 66567 1 2168829 24566 2.3 21 9 1 4 90%  70 3134 274 25%
c - 61.34 21 13 46 221 67563 1 2183662 25960 2.2 20 9 1 4 90%  71 3134 274 25%
c - 61.78 21 12 46 222 68517 1 2198532 23985 2.2 20 9 1 4 90%  72 3134 274 25%
c - 62.19 21 12 46 223 69547 1 2213432 23953 2.2 20 9 1 4 90%  72 3134 274 25%
c
c seconds   switched      rate           size/glue tier1   binary      remaining
c        MB   reductions     conflicts         size  tier2   irredundant
c         level     restarts        redundant    glue   trail      variables
c
c - 62.57 21 12 46 224 69612 1 2228367 25409 2.1 19 9 1 4 89%  75 3134 274 25%
c i 62.66 21 12 46 224 69612 1 2231004 26632 2.1 19 9 1 4 89%  86 3134 269 24%
c - 63.00 21 12 46 225 69812 1 2243334 19271 2.2 19 9 1 4 89%  61 3134 269 24%
c i 63.15 21 12 46 225 69853 1 2249512 22717 2.1 18 9 1 4 89%  73 3134 268 24%
c o 63.15 21 12 46 225 69853 1 2249512 22717 2.1 18 9 1 4 89%  73 3134 268 24%
c } 63.22 21 12 47 225 70199 1 2252498 24815 2.1 18 9 1 4 89%  73 3134 268 24%
c [ 63.22 21 11 47 225 70199 1 2252498 24815 1.7 16 9 1 7 90%  73 3134 268 24%
c I 63.22 21 11 47 225 70199 1 2252498 24815 1.7 16 9 1 7 90%  73 3134 268 24%
c - 63.35 21 11 47 226 70203 1 2258335 15541 1.7 16 9 1 7 90%  57 3134 268 24%
c - 63.69 21 11 47 227 70212 1 2273368 18491 1.7 16 9 1 7 90%  57 3134 268 24%
c - 64.08 21 11 47 228 70216 1 2288434 21000 1.7 15 9 1 7 90%  59 3134 268 24%
c i 64.35 21 11 47 228 70221 1 2298127 26263 1.7 15 9 1 7 90%  70 3134 267 24%
c - 64.50 18 11 47 229 70225 1 2303533 13270 1.7 15 9 1 7 90%  57 3134 267 24%
c u 64.77 19 11 47 229 70228 1 2312210 18179 1.8 16 9 1 7 90%  99 2624 267 24%
c v 64.87 19 11 47 229 70228 1 2312210 16385 1.8 16 9 1 7 90% 101 2624 267 24%
c w 64.90 19 11 47 229 70228 1 2312210 14958 1.8 16 9 1 7 90% 101 2624 267 24%
c x 64.91 19 11 47 229 70228 1 2312210 14936 1.8 16 9 1 7 90% 101 2498 267 24%
c d 64.91 19 11 47 229 70228 1 2312210 14936 1.8 16 9 1 7 90%  95 2498 264 24%
c t 64.91 19 11 47 229 70228 1 2312210 14936 1.8 16 9 1 7 90%  89 2498 264 24%
c u 64.94 19 11 47 229 70228 1 2312210 14566 1.8 16 9 1 7 90%  89 2498 264 24%
c
c seconds   switched      rate           size/glue tier1   binary      remaining
c        MB   reductions     conflicts         size  tier2   irredundant
c         level     restarts        redundant    glue   trail      variables
c
c v 65.02 19 11 47 229 70228 1 2312210 13003 1.8 16 9 1 7 90%  89 2498 264 24%
c w 65.11 19 11 47 229 70228 1 2312210 10803 1.8 16 9 1 7 90%  89 2498 264 24%
c x 65.11 19 11 47 229 70228 1 2312210 10803 1.8 16 9 1 7 90%  89 2480 264 24%
c - 65.26 18 11 47 230 70229 1 2318666 11554 1.8 15 9 1 7 90%  89 2480 264 24%
c i 65.45 19 11 47 230 70229 1 2327568 16509 1.8 15 9 1 7 90%  94 2480 262 24%
c - 65.59 19 11 47 231 70229 1 2333832 9464 1.8 15 9 1 7 90%  95 2480 262 24%
c i 65.79 19 10 47 231 70236 1 2343082 14507 1.8 15 8 1 7 90% 109 2480 244 22%
c i 65.83 19 10 47 231 70236 1 2344761 15555 1.8 15 8 1 7 90% 123 2480 237 21%
c i 65.84 19 10 47 231 70236 1 2345546 16121 1.8 15 8 1 7 90% 132 2479 232 21%
c i 65.85 19 10 47 231 70236 1 2345946 16304 1.8 15 8 1 7 90% 140 2479 230 21%
c i 65.86 19 10 47 231 70236 1 2346018 16330 1.8 15 8 1 7 90% 146 2479 229 21%
c i 65.86 19 10 47 231 70236 1 2346129 16366 1.8 15 8 1 7 90% 153 2479 228 21%
c i 65.86 19 10 47 231 70236 1 2346296 16483 1.8 15 8 1 7 90% 159 2479 227 20%
c i 65.86 19 10 47 231 70236 1 2346341 16491 1.8 15 8 1 7 90% 166 2479 203 18%
c i 65.86 19 10 47 231 70236 1 2346405 16500 1.8 15 8 1 7 90% 171 2479 131 12%
c i 65.86 19 10 47 231 70236 1 2346414 16500 1.8 15 8 1 7 90% 174 2479 119 11%
c i 65.86 19 10 47 231 70236 1 2346431 16505 1.8 15 8 1 7 90% 177 2479 111 10%
c i 65.86 19 10 47 231 70236 1 2346434 16503 1.8 15 8 1 7 90% 179 2479 77 7%
c i 65.86 19 10 47 231 70236 1 2346435 16503 1.8 15 8 1 7 90% 179 2479 70 6%
c i 65.86 19 10 47 231 70236 1 2346437 16503 1.8 15 8 1 7 90% 180 2479 69 6%
c
c seconds   switched      rate           size/glue tier1   binary    remaining
c        MB   reductions     conflicts         size  tier2   irredundant
c         level     restarts        redundant    glue   trail     variables
c
c ] 65.86 19 10 47 231 70236 1 2346440 16503 1.8 15 8 1 7 90% 181 2479  7 1%
c 0 65.86 19 12 47 231 70236 1 2346440 16503 2.1 18 9 1 4 89% 181 2479  7 1%
c
c ---- [ result ] ------------------------------------------------------------
c
s UNSATISFIABLE
c
c ---- [ profiling ] ---------------------------------------------------------
c
c          60.58   91.97 %  search
c          30.61   46.47 %  focused
c          29.97   45.50 %  stable
c           5.27    7.99 %  simplify
c           5.17    7.84 %  probe
c           3.66    5.56 %  vivify
c           1.40    2.12 %  sweep
c           0.43    0.66 %  reduce
c           0.07    0.10 %  walking
c           0.06    0.09 %  substitute
c           0.05    0.08 %  eliminate
c           0.03    0.05 %  factor
c           0.02    0.03 %  preprocess
c           0.01    0.01 %  subsume
c           0.01    0.01 %  congruence
c           0.00    0.01 %  transitive
c           0.00    0.00 %  backbone
c           0.00    0.00 %  parse
c           0.00    0.00 %  lucky
c =============================================
c          65.86  100.00 %  total
c
c ---- [ statistics ] --------------------------------------------------------
c
c conflicts:                          2346440            35624.31 per second
c congruent:                               45                4 %  variables
c decisions:                          2978170                1.27 per conflict
c eliminated:                             815               73 %  variables
c factored:                                51                5 %  variables
c iterations:                              20                2 %  variables
c propagations:                     233572801          3546168    per second
c reductions:                             231            10158    interval
c reordered:                               21           111735    interval
c rephased:                                33            71104    interval
c restarts:                             70236               33    interval
c strengthened:                          1086                0 %  checks
c substituted:                             72                6 %  variables
c subsumed:                               830                0 %  checks
c switched:                                47            49924    interval
c vivified:                            155336               42 %  checks
c walks:                                   11           213313    interval
c
c ---- [ glue usage ] --------------------------------------------------------
c
c focused glue 1 used 10442735 clauses 60.86% accumulated 60.86% tier1
c focused glue 2 used  3371066 clauses 19.65% accumulated 80.51%
c focused glue 3 used  1108141 clauses  6.46% accumulated 86.97%
c focused glue 4 used   573762 clauses  3.34% accumulated 90.31% tier2
c
c stable glue 1   used 10851193 clauses 54.29% accumulated 54.29% tier1
c stable glue 2   used  3688551 clauses 18.45% accumulated 72.75%
c stable glue 3-4 used  2326991 clauses 11.64% accumulated 84.39%
c stable glue 5   used   639569 clauses  3.20% accumulated 87.59%
c stable glue 6   used   489354 clauses  2.45% accumulated 90.04% tier2
c
c ---- [ resources ] ---------------------------------------------------------
c
c maximum-resident-set-size:        383602688 bytes        366 MB
c process-time:                          1m 6s              65.86 seconds
c
c ---- [ shutting down ] -----------------------------------------------------
c
c exit 20
