c ---- [ banner ] ------------------------------------------------------------
c
c Kissat SAT Solver
c 
c Copyright (c) 2021-2024 Armin Biere University of Freiburg
c Copyright (c) 2019-2021 Armin Biere Johannes Kepler University Linz
c 
c Version 4.0.4 8af8e56f174b778aef3aa45af9f739b2a5f492c2
c gcc (GCC) 15.2.1 20260123 (Red Hat 15.2.1-7) -W -Wall -O3 -DNDEBUG
c Thu Apr 23 06:47:51 PM IST 2026 Linux krishnendu-LN 6.19.12-200.fc43.x86_64 x86_64
c
c ---- [ parsing ] -----------------------------------------------------------
c
c opened and reading DIMACS file:
c
c   /home/krishnendu/Research/fv-invariant-mining/data/circuits/cnf/miter_mult_10bit.cnf
c
c parsed 'p cnf 1113 4205' header
c closing input after reading 64864 bytes (63 KB)
c finished parsing after 0.00 seconds
c
c ---- [ options ] -----------------------------------------------------------
c
c --decay=80                       (different from default '50')
c --eliminateeffort=0              (different from default '100')
c --stable=2                       (different from default '1')
c
c ---- [ solving ] -----------------------------------------------------------
c
c seconds switched rate     size/glue tier1  binary       remaining
c        MB reductions conflicts size  tier2   irredundant
c         level restarts redundant glue  trail       variables
c
c *  0.00  3 0 0 0  0 0   0   0 0.0 0 0 0 0 0% 1458 2745 1110 100%
c (  0.00  3 0 0 0  0 0   0   0 0.0 0 0 0 0 0% 1458 2745 1110 100%
c .  0.00  3 0 0 0  0 0   0   0 0.0 0 0 0 0 0% 1454 2745 1110 100%
c c  0.00  3 0 0 0  0 0   0   0 0.0 0 0 0 0 0% 1518 2743 1067 96%
c d  0.00  3 0 0 0  0 0   0   0 0.0 0 0 0 0 0% 1368 2743 1067 96%
c =  0.02  3 0 0 0  0 0   0   0 0.0 0 0 0 0 0% 1372 2736 1064 96%
c d  0.02  3 0 0 0  0 0   0   0 0.0 0 0 0 0 0% 1367 2736 1064 96%
c f  0.02  4 0 0 0  0 0   0   0 0.0 0 0 0 0 0% 1339 2718 1086 98%
c )  0.02  4 0 0 0  0 0   0   0 0.0 0 0 0 0 0% 1339 2718 1086 98%
c [  0.02  4 0 0 0  0 0   0   0 0.0 0 0 2 6 0% 1339 2718 1086 98%
c -  0.04  4 16 0 1  0 1 1000 847 3.9 30 8 4 11 87% 1346 2718 1086 98%
c B  0.04  4 16 0 1  0 1 1002 847 3.9 30 8 4 11 87% 1346 2718 1086 98%
c -  0.07  4 17 0 2  1 1 2001 1466 2.6 27 11 4 14 87% 1350 2718 1086 98%
c W  0.07  4 17 0 2  1 1 2003 1468 2.6 27 11 4 14 87% 1350 2718 1086 98%
c u  0.10  4 18 0 2  2 1 3372 2585 2.3 25 11 4 13 86% 1354 2718 1086 98%
c v  0.10  4 18 0 2  2 1 3372 2397 2.3 25 11 4 13 86% 1354 2718 1086 98%
c w  0.11  5 18 0 2  2 1 3372 2367 2.3 25 11 4 13 86% 1354 2718 1086 98%
c x  0.11  5 18 0 2  2 1 3372 2366 2.3 25 11 4 13 86% 1368 2675 1086 98%
c =  0.13  5 18 0 2  2 1 3372 2366 2.3 25 11 4 13 86% 1398 2668 1071 96%
c d  0.13  5 18 0 2  2 1 3372 2366 2.3 25 11 4 13 86% 1353 2668 1071 96%
c
c seconds  switched rate       size/glue  tier1     binary       remaining
c        MB reductions conflicts     size   tier2     irredundant
c         level restarts  redundant     glue    trail       variables
c
c t  0.13  5 18 0 2  2 1 3372 2366 2.3 25 11 4 13 86% 1345 2668 1071 96%
c f  0.13  5 18 0 2  2 1 3372 2366 2.3 25 11 4 13 86% 1341 2668 1075 97%
c u  0.13  5 18 0 2  2 1 3372 2355 2.3 25 11 4 13 86% 1341 2668 1075 97%
c v  0.13  5 18 0 2  2 1 3372 2258 2.3 25 11 4 13 86% 1341 2668 1075 97%
c w  0.13  5 18 0 2  2 1 3372 2215 2.3 25 11 4 13 86% 1341 2668 1075 97%
c =  0.15  5 18 0 2  2 1 3372 2215 2.3 25 11 4 13 86% 1345 2668 1073 96%
c d  0.15  5 18 0 2  2 1 3372 2215 2.3 25 11 4 13 86% 1339 2668 1073 96%
c -  0.15  5 18 0 3  2 1 3417 1767 2.3 25 11 4 14 86% 1339 2668 1073 96%
c I  0.17  5 18 0 3  3 1 4263 2490 2.2 24 11 4 14 87% 1339 2668 1073 96%
c -  0.18  5 18 0 4  3 1 5149 2656 2.1 24 11 5 14 87% 1341 2668 1073 96%
c -  0.22  5 18 0 5  5 1 7151 3511 2.0 23 11 4 14 88% 1342 2668 1073 96%
c B  0.24  5 17 0 5  5 1 8035 4226 2.0 23 11 4 14 88% 1343 2668 1073 96%
c -  0.28  6 17 0 6  6 1 9387 3862 1.9 22 12 4 13 88% 1346 2668 1073 96%
c u  0.30  5 17 0 6  6 1 10397 4529 1.9 22 12 4 13 88% 1353 2668 1073 96%
c v  0.31  5 17 0 6  6 1 10397 4379 1.9 22 12 4 13 88% 1353 2668 1073 96%
c w  0.31  5 17 0 6  6 1 10397 4354 1.9 22 12 4 13 88% 1353 2668 1073 96%
c =  0.32  5 17 0 6  6 1 10397 4354 1.9 22 12 4 13 88% 1365 2664 1067 96%
c d  0.32  5 17 0 6  6 1 10397 4350 1.9 22 12 4 13 88% 1348 2664 1067 96%
c t  0.32  5 17 0 6  6 1 10397 4350 1.9 22 12 4 13 88% 1345 2664 1067 96%
c u  0.32  5 17 0 6  6 1 10397 4338 1.9 22 12 4 13 88% 1345 2664 1067 96%
c
c seconds  switched rate        size/glue  tier1     binary       remaining
c        MB reductions conflicts      size   tier2     irredundant
c         level restarts   redundant     glue    trail       variables
c
c v  0.33  5 17 0 6  6 1 10397 4278 1.9 22 12 4 13 88% 1345 2664 1067 96%
c w  0.33  5 17 0 6  6 1 10397 4276 1.9 22 12 4 13 88% 1345 2664 1067 96%
c x  0.33  5 17 0 6  6 1 10397 4276 1.9 22 12 4 13 88% 1345 2652 1067 96%
c o  0.35  5 17 0 6  6 1 10397 4276 1.9 22 12 4 13 88% 1345 2652 1067 96%
c -  0.38  5 17 0 7  6 1 11836 4029 1.9 22 12 4 13 88% 1346 2652 1067 96%
c W  0.42  5 17 0 7  8 1 13565 5434 1.9 23 12 4 13 88% 1346 2652 1067 96%
c -  0.44  5 17 0 8  9 1 14482 4413 1.9 23 12 3 13 88% 1346 2652 1067 96%
c e  0.51  5 17 0 8 10 1 16852 6094 1.9 23 12 3 13 88% 1346 2647 1065 96%
c ^  0.51  5 17 0 8 10 1 16852 6094 1.9 23 12 3 13 88% 1346 2647 1065 96%
c -  0.53  5 17 0 9 10 1 17310 4706 1.9 23 12 3 13 88% 1346 2647 1065 96%
c -  0.59  5 17 0 10 12 1 20311 5156 1.8 22 12 3 13 88% 1346 2647 1065 96%
c O  0.61  5 17 0 10 13 1 21093 5774 1.9 22 12 3 13 88% 1346 2647 1065 96%
c o  0.61  5 17 0 10 13 1 21093 5774 1.9 22 12 3 13 88% 1346 2647 1065 96%
c u  0.62  5 17 0 10 13 1 21311 5740 1.9 22 12 3 13 88% 1346 2647 1065 96%
c v  0.64  5 17 0 10 13 1 21311 5453 1.9 22 12 3 13 88% 1346 2647 1065 96%
c w  0.64  7 17 0 10 13 1 21311 5431 1.9 22 12 3 13 88% 1346 2647 1065 96%
c -  0.70  6 17 0 11 13 1 23475 4810 1.8 23 12 3 12 88% 1346 2647 1065 96%
c -  0.80  6 17 0 12 14 1 26791 5018 1.9 23 12 3 12 87% 1347 2647 1065 96%
c -  0.92  6 16 0 13 14 1 30255 5018 1.9 23 12 3 11 87% 1348 2647 1065 96%
c B  0.93  6 16 0 13 14 1 30854 5498 1.9 23 12 3 11 87% 1350 2647 1065 96%
c
c seconds  switched  rate        size/glue  tier1     binary       remaining
c        MB  reductions conflicts      size   tier2     irredundant
c         level  restarts   redundant     glue    trail       variables
c
c e  1.00  6 16 0 13 15 1 33746 7912 1.9 23 12 3 11 87% 1351 2646 1064 96%
c ^  1.00  6 16 0 13 15 1 33746 7912 1.9 23 12 3 11 87% 1351 2646 1064 96%
c -  1.00  6 16 0 14 15 1 33860 5558 1.9 23 12 3 11 87% 1351 2646 1064 96%
c u  1.07  6 16 0 14 17 1 36348 7308 1.9 23 12 3 11 87% 1353 2646 1064 96%
c v  1.09  6 16 0 14 17 1 36348 6906 1.9 23 12 3 11 87% 1353 2646 1064 96%
c w  1.10  7 16 0 14 17 1 36348 6372 1.9 23 12 3 11 87% 1353 2646 1064 96%
c -  1.18  6 16 0 15 18 1 37601 4990 1.9 23 12 3 11 87% 1353 2646 1064 96%
c -  1.29  6 16 0 16 21 1 41473 5396 1.8 22 12 3 11 86% 1359 2646 1064 96%
c W  1.33  6 16 0 16 21 1 43076 6709 1.8 22 12 3 11 86% 1360 2646 1064 96%
c o  1.33  6 16 0 16 21 1 43076 6709 1.8 22 12 3 11 86% 1360 2646 1064 96%
c -  1.41  6 16 0 17 22 1 45473 5740 1.8 22 12 3 11 87% 1360 2646 1064 96%
c -  1.53  6 16 0 18 25 1 49596 5735 1.8 22 12 2 11 87% 1360 2646 1064 96%
c -  1.67  6 16 0 19 28 1 53838 5664 1.8 22 12 2 10 87% 1361 2646 1064 96%
c u  1.73  6 16 0 19 28 1 55705 6783 1.8 22 12 2 10 87% 1363 2646 1064 96%
c v  1.74  7 16 0 19 28 1 55705 6456 1.8 22 12 2 10 87% 1363 2646 1064 96%
c w  1.75  7 16 0 19 28 1 55705 6394 1.8 22 12 2 10 87% 1363 2646 1064 96%
c x  1.75  7 16 0 19 28 1 55705 6394 1.8 22 12 2 10 87% 1363 2627 1064 96%
c t  1.75  7 16 0 19 28 1 55705 6394 1.8 22 12 2 10 87% 1362 2627 1064 96%
c I  1.82  6 16 0 19 29 1 57980 8168 1.8 22 12 2 10 87% 1362 2627 1064 96%
c -  1.83  6 16 0 20 29 1 58196 5482 1.8 22 12 2 10 87% 1362 2627 1064 96%
c
c seconds  switched  rate        size/glue  tier1     binary       remaining
c        MB  reductions conflicts      size   tier2     irredundant
c         level  restarts   redundant     glue    trail       variables
c
c -  1.90  7 16 0 21 29 1 62668 6295 1.8 22 12 2 11 87% 1364 2627 1064 96%
c -  1.98  7 16 0 22 30 1 67252 7226 1.8 22 12 3 11 87% 1367 2627 1064 96%
c e  2.04  6 16 0 22 30 1 70369 9845 1.8 22 12 3 10 87% 1365 2630 1063 96%
c ^  2.04  6 16 0 22 30 1 70369 9845 1.8 22 12 3 10 87% 1365 2630 1063 96%
c -  2.08  7 16 0 23 30 1 71942 7871 1.8 22 12 3 11 87% 1365 2630 1063 96%
c B  2.16  6 16 0 23 30 1 75782 10756 1.8 22 12 3 11 87% 1365 2630 1063 96%
c o  2.16  6 16 0 23 30 1 75782 10756 1.8 22 12 3 11 87% 1365 2630 1063 96%
c -  2.19  7 16 0 24 30 1 76737 8339 1.8 22 12 3 11 87% 1366 2630 1063 96%
c u  2.26  7 16 0 24 30 1 79532 10288 1.8 22 12 3 11 87% 1367 2630 1063 96%
c v  2.28  7 16 0 24 30 1 79532 9904 1.8 22 12 3 11 87% 1367 2630 1063 96%
c w  2.28  8 16 0 24 30 1 79532 9469 1.8 22 12 3 11 87% 1367 2630 1063 96%
c t  2.28  8 16 0 24 30 1 79532 9469 1.8 22 12 3 11 87% 1365 2630 1063 96%
c -  2.34  7 16 0 25 30 1 81635 7553 1.8 22 12 3 10 87% 1365 2630 1063 96%
c -  2.45  7 16 0 26 34 1 86635 7789 1.8 22 12 3 10 88% 1367 2630 1063 96%
c -  2.59  7 15 0 27 37 1 91736 8082 1.8 22 12 3 10 88% 1367 2630 1063 96%
c W  2.71  6 15 0 27 40 1 96693 11914 1.9 22 12 3 10 88% 1367 2630 1063 96%
c -  2.72  6 15 0 28 40 1 96933 8752 1.9 22 12 3 10 88% 1367 2630 1063 96%
c -  2.84  6 15 0 29 43 1 102224 8366 1.8 22 12 3 10 88% 1368 2630 1063 96%
c -  2.98  7 15 0 30 45 1 107609 7615 1.8 22 12 3 10 88% 1368 2630 1063 96%
c u  2.99  7 15 0 30 45 1 107981 7661 1.8 22 12 3 10 88% 1368 2630 1063 96%
c
c seconds  switched  rate         size/glue  tier1     binary       remaining
c        MB  reductions conflicts       size   tier2     irredundant
c         level  restarts    redundant     glue    trail       variables
c
c v  3.02  7 15 0 30 45 1 107981 6841 1.8 22 12 3 10 88% 1368 2630 1063 96%
c w  3.02  7 15 0 30 45 1 107981 6344 1.8 22 12 3 10 88% 1368 2630 1063 96%
c -  3.22  7 15 0 31 45 1 113086 7037 1.8 22 12 3 10 88% 1368 2630 1063 96%
c -  3.37  7 15 0 32 48 1 118653 7818 1.8 21 12 3 10 88% 1368 2630 1063 96%
c O  3.42  7 15 0 32 50 1 120918 9690 1.8 21 12 3 10 88% 1369 2630 1063 96%
c o  3.42  7 15 0 32 50 1 120918 9690 1.8 21 12 3 10 88% 1369 2630 1063 96%
c -  3.53  7 15 0 33 52 1 124310 8534 1.8 21 12 3 10 88% 1374 2630 1063 96%
c e  3.68  7 15 0 33 54 1 129363 11814 1.8 21 12 3 10 88% 1373 2631 1062 96%
c ^  3.68  7 15 0 33 54 1 129363 11814 1.8 21 12 3 10 88% 1373 2631 1062 96%
c -  3.70  7 15 0 34 55 1 130054 8322 1.8 21 12 3 10 88% 1373 2631 1062 96%
c -  3.87  7 15 0 35 59 1 135887 7991 1.8 21 12 3 10 88% 1374 2631 1062 96%
c u  4.02  6 15 0 35 60 1 141225 11434 1.8 21 12 3 10 88% 1376 2631 1062 96%
c v  4.05  7 15 0 35 60 1 141225 10942 1.8 21 12 3 10 88% 1376 2631 1062 96%
c w  4.06  8 15 0 35 60 1 141225 9633 1.8 21 12 3 10 88% 1376 2631 1062 96%
c t  4.06  8 15 0 35 60 1 141225 9633 1.8 21 12 3 10 88% 1375 2631 1062 96%
c -  4.08  7 15 0 36 60 1 141803 7081 1.8 21 12 3 10 88% 1375 2631 1062 96%
c -  4.23  7 15 0 37 60 1 147803 7960 1.8 21 12 3 10 88% 1375 2631 1062 96%
c B  4.25  7 15 0 37 61 1 148658 8638 1.8 21 12 3 10 88% 1375 2631 1062 96%
c -  4.38  7 15 0 38 61 1 153886 8514 1.8 21 12 3 10 88% 1375 2631 1062 96%
c -  4.56  7 15 0 39 61 1 160050 8029 1.8 21 12 3 10 88% 1375 2631 1062 96%
c
c seconds  switched  rate         size/glue  tier1     binary       remaining
c        MB  reductions conflicts       size   tier2     irredundant
c         level  restarts    redundant     glue    trail       variables
c
c -  4.74  7 15 0 40 62 1 166295 8093 1.8 21 12 3 10 88% 1376 2631 1062 96%
c -  4.91  7 15 0 41 62 1 172619 8845 1.8 21 12 3 10 88% 1376 2631 1062 96%
c -  5.08  7 15 0 42 62 1 179025 9344 1.8 21 12 3 10 88% 1376 2631 1062 96%
c u  5.09  7 15 0 42 62 1 179354 9185 1.8 21 12 3 10 88% 1376 2631 1062 96%
c v  5.14  7 15 0 42 62 1 179354 8546 1.8 21 12 3 10 88% 1376 2631 1062 96%
c w  5.16  8 15 0 42 62 1 179354 8320 1.8 21 12 3 10 88% 1376 2631 1062 96%
c x  5.17  8 15 0 42 62 1 179354 8320 1.8 21 12 3 10 88% 1376 2610 1062 96%
c o  5.17  8 15 0 42 62 1 179354 8320 1.8 21 12 3 10 88% 1376 2610 1062 96%
c W  5.20  6 15 0 42 62 1 180108 8881 1.8 21 12 3 10 88% 1376 2610 1062 96%
c -  5.36  7 15 0 43 62 1 185506 9311 1.8 21 12 3 10 88% 1376 2610 1062 96%
c -  5.53  7 15 0 44 62 1 192064 10558 1.8 21 12 3 10 88% 1376 2610 1062 96%
c -  5.74  7 15 0 45 64 1 198698 11375 1.8 21 12 3 10 88% 1376 2610 1062 96%
c -  5.92  8 15 0 46 68 1 205407 12475 1.8 21 11 3 10 88% 1378 2610 1062 96%
c -  6.10  7 15 0 47 72 1 212189 11183 1.9 21 11 3 9 88% 1378 2610 1062 96%
c e  6.13  7 15 0 47 72 1 213158 11912 1.9 21 11 3 9 88% 1375 2611 1061 95%
c ^  6.13  7 15 0 47 72 1 213158 11912 1.9 21 11 3 9 88% 1375 2611 1061 95%
c I  6.19  7 15 0 47 74 1 215460 13883 1.9 21 11 3 9 88% 1376 2611 1061 95%
c -  6.25  7 15 0 48 76 1 219045 11698 1.9 21 11 3 9 88% 1378 2611 1061 95%
c u  6.33  8 15 0 48 77 1 222551 14334 1.9 21 11 3 9 88% 1378 2611 1061 95%
c v  6.37  8 15 0 48 77 1 222551 13670 1.9 21 11 3 9 88% 1378 2611 1061 95%
c
c seconds  switched  rate          size/glue  tier1    binary       remaining
c        MB  reductions conflicts        size   tier2    irredundant
c         level  restarts     redundant     glue   trail       variables
c
c w  6.39  9 15 0 48 77 1 222551 13273 1.9 21 11 3 9 88% 1378 2611 1061 95%
c -  6.47  8 15 0 49 77 1 225973 10173 1.9 21 11 3 10 88% 1378 2611 1061 95%
c -  6.62  7 15 0 50 80 1 232973 9623 1.9 21 11 3 10 88% 1378 2611 1061 95%
c -  6.78  8 14 0 51 84 1 240045 10332 1.9 21 11 3 10 88% 1378 2611 1061 95%
c -  6.96  8 14 0 52 88 1 247188 11646 1.9 21 11 3 10 88% 1379 2611 1061 95%
c -  7.14  8 14 0 53 91 1 254399 12165 1.9 21 11 3 10 88% 1379 2611 1061 95%
c B  7.16  7 14 0 53 92 1 254902 12579 1.9 21 11 3 10 88% 1379 2611 1061 95%
c o  7.16  7 14 0 53 92 1 254902 12579 1.9 21 11 3 10 88% 1379 2611 1061 95%
c -  7.32  8 14 0 54 92 1 261679 11591 1.8 21 11 3 10 88% 1379 2611 1061 95%
c -  7.50  8 14 0 55 93 1 269027 11387 1.8 21 11 3 10 88% 1379 2611 1061 95%
c u  7.56  8 14 0 55 93 1 270913 12349 1.8 21 11 3 10 88% 1379 2611 1061 95%
c v  7.60  8 14 0 55 93 1 270913 11453 1.8 21 11 3 10 88% 1379 2611 1061 95%
c w  7.61  8 14 0 55 93 1 270913 11266 1.8 21 11 3 10 88% 1379 2611 1061 95%
c t  7.74  8 14 0 55 93 1 270913 11266 1.8 21 11 3 10 88% 1377 2611 1061 95%
c -  7.85  8 14 0 56 93 1 276445 11061 1.8 21 11 3 10 87% 1377 2611 1061 95%
c -  8.04  8 15 0 57 97 1 283929 11544 1.8 21 11 3 10 87% 1377 2611 1061 95%
c -  8.26  8 14 0 58 100 1 291478 11442 1.8 21 11 3 10 87% 1378 2611 1061 95%
c W  8.47  7 14 0 58 106 1 298615 16457 1.8 21 11 3 10 86% 1378 2611 1061 95%
c -  8.49  7 14 0 59 106 1 299094 12299 1.8 21 11 3 10 86% 1378 2611 1061 95%
c -  8.73  7 14 0 60 108 1 306775 11731 1.8 21 11 3 9 86% 1379 2611 1061 95%
c
c seconds  switched   rate          size/glue  tier1    binary       remaining
c        MB  reductions conflicts         size   tier2    irredundant
c         level  restarts      redundant     glue   trail       variables
c
c -  8.97  7 14 0 61 111 1 314521 10885 1.8 21 11 3 9 87% 1380 2611 1061 95%
c -  9.24  7 14 0 62 115 1 322331 11829 1.8 21 11 3 9 87% 1381 2611 1061 95%
c e  9.29  7 14 0 62 115 1 324155 13371 1.8 21 11 3 9 87% 1378 2612 1060 95%
c !  9.29  7 14 0 62 115 1 324155 13371 1.8 21 11 3 9 87% 1378 2612 1060 95%
c u  9.32  7 14 0 62 115 1 324515 13060 1.8 21 11 3 9 87% 1383 2612 1060 95%
c v  9.38  7 14 0 62 115 1 324515 12008 1.8 21 11 3 9 87% 1383 2612 1060 95%
c w  9.40  7 14 0 62 115 1 324515 10577 1.8 21 11 3 9 87% 1383 2612 1060 95%
c t  9.40  7 14 0 62 115 1 324515 10577 1.8 21 11 3 9 87% 1381 2612 1060 95%
c -  9.56  8 14 0 63 120 1 330206 10611 1.8 21 11 3 9 87% 1381 2612 1060 95%
c -  9.79  8 14 0 64 123 1 338145 10934 1.8 20 11 3 9 87% 1381 2612 1060 95%
c - 10.02  8 14 0 65 124 1 346146 11020 1.8 20 11 3 9 87% 1382 2612 1060 95%
c O 10.04  8 14 0 65 124 1 346777 11417 1.8 20 11 3 9 87% 1382 2612 1060 95%
c o 10.04  8 14 0 65 124 1 346777 11417 1.8 20 11 3 9 87% 1382 2612 1060 95%
c - 10.29  8 14 0 66 124 1 354208 10551 1.8 21 11 3 9 87% 1384 2612 1060 95%
c - 10.57  8 14 0 67 125 1 362333 10259 1.8 21 11 3 9 87% 1385 2612 1060 95%
c - 10.86  8 14 0 68 125 1 370520 9951 1.8 20 11 2 9 87% 1386 2612 1060 95%
c - 11.14  8 14 0 69 125 1 378768 10555 1.8 20 11 2 9 88% 1387 2612 1060 95%
c u 11.33  8 14 0 69 125 1 383479 13233 1.8 21 11 2 9 88% 1388 2612 1060 95%
c v 11.40  8 14 0 69 125 1 383479 12252 1.8 21 11 2 9 88% 1389 2612 1060 95%
c w 11.42  8 14 0 69 125 1 383479 10500 1.8 21 11 2 9 88% 1389 2612 1060 95%
c
c seconds  switched   rate          size/glue  tier1    binary       remaining
c        MB  reductions conflicts         size   tier2    irredundant
c         level  restarts      redundant     glue   trail       variables
c
c t 11.42  8 14 0 69 125 1 383479 10500 1.8 21 11 2 9 88% 1383 2612 1060 95%
c - 11.54  8 14 0 70 125 1 387074 9240 1.8 21 11 2 9 88% 1383 2612 1060 95%
c - 11.80  8 14 0 71 126 1 395440 9794 1.9 21 11 2 9 88% 1383 2612 1060 95%
c B 11.91  8 14 0 71 126 1 399565 13336 1.9 21 11 2 9 88% 1383 2612 1060 95%
c - 12.02  8 14 0 72 126 1 403866 10754 1.9 21 11 2 9 88% 1383 2612 1060 95%
c - 12.26  8 14 0 73 126 1 412353 11523 1.9 21 11 2 9 88% 1383 2612 1060 95%
c - 12.53  8 14 0 74 126 1 420897 11470 1.9 22 11 2 9 88% 1383 2612 1060 95%
c - 12.75  8 14 0 75 126 1 429500 12291 1.9 22 11 2 9 88% 1383 2612 1060 95%
c - 13.01  8 14 0 76 126 1 438161 12697 1.9 22 11 2 9 88% 1383 2612 1060 95%
c - 13.29  8 14 0 77 126 1 446879 13566 1.9 22 11 2 9 88% 1384 2612 1060 95%
c u 13.34  8 14 0 77 126 1 447879 13625 1.9 22 11 2 9 88% 1384 2612 1060 95%
c v 13.38  8 14 0 77 126 1 447879 12925 1.9 22 11 2 9 88% 1384 2612 1060 95%
c w 13.40 10 14 0 77 126 1 447879 12849 1.9 22 11 2 9 88% 1384 2612 1060 95%
c x 13.41 10 14 0 77 126 1 447879 12849 1.9 22 11 2 9 88% 1384 2602 1060 95%
c o 13.41 10 14 0 77 126 1 447879 12849 1.9 22 11 2 9 88% 1384 2602 1060 95%
c - 13.62 10 14 0 78 126 1 455653 13167 1.9 21 11 2 9 88% 1384 2602 1060 95%
c W 13.68  8 14 0 78 126 1 457151 14403 1.9 21 11 2 9 88% 1384 2602 1060 95%
c e 13.90  8 14 0 78 130 1 464366 19783 1.9 21 11 2 9 88% 1382 2602 1059 95%
c - 13.90  8 14 0 79 130 1 464486 12662 1.9 21 11 2 9 88% 1382 2602 1059 95%
c - 14.15  8 14 0 80 135 1 473375 11341 1.9 21 11 2 9 88% 1382 2602 1059 95%
c
c seconds  switched   rate          size/glue  tier1    binary       remaining
c        MB  reductions conflicts         size   tier2    irredundant
c         level  restarts      redundant     glue   trail       variables
c
c - 14.41  8 14 0 81 140 1 482321 11320 1.9 21 11 2 9 88% 1382 2602 1059 95%
c - 14.65  8 14 0 82 141 1 491322 11687 1.9 21 11 2 9 88% 1382 2602 1059 95%
c - 14.92  8 14 0 83 147 1 500379 11661 1.9 21 11 2 9 88% 1382 2602 1059 95%
c - 15.20  8 14 0 84 152 1 509489 12458 1.9 21 11 2 9 88% 1382 2602 1059 95%
c u 15.50  8 14 0 84 156 1 517845 17886 1.9 21 11 2 9 88% 1382 2602 1059 95%
c v 15.57 10 14 0 84 156 1 517845 16705 1.9 21 11 2 9 88% 1382 2602 1059 95%
c w 15.60 11 14 0 84 156 1 517845 14112 1.9 21 11 2 9 88% 1382 2602 1059 95%
c - 15.63  9 14 0 85 156 1 518654 10684 1.9 21 11 2 9 88% 1382 2602 1059 95%
c I 15.65  9 14 0 85 156 1 519702 11561 1.9 21 11 2 9 88% 1382 2602 1059 95%
c - 15.90  9 14 0 86 157 1 527874 12150 1.9 21 11 2 9 88% 1383 2602 1059 95%
c - 16.18 10 14 0 87 157 1 537147 12286 1.9 21 11 2 9 88% 1383 2602 1059 95%
c - 16.45 10 14 0 88 161 1 546474 13209 1.9 22 11 2 9 88% 1384 2602 1059 95%
c - 16.75 10 14 0 89 166 1 555854 13646 1.9 22 11 2 9 88% 1385 2602 1059 95%
c - 17.03 10 14 0 90 171 1 565287 13309 1.9 22 11 2 9 88% 1385 2602 1059 95%
c - 17.33  9 14 0 91 172 1 574773 11790 1.9 22 11 2 9 87% 1385 2602 1059 95%
c - 17.61  9 14 0 92 179 1 584313 12664 1.9 22 11 2 9 87% 1385 2602 1059 95%
c B 17.70  9 14 0 92 180 1 587386 14985 1.9 22 11 2 9 87% 1385 2602 1059 95%
c o 17.70  9 14 0 92 180 1 587386 14985 1.9 22 11 2 9 87% 1385 2602 1059 95%
c u 17.91 10 14 0 92 185 1 593427 19147 1.9 22 11 2 9 87% 1385 2602 1059 95%
c v 17.98 10 14 0 92 185 1 593427 18144 1.9 22 11 2 9 87% 1385 2602 1059 95%
c
c seconds  switched   rate          size/glue  tier1    binary       remaining
c        MB  reductions conflicts         size   tier2    irredundant
c         level  restarts      redundant     glue   trail       variables
c
c w 18.01 11 14 0 92 185 1 593427 17217 1.9 22 11 2 9 87% 1385 2602 1059 95%
c - 18.12  9 14 0 93 185 1 593905 12469 1.9 22 11 2 9 87% 1385 2602 1059 95%
c - 18.42  9 14 0 94 187 1 603548 12043 1.9 21 11 2 8 87% 1386 2602 1059 95%
c - 18.64  9 14 0 95 188 1 613243 13410 1.9 21 11 2 9 87% 1386 2602 1059 95%
c - 18.89 10 14 0 96 188 1 622989 13250 1.9 21 11 2 9 87% 1387 2602 1059 95%
c - 19.18 10 14 0 97 189 1 632787 12530 1.9 21 11 2 8 87% 1387 2602 1059 95%
c e 19.29  9 14 0 97 189 1 635879 14722 1.9 21 11 2 8 87% 1384 2603 1058 95%
c - 19.50 10 14 0 98 189 1 642635 12564 1.9 21 11 2 8 87% 1384 2603 1058 95%
c - 19.81 10 14 0 99 189 1 652535 11750 1.9 21 11 2 8 88% 1384 2603 1058 95%
c W 20.09  8 14 0 99 192 1 660362 16947 1.9 21 11 2 8 88% 1384 2603 1058 95%
c - 20.19  8 14 0 100 194 1 662484 11844 1.9 21 11 2 8 88% 1384 2603 1058 95%
c - 20.54  8 14 0 101 199 1 672485 11626 1.9 21 11 2 8 88% 1384 2603 1058 95%
c u 20.63  8 14 0 101 201 1 674712 12630 1.9 21 11 2 8 88% 1385 2603 1058 95%
c v 20.71  8 14 0 101 201 1 674712 10947 1.9 21 11 2 8 88% 1385 2603 1058 95%
c w 20.76  8 14 0 101 201 1 674712 9808 1.9 21 11 2 8 88% 1385 2603 1058 95%
c t 20.76  8 14 0 101 201 1 674712 9808 1.9 21 11 2 8 88% 1383 2603 1058 95%
c - 20.98  8 14 0 102 204 1 682535 9107 1.8 21 11 2 8 88% 1384 2603 1058 95%
c - 21.27  8 14 0 103 207 1 692635 10026 1.9 21 11 2 8 88% 1384 2603 1058 95%
c - 21.59  8 14 0 104 212 1 702784 11120 1.8 20 11 2 8 88% 1384 2603 1058 95%
c - 21.94  8 13 0 105 218 1 712983 11984 1.8 20 11 2 8 88% 1384 2603 1058 95%
c
c seconds  switched    rate          size/glue  tier1    binary       remaining
c        MB  reductions  conflicts         size   tier2    irredundant
c         level   restarts      redundant     glue   trail       variables
c
c - 22.35  8 13 0 106 220 1 723229 13240 1.8 20 11 2 8 88% 1385 2603 1058 95%
c - 22.73  8 13 0 107 220 1 733524 14246 1.8 20 11 2 8 88% 1386 2603 1058 95%
c O 22.91  8 13 0 107 220 1 738790 18054 1.8 20 11 2 8 88% 1387 2603 1058 95%
c o 22.91  8 13 0 107 220 1 738790 18054 1.8 20 11 2 8 88% 1387 2603 1058 95%
c - 23.12  7 13 0 108 224 1 743868 12870 1.8 20 11 2 8 88% 1387 2603 1058 95%
c - 23.51  7 13 0 109 230 1 754260 12550 1.9 21 11 2 8 88% 1388 2603 1058 95%
c u 23.84  8 13 0 109 234 1 761781 16868 1.9 21 11 2 8 88% 1392 2603 1058 95%
c v 23.95  8 13 0 109 234 1 761781 15273 1.9 21 11 2 8 88% 1392 2603 1058 95%
c w 23.99 10 13 0 109 234 1 761781 13138 1.9 21 11 2 8 88% 1392 2603 1058 95%
c t 23.99 10 13 0 109 234 1 761781 13138 1.9 21 11 2 8 88% 1388 2603 1058 95%
c - 24.10  9 13 0 110 235 1 764700 9935 1.9 21 11 2 8 88% 1388 2603 1058 95%
c - 24.46 10 14 0 111 238 1 775189 10624 1.9 21 11 2 8 88% 1388 2603 1058 95%
c - 24.79  9 14 0 112 244 1 785724 10670 1.9 21 11 2 8 88% 1389 2603 1058 95%
c - 25.14 10 14 0 113 249 1 796308 11181 1.9 21 11 2 8 88% 1389 2603 1058 95%
c - 25.53 10 14 0 114 251 1 806941 11926 1.9 21 11 2 8 88% 1389 2603 1058 95%
c - 25.92 10 14 0 115 251 1 817618 11881 1.9 21 11 2 8 88% 1389 2603 1058 95%
c B 26.12 10 14 0 115 252 1 822828 15181 1.9 21 11 2 8 88% 1389 2603 1058 95%
c - 26.28 10 14 0 116 252 1 828341 12410 1.8 21 11 2 8 88% 1389 2603 1058 95%
c - 26.63 10 14 0 117 252 1 839112 13291 1.9 21 11 2 8 88% 1389 2603 1058 95%
c e 26.69  9 14 0 117 252 1 840560 14342 1.9 21 11 2 8 88% 1386 2604 1057 95%
c
c seconds  switched    rate          size/glue  tier1    binary       remaining
c        MB  reductions  conflicts         size   tier2    irredundant
c         level   restarts      redundant     glue   trail       variables
c
c - 27.06 10 14 0 118 252 1 849928 12452 1.8 21 11 2 8 88% 1386 2604 1057 95%
c u 27.30  8 14 0 118 253 1 854678 14412 1.8 20 11 2 8 88% 1387 2604 1057 95%
c v 27.39  8 14 0 118 253 1 854678 12759 1.8 20 11 2 8 88% 1387 2604 1057 95%
c w 27.47  8 14 0 118 253 1 854678 11470 1.8 20 11 2 8 88% 1387 2604 1057 95%
c t 27.47  8 14 0 118 253 1 854678 11470 1.8 20 11 2 8 88% 1386 2604 1057 95%
c o 27.48  8 14 0 118 253 1 854678 11470 1.8 20 11 2 8 88% 1386 2604 1057 95%
c - 27.66  8 14 0 119 253 1 860790 9898 1.8 20 11 2 8 88% 1386 2604 1057 95%
c - 28.03  8 14 0 120 253 1 871698 10911 1.8 20 11 2 8 88% 1386 2604 1057 95%
c - 28.45  8 14 0 121 253 1 882655 10996 1.8 20 11 2 8 89% 1386 2604 1057 95%
c - 28.80  8 14 0 122 253 1 893656 10889 1.8 20 11 2 8 89% 1386 2604 1057 95%
c - 29.16  8 14 0 123 253 1 904701 11299 1.8 20 11 2 8 89% 1386 2604 1057 95%
c W 29.42  8 14 0 123 253 1 912629 16332 1.8 20 11 2 8 89% 1386 2604 1057 95%
c - 29.54  8 14 0 124 253 1 915791 11160 1.8 20 11 2 8 90% 1386 2604 1057 95%
c - 29.91  8 14 0 125 254 1 926927 11351 1.8 20 11 2 8 89% 1386 2604 1057 95%
c - 30.34  8 14 0 126 254 1 938109 12420 1.8 20 11 2 8 90% 1386 2604 1057 95%
c - 30.76  8 14 0 127 254 1 949334 13686 1.8 20 11 2 8 90% 1386 2604 1057 95%
c u 30.93  8 13 0 127 254 1 953493 15814 1.8 20 11 2 8 90% 1387 2604 1056 95%
c v 31.01  8 13 0 127 254 1 953493 14728 1.8 20 11 2 8 90% 1387 2604 1056 95%
c w 31.04 11 13 0 127 254 1 953493 13738 1.8 20 11 2 8 90% 1387 2604 1056 95%
c x 31.04 11 13 0 127 254 1 953493 13738 1.8 20 11 2 8 90% 1391 2587 1056 95%
c
c seconds  switched    rate          size/glue  tier1    binary       remaining
c        MB  reductions  conflicts         size   tier2    irredundant
c         level   restarts      redundant     glue   trail       variables
c
c d 31.04 11 13 0 127 254 1 953493 13737 1.8 20 11 2 8 90% 1387 2587 1054 95%
c u 31.07 11 13 0 127 254 1 953493 13654 1.8 20 11 2 8 90% 1387 2587 1054 95%
c v 31.17 11 13 0 127 254 1 953493 12535 1.8 20 11 2 8 90% 1387 2587 1054 95%
c w 31.25 11 13 0 127 254 1 953493 11410 1.8 20 11 2 8 90% 1387 2587 1054 95%
c i 31.25 11 13 0 127 254 1 953493 11410 1.8 20 11 2 8 90% 1387 2587 1054 95%
c - 31.47  9 14 0 128 254 1 960604 10975 1.8 20 11 2 8 90% 1381 2587 1054 95%
c - 31.87  9 14 0 129 254 1 971917 11467 1.8 20 11 2 8 90% 1381 2587 1054 95%
c - 32.23  9 13 0 130 254 1 983274 11911 1.8 20 11 2 8 90% 1381 2587 1054 95%
c - 32.59 10 13 0 131 254 1 994675 13449 1.8 20 11 2 8 90% 1381 2587 1054 95%
c - 32.98 10 13 0 132 254 1 1006121 13708 1.8 20 11 2 8 90% 1381 2587 1054 95%
c I 33.06 10 13 0 132 254 1 1008343 15054 1.8 20 11 2 8 90% 1381 2587 1054 95%
c o 33.06 10 13 0 132 254 1 1008343 15054 1.8 20 11 2 8 90% 1381 2587 1054 95%
c - 33.33  9 13 0 133 254 1 1017611 13177 1.8 20 11 2 8 90% 1381 2587 1054 95%
c - 33.67 10 13 0 134 254 1 1029144 13536 1.8 20 11 2 8 90% 1381 2587 1054 95%
c - 34.05 10 13 0 135 254 1 1040720 14045 1.8 19 11 2 8 89% 1381 2587 1054 95%
c - 34.45 10 13 0 136 256 1 1052339 14230 1.8 19 11 2 8 90% 1381 2587 1054 95%
c u 34.71 10 13 0 136 260 1 1058357 17164 1.8 19 11 2 8 90% 1381 2587 1054 95%
c v 34.83 10 13 0 136 260 1 1058357 15442 1.8 19 11 2 8 90% 1381 2587 1054 95%
c w 34.87 11 13 0 136 260 1 1058357 13864 1.8 19 11 2 8 90% 1381 2587 1054 95%
c - 35.49  9 13 0 137 262 1 1064002 11560 1.8 19 11 2 8 90% 1381 2587 1054 95%
c
c seconds  switched    rate           size/glue  tier1    binary       remaining
c        MB  reductions   conflicts         size   tier2    irredundant
c         level   restarts       redundant     glue   trail       variables
c
c - 35.88  9 13 0 138 269 1 1075707 13032 1.8 19 11 2 8 90% 1381 2587 1054 95%
c e 36.02  9 13 0 138 269 1 1080160 15968 1.8 19 11 2 8 90% 1379 2587 1053 95%
c - 36.28 10 13 0 139 272 1 1087454 13549 1.8 19 11 2 8 89% 1380 2587 1053 95%
c - 36.67 10 13 0 140 279 1 1099244 14217 1.8 19 11 2 8 89% 1380 2587 1053 95%
c B 37.08 10 13 0 140 284 1 1110121 22028 1.8 20 11 2 8 89% 1382 2587 1053 95%
c - 37.11 10 13 0 141 284 1 1111078 14465 1.8 20 11 2 8 89% 1382 2587 1053 95%
c - 37.49 10 14 0 142 285 1 1122953 15010 1.8 20 11 2 8 89% 1382 2587 1053 95%
c - 37.95  9 14 0 143 288 1 1134870 13401 1.8 20 11 2 8 89% 1383 2587 1053 95%
c - 38.42 10 13 0 144 294 1 1146828 14356 1.9 20 11 2 8 89% 1384 2587 1053 95%
c - 38.89 10 13 0 145 300 1 1158829 15305 1.9 20 11 2 8 89% 1384 2587 1053 95%
c u 39.34 11 13 0 145 303 1 1169301 21699 1.9 20 11 2 8 89% 1384 2587 1053 95%
c v 39.49 11 13 0 145 303 1 1169301 20368 1.9 20 11 2 8 89% 1384 2587 1053 95%
c w 39.53 12 13 0 145 303 1 1169301 16687 1.9 20 11 2 8 89% 1384 2587 1053 95%
c o 39.54 12 13 0 145 303 1 1169301 16687 1.9 20 11 2 8 89% 1384 2587 1053 95%
c - 39.59 10 13 0 146 305 1 1170870 13465 1.9 20 11 2 8 89% 1384 2587 1053 95%
c - 39.99 10 13 0 147 311 1 1182953 15332 1.9 20 11 2 8 89% 1384 2587 1053 95%
c - 40.41 10 13 0 148 315 1 1195077 15087 1.9 20 11 2 8 88% 1384 2587 1053 95%
c - 40.80 10 13 0 149 316 1 1207242 15672 1.9 19 10 2 8 88% 1384 2587 1053 95%
c W 41.24  9 13 0 149 317 1 1218107 21725 1.9 19 10 2 8 89% 1384 2587 1053 95%
c - 41.29  9 12 0 150 317 1 1219449 15200 1.9 19 10 2 7 89% 1384 2587 1053 95%
c
c seconds  switched    rate           size/glue  tier1    binary       remaining
c        MB  reductions   conflicts         size   tier2    irredundant
c         level   restarts       redundant     glue   trail       variables
c
c - 41.73  9 13 0 151 317 1 1231696 15434 1.9 19 10 2 7 89% 1386 2587 1053 95%
c - 42.12  7 13 0 152 317 1 1243985 14288 1.9 19 10 2 7 89% 1386 2587 1053 95%
c - 42.58  7 13 0 153 324 1 1256314 13627 1.9 19 10 2 7 89% 1386 2587 1053 95%
c - 43.02  8 13 0 154 331 1 1268685 14132 1.9 19 10 2 7 89% 1387 2587 1053 95%
c - 43.45  8 12 0 155 333 1 1281094 14943 1.8 19 10 2 7 89% 1387 2587 1053 95%
c u 43.70  8 12 0 155 337 1 1286353 17180 1.8 19 10 2 7 89% 1387 2587 1053 95%
c v 43.85 11 12 0 155 337 1 1286353 14580 1.8 19 10 2 7 89% 1387 2587 1053 95%
c w 43.90 11 12 0 155 337 1 1286353 12541 1.8 19 10 2 7 89% 1387 2587 1053 95%
c - 44.13  9 12 0 156 340 1 1293543 11731 1.8 19 10 2 7 88% 1387 2587 1053 95%
c - 44.64 10 13 0 157 347 1 1306032 12711 1.8 19 10 2 7 89% 1387 2587 1053 95%
c - 45.12 10 13 0 158 348 1 1318561 12873 1.8 19 10 2 7 89% 1387 2587 1053 95%
c - 45.59 10 12 0 159 350 1 1331130 13854 1.8 18 10 2 7 89% 1387 2587 1053 95%
c O 45.63  9 12 0 159 351 1 1332447 14845 1.8 19 10 2 7 89% 1387 2587 1053 95%
c o 45.63  9 12 0 159 351 1 1332447 14845 1.8 19 10 2 7 89% 1387 2587 1053 95%
c - 46.04 10 13 0 160 357 1 1343740 15100 1.8 19 10 2 7 89% 1387 2587 1053 95%
c - 46.52  9 13 0 161 363 1 1356389 14391 1.8 19 10 2 7 89% 1387 2587 1053 95%
c s 46.53  8 13 0 161 363 1 1356730 14602 1.8 19 10 2 7 89% 1387 2586 1053 95%
c e 46.53  8 13 0 161 363 1 1356730 14602 1.8 19 10 2 7 89% 1384 2587 1052 95%
c - 47.01  9 13 0 162 369 1 1369078 13637 1.8 19 10 2 7 89% 1384 2587 1052 95%
c - 47.48  9 13 0 163 376 1 1381806 14369 1.8 19 10 2 7 88% 1384 2587 1052 95%
c
c seconds  switched    rate           size/glue  tier1    binary       remaining
c        MB  reductions   conflicts         size   tier2    irredundant
c         level   restarts       redundant     glue   trail       variables
c
c - 47.96  9 13 0 164 378 1 1394573 14479 1.8 19 10 2 7 89% 1384 2587 1052 95%
c - 48.49 10 13 0 165 379 1 1407380 15277 1.9 19 10 2 7 89% 1384 2587 1052 95%
c u 48.61 10 13 0 165 379 1 1409579 15765 1.9 19 10 2 7 89% 1384 2587 1052 95%
c v 48.78 11 13 0 165 379 1 1409579 13764 1.9 19 10 2 7 89% 1384 2587 1052 95%
c w 48.85 11 13 0 165 379 1 1409579 13033 1.9 19 10 2 7 89% 1384 2587 1052 95%
c - 49.23  9 13 0 166 380 1 1420225 13601 1.9 19 10 2 7 89% 1384 2587 1052 95%
c - 49.66 10 13 0 167 380 1 1433110 14431 1.9 20 10 2 7 89% 1384 2587 1052 95%
c - 50.15 10 13 0 168 381 1 1446032 14679 1.9 19 10 2 7 89% 1384 2587 1052 95%
c B 50.41 10 13 0 168 381 1 1453281 19407 1.9 19 10 2 7 88% 1384 2587 1052 95%
c - 50.64 10 13 0 169 381 1 1458994 15032 1.9 19 10 2 7 89% 1384 2587 1052 95%
c - 51.09 10 13 0 170 381 1 1471994 15522 1.9 19 10 2 7 87% 1384 2587 1052 95%
c - 51.55 10 12 0 171 381 1 1485033 16299 1.9 19 10 2 7 86% 1384 2587 1052 95%
c - 52.05 10 13 0 172 381 1 1498111 16832 1.9 19 10 2 7 86% 1385 2587 1052 95%
c - 52.58 10 13 0 173 382 1 1511225 16093 1.9 20 10 2 7 86% 1385 2587 1052 95%
c - 53.03 11 12 0 174 390 1 1524377 16988 1.9 19 10 2 7 84% 1385 2587 1052 95%
c - 53.47 11 12 0 175 396 1 1537567 18867 1.9 19 10 2 7 84% 1385 2587 1052 95%
c u 53.59  9 12 0 175 396 1 1539043 18867 1.9 19 10 2 7 84% 1385 2587 1052 95%
c v 53.76 11 12 0 175 396 1 1539043 15683 1.9 19 10 2 7 84% 1385 2587 1052 95%
c w 53.81 11 12 0 175 396 1 1539043 14071 1.9 19 10 2 7 84% 1385 2587 1052 95%
c o 53.81 11 12 0 175 396 1 1539043 14071 1.9 19 10 2 7 84% 1385 2587 1052 95%
c
c seconds  switched    rate           size/glue  tier1    binary       remaining
c        MB  reductions   conflicts         size   tier2    irredundant
c         level   restarts       redundant     glue   trail       variables
c
c - 54.20  9 12 0 176 402 1 1550795 14103 1.9 19 10 2 7 84% 1385 2587 1052 95%
c - 54.68  9 12 0 177 410 1 1564062 14129 1.9 19 10 2 7 85% 1385 2587 1052 95%
c - 55.10  9 12 0 178 412 1 1577366 14546 1.8 19 10 2 7 85% 1385 2587 1052 95%
c W 55.26  8 12 0 178 412 1 1580751 16167 1.8 18 10 2 7 85% 1385 2587 1052 95%
c - 55.64  7 12 0 179 412 1 1590708 14611 1.8 18 10 2 7 85% 1385 2587 1052 95%
c - 56.21  9 12 0 180 419 1 1604088 15784 1.8 18 10 2 7 85% 1385 2587 1052 95%
c - 56.69  9 12 0 181 427 1 1617504 15670 1.8 18 10 2 7 85% 1386 2587 1052 95%
c - 57.21  9 12 0 182 432 1 1630958 15442 1.8 18 10 2 7 85% 1386 2587 1052 95%
c - 57.78  9 12 0 183 440 1 1644449 16004 1.8 18 10 2 7 85% 1386 2587 1052 95%
c - 58.31  9 12 0 184 443 1 1657977 17146 1.8 18 10 2 7 86% 1387 2587 1052 95%
c - 58.87  9 12 0 185 443 1 1671541 17222 1.8 18 10 2 7 86% 1388 2587 1052 95%
c e 58.87  9 12 0 185 443 1 1671562 17238 1.8 18 10 2 7 86% 1385 2588 1051 95%
c u 59.06  9 12 0 185 444 1 1674794 17942 1.8 18 10 2 7 86% 1385 2588 1051 95%
c v 59.17 11 12 0 185 444 1 1674794 15550 1.8 18 10 2 7 86% 1385 2588 1051 95%
c w 59.21 11 12 0 185 444 1 1674794 13674 1.8 18 10 2 7 86% 1385 2588 1051 95%
c x 59.22 11 12 0 185 444 1 1674794 13674 1.8 18 10 2 7 86% 1385 2579 1051 95%
c - 59.67  9 12 0 186 444 1 1685142 12991 1.8 17 10 2 7 87% 1385 2579 1051 95%
c - 60.20 10 12 0 187 444 1 1698780 13893 1.7 17 10 2 7 88% 1385 2579 1051 95%
c - 60.75  9 12 0 188 449 1 1712454 15182 1.7 17 10 2 7 88% 1385 2579 1051 95%
c I 60.85 10 12 0 188 450 1 1714991 16889 1.7 17 10 2 7 88% 1385 2579 1051 95%
c
c seconds  switched    rate           size/glue  tier1    binary       remaining
c        MB  reductions   conflicts         size   tier2    irredundant
c         level   restarts       redundant     glue   trail       variables
c
c o 60.85 10 12 0 188 450 1 1714991 16889 1.7 17 10 2 7 88% 1385 2579 1051 95%
c - 61.21 10 12 0 189 457 1 1726166 15886 1.7 17 10 2 7 88% 1385 2579 1051 95%
c - 61.68  9 12 0 190 460 1 1739914 14543 1.7 17 10 2 7 88% 1385 2579 1051 95%
c - 62.17 10 12 0 191 468 1 1753699 14672 1.7 17 10 2 7 88% 1385 2579 1051 95%
c - 62.67 10 12 0 192 474 1 1767519 15290 1.7 16 10 2 7 88% 1386 2579 1051 95%
c - 63.20 10 12 0 193 475 1 1781378 15356 1.7 16 10 2 7 89% 1386 2579 1051 95%
c - 63.77  9 12 0 194 481 1 1795270 14896 1.7 16 10 2 7 89% 1387 2579 1051 95%
c - 64.42 10 12 0 195 488 1 1809199 16065 1.7 16 10 2 7 89% 1387 2579 1051 95%
c u 64.81 10 12 0 195 490 1 1816947 19283 1.7 16 10 2 7 89% 1387 2579 1051 95%
c v 64.98 11 12 0 195 490 1 1816947 16608 1.7 16 10 2 7 89% 1387 2579 1051 95%
c w 65.07 11 12 0 195 490 1 1816947 14524 1.7 16 10 2 7 89% 1387 2579 1051 95%
c - 65.33  9 12 0 196 492 1 1823163 12905 1.7 16 10 2 7 89% 1387 2579 1051 95%
c - 65.92 10 12 0 197 500 1 1837163 14546 1.6 16 10 2 7 89% 1387 2579 1051 95%
c - 66.46 10 12 0 198 505 1 1851198 16277 1.7 16 10 2 7 89% 1388 2579 1051 95%
c B 66.65 10 12 0 198 506 1 1856138 19466 1.7 16 10 2 7 89% 1388 2579 1051 95%
c - 66.99 10 12 0 199 506 1 1865270 16170 1.7 17 10 2 7 89% 1388 2579 1051 95%
c - 67.53  9 12 0 200 507 1 1879376 15217 1.7 17 10 2 7 89% 1388 2579 1051 95%
c - 68.13 10 12 0 201 507 1 1893518 16865 1.7 17 10 2 7 89% 1388 2579 1051 95%
c - 68.68 10 12 0 202 508 1 1907696 18660 1.7 17 10 2 7 89% 1388 2579 1051 95%
c - 69.32 10 12 0 203 508 1 1921908 19607 1.7 17 10 2 7 89% 1389 2579 1051 95%
c
c seconds  switched    rate           size/glue tier1    binary       remaining
c        MB  reductions   conflicts         size  tier2    irredundant
c         level   restarts       redundant    glue   trail       variables
c
c - 69.89 11 11 0 204 508 1 1936156 20831 1.8 16 9 2 7 89% 1390 2579 1051 95%
c i 70.06 10 11 0 204 508 1 1941126 23666 1.8 16 9 2 7 88% 1400 2579 1050 94%
c o 70.06 10 11 0 204 508 1 1941126 23666 1.8 16 9 2 7 88% 1400 2579 1050 94%
c - 70.42  9 11 0 205 508 1 1950438 12442 1.8 17 9 2 7 88% 1368 2579 1050 94%
c - 70.99  9 12 0 206 508 1 1964755 14252 1.8 17 10 2 7 88% 1369 2579 1050 94%
c u 71.08  8 12 0 206 508 1 1965450 13749 1.8 17 10 2 7 88% 1426 2504 1050 94%
c v 71.20  9 12 0 206 508 1 1965450 12244 1.8 17 10 2 7 88% 1429 2504 1050 94%
c w 71.24  8 12 0 206 508 1 1965450 11513 1.8 17 10 2 7 88% 1430 2504 1050 94%
c = 71.40  8 12 0 206 508 1 1965450 11513 1.8 17 10 2 7 88% 1488 2502 1021 92%
c d 71.40  8 12 0 206 508 1 1965450 11513 1.8 17 10 2 7 88% 1377 2502 1021 92%
c t 71.40  8 12 0 206 508 1 1965450 11513 1.8 17 10 2 7 88% 1354 2502 1021 92%
c u 71.46  8 12 0 206 508 1 1965450 11150 1.8 17 10 2 7 88% 1359 2502 1021 92%
c v 71.54  9 12 0 206 508 1 1965450 9954 1.8 17 10 2 7 88% 1359 2502 1021 92%
c w 71.57  9 12 0 206 508 1 1965450 9695 1.8 17 10 2 7 88% 1359 2502 1021 92%
c d 71.57  9 12 0 206 508 1 1965450 9694 1.8 17 10 2 7 88% 1356 2497 1019 92%
c t 71.57  9 12 0 206 508 1 1965450 9694 1.8 17 10 2 7 88% 1354 2497 1019 92%
c - 72.08  9 12 0 207 509 1 1979107 12459 1.8 17 10 2 7 88% 1355 2497 1019 92%
c - 72.61 10 12 0 208 509 1 1993496 15612 1.8 17 10 2 7 88% 1355 2497 1019 92%
c W 73.10  9 12 0 208 509 1 2004327 23369 1.9 18 10 2 7 88% 1357 2497 1019 92%
c - 73.23  9 12 0 209 509 1 2007919 17273 1.9 18 10 2 7 88% 1357 2497 1019 92%
c
c seconds  switched    rate           size/glue  tier1    binary       remaining
c        MB  reductions   conflicts         size   tier2    irredundant
c         level   restarts       redundant     glue   trail       variables
c
c - 73.81  9 12 0 210 509 1 2022375 16941 1.9 18 10 2 7 88% 1357 2497 1019 92%
c s 73.96  9 12 0 210 509 1 2026272 19134 1.9 18 10 2 7 88% 1358 2488 1019 92%
c e 73.96  9 12 0 210 509 1 2026272 19134 1.9 18 10 2 7 88% 1356 2487 1018 92%
c - 74.32 10 12 0 211 509 1 2036866 16783 1.9 18 10 2 7 89% 1356 2487 1018 92%
c - 74.86 10 12 0 212 509 1 2051392 17545 1.9 18 10 2 7 88% 1356 2487 1018 92%
c - 75.44 10 12 0 213 509 1 2065952 17711 1.9 18 9 2 7 88% 1356 2487 1018 92%
c - 76.06 10 11 0 214 509 1 2080547 18813 1.9 18 9 2 7 88% 1356 2487 1018 92%
c - 76.57 10 11 0 215 509 1 2095175 19775 1.9 17 9 2 7 89% 1357 2487 1018 92%
c - 77.10 10 11 0 216 510 1 2109838 19293 1.8 17 9 2 7 89% 1361 2487 1018 92%
c u 77.61 10 11 0 216 510 1 2121151 23771 1.8 16 9 2 7 89% 1393 2487 1018 92%
c v 77.79 11 11 0 216 510 1 2121151 18564 1.8 16 9 2 7 89% 1398 2487 1018 92%
c w 77.90 11 11 0 216 510 1 2121151 14041 1.8 16 9 2 7 89% 1398 2487 1018 92%
c d 77.91 11 11 0 216 510 1 2121151 14041 1.8 16 9 2 7 89% 1396 2486 1017 91%
c t 77.91 11 11 0 216 510 1 2121151 14041 1.8 16 9 2 7 89% 1363 2486 1014 91%
c b 77.91 11 11 0 216 510 1 2121151 14041 1.8 16 9 2 7 89% 1363 2486 1012 91%
c u 77.97 11 11 0 216 510 1 2121151 13576 1.8 16 9 2 7 89% 1371 2481 1012 91%
c v 78.09 11 11 0 216 510 1 2121151 12047 1.8 16 9 2 7 89% 1371 2481 1012 91%
c w 78.19 11 11 0 216 510 1 2121151 11372 1.8 16 9 2 7 89% 1372 2481 1012 91%
c d 78.19 11 11 0 216 510 1 2121151 11372 1.8 16 9 2 7 89% 1364 2481 1008 91%
c t 78.19 11 11 0 216 510 1 2121151 11372 1.8 16 9 2 7 89% 1357 2481 1008 91%
c
c seconds  switched    rate           size/glue tier1    binary       remaining
c        MB  reductions   conflicts         size  tier2    irredundant
c         level   restarts       redundant    glue   trail       variables
c
c o 78.19 11 11 0 216 510 1 2121151 11372 1.8 16 9 2 7 89% 1357 2481 1008 91%
c - 78.32  9 11 0 217 510 1 2124534 10405 1.8 16 9 2 7 89% 1343 2481 1008 91%
c - 78.83 10 11 0 218 510 1 2139264 14453 1.8 16 9 2 7 89% 1343 2481 1008 91%
c - 79.41 11 11 0 219 510 1 2154028 17408 1.8 16 9 2 7 89% 1345 2481 1008 91%
c O 79.63 10 11 0 219 510 1 2159688 20354 1.8 16 9 2 7 89% 1346 2481 1008 91%
c i 79.91 10 10 0 219 510 1 2166695 23539 1.8 15 9 2 7 89% 1357 2481 977 88%
c - 80.00 10 11 0 220 510 1 2168827 10084 1.8 15 9 2 7 89% 1267 2481 977 88%
c - 80.49 10 11 0 221 510 1 2183659 14298 1.8 16 9 2 7 89% 1267 2481 977 88%
c - 81.07 10 10 0 222 510 1 2198527 16383 1.8 15 8 2 6 89% 1269 2481 977 88%
c i 81.54 11 10 0 222 510 1 2210764 22813 1.8 15 8 2 6 88% 1283 2481 976 88%
c - 81.66 10 10 0 223 510 1 2213426 11732 1.8 15 8 2 6 88% 1261 2481 976 88%
c - 82.19 10 10 0 224 510 1 2228359 15938 1.9 15 8 2 6 88% 1262 2481 976 88%
c - 82.73 11 10 0 225 510 1 2243326 18758 1.9 16 8 2 6 88% 1262 2481 976 88%
c i 83.30 11 10 0 225 510 1 2256933 27151 1.9 15 8 2 6 88% 1279 2481 967 87%
c - 83.37 11 10 0 226 510 1 2258326 14546 1.9 15 8 2 6 88% 1222 2481 967 87%
c i 83.63 11 10 0 226 510 1 2264763 17741 1.9 15 8 2 6 88% 1236 2481 955 86%
c i 83.98 11 10 0 226 510 1 2270663 19709 1.9 15 8 2 6 88% 1250 2481 954 86%
c - 84.13  9 10 0 227 510 1 2273360 13510 1.9 15 8 2 6 88% 1211 2481 954 86%
c i 84.18  9 10 0 227 510 1 2274337 13767 1.9 15 8 2 6 88% 1223 2481 927 83%
c i 84.27  9 10 0 227 510 1 2275950 14360 1.9 15 8 2 6 88% 1235 2481 903 81%
c
c seconds  switched    rate           size/glue tier1    binary      remaining
c        MB  reductions   conflicts         size  tier2    irredundant
c         level   restarts       redundant    glue   trail       variables
c
c i 84.30  9 10 0 227 510 1 2276692 14683 1.9 15 8 2 6 88% 1244 2481 902 81%
c i 84.31  9 10 0 227 510 1 2276916 14743 1.9 15 8 2 6 88% 1251 2481 900 81%
c i 84.32  9 10 0 227 510 1 2277267 14875 1.9 14 8 2 6 88% 1261 2481 898 81%
c i 84.33  9 10 0 227 510 1 2277348 14894 1.9 14 8 2 6 88% 1267 2481 872 78%
c i 84.33  9 10 0 227 510 1 2277391 14913 1.9 14 8 2 6 88% 1270 2481 864 78%
c i 84.33  9 9 0 227 510 1 2277408 14916 1.9 14 8 2 6 88% 1274 2481 832 75%
c i 84.33  9 9 0 227 510 1 2277412 14916 1.9 14 8 2 6 88% 1276 2481 831 75%
c i 84.33  9 9 0 227 510 1 2277427 14919 1.9 14 8 2 6 88% 1278 2481 824 74%
c i 84.33  9 9 0 227 510 1 2277429 14916 1.9 14 8 2 6 88% 1279 2481 823 74%
c i 84.33  9 9 0 227 510 1 2277443 14917 1.9 14 8 2 6 88% 1285 2481 797 72%
c i 84.33  9 9 0 227 510 1 2277445 14917 1.9 14 8 2 6 88% 1286 2481 793 71%
c i 84.33  9 9 0 227 510 1 2277450 14917 1.9 14 8 2 6 88% 1288 2481 791 71%
c ] 84.33  9 9 0 227 510 1 2277453 14917 1.9 14 8 2 6 88% 1289 2481 758 68%
c 0 84.33  9 0 0 227 510 0 2277453 14917 0.0 0 0 2 6 0% 1289 2481 758 68%
c
c ---- [ result ] ------------------------------------------------------------
c
s UNSATISFIABLE
c
c ---- [ profiling ] ---------------------------------------------------------
c
c          78.30   92.85 %  search
c          78.30   92.85 %  stable
c           6.01    7.13 %  simplify
c           5.80    6.87 %  probe
c           4.73    5.61 %  vivify
c           0.98    1.16 %  sweep
c           0.37    0.44 %  reduce
c           0.22    0.27 %  walking
c           0.06    0.07 %  substitute
c           0.02    0.02 %  preprocess
c           0.01    0.01 %  factor
c           0.01    0.01 %  eliminate
c           0.01    0.01 %  congruence
c           0.01    0.01 %  transitive
c           0.00    0.00 %  backbone
c           0.00    0.00 %  subsume
c           0.00    0.00 %  parse
c           0.00    0.00 %  lucky
c =============================================
c          84.33  100.00 %  total
c
c ---- [ statistics ] --------------------------------------------------------
c
c conflicts:                          2277453            27005.76 per second
c congruent:                               43                4 %  variables
c decisions:                          2455191                1.08 per conflict
c eliminated:                              14                1 %  variables
c factored:                                26                2 %  variables
c iterations:                              21                2 %  variables
c propagations:                     638273426          7568569    per second
c reductions:                             227            10033    interval
c reordered:                               19           119866    interval
c rephased:                                36            63263    interval
c restarts:                               510             4466    interval
c strengthened:                            20                0 %  checks
c substituted:                            106               10 %  variables
c subsumed:                                 9                0 %  checks
c switched:                                 0                0    interval
c vivified:                            167976               50 %  checks
c walks:                                   12           189788    interval
c
c ---- [ glue usage ] --------------------------------------------------------
c
c stable glue 2 used 7510151 clauses 20.74% accumulated 66.26% tier1
c stable glue 3 used 4435718 clauses 12.25% accumulated 78.51%
c stable glue 4 used 2114506 clauses  5.84% accumulated 84.35%
c stable glue 5 used 1259672 clauses  3.48% accumulated 87.82%
c stable glue 6 used  898419 clauses  2.48% accumulated 90.30% tier2
c
c ---- [ resources ] ---------------------------------------------------------
c
c maximum-resident-set-size:        383602688 bytes        366 MB
c process-time:                         1m 24s              84.33 seconds
c
c ---- [ shutting down ] -----------------------------------------------------
c
c exit 20
