c ---- [ banner ] ------------------------------------------------------------
c
c Kissat SAT Solver
c 
c Copyright (c) 2021-2024 Armin Biere University of Freiburg
c Copyright (c) 2019-2021 Armin Biere Johannes Kepler University Linz
c 
c Version 4.0.4 8af8e56f174b778aef3aa45af9f739b2a5f492c2
c gcc (GCC) 15.2.1 20260123 (Red Hat 15.2.1-7) -W -Wall -O3 -DNDEBUG
c Thu Apr 23 06:47:51 PM IST 2026 Linux krishnendu-LN 6.19.12-200.fc43.x86_64 x86_64
c
c ---- [ parsing ] -----------------------------------------------------------
c
c opened and reading DIMACS file:
c
c   /home/krishnendu/Research/fv-invariant-mining/data/circuits/cnf/miter_mult_9bit.cnf
c
c parsed 'p cnf 873 3299' header
c closing input after reading 48449 bytes (47 KB)
c finished parsing after 0.00 seconds
c
c ---- [ options ] -----------------------------------------------------------
c
c --decay=190                      (different from default '50')
c --eliminateeffort=500            (different from default '100')
c --stable=0                       (different from default '1')
c
c ---- [ solving ] -----------------------------------------------------------
c
c seconds switched rate     size/glue tier1  binary      remaining
c        MB reductions conflicts size  tier2   irredundant
c         level restarts redundant glue  trail       variables
c
c *  0.00  3 0 0 0  0 0   0   0 0.0 0 0 0 0 0% 1142 2155 870 100%
c (  0.00  3 0 0 0  0 0   0   0 0.0 0 0 0 0 0% 1142 2155 870 100%
c .  0.00  3 0 0 0  0 0   0   0 0.0 0 0 0 0 0% 1138 2155 870 100%
c c  0.00  3 0 0 0  0 0   0   0 0.0 0 0 0 0 0% 1186 2153 836 96%
c d  0.00  3 0 0 0  0 0   0   0 0.0 0 0 0 0 0% 1070 2153 836 96%
c =  0.02  3 0 0 0  0 0   0   0 0.0 0 0 0 0 0% 1084 2141 828 95%
c d  0.02  3 0 0 0  0 0   0   0 0.0 0 0 0 0 0% 1064 2141 828 95%
c f  0.02  4 0 0 0  0 0   0   0 0.0 0 0 0 0 0% 1040 2124 852 98%
c )  0.02  4 0 0 0  0 0   0   0 0.0 0 0 0 0 0% 1040 2124 852 98%
c {  0.02  4 0 0 0  0 0   0   0 0.0 0 0 2 6 0% 1040 2124 852 98%
c -  0.05  4 18 0 1 297 3 1002 460 1.8 20 11 3 14 84% 1052 2124 852 98%
c -  0.06  4 19 0 2 299 2 2002 969 1.9 19 10 3 13 75% 1057 2124 852 98%
c -  0.09  4 18 0 3 300 2 3416 1624 2.1 20 9 3 11 73% 1058 2124 852 98%
c u  0.10  4 18 0 3 300 2 3513 1570 2.1 20 9 3 11 74% 1062 2124 852 98%
c v  0.10  4 18 0 3 300 2 3513 1546 2.1 20 9 3 11 74% 1062 2124 852 98%
c w  0.10  4 18 0 3 300 2 3513 1544 2.1 20 9 3 11 74% 1062 2124 852 98%
c x  0.11  4 18 0 3 300 2 3513 1541 2.1 20 9 3 11 74% 1072 2073 852 98%
c =  0.12  4 18 0 3 300 2 3513 1541 2.1 20 9 3 11 74% 1102 2072 837 96%
c d  0.12  4 18 0 3 300 2 3513 1541 2.1 20 9 3 11 74% 1057 2072 837 96%
c t  0.12  4 18 0 3 300 2 3513 1541 2.1 20 9 3 11 74% 1048 2072 837 96%
c
c seconds  switched  rate       size/glue tier1     binary      remaining
c        MB reductions conflicts      size  tier2     irredundant
c         level restarts   redundant    glue    trail       variables
c
c u  0.13  4 18 0 3 300 2 3513 1402 2.1 20 9 3 11 74% 1049 2072 837 96%
c v  0.13  4 18 0 3 300 2 3513 1380 2.1 20 9 3 11 74% 1049 2072 837 96%
c w  0.13  4 18 0 3 300 2 3513 1378 2.1 20 9 3 11 74% 1049 2072 837 96%
c x  0.13  4 18 0 3 300 2 3513 1378 2.1 20 9 3 11 74% 1049 2071 837 96%
c =  0.14  4 18 0 3 300 2 3513 1378 2.1 20 9 3 11 74% 1053 2069 835 96%
c d  0.14  4 18 0 3 300 2 3513 1378 2.1 20 9 3 11 74% 1048 2069 835 96%
c -  0.17  4 18 0 4 349 2 5148 2106 2.4 21 9 2 10 75% 1051 2069 835 96%
c -  0.22  5 18 0 5 460 2 7148 2847 2.4 22 9 2 9 74% 1056 2068 835 96%
c -  0.27  5 17 0 6 461 2 9384 3489 2.6 22 9 2 9 75% 1058 2068 835 96%
c o  0.28  5 17 0 6 520 2 10029 4104 2.6 22 9 2 9 75% 1059 2068 835 96%
c u  0.32  5 17 0 6 868 2 10833 4475 2.5 22 9 2 9 76% 1066 2068 835 96%
c v  0.33  5 17 0 6 868 2 10833 4444 2.5 22 9 2 9 76% 1066 2068 835 96%
c w  0.33  5 17 0 6 868 2 10833 4440 2.5 22 9 2 9 76% 1066 2068 835 96%
c t  0.35  5 17 0 6 868 2 10833 4440 2.5 22 9 2 9 76% 1063 2068 835 96%
c -  0.38  5 17 0 7 1030 2 11834 3699 2.5 23 9 2 7 77% 1066 2068 835 96%
c -  0.48  5 17 0 8 1355 2 14480 4377 2.5 23 9 1 6 79% 1071 2068 835 96%
c -  0.57  5 16 0 9 1480 2 17308 5365 2.6 23 9 1 5 81% 1076 2068 835 96%
c s  0.57  5 16 0 9 1485 2 17551 5560 2.6 23 9 1 5 80% 1079 2063 835 96%
c e  0.57  5 16 0 9 1485 2 17551 5560 2.6 23 9 1 5 80% 317 2490 517 59%
c s  0.57  5 16 0 9 1485 2 17551 5560 2.6 23 9 1 5 80% 322 2425 517 59%
c
c seconds  switched   rate        size/glue tier1   binary      remaining
c        MB reductions  conflicts       size  tier2   irredundant
c         level  restarts    redundant    glue   trail      variables
c
c e  0.57  5 16 0 9 1485 2 17551 5560 2.6 23 9 1 5 80% 303 2443 508 58%
c ^  0.57  5 16 0 9 1485 2 17551 5560 2.6 23 9 1 5 80% 303 2443 508 58%
c o  0.62  5 16 0 9 1854 2 20059 3907 2.5 22 9 1 5 79% 310 2441 508 58%
c -  0.63  5 16 0 10 1921 2 20309 2954 2.5 22 9 1 5 79% 310 2441 508 58%
c u  0.68  5 16 0 10 2153 2 22192 4400 2.5 22 9 1 5 79% 312 2441 508 58%
c v  0.69  5 16 0 10 2153 2 22192 4236 2.5 22 9 1 5 79% 312 2441 508 58%
c w  0.69  5 16 0 10 2153 2 22192 4223 2.5 22 9 1 5 79% 312 2441 508 58%
c x  0.69  5 16 0 10 2153 2 22192 4221 2.5 22 9 1 5 79% 315 2323 508 58%
c t  0.69  5 16 0 10 2153 2 22192 4221 2.5 22 9 1 5 79% 310 2323 508 58%
c f  0.70  5 16 0 10 2153 2 22192 4221 2.5 22 9 1 5 79% 345 2248 527 60%
c u  0.70  5 16 0 10 2153 2 22192 4176 2.5 22 9 1 5 79% 345 2248 527 60%
c v  0.71  5 16 0 10 2153 2 22192 3956 2.5 22 9 1 5 79% 345 2248 527 60%
c w  0.71  5 16 0 10 2153 2 22192 3938 2.5 22 9 1 5 79% 345 2248 527 60%
c x  0.71  5 16 0 10 2153 2 22192 3938 2.5 22 9 1 5 79% 345 2246 527 60%
c -  0.77  6 16 0 11 2153 2 23471 3734 2.5 22 9 1 5 78% 348 2246 527 60%
c -  0.84  6 16 0 12 2153 2 26787 5384 2.6 22 8 1 5 77% 348 2246 527 60%
c -  0.93  6 16 0 13 2713 2 30251 6288 2.6 22 9 1 5 77% 350 2246 527 60%
c -  1.03  6 15 0 14 3058 2 33857 6638 2.6 22 9 1 5 78% 354 2245 527 60%
c e  1.07  6 15 0 14 3430 2 35524 8006 2.5 22 9 1 5 78% 244 2412 449 51%
c s  1.07  6 15 0 14 3430 2 35524 8006 2.5 22 9 1 5 78% 244 2390 449 51%
c
c seconds  switched    rate        size/glue tier1   binary      remaining
c        MB  reductions  conflicts       size  tier2   irredundant
c         level   restarts    redundant    glue   trail      variables
c
c ^  1.08  6 15 0 14 3430 2 35524 8006 2.5 22 9 1 5 78% 244 2390 449 51%
c -  1.13  7 16 0 15 3803 2 37598 4100 2.5 22 9 1 4 78% 245 2390 449 51%
c u  1.16  6 15 0 15 3803 2 38347 4425 2.5 22 9 1 4 78% 245 2390 449 51%
c v  1.17  6 15 0 15 3803 2 38347 3993 2.5 22 9 1 4 78% 245 2390 449 51%
c w  1.18  6 15 0 15 3803 2 38347 3955 2.5 22 9 1 4 78% 245 2390 449 51%
c t  1.18  6 15 0 15 3803 2 38347 3955 2.5 22 9 1 4 78% 243 2390 449 51%
c f  1.18  6 15 0 15 3803 2 38347 3955 2.5 22 9 1 4 78% 251 2366 454 52%
c u  1.18  6 15 0 15 3803 2 38347 3902 2.5 22 9 1 4 78% 251 2366 454 52%
c v  1.19  6 15 0 15 3803 2 38347 3678 2.5 22 9 1 4 78% 251 2366 454 52%
c w  1.20  6 15 0 15 3803 2 38347 3636 2.5 22 9 1 4 78% 251 2366 454 52%
c x  1.20  6 15 0 15 3803 2 38347 3635 2.5 22 9 1 4 78% 254 2321 454 52%
c -  1.27  6 15 0 16 3934 2 41471 4853 2.6 23 9 1 4 79% 254 2321 454 52%
c o  1.30  6 15 0 16 3941 2 42661 5861 2.6 23 9 1 4 79% 254 2321 454 52%
c -  1.38  6 15 0 17 4557 2 45471 6118 2.6 23 9 1 4 80% 255 2321 454 52%
c -  1.50  7 15 0 18 4571 2 49594 6161 2.5 22 9 1 4 80% 256 2321 454 52%
c -  1.62  7 15 0 19 5144 2 53838 7097 2.5 22 9 1 4 80% 257 2321 454 52%
c -  1.75  7 15 0 20 6173 2 58198 7315 2.4 22 9 1 4 80% 257 2321 454 52%
c u  1.78  7 15 0 20 6407 2 59174 7664 2.4 22 9 1 4 80% 257 2321 454 52%
c v  1.79  7 15 0 20 6407 2 59174 7444 2.4 22 9 1 4 80% 257 2321 454 52%
c w  1.80  7 15 0 20 6407 2 59174 7418 2.4 22 9 1 4 80% 257 2321 454 52%
c
c seconds  switched    rate        size/glue tier1   binary      remaining
c        MB  reductions  conflicts       size  tier2   irredundant
c         level   restarts    redundant    glue   trail      variables
c
c x  1.80  7 15 0 20 6407 2 59174 7418 2.4 22 9 1 4 80% 257 2318 454 52%
c =  1.87  7 15 0 20 6407 2 59174 7418 2.4 22 9 1 4 80% 261 2308 450 52%
c d  1.87  7 15 0 20 6407 2 59174 7301 2.4 22 9 1 4 80% 257 2308 450 52%
c u  1.87  7 15 0 20 6407 2 59174 7112 2.4 22 9 1 4 80% 257 2308 450 52%
c v  1.89  7 15 0 20 6407 2 59174 6694 2.4 22 9 1 4 80% 257 2308 450 52%
c w  1.90  7 15 0 20 6407 2 59174 6637 2.4 22 9 1 4 80% 257 2308 450 52%
c -  1.99  6 15 0 21 6828 2 62671 6589 2.4 22 9 1 4 80% 256 2308 450 52%
c -  2.11  7 15 0 22 7381 2 67253 7462 2.4 22 9 1 4 80% 256 2308 450 52%
c -  2.24  7 15 0 23 7747 2 71944 8463 2.4 22 9 1 4 81% 256 2308 450 52%
c e  2.30  7 15 0 23 7747 2 74766 10929 2.4 22 9 1 4 81% 197 2437 410 47%
c s  2.30  7 15 0 23 7747 2 74766 10929 2.4 22 9 1 4 81% 197 2420 410 47%
c ^  2.30  7 15 0 23 7747 2 74766 10929 2.4 22 9 1 4 81% 197 2420 410 47%
c o  2.30  7 15 0 23 7747 2 74766 7529 2.4 22 9 1 4 81% 197 2420 410 47%
c -  2.36  6 15 0 24 7747 2 76741 7211 2.4 22 9 1 4 81% 197 2420 410 47%
c -  2.49  7 15 0 25 8480 2 81639 8345 2.4 22 9 1 4 81% 197 2420 410 47%
c u  2.59  6 15 0 25 9067 2 84813 10571 2.4 22 9 1 4 81% 197 2420 410 47%
c v  2.60  7 15 0 25 9067 2 84813 10341 2.4 22 9 1 4 81% 197 2420 410 47%
c w  2.61  8 15 0 25 9067 2 84813 10308 2.4 22 9 1 4 81% 197 2420 410 47%
c x  2.61  8 15 0 25 9067 2 84813 10303 2.4 22 9 1 4 81% 197 2408 410 47%
c -  2.76  7 15 0 26 9339 2 86639 8351 2.4 22 9 1 4 81% 197 2408 410 47%
c
c seconds  switched    rate        size/glue tier1   binary      remaining
c        MB  reductions  conflicts       size  tier2   irredundant
c         level   restarts    redundant    glue   trail      variables
c
c -  2.91  8 15 0 27 9416 2 91738 9549 2.5 23 9 1 4 82% 199 2408 410 47%
c -  3.07  8 15 0 28 10165 2 96934 10118 2.4 23 9 1 4 82% 199 2408 410 47%
c -  3.21  8 15 0 29 10636 2 102225 10117 2.4 23 9 1 4 83% 199 2408 410 47%
c -  3.36  8 15 0 30 11222 2 107610 10260 2.4 23 9 1 4 83% 199 2408 410 47%
c -  3.53  8 15 0 31 11823 2 113087 10458 2.4 23 10 1 4 84% 199 2408 410 47%
c u  3.62  8 15 0 31 11838 2 115356 12115 2.4 23 9 1 4 84% 199 2408 410 47%
c v  3.63  8 15 0 31 11838 2 115356 11891 2.4 23 9 1 4 84% 199 2408 410 47%
c w  3.64  8 15 0 31 11838 2 115356 11312 2.4 23 9 1 4 84% 199 2408 410 47%
c x  3.65  8 15 0 31 11838 2 115356 11312 2.4 23 9 1 4 84% 199 2402 410 47%
c t  3.65  8 15 0 31 11838 2 115356 11312 2.4 23 9 1 4 84% 198 2402 410 47%
c o  3.65  8 15 0 31 11838 2 115356 11312 2.4 23 9 1 4 84% 198 2402 410 47%
c -  3.76  8 15 0 32 12296 2 118655 10165 2.4 23 10 1 4 83% 198 2402 410 47%
c -  3.93  8 15 0 33 13087 2 124312 10947 2.4 23 10 1 4 83% 199 2402 410 47%
c -  4.09  8 15 0 34 13542 2 130057 11838 2.4 23 10 1 4 83% 199 2402 410 47%
c -  4.23  8 15 0 35 13542 2 135887 12410 2.4 23 10 1 4 84% 199 2402 410 47%
c e  4.29  8 15 0 35 13542 2 138044 14237 2.4 23 10 1 4 84% 140 2585 376 43%
c s  4.29  8 15 0 35 13542 2 138044 14237 2.4 23 10 1 4 84% 140 2545 376 43%
c e  4.29  8 15 0 35 13542 2 138044 14237 2.4 23 10 1 4 84% 138 2547 374 43%
c ^  4.29  8 15 0 35 13542 2 138044 14237 2.4 23 10 1 4 84% 138 2547 374 43%
c -  4.40  8 15 0 36 14022 2 141803 9159 2.4 23 10 1 4 84% 138 2547 374 43%
c
c seconds  switched     rate          size/glue  tier1   binary      remaining
c        MB  reductions   conflicts         size   tier2   irredundant
c         level   restarts       redundant     glue   trail      variables
c
c -  4.56  8 15 0 37 14517 2 147804 10601 2.4 23 10 1 4 85% 138 2547 374 43%
c u  4.67  8 15 0 37 14806 2 151059 12218 2.4 23 10 1 4 85% 138 2547 374 43%
c v  4.70  8 15 0 37 14806 2 151059 11846 2.4 23 10 1 4 85% 138 2547 374 43%
c w  4.71  8 15 0 37 14806 2 151059 11827 2.4 23 10 1 4 85% 138 2547 374 43%
c -  4.79  8 15 0 38 15005 2 153887 10601 2.4 23 10 1 4 85% 138 2547 374 43%
c -  4.96  8 15 0 39 15313 2 160051 11408 2.4 23 10 1 4 85% 138 2547 374 43%
c o  5.10  8 15 0 39 15458 2 166164 16807 2.4 23 9 1 4 84% 139 2547 374 43%
c -  5.11  8 15 0 40 15458 2 166295 12471 2.4 23 9 1 4 84% 139 2547 374 43%
c -  5.30  8 15 0 41 16125 2 172621 12994 2.4 23 10 1 4 84% 139 2547 374 43%
c -  5.49  8 14 0 42 16205 2 179025 12896 2.4 23 9 1 4 85% 139 2547 374 43%
c -  5.66  8 14 0 43 16205 2 185505 12603 2.4 22 9 1 4 85% 140 2547 374 43%
c u  5.85  8 14 0 43 16205 2 191799 14861 2.3 21 9 1 4 85% 143 2547 374 43%
c v  5.87  8 14 0 43 16205 2 191799 13692 2.3 21 9 1 4 85% 145 2547 374 43%
c w  5.89  8 14 0 43 16205 2 191799 11977 2.3 21 9 1 4 85% 145 2547 374 43%
c x  5.89  8 14 0 43 16205 2 191799 11976 2.3 21 9 1 4 85% 147 2499 374 43%
c t  6.02  8 14 0 43 16205 2 191799 11976 2.3 21 9 1 4 85% 143 2499 374 43%
c -  6.03  8 14 0 44 16253 2 192062 9737 2.3 21 9 1 4 85% 143 2499 374 43%
c -  6.26  8 14 0 45 16869 2 198696 11891 2.4 22 9 1 4 85% 144 2499 374 43%
c -  6.46  8 14 0 46 17625 2 205404 12441 2.3 21 9 1 4 86% 144 2499 374 43%
c -  6.67  8 14 0 47 17630 2 212186 14274 2.4 22 9 1 4 86% 145 2499 374 43%
c
c seconds  switched     rate          size/glue tier1   binary      remaining
c        MB  reductions   conflicts         size  tier2   irredundant
c         level   restarts       redundant    glue   trail      variables
c
c -  6.91  9 14 0 48 18538 2 219042 15377 2.4 22 9 1 3 86% 145 2499 374 43%
c -  7.14  9 14 0 49 19620 2 225970 14558 2.3 22 9 1 3 86% 145 2499 374 43%
c s  7.18  8 14 0 49 19620 2 227568 15686 2.3 21 9 1 3 86% 145 2497 374 43%
c e  7.18  8 14 0 49 19620 2 227568 15686 2.3 21 9 1 3 86% 101 2896 317 36%
c s  7.18  8 14 0 49 19620 2 227568 15686 2.3 21 9 1 3 86% 101 2778 317 36%
c e  7.18  8 14 0 49 19620 2 227568 15686 2.3 21 9 1 3 86%  96 2814 312 36%
c ^  7.18  8 14 0 49 19620 2 227568 15686 2.3 21 9 1 3 86%  96 2814 312 36%
c o  7.18  8 14 0 49 19620 2 227568 8300 2.3 21 9 1 3 86%  96 2814 312 36%
c -  7.32  8 14 0 50 20561 2 232970 8792 2.3 21 9 1 3 86%  96 2814 312 36%
c u  7.44  8 14 0 50 21214 2 238043 12087 2.2 21 10 1 3 85%  97 2814 312 36%
c v  7.46  8 14 0 50 21214 2 238043 11398 2.2 21 10 1 3 85%  99 2814 312 36%
c w  7.47  9 14 0 50 21214 2 238043 11165 2.2 21 10 1 3 85%  99 2814 312 36%
c x  7.48  8 14 0 50 21214 2 238043 11158 2.2 21 10 1 3 85% 101 2674 312 36%
c t  7.48  8 14 0 50 21214 2 238043 11158 2.2 21 10 1 3 85%  98 2674 312 36%
c -  7.53  8 14 0 51 21314 2 240043 8764 2.2 21 10 1 4 85%  98 2674 312 36%
c -  7.71  8 14 0 52 21873 2 247184 10486 2.2 21 10 1 4 85%  98 2674 312 36%
c -  7.82  8 14 0 53 21873 2 254396 11985 2.2 21 9 1 4 85%  98 2674 312 36%
c -  7.96  8 14 0 54 21873 2 261677 11580 2.2 20 9 1 4 84%  98 2674 312 36%
c -  8.16  8 14 0 55 22279 2 269026 13274 2.2 20 9 1 4 83%  98 2674 312 36%
c -  8.36  8 14 0 56 22488 2 276442 13959 2.2 20 9 1 4 83%  98 2674 312 36%
c
c seconds  switched     rate          size/glue tier1   binary      remaining
c        MB  reductions   conflicts         size  tier2   irredundant
c         level   restarts       redundant    glue   trail      variables
c
c -  8.56  8 14 0 57 23388 2 283925 14342 2.2 20 9 1 4 83%  98 2674 312 36%
c u  8.74  8 14 0 57 24511 2 289402 18425 2.2 20 9 1 4 83%  98 2674 312 36%
c v  8.77  8 14 0 57 24511 2 289402 18110 2.2 20 9 1 4 83%  99 2674 312 36%
c w  8.78  8 14 0 57 24511 2 289402 17816 2.2 20 9 1 4 83%  99 2674 312 36%
c x  8.80  8 14 0 57 24511 2 289402 17811 2.2 20 9 1 4 83%  99 2659 312 36%
c t  8.80  8 14 0 57 24511 2 289402 17811 2.2 20 9 1 4 83%  98 2659 312 36%
c -  8.86  8 14 0 58 24854 2 291475 13046 2.2 21 10 1 4 84%  98 2659 312 36%
c o  9.02  8 14 0 58 25735 2 297575 18249 2.1 21 10 1 4 84%  98 2659 312 36%
c -  9.07  8 14 0 59 26049 2 299091 13004 2.1 21 10 1 4 84%  98 2659 312 36%
c -  9.25  8 14 0 60 26499 2 306773 13934 2.2 21 10 1 4 84%  98 2659 312 36%
c -  9.46  8 14 0 61 27467 2 314519 14393 2.1 21 10 1 4 84%  98 2659 312 36%
c -  9.65  8 14 0 62 28007 2 322329 14517 2.1 21 10 1 4 84%  98 2659 312 36%
c -  9.89  8 14 0 63 28493 2 330204 14793 2.1 21 10 1 4 84%  99 2659 312 36%
c - 10.09  8 14 0 64 28509 2 338141 15435 2.1 20 10 1 4 85%  99 2659 312 36%
c s 10.29  8 14 0 64 28513 2 344470 19048 2.1 20 10 1 4 85%  99 2658 312 36%
c e 10.29  8 14 0 64 28513 2 344470 19048 2.1 20 10 1 4 85%  61 3195 271 31%
c s 10.29  8 14 0 64 28513 2 344470 19048 2.1 20 10 1 4 85%  61 3055 271 31%
c e 10.29  8 14 0 64 28513 2 344470 19048 2.1 20 10 1 4 85%  59 3086 269 31%
c ! 10.29  8 14 0 64 28513 2 344470 19048 2.1 20 10 1 4 85%  59 3086 269 31%
c - 10.33  8 14 0 65 28687 2 346143 9077 2.1 20 10 1 4 85%  59 3086 269 31%
c
c seconds  switched     rate         size/glue  tier1   binary      remaining
c        MB  reductions   conflicts        size   tier2   irredundant
c         level   restarts      redundant     glue   trail      variables
c
c u 10.35  8 14 0 65 28687 2 346377 8469 2.1 20 10 1 4 85%  61 3086 269 31%
c v 10.39  8 14 0 65 28687 2 346377 6981 2.1 20 10 1 4 85%  61 3086 269 31%
c w 10.40  8 14 0 65 28687 2 346377 6240 2.1 20 10 1 4 85%  61 3086 269 31%
c x 10.40  8 14 0 65 28687 2 346377 6229 2.1 20 10 1 4 85%  61 2939 269 31%
c f 10.41  8 14 0 65 28687 2 346377 6229 2.1 20 10 1 4 85%  62 2917 270 31%
c u 10.41  8 14 0 65 28687 2 346377 6085 2.1 20 10 1 4 85%  62 2917 270 31%
c v 10.44  8 14 0 65 28687 2 346377 5278 2.1 20 10 1 4 85%  62 2917 270 31%
c w 10.46  8 14 0 65 28687 2 346377 5138 2.1 20 10 1 4 85%  62 2917 270 31%
c x 10.47  8 14 0 65 28687 2 346377 5137 2.1 20 10 1 4 85%  62 2888 270 31%
c - 10.65  8 14 0 66 29194 2 354205 8271 2.1 20 10 1 4 85%  62 2888 270 31%
c - 10.84  8 14 0 67 30167 2 362330 9850 2.1 20 10 1 4 85%  62 2888 270 31%
c - 11.02  8 14 0 68 30834 2 370517 10503 2.1 20 10 1 4 85%  62 2888 270 31%
c - 11.18  8 14 0 69 31145 2 378764 12573 2.1 20 10 1 4 85%  63 2887 270 31%
c o 11.21  8 14 0 69 31161 2 380755 14173 2.1 20 9 1 4 85%  63 2887 270 31%
c - 11.36  8 14 0 70 31606 2 387071 13772 2.1 20 9 1 4 85%  63 2887 270 31%
c - 11.55  8 14 0 71 32003 2 395438 13845 2.1 20 9 1 4 85%  64 2887 270 31%
c - 11.74  8 14 0 72 32763 2 403864 13610 2.0 19 9 1 4 86%  64 2887 270 31%
c u 11.88  8 14 0 72 33427 2 408354 16710 2.0 19 10 1 4 86%  66 2887 270 31%
c v 11.91  8 14 0 72 33427 2 408354 16060 2.0 19 10 1 4 86%  66 2887 270 31%
c w 11.92  8 14 0 72 33427 2 408354 15971 2.0 19 10 1 4 86%  66 2887 270 31%
c
c seconds  switched     rate          size/glue  tier1   binary      remaining
c        MB  reductions   conflicts         size   tier2   irredundant
c         level   restarts       redundant     glue   trail      variables
c
c x 11.93  8 14 0 72 33427 2 408354 15969 2.0 19 10 1 4 86%  66 2859 270 31%
c - 12.03  8 14 0 73 33461 2 412349 13112 2.1 20 10 1 4 86%  66 2859 270 31%
c - 12.22  8 13 0 74 33828 2 420893 14101 2.1 20 9 1 4 86%  66 2859 270 31%
c - 12.40  8 13 0 75 34056 2 429495 14641 2.1 19 9 1 4 86%  66 2859 270 31%
c - 12.61  8 13 0 76 34962 2 438155 14973 2.1 19 9 1 4 86%  66 2859 270 31%
c - 12.81  8 13 0 77 34984 2 446873 15495 2.1 19 9 1 4 86%  67 2859 270 31%
c - 13.03  8 13 0 78 35232 2 455647 16728 2.1 19 9 1 4 87%  68 2859 270 31%
c - 13.24  8 13 0 79 35944 2 464479 17113 2.1 19 9 1 4 87%  68 2859 270 31%
c o 13.42  8 13 0 79 36581 2 470797 22239 2.1 19 9 1 4 87%  68 2859 270 31%
c - 13.49  8 13 0 80 37046 2 473367 16340 2.1 19 9 1 4 87%  68 2859 270 31%
c u 13.58  8 13 0 80 37255 2 476146 17433 2.1 19 9 1 4 87%  70 2859 270 31%
c v 13.61  8 13 0 80 37255 2 476146 16893 2.1 19 9 1 4 87%  70 2859 270 31%
c w 13.62  8 13 0 80 37255 2 476146 16746 2.1 19 9 1 4 87%  70 2859 270 31%
c x 13.63  8 13 0 80 37255 2 476146 16742 2.1 19 9 1 4 87%  71 2843 270 31%
c - 13.84  8 13 0 81 37616 2 482311 15808 2.1 19 9 1 4 87%  71 2843 270 31%
c s 14.09  8 13 0 81 37831 2 490259 21973 2.1 19 9 1 4 87%  72 2838 270 31%
c e 14.09  8 13 0 81 37831 2 490259 21973 2.1 19 9 1 4 87%  63 2904 265 30%
c s 14.09  8 13 0 81 37831 2 490259 21973 2.1 19 9 1 4 87%  63 2892 265 30%
c - 14.13  8 13 0 82 38030 2 491312 15480 2.1 19 9 1 4 87%  63 2892 265 30%
c - 14.38  8 13 0 83 39482 2 500367 15745 2.0 19 9 1 4 87%  63 2892 265 30%
c
c seconds  switched     rate          size/glue tier1   binary      remaining
c        MB  reductions   conflicts         size  tier2   irredundant
c         level   restarts       redundant    glue   trail      variables
c
c - 14.65  8 13 0 84 40130 2 509477 16484 2.1 19 9 1 4 87%  63 2892 265 30%
c - 14.94  8 13 0 85 40914 2 518643 17790 2.1 19 9 1 4 87%  63 2892 265 30%
c - 15.24  8 13 0 86 41264 2 527862 18988 2.1 19 9 1 4 87%  64 2892 265 30%
c - 15.51  8 13 0 87 41736 2 537135 19721 2.1 20 9 1 4 87%  64 2892 265 30%
c - 15.77  9 13 0 88 41768 2 546462 20993 2.1 20 9 1 4 87%  65 2892 265 30%
c u 15.90  9 13 0 88 41943 2 549820 22546 2.1 19 9 1 4 87%  67 2892 265 30%
c v 15.94 10 13 0 88 41943 2 549820 21863 2.1 19 9 1 4 87%  68 2892 265 30%
c w 15.96 11 13 0 88 41943 2 549820 21665 2.1 19 9 1 4 87%  68 2892 265 30%
c x 15.97 10 13 0 88 41943 2 549820 21651 2.1 19 9 1 4 87%  70 2858 265 30%
c - 16.14 10 13 0 89 42286 1 555842 20290 2.2 20 9 1 4 88%  70 2858 265 30%
c - 16.42 11 13 0 90 43261 2 565275 19166 2.1 19 9 1 4 87%  71 2858 265 30%
c i 16.48 10 13 0 90 43261 1 567706 20440 2.1 19 9 1 4 87%  82 2858 264 30%
c o 16.57 10 13 0 90 43628 1 572075 23277 2.1 19 9 1 4 87%  82 2858 264 30%
c - 16.68 10 13 0 91 43678 1 574761 18026 2.1 19 9 1 4 88%  69 2858 264 30%
c - 16.92 10 13 0 92 44198 1 584301 18464 2.1 19 9 1 4 88%  69 2858 264 30%
c - 17.22 10 13 0 93 44540 1 593894 19804 2.1 19 9 1 4 88%  70 2858 264 30%
c - 17.55 10 12 0 94 44540 1 603538 22599 2.2 19 9 1 4 88%  71 2858 264 30%
c - 17.84 11 12 0 95 45060 1 613234 22725 2.2 19 9 1 4 88%  71 2858 264 30%
c - 18.06 10 12 0 96 45155 1 622981 21007 2.1 18 9 1 4 88%  72 2858 264 30%
c u 18.23  9 12 0 96 45324 1 629336 23721 2.1 18 9 1 4 88%  78 2843 264 30%
c
c seconds  switched     rate          size/glue tier1   binary      remaining
c        MB  reductions   conflicts         size  tier2   irredundant
c         level   restarts       redundant    glue   trail      variables
c
c v 18.27 10 12 0 96 45324 1 629336 21475 2.1 18 9 1 4 88%  80 2843 264 30%
c w 18.29 10 12 0 96 45324 1 629336 17449 2.1 18 9 1 4 88%  80 2843 264 30%
c x 18.30 10 12 0 96 45324 1 629336 17431 2.1 18 9 1 4 88%  83 2787 264 30%
c t 18.31 10 12 0 96 45324 1 629336 17431 2.1 18 9 1 4 88%  82 2787 264 30%
c - 18.40  9 12 0 97 45411 1 632779 15036 2.1 18 9 1 4 88%  82 2787 264 30%
c - 18.63  9 12 0 98 45690 1 642628 17377 2.1 18 9 1 4 88%  84 2787 264 30%
c i 18.70  9 11 0 98 45690 1 645617 18821 2.1 17 8 1 4 88%  97 2787 261 30%
c - 18.85 10 11 0 99 45889 1 652530 13786 2.0 17 8 1 4 88%  94 2787 261 30%
c i 18.89  9 11 0 99 45890 1 654943 15065 2.0 17 8 1 4 88% 106 2787 256 29%
c i 19.04  9 11 0 99 45902 1 661907 18851 2.0 17 8 1 4 88% 116 2787 252 29%
c - 19.05  9 11 0 100 46005 1 662479 9740 2.0 17 8 1 4 88% 138 2787 252 29%
c i 19.18  9 11 0 100 46012 1 668874 13385 2.0 16 8 1 4 88% 154 2787 246 28%
c i 19.20  9 11 0 100 46012 1 670050 14306 2.0 16 8 1 4 88% 165 2787 243 28%
c s 19.21  9 11 0 100 46012 1 670417 14520 2.0 16 8 1 4 88% 134 1863 243 28%
c e 19.21  9 11 0 100 46012 1 670417 14520 2.0 16 8 1 4 88%  80 2270 193 22%
c 2 19.21  9 11 0 100 46012 1 670417 14520 2.0 16 8 1 4 88%  72 2270 193 22%
c s 19.21  9 11 0 100 46012 1 670417 14520 2.0 16 8 1 4 88%  77 1866 193 22%
c e 19.21  9 11 0 100 46012 1 670417 14520 2.0 16 8 1 4 88%  65 1965 181 21%
c - 19.24  8 11 0 101 46012 1 672481 4260 2.0 16 8 1 4 88% 136 1912 181 21%
c i 19.25  8 11 0 101 46012 1 672775 4413 2.0 16 8 1 4 88% 142 1912 180 21%
c
c seconds  switched      rate         size/glue tier1   binary      remaining
c        MB  reductions    conflicts        size  tier2   irredundant
c         level    restarts      redundant    glue   trail      variables
c
c i 19.25  8 11 0 101 46012 1 673230 4746 2.0 16 8 1 4 88% 151 1911 179 21%
c i 19.26  7 11 0 101 46012 1 673320 4808 2.0 16 8 1 4 88% 156 1911 178 20%
c i 19.26  7 11 0 101 46012 1 673491 4855 2.0 16 8 1 4 88% 161 1911 177 20%
c i 19.26  7 11 0 101 46012 1 673542 4871 2.0 16 8 1 4 88% 166 1911 169 19%
c i 19.26  7 11 0 101 46012 1 673548 4871 2.0 16 8 1 4 88% 168 1911 146 17%
c i 19.26  7 11 0 101 46012 1 673551 4872 2.0 16 8 1 4 88% 168 1911 145 17%
c i 19.26  7 11 0 101 46012 1 673579 4882 2.0 16 8 1 4 88% 172 1910 134 15%
c i 19.26  7 11 0 101 46012 1 673580 4882 2.0 16 8 1 4 88% 172 1910 131 15%
c i 19.26  7 11 0 101 46012 1 673583 4882 2.0 16 8 1 4 88% 174 1910 116 13%
c i 19.26  7 11 0 101 46012 1 673585 4882 2.0 16 8 1 4 88% 175 1910 59 7%
c i 19.26  7 11 0 101 46012 1 673586 4882 2.0 16 8 1 4 88% 175 1910 58 7%
c i 19.26  7 11 0 101 46012 1 673587 4882 2.0 16 8 1 4 88% 175 1910 47 5%
c } 19.26  7 11 0 101 46012 1 673589 4882 2.0 16 8 1 4 88% 175 1910  0 0%
c 0 19.26  7 11 0 101 46012 1 673589 4882 2.0 16 8 1 4 88% 175 1910  0 0%
c
c ---- [ result ] ------------------------------------------------------------
c
s UNSATISFIABLE
c
c ---- [ profiling ] ---------------------------------------------------------
c
c          17.80   92.44 %  search
c          17.80   92.44 %  focused
c           1.44    7.47 %  simplify
c           1.42    7.39 %  probe
c           0.98    5.10 %  vivify
c           0.39    2.04 %  sweep
c           0.14    0.73 %  reduce
c           0.03    0.17 %  eliminate
c           0.02    0.12 %  substitute
c           0.02    0.09 %  preprocess
c           0.02    0.09 %  factor
c           0.01    0.03 %  subsume
c           0.00    0.02 %  congruence
c           0.00    0.01 %  transitive
c           0.00    0.00 %  backbone
c           0.00    0.00 %  lucky
c           0.00    0.00 %  parse
c =============================================
c          19.26  100.00 %  total
c
c ---- [ statistics ] --------------------------------------------------------
c
c conflicts:                           673589            34971.97 per second
c congruent:                               34                4 %  variables
c decisions:                          1101709                1.64 per conflict
c eliminated:                             653               75 %  variables
c factored:                                49                6 %  variables
c iterations:                              20                2 %  variables
c propagations:                      70944646          3683365    per second
c reductions:                             101             6669    interval
c reordered:                               11            61235    interval
c restarts:                             46012               15    interval
c strengthened:                           988                0 %  checks
c substituted:                             60                7 %  variables
c subsumed:                               913                0 %  checks
c switched:                                 0                0    interval
c vivified:                             47566               39 %  checks
c
c ---- [ glue usage ] --------------------------------------------------------
c
c focused glue 1 used 6546395 clauses 63.00% accumulated 63.00% tier1
c focused glue 2 used 2017573 clauses 19.42% accumulated 82.41%
c focused glue 3 used  693343 clauses  6.67% accumulated 89.08%
c focused glue 4 used  291692 clauses  2.81% accumulated 91.89% tier2
c
c ---- [ resources ] ---------------------------------------------------------
c
c maximum-resident-set-size:        423927808 bytes        404 MB
c process-time:                            19s              19.26 seconds
c
c ---- [ shutting down ] -----------------------------------------------------
c
c exit 20
