c ---- [ banner ] ------------------------------------------------------------
c
c Kissat SAT Solver
c 
c Copyright (c) 2021-2024 Armin Biere University of Freiburg
c Copyright (c) 2019-2021 Armin Biere Johannes Kepler University Linz
c 
c Version 4.0.4 8af8e56f174b778aef3aa45af9f739b2a5f492c2
c gcc (GCC) 15.2.1 20260123 (Red Hat 15.2.1-7) -W -Wall -O3 -DNDEBUG
c Thu Apr 23 06:47:51 PM IST 2026 Linux krishnendu-LN 6.19.12-200.fc43.x86_64 x86_64
c
c ---- [ parsing ] -----------------------------------------------------------
c
c opened and reading DIMACS file:
c
c   /home/krishnendu/Research/fv-invariant-mining/data/circuits/cnf/miter_mult_8bit.cnf
c
c parsed 'p cnf 679 2553' header
c closing input after reading 37235 bytes (36 KB)
c finished parsing after 0.00 seconds
c
c ---- [ options ] -----------------------------------------------------------
c
c --decay=30                       (different from default '50')
c --eliminateeffort=800            (different from default '100')
c
c ---- [ solving ] -----------------------------------------------------------
c
c seconds switched rate     size/glue tier1 binary      remaining
c        MB reductions conflicts size  tier2  irredundant
c         level restarts redundant glue  trail      variables
c
c *  0.00  3 0 0 0  0 0   0   0 0.0 0 0 0 0 0% 887 1664 676 100%
c (  0.00  3 0 0 0  0 0   0   0 0.0 0 0 0 0 0% 887 1664 676 100%
c .  0.00  3 0 0 0  0 0   0   0 0.0 0 0 0 0 0% 883 1664 676 100%
c c  0.00  3 0 0 0  0 0   0   0 0.0 0 0 0 0 0% 919 1662 649 96%
c d  0.00  3 0 0 0  0 0   0   0 0.0 0 0 0 0 0% 829 1662 649 96%
c =  0.02  3 0 0 0  0 0   0   0 0.0 0 0 0 0 0% 843 1650 641 95%
c d  0.02  3 0 0 0  0 0   0   0 0.0 0 0 0 0 0% 823 1650 641 95%
c f  0.02  3 0 0 0  0 0   0   0 0.0 0 0 0 0 0% 812 1635 662 98%
c )  0.02  3 0 0 0  0 0   0   0 0.0 0 0 0 0 0% 812 1635 662 98%
c {  0.02  3 0 0 0  0 0   0   0 0.0 0 0 2 6 0% 812 1635 662 98%
c -  0.04  4 12 0 1 109 2 1000 541 2.2 17 8 3 9 85% 820 1635 662 98%
c }  0.04  4 12 1 1 109 2 1000 541 2.2 17 8 3 9 85% 820 1635 662 98%
c [  0.04  4 0 1 1 109 0 1000 541 0.0 0 0 2 6 0% 820 1635 662 98%
c B  0.04  4 9 1 1 109 1 1005 543 1.3 9 7 2 6 91% 820 1635 662 98%
c ]  0.06  4 9 2 1 109 1 1756 1218 4.2 21 5 2 6 92% 820 1635 662 98%
c {  0.06  4 12 2 1 109 2 1756 1218 2.2 17 8 3 9 85% 820 1635 662 98%
c -  0.06  4 12 2 2 109 2 2000 1237 2.5 18 7 3 8 85% 822 1635 662 98%
c }  0.08  4 12 3 2 173 2 2756 1899 2.6 19 7 2 8 85% 824 1635 662 98%
c [  0.08  4 9 3 2 173 1 2756 1899 4.2 21 5 2 6 92% 824 1635 662 98%
c W  0.08  4 9 3 2 173 1 2756 1899 4.2 21 5 2 6 92% 824 1635 662 98%
c
c seconds  switched  rate       size/glue tier1   binary      remaining
c        MB reductions conflicts      size  tier2   irredundant
c         level restarts   redundant    glue   trail      variables
c
c -  0.10  4 10 3 3 173 1 3414 1859 2.6 19 7 2 7 94% 824 1635 662 98%
c u  0.10  4 11 3 3 173 1 3666 1895 2.5 18 7 2 7 94% 829 1635 662 98%
c v  0.11  4 11 3 3 173 1 3666 1348 2.5 18 7 2 7 94% 829 1635 662 98%
c w  0.11  4 11 3 3 173 1 3666 1319 2.5 18 7 2 7 94% 829 1635 662 98%
c x  0.11  4 11 3 3 173 1 3666 1319 2.5 18 7 2 7 94% 835 1602 662 98%
c =  0.12  4 11 3 3 173 1 3666 1319 2.5 18 7 2 7 94% 877 1600 641 95%
c d  0.12  4 11 3 3 173 1 3666 1319 2.5 18 7 2 7 94% 815 1600 641 95%
c t  0.12  4 11 3 3 173 1 3666 1319 2.5 18 7 2 7 94% 807 1600 641 95%
c u  0.13  4 11 3 3 173 1 3666 1279 2.5 18 7 2 7 94% 808 1600 641 95%
c v  0.13  4 11 3 3 173 1 3666 959 2.5 18 7 2 7 94% 809 1600 641 95%
c w  0.13  4 11 3 3 173 1 3666 950 2.5 18 7 2 7 94% 809 1600 641 95%
c x  0.13  4 11 3 3 173 1 3666 949 2.5 18 7 2 7 94% 809 1595 641 95%
c t  0.15  4 11 3 3 173 1 3666 949 2.5 18 7 2 7 94% 808 1595 641 95%
c ]  0.16  4 11 4 3 174 1 4125 1354 2.5 19 8 2 7 94% 808 1595 641 95%
c {  0.16  4 12 4 3 174 2 4125 1354 2.6 19 7 2 8 85% 808 1595 641 95%
c -  0.18  4 13 4 4 374 2 5146 1663 2.5 19 8 2 8 83% 812 1595 641 95%
c }  0.21  4 14 5 4 582 2 6477 2900 2.5 20 8 2 8 84% 815 1595 641 95%
c [  0.21  4 11 5 4 582 1 6477 2900 2.5 19 8 2 7 94% 815 1595 641 95%
c I  0.21  4 11 5 4 582 1 6477 2900 2.5 19 8 2 7 94% 815 1595 641 95%
c -  0.22  4 11 5 5 582 1 7148 2832 2.2 18 8 2 9 92% 816 1595 641 95%
c
c seconds  switched  rate       size/glue tier1   binary      remaining
c        MB reductions conflicts      size  tier2   irredundant
c         level restarts   redundant    glue   trail      variables
c
c -  0.25  5 11 5 6 584 1 9384 3797 2.0 16 8 2 9 88% 819 1595 641 95%
c ]  0.25  5 11 6 6 584 1 9432 3826 2.0 16 8 2 9 88% 819 1595 641 95%
c {  0.25  5 14 6 6 584 2 9432 3826 2.5 20 8 2 8 84% 819 1595 641 95%
c o  0.26  5 14 6 6 640 2 10162 4417 2.4 19 8 2 8 84% 819 1595 641 95%
c u  0.29  4 15 6 6 760 2 11318 5217 2.3 18 8 2 8 84% 823 1595 641 95%
c v  0.29  5 15 6 6 760 2 11318 5167 2.3 18 8 2 8 84% 823 1595 641 95%
c w  0.29  5 15 6 6 760 2 11318 5066 2.3 18 8 2 8 84% 823 1595 641 95%
c t  0.29  5 15 6 6 760 2 11318 5066 2.3 18 8 2 8 84% 820 1595 641 95%
c -  0.30  5 15 6 7 812 2 11834 4444 2.3 18 8 2 8 81% 826 1595 641 95%
c }  0.32  5 14 7 7 812 2 13502 5968 2.2 16 7 2 8 73% 831 1595 641 95%
c [  0.32  5 11 7 7 812 1 13502 5968 2.0 16 8 2 9 88% 831 1595 641 95%
c B  0.32  5 11 7 7 812 1 13502 5968 2.0 16 8 2 9 88% 831 1595 641 95%
c -  0.33  5 11 7 8 812 1 14479 5520 2.0 16 8 2 9 87% 831 1595 641 95%
c ]  0.37  5 11 8 8 814 1 16316 6825 1.9 16 8 2 9 87% 832 1595 641 95%
c {  0.37  5 14 8 8 814 2 16316 6825 2.2 16 7 2 8 73% 832 1595 641 95%
c -  0.40  6 14 8 9 1079 2 17307 5941 2.2 17 8 2 7 74% 836 1595 641 95%
c s  0.43  6 14 8 9 1196 2 18330 6656 2.2 16 8 2 7 75% 837 1592 641 95%
c e  0.43  6 14 8 9 1196 2 18330 6656 2.2 16 8 2 7 75% 221 1823 373 55%
c s  0.43  6 14 8 9 1196 2 18330 6656 2.2 16 8 2 7 75% 222 1755 373 55%
c e  0.43  6 14 8 9 1196 2 18330 6656 2.2 16 8 2 7 75% 208 1767 366 54%
c
c seconds  switched   rate        size/glue tier1   binary      remaining
c        MB reductions  conflicts       size  tier2   irredundant
c         level  restarts    redundant    glue   trail      variables
c
c ^  0.43  6 14 8 9 1196 2 18330 6656 2.2 16 8 2 7 75% 208 1767 366 54%
c o  0.47  6 13 8 9 1335 2 20221 3357 2.2 17 8 2 7 76% 209 1767 366 54%
c -  0.47  6 13 8 10 1336 2 20307 2905 2.2 17 8 2 6 76% 209 1767 366 54%
c }  0.51  6 14 9 10 1725 2 22476 4702 2.2 17 8 2 6 78% 210 1767 366 54%
c [  0.51  6 11 9 10 1725 1 22476 4702 1.9 16 8 2 9 87% 210 1767 366 54%
c W  0.52  5 11 9 10 1725 1 22476 4702 1.9 16 8 2 9 87% 210 1767 366 54%
c u  0.53  5 11 9 10 1725 1 23186 4973 1.9 15 8 2 9 87% 210 1767 366 54%
c v  0.54  5 11 9 10 1725 1 23186 4939 1.9 15 8 2 9 87% 210 1767 366 54%
c w  0.54  5 11 9 10 1725 1 23186 4932 1.9 15 8 2 9 87% 210 1767 366 54%
c x  0.54  5 11 9 10 1725 1 23186 4929 1.9 15 8 2 9 87% 212 1697 366 54%
c =  0.57  5 11 9 10 1725 1 23186 4929 1.9 15 8 2 9 87% 212 1693 365 54%
c t  0.57  5 11 9 10 1725 1 23186 4882 1.9 15 8 2 9 87% 211 1693 365 54%
c f  0.57  5 11 9 10 1725 1 23186 4882 1.9 15 8 2 9 87% 228 1656 375 55%
c u  0.57  5 11 9 10 1725 1 23186 4774 1.9 15 8 2 9 87% 228 1656 375 55%
c v  0.58  5 11 9 10 1725 1 23186 4722 1.9 15 8 2 9 87% 228 1656 375 55%
c w  0.58  5 11 9 10 1725 1 23186 4700 1.9 15 8 2 9 87% 228 1656 375 55%
c x  0.58  5 11 9 10 1725 1 23186 4700 1.9 15 8 2 9 87% 228 1650 375 55%
c -  0.62  5 11 9 11 1725 1 23469 3936 1.9 15 8 2 9 87% 227 1650 375 55%
c -  0.67  5 11 9 12 1728 1 26785 4764 1.8 15 8 2 9 88% 227 1650 375 55%
c O  0.71  5 11 9 12 1730 1 30004 7280 1.8 15 8 2 9 86% 228 1650 375 55%
c
c seconds  switched    rate        size/glue tier1   binary      remaining
c        MB  reductions  conflicts       size  tier2   irredundant
c         level   restarts    redundant    glue   trail      variables
c
c -  0.72  5 11 9 13 1730 1 30250 5729 1.8 15 8 2 9 86% 228 1650 375 55%
c ]  0.75  5 11 10 13 1731 1 31558 6338 1.7 15 9 2 9 86% 228 1650 375 55%
c {  0.75  5 14 10 13 1731 2 31558 6338 2.2 17 8 2 6 78% 228 1650 375 55%
c -  0.80  6 13 10 14 1832 2 33855 6629 2.3 18 8 1 6 79% 228 1650 375 55%
c e  0.90  6 14 10 14 2595 2 37350 9557 2.2 18 8 1 6 80% 180 1725 335 49%
c s  0.90  6 14 10 14 2595 2 37350 9557 2.2 18 8 1 6 80% 181 1714 335 49%
c e  0.90  6 14 10 14 2595 2 37350 9557 2.2 18 8 1 6 80% 178 1717 334 49%
c ^  0.90  6 14 10 14 2595 2 37350 9557 2.2 18 8 1 6 80% 178 1717 334 49%
c -  0.90  6 14 10 15 2659 2 37597 4272 2.2 18 8 1 6 80% 178 1717 334 49%
c }  0.96  7 13 11 15 2725 2 40186 6532 2.2 18 8 1 6 81% 178 1717 334 49%
c [  0.96  7 11 11 15 2725 1 40186 6532 1.7 15 9 2 9 86% 178 1717 334 49%
c B  0.96  7 11 11 15 2725 1 40186 6532 1.7 15 9 2 9 86% 178 1717 334 49%
c u  0.96  6 11 11 15 2725 1 40263 6305 1.7 15 9 2 9 86% 178 1717 334 49%
c v  0.97  6 11 11 15 2725 1 40263 6000 1.7 15 9 2 9 86% 178 1717 334 49%
c w  0.98  6 11 11 15 2725 1 40263 5951 1.7 15 9 2 9 86% 178 1717 334 49%
c t  0.98  6 11 11 15 2725 1 40263 5951 1.7 15 9 2 9 86% 176 1717 334 49%
c f  0.98  6 11 11 15 2725 1 40263 5951 1.7 15 9 2 9 86% 182 1702 337 50%
c u  0.98  6 11 11 15 2725 1 40263 5915 1.7 15 9 2 9 86% 182 1702 337 50%
c v  0.99  6 11 11 15 2725 1 40263 5828 1.7 15 9 2 9 86% 182 1702 337 50%
c w  1.00  6 11 11 15 2725 1 40263 5817 1.7 15 9 2 9 86% 182 1702 337 50%
c
c seconds   switched    rate        size/glue tier1   binary      remaining
c        MB   reductions  conflicts       size  tier2   irredundant
c         level    restarts    redundant    glue   trail      variables
c
c x  1.00  6 11 11 15 2725 1 40263 5817 1.7 15 9 2 9 86% 184 1672 337 50%
c =  1.04  6 11 11 15 2725 1 40263 5817 1.7 15 9 2 9 86% 190 1664 334 49%
c d  1.04  6 11 11 15 2725 1 40263 5584 1.7 15 9 2 9 86% 183 1664 334 49%
c o  1.04  6 11 11 15 2725 1 40263 5584 1.7 15 9 2 9 86% 183 1664 334 49%
c -  1.05  6 11 11 16 2726 1 41469 5244 1.7 15 9 2 9 86% 183 1664 334 49%
c -  1.11  6 11 11 17 2729 1 45470 6582 1.7 15 9 2 9 86% 183 1664 334 49%
c -  1.17  7 11 11 18 2731 1 49594 5945 1.7 15 9 2 8 87% 183 1664 334 49%
c W  1.22  6 11 11 18 2731 1 52409 7770 1.7 15 9 2 8 86% 183 1664 334 49%
c -  1.24  6 11 11 19 2733 1 53838 6239 1.7 15 9 2 8 87% 183 1664 334 49%
c ]  1.25  6 11 12 19 2733 1 54575 6678 1.7 15 9 2 8 87% 183 1664 334 49%
c {  1.25  6 13 12 19 2733 2 54575 6678 2.2 18 8 1 6 81% 183 1664 334 49%
c -  1.34  7 14 12 20 3408 2 58198 6950 2.1 18 8 1 6 81% 185 1664 334 49%
c u  1.43  7 13 12 20 3858 2 62316 9801 2.1 18 8 1 6 81% 187 1664 334 49%
c v  1.44  7 13 12 20 3858 2 62316 9641 2.1 18 8 1 6 81% 187 1664 334 49%
c w  1.44  7 13 12 20 3858 2 62316 9231 2.1 18 8 1 6 81% 187 1664 334 49%
c x  1.45  7 13 12 20 3858 2 62316 9231 2.1 18 8 1 6 81% 188 1658 334 49%
c -  1.50  5 13 12 21 3858 2 62670 7206 2.1 17 8 1 6 82% 188 1658 334 49%
c }  1.56  5 13 13 21 3858 2 66055 9281 2.0 17 8 1 6 82% 189 1658 334 49%
c [  1.56  5 11 13 21 3858 1 66055 9281 1.7 15 9 2 8 87% 189 1658 334 49%
c -  1.58  5 11 13 22 3859 1 67252 7972 1.7 15 9 2 8 87% 190 1658 334 49%
c
c seconds   switched    rate        size/glue tier1   binary      remaining
c        MB   reductions  conflicts       size  tier2   irredundant
c         level    restarts    redundant    glue   trail      variables
c
c I  1.58  5 11 13 22 3859 1 67314 8017 1.7 15 9 2 8 87% 190 1658 334 49%
c -  1.65  5 11 13 23 3862 1 71943 8268 1.7 15 9 2 8 87% 190 1658 334 49%
c -  1.74  6 11 13 24 3864 1 76738 7586 1.7 14 9 2 8 87% 190 1658 334 49%
c e  1.78  6 11 13 24 3865 1 78882 8690 1.7 14 9 2 8 88% 150 1760 300 44%
c s  1.78  6 11 13 24 3865 1 78882 8690 1.7 14 9 2 8 88% 150 1750 300 44%
c e  1.78  6 11 13 24 3865 1 78882 8690 1.7 14 9 2 8 88% 150 1748 298 44%
c ^  1.78  6 11 13 24 3865 1 78882 8690 1.7 14 9 2 8 88% 150 1748 298 44%
c o  1.78  6 11 13 24 3865 1 78882 5863 1.7 14 9 2 8 88% 150 1748 298 44%
c ]  1.79  5 11 14 24 3866 1 79840 6428 1.7 14 9 2 8 88% 150 1748 298 44%
c {  1.79  5 13 14 24 3866 2 79840 6428 2.0 17 8 1 6 82% 150 1748 298 44%
c -  1.83  5 13 14 25 3995 2 81636 5968 2.0 17 8 1 6 82% 150 1748 298 44%
c -  1.93  6 12 14 26 4062 2 86637 8688 2.1 17 8 1 5 83% 152 1748 298 44%
c u  2.00  6 12 14 26 4065 2 89453 10382 2.1 17 8 1 5 83% 155 1748 298 44%
c v  2.01  6 12 14 26 4065 2 89453 10084 2.1 17 8 1 5 83% 155 1748 298 44%
c w  2.02  6 12 14 26 4065 2 89453 9890 2.1 17 8 1 5 83% 155 1748 298 44%
c -  2.08  6 12 14 27 4258 2 91737 9800 2.1 17 8 1 5 84% 155 1748 298 44%
c }  2.14  5 12 15 27 4279 2 94555 11677 2.1 16 8 1 5 84% 156 1748 298 44%
c [  2.14  5 11 15 27 4279 1 94555 11677 1.7 14 9 2 8 88% 156 1748 298 44%
c B  2.14  5 11 15 27 4279 1 94555 11677 1.7 14 9 2 8 88% 156 1748 298 44%
c -  2.18  6 11 15 28 4281 1 96933 9843 1.7 14 8 2 8 88% 156 1748 298 44%
c
c seconds   switched    rate         size/glue tier1   binary      remaining
c        MB   reductions  conflicts        size  tier2   irredundant
c         level    restarts     redundant    glue   trail      variables
c
c -  2.29  6 10 15 29 4284 1 102224 8644 1.7 14 8 2 7 88% 157 1748 298 44%
c i  2.36  6 10 15 29 4285 1 106154 10539 1.6 14 8 2 7 88% 166 1748 297 44%
c -  2.39  5 10 15 30 4286 1 107611 5001 1.6 14 8 2 7 88% 153 1748 297 44%
c ]  2.44  5 10 16 30 4288 1 110723 6556 1.6 13 8 2 7 88% 153 1748 297 44%
c {  2.45  5 12 16 30 4288 2 110723 6556 2.1 16 8 1 5 84% 153 1748 297 44%
c -  2.48  5 12 16 31 4297 2 113090 6532 2.1 16 8 1 5 84% 156 1748 297 44%
c i  2.51  5 11 16 31 4297 2 114777 7395 2.0 16 8 1 5 84% 168 1748 296 44%
c -  2.59  5 11 16 32 4313 2 118658 6540 2.1 15 7 1 5 84% 164 1747 296 44%
c i  2.59  5 11 16 32 4313 2 118732 6547 2.1 15 7 1 5 84% 169 1747 295 44%
c i  2.66  5 11 16 32 4313 2 121357 8544 2.1 15 7 1 5 84% 177 1747 294 43%
c o  2.66  5 11 16 32 4313 2 121357 8544 2.1 15 7 1 5 84% 177 1747 294 43%
c u  2.68  5 11 16 32 4313 2 121691 6751 2.1 15 7 1 5 84% 201 1600 294 43%
c v  2.69  5 11 16 32 4313 2 121691 6085 2.1 15 7 1 5 84% 202 1600 294 43%
c w  2.70  5 11 16 32 4313 2 121691 5484 2.1 15 7 1 5 84% 202 1600 294 43%
c x  2.70  5 11 16 32 4313 2 121691 5480 2.1 15 7 1 5 84% 210 1525 294 43%
c =  2.79  7 11 16 32 4313 2 121691 5480 2.1 15 7 1 5 84% 228 1501 283 42%
c d  2.79  7 11 16 32 4313 2 121691 4928 2.1 15 7 1 5 84% 194 1501 283 42%
c t  2.79  7 11 16 32 4313 2 121691 4928 2.1 15 7 1 5 84% 179 1501 283 42%
c u  2.80  7 11 16 32 4313 2 121691 4714 2.1 15 7 1 5 84% 182 1501 283 42%
c v  2.82  7 11 16 32 4313 2 121691 3844 2.1 15 7 1 5 84% 187 1501 283 42%
c
c seconds   switched    rate         size/glue tier1   binary      remaining
c        MB   reductions  conflicts        size  tier2   irredundant
c         level    restarts     redundant    glue   trail      variables
c
c w  2.83  7 11 16 32 4313 2 121691 3634 2.1 15 7 1 5 84% 187 1501 283 42%
c x  2.83  7 11 16 32 4313 2 121691 3632 2.1 15 7 1 5 84% 188 1491 283 42%
c =  2.86  7 11 16 32 4313 2 121691 3632 2.1 15 7 1 5 84% 190 1491 282 42%
c d  2.86  7 11 16 32 4313 2 121691 3628 2.1 15 7 1 5 84% 187 1491 282 42%
c t  2.86  7 11 16 32 4313 2 121691 3628 2.1 15 7 1 5 84% 181 1491 282 42%
c i  2.87  7 11 16 32 4313 2 122614 4202 2.1 15 7 1 5 84% 188 1491 276 41%
c i  2.88  7 11 16 32 4313 2 122892 4391 2.1 15 7 1 5 84% 198 1491 193 28%
c i  2.88  7 11 16 32 4313 2 122894 4391 2.1 15 7 1 5 84% 199 1491 148 22%
c }  2.88  7 11 16 32 4313 2 122896 4391 2.1 15 7 1 5 84% 199 1491 75 11%
c 0  2.88  7 11 16 32 4313 2 122896 4391 2.1 15 7 1 5 84% 199 1491 75 11%
c
c ---- [ result ] ------------------------------------------------------------
c
s UNSATISFIABLE
c
c ---- [ profiling ] ---------------------------------------------------------
c
c           2.32   80.66 %  search
c           1.29   44.67 %  focused
c           1.04   35.99 %  stable
c           0.55   18.94 %  probe
c           0.54   18.70 %  simplify
c           0.30   10.58 %  sweep
c           0.22    7.71 %  vivify
c           0.02    0.85 %  reduce
c           0.02    0.62 %  preprocess
c           0.01    0.31 %  substitute
c           0.01    0.27 %  eliminate
c           0.01    0.19 %  factor
c           0.00    0.11 %  walking
c           0.00    0.10 %  congruence
c           0.00    0.04 %  subsume
c           0.00    0.03 %  transitive
c           0.00    0.01 %  backbone
c           0.00    0.01 %  lucky
c           0.00    0.01 %  parse
c =============================================
c           2.88  100.00 %  total
c
c ---- [ statistics ] --------------------------------------------------------
c
c conflicts:                           122896            42657.19 per second
c congruent:                               27                4 %  variables
c decisions:                           164657                1.34 per conflict
c eliminated:                             352               52 %  variables
c factored:                                34                5 %  variables
c iterations:                               8                1 %  variables
c propagations:                      15698698          5449016    per second
c reductions:                              32             3840    interval
c reordered:                                5            24579    interval
c rephased:                                10            12290    interval
c restarts:                              4313               28    interval
c strengthened:                           109                0 %  checks
c substituted:                             68               10 %  variables
c subsumed:                                90                0 %  checks
c switched:                                16             7681    interval
c vivified:                             12876               41 %  checks
c walks:                                    3            40965    interval
c
c ---- [ glue usage ] --------------------------------------------------------
c
c focused glue 1 used 349575 clauses 55.77% accumulated 55.77% tier1
c focused glue 2 used 126788 clauses 20.23% accumulated 76.00%
c focused glue 3 used  55761 clauses  8.90% accumulated 84.90%
c focused glue 4 used  26702 clauses  4.26% accumulated 89.16%
c focused glue 5 used  17157 clauses  2.74% accumulated 91.90% tier2
c
c stable glue 2   used 105683 clauses 20.04% accumulated 67.62% tier1
c stable glue 3   used  50123 clauses  9.51% accumulated 77.12%
c stable glue 4-5 used  44726 clauses  8.48% accumulated 85.61%
c stable glue 6   used  15394 clauses  2.92% accumulated 88.53%
c stable glue 7   used  14237 clauses  2.70% accumulated 91.23% tier2
c
c ---- [ resources ] ---------------------------------------------------------
c
c maximum-resident-set-size:        422170624 bytes        403 MB
c process-time:                             3s               2.88 seconds
c
c ---- [ shutting down ] -----------------------------------------------------
c
c exit 20
