c ---- [ banner ] ------------------------------------------------------------
c
c Kissat SAT Solver
c 
c Copyright (c) 2021-2024 Armin Biere University of Freiburg
c Copyright (c) 2019-2021 Armin Biere Johannes Kepler University Linz
c 
c Version 4.0.4 8af8e56f174b778aef3aa45af9f739b2a5f492c2
c gcc (GCC) 15.2.1 20260123 (Red Hat 15.2.1-7) -W -Wall -O3 -DNDEBUG
c Thu Apr 23 06:47:51 PM IST 2026 Linux krishnendu-LN 6.19.12-200.fc43.x86_64 x86_64
c
c ---- [ parsing ] -----------------------------------------------------------
c
c opened and reading DIMACS file:
c
c   /home/krishnendu/Research/fv-invariant-mining/data/circuits/cnf/miter_mult_9bit.cnf
c
c parsed 'p cnf 873 3299' header
c closing input after reading 48449 bytes (47 KB)
c finished parsing after 0.00 seconds
c
c ---- [ options ] -----------------------------------------------------------
c
c --decay=130                      (different from default '50')
c --eliminateeffort=400            (different from default '100')
c
c ---- [ solving ] -----------------------------------------------------------
c
c seconds switched rate     size/glue tier1  binary      remaining
c        MB reductions conflicts size  tier2   irredundant
c         level restarts redundant glue  trail       variables
c
c *  0.00  3 0 0 0  0 0   0   0 0.0 0 0 0 0 0% 1142 2155 870 100%
c (  0.00  3 0 0 0  0 0   0   0 0.0 0 0 0 0 0% 1142 2155 870 100%
c .  0.00  3 0 0 0  0 0   0   0 0.0 0 0 0 0 0% 1138 2155 870 100%
c c  0.00  3 0 0 0  0 0   0   0 0.0 0 0 0 0 0% 1186 2153 836 96%
c d  0.00  3 0 0 0  0 0   0   0 0.0 0 0 0 0 0% 1070 2153 836 96%
c =  0.02  3 0 0 0  0 0   0   0 0.0 0 0 0 0 0% 1084 2141 828 95%
c d  0.02  3 0 0 0  0 0   0   0 0.0 0 0 0 0 0% 1064 2141 828 95%
c f  0.02  4 0 0 0  0 0   0   0 0.0 0 0 0 0 0% 1040 2124 852 98%
c )  0.02  4 0 0 0  0 0   0   0 0.0 0 0 0 0 0% 1040 2124 852 98%
c {  0.02  4 0 0 0  0 0   0   0 0.0 0 0 2 6 0% 1040 2124 852 98%
c -  0.04  4 18 0 1 297 3 1002 460 1.8 20 11 3 14 84% 1052 2124 852 98%
c }  0.04  4 18 1 1 297 3 1002 460 1.8 20 11 3 14 84% 1052 2124 852 98%
c [  0.04  4 0 1 1 297 0 1002 460 0.0 0 0 2 6 0% 1052 2124 852 98%
c B  0.04  4 0 1 1 297 0 1002 460 0.0 0 0 2 6 0% 1052 2124 852 98%
c -  0.06  4 46 1 2 297 1 2005 1335 2.6 25 10 5 13 90% 1054 2124 852 98%
c W  0.06  4 46 1 2 297 1 2005 1335 2.6 25 10 5 13 90% 1054 2124 852 98%
c ]  0.07  4 30 2 2 298 1 2982 2205 2.3 21 9 5 12 81% 1056 2124 852 98%
c {  0.07  4 18 2 2 298 3 2982 2205 1.8 20 11 3 14 84% 1056 2124 852 98%
c -  0.08  4 16 2 3 298 2 3419 2294 1.9 19 10 4 12 81% 1057 2124 852 98%
c u  0.08  4 16 2 3 298 2 3511 2193 1.9 19 10 4 12 80% 1065 2124 852 98%
c
c seconds  switched  rate       size/glue  tier1     binary      remaining
c        MB reductions conflicts      size   tier2     irredundant
c         level restarts   redundant     glue    trail       variables
c
c v  0.09  4 16 2 3 298 2 3511 1966 1.9 19 10 4 12 80% 1065 2124 852 98%
c x  0.09  4 16 2 3 298 2 3511 1966 1.9 19 10 4 12 80% 1076 2071 852 98%
c =  0.11  4 16 2 3 298 2 3511 1966 1.9 19 10 4 12 80% 1106 2070 837 96%
c d  0.11  4 16 2 3 298 2 3511 1966 1.9 19 10 4 12 80% 1061 2070 837 96%
c t  0.11  4 16 2 3 298 2 3511 1966 1.9 19 10 4 12 80% 1052 2070 837 96%
c u  0.11  4 16 2 3 298 2 3511 1936 1.9 19 10 4 12 80% 1052 2070 837 96%
c v  0.12  4 16 2 3 298 2 3511 1886 1.9 19 10 4 12 80% 1052 2070 837 96%
c x  0.12  4 16 2 3 298 2 3511 1886 1.9 19 10 4 12 80% 1052 2068 837 96%
c =  0.12  4 16 2 3 298 2 3511 1886 1.9 19 10 4 12 80% 1056 2066 835 96%
c d  0.12  4 16 2 3 298 2 3511 1886 1.9 19 10 4 12 80% 1051 2066 835 96%
c }  0.13  4 16 3 3 298 2 3983 2294 1.9 18 9 4 12 74% 1053 2066 835 96%
c [  0.13  4 30 3 3 298 1 3983 2294 2.3 21 9 5 12 81% 1053 2066 835 96%
c I  0.15  4 28 3 3 298 1 4264 2551 2.4 21 9 5 12 81% 1053 2066 835 96%
c -  0.16  5 25 3 4 299 1 5151 2858 2.5 23 9 5 11 84% 1054 2066 835 96%
c ]  0.16  5 25 4 4 299 1 5228 2912 2.5 23 9 5 11 83% 1054 2066 835 96%
c {  0.16  5 16 4 4 299 2 5228 2912 1.9 18 9 4 12 74% 1054 2066 835 96%
c -  0.19  5 17 4 5 421 2 7152 3897 2.2 19 9 3 10 76% 1060 2066 835 96%
c }  0.21  5 16 5 5 428 2 7583 4307 2.3 20 9 3 10 76% 1063 2066 835 96%
c [  0.21  5 25 5 5 428 1 7583 4307 2.5 23 9 5 11 83% 1063 2066 835 96%
c B  0.22  5 23 5 5 428 1 8035 4713 2.6 23 9 5 11 84% 1063 2066 835 96%
c
c seconds  switched  rate       size/glue tier1     binary      remaining
c        MB reductions conflicts      size  tier2     irredundant
c         level restarts   redundant    glue    trail       variables
c
c -  0.25  5 21 5 6 429 1 9389 4492 2.4 22 9 3 10 85% 1063 2065 835 96%
c ]  0.26  5 20 6 6 430 1 9946 4958 2.3 22 9 3 10 85% 1065 2065 835 96%
c {  0.26  5 16 6 6 430 2 9946 4958 2.3 20 9 3 10 76% 1065 2065 835 96%
c o  0.27  5 16 6 6 440 2 10057 5051 2.3 20 9 3 10 77% 1066 2065 835 96%
c u  0.29  5 16 6 6 523 2 10831 5632 2.2 19 9 3 10 75% 1076 2064 835 96%
c v  0.30  5 16 6 6 523 2 10831 5571 2.2 19 9 3 10 75% 1076 2064 835 96%
c w  0.30  5 16 6 6 523 2 10831 5519 2.2 19 9 3 10 75% 1076 2064 835 96%
c t  0.32  5 16 6 6 523 2 10831 5519 2.2 19 9 3 10 75% 1073 2064 835 96%
c -  0.35  5 16 6 7 593 2 11839 4987 2.2 19 9 2 9 77% 1074 2064 835 96%
c }  0.39  5 16 7 7 747 2 14019 7014 2.3 19 8 2 9 80% 1075 2064 835 96%
c [  0.39  5 20 7 7 747 1 14019 7014 2.3 22 9 3 10 85% 1075 2064 835 96%
c W  0.39  5 20 7 7 747 1 14019 7014 2.3 22 9 3 10 85% 1075 2064 835 96%
c -  0.40  5 20 7 8 747 1 14484 5857 2.3 21 9 2 10 86% 1075 2064 835 96%
c ]  0.46  5 18 8 8 749 1 16753 7352 2.1 21 10 2 10 87% 1077 2064 835 96%
c {  0.46  5 16 8 8 749 2 16753 7352 2.3 19 8 2 9 80% 1077 2064 835 96%
c -  0.48  5 16 8 9 945 2 17312 6071 2.2 19 9 2 9 80% 1079 2064 835 96%
c s  0.49  5 16 8 9 1029 2 17551 6280 2.2 19 9 2 9 80% 1080 2059 835 96%
c e  0.49  5 16 8 9 1029 2 17551 6280 2.2 19 9 2 9 80% 337 2469 518 59%
c 2  0.49  5 16 8 9 1029 2 17551 6280 2.2 19 9 2 9 80% 334 2469 518 59%
c s  0.49  5 16 8 9 1029 2 17551 6280 2.2 19 9 2 9 80% 337 2404 518 59%
c
c seconds  switched   rate        size/glue tier1   binary      remaining
c        MB reductions  conflicts       size  tier2   irredundant
c         level  restarts    redundant    glue   trail      variables
c
c e  0.49  5 16 8 9 1029 2 17551 6280 2.2 19 9 2 9 80% 313 2425 508 58%
c ^  0.49  5 16 8 9 1029 2 17551 6280 2.2 19 9 2 9 80% 313 2425 508 58%
c o  0.56  6 16 8 9 1274 2 20088 4464 2.3 20 9 2 8 81% 315 2425 508 58%
c -  0.56  6 16 8 10 1303 2 20312 3718 2.3 20 9 2 8 80% 315 2425 508 58%
c u  0.60  6 16 8 10 1303 2 22186 5328 2.6 22 8 2 8 82% 316 2425 508 58%
c v  0.61  6 16 8 10 1303 2 22186 5274 2.6 22 8 2 8 82% 316 2425 508 58%
c w  0.61  6 16 8 10 1303 2 22186 5230 2.6 22 8 2 8 82% 316 2425 508 58%
c x  0.62  6 16 8 10 1303 2 22186 5225 2.6 22 8 2 8 82% 320 2334 508 58%
c t  0.62  6 16 8 10 1303 2 22186 5225 2.6 22 8 2 8 82% 315 2334 508 58%
c f  0.62  6 16 8 10 1303 2 22186 5225 2.6 22 8 2 8 82% 349 2263 526 60%
c u  0.62  6 16 8 10 1303 2 22186 5146 2.6 22 8 2 8 82% 349 2263 526 60%
c v  0.63  6 16 8 10 1303 2 22186 5098 2.6 22 8 2 8 82% 349 2263 526 60%
c w  0.63  6 16 8 10 1303 2 22186 5070 2.6 22 8 2 8 82% 349 2263 526 60%
c x  0.63  6 16 8 10 1303 2 22186 5069 2.6 22 8 2 8 82% 352 2242 526 60%
c }  0.68  6 16 9 10 1448 2 22912 5733 2.5 22 9 2 8 81% 352 2242 526 60%
c [  0.68  6 18 9 10 1448 1 22912 5733 2.1 21 10 2 10 87% 352 2242 526 60%
c O  0.68  6 18 9 10 1448 1 22912 5733 2.1 21 10 2 10 87% 352 2242 526 60%
c -  0.69  6 18 9 11 1448 1 23476 4990 2.1 20 10 2 9 86% 352 2242 526 60%
c -  0.77  6 17 9 12 1450 1 26793 5439 2.0 21 10 2 9 85% 353 2242 526 60%
c ]  0.83  6 17 10 12 1452 1 28966 7130 2.1 21 10 2 9 86% 353 2242 526 60%
c
c seconds   switched    rate        size/glue tier1   binary      remaining
c        MB   reductions  conflicts       size  tier2   irredundant
c         level    restarts    redundant    glue   trail      variables
c
c {  0.83  6 16 10 12 1452 2 28966 7130 2.5 22 9 2 8 81% 353 2242 526 60%
c -  0.86  7 16 10 13 1725 2 30258 5637 2.5 22 9 2 8 82% 353 2242 526 60%
c -  0.98  7 16 10 14 2186 2 33863 6500 2.6 24 9 1 7 84% 355 2242 526 60%
c s  1.03  6 16 10 14 2376 2 35534 7923 2.6 24 9 1 7 84% 355 2241 526 60%
c e  1.03  6 16 10 14 2376 2 35534 7923 2.6 24 9 1 7 84% 253 2400 454 52%
c s  1.04  6 16 10 14 2376 2 35534 7923 2.6 24 9 1 7 84% 255 2375 454 52%
c e  1.04  6 16 10 14 2376 2 35534 7923 2.6 24 9 1 7 84% 247 2387 450 52%
c ^  1.04  6 16 10 14 2376 2 35534 7923 2.6 24 9 1 7 84% 247 2387 450 52%
c }  1.09  7 16 11 14 2535 2 37594 6251 2.6 24 9 1 6 84% 247 2387 450 52%
c [  1.09  7 17 11 14 2535 1 37594 6251 2.1 21 10 2 9 86% 247 2387 450 52%
c B  1.09  7 17 11 14 2535 1 37594 6251 2.1 21 10 2 9 86% 247 2387 450 52%
c -  1.09  6 17 11 15 2535 1 37605 4848 2.1 21 10 2 9 86% 247 2387 450 52%
c u  1.10  5 17 11 15 2535 1 38338 5115 2.1 21 10 2 9 86% 247 2387 450 52%
c v  1.12  6 17 11 15 2535 1 38338 4951 2.1 21 10 2 9 86% 247 2387 450 52%
c w  1.12  6 17 11 15 2535 1 38338 4853 2.1 21 10 2 9 86% 247 2387 450 52%
c x  1.12  6 17 11 15 2535 1 38338 4850 2.1 21 10 2 9 86% 249 2346 450 52%
c t  1.12  6 17 11 15 2535 1 38338 4850 2.1 21 10 2 9 86% 245 2346 450 52%
c f  1.12  6 17 11 15 2535 1 38338 4850 2.1 21 10 2 9 86% 255 2317 456 52%
c u  1.13  6 17 11 15 2535 1 38338 4811 2.1 21 10 2 9 86% 255 2317 456 52%
c v  1.14  6 17 11 15 2535 1 38338 4655 2.1 21 10 2 9 86% 255 2317 456 52%
c
c seconds   switched    rate        size/glue  tier1   binary      remaining
c        MB   reductions  conflicts       size   tier2   irredundant
c         level    restarts    redundant     glue   trail      variables
c
c w  1.15  6 17 11 15 2535 1 38338 4602 2.1 21 10 2 9 86% 255 2317 456 52%
c x  1.15  6 17 11 15 2535 1 38338 4602 2.1 21 10 2 9 86% 255 2313 456 52%
c -  1.20  6 16 11 16 2537 1 41477 4799 2.0 21 10 2 9 86% 256 2313 456 52%
c -  1.28  6 16 11 17 2540 1 45478 4828 1.9 20 11 2 9 86% 256 2313 456 52%
c -  1.35  6 15 11 18 2541 1 49602 5446 1.9 20 10 2 9 85% 256 2313 456 52%
c W  1.35  6 15 11 18 2541 1 49816 5611 1.9 20 10 2 9 85% 256 2313 456 52%
c o  1.35  6 15 11 18 2541 1 49816 5611 1.9 20 10 2 9 85% 256 2313 456 52%
c -  1.42  6 15 11 19 2544 1 53844 5747 1.9 19 10 2 9 86% 256 2313 456 52%
c ]  1.42  6 15 12 19 2545 1 54345 6078 1.8 19 10 2 9 86% 256 2313 456 52%
c {  1.42  6 16 12 19 2545 2 54345 6078 2.6 24 9 1 6 84% 256 2313 456 52%
c -  1.53  7 16 12 20 3164 2 58202 6717 2.6 24 9 1 6 85% 257 2313 456 52%
c u  1.56  7 16 12 20 3428 2 59173 7317 2.5 24 9 1 6 85% 258 2313 456 52%
c v  1.58  7 16 12 20 3428 2 59173 6977 2.5 24 9 1 6 85% 258 2313 456 52%
c w  1.58  8 16 12 20 3428 2 59173 6853 2.5 24 9 1 6 85% 258 2313 456 52%
c =  1.63  8 16 12 20 3428 2 59173 6853 2.5 24 9 1 6 85% 260 2307 454 52%
c d  1.63  8 16 12 20 3428 2 59173 6815 2.5 24 9 1 6 85% 258 2307 454 52%
c t  1.63  8 16 12 20 3428 2 59173 6815 2.5 24 9 1 6 85% 257 2307 454 52%
c u  1.63  8 16 12 20 3428 2 59173 6776 2.5 24 9 1 6 85% 257 2307 454 52%
c v  1.64  8 16 12 20 3428 2 59173 6565 2.5 24 9 1 6 85% 257 2307 454 52%
c w  1.64  8 16 12 20 3428 2 59173 6527 2.5 24 9 1 6 85% 257 2307 454 52%
c
c seconds   switched    rate        size/glue tier1   binary      remaining
c        MB   reductions  conflicts       size  tier2   irredundant
c         level    restarts    redundant    glue   trail      variables
c
c x  1.65  8 16 12 20 3428 2 59173 6525 2.5 24 9 1 6 85% 257 2302 454 52%
c -  1.73  8 16 12 21 3685 2 62674 7741 2.5 24 9 1 6 85% 256 2301 454 52%
c }  1.81  8 16 13 21 4043 2 65825 10668 2.5 24 9 1 6 85% 257 2301 454 52%
c [  1.81  8 15 13 21 4043 1 65825 10668 1.8 19 10 2 9 86% 257 2301 454 52%
c I  1.81  8 15 13 21 4043 1 65825 10668 1.8 19 10 2 9 86% 257 2301 454 52%
c -  1.84  7 15 13 22 4044 1 67256 9037 1.8 19 11 2 9 86% 257 2301 454 52%
c -  1.93  8 15 13 23 4047 1 71947 9163 1.9 20 10 2 9 87% 257 2301 454 52%
c e  1.99  7 15 13 23 4049 1 74776 11517 1.9 20 10 2 9 87% 201 2418 416 48%
c s  1.99  7 15 13 23 4049 1 74776 11517 1.9 20 10 2 9 87% 201 2404 416 48%
c ^  1.99  7 15 13 23 4049 1 74776 11517 1.9 20 10 2 9 87% 201 2404 416 48%
c -  2.03  7 15 13 24 4049 1 76743 6237 1.9 20 10 2 9 87% 201 2404 416 48%
c -  2.12  7 14 13 25 4052 1 81642 6772 1.9 20 11 2 9 87% 201 2404 416 48%
c ]  2.14  7 14 14 25 4053 1 83103 7876 1.9 20 11 2 9 87% 201 2404 416 48%
c {  2.14  7 16 14 25 4053 2 83103 7876 2.5 24 9 1 6 85% 201 2404 416 48%
c o  2.14  7 16 14 25 4091 2 83283 8007 2.5 24 9 1 6 85% 201 2404 416 48%
c u  2.19  6 16 14 25 4483 2 84823 9001 2.5 24 10 1 6 85% 202 2404 416 48%
c v  2.22  6 16 14 25 4483 2 84823 8714 2.5 24 10 1 6 85% 202 2404 416 48%
c w  2.22  8 16 14 25 4483 2 84823 8635 2.5 24 10 1 6 85% 202 2404 416 48%
c t  2.29  8 16 14 25 4483 2 84823 8635 2.5 24 10 1 6 85% 201 2404 416 48%
c f  2.29  7 16 14 25 4483 2 84823 8635 2.5 24 10 1 6 85% 206 2389 418 48%
c
c seconds   switched    rate        size/glue  tier1   binary      remaining
c        MB   reductions  conflicts       size   tier2   irredundant
c         level    restarts    redundant     glue   trail      variables
c
c u  2.29  7 16 14 25 4483 2 84823 8597 2.5 24 10 1 6 85% 206 2389 418 48%
c v  2.31  7 16 14 25 4483 2 84823 8332 2.5 24 10 1 6 85% 206 2389 418 48%
c w  2.32  8 16 14 25 4483 2 84823 8204 2.5 24 10 1 6 85% 206 2389 418 48%
c -  2.36  7 16 14 26 4698 2 86642 7095 2.4 23 10 1 6 84% 206 2389 418 48%
c -  2.46  7 15 14 27 4899 2 91742 9458 2.4 23 9 1 6 82% 206 2389 418 48%
c -  2.62  8 16 14 28 5763 2 96938 10678 2.4 23 10 1 6 83% 206 2389 418 48%
c }  2.65  8 16 15 28 5763 2 97819 11507 2.4 23 10 1 6 83% 206 2389 418 48%
c [  2.65  8 14 15 28 5763 1 97819 11507 1.9 20 11 2 9 87% 206 2389 418 48%
c B  2.65  8 14 15 28 5763 1 97819 11507 1.9 20 11 2 9 87% 206 2389 418 48%
c -  2.74  8 14 15 29 5766 1 102230 10399 1.9 20 11 2 9 88% 206 2389 418 48%
c -  2.85  8 14 15 30 5769 1 107615 9084 1.8 19 10 2 8 88% 206 2389 418 48%
c -  2.95  8 14 15 31 5772 1 113093 8946 1.8 19 10 2 8 88% 206 2389 418 48%
c u  3.00  8 14 15 31 5774 1 115383 9971 1.8 19 10 2 8 88% 207 2389 418 48%
c v  3.02  8 14 15 31 5774 1 115383 9639 1.8 19 10 2 8 88% 208 2389 418 48%
c w  3.02  8 14 15 31 5774 1 115383 9477 1.8 19 10 2 8 88% 208 2389 418 48%
c x  3.03  8 14 15 31 5774 1 115383 9476 1.8 19 10 2 8 88% 208 2368 418 48%
c ]  3.06  8 14 16 31 5775 1 116701 10187 1.8 19 10 2 8 88% 208 2368 418 48%
c {  3.06  8 16 16 31 5775 2 116701 10187 2.4 23 10 1 6 83% 208 2368 418 48%
c -  3.11  8 15 16 32 5806 2 118660 8321 2.4 23 10 1 6 83% 208 2368 418 48%
c -  3.24  8 15 16 33 5806 2 124316 8593 2.3 22 9 1 5 84% 209 2368 418 48%
c
c seconds   switched    rate          size/glue tier1   binary      remaining
c        MB   reductions  conflicts         size  tier2   irredundant
c         level    restarts      redundant    glue   trail      variables
c
c o  3.35  8 14 16 33 5817 2 128931 10808 2.3 21 9 1 5 84% 210 2368 418 48%
c -  3.38  8 14 16 34 6031 2 130060 9343 2.3 21 9 1 5 84% 210 2368 418 48%
c }  3.50  8 14 17 34 6335 2 135038 13557 2.3 21 9 1 5 85% 210 2368 418 48%
c [  3.50  8 14 17 34 6335 1 135038 13557 1.8 19 10 2 8 88% 210 2368 418 48%
c W  3.51  7 14 17 34 6335 1 135038 13557 1.8 19 10 2 8 88% 210 2368 418 48%
c -  3.53  7 14 17 35 6335 1 135890 11190 1.8 19 10 2 8 88% 210 2368 418 48%
c s  3.57  7 14 17 35 6337 1 138103 12667 1.8 19 10 2 8 88% 210 2365 418 48%
c e  3.57  7 14 17 35 6337 1 138103 12667 1.8 19 10 2 8 88% 149 2566 377 43%
c s  3.57  7 14 17 35 6337 1 138103 12667 1.8 19 10 2 8 88% 149 2526 377 43%
c e  3.57  7 14 17 35 6337 1 138103 12667 1.8 19 10 2 8 88% 147 2535 375 43%
c ^  3.57  7 14 17 35 6337 1 138103 12667 1.8 19 10 2 8 88% 147 2535 375 43%
c -  3.63  7 14 17 36 6340 1 141806 7260 1.8 18 10 2 8 88% 147 2535 375 43%
c -  3.74  8 14 17 37 6342 1 147806 7342 1.8 19 10 2 8 88% 147 2535 375 43%
c u  3.80  8 14 17 37 6344 1 151141 9827 1.8 19 10 2 8 88% 147 2535 375 43%
c v  3.83  8 14 17 37 6344 1 151141 8941 1.8 19 10 2 8 88% 147 2535 375 43%
c w  3.84  8 14 17 37 6344 1 151141 8464 1.8 19 10 2 8 88% 147 2535 375 43%
c t  3.92  8 14 17 37 6344 1 151141 8464 1.8 19 10 2 8 88% 145 2535 375 43%
c -  3.98  8 14 17 38 6347 1 153889 7112 1.8 19 10 2 8 88% 145 2535 375 43%
c ]  4.08  8 14 18 38 6348 1 159159 11015 1.8 19 10 2 8 88% 145 2535 375 43%
c {  4.08  8 14 18 38 6348 2 159159 11015 2.3 21 9 1 5 85% 145 2535 375 43%
c
c seconds   switched    rate         size/glue tier1   binary      remaining
c        MB   reductions  conflicts        size  tier2   irredundant
c         level    restarts     redundant    glue   trail      variables
c
c -  4.11  8 14 18 39 6488 2 160053 7718 2.3 21 9 1 5 85% 146 2535 375 43%
c -  4.29  8 14 18 40 6593 2 166298 9835 2.4 21 9 1 5 86% 147 2534 375 43%
c -  4.48  8 14 18 41 6890 2 172622 11932 2.4 21 9 1 5 85% 147 2534 375 43%
c -  4.67  8 14 18 42 7221 2 179025 13301 2.4 21 9 1 5 85% 150 2534 375 43%
c o  4.69  8 13 18 42 7284 2 179569 13701 2.4 21 9 1 5 85% 150 2534 375 43%
c }  4.75  8 13 19 42 7317 2 181504 14771 2.4 21 9 1 5 85% 150 2534 375 43%
c [  4.75  8 14 19 42 7317 1 181504 14771 1.8 19 10 2 8 88% 150 2534 375 43%
c O  4.75  8 14 19 42 7317 1 181504 14771 1.8 19 10 2 8 88% 150 2534 375 43%
c -  4.86  8 13 19 43 7319 1 185506 13091 1.8 19 10 2 8 88% 150 2534 375 43%
c u  5.03  9 13 19 43 7323 1 191894 16120 1.8 19 10 2 8 88% 150 2534 375 43%
c v  5.05  9 13 19 43 7323 1 191894 15812 1.8 19 10 2 8 88% 150 2534 375 43%
c w  5.06  9 13 19 43 7323 1 191894 15418 1.8 19 10 2 8 88% 150 2534 375 43%
c x  5.07  8 13 19 43 7323 1 191894 15414 1.8 19 10 2 8 88% 151 2484 375 43%
c t  5.07  8 13 19 43 7323 1 191894 15414 1.8 19 10 2 8 88% 150 2484 375 43%
c -  5.08  8 13 19 44 7323 1 192063 10108 1.8 19 10 2 8 88% 150 2484 375 43%
c -  5.21  8 13 19 45 7327 1 198696 9679 1.8 18 10 2 8 88% 150 2484 375 43%
c -  5.35  8 13 19 46 7330 1 205405 8468 1.8 18 10 2 7 88% 150 2484 375 43%
c B  5.43  8 13 19 46 7331 1 209244 10884 1.8 18 10 2 7 88% 150 2484 375 43%
c -  5.48  8 13 19 47 7331 1 212188 8656 1.8 18 10 2 7 88% 150 2484 375 43%
c ]  5.53  8 13 20 47 7332 1 215409 10693 1.8 18 10 2 7 88% 150 2484 375 43%
c
c seconds   switched    rate          size/glue tier1   binary      remaining
c        MB   reductions  conflicts         size  tier2   irredundant
c         level    restarts      redundant    glue   trail      variables
c
c {  5.53  8 13 20 47 7332 2 215409 10693 2.4 21 9 1 5 85% 150 2484 375 43%
c -  5.63  8 14 20 48 7720 2 219044 10053 2.4 21 9 1 5 85% 150 2484 375 43%
c -  5.83  8 14 20 49 8901 2 225972 11396 2.3 21 9 1 5 85% 152 2484 375 43%
c s  5.88  8 14 20 49 8901 2 227645 13039 2.4 21 9 1 5 86% 152 2481 375 43%
c e  5.88  8 14 20 49 8901 2 227645 13039 2.4 21 9 1 5 86%  94 2900 316 36%
c s  5.88  8 14 20 49 8901 2 227645 13039 2.4 21 9 1 5 86%  94 2774 316 36%
c e  5.88  8 14 20 49 8901 2 227645 13039 2.4 21 9 1 5 86%  92 2798 313 36%
c ^  5.88  8 14 20 49 8901 2 227645 13039 2.4 21 9 1 5 86%  92 2798 313 36%
c -  6.00  8 14 20 50 9596 2 232973 7675 2.3 21 9 1 5 86%  92 2798 313 36%
c u  6.11  7 13 20 50 9620 2 238161 11253 2.4 21 9 1 5 86%  93 2798 313 36%
c v  6.14  8 13 20 50 9620 2 238161 9826 2.4 21 9 1 5 86%  93 2798 313 36%
c w  6.15  8 13 20 50 9620 2 238161 8716 2.4 21 9 1 5 86%  93 2798 313 36%
c x  6.15  7 13 20 50 9620 2 238161 8708 2.4 21 9 1 5 86%  94 2680 313 36%
c t  6.15  7 13 20 50 9620 2 238161 8708 2.4 21 9 1 5 86%  92 2680 313 36%
c o  6.20  8 13 20 50 9979 2 239578 9787 2.3 21 9 1 5 86%  92 2680 313 36%
c -  6.22  8 13 20 51 10083 2 240044 7762 2.3 21 9 1 5 86%  92 2680 313 36%
c }  6.28  8 13 21 51 10397 2 242149 9259 2.3 21 9 1 5 86%  92 2680 313 36%
c [  6.28  8 13 21 51 10397 1 242149 9259 1.8 18 10 2 7 88%  92 2680 313 36%
c W  6.29  7 13 21 51 10397 1 242149 9259 1.8 18 10 2 7 88%  92 2680 313 36%
c -  6.40  7 13 21 52 10400 1 247185 8882 1.7 18 10 2 7 88%  92 2680 313 36%
c
c seconds   switched     rate         size/glue  tier1   binary      remaining
c        MB   reductions   conflicts        size   tier2   irredundant
c         level    restarts      redundant     glue   trail      variables
c
c -  6.53  8 13 21 53 10403 1 254397 8624 1.7 17 10 2 7 88%  92 2680 313 36%
c -  6.68  8 13 21 54 10409 1 261677 8688 1.7 17 10 2 7 89%  92 2680 313 36%
c -  6.82  8 13 21 55 10411 1 269026 9008 1.7 17 10 2 7 89%  92 2680 313 36%
c -  6.94  8 13 21 56 10413 1 276442 9661 1.7 17 10 2 7 89%  92 2680 313 36%
c I  6.96  8 12 21 56 10414 1 277500 10413 1.7 17 10 2 7 89%  92 2680 313 36%
c ]  6.97  8 12 22 56 10414 1 278522 11215 1.7 17 10 2 7 89%  92 2680 313 36%
c {  6.97  8 13 22 56 10414 2 278522 11215 2.3 21 9 1 5 86%  92 2680 313 36%
c -  7.08  8 13 22 57 10638 2 283927 9996 2.3 20 9 1 5 86%  92 2680 313 36%
c u  7.19  8 13 22 57 10780 2 289520 13846 2.3 20 9 1 5 86%  92 2680 313 36%
c v  7.20  9 13 22 57 10780 2 289520 13311 2.3 20 9 1 5 86%  92 2680 313 36%
c w  7.21  9 13 22 57 10780 2 289520 12268 2.3 20 9 1 5 86%  92 2680 313 36%
c x  7.22  9 13 22 57 10780 2 289520 12268 2.3 20 9 1 5 86%  92 2671 313 36%
c -  7.26  8 13 22 58 10802 2 291477 10024 2.2 20 9 1 5 86%  92 2671 313 36%
c -  7.43  8 13 22 59 10961 2 299092 11849 2.2 20 9 1 5 87%  92 2671 313 36%
c -  7.58  8 13 22 60 11297 2 306777 12000 2.2 19 9 1 5 87%  92 2671 313 36%
c }  7.64  8 13 23 60 11363 2 310038 13977 2.2 19 9 1 5 87%  92 2671 313 36%
c [  7.64  8 12 23 60 11363 1 310038 13977 1.7 17 10 2 7 89%  92 2671 313 36%
c -  7.74  8 12 23 61 11366 1 314522 11106 1.7 16 10 2 7 89%  92 2671 313 36%
c B  7.78  8 12 23 61 11368 1 316940 12313 1.7 16 10 2 7 89%  92 2671 313 36%
c o  7.78  8 12 23 61 11368 1 316940 12313 1.7 16 10 2 7 89%  92 2671 313 36%
c
c seconds   switched     rate          size/glue  tier1   binary      remaining
c        MB   reductions   conflicts         size   tier2   irredundant
c         level    restarts       redundant     glue   trail      variables
c
c -  7.88  8 12 23 62 11369 1 322332 10704 1.7 16 10 2 7 89%  92 2671 313 36%
c -  8.04  8 12 23 63 11375 1 330206 10005 1.7 16 10 2 7 89%  92 2671 313 36%
c -  8.20  8 12 23 64 11377 1 338143 9663 1.7 16 10 2 7 89%  92 2671 313 36%
c ]  8.26  8 12 24 64 11377 1 341606 11720 1.7 16 10 2 7 89%  92 2671 313 36%
c {  8.26  8 13 24 64 11377 2 341606 11720 2.2 19 9 1 5 87%  92 2671 313 36%
c e  8.33  8 13 24 64 11920 2 344684 13899 2.1 19 9 1 5 87%  53 3179 273 31%
c s  8.33  8 13 24 64 11920 2 344684 13899 2.1 19 9 1 5 87%  53 3055 273 31%
c e  8.34  8 13 24 64 11920 2 344684 13899 2.1 19 9 1 5 87%  49 3093 270 31%
c !  8.34  8 13 24 64 11920 2 344684 13899 2.1 19 9 1 5 87%  49 3093 270 31%
c -  8.37  8 13 24 65 11951 2 346144 7612 2.1 19 9 1 5 87%  49 3092 270 31%
c u  8.38  8 13 24 65 11951 2 346474 7488 2.1 19 9 1 5 87%  49 3092 270 31%
c v  8.41  8 13 24 65 11951 2 346474 5957 2.1 19 9 1 5 87%  49 3092 270 31%
c w  8.42  8 13 24 65 11951 2 346474 5477 2.1 19 9 1 5 87%  49 3092 270 31%
c x  8.43  8 13 24 65 11951 2 346474 5470 2.1 19 9 1 5 87%  50 2978 270 31%
c t  8.49  8 13 24 65 11951 2 346474 5470 2.1 19 9 1 5 87%  49 2978 270 31%
c f  8.50  8 13 24 65 11951 2 346474 5470 2.1 19 9 1 5 87%  50 2958 271 31%
c u  8.50  8 13 24 65 11951 2 346474 5380 2.1 19 9 1 5 87%  50 2958 271 31%
c v  8.52  8 13 24 65 11951 2 346474 4387 2.1 19 9 1 5 87%  50 2958 271 31%
c w  8.54  8 13 24 65 11951 2 346474 4087 2.1 19 9 1 5 87%  50 2958 271 31%
c x  8.55  8 13 24 65 11951 2 346474 4087 2.1 19 9 1 5 87%  50 2942 271 31%
c
c seconds   switched     rate         size/glue tier1   binary      remaining
c        MB   reductions   conflicts        size  tier2   irredundant
c         level    restarts      redundant    glue   trail      variables
c
c -  8.71  8 13 24 66 12888 2 354206 6938 2.1 19 9 1 5 87%  51 2942 271 31%
c -  8.91  8 13 24 67 13574 2 362331 9721 2.1 19 9 1 5 87%  51 2942 271 31%
c -  9.10  8 13 24 68 13790 2 370518 12048 2.1 19 9 1 5 87%  52 2942 271 31%
c }  9.25  8 12 25 68 13962 1 378283 16664 2.1 19 9 1 5 88%  52 2942 271 31%
c [  9.25  8 12 25 68 13962 1 378283 16664 1.7 16 10 2 7 89%  52 2942 271 31%
c W  9.25  7 12 25 68 13962 1 378283 16664 1.7 16 10 2 7 89%  52 2942 271 31%
c -  9.26  7 12 25 69 13962 1 378764 12548 1.7 16 10 2 7 89%  52 2942 271 31%
c -  9.42  7 12 25 70 13968 1 387071 11786 1.7 16 10 2 7 89%  52 2942 271 31%
c -  9.59  7 12 25 71 13972 1 395438 11091 1.6 16 10 2 7 89%  53 2941 271 31%
c -  9.77  7 12 25 72 13976 1 403866 11302 1.6 15 9 2 7 89%  54 2941 271 31%
c u  9.86  7 12 25 72 13976 1 408306 13306 1.6 15 9 2 7 89%  55 2941 271 31%
c v  9.91  8 12 25 72 13976 1 408306 11124 1.6 15 9 2 7 89%  55 2941 271 31%
c w  9.93  8 12 25 72 13976 1 408306 9289 1.6 15 9 2 7 89%  56 2941 271 31%
c o  9.93  8 12 25 72 13976 1 408306 9289 1.6 15 9 2 7 89%  56 2941 271 31%
c - 10.00  8 12 25 73 13978 1 412352 9370 1.6 15 9 2 7 89%  57 2941 271 31%
c ] 10.13  8 12 26 73 13983 1 419835 13949 1.6 15 9 2 7 89%  57 2941 271 31%
c { 10.14  8 12 26 73 13983 1 419835 13949 2.1 19 9 1 5 88%  57 2941 271 31%
c - 10.16  8 12 26 74 14159 1 420896 10868 2.1 19 9 1 5 88%  57 2941 271 31%
c - 10.37  8 12 26 75 14466 1 429498 11938 2.1 18 9 1 5 88%  57 2941 271 31%
c - 10.63  8 12 26 76 15005 1 438160 14383 2.1 18 9 1 5 87%  57 2941 271 31%
c
c seconds   switched     rate          size/glue tier1   binary      remaining
c        MB   reductions   conflicts         size  tier2   irredundant
c         level    restarts       redundant    glue   trail      variables
c
c - 10.85  8 12 26 77 15766 1 446877 14733 2.1 18 9 1 5 88%  57 2941 271 31%
c - 11.08  8 12 26 78 16311 1 455651 14437 2.0 18 9 1 5 88%  57 2941 271 31%
c } 11.22  8 12 27 78 16311 1 462054 17543 2.0 17 9 1 5 88%  58 2941 271 31%
c [ 11.22  8 12 27 78 16311 1 462054 17543 1.6 15 9 2 7 89%  58 2941 271 31%
c O 11.22  8 12 27 78 16311 1 462054 17543 1.6 15 9 2 7 89%  58 2941 271 31%
c - 11.29  8 12 27 79 16313 1 464483 14474 1.6 15 9 2 7 89%  58 2941 271 31%
c - 11.50  8 11 27 80 16317 1 473373 14236 1.6 15 9 2 7 89%  58 2941 271 31%
c u 11.58  8 11 27 80 16319 1 475822 14485 1.6 15 9 2 7 89%  72 2941 271 31%
c v 11.61  8 11 27 80 16319 1 475822 13309 1.6 15 9 2 7 89%  70 2941 271 31%
c w 11.63  8 11 27 80 16319 1 475822 11691 1.6 15 9 2 7 89%  70 2941 271 31%
c x 11.64  8 11 27 80 16319 1 475822 11677 1.6 15 9 2 7 89%  71 2845 271 31%
c t 11.64  8 11 27 80 16319 1 475822 11677 1.6 15 9 2 7 89%  70 2845 271 31%
c i 11.76  8 11 27 80 16323 1 481865 14442 1.6 14 9 2 7 89%  78 2845 269 31%
c - 11.77  7 11 27 81 16323 1 482318 7366 1.6 14 9 2 6 89%  73 2843 269 31%
c s 11.92  7 11 27 81 16325 1 490496 12410 1.6 14 9 2 6 89%  74 2662 269 31%
c e 11.92  7 11 27 81 16325 1 490496 12410 1.6 14 9 2 6 89%  66 2867 249 29%
c s 11.92  7 11 27 81 16325 1 490496 12410 1.6 14 9 2 6 89%  66 2730 249 29%
c e 11.92  7 11 27 81 16325 1 490496 12410 1.6 14 9 2 6 89%  66 2726 247 28%
c - 11.93  7 11 27 82 16325 1 491319 6141 1.6 14 9 2 6 89%  66 2726 247 28%
c - 12.09  7 11 27 83 16330 1 500375 8273 1.6 14 9 2 6 89%  70 2726 247 28%
c
c seconds   switched     rate         size/glue tier1   binary      remaining
c        MB   reductions   conflicts        size  tier2   irredundant
c         level    restarts      redundant    glue   trail      variables
c
c i 12.12  7 11 27 83 16331 1 501842 8803 1.6 14 9 2 6 89%  81 2726 246 28%
c o 12.12  7 11 27 83 16331 1 501842 8803 1.6 14 9 2 6 89%  81 2726 246 28%
c i 12.19  7 11 27 83 16332 1 506191 10931 1.6 14 9 2 6 89%  94 2726 245 28%
c i 12.20  7 11 27 83 16332 1 506439 11020 1.6 14 9 2 6 89% 101 2726 244 28%
c i 12.22  7 11 27 83 16333 1 507655 11532 1.6 14 8 2 6 89% 112 2726 242 28%
c i 12.24  7 11 27 83 16334 1 508620 12009 1.6 14 8 2 6 89% 116 2726 241 28%
c - 12.26  6 11 27 84 16335 1 509486 3529 1.6 14 8 2 6 89% 144 2009 241 28%
c i 12.26  6 11 27 84 16335 1 509592 3543 1.6 14 8 2 6 89% 152 2009 240 28%
c i 12.27  6 11 27 84 16335 1 509903 3669 1.6 14 8 2 6 89% 162 2007 230 26%
c ] 12.28  6 11 27 84 16335 1 510402 3898 1.6 14 8 2 6 89% 173 2007 213 24%
c 0 12.28  6 12 27 84 16335 1 510402 3898 2.0 17 9 1 5 88% 173 2007 213 24%
c
c ---- [ result ] ------------------------------------------------------------
c
s UNSATISFIABLE
c
c ---- [ profiling ] ---------------------------------------------------------
c
c          11.14   90.68 %  search
c           5.58   45.44 %  focused
c           5.56   45.24 %  stable
c           1.13    9.17 %  simplify
c           1.10    8.96 %  probe
c           0.71    5.79 %  vivify
c           0.35    2.82 %  sweep
c           0.10    0.80 %  reduce
c           0.03    0.24 %  eliminate
c           0.02    0.17 %  substitute
c           0.02    0.15 %  preprocess
c           0.02    0.12 %  factor
c           0.01    0.11 %  walking
c           0.01    0.04 %  subsume
c           0.00    0.04 %  congruence
c           0.00    0.02 %  transitive
c           0.00    0.01 %  backbone
c           0.00    0.00 %  lucky
c           0.00    0.00 %  parse
c =============================================
c          12.28  100.00 %  total
c
c ---- [ statistics ] --------------------------------------------------------
c
c conflicts:                           510402            41559.86 per second
c congruent:                               34                4 %  variables
c decisions:                           659712                1.29 per conflict
c eliminated:                             611               70 %  variables
c factored:                                51                6 %  variables
c iterations:                               9                1 %  variables
c propagations:                      58768346          4785256    per second
c reductions:                              84             6076    interval
c reordered:                               10            51040    interval
c rephased:                                18            28356    interval
c restarts:                             16335               31    interval
c strengthened:                           803                0 %  checks
c substituted:                             59                7 %  variables
c subsumed:                               604                0 %  checks
c switched:                                27            18904    interval
c vivified:                             41483               42 %  checks
c walks:                                    6            85067    interval
c
c ---- [ glue usage ] --------------------------------------------------------
c
c focused glue 1 used 1733786 clauses 54.92% accumulated 54.92% tier1
c focused glue 2 used  683149 clauses 21.64% accumulated 76.57%
c focused glue 3 used  281842 clauses  8.93% accumulated 85.49%
c focused glue 4 used  127661 clauses  4.04% accumulated 89.54%
c focused glue 5 used   75991 clauses  2.41% accumulated 91.95% tier2
c
c stable glue 2 used 789339 clauses 21.48% accumulated 69.15% tier1
c stable glue 3 used 374939 clauses 10.20% accumulated 79.35%
c stable glue 4 used 188773 clauses  5.14% accumulated 84.49%
c stable glue 5 used 129026 clauses  3.51% accumulated 88.00%
c stable glue 6 used  96108 clauses  2.61% accumulated 90.61% tier2
c
c ---- [ resources ] ---------------------------------------------------------
c
c maximum-resident-set-size:        423305216 bytes        404 MB
c process-time:                            12s              12.28 seconds
c
c ---- [ shutting down ] -----------------------------------------------------
c
c exit 20
