c ---- [ banner ] ------------------------------------------------------------
c
c Kissat SAT Solver
c 
c Copyright (c) 2021-2024 Armin Biere University of Freiburg
c Copyright (c) 2019-2021 Armin Biere Johannes Kepler University Linz
c 
c Version 4.0.4 8af8e56f174b778aef3aa45af9f739b2a5f492c2
c gcc (GCC) 15.2.1 20260123 (Red Hat 15.2.1-7) -W -Wall -O3 -DNDEBUG
c Thu Apr 23 06:47:51 PM IST 2026 Linux krishnendu-LN 6.19.12-200.fc43.x86_64 x86_64
c
c ---- [ parsing ] -----------------------------------------------------------
c
c opened and reading DIMACS file:
c
c   /home/krishnendu/Research/fv-invariant-mining/data/circuits/cnf/miter_mult_10bit.cnf
c
c parsed 'p cnf 1113 4205' header
c closing input after reading 64864 bytes (63 KB)
c finished parsing after 0.00 seconds
c
c ---- [ options ] -----------------------------------------------------------
c
c --eliminateeffort=1200           (different from default '100')
c --stable=0                       (different from default '1')
c
c ---- [ solving ] -----------------------------------------------------------
c
c seconds switched rate     size/glue tier1  binary       remaining
c        MB reductions conflicts size  tier2   irredundant
c         level restarts redundant glue  trail       variables
c
c *  0.00  3 0 0 0  0 0   0   0 0.0 0 0 0 0 0% 1458 2745 1110 100%
c (  0.00  3 0 0 0  0 0   0   0 0.0 0 0 0 0 0% 1458 2745 1110 100%
c .  0.00  3 0 0 0  0 0   0   0 0.0 0 0 0 0 0% 1454 2745 1110 100%
c c  0.00  3 0 0 0  0 0   0   0 0.0 0 0 0 0 0% 1518 2743 1067 96%
c d  0.00  3 0 0 0  0 0   0   0 0.0 0 0 0 0 0% 1368 2743 1067 96%
c =  0.02  3 0 0 0  0 0   0   0 0.0 0 0 0 0 0% 1372 2736 1064 96%
c d  0.02  3 0 0 0  0 0   0   0 0.0 0 0 0 0 0% 1367 2736 1064 96%
c f  0.02  4 0 0 0  0 0   0   0 0.0 0 0 0 0 0% 1339 2718 1086 98%
c )  0.02  4 0 0 0  0 0   0   0 0.0 0 0 0 0 0% 1339 2718 1086 98%
c {  0.02  4 0 0 0  0 0   0   0 0.0 0 0 2 6 0% 1339 2718 1086 98%
c -  0.04  4 19 0 1 92 2 1001 588 2.7 28 10 4 14 83% 1345 2718 1086 98%
c -  0.07  4 17 0 2 92 2 2001 1046 2.9 25 9 3 10 82% 1354 2718 1086 98%
c u  0.11  4 16 0 2 107 2 3371 2192 3.0 26 8 2 9 82% 1358 2718 1086 98%
c v  0.12  4 16 0 2 107 2 3371 1860 3.0 26 8 2 9 82% 1358 2718 1086 98%
c w  0.12  4 16 0 2 107 2 3371 1781 3.0 26 8 2 9 82% 1358 2718 1086 98%
c x  0.12  4 16 0 2 107 2 3371 1781 3.0 26 8 2 9 82% 1372 2675 1086 98%
c =  0.14  4 16 0 2 107 2 3371 1781 3.0 26 8 2 9 82% 1402 2668 1071 96%
c d  0.14  4 16 0 2 107 2 3371 1781 3.0 26 8 2 9 82% 1357 2668 1071 96%
c t  0.14  4 16 0 2 107 2 3371 1781 3.0 26 8 2 9 82% 1344 2668 1071 96%
c f  0.14  4 16 0 2 107 2 3371 1781 3.0 26 8 2 9 82% 1340 2668 1075 97%
c
c seconds  switched  rate       size/glue tier1    binary       remaining
c        MB reductions conflicts      size  tier2    irredundant
c         level restarts   redundant    glue   trail       variables
c
c u  0.14  4 16 0 2 107 2 3371 1750 3.0 26 8 2 9 82% 1340 2668 1075 97%
c v  0.14  4 16 0 2 107 2 3371 1596 3.0 26 8 2 9 82% 1340 2668 1075 97%
c w  0.14  4 16 0 2 107 2 3371 1517 3.0 26 8 2 9 82% 1340 2668 1075 97%
c x  0.15  4 16 0 2 107 2 3371 1517 3.0 26 8 2 9 82% 1340 2668 1075 97%
c =  0.16  4 16 0 2 107 2 3371 1517 3.0 26 8 2 9 82% 1344 2668 1073 96%
c d  0.16  4 16 0 2 107 2 3371 1517 3.0 26 8 2 9 82% 1338 2668 1073 96%
c -  0.16  4 16 0 3 128 2 3415 1122 3.0 26 8 2 8 82% 1338 2668 1073 96%
c -  0.21  5 16 0 4 369 2 5147 1680 3.4 31 9 2 9 86% 1341 2668 1073 96%
c -  0.28  5 16 0 5 516 2 7148 2230 3.9 35 9 2 8 86% 1348 2668 1073 96%
c -  0.35  5 16 0 6 839 2 9384 2798 3.7 33 9 2 7 87% 1354 2668 1073 96%
c u  0.38  5 15 0 6 839 2 10396 3504 3.7 33 9 2 7 87% 1362 2668 1073 96%
c v  0.39  5 15 0 6 839 2 10396 3347 3.7 33 9 2 7 87% 1362 2668 1073 96%
c w  0.39  5 15 0 6 839 2 10396 3270 3.7 33 9 2 7 87% 1362 2668 1073 96%
c =  0.39  5 15 0 6 839 2 10396 3270 3.7 33 9 2 7 87% 1374 2664 1067 96%
c d  0.39  5 15 0 6 839 2 10396 3268 3.7 33 9 2 7 87% 1357 2664 1067 96%
c t  0.39  5 15 0 6 839 2 10396 3268 3.7 33 9 2 7 87% 1355 2664 1067 96%
c u  0.40  5 15 0 6 839 2 10396 3221 3.7 33 9 2 7 87% 1355 2664 1067 96%
c v  0.40  5 15 0 6 839 2 10396 3022 3.7 33 9 2 7 87% 1355 2664 1067 96%
c w  0.41  5 15 0 6 839 2 10396 2917 3.7 33 9 2 7 87% 1355 2664 1067 96%
c x  0.41  5 15 0 6 839 2 10396 2917 3.7 33 9 2 7 87% 1355 2644 1067 96%
c
c seconds  switched  rate        size/glue tier1    binary       remaining
c        MB reductions conflicts       size  tier2    irredundant
c         level restarts    redundant    glue   trail       variables
c
c o  0.43  5 15 0 6 839 2 10396 2917 3.7 33 9 2 7 87% 1355 2644 1067 96%
c -  0.47  5 16 0 7 904 2 11833 2848 3.6 32 9 2 7 86% 1359 2644 1067 96%
c -  0.55  5 15 0 8 946 2 14479 3607 3.6 31 9 2 6 86% 1362 2644 1067 96%
c e  0.63  5 15 0 8 1292 2 16852 5834 3.4 30 9 2 6 86% 408 3195 660 59%
c 2  0.63  5 15 0 8 1292 2 16852 5834 3.4 30 9 2 6 86% 407 3195 660 59%
c s  0.63  5 15 0 8 1292 2 16852 5834 3.4 30 9 2 6 86% 409 3117 660 59%
c e  0.63  5 15 0 8 1292 2 16852 5834 3.4 30 9 2 6 86% 374 3149 645 58%
c ^  0.63  5 15 0 8 1292 2 16852 5834 3.4 30 9 2 6 86% 374 3149 645 58%
c -  0.64  5 15 0 9 1299 2 17308 1155 3.4 30 9 2 6 86% 375 3149 645 58%
c -  0.71  5 15 0 10 1423 2 20308 2787 3.4 29 9 2 6 85% 377 3149 645 58%
c o  0.71  5 15 0 10 1426 2 20507 2974 3.4 29 9 2 6 84% 378 3149 645 58%
c u  0.74  6 15 0 10 1568 2 21309 3374 3.4 29 9 2 6 84% 381 3149 645 58%
c v  0.75  6 15 0 10 1568 2 21309 3100 3.4 29 9 2 6 84% 381 3149 645 58%
c w  0.75  6 15 0 10 1568 2 21309 3020 3.4 29 9 2 6 84% 381 3149 645 58%
c t  0.75  6 15 0 10 1568 2 21309 3020 3.4 29 9 2 6 84% 378 3149 645 58%
c f  0.76  6 15 0 10 1568 2 21309 3020 3.4 29 9 2 6 84% 441 3018 678 61%
c u  0.76  5 15 0 10 1568 2 21309 2958 3.4 29 9 2 6 84% 441 3018 678 61%
c v  0.77  5 15 0 10 1568 2 21309 2613 3.4 29 9 2 6 84% 441 3018 678 61%
c w  0.78  5 15 0 10 1568 2 21309 2576 3.4 29 9 2 6 84% 441 3018 678 61%
c -  0.85  6 16 0 11 1678 2 23472 3223 3.3 29 9 2 6 83% 442 3017 678 61%
c
c seconds  switched    rate        size/glue tier1   binary      remaining
c        MB  reductions  conflicts       size  tier2   irredundant
c         level   restarts    redundant    glue   trail      variables
c
c -  0.92  6 16 0 12 1781 2 26788 4319 3.4 29 9 2 6 82% 445 3017 678 61%
c -  1.02  6 16 0 13 2492 2 30253 4879 3.2 29 9 2 6 82% 450 3017 678 61%
c -  1.12  7 17 0 14 3108 2 33858 5299 3.0 28 9 1 6 81% 455 3017 678 61%
c s  1.12  7 17 0 14 3169 2 34094 5524 3.0 28 9 1 6 81% 456 3006 678 61%
c e  1.12  7 17 0 14 3169 2 34094 5524 3.0 28 9 1 6 81% 382 3117 618 56%
c s  1.12  7 17 0 14 3169 2 34094 5524 3.0 28 9 1 6 81% 384 3077 618 56%
c e  1.12  7 17 0 14 3169 2 34094 5524 3.0 28 9 1 6 81% 377 3087 615 55%
c ^  1.12  7 17 0 14 3169 2 34094 5524 3.0 28 9 1 6 81% 377 3087 615 55%
c u  1.20  7 17 0 14 3747 3 36702 5657 2.9 28 10 1 6 82% 379 3087 615 55%
c v  1.21  7 17 0 14 3747 3 36702 5507 2.9 28 10 1 6 82% 379 3087 615 55%
c w  1.21  7 17 0 14 3747 3 36702 5502 2.9 28 10 1 6 82% 379 3087 615 55%
c x  1.22  7 17 0 14 3747 3 36702 5501 2.9 28 10 1 6 82% 386 2961 615 55%
c t  1.22  7 17 0 14 3747 3 36702 5501 2.9 28 10 1 6 82% 378 2961 615 55%
c f  1.22  7 17 0 14 3747 3 36702 5501 2.9 28 10 1 6 82% 380 2956 616 55%
c u  1.22  7 17 0 14 3747 3 36702 5470 2.9 28 10 1 6 82% 380 2956 616 55%
c v  1.24  7 17 0 14 3747 3 36702 5295 2.9 28 10 1 6 82% 380 2956 616 55%
c w  1.25  7 17 0 14 3747 3 36702 5286 2.9 28 10 1 6 82% 380 2956 616 55%
c -  1.29  7 17 0 15 3950 3 37599 3858 2.9 28 10 1 5 81% 380 2956 616 55%
c o  1.36  7 17 0 15 4200 3 40574 6594 2.9 28 10 1 5 82% 381 2956 616 55%
c -  1.38  7 17 0 16 4227 2 41472 4748 2.9 28 10 1 5 82% 381 2956 616 55%
c
c seconds  switched    rate        size/glue tier1   binary      remaining
c        MB  reductions  conflicts       size  tier2   irredundant
c         level   restarts    redundant    glue   trail      variables
c
c -  1.53  7 17 0 17 4240 2 45473 5755 3.0 28 9 1 5 83% 384 2956 616 55%
c -  1.65  7 17 0 18 4446 2 49596 6455 3.0 28 9 1 5 84% 385 2956 616 55%
c -  1.76  7 17 0 19 5189 2 53841 6723 2.9 28 10 1 5 83% 386 2956 616 55%
c u  1.83  7 17 0 19 5275 2 56643 8834 2.9 28 10 1 5 83% 388 2955 616 55%
c v  1.84  7 17 0 19 5275 2 56643 8768 2.9 28 10 1 5 83% 388 2955 616 55%
c w  1.85  7 17 0 19 5275 2 56643 8703 2.9 28 10 1 5 83% 388 2955 616 55%
c x  1.85  8 17 0 19 5275 2 56643 8702 2.9 28 10 1 5 83% 388 2946 616 55%
c =  1.91  8 17 0 19 5275 2 56643 8702 2.9 28 10 1 5 83% 390 2944 615 55%
c d  1.91  8 17 0 19 5275 2 56643 8702 2.9 28 10 1 5 83% 388 2944 615 55%
c t  1.91  8 17 0 19 5275 2 56643 8702 2.9 28 10 1 5 83% 387 2944 615 55%
c u  1.92  6 17 0 19 5275 2 56643 8631 2.9 28 10 1 5 83% 387 2944 615 55%
c v  1.94  6 17 0 19 5275 2 56643 8414 2.9 28 10 1 5 83% 387 2944 615 55%
c w  1.95  6 17 0 19 5275 2 56643 8332 2.9 28 10 1 5 83% 387 2944 615 55%
c -  2.00  6 17 0 20 5608 2 58199 6556 2.9 28 10 1 5 83% 387 2944 615 55%
c -  2.11  6 17 0 21 5792 2 62672 7597 2.9 28 10 1 4 83% 387 2944 615 55%
c -  2.26  6 17 0 22 6450 2 67254 8066 2.8 28 10 1 4 83% 389 2944 615 55%
c o  2.36  6 17 0 22 6805 2 70609 11162 2.8 28 10 1 4 83% 390 2944 615 55%
c e  2.40  6 17 0 22 7026 2 71580 11990 2.8 28 10 1 4 83% 279 3180 540 49%
c s  2.40  6 17 0 22 7026 2 71580 11990 2.8 28 10 1 4 83% 280 3151 540 49%
c e  2.40  6 17 0 22 7026 2 71580 11990 2.8 28 10 1 4 83% 277 3155 538 48%
c
c seconds  switched    rate         size/glue  tier1   binary      remaining
c        MB  reductions  conflicts        size   tier2   irredundant
c         level   restarts     redundant     glue   trail      variables
c
c ^  2.40  6 17 0 22 7026 2 71580 11990 2.8 28 10 1 4 83% 277 3155 538 48%
c -  2.41  6 17 0 23 7125 2 71944 5155 2.8 28 10 1 4 83% 277 3155 538 48%
c -  2.54  6 17 0 24 7480 2 76739 7024 2.8 27 10 1 4 83% 277 3155 538 48%
c u  2.67  6 17 0 24 8098 2 81184 10430 2.8 27 10 1 4 83% 278 3155 538 48%
c v  2.69  6 17 0 24 8098 2 81184 9826 2.8 27 10 1 4 83% 278 3155 538 48%
c w  2.70  6 17 0 24 8098 2 81184 9778 2.8 27 10 1 4 83% 278 3155 538 48%
c t  2.78  7 17 0 24 8098 2 81184 9778 2.8 27 10 1 4 83% 276 3155 538 48%
c f  2.78  7 17 0 24 8098 2 81184 9778 2.8 27 10 1 4 83% 279 3142 540 49%
c u  2.79  7 17 0 24 8098 2 81184 9691 2.8 27 10 1 4 83% 279 3142 540 49%
c v  2.81  7 17 0 24 8098 2 81184 9420 2.8 27 10 1 4 83% 279 3142 540 49%
c w  2.82  7 17 0 24 8098 2 81184 9374 2.8 27 10 1 4 83% 279 3142 540 49%
c x  2.82  7 17 0 24 8098 2 81184 9373 2.8 27 10 1 4 83% 280 3100 540 49%
c t  2.82  7 17 0 24 8098 2 81184 9373 2.8 27 10 1 4 83% 279 3100 540 49%
c -  2.84  7 17 0 25 8217 2 81638 6652 2.7 27 10 1 4 83% 279 3100 540 49%
c -  2.98  7 17 0 26 9021 2 86640 7083 2.7 27 10 1 4 83% 279 3100 540 49%
c -  3.13  7 18 0 27 9924 2 91740 7615 2.6 27 10 1 4 83% 280 3100 540 49%
c -  3.24  7 17 0 28 9943 2 96937 8896 2.6 27 10 1 4 81% 280 3100 540 49%
c -  3.38  7 17 0 29 9950 2 102228 9685 2.6 26 10 1 4 80% 280 3100 540 49%
c -  3.53  7 16 0 30 9956 2 107614 10595 2.7 26 10 1 4 80% 280 3100 540 49%
c u  3.64  7 17 0 30 10485 2 110421 12254 2.6 26 10 1 4 80% 280 3100 540 49%
c
c seconds  switched     rate          size/glue  tier1   binary      remaining
c        MB  reductions   conflicts         size   tier2   irredundant
c         level   restarts       redundant     glue   trail      variables
c
c v  3.66  7 17 0 30 10485 2 110421 11815 2.6 26 10 1 4 80% 280 3100 540 49%
c w  3.67  7 17 0 30 10485 2 110421 11700 2.6 26 10 1 4 80% 280 3100 540 49%
c o  3.69  7 17 0 30 10588 2 110834 12104 2.6 26 10 1 4 80% 280 3100 540 49%
c -  3.76  7 17 0 31 10891 2 113091 9778 2.6 26 10 1 4 81% 280 3100 540 49%
c -  3.94  7 17 0 32 12007 2 118658 9537 2.5 26 10 1 4 81% 281 3100 540 49%
c -  4.08  7 17 0 33 12291 2 124314 10814 2.5 25 10 1 4 80% 287 3100 540 49%
c -  4.25  7 17 0 34 12771 2 130060 11858 2.5 26 10 1 4 81% 289 3100 540 49%
c e  4.31  7 17 0 34 12988 2 132051 13705 2.5 26 10 1 4 80% 190 3377 483 43%
c s  4.31  7 17 0 34 12988 2 132051 13705 2.5 26 10 1 4 80% 191 3322 483 43%
c e  4.31  7 17 0 34 12988 2 132051 13705 2.5 26 10 1 4 80% 190 3327 482 43%
c ^  4.31  7 17 0 34 12988 2 132051 13705 2.5 26 10 1 4 80% 190 3327 482 43%
c -  4.44  7 17 0 35 13293 2 135891 8542 2.5 25 10 1 4 81% 190 3327 482 43%
c -  4.61  7 17 0 36 13813 2 141808 9694 2.5 26 10 1 4 81% 190 3327 482 43%
c u  4.70  7 17 0 36 14322 2 144588 11311 2.5 26 10 1 4 82% 192 3327 482 43%
c v  4.72  7 17 0 36 14322 2 144588 11005 2.5 26 10 1 4 82% 192 3327 482 43%
c w  4.73  7 17 0 36 14322 2 144588 10966 2.5 26 10 1 4 82% 192 3327 482 43%
c x  4.73  7 17 0 36 14322 2 144588 10961 2.5 26 10 1 4 82% 193 3254 482 43%
c t  4.85  7 17 0 36 14322 2 144588 10961 2.5 26 10 1 4 82% 192 3254 482 43%
c -  4.94  7 17 0 37 14897 2 147809 9009 2.5 26 10 1 4 81% 192 3254 482 43%
c -  5.18  7 17 0 38 15352 2 153891 9562 2.4 26 10 1 4 82% 192 3254 482 43%
c
c seconds  switched     rate          size/glue  tier1   binary      remaining
c        MB  reductions   conflicts         size   tier2   irredundant
c         level   restarts       redundant     glue   trail      variables
c
c -  5.43  7 16 0 39 15354 2 160055 10751 2.5 25 10 1 3 82% 192 3254 482 43%
c o  5.56  7 16 0 39 15355 2 163269 13485 2.5 25 10 1 3 83% 192 3254 482 43%
c -  5.67  7 16 0 40 15983 2 166299 11870 2.5 26 10 1 3 83% 194 3254 482 43%
c -  5.91  7 16 0 41 16893 2 172623 12088 2.4 25 10 1 3 83% 194 3254 482 43%
c -  6.09  7 16 0 42 17464 2 179026 11972 2.4 25 11 1 3 83% 195 3254 482 43%
c i  6.16  7 16 0 42 17520 2 181450 14134 2.4 25 10 1 3 83% 200 3254 481 43%
c u  6.26  7 16 0 42 17896 2 183665 14728 2.4 25 11 1 3 83% 195 3246 481 43%
c v  6.29  7 16 0 42 17896 2 183665 14335 2.4 25 11 1 3 83% 195 3246 481 43%
c w  6.30  7 16 0 42 17896 2 183665 14221 2.4 25 11 1 3 83% 195 3246 481 43%
c x  6.31  7 16 0 42 17896 2 183665 14221 2.4 25 11 1 3 83% 195 3233 481 43%
c -  6.36  7 16 0 43 17906 2 185507 10384 2.4 25 11 1 3 83% 195 3233 481 43%
c -  6.58  7 16 0 44 18247 2 192064 11807 2.4 25 10 1 3 84% 195 3233 481 43%
c -  6.79  7 16 0 45 18348 2 198697 13772 2.5 25 10 1 3 83% 196 3233 481 43%
c -  7.02  7 16 0 46 18739 2 205405 14281 2.4 25 10 1 3 82% 198 3233 481 43%
c -  7.28  8 16 0 47 19912 2 212188 13752 2.4 25 10 1 3 83% 200 3233 481 43%
c s  7.49  8 16 0 47 20388 2 217635 18745 2.4 25 10 1 3 83% 200 3230 481 43%
c e  7.49  8 16 0 47 20388 2 217635 18745 2.4 25 10 1 3 83% 123 3816 400 36%
c 2  7.50  8 16 0 47 20388 2 217635 18745 2.4 25 10 1 3 83% 122 3816 400 36%
c s  7.50  8 16 0 47 20388 2 217635 18745 2.4 25 10 1 3 83% 122 3644 400 36%
c e  7.50  8 16 0 47 20388 2 217635 18745 2.4 25 10 1 3 83% 116 3682 394 35%
c
c seconds  switched     rate          size/glue  tier1   binary      remaining
c        MB  reductions   conflicts         size   tier2   irredundant
c         level   restarts       redundant     glue   trail      variables
c
c ^  7.50  8 16 0 47 20388 2 217635 18745 2.4 25 10 1 3 83% 116 3682 394 35%
c -  7.53  6 16 0 48 20446 2 219043 6957 2.4 25 10 1 3 83% 116 3682 394 35%
c -  7.72  7 16 0 49 20852 2 225971 9499 2.5 26 10 1 3 83% 116 3682 394 35%
c u  7.78  7 16 0 49 20852 2 227936 10632 2.5 26 10 1 3 83% 116 3682 394 35%
c v  7.82  7 16 0 49 20852 2 227936 9310 2.5 26 10 1 3 83% 116 3682 394 35%
c w  7.85  7 16 0 49 20852 2 227936 9155 2.5 26 10 1 3 83% 116 3682 394 35%
c t  7.85  7 16 0 49 20852 2 227936 9155 2.5 26 10 1 3 83% 114 3682 394 35%
c o  7.86  7 16 0 49 20852 2 227936 9155 2.5 26 10 1 3 83% 114 3682 394 35%
c -  7.97  7 16 0 50 21297 2 232971 9222 2.5 26 10 1 3 83% 115 3682 394 35%
c -  8.24  7 16 0 51 21719 2 240043 9922 2.5 26 10 1 3 83% 115 3682 394 35%
c -  8.47  7 16 0 52 21793 2 247185 11024 2.5 26 10 1 3 83% 115 3682 394 35%
c -  8.69  7 16 0 53 23064 2 254396 11296 2.5 26 10 1 3 84% 115 3682 394 35%
c -  8.95  8 16 0 54 23709 2 261677 12013 2.5 26 10 1 3 83% 116 3682 394 35%
c -  9.17  8 16 0 55 24509 2 269025 12268 2.4 26 11 1 3 84% 116 3682 394 35%
c -  9.36  8 16 0 56 24635 2 276442 12901 2.5 26 10 1 3 84% 116 3682 394 35%
c u  9.39  8 16 0 56 24635 2 276689 12006 2.5 26 10 1 3 84% 116 3682 394 35%
c v  9.41  8 16 0 56 24635 2 276689 11602 2.5 26 10 1 3 84% 116 3682 394 35%
c w  9.42  8 16 0 56 24635 2 276689 11543 2.5 26 10 1 3 84% 116 3682 394 35%
c x  9.43  8 16 0 56 24635 2 276689 11534 2.5 26 10 1 3 84% 116 3498 394 35%
c t  9.43  8 16 0 56 24635 2 276689 11534 2.5 26 10 1 3 84% 115 3498 394 35%
c
c seconds  switched     rate          size/glue  tier1   binary      remaining
c        MB  reductions   conflicts         size   tier2   irredundant
c         level   restarts       redundant     glue   trail      variables
c
c -  9.67  8 16 0 57 25851 2 283926 12076 2.4 26 11 1 3 84% 115 3498 394 35%
c -  9.89  8 16 0 58 26507 2 291475 12230 2.4 26 11 1 3 85% 115 3498 394 35%
c o 10.11  8 16 0 58 26883 2 298999 18492 2.4 26 11 1 3 84% 115 3498 394 35%
c - 10.12  8 16 0 59 26885 2 299090 13312 2.4 26 11 1 3 84% 115 3498 394 35%
c - 10.39  8 16 0 60 26885 2 306772 15029 2.5 26 10 1 3 84% 115 3498 394 35%
c - 10.68  8 16 0 61 27771 2 314517 15487 2.5 26 11 1 3 84% 115 3498 394 35%
c - 10.94  8 16 0 62 28011 2 322327 16778 2.5 26 10 1 3 83% 115 3498 394 35%
c s 11.14  8 16 0 62 28012 2 329505 23635 2.6 26 10 1 3 84% 115 3490 394 35%
c e 11.14  8 16 0 62 28012 2 329505 23635 2.6 26 10 1 3 84%  72 4177 343 31%
c s 11.14  8 16 0 62 28012 2 329505 23635 2.6 26 10 1 3 84%  72 3969 343 31%
c e 11.15  8 16 0 62 28012 2 329505 23635 2.6 26 10 1 3 84%  65 4050 337 30%
c ! 11.15  8 16 0 62 28012 2 329505 23635 2.6 26 10 1 3 84%  65 4050 337 30%
c - 11.17  7 16 0 63 28136 2 330202 7807 2.6 26 10 1 3 84%  65 4050 337 30%
c u 11.20  7 16 0 63 28286 2 331159 7765 2.5 26 10 1 3 84%  65 4050 337 30%
c v 11.23  7 16 0 63 28286 2 331159 6599 2.5 26 10 1 3 84%  65 4050 337 30%
c w 11.26  7 16 0 63 28286 2 331159 6305 2.5 26 10 1 3 84%  65 4050 337 30%
c x 11.27  7 16 0 63 28286 2 331159 6288 2.5 26 10 1 3 84%  65 3866 337 30%
c - 11.49  8 16 0 64 28718 2 338139 8367 2.5 26 10 1 3 83%  65 3866 337 30%
c - 11.72  8 16 0 65 29412 2 346139 10553 2.5 26 10 1 3 83%  65 3866 337 30%
c - 11.98  8 16 0 66 30967 2 354201 11360 2.4 26 11 1 3 83%  65 3866 337 30%
c
c seconds  switched     rate          size/glue  tier1   binary      remaining
c        MB  reductions   conflicts         size   tier2   irredundant
c         level   restarts       redundant     glue   trail      variables
c
c - 12.21  8 16 0 67 30969 2 362326 12264 2.5 26 10 1 3 84%  65 3866 337 30%
c - 12.47  8 16 0 68 32056 2 370511 12292 2.4 26 10 1 3 84%  65 3866 337 30%
c - 12.70  8 16 0 69 32507 2 378757 13553 2.4 25 10 1 3 82%  65 3866 337 30%
c o 12.90  8 16 0 69 32509 2 386678 19957 2.4 24 10 1 3 80%  66 3866 337 30%
c - 12.92  8 16 0 70 32585 2 387064 15807 2.4 24 10 1 3 80%  66 3866 337 30%
c u 13.04  8 16 0 70 33309 2 390272 17538 2.4 24 10 1 3 80%  67 3866 337 30%
c v 13.07  8 16 0 70 33309 2 390272 17071 2.4 24 10 1 3 80%  67 3866 337 30%
c w 13.09  8 16 0 70 33309 2 390272 17011 2.4 24 10 1 3 80%  67 3866 337 30%
c x 13.10  8 16 0 70 33309 2 390272 17008 2.4 24 10 1 3 80%  70 3804 337 30%
c t 13.10  8 16 0 70 33309 2 390272 17008 2.4 24 10 1 3 80%  68 3804 337 30%
c - 13.30  8 16 0 71 34200 2 395431 14564 2.3 24 10 1 3 80%  68 3804 337 30%
c - 13.54  8 16 0 72 34736 2 403858 14935 2.3 24 10 1 3 80%  69 3804 337 30%
c - 13.82  8 16 0 73 36326 2 412343 15138 2.3 24 11 1 3 80%  69 3804 337 30%
c - 14.12  8 16 0 74 37261 2 420888 14794 2.2 24 11 1 3 81%  69 3804 337 30%
c - 14.39  7 16 0 75 37335 2 429490 14960 2.3 24 11 1 3 82%  69 3804 337 30%
c - 14.65  8 15 0 76 37335 2 438150 14424 2.4 25 10 1 3 83%  69 3804 337 30%
c - 14.89  8 15 0 77 37725 2 446867 15361 2.4 24 10 1 3 83%  69 3804 337 30%
c u 15.17  8 15 0 77 38862 2 454998 21248 2.3 25 10 1 3 84%  71 3804 337 30%
c v 15.19  8 15 0 77 38862 2 454998 20533 2.3 25 10 1 3 84%  71 3804 337 30%
c w 15.21 11 15 0 77 38862 2 454998 20465 2.3 25 10 1 3 84%  71 3804 337 30%
c
c seconds  switched     rate          size/glue  tier1   binary      remaining
c        MB  reductions   conflicts         size   tier2   irredundant
c         level   restarts       redundant     glue   trail      variables
c
c x 15.23 11 15 0 77 38862 2 454998 20461 2.3 25 10 1 3 84%  71 3789 337 30%
c t 15.23 11 15 0 77 38862 2 454998 20461 2.3 25 10 1 3 84%  69 3789 337 30%
c - 15.25  9 15 0 78 38992 2 455642 14129 2.3 25 10 1 3 84%  69 3789 337 30%
c - 15.51  9 15 0 79 40213 2 464474 13143 2.3 24 11 1 3 84%  69 3789 337 30%
c s 15.64  9 15 0 79 40254 2 469022 17320 2.3 24 11 1 3 85%  69 3786 337 30%
c e 15.65  8 15 0 79 40254 2 469022 17320 2.3 24 11 1 3 85%  65 3854 332 30%
c s 15.65  8 15 0 79 40254 2 469022 17320 2.3 24 11 1 3 85%  65 3834 332 30%
c - 15.80  9 15 0 80 40999 2 473362 13346 2.3 24 11 1 3 85%  65 3834 332 30%
c o 15.95  9 16 0 80 41728 2 477149 16385 2.2 24 11 1 3 85%  65 3833 332 30%
c - 16.10 10 15 0 81 41872 2 482306 14037 2.2 24 11 1 3 85%  65 3833 332 30%
c - 16.35 10 16 0 82 43059 2 491306 14301 2.2 24 11 1 3 85%  66 3833 332 30%
c - 16.57 10 15 0 83 43059 2 500361 14166 2.2 24 11 1 3 86%  66 3833 332 30%
c - 16.86 10 15 0 84 43062 2 509472 13610 2.2 23 11 1 3 86%  66 3833 332 30%
c - 17.15  9 15 0 85 43800 2 518638 15524 2.2 23 11 1 3 86%  66 3833 332 30%
c u 17.34  8 15 0 85 43801 2 525335 18489 2.2 23 10 1 3 87%  67 3833 332 30%
c v 17.37  8 15 0 85 43801 2 525335 17577 2.2 23 10 1 3 87%  68 3833 332 30%
c w 17.39  8 15 0 85 43801 2 525335 15582 2.2 23 10 1 3 87%  68 3833 332 30%
c x 17.40  8 15 0 85 43801 2 525335 15578 2.2 23 10 1 3 87%  68 3794 332 30%
c t 17.40  8 15 0 85 43801 2 525335 15578 2.2 23 10 1 3 87%  67 3794 332 30%
c - 17.49  8 15 0 86 43803 2 527857 13304 2.2 23 10 1 3 87%  67 3794 332 30%
c
c seconds  switched     rate          size/glue  tier1   binary      remaining
c        MB  reductions   conflicts         size   tier2   irredundant
c         level   restarts       redundant     glue   trail      variables
c
c - 17.79  8 15 0 87 45102 2 537130 14069 2.2 23 11 1 3 87%  67 3794 332 30%
c - 18.09  8 15 0 88 46111 2 546457 14988 2.2 23 11 1 3 87%  67 3794 332 30%
c - 18.36  8 15 0 89 47621 2 555838 15382 2.2 23 11 1 3 87%  67 3794 332 30%
c - 18.69  9 15 0 90 47796 2 565271 16939 2.2 23 11 1 3 86%  67 3794 332 30%
c - 19.00  9 15 0 91 48429 2 574757 17913 2.2 23 11 1 3 86%  67 3794 332 30%
c o 19.06  9 15 0 91 48670 2 577237 19526 2.2 23 11 1 3 86%  67 3794 332 30%
c - 19.28  9 15 0 92 49206 2 584297 17711 2.2 24 11 1 3 86%  67 3794 332 30%
c - 19.63  9 15 0 93 50306 2 593889 18013 2.2 24 11 1 3 86%  67 3794 332 30%
c u 19.93 11 15 0 93 50306 2 601302 23943 2.3 24 11 1 3 87%  67 3794 332 30%
c v 19.97 11 15 0 93 50306 2 601302 23488 2.3 24 11 1 3 87%  67 3794 332 30%
c w 19.99 12 15 0 93 50306 2 601302 23393 2.3 24 11 1 3 87%  67 3794 332 30%
c x 20.01  9 15 0 93 50306 2 601302 23392 2.3 24 11 1 3 87%  68 3778 332 30%
c - 20.09 11 15 0 94 50751 2 603532 17845 2.3 24 11 1 3 87%  68 3778 332 30%
c - 20.42 10 15 0 95 51497 2 613228 18614 2.3 24 11 1 3 87%  68 3778 332 30%
c - 20.80 10 15 0 96 51919 2 622974 16988 2.2 24 11 1 3 87%  68 3778 332 30%
c - 21.08  9 15 0 97 52027 2 632771 16290 2.2 24 11 1 3 88%  68 3778 332 30%
c e 21.31  8 15 0 97 52027 1 641134 21080 2.2 23 10 1 3 88%  66 3812 329 30%
c s 21.31  8 15 0 97 52027 1 641134 21080 2.2 23 10 1 3 88%  66 3796 329 30%
c - 21.38 10 15 0 98 52069 1 642620 15611 2.2 23 10 1 3 88%  66 3796 329 30%
c - 21.77 10 15 0 99 53617 2 652520 17738 2.2 23 11 1 3 87%  66 3796 329 30%
c
c seconds  switched      rate          size/glue  tier1   binary      remaining
c        MB  reductions    conflicts         size   tier2   irredundant
c         level    restarts       redundant     glue   trail      variables
c
c - 22.19 10 15 0 100 53965 2 662471 18988 2.2 23 11 1 3 87%  66 3796 329 30%
c - 22.52 11 15 0 101 55052 2 672471 18989 2.2 24 11 1 3 88%  66 3796 329 30%
c - 22.90 11 15 0 102 55977 2 682520 19496 2.2 24 11 1 3 88%  66 3796 329 30%
c u 22.96 11 15 0 102 55977 2 683062 17941 2.2 24 11 1 3 88%  66 3796 329 30%
c v 23.03 11 15 0 102 55977 2 683062 16158 2.2 24 11 1 3 88%  66 3796 329 30%
c w 23.06 11 15 0 102 55977 2 683062 15956 2.2 24 11 1 3 88%  66 3796 329 30%
c o 23.51 10 15 0 102 56678 2 687288 19566 2.2 24 11 1 3 88%  66 3796 329 30%
c - 23.70 11 15 0 103 57619 2 692619 16374 2.2 24 11 1 3 87%  66 3796 329 30%
c - 23.87 11 15 0 104 57885 2 702768 17743 2.1 23 11 1 3 84%  66 3796 329 30%
c - 24.23 11 15 0 105 58031 2 712966 19547 2.2 23 11 1 3 84%  66 3796 329 30%
c - 24.60 11 16 0 106 59779 2 723214 19417 2.1 23 11 1 3 85%  67 3796 329 30%
c - 24.92 11 15 0 107 59779 2 733509 19999 2.2 23 11 1 3 85%  67 3796 329 30%
c - 25.32 11 16 0 108 61008 2 743853 20482 2.1 23 11 1 3 85%  67 3796 329 30%
c - 25.66 11 16 0 109 61763 2 754246 20829 2.1 23 11 1 3 85%  68 3796 329 30%
c - 25.98 11 16 0 110 62601 2 764686 21410 2.1 23 11 1 3 84%  68 3796 329 30%
c u 26.27 12 16 0 110 62693 2 770577 25765 2.1 23 11 1 3 84%  68 3796 329 30%
c v 26.33 12 16 0 110 62693 2 770577 25200 2.1 23 11 1 3 84%  68 3796 329 30%
c w 26.35 12 16 0 110 62693 2 770577 24682 2.1 23 11 1 3 84%  68 3796 329 30%
c x 26.37 10 16 0 110 62693 2 770577 24678 2.1 23 11 1 3 84%  69 3764 329 30%
c t 26.38 10 16 0 110 62693 2 770577 24678 2.1 23 11 1 3 84%  68 3764 329 30%
c
c seconds  switched      rate          size/glue  tier1   binary      remaining
c        MB  reductions    conflicts         size   tier2   irredundant
c         level    restarts       redundant     glue   trail      variables
c
c - 26.55 11 16 0 111 63419 2 775174 20453 2.1 23 11 1 3 84%  68 3764 329 30%
c - 26.92 11 16 0 112 64025 2 785710 20744 2.1 23 11 1 3 85%  68 3764 329 30%
c - 27.29 11 15 0 113 64059 2 796293 21501 2.2 23 10 1 3 85%  68 3764 329 30%
c - 27.72 11 15 0 114 64821 2 806925 23041 2.2 23 10 1 3 86%  69 3764 329 30%
c - 28.06 12 15 0 115 64824 1 817602 21471 2.2 22 10 1 3 86%  69 3764 329 30%
c - 28.35 11 14 0 116 64826 1 828325 18535 2.1 21 10 1 3 87%  69 3764 329 30%
c - 28.66 11 14 0 117 64826 1 839096 18266 2.1 20 10 1 3 87%  69 3764 329 30%
c o 28.80 11 13 0 117 64859 1 844326 21313 2.1 20 10 1 3 87%  70 3763 329 30%
c s 28.88 11 14 0 117 65421 1 846873 23410 2.0 20 10 1 3 87%  70 3761 329 30%
c e 28.89 10 14 0 117 65421 1 846873 23410 2.0 20 10 1 3 87%  67 3795 326 29%
c s 28.89 10 14 0 117 65421 1 846873 23410 2.0 20 10 1 3 87%  67 3775 326 29%
c - 29.00 11 14 0 118 66086 1 849913 19655 2.0 20 10 1 3 87%  67 3775 326 29%
c - 29.37 11 14 0 119 67441 2 860776 19891 2.0 21 10 1 3 87%  67 3775 326 29%
c u 29.53 11 14 0 119 67441 2 864087 20747 2.0 21 10 1 3 87%  67 3775 326 29%
c v 29.58 12 14 0 119 67441 2 864087 19121 2.0 21 10 1 3 87%  67 3775 326 29%
c w 29.60 12 14 0 119 67441 2 864087 16068 2.0 21 10 1 3 87%  67 3775 326 29%
c x 29.62 12 14 0 119 67441 2 864087 16065 2.0 21 10 1 3 87%  67 3755 326 29%
c - 29.87  9 14 0 120 68506 2 871685 15150 2.0 21 10 1 3 87%  67 3755 326 29%
c - 30.25 11 14 0 121 69829 2 882640 16888 2.0 21 10 1 3 88%  67 3755 326 29%
c - 30.64 11 15 0 122 71138 2 893641 18020 2.0 21 11 1 3 88%  67 3755 326 29%
c
c seconds  switched      rate          size/glue  tier1   binary      remaining
c        MB  reductions    conflicts         size   tier2   irredundant
c         level    restarts       redundant     glue   trail      variables
c
c - 30.96 11 15 0 123 71893 2 904688 18659 2.0 22 11 1 3 88%  67 3755 326 29%
c - 31.39 11 15 0 124 72443 2 915778 18541 2.0 22 11 1 3 88%  67 3755 326 29%
c - 31.90 11 15 0 125 73203 2 926913 20477 2.1 22 11 1 3 88%  67 3755 326 29%
c - 32.27 11 15 0 126 73700 2 938093 20868 2.0 22 11 1 3 88%  67 3755 326 29%
c - 32.71 12 15 0 127 74788 2 949317 22645 2.1 22 11 1 3 88%  67 3755 326 29%
c - 33.13 12 15 0 128 76054 2 960587 23541 2.1 22 11 1 3 88%  67 3755 326 29%
c u 33.31 11 15 0 128 76465 2 963592 24156 2.1 22 11 1 3 88%  68 3755 326 29%
c v 33.39 12 15 0 128 76465 2 963592 22640 2.1 22 11 1 3 88%  68 3755 326 29%
c w 33.43 12 15 0 128 76465 2 963592 22430 2.1 22 11 1 3 88%  68 3755 326 29%
c - 33.74 12 15 0 129 77484 2 971901 19393 2.1 22 11 1 3 88%  68 3755 326 29%
c o 33.84 11 15 0 129 77774 2 974489 21125 2.0 22 11 1 3 88%  68 3755 326 29%
c - 34.18 11 15 0 130 78256 2 983258 20477 2.0 22 11 1 3 88%  68 3755 326 29%
c - 34.63 12 15 0 131 79063 2 994659 21432 2.0 22 11 1 3 87%  68 3755 326 29%
c - 35.05 12 16 0 132 80973 2 1006106 21243 2.0 22 11 1 3 87%  68 3755 326 29%
c - 35.37 11 16 0 133 81606 2 1017595 20384 2.0 22 11 1 3 87%  68 3755 326 29%
c - 35.79 11 16 0 134 82934 2 1029127 20561 2.0 22 11 1 3 87%  68 3755 326 29%
c - 36.14 12 16 0 135 83538 2 1040704 21808 2.0 22 11 1 3 86%  68 3755 326 29%
c - 36.64 11 15 0 136 83644 2 1052323 22979 2.0 22 11 1 3 86%  68 3755 326 29%
c - 37.09 11 15 0 137 84872 2 1063984 24129 2.0 22 11 1 3 86%  68 3755 326 29%
c u 37.36 12 15 0 137 84877 2 1069117 27958 2.0 22 11 1 3 86%  68 3755 326 29%
c
c seconds  switched      rate           size/glue  tier1   binary      remaining
c        MB  reductions     conflicts         size   tier2   irredundant
c         level    restarts        redundant     glue   trail      variables
c
c v 37.43 12 15 0 137 84877 2 1069117 27168 2.0 22 11 1 3 86%  68 3755 326 29%
c w 37.45 13 15 0 137 84877 2 1069117 26978 2.0 22 11 1 3 86%  68 3755 326 29%
c x 37.47 13 15 0 137 84877 2 1069117 26975 2.0 22 11 1 3 86%  68 3745 326 29%
c - 37.69 12 15 0 138 84920 2 1075688 23150 2.1 22 11 1 3 87%  68 3745 326 29%
c - 38.17 12 15 0 139 85862 2 1087435 24328 2.0 22 11 1 3 86%  68 3745 326 29%
c - 38.53 12 15 0 140 85965 2 1099224 23288 2.0 22 11 1 3 87%  68 3745 326 29%
c - 38.89 11 15 0 141 86715 2 1111056 22218 2.0 21 11 1 3 87%  68 3745 326 29%
c o 39.08 12 15 0 141 87133 2 1116087 26578 2.0 21 11 1 3 87%  68 3745 326 29%
c - 39.38 12 15 0 142 88030 2 1122931 23667 2.0 22 11 1 3 87%  68 3745 326 29%
c - 39.79 12 15 0 143 88442 2 1134848 24100 2.1 22 11 1 3 88%  68 3745 326 29%
c - 40.21 12 15 0 144 88747 1 1146807 23983 2.1 23 11 1 3 88%  68 3745 326 29%
c - 40.56 12 14 0 145 88747 1 1158807 23049 2.1 22 10 1 3 88%  68 3745 326 29%
c - 40.95 12 14 0 146 90249 1 1170851 23256 2.0 21 10 1 3 88%  69 3744 326 29%
c u 41.39 10 15 0 146 91828 2 1180780 29489 2.0 21 11 1 3 88%  69 3744 326 29%
c v 41.48 10 15 0 146 91828 2 1180780 27579 2.0 21 11 1 3 88%  69 3744 326 29%
c w 41.53 10 15 0 146 91828 2 1180780 27305 2.0 21 11 1 3 88%  69 3744 326 29%
c - 41.60 10 15 0 147 92241 2 1182935 20249 2.0 21 11 1 3 88%  69 3744 326 29%
c - 42.08 10 15 0 148 93620 2 1195060 21319 2.0 22 11 1 3 88%  69 3744 326 29%
c - 42.55 10 15 0 149 94740 2 1207225 22485 2.0 22 11 1 3 88%  69 3744 326 29%
c - 42.94 10 15 0 150 95307 2 1219431 23168 2.1 23 11 1 3 88%  69 3744 326 29%
c
c seconds  switched      rate           size/glue  tier1   binary      remaining
c        MB  reductions     conflicts         size   tier2   irredundant
c         level    restarts        redundant     glue   trail      variables
c
c - 43.35 10 15 0 151 95695 2 1231680 23036 2.1 23 11 1 3 88%  69 3744 326 29%
c - 43.81 10 15 0 152 96652 2 1243968 23347 2.1 23 11 1 3 88%  69 3744 326 29%
c - 44.25 10 15 0 153 97703 2 1256296 24151 2.1 23 11 1 3 89%  69 3744 326 29%
c - 44.64 10 15 0 154 98042 2 1268666 24656 2.1 22 11 1 3 88%  69 3744 326 29%
c o 44.74 10 15 0 154 98162 2 1272317 27232 2.1 22 11 1 3 88%  69 3744 326 29%
c - 45.06 10 15 0 155 99087 2 1281076 24727 2.1 22 11 1 3 88%  69 3744 326 29%
c - 45.55 10 15 0 156 100253 2 1293525 25754 2.1 23 11 1 3 88%  69 3744 326 29%
c u 45.79 10 15 0 156 100829 2 1298604 28304 2.0 22 11 1 3 88%  70 3744 326 29%
c v 45.89 10 15 0 156 100829 2 1298604 26734 2.0 22 11 1 3 88%  70 3744 326 29%
c w 45.94 10 15 0 156 100829 2 1298604 26532 2.0 22 11 1 3 88%  70 3744 326 29%
c - 46.76 15 15 0 157 101534 2 1306014 22877 2.0 22 11 1 3 88%  70 3744 326 29%
c - 47.27 15 15 0 158 101541 2 1318543 24680 2.1 23 11 1 3 88%  70 3744 326 29%
c - 47.78 15 15 0 159 103013 2 1331114 25591 2.1 23 11 1 3 89%  70 3744 326 29%
c - 48.23 15 15 0 160 103833 2 1343723 24830 2.1 23 11 1 3 89%  70 3744 326 29%
c - 48.83 15 16 0 161 104380 2 1356373 26407 2.1 23 11 1 3 87%  70 3744 326 29%
c s 49.23 15 16 0 161 105075 2 1366279 35041 2.0 23 11 1 3 87%  70 3739 326 29%
c - 49.34 15 16 0 162 105081 2 1369061 27653 2.1 23 11 1 3 87%  70 3739 326 29%
c - 49.96 15 16 0 163 105362 1 1381789 28353 2.1 23 11 1 3 86%  70 3739 326 29%
c - 50.46 15 16 0 164 105949 1 1394557 27667 2.1 22 11 1 3 86%  70 3739 326 29%
c - 51.08 15 16 0 165 106439 1 1407363 29154 2.1 22 11 1 3 86%  70 3739 326 29%
c
c seconds  switched       rate           size/glue  tier1   binary      remaining
c        MB  reductions      conflicts         size   tier2   irredundant
c         level     restarts        redundant     glue   trail      variables
c
c - 51.63 15 16 0 166 106916 1 1420209 30176 2.1 23 11 1 3 86%  70 3739 326 29%
c u 51.79 15 16 0 166 106928 1 1422653 30945 2.1 23 11 1 3 86%  70 3739 326 29%
c v 51.87 15 16 0 166 106928 1 1422653 29523 2.1 23 11 1 3 86%  70 3739 326 29%
c w 51.91 15 16 0 166 106928 1 1422653 29162 2.1 23 11 1 3 86%  70 3739 326 29%
c x 51.94 15 16 0 166 106928 1 1422653 29160 2.1 23 11 1 3 86%  70 3735 326 29%
c - 52.35 15 16 0 167 107576 1 1433094 26829 2.1 23 11 1 3 87%  70 3735 326 29%
c o 52.60 15 15 0 167 107585 1 1439579 33024 2.2 23 10 1 3 87%  70 3735 326 29%
c - 52.88 15 15 0 168 108321 1 1446017 27612 2.2 23 11 1 3 87%  70 3735 326 29%
c - 53.50 15 16 0 169 109554 1 1458978 28491 2.2 24 11 1 3 87%  70 3735 326 29%
c - 54.22 16 16 0 170 110406 1 1471978 29336 2.2 24 11 1 3 87%  70 3735 326 29%
c - 54.90 16 16 0 171 110407 1 1485016 31171 2.4 25 10 1 3 87%  70 3735 326 29%
c - 55.50 16 16 0 172 112109 1 1498093 30585 2.3 25 11 1 3 87%  70 3735 326 29%
c - 56.03 16 16 0 173 113332 2 1511207 28484 2.2 25 11 1 3 88%  70 3735 326 29%
c - 56.53 16 16 0 174 114493 2 1524359 27335 2.2 24 11 1 3 88%  70 3735 326 29%
c - 57.11 16 16 0 175 115312 2 1537549 28748 2.2 25 11 1 3 88%  70 3735 326 29%
c - 57.64 16 16 0 176 116093 2 1550778 29195 2.2 24 11 1 3 88%  70 3735 326 29%
c u 57.88 16 16 0 176 116093 1 1553017 28497 2.2 24 11 1 3 88%  70 3735 326 29%
c v 58.02 16 16 0 176 116093 1 1553017 26518 2.2 24 11 1 3 88%  70 3735 326 29%
c w 58.11 16 16 0 176 116093 1 1553017 26317 2.2 24 11 1 3 88%  70 3735 326 29%
c - 58.65 16 16 0 177 116526 1 1564045 27060 2.2 24 11 1 3 87%  70 3735 326 29%
c
c seconds  switched       rate           size/glue  tier1   binary      remaining
c        MB  reductions      conflicts         size   tier2   irredundant
c         level     restarts        redundant     glue   trail      variables
c
c - 59.24 16 15 0 178 116840 1 1577349 30017 2.2 24 11 1 3 86%  70 3735 326 29%
c - 59.73 16 15 0 179 117336 1 1590691 29711 2.2 24 11 1 3 87%  70 3735 326 29%
c - 60.26 16 15 0 180 118746 1 1604071 27767 2.1 23 11 1 3 87%  70 3735 326 29%
c o 60.75 16 15 0 180 118751 1 1614237 37227 2.2 24 11 1 3 88%  70 3735 326 29%
c - 60.94 16 15 0 181 119034 1 1617487 29261 2.2 24 11 1 3 88%  70 3735 326 29%
c - 61.61 16 15 0 182 119289 1 1630941 29891 2.2 24 11 1 3 88%  70 3735 326 29%
c - 62.12 16 14 0 183 119338 1 1644431 29572 2.2 23 10 1 3 88%  70 3735 326 29%
c - 62.68 16 14 0 184 119559 1 1657959 31988 2.3 23 10 1 3 89%  71 3735 326 29%
c - 63.33 16 14 0 185 119803 1 1671525 34424 2.5 24 10 1 3 90%  71 3735 326 29%
c s 63.69 16 14 0 185 119866 1 1683240 41188 2.4 23 10 1 3 90%  72 3728 326 29%
c - 63.78 16 14 0 186 120197 1 1685126 32232 2.4 23 10 1 3 90%  72 3728 326 29%
c u 64.12 16 14 0 186 120994 1 1689714 34325 2.3 23 10 1 3 90%  72 3728 326 29%
c v 64.27 16 14 0 186 120994 1 1689714 32629 2.3 23 10 1 3 90%  72 3728 326 29%
c w 64.34 16 14 0 186 120994 1 1689714 32084 2.3 23 10 1 3 90%  72 3728 326 29%
c - 64.79 16 14 0 187 122502 1 1698764 26677 2.2 23 10 1 3 90%  72 3728 326 29%
c - 65.34 16 14 0 188 123568 1 1712438 26782 2.2 23 10 1 3 90%  72 3728 326 29%
c - 65.93 16 14 0 189 124135 1 1726149 28259 2.2 23 10 1 3 90%  72 3728 326 29%
c - 66.35 16 14 0 190 124419 1 1739897 28982 2.2 23 10 1 3 87%  72 3728 326 29%
c - 66.93 16 14 0 191 126027 1 1753681 29228 2.2 22 10 1 3 86%  72 3728 326 29%
c - 67.54 16 14 0 192 126158 1 1767501 30031 2.3 23 10 1 3 87%  72 3728 326 29%
c
c seconds  switched       rate           size/glue  tier1   binary      remaining
c        MB  reductions      conflicts         size   tier2   irredundant
c         level     restarts        redundant     glue   trail      variables
c
c - 68.08 16 14 0 193 126666 1 1781357 30325 2.3 23 10 1 3 88%  72 3728 326 29%
c o 68.65 16 14 0 193 128725 1 1794915 40741 2.2 23 11 1 3 88%  72 3728 326 29%
c - 68.67 16 14 0 194 128783 1 1795249 29019 2.2 23 11 1 3 88%  72 3728 326 29%
c - 69.41 16 15 0 195 129564 1 1809177 30739 2.2 23 11 1 3 88%  72 3728 326 29%
c - 69.91 16 14 0 196 129580 1 1823141 32380 2.2 23 10 1 3 88%  72 3728 326 29%
c u 70.46 16 14 0 196 130778 1 1832844 39175 2.2 23 10 1 3 88%  73 3728 326 29%
c v 70.61 16 14 0 196 130778 1 1832844 37748 2.2 23 10 1 3 88%  73 3728 326 29%
c w 70.69 17 14 0 196 130778 1 1832844 37511 2.2 23 10 1 3 88%  73 3728 326 29%
c - 70.92 17 14 0 197 131075 1 1837145 29732 2.2 23 11 1 3 88%  73 3728 326 29%
c - 71.55 17 14 0 198 132044 1 1851180 29657 2.2 24 11 1 3 88%  73 3728 326 29%
c - 72.31 17 14 0 199 132058 1 1865251 31504 2.3 24 10 1 3 89%  73 3728 326 29%
c - 72.98 17 14 0 200 132866 1 1879358 31618 2.3 24 10 1 3 89%  73 3728 326 29%
c - 73.55 17 14 0 201 133175 1 1893500 31724 2.4 24 10 1 3 89%  73 3728 326 29%
c - 74.12 17 15 0 202 135385 1 1907677 30629 2.2 24 11 1 3 89%  73 3728 326 29%
c - 74.72 17 14 0 203 136069 1 1921889 31025 2.2 23 11 1 3 89%  73 3728 326 29%
c - 75.40 17 14 0 204 136632 1 1936136 33715 2.3 23 10 1 3 89%  73 3728 326 29%
c - 76.00 17 14 0 205 137434 1 1950418 33579 2.2 23 10 1 3 89%  73 3728 326 29%
c - 76.63 17 14 0 206 138973 1 1964735 32279 2.2 23 11 1 3 89%  73 3728 326 29%
c - 77.25 17 14 0 207 139473 1 1979087 32814 2.2 23 10 1 3 89%  73 3728 326 29%
c u 77.49 17 14 0 207 139653 1 1982371 34725 2.3 23 10 1 3 89%  73 3728 326 29%
c
c seconds  switched       rate           size/glue  tier1   binary      remaining
c        MB  reductions      conflicts         size   tier2   irredundant
c         level     restarts        redundant     glue   trail      variables
c
c v 77.60 17 14 0 207 139653 1 1982371 32877 2.3 23 10 1 3 89%  73 3728 326 29%
c w 77.65 17 14 0 207 139653 1 1982371 32671 2.3 23 10 1 3 89%  73 3728 326 29%
c x 77.68 17 14 0 207 139653 1 1982371 32666 2.3 23 10 1 3 89%  73 3718 326 29%
c o 77.78 17 14 0 207 140041 1 1984918 34632 2.2 23 11 1 3 89%  73 3718 326 29%
c - 78.10 17 15 0 208 141101 1 1993474 30480 2.2 23 11 1 3 89%  73 3718 326 29%
c - 78.74 17 15 0 209 142713 1 2007897 30320 2.1 23 11 1 3 89%  73 3718 326 29%
c - 79.44 17 15 0 210 143257 1 2022354 32558 2.1 23 11 1 3 88%  73 3718 326 29%
c - 80.08 17 15 0 211 143257 1 2036846 36160 2.4 24 10 1 3 89%  73 3718 326 29%
c s 80.25 17 14 0 211 143257 1 2040516 39756 2.4 25 10 1 3 89%  73 3716 326 29%
c - 80.85 17 15 0 212 144785 1 2051371 36477 2.3 24 11 1 3 89%  73 3716 326 29%
c - 81.48 17 15 0 213 146949 1 2065932 33361 2.2 24 11 1 3 89%  73 3716 326 29%
c - 82.09 15 15 0 214 148157 1 2080526 31424 2.2 24 11 1 3 89%  73 3716 326 29%
c - 82.74 16 15 0 215 148246 1 2095154 32521 2.2 24 11 1 3 89%  73 3716 326 29%
c - 83.36 16 14 0 216 148246 1 2109816 32592 2.2 22 10 1 3 90%  74 3716 326 29%
c i 83.73 16 13 0 216 148246 1 2118324 36325 2.1 21 10 1 3 90%  88 3716 325 29%
c - 84.01 16 13 0 217 148400 1 2124512 29951 2.2 22 10 1 3 90%  72 3716 325 29%
c u 84.87 16 13 0 217 148760 1 2138472 40413 2.2 22 10 1 3 89%  73 3703 325 29%
c v 85.03 16 13 0 217 148760 1 2138472 38477 2.2 22 10 1 3 89%  73 3703 325 29%
c w 85.12 16 13 0 217 148760 1 2138472 37682 2.2 22 10 1 3 89%  73 3703 325 29%
c - 85.15 16 13 0 218 148893 1 2139243 29608 2.2 22 10 1 3 89%  73 3703 325 29%
c
c seconds  switched       rate           size/glue  tier1   binary      remaining
c        MB  reductions      conflicts         size   tier2   irredundant
c         level     restarts        redundant     glue   trail      variables
c
c - 85.73 16 14 0 219 150495 1 2154008 31135 2.2 22 10 1 3 89%  73 3703 325 29%
c - 86.38 16 14 0 220 151137 1 2168808 32654 2.3 23 10 1 3 90%  73 3703 325 29%
c - 86.92 16 14 0 221 152516 1 2183640 31872 2.2 22 10 1 3 90%  73 3703 325 29%
c o 87.00 16 14 0 221 152705 1 2186931 34132 2.1 22 10 1 3 90%  73 3703 325 29%
c - 87.55 16 13 0 222 152715 1 2198507 33225 2.3 22 10 1 3 90%  74 3703 325 29%
c - 88.13 17 14 0 223 153675 1 2213407 34691 2.3 23 10 1 3 90%  74 3703 325 29%
c - 88.76 17 13 0 224 154697 1 2228340 32800 2.2 22 10 1 3 90%  74 3703 325 29%
c - 89.45 17 14 0 225 155822 1 2243308 33946 2.3 23 10 1 3 90%  74 3703 325 29%
c - 90.05 17 13 0 226 156018 1 2258309 34311 2.3 23 10 1 3 90%  74 3703 325 29%
c - 90.67 17 14 0 227 157757 1 2273342 33322 2.2 23 10 1 3 90%  74 3703 325 29%
c - 91.28 17 14 0 228 159036 1 2288408 33123 2.2 23 10 1 3 90%  74 3703 325 29%
c u 91.90 17 14 0 228 159969 1 2301219 40421 2.1 22 10 1 3 90%  74 3703 325 29%
c v 92.07 17 14 0 228 159969 1 2301219 39203 2.1 22 10 1 3 90%  74 3703 325 29%
c w 92.14 17 14 0 228 159969 1 2301219 38575 2.1 22 10 1 3 90%  74 3703 325 29%
c = 92.96 22 14 0 228 159969 1 2301219 38575 2.1 22 10 1 3 90%  74 3685 324 29%
c u 93.10 13 14 0 228 159969 1 2301219 37701 2.1 22 10 1 3 90%  75 3685 324 29%
c v 93.27 13 14 0 228 159969 1 2301219 36664 2.1 22 10 1 3 90%  75 3685 324 29%
c w 93.35 13 14 0 228 159969 1 2301219 35745 2.1 22 10 1 3 90%  75 3685 324 29%
c - 93.43 13 14 0 229 160144 1 2303508 28287 2.1 22 10 1 3 90%  74 3685 324 29%
c - 94.04 13 14 0 230 160578 1 2318642 30273 2.2 22 10 1 3 90%  74 3685 324 29%
c
c seconds  switched       rate           size/glue  tier1   binary      remaining
c        MB  reductions      conflicts         size   tier2   irredundant
c         level     restarts        redundant     glue   trail      variables
c
c - 94.69 13 13 0 231 160578 1 2333807 34157 2.3 23 10 1 3 91%  74 3685 324 29%
c - 95.38 13 14 0 232 162457 1 2349005 35168 2.3 23 10 1 3 91%  74 3685 324 29%
c - 96.08 13 14 0 233 162482 1 2364236 35122 2.4 23 10 1 3 91%  74 3685 324 29%
c - 96.68 13 13 0 234 163125 1 2379501 35447 2.4 23 10 1 3 91%  74 3685 324 29%
c - 97.30 13 13 0 235 164349 1 2394798 33903 2.3 23 10 1 3 91%  74 3685 324 29%
c o 97.48 13 13 0 235 165008 1 2399770 37243 2.3 23 10 1 3 91%  74 3685 324 29%
c - 97.87 11 14 0 236 166109 1 2410127 31650 2.2 22 10 1 3 91%  74 3685 324 29%
c - 98.44 13 13 0 237 166675 1 2425489 31740 2.2 22 10 1 3 91%  74 3685 324 29%
c i 98.90 13 13 0 237 166715 1 2437503 39502 2.2 21 10 1 3 91%  75 3685 323 29%
c s 99.00 13 13 0 237 166796 1 2439672 41236 2.2 21 10 1 3 91%  75 3641 323 29%
c e 99.00 13 13 0 237 166796 1 2439672 41236 2.2 21 10 1 3 91%  67 3741 315 28%
c s 99.00 13 13 0 237 166796 1 2439672 41236 2.2 21 10 1 3 91%  68 3675 315 28%
c e 99.00 13 13 0 237 166796 1 2439672 41236 2.2 21 10 1 3 91%  65 3690 314 28%
c - 99.05 14 13 0 238 167010 1 2440883 30797 2.2 21 10 1 3 91%  66 3690 314 28%
c - 99.67 14 13 0 239 168592 1 2456311 31752 2.1 21 10 1 3 90%  66 3690 314 28%
c u 100.42 14 13 0 239 168966 1 2470663 41806 2.2 22 10 1 3 91%  88 3678 314 28%
c v 100.57 14 13 0 239 168966 1 2470663 39708 2.2 22 10 1 3 91%  90 3678 314 28%
c w 100.65 14 13 0 239 168966 1 2470663 38397 2.2 22 10 1 3 91%  90 3678 314 28%
c t 100.65 14 13 0 239 168966 1 2470663 38397 2.2 22 10 1 3 91%  86 3678 314 28%
c - 100.71 14 13 0 240 169083 1 2471772 29289 2.2 22 10 1 3 91%  86 3678 314 28%
c
c seconds   switched       rate           size/glue  tier1   binary      remaining
c         MB  reductions      conflicts         size   tier2   irredundant
c          level     restarts        redundant     glue   trail      variables
c
c - 101.25 14 13 0 241 170032 1 2487263 29875 2.1 21 10 1 3 91%  86 3678 314 28%
c - 101.96 14 13 0 242 170135 1 2502788 31635 2.2 21 10 1 3 91%  86 3678 314 28%
c - 102.56 14 13 0 243 171043 1 2518344 31968 2.1 21 10 1 3 91%  86 3678 314 28%
c - 103.14 14 12 0 244 171089 1 2533932 32822 2.2 21 9 1 3 91%  87 3678 314 28%
c i 103.55 14 12 0 244 171106 1 2545194 39514 2.2 20 9 1 3 91%  99 3678 313 28%
c - 103.73 14 12 0 245 171622 1 2549552 30455 2.2 20 9 1 3 91%  85 3678 313 28%
c - 104.34 14 12 0 246 172559 1 2565204 30811 2.2 20 9 1 3 91%  86 3678 313 28%
c - 104.98 14 12 0 247 173910 1 2580889 31856 2.1 20 9 1 3 91%  86 3678 313 28%
c - 105.63 14 12 0 248 174857 1 2596606 32276 2.1 20 9 1 3 90%  86 3678 313 28%
c - 106.23 14 12 0 249 175997 1 2612354 32468 2.1 20 10 1 3 90%  86 3678 313 28%
c o 106.55 14 12 0 249 176477 1 2620238 37677 2.1 20 10 1 3 90%  86 3678 313 28%
c - 106.83 14 12 0 250 176856 1 2628133 31805 2.0 19 10 1 3 90%  86 3678 313 28%
c - 107.37 14 12 0 251 177122 1 2643945 31305 2.0 18 9 1 3 90%  87 3678 313 28%
c u 107.57 14 12 0 251 177122 1 2646696 30912 2.0 18 9 1 3 90%  93 3654 313 28%
c v 107.69 14 12 0 251 177122 1 2646696 28208 2.0 18 9 1 3 90%  94 3654 313 28%
c w 107.74 14 12 0 251 177122 1 2646696 24152 2.0 18 9 1 3 90%  94 3654 313 28%
c x 107.76 14 12 0 251 177122 1 2646696 24110 2.0 18 9 1 3 90%  98 3509 313 28%
c t 107.76 14 12 0 251 177122 1 2646696 24110 2.0 18 9 1 3 90%  95 3509 313 28%
c i 108.03 14 12 0 251 177246 1 2652676 28776 2.0 18 9 1 3 90% 104 3509 312 28%
c - 108.29 14 12 0 252 177874 1 2659787 26381 2.0 18 9 1 3 90%  95 3509 312 28%
c
c seconds   switched       rate           size/glue  tier1   binary      remaining
c         MB  reductions      conflicts         size   tier2   irredundant
c          level     restarts        redundant     glue   trail      variables
c
c - 108.91 14 12 0 253 179364 1 2675662 28357 1.9 18 10 1 3 90%  95 3509 312 28%
c - 109.56 14 12 0 254 179956 1 2691567 29027 1.9 18 9 1 3 89%  95 3509 312 28%
c - 110.15 14 12 0 255 180177 1 2707505 30541 1.9 18 9 1 3 89%  95 3509 312 28%
c - 110.73 14 12 0 256 180522 1 2723475 32415 2.0 18 9 1 3 90%  97 3509 312 28%
c i 111.13 14 11 0 256 180530 1 2733684 38898 2.0 18 9 1 3 90% 108 3509 311 28%
c - 111.35 14 11 0 257 180740 1 2739475 30567 2.0 18 9 1 3 90% 112 3509 311 28%
c i 111.81 14 11 0 257 180945 1 2752590 37525 2.0 17 9 1 3 90% 127 3509 310 28%
c - 111.96 14 11 0 258 181044 1 2755506 24529 2.0 17 9 1 3 90% 120 3509 310 28%
c i 112.49 14 11 0 258 181530 1 2769801 33158 2.0 17 9 1 3 90% 131 3509 303 27%
c - 112.58 14 11 0 259 181532 1 2771570 22068 2.0 17 8 1 3 90% 194 3018 303 27%
c i 112.66 14 11 0 259 181532 1 2774006 23474 2.0 17 8 1 3 90% 205 3018 302 27%
c i 112.96 14 11 0 259 181542 1 2781682 28063 2.0 16 8 1 3 90% 220 3018 297 27%
c i 113.00 14 11 0 259 181542 1 2782405 28679 2.0 16 8 1 3 90% 228 3018 289 26%
c i 113.05 14 11 0 259 181542 1 2783710 29253 2.0 16 8 1 3 90% 237 3018 276 25%
c i 113.06 14 11 0 259 181542 1 2784030 29475 2.0 16 8 1 3 90% 240 3018 275 25%
c i 113.06 14 11 0 259 181542 1 2784110 29507 2.0 16 8 1 3 90% 242 3018 272 24%
c i 113.06 14 11 0 259 181542 1 2784136 29507 2.0 16 8 1 3 90% 248 3018 262 24%
c i 113.06 14 11 0 259 181542 1 2784194 29527 2.0 16 8 1 3 90% 253 3018 253 23%
c i 113.06 14 11 0 259 181542 1 2784218 29535 2.0 16 8 1 3 90% 255 3018 252 23%
c i 113.06 14 11 0 259 181542 1 2784228 29537 2.0 16 8 1 3 90% 257 3018 118 11%
c
c seconds   switched       rate           size/glue tier1   binary    remaining
c         MB  reductions      conflicts         size  tier2   irredundant
c          level     restarts        redundant    glue   trail     variables
c
c i 113.06 14 11 0 259 181542 1 2784230 29537 2.0 16 8 1 3 90% 258 3018 47 4%
c } 113.06 14 11 0 259 181542 1 2784232 29537 2.0 16 8 1 3 90% 258 3018  4 0%
c 0 113.06 14 11 0 259 181542 1 2784232 29537 2.0 16 8 1 3 90% 258 3018  4 0%
c
c ---- [ result ] ------------------------------------------------------------
c
s UNSATISFIABLE
c
c ---- [ profiling ] ---------------------------------------------------------
c
c         105.20   93.05 %  search
c         105.20   93.05 %  focused
c           7.84    6.94 %  simplify
c           7.81    6.91 %  probe
c           5.65    5.00 %  vivify
c           2.03    1.80 %  sweep
c           0.62    0.55 %  reduce
c           0.08    0.07 %  substitute
c           0.05    0.05 %  eliminate
c           0.03    0.03 %  factor
c           0.02    0.02 %  preprocess
c           0.01    0.01 %  subsume
c           0.01    0.01 %  congruence
c           0.00    0.00 %  transitive
c           0.00    0.00 %  backbone
c           0.00    0.00 %  parse
c           0.00    0.00 %  lucky
c =============================================
c         113.06  100.00 %  total
c
c ---- [ statistics ] --------------------------------------------------------
c
c conflicts:                          2784232            24624.83 per second
c congruent:                               43                4 %  variables
c decisions:                          4185400                1.50 per conflict
c eliminated:                             784               71 %  variables
c factored:                                62                6 %  variables
c iterations:                              20                2 %  variables
c propagations:                     293700297          2597600    per second
c reductions:                             259            10750    interval
c reordered:                               23           121054    interval
c restarts:                            181542               15    interval
c strengthened:                          1066                0 %  checks
c substituted:                             69                6 %  variables
c subsumed:                               782                0 %  checks
c switched:                                 0                0    interval
c vivified:                            150054               39 %  checks
c
c ---- [ glue usage ] --------------------------------------------------------
c
c focused glue 1 used 45670600 clauses 72.78% accumulated 72.78% tier1
c focused glue 2 used  9653903 clauses 15.38% accumulated 88.17%
c focused glue 3 used  2659613 clauses  4.24% accumulated 92.40% tier2
c
c ---- [ resources ] ---------------------------------------------------------
c
c maximum-resident-set-size:        225984512 bytes        216 MB
c process-time:                         1m 53s             113.06 seconds
c
c ---- [ shutting down ] -----------------------------------------------------
c
c exit 20
