c ---- [ banner ] ------------------------------------------------------------
c
c Kissat SAT Solver
c 
c Copyright (c) 2021-2024 Armin Biere University of Freiburg
c Copyright (c) 2019-2021 Armin Biere Johannes Kepler University Linz
c 
c Version 4.0.4 8af8e56f174b778aef3aa45af9f739b2a5f492c2
c gcc (GCC) 15.2.1 20260123 (Red Hat 15.2.1-7) -W -Wall -O3 -DNDEBUG
c Thu Apr 23 06:47:51 PM IST 2026 Linux krishnendu-LN 6.19.12-200.fc43.x86_64 x86_64
c
c ---- [ parsing ] -----------------------------------------------------------
c
c opened and reading DIMACS file:
c
c   /home/krishnendu/Research/fv-invariant-mining/data/circuits/cnf/miter_mult_10bit.cnf
c
c parsed 'p cnf 1113 4205' header
c closing input after reading 64864 bytes (63 KB)
c finished parsing after 0.00 seconds
c
c ---- [ options ] -----------------------------------------------------------
c
c --decay=90                       (different from default '50')
c --eliminateeffort=800            (different from default '100')
c
c ---- [ solving ] -----------------------------------------------------------
c
c seconds switched rate     size/glue tier1  binary       remaining
c        MB reductions conflicts size  tier2   irredundant
c         level restarts redundant glue  trail       variables
c
c *  0.00  3 0 0 0  0 0   0   0 0.0 0 0 0 0 0% 1458 2745 1110 100%
c (  0.00  3 0 0 0  0 0   0   0 0.0 0 0 0 0 0% 1458 2745 1110 100%
c .  0.00  3 0 0 0  0 0   0   0 0.0 0 0 0 0 0% 1454 2745 1110 100%
c c  0.00  3 0 0 0  0 0   0   0 0.0 0 0 0 0 0% 1518 2743 1067 96%
c d  0.00  3 0 0 0  0 0   0   0 0.0 0 0 0 0 0% 1368 2743 1067 96%
c =  0.02  3 0 0 0  0 0   0   0 0.0 0 0 0 0 0% 1372 2736 1064 96%
c d  0.02  3 0 0 0  0 0   0   0 0.0 0 0 0 0 0% 1367 2736 1064 96%
c f  0.02  4 0 0 0  0 0   0   0 0.0 0 0 0 0 0% 1339 2718 1086 98%
c )  0.02  4 0 0 0  0 0   0   0 0.0 0 0 0 0 0% 1339 2718 1086 98%
c {  0.02  4 0 0 0  0 0   0   0 0.0 0 0 2 6 0% 1339 2718 1086 98%
c -  0.04  4 19 0 1 92 2 1001 588 2.7 28 10 4 14 83% 1345 2718 1086 98%
c }  0.04  4 19 1 1 92 2 1001 588 2.7 28 10 4 14 83% 1345 2718 1086 98%
c [  0.04  4 0 1 1 92 0 1001 588 0.0 0 0 2 6 0% 1345 2718 1086 98%
c B  0.04  4 0 1 1 92 0 1001 588 0.0 0 0 2 6 0% 1345 2718 1086 98%
c -  0.06  4 51 1 2 92 1 2002 1308 2.5 24 10 3 11 83% 1349 2718 1086 98%
c ]  0.06  4 51 2 2 92 1 2002 1308 2.5 24 10 3 11 83% 1349 2718 1086 98%
c {  0.06  4 19 2 2 92 2 2002 1308 2.7 28 10 4 14 83% 1349 2718 1086 98%
c }  0.08  4 19 3 2 99 2 3002 2233 3.2 28 9 3 12 82% 1355 2718 1086 98%
c [  0.09  4 51 3 2 99 1 3002 2233 2.5 24 10 3 11 83% 1355 2718 1086 98%
c W  0.09  4 51 3 2 99 1 3002 2233 2.5 24 10 3 11 83% 1355 2718 1086 98%
c
c seconds  switched rate       size/glue  tier1     binary       remaining
c        MB reductions conflicts     size   tier2     irredundant
c         level restarts  redundant     glue    trail       variables
c
c u  0.10  4 42 3 2 99 1 3372 2374 2.3 24 10 3 11 83% 1356 2718 1086 98%
c v  0.10  5 42 3 2 99 1 3372 2357 2.3 24 10 3 11 83% 1356 2718 1086 98%
c w  0.11  5 42 3 2 99 1 3372 2329 2.3 24 10 3 11 83% 1356 2718 1086 98%
c x  0.11  5 42 3 2 99 1 3372 2329 2.3 24 10 3 11 83% 1370 2672 1086 98%
c =  0.12  5 42 3 2 99 1 3372 2329 2.3 24 10 3 11 83% 1400 2665 1071 96%
c d  0.12  5 42 3 2 99 1 3372 2329 2.3 24 10 3 11 83% 1355 2665 1071 96%
c t  0.13  5 42 3 2 99 1 3372 2329 2.3 24 10 3 11 83% 1348 2665 1071 96%
c f  0.13  5 42 3 2 99 1 3372 2329 2.3 24 10 3 11 83% 1344 2665 1075 97%
c u  0.13  5 42 3 2 99 1 3372 2287 2.3 24 10 3 11 83% 1344 2665 1075 97%
c v  0.13  5 42 3 2 99 1 3372 2228 2.3 24 10 3 11 83% 1344 2665 1075 97%
c w  0.13  5 42 3 2 99 1 3372 2207 2.3 24 10 3 11 83% 1344 2665 1075 97%
c =  0.15  5 42 3 2 99 1 3372 2207 2.3 24 10 3 11 83% 1348 2665 1073 96%
c d  0.15  5 42 3 2 99 1 3372 2207 2.3 24 10 3 11 83% 1342 2665 1073 96%
c -  0.15  5 41 3 3 99 1 3417 1809 2.3 24 10 2 11 83% 1342 2665 1073 96%
c ]  0.16  5 35 4 3 99 1 3981 2254 2.2 24 11 3 11 85% 1343 2665 1073 96%
c {  0.16  5 19 4 3 99 2 3981 2254 3.2 28 9 3 12 82% 1343 2665 1073 96%
c -  0.20  5 17 4 4 114 2 5150 2802 3.6 29 8 2 8 82% 1344 2665 1073 96%
c }  0.23  5 18 5 4 459 2 6335 3670 3.0 27 9 2 7 81% 1357 2665 1073 96%
c [  0.23  5 35 5 4 459 1 6335 3670 2.2 24 11 3 11 85% 1357 2665 1073 96%
c I  0.23  5 35 5 4 459 1 6335 3670 2.2 24 11 3 11 85% 1357 2665 1073 96%
c
c seconds  switched  rate       size/glue  tier1     binary       remaining
c        MB reductions conflicts      size   tier2     irredundant
c         level restarts   redundant     glue    trail       variables
c
c -  0.25  5 30 5 5 459 1 7150 3453 2.0 22 11 3 12 84% 1358 2665 1073 96%
c -  0.32  6 24 5 6 461 1 9386 4108 1.9 22 11 4 13 84% 1363 2665 1073 96%
c ]  0.33  6 23 6 6 461 1 10063 4695 1.9 22 11 4 13 84% 1363 2665 1073 96%
c {  0.33  6 18 6 6 461 2 10063 4695 3.0 27 9 2 7 81% 1363 2665 1073 96%
c o  0.34  6 18 6 6 482 2 10124 4748 3.0 27 9 2 7 81% 1363 2665 1073 96%
c u  0.35  5 19 6 6 544 2 10397 4770 2.9 26 9 2 7 81% 1372 2665 1073 96%
c v  0.35  5 19 6 6 544 2 10397 4728 2.9 26 9 2 7 81% 1372 2665 1073 96%
c w  0.36  5 19 6 6 544 2 10397 4724 2.9 26 9 2 7 81% 1372 2665 1073 96%
c =  0.37  5 19 6 6 544 2 10397 4724 2.9 26 9 2 7 81% 1384 2661 1067 96%
c d  0.37  5 19 6 6 544 2 10397 4711 2.9 26 9 2 7 81% 1367 2661 1067 96%
c t  0.37  5 19 6 6 544 2 10397 4711 2.9 26 9 2 7 81% 1363 2661 1067 96%
c u  0.37  5 19 6 6 544 2 10397 4676 2.9 26 9 2 7 81% 1363 2661 1067 96%
c v  0.37  5 19 6 6 544 2 10397 4614 2.9 26 9 2 7 81% 1363 2661 1067 96%
c w  0.38  5 19 6 6 544 2 10397 4614 2.9 26 9 2 7 81% 1363 2661 1067 96%
c x  0.38  5 19 6 6 544 2 10397 4614 2.9 26 9 2 7 81% 1363 2636 1067 96%
c i  0.40  5 19 6 6 549 2 10981 4948 2.9 24 8 2 7 78% 1375 2636 1066 96%
c -  0.42  5 19 6 7 743 3 11835 4336 2.7 23 9 2 9 78% 1368 2636 1066 96%
c }  0.46  5 18 7 7 1223 3 14132 6223 2.3 21 9 2 9 77% 1373 2636 1066 96%
c [  0.46  5 23 7 7 1223 1 14132 6223 1.9 22 11 4 13 84% 1373 2636 1066 96%
c B  0.46  5 23 7 7 1223 1 14132 6223 1.9 22 11 4 13 84% 1373 2636 1066 96%
c
c seconds  switched   rate        size/glue  tier1     binary       remaining
c        MB reductions  conflicts       size   tier2     irredundant
c         level  restarts    redundant     glue    trail       variables
c
c -  0.47  6 22 7 8 1223 1 14482 5264 1.9 22 12 4 13 84% 1373 2636 1066 96%
c e  0.52  6 20 7 8 1225 1 16852 7141 1.8 21 11 4 13 83% 396 3200 651 59%
c 2  0.52  6 20 7 8 1225 1 16852 7141 1.8 21 11 4 13 83% 395 3200 651 59%
c s  0.52  6 20 7 8 1225 1 16852 7141 1.8 21 11 4 13 83% 399 3132 651 59%
c e  0.52  6 20 7 8 1225 1 16852 7141 1.8 21 11 4 13 83% 368 3156 636 57%
c ^  0.52  6 20 7 8 1225 1 16852 7141 1.8 21 11 4 13 83% 368 3156 636 57%
c -  0.53  6 20 7 9 1225 1 17311 2071 1.8 21 11 4 12 83% 368 3156 636 57%
c ]  0.54  6 20 8 9 1225 1 17906 2555 1.8 21 12 4 12 82% 369 3155 636 57%
c {  0.54  6 18 8 9 1225 3 17906 2555 2.3 21 9 2 9 77% 369 3155 636 57%
c o  0.59  6 18 8 9 1262 2 20128 4581 2.6 23 9 2 10 78% 370 3155 636 57%
c -  0.60  6 18 8 10 1282 2 20312 3993 2.6 23 9 2 9 78% 372 3155 636 57%
c u  0.63  6 18 8 10 1389 2 21309 4604 2.6 23 9 2 9 79% 373 3155 636 57%
c v  0.65  6 18 8 10 1389 2 21309 4104 2.6 23 9 2 9 79% 373 3155 636 57%
c w  0.65  6 18 8 10 1389 2 21309 4058 2.6 23 9 2 9 79% 373 3155 636 57%
c t  0.65  6 18 8 10 1389 2 21309 4058 2.6 23 9 2 9 79% 369 3155 636 57%
c f  0.65  5 18 8 10 1389 2 21309 4058 2.6 23 9 2 9 79% 427 3034 666 60%
c u  0.65  5 18 8 10 1389 2 21309 4019 2.6 23 9 2 9 79% 427 3034 666 60%
c v  0.67  5 18 8 10 1389 2 21309 3731 2.6 23 9 2 9 79% 427 3034 666 60%
c w  0.67  5 18 8 10 1389 2 21309 3675 2.6 23 9 2 9 79% 427 3034 666 60%
c -  0.76  6 18 8 11 1835 3 23474 4452 2.5 23 9 2 9 78% 428 3034 666 60%
c
c seconds  switched    rate        size/glue tier1   binary      remaining
c        MB  reductions  conflicts       size  tier2   irredundant
c         level   restarts    redundant    glue   trail      variables
c
c }  0.77  6 18 9 11 1984 3 24065 4974 2.5 23 9 2 9 78% 430 3034 666 60%
c [  0.77  6 20 9 11 1984 1 24065 4974 1.8 21 12 4 12 82% 430 3034 666 60%
c W  0.78  6 20 9 11 1984 1 24065 4974 1.8 21 12 4 12 82% 430 3034 666 60%
c -  0.83  6 19 9 12 1986 1 26791 5322 1.8 21 12 3 12 83% 431 3034 666 60%
c -  0.90  6 18 9 13 1989 1 30255 5877 1.7 21 12 3 12 83% 432 3034 666 60%
c ]  0.92  6 18 10 13 1989 1 31280 6778 1.7 21 12 3 12 82% 432 3034 666 60%
c {  0.92  6 18 10 13 1989 3 31280 6778 2.5 23 9 2 9 78% 432 3034 666 60%
c -  0.99  7 18 10 14 2124 3 33860 7380 2.5 23 9 2 8 76% 436 3034 666 60%
c s  1.00  7 18 10 14 2188 3 34093 7577 2.4 23 9 2 8 76% 436 3016 666 60%
c e  1.00  7 18 10 14 2188 3 34093 7577 2.4 23 9 2 8 76% 329 3174 591 53%
c s  1.00  7 18 10 14 2188 3 34093 7577 2.4 23 9 2 8 76% 333 3102 591 53%
c e  1.00  7 18 10 14 2188 3 34093 7577 2.4 23 9 2 8 76% 321 3117 586 53%
c ^  1.00  7 18 10 14 2188 3 34093 7577 2.4 23 9 2 8 76% 321 3117 586 53%
c u  1.06  7 18 10 14 2610 3 36702 4972 2.3 23 10 2 8 76% 322 3117 586 53%
c v  1.07  7 18 10 14 2610 3 36702 4810 2.3 23 10 2 8 76% 322 3117 586 53%
c w  1.07  7 18 10 14 2610 3 36702 4783 2.3 23 10 2 8 76% 322 3117 586 53%
c x  1.07  7 18 10 14 2610 3 36702 4781 2.3 23 10 2 8 76% 328 2994 586 53%
c t  1.08  7 18 10 14 2610 3 36702 4781 2.3 23 10 2 8 76% 321 2994 586 53%
c f  1.08  7 18 10 14 2610 3 36702 4781 2.3 23 10 2 8 76% 327 2982 588 53%
c u  1.08  7 18 10 14 2610 3 36702 4711 2.3 23 10 2 8 76% 328 2982 588 53%
c
c seconds   switched    rate        size/glue  tier1   binary      remaining
c        MB   reductions  conflicts       size   tier2   irredundant
c         level    restarts    redundant     glue   trail      variables
c
c v  1.10  7 18 10 14 2610 3 36702 4484 2.3 23 10 2 8 76% 328 2982 588 53%
c w  1.10  7 18 10 14 2610 3 36702 4380 2.3 23 10 2 8 76% 328 2982 588 53%
c -  1.13  6 18 10 15 2614 3 37601 4064 2.4 23 10 2 8 75% 328 2982 588 53%
c }  1.19  7 18 11 15 2703 2 39909 6226 2.4 23 10 2 8 76% 329 2982 588 53%
c [  1.19  7 18 11 15 2703 1 39909 6226 1.7 21 12 3 12 82% 329 2982 588 53%
c O  1.19  7 18 11 15 2703 1 39909 6226 1.7 21 12 3 12 82% 329 2982 588 53%
c -  1.22  7 18 11 16 2704 1 41473 6039 1.7 21 12 3 12 81% 329 2982 588 53%
c -  1.32  7 18 11 17 2707 1 45473 6888 1.7 21 12 2 12 82% 329 2982 588 53%
c ]  1.41  7 17 12 17 2709 1 49302 9518 1.8 21 12 2 12 83% 329 2982 588 53%
c {  1.41  7 18 12 17 2709 2 49302 9518 2.4 23 10 2 8 76% 329 2982 588 53%
c o  1.41  7 18 12 17 2713 2 49320 9535 2.4 23 10 2 8 76% 329 2982 588 53%
c -  1.42  7 18 12 18 2779 2 49597 7060 2.4 23 10 1 7 76% 329 2982 588 53%
c -  1.55  7 18 12 19 3283 2 53839 8591 2.5 25 10 1 6 78% 329 2982 588 53%
c u  1.64  7 18 12 19 3583 2 56667 10705 2.5 24 10 1 6 78% 335 2982 588 53%
c v  1.66  8 18 12 19 3583 2 56667 10557 2.5 24 10 1 6 78% 335 2982 588 53%
c w  1.66  8 18 12 19 3583 2 56667 9994 2.5 24 10 1 6 78% 335 2982 588 53%
c x  1.67  8 18 12 19 3583 2 56667 9993 2.5 24 10 1 6 78% 335 2962 588 53%
c t  1.73  8 18 12 19 3583 2 56667 9993 2.5 24 10 1 6 78% 333 2962 588 53%
c -  1.78  8 18 12 20 3765 2 58198 8994 2.5 25 10 1 6 78% 333 2962 588 53%
c }  1.87  8 18 13 20 4031 2 60782 11356 2.5 25 10 1 6 79% 335 2962 588 53%
c
c seconds   switched    rate         size/glue  tier1    binary      remaining
c        MB   reductions  conflicts        size   tier2    irredundant
c         level    restarts     redundant     glue    trail      variables
c
c [  1.87  8 17 13 20 4031 1 60782 11356 1.8 21 12 2 12 83% 335 2962 588 53%
c B  1.87  8 17 13 20 4031 1 60782 11356 1.8 21 12 2 12 83% 335 2962 588 53%
c -  1.94  8 17 13 21 4032 1 62671 9195 1.8 21 12 2 11 83% 335 2962 588 53%
c -  2.05  8 17 13 22 4036 1 67253 8978 1.8 21 12 2 11 84% 336 2962 588 53%
c e  2.16  8 17 13 22 4037 1 71625 12233 1.8 21 12 2 11 84% 233 3172 526 47%
c s  2.16  8 17 13 22 4037 1 71625 12233 1.8 21 12 2 11 84% 233 3159 526 47%
c ^  2.16  8 17 13 22 4037 1 71625 12233 1.8 21 12 2 11 84% 233 3159 526 47%
c -  2.17  7 17 13 23 4037 1 71943 4807 1.8 21 12 2 11 84% 233 3159 526 47%
c W  2.19  6 17 13 23 4037 1 73004 5603 1.8 21 12 2 11 84% 233 3159 526 47%
c -  2.26  6 17 13 24 4040 1 76738 5978 1.8 21 12 2 11 84% 233 3159 526 47%
c ]  2.30  6 16 14 24 4042 1 78486 7235 1.8 21 12 2 11 85% 233 3159 526 47%
c {  2.30  6 18 14 24 4042 2 78486 7235 2.5 25 10 1 6 79% 233 3159 526 47%
c o  2.33  7 18 14 24 4205 2 79335 7962 2.5 25 10 1 6 79% 233 3159 526 47%
c u  2.39  7 18 14 24 4421 2 81249 9380 2.5 25 10 1 6 79% 234 3159 526 47%
c v  2.41  8 18 14 24 4421 2 81249 8778 2.5 25 10 1 6 79% 234 3159 526 47%
c w  2.42  8 18 14 24 4421 2 81249 8436 2.5 25 10 1 6 79% 234 3159 526 47%
c t  2.42  8 18 14 24 4421 2 81249 8436 2.5 25 10 1 6 79% 233 3159 526 47%
c f  2.42  7 18 14 24 4421 2 81249 8436 2.5 25 10 1 6 79% 242 3122 531 48%
c u  2.43  7 18 14 24 4421 2 81249 8411 2.5 25 10 1 6 79% 242 3122 531 48%
c v  2.45  8 18 14 24 4421 2 81249 7905 2.5 25 10 1 6 79% 242 3122 531 48%
c
c seconds   switched    rate        size/glue  tier1   binary      remaining
c        MB   reductions  conflicts       size   tier2   irredundant
c         level    restarts    redundant     glue   trail      variables
c
c w  2.45  8 18 14 24 4421 2 81249 7607 2.5 25 10 1 6 79% 242 3122 531 48%
c -  2.47  7 18 14 25 4482 2 81636 6223 2.5 25 10 1 5 80% 242 3122 531 48%
c -  2.59  8 17 14 26 4482 2 86637 9124 2.5 24 10 1 5 81% 244 3122 531 48%
c -  2.71  8 16 14 27 4482 2 91737 11276 2.5 24 10 1 5 81% 244 3122 531 48%
c }  2.75  8 16 15 27 4482 2 93201 12482 2.5 24 9 1 5 81% 244 3122 531 48%
c [  2.75  8 16 15 27 4482 1 93201 12482 1.8 21 12 2 11 85% 244 3122 531 48%
c I  2.75  8 16 15 27 4482 1 93201 12482 1.8 21 12 2 11 85% 244 3122 531 48%
c -  2.83  8 16 15 28 4484 1 96933 11203 1.8 21 12 2 11 85% 244 3122 531 48%
c -  2.94  8 16 15 29 4488 1 102224 9485 1.8 21 12 2 11 85% 245 3122 531 48%
c -  3.05  8 16 15 30 4491 1 107609 8248 1.8 21 12 2 10 85% 245 3122 531 48%
c u  3.11  8 16 15 30 4492 1 110508 10344 1.8 21 12 2 10 85% 246 3122 531 48%
c v  3.12  8 16 15 30 4492 1 110508 9844 1.8 21 12 2 10 85% 246 3122 531 48%
c w  3.13  9 16 15 30 4492 1 110508 9709 1.8 21 12 2 10 85% 246 3122 531 48%
c x  3.14  8 16 15 30 4492 1 110508 9707 1.8 21 12 2 10 85% 249 3081 531 48%
c t  3.14  8 16 15 30 4492 1 110508 9707 1.8 21 12 2 10 85% 248 3081 531 48%
c B  3.14  8 16 15 30 4493 1 111004 10103 1.8 21 12 2 10 85% 248 3081 531 48%
c ]  3.15  8 16 16 30 4493 1 111398 10426 1.8 21 12 2 10 85% 248 3081 531 48%
c {  3.15  8 16 16 30 4493 2 111398 10426 2.5 24 9 1 5 81% 248 3081 531 48%
c -  3.21  8 16 16 31 4924 2 113086 8403 2.5 24 10 1 5 81% 248 3081 531 48%
c -  3.41  8 16 16 32 5949 2 118653 9490 2.4 24 10 1 5 82% 248 3081 531 48%
c
c seconds   switched    rate          size/glue  tier1   binary      remaining
c        MB   reductions  conflicts         size   tier2   irredundant
c         level    restarts      redundant     glue   trail      variables
c
c o  3.47  8 16 16 32 5959 2 120407 11009 2.4 24 10 1 5 82% 249 3081 531 48%
c -  3.60  8 17 16 33 6614 2 124311 10889 2.4 24 10 1 4 81% 249 3081 531 48%
c }  3.76  8 17 17 33 7136 2 129735 15786 2.4 24 10 1 4 82% 249 3081 531 48%
c [  3.76  8 16 17 33 7136 1 129735 15786 1.8 21 12 2 10 85% 249 3081 531 48%
c -  3.77  8 16 17 34 7136 1 130056 12626 1.8 21 12 2 10 85% 249 3081 531 48%
c W  3.82  7 16 17 34 7138 1 131916 14356 1.8 22 12 2 10 85% 249 3081 531 48%
c e  3.83  7 16 17 34 7138 1 132213 14604 1.8 22 12 2 10 85% 170 3344 475 43%
c s  3.83  7 16 17 34 7138 1 132213 14604 1.8 22 12 2 10 85% 172 3279 475 43%
c e  3.83  7 16 17 34 7138 1 132213 14604 1.8 22 12 2 10 85% 170 3281 473 43%
c ^  3.83  7 16 17 34 7138 1 132213 14604 1.8 22 12 2 10 85% 170 3281 473 43%
c -  3.90  7 16 17 35 7140 1 135887 8006 1.8 21 12 2 10 85% 170 3281 473 43%
c -  4.02  7 16 17 36 7142 1 141804 7601 1.8 21 12 2 10 85% 170 3281 473 43%
c u  4.09  7 16 17 36 7145 1 144760 9191 1.8 21 12 2 10 85% 170 3281 473 43%
c v  4.12  8 16 17 36 7145 1 144760 7941 1.8 21 12 2 10 85% 171 3281 473 43%
c w  4.13  8 16 17 36 7145 1 144760 7172 1.8 21 12 2 10 85% 171 3281 473 43%
c t  4.24  8 16 17 36 7145 1 144760 7172 1.8 21 12 2 10 85% 170 3281 473 43%
c -  4.29  8 16 17 37 7147 1 147805 6021 1.8 21 12 2 10 86% 170 3281 473 43%
c -  4.41  8 16 17 38 7149 1 153888 6872 1.8 21 12 2 10 86% 170 3281 473 43%
c O  4.45  8 16 17 38 7150 1 156142 8572 1.8 21 12 2 10 86% 170 3281 473 43%
c -  4.54  8 16 17 39 7150 1 160053 7410 1.8 21 12 2 10 86% 170 3281 473 43%
c
c seconds   switched    rate         size/glue  tier1    binary      remaining
c        MB   reductions  conflicts        size   tier2    irredundant
c         level    restarts     redundant     glue    trail      variables
c
c ]  4.57  8 16 18 39 7150 1 161527 8500 1.8 21 12 2 10 86% 170 3281 473 43%
c {  4.57  8 17 18 39 7150 2 161527 8500 2.4 24 10 1 4 82% 170 3281 473 43%
c -  4.73  8 17 18 40 8026 2 166298 8288 2.4 24 10 1 4 82% 174 3281 473 43%
c -  4.94  8 17 18 41 8314 2 172622 11189 2.5 25 10 1 4 82% 176 3281 473 43%
c -  5.17  8 16 18 42 8314 2 179025 15100 2.6 25 10 1 4 83% 176 3281 473 43%
c o  5.30  8 16 18 42 8315 2 182850 18475 2.7 25 10 1 4 84% 176 3281 473 43%
c u  5.36  9 16 18 42 8503 2 183827 18579 2.6 25 10 1 4 84% 178 3281 473 43%
c v  5.38  9 16 18 42 8503 2 183827 18250 2.6 25 10 1 4 84% 178 3281 473 43%
c w  5.40 12 16 18 42 8503 2 183827 18222 2.6 25 10 1 4 84% 178 3281 473 43%
c x  5.41 10 16 18 42 8503 2 183827 18222 2.6 25 10 1 4 84% 180 3250 473 43%
c t  5.41 10 16 18 42 8503 2 183827 18222 2.6 25 10 1 4 84% 177 3250 473 43%
c }  5.41 10 16 19 42 8503 2 183872 18266 2.6 25 10 1 4 84% 177 3250 473 43%
c [  5.41 10 16 19 42 8503 1 183872 18266 1.8 21 12 2 10 86% 177 3250 473 43%
c B  5.41 10 16 19 42 8503 1 183882 18275 1.8 21 12 2 10 86% 177 3250 473 43%
c -  5.44 10 16 19 43 8504 1 185506 15422 1.8 21 12 2 10 86% 177 3250 473 43%
c -  5.56 10 16 19 44 8508 1 192063 13281 1.8 21 12 2 10 86% 177 3250 473 43%
c -  5.69  9 16 19 45 8512 1 198697 9756 1.8 21 12 2 10 87% 177 3250 473 43%
c -  5.80  9 15 19 46 8516 1 205405 9352 1.7 21 12 2 10 85% 177 3250 473 43%
c -  5.94  9 15 19 47 8517 1 212187 9767 1.7 21 12 2 10 85% 177 3250 473 43%
c W  6.02  8 15 19 47 8517 1 215333 11632 1.7 20 12 2 10 85% 177 3250 473 43%
c
c seconds   switched    rate          size/glue  tier1    binary      remaining
c        MB   reductions  conflicts         size   tier2    irredundant
c         level    restarts      redundant     glue    trail      variables
c
c s  6.08  8 15 19 47 8519 1 218063 13314 1.7 20 12 2 10 85% 177 3248 473 43%
c e  6.08  8 15 19 47 8519 1 218063 13314 1.7 20 12 2 10 85% 119 3693 406 37%
c s  6.08  8 15 19 47 8519 1 218063 13314 1.7 20 12 2 10 85% 119 3583 406 37%
c e  6.08  8 15 19 47 8519 1 218063 13314 1.7 20 12 2 10 85% 114 3618 401 36%
c ^  6.08  8 15 19 47 8519 1 218063 13314 1.7 20 12 2 10 85% 114 3618 401 36%
c -  6.10  7 15 19 48 8520 1 219042 5874 1.7 20 12 2 10 85% 114 3618 401 36%
c ]  6.22  8 15 20 48 8524 1 225375 9904 1.7 20 12 2 10 85% 114 3618 401 36%
c {  6.22  8 16 20 48 8524 2 225375 9904 2.6 25 10 1 4 84% 114 3618 401 36%
c -  6.23  8 16 20 49 8637 2 225971 7316 2.6 25 10 1 4 84% 114 3618 401 36%
c u  6.30  8 16 20 49 9000 2 228101 9070 2.6 26 10 1 4 84% 114 3618 401 36%
c v  6.31  8 16 20 49 9000 2 228101 8364 2.6 26 10 1 4 84% 114 3618 401 36%
c w  6.33  8 16 20 49 9000 2 228101 7676 2.6 26 10 1 4 84% 114 3618 401 36%
c x  6.34  8 16 20 49 9000 2 228101 7670 2.6 26 10 1 4 84% 115 3442 401 36%
c t  6.34  8 16 20 49 9000 2 228101 7670 2.6 26 10 1 4 84% 114 3442 401 36%
c -  6.47  8 16 20 50 9449 2 232971 9129 2.7 26 10 1 4 84% 114 3442 401 36%
c -  6.71  8 16 20 51 10845 2 240042 10695 2.6 26 10 1 4 85% 114 3442 401 36%
c -  6.93  9 16 20 52 10845 2 247184 12944 2.6 26 10 1 4 85% 114 3442 401 36%
c o  7.05  9 15 20 52 10855 2 251378 16710 2.7 26 10 1 4 86% 114 3442 401 36%
c }  7.08  9 16 21 52 11013 2 252114 17357 2.6 26 10 1 4 86% 114 3442 401 36%
c [  7.08  9 15 21 52 11013 1 252114 17357 1.7 20 12 2 10 85% 114 3442 401 36%
c
c seconds   switched     rate          size/glue  tier1    binary      remaining
c        MB   reductions   conflicts         size   tier2    irredundant
c         level    restarts       redundant     glue    trail      variables
c
c I  7.08  9 15 21 52 11013 1 252114 17357 1.7 20 12 2 10 85% 114 3442 401 36%
c -  7.12  9 15 21 53 11015 1 254395 15043 1.7 20 12 2 10 85% 114 3442 401 36%
c -  7.25  9 15 21 54 11019 1 261675 13232 1.7 20 12 2 10 85% 114 3442 401 36%
c -  7.39  8 15 21 55 11023 1 269024 10235 1.7 20 12 2 10 85% 114 3442 401 36%
c -  7.55  8 15 21 56 11026 1 276440 9090 1.7 20 12 2 9 86% 114 3442 401 36%
c u  7.57  8 15 21 56 11027 1 277376 9424 1.7 20 12 2 9 86% 114 3442 401 36%
c v  7.60  8 15 21 56 11027 1 277376 8443 1.7 20 12 2 9 86% 114 3442 401 36%
c w  7.61  8 15 21 56 11027 1 277376 7708 1.7 20 12 2 9 86% 114 3442 401 36%
c x  7.62  8 15 21 56 11027 1 277376 7704 1.7 20 12 2 9 86% 114 3419 401 36%
c -  7.74  8 15 21 57 11027 1 283924 7643 1.7 20 12 2 9 86% 114 3419 401 36%
c -  7.90  8 15 21 58 11033 1 291473 8383 1.7 20 12 2 9 86% 114 3419 401 36%
c B  7.90  8 15 21 58 11033 1 291554 8427 1.7 20 12 2 9 86% 114 3419 401 36%
c ]  7.95  8 15 22 58 11034 1 294081 10178 1.7 20 12 2 9 86% 114 3419 401 36%
c {  7.95  8 16 22 58 11034 2 294081 10178 2.6 26 10 1 4 86% 114 3419 401 36%
c -  8.09  8 15 22 59 11133 2 299089 10171 2.6 26 10 1 4 86% 114 3419 401 36%
c -  8.31  8 15 22 60 11620 2 306771 11289 2.5 25 10 1 4 87% 114 3419 401 36%
c -  8.47  8 15 22 61 12641 2 314516 11928 2.4 24 10 1 4 87% 114 3419 401 36%
c -  8.62  8 15 22 62 13405 2 322328 12584 2.3 23 10 1 4 86% 114 3419 401 36%
c o  8.62  8 15 22 62 13407 2 322568 12781 2.3 23 10 1 4 86% 114 3419 401 36%
c }  8.69  8 15 23 62 13923 2 325598 15098 2.3 23 10 1 4 86% 114 3419 401 36%
c
c seconds   switched     rate          size/glue  tier1   binary      remaining
c        MB   reductions   conflicts         size   tier2   irredundant
c         level    restarts       redundant     glue   trail      variables
c
c [  8.69  8 15 23 62 13923 1 325598 15098 1.7 20 12 2 9 86% 114 3419 401 36%
c -  8.77  8 15 23 63 13926 1 330203 12471 1.6 19 12 2 9 87% 114 3419 401 36%
c s  8.77  8 15 23 63 13926 1 330251 12492 1.6 19 12 2 9 87% 114 3417 401 36%
c e  8.78  8 15 23 63 13926 1 330251 12492 1.6 19 12 2 9 87%  71 4268 334 30%
c s  8.78  8 15 23 63 13926 1 330251 12492 1.6 19 12 2 9 87%  71 4021 334 30%
c !  8.78  8 15 23 63 13926 1 330251 12492 1.6 19 12 2 9 87%  71 4021 334 30%
c u  8.81  8 15 23 63 13928 1 332045 7085 1.6 19 12 2 9 87%  71 4021 334 30%
c v  8.83  8 15 23 63 13928 1 332045 6210 1.6 19 12 2 9 87%  71 4021 334 30%
c w  8.86  8 15 23 63 13928 1 332045 4968 1.6 19 12 2 9 87%  71 4021 334 30%
c f  8.87  8 15 23 63 13928 1 332045 4968 1.6 19 12 2 9 87%  70 3998 335 30%
c u  8.87  8 15 23 63 13928 1 332045 4922 1.6 19 12 2 9 87%  70 3998 335 30%
c v  8.89  8 15 23 63 13928 1 332045 4721 1.6 19 12 2 9 87%  70 3998 335 30%
c w  8.91  8 15 23 63 13928 1 332045 4249 1.6 19 12 2 9 87%  70 3998 335 30%
c x  8.92  8 15 23 63 13928 1 332045 4237 1.6 19 12 2 9 87%  72 3880 335 30%
c t  9.03  8 15 23 63 13928 1 332045 4237 1.6 19 12 2 9 87%  70 3880 335 30%
c W  9.08  8 15 23 63 13929 1 335266 6293 1.6 19 12 2 9 87%  70 3880 335 30%
c -  9.13  7 15 23 64 13930 1 338141 4735 1.6 19 12 2 9 87%  70 3880 335 30%
c -  9.26  7 15 23 65 13935 1 346143 5633 1.6 19 12 2 9 87%  70 3880 335 30%
c -  9.38  8 15 23 66 13937 1 354206 6753 1.6 19 12 2 9 87%  70 3880 335 30%
c -  9.52  8 15 23 67 13940 1 362333 7184 1.6 19 12 2 9 88%  70 3880 335 30%
c
c seconds   switched     rate         size/glue  tier1   binary      remaining
c        MB   reductions   conflicts        size   tier2   irredundant
c         level    restarts      redundant     glue   trail      variables
c
c -  9.65  8 15 23 68 13944 1 370519 8339 1.6 19 12 2 9 88%  70 3880 335 30%
c ]  9.73  8 15 24 68 13948 1 374975 11542 1.6 19 12 2 9 87%  70 3880 335 30%
c {  9.73  8 15 24 68 13948 2 374975 11542 2.3 23 10 1 4 86%  70 3880 335 30%
c -  9.82  8 15 24 69 14480 2 378765 9729 2.3 23 10 1 4 85%  70 3880 335 30%
c - 10.06  8 15 24 70 15218 2 387072 12020 2.3 23 10 1 4 85%  70 3880 335 30%
c u 10.19  8 15 24 70 15548 2 391112 15096 2.3 23 10 1 4 86%  71 3880 335 30%
c v 10.22  8 15 24 70 15548 2 391112 14649 2.3 23 10 1 4 86%  71 3880 335 30%
c w 10.23 10 15 24 70 15548 2 391112 14421 2.3 23 10 1 4 86%  71 3880 335 30%
c x 10.24 11 15 24 70 15548 2 391112 14417 2.3 23 10 1 4 86%  71 3861 335 30%
c t 10.25 11 15 24 70 15548 2 391112 14417 2.3 23 10 1 4 86%  70 3861 335 30%
c - 10.37 10 15 24 71 15916 2 395438 14027 2.3 23 10 1 4 85%  70 3861 335 30%
c - 10.65 10 16 24 72 17308 2 403865 14591 2.3 24 10 1 4 86%  70 3861 335 30%
c o 10.83 10 15 24 72 17329 2 409063 18106 2.3 23 10 1 4 86%  70 3861 335 30%
c } 10.93 10 16 25 72 17746 2 411653 20346 2.3 23 10 1 4 86%  70 3861 335 30%
c [ 10.93 10 15 25 72 17746 1 411653 20346 1.6 19 12 2 9 87%  70 3861 335 30%
c O 10.93 10 15 25 72 17746 1 411653 20346 1.6 19 12 2 9 87%  70 3861 335 30%
c - 10.95 10 15 25 73 17746 1 412350 14242 1.6 19 12 2 9 87%  70 3861 335 30%
c - 11.22 10 15 25 74 17752 1 420895 13766 1.6 19 12 2 9 88%  70 3861 335 30%
c - 11.47  9 14 25 75 17757 1 429500 11187 1.6 19 12 2 9 88%  70 3861 335 30%
c - 11.72 10 14 25 76 17760 1 438162 10767 1.7 19 12 2 9 88%  70 3861 335 30%
c
c seconds   switched     rate          size/glue  tier1   binary      remaining
c        MB   reductions   conflicts         size   tier2   irredundant
c         level    restarts       redundant     glue   trail      variables
c
c - 11.96  9 14 25 77 17763 1 446880 10271 1.7 19 12 2 8 88%  70 3861 335 30%
c ] 12.02  9 14 26 77 17764 1 449360 11636 1.7 19 11 2 8 89%  70 3861 335 30%
c { 12.02  9 16 26 77 17764 2 449360 11636 2.3 23 10 1 4 86%  70 3861 335 30%
c - 12.21  9 16 26 78 18645 2 455655 11837 2.2 23 11 1 4 86%  70 3861 335 30%
c u 12.23 10 16 26 78 18651 2 455679 11099 2.2 23 11 1 4 86%  70 3861 335 30%
c v 12.28  9 16 26 78 18651 2 455679 9236 2.2 23 11 1 4 86%  71 3861 335 30%
c w 12.33 10 16 26 78 18651 2 455679 8540 2.2 23 11 1 4 86%  71 3861 335 30%
c - 12.57  9 16 26 79 19979 2 464488 10439 2.2 23 11 1 4 86%  71 3861 335 30%
c s 12.72 10 16 26 79 20856 2 469894 14584 2.1 23 11 1 4 86%  71 3858 335 30%
c e 12.72 10 16 26 79 20856 2 469894 14584 2.1 23 11 1 4 86%  68 3882 332 30%
c s 12.72 10 16 26 79 20856 2 469894 14584 2.1 23 11 1 4 86%  68 3872 332 30%
c e 12.72 10 16 26 79 20856 2 469894 14584 2.1 23 11 1 4 86%  66 3900 330 30%
c - 12.81 10 16 26 80 21048 2 473376 10904 2.1 23 11 1 4 86%  66 3900 330 30%
c - 13.07 10 16 26 81 21577 2 482320 12589 2.2 23 11 1 4 86%  66 3900 330 30%
c - 13.37 10 16 26 82 21577 2 491320 15011 2.3 24 11 1 4 87%  66 3900 330 30%
c } 13.38 10 16 27 82 21577 2 491579 15254 2.3 24 11 1 4 87%  66 3900 330 30%
c [ 13.38 10 14 27 82 21577 1 491579 15254 1.7 19 11 2 8 89%  66 3900 330 30%
c B 13.38 10 14 27 82 21577 1 491579 15254 1.7 19 11 2 8 89%  66 3900 330 30%
c - 13.60 10 14 27 83 21583 1 500375 13789 1.7 20 11 1 8 89%  66 3900 330 30%
c - 13.86  9 14 27 84 21588 1 509485 10871 1.7 20 11 1 8 89%  66 3900 330 30%
c
c seconds   switched     rate          size/glue  tier1   binary      remaining
c        MB   reductions   conflicts         size   tier2   irredundant
c         level    restarts       redundant     glue   trail      variables
c
c - 14.07 10 14 27 85 21591 1 518650 11123 1.8 20 11 1 8 89%  66 3900 330 30%
c u 14.27  8 14 27 85 21593 1 525800 14394 1.8 20 11 1 8 90%  67 3900 330 30%
c v 14.31  8 14 27 85 21593 1 525800 13287 1.8 20 11 1 8 90%  67 3900 330 30%
c w 14.33  8 14 27 85 21593 1 525800 12525 1.8 20 11 1 8 90%  67 3900 330 30%
c x 14.34 11 14 27 85 21593 1 525800 12520 1.8 20 11 1 8 90%  67 3857 330 30%
c o 14.35 11 14 27 85 21593 1 525800 12520 1.8 20 11 1 8 90%  67 3857 330 30%
c - 14.40  9 14 27 86 21594 1 527869 9257 1.8 20 11 1 8 90%  67 3857 330 30%
c - 14.61 10 14 27 87 21599 1 537144 9037 1.7 20 11 1 8 90%  67 3857 330 30%
c ] 14.68  9 14 28 87 21601 1 540707 11198 1.7 20 11 1 8 90%  67 3857 330 30%
c { 14.68  9 16 28 87 21601 2 540707 11198 2.3 24 11 1 4 87%  67 3857 330 30%
c - 14.84  9 16 28 88 21805 2 546472 10913 2.3 24 11 1 4 87%  67 3857 330 30%
c - 15.08 10 16 28 89 22475 2 555852 13332 2.3 24 11 1 4 87%  67 3857 330 30%
c - 15.34 10 16 28 90 23211 2 565286 14829 2.2 24 11 1 4 86%  67 3857 330 30%
c - 15.62 10 15 28 91 23575 2 574774 15214 2.2 24 11 1 4 87%  67 3857 330 30%
c - 15.94 10 16 28 92 24507 2 584314 16124 2.2 24 11 1 4 87%  67 3857 330 30%
c } 16.11 10 15 29 92 24519 2 588845 20160 2.3 24 11 1 4 87%  67 3857 330 30%
c [ 16.11 10 14 29 92 24519 1 588845 20160 1.7 20 11 1 8 90%  67 3857 330 30%
c W 16.12  9 14 29 92 24519 1 588845 20160 1.7 20 11 1 8 90%  67 3857 330 30%
c - 16.23  9 14 29 93 24522 1 593906 16284 1.7 20 11 1 8 89%  67 3857 330 30%
c u 16.40  9 14 29 93 24526 1 601568 21029 1.7 20 11 1 8 89%  67 3857 330 30%
c
c seconds   switched     rate          size/glue  tier1   binary      remaining
c        MB   reductions   conflicts         size   tier2   irredundant
c         level    restarts       redundant     glue   trail      variables
c
c v 16.43 11 14 29 93 24526 1 601568 20458 1.7 20 11 1 8 89%  67 3857 330 30%
c w 16.46 12 14 29 93 24526 1 601568 20397 1.7 20 11 1 8 89%  67 3857 330 30%
c x 16.47 12 14 29 93 24526 1 601568 20395 1.7 20 11 1 8 89%  67 3848 330 30%
c - 16.51  9 14 29 94 24528 1 603549 13007 1.7 20 11 1 8 89%  67 3848 330 30%
c - 16.70 10 14 29 95 24532 1 613244 10968 1.7 20 11 1 8 89%  67 3848 330 30%
c - 16.89 10 14 29 96 24535 1 622990 10481 1.7 19 11 1 8 89%  67 3848 330 30%
c - 17.08 10 14 29 97 24540 1 632788 10534 1.7 19 11 1 8 89%  67 3848 330 30%
c e 17.28  9 14 29 97 24546 1 641533 15198 1.7 19 11 1 8 89%  66 3863 329 30%
c o 17.28  9 14 29 97 24546 1 641533 15146 1.7 19 11 1 8 89%  66 3863 329 30%
c - 17.30  9 14 29 98 24547 1 642636 10478 1.7 19 11 1 7 89%  66 3863 329 30%
c I 17.47 10 14 29 98 24548 1 651395 15756 1.7 19 11 1 7 89%  66 3863 329 30%
c - 17.49 10 14 29 99 24548 1 652536 10929 1.7 19 11 1 7 89%  66 3863 329 30%
c - 17.69 10 14 29 100 24549 1 662485 10486 1.7 19 11 1 7 89%  66 3863 329 30%
c ] 17.70  9 14 30 100 24549 1 662563 10538 1.7 19 11 1 7 89%  66 3863 329 30%
c { 17.70  9 15 30 100 24549 2 662563 10538 2.3 24 11 1 4 87%  66 3863 329 30%
c - 17.97  9 16 30 101 25903 2 672485 11690 2.2 24 11 1 4 88%  66 3863 329 30%
c - 18.24 10 15 30 102 26596 2 682534 13693 2.2 23 11 1 4 88%  66 3863 329 30%
c u 18.27 10 15 30 102 26596 2 683093 13635 2.2 23 11 1 4 88%  66 3863 329 30%
c v 18.32 10 15 30 102 26596 2 683093 11546 2.2 23 11 1 4 88%  66 3863 329 30%
c w 18.35 10 15 30 102 26596 2 683093 10513 2.2 23 11 1 4 88%  66 3863 329 30%
c
c seconds   switched      rate          size/glue  tier1   binary      remaining
c        MB   reductions    conflicts         size   tier2   irredundant
c         level     restarts       redundant     glue   trail      variables
c
c - 18.61 10 15 30 103 27048 2 692635 12164 2.2 23 11 1 4 88%  66 3863 329 30%
c - 18.86 10 15 30 104 27822 2 702783 13279 2.1 23 11 1 4 88%  66 3863 329 30%
c - 19.17 10 15 30 105 29178 2 712981 14408 2.1 23 11 1 4 88%  66 3863 329 30%
c } 19.30 10 15 31 105 29188 2 716997 17970 2.1 23 11 1 4 87%  66 3863 329 30%
c [ 19.30 10 14 31 105 29188 1 716997 17970 1.7 19 11 1 7 89%  66 3863 329 30%
c B 19.38 10 14 31 105 29190 1 719078 19969 1.7 19 11 1 7 89%  66 3863 329 30%
c - 19.49 10 14 31 106 29193 1 723227 15528 1.7 19 11 1 7 89%  66 3863 329 30%
c - 19.74 10 14 31 107 29198 1 733522 14457 1.7 19 11 1 7 89%  66 3863 329 30%
c - 19.97  9 14 31 108 29202 1 743866 11551 1.7 19 11 1 7 89%  66 3863 329 30%
c - 20.19 10 14 31 109 29206 1 754259 11362 1.7 19 11 1 7 89%  66 3863 329 30%
c - 20.39  9 14 31 110 29212 1 764700 10719 1.7 19 11 1 7 89%  66 3863 329 30%
c u 20.52 10 14 31 110 29215 1 770364 13234 1.7 19 11 1 7 89%  66 3863 329 30%
c v 20.56 10 14 31 110 29215 1 770364 11776 1.7 19 11 1 7 89%  66 3863 329 30%
c w 20.58 10 14 31 110 29215 1 770364 9872 1.7 19 11 1 7 89%  66 3863 329 30%
c x 20.59 10 14 31 110 29215 1 770364 9872 1.7 19 11 1 7 89%  66 3846 329 30%
c = 20.83 11 14 31 110 29215 1 770364 9872 1.7 19 11 1 7 89%  66 3822 328 29%
c u 20.85 11 14 31 110 29215 1 770364 9398 1.7 19 11 1 7 89%  66 3822 328 29%
c v 20.88 11 14 31 110 29215 1 770364 8870 1.7 19 11 1 7 89%  66 3822 328 29%
c w 20.93 11 14 31 110 29215 1 770364 8191 1.7 19 11 1 7 89%  66 3822 328 29%
c o 20.93 11 14 31 110 29215 1 770364 8191 1.7 19 11 1 7 89%  66 3822 328 29%
c
c seconds   switched      rate         size/glue  tier1   binary      remaining
c        MB   reductions    conflicts        size   tier2   irredundant
c         level     restarts      redundant     glue   trail      variables
c
c - 21.00 10 14 31 111 29217 1 775188 7497 1.7 18 11 1 7 89%  65 3822 328 29%
c - 21.20 10 14 31 112 29218 1 785724 8572 1.6 18 11 1 7 88%  65 3822 328 29%
c ] 21.23 10 14 32 112 29218 1 787312 9448 1.6 18 11 1 7 88%  65 3822 328 29%
c { 21.23 10 15 32 112 29218 2 787312 9448 2.1 23 11 1 4 87%  65 3822 328 29%
c - 21.45 10 15 32 113 29748 2 796307 10857 2.1 23 11 1 4 86%  66 3822 328 29%
c - 21.81 11 15 32 114 30203 2 806938 13734 2.1 23 11 1 4 87%  66 3822 328 29%
c - 22.23 11 15 32 115 30203 1 817616 16384 2.2 23 10 1 4 88%  66 3822 328 29%
c - 22.58 11 15 32 116 30915 1 828339 18611 2.2 23 10 1 4 87%  66 3822 328 29%
c - 22.95 11 15 32 117 32250 2 839110 17586 2.1 23 11 1 4 88%  66 3822 328 29%
c s 23.18 12 15 32 117 32255 1 846699 24074 2.2 23 10 1 4 88%  66 3821 328 29%
c e 23.18 10 15 32 117 32255 1 846699 24074 2.2 23 10 1 4 88%  66 3827 327 29%
c } 23.23 12 15 33 117 32593 1 848418 25277 2.2 23 10 1 4 88%  66 3827 327 29%
c [ 23.23 12 14 33 117 32593 1 848418 25277 1.6 18 11 1 7 88%  66 3827 327 29%
c W 23.23 10 14 33 117 32593 1 848418 25277 1.6 18 11 1 7 88%  66 3827 327 29%
c - 23.28 10 14 33 118 32594 1 849927 17306 1.6 18 11 1 7 88%  66 3827 327 29%
c - 23.51 10 14 33 119 32600 1 860789 16145 1.6 18 11 1 7 89%  66 3827 327 29%
c u 23.59 10 14 33 119 32602 1 863655 17216 1.6 18 11 1 7 89%  66 3827 327 29%
c v 23.69 10 14 33 119 32602 1 863655 15492 1.6 18 11 1 7 89%  66 3827 327 29%
c w 23.72 10 14 33 119 32602 1 863655 15388 1.6 18 11 1 7 89%  66 3827 327 29%
c - 23.89  9 14 33 120 32606 1 871698 11099 1.6 18 11 1 7 89%  66 3827 327 29%
c
c seconds   switched      rate          size/glue  tier1   binary      remaining
c        MB   reductions    conflicts         size   tier2   irredundant
c         level     restarts       redundant     glue   trail      variables
c
c - 24.12 10 14 33 121 32609 1 882652 10513 1.6 18 11 1 7 89%  66 3827 327 29%
c - 24.35 10 14 33 122 32615 1 893652 10699 1.6 18 11 1 7 89%  66 3827 327 29%
c - 24.57 10 13 33 123 32621 1 904699 10971 1.6 18 11 1 7 89%  66 3827 327 29%
c - 24.82 10 13 33 124 32623 1 915790 11679 1.6 18 11 1 7 89%  66 3827 327 29%
c O 25.09 10 13 33 124 32623 1 926846 18165 1.6 18 11 1 7 90%  66 3827 327 29%
c o 25.09 10 13 33 124 32623 1 926846 18165 1.6 18 11 1 7 90%  66 3827 327 29%
c - 25.09 10 13 33 125 32623 1 926926 11793 1.6 18 11 1 7 90%  66 3827 327 29%
c - 25.34 10 14 33 126 32629 1 938106 12068 1.6 18 11 1 7 90%  66 3827 327 29%
c ] 25.43 10 14 34 126 32630 1 941882 14599 1.6 18 11 1 7 90%  66 3827 327 29%
c { 25.43 10 15 34 126 32630 1 941882 14599 2.2 23 10 1 4 88%  66 3827 327 29%
c - 25.66 10 15 34 127 33052 1 949331 12101 2.1 22 10 1 4 88%  66 3827 327 29%
c - 26.12 10 15 34 128 33331 1 960601 16119 2.2 22 10 1 4 87%  67 3827 327 29%
c u 26.22 10 15 34 128 33458 1 962864 16832 2.2 22 10 1 4 87%  67 3827 327 29%
c v 26.26 10 15 34 128 33458 1 962864 16097 2.2 22 10 1 4 87%  67 3827 327 29%
c w 26.28 10 15 34 128 33458 1 962864 15823 2.2 22 10 1 4 87%  67 3827 327 29%
c x 26.30 10 15 34 128 33458 1 962864 15821 2.2 22 10 1 4 87%  67 3812 327 29%
c - 26.84 14 15 34 129 34171 1 971915 15453 2.1 22 10 1 4 87%  67 3812 327 29%
c - 27.26 15 15 34 130 34953 1 983272 15835 2.2 22 10 1 4 88%  68 3812 327 29%
c - 27.72 15 15 34 131 35305 1 994673 18450 2.2 22 10 1 4 86%  68 3812 327 29%
c - 28.19 15 14 34 132 35806 1 1006119 19765 2.1 22 10 1 4 86%  68 3812 327 29%
c
c seconds   switched      rate           size/glue  tier1   binary      remaining
c        MB   reductions     conflicts         size   tier2   irredundant
c         level     restarts        redundant     glue   trail      variables
c
c } 28.33 15 14 35 132 36202 1 1010029 22277 2.1 22 10 1 4 86%  68 3812 327 29%
c [ 28.33 15 14 35 132 36202 1 1010029 22277 1.6 18 11 1 7 90%  68 3812 327 29%
c B 28.36 15 14 35 132 36202 1 1010884 22667 1.6 18 11 1 7 90%  68 3812 327 29%
c - 28.52 15 14 35 133 36207 1 1017608 18557 1.6 18 11 1 7 90%  68 3812 327 29%
c - 28.82 13 14 35 134 36214 1 1029141 16029 1.6 18 11 1 7 89%  68 3812 327 29%
c - 29.11 14 13 35 135 36216 1 1040717 13986 1.6 18 11 1 7 89%  68 3812 327 29%
c - 29.40 14 13 35 136 36223 1 1052335 13791 1.6 18 11 1 7 89%  68 3812 327 29%
c - 29.67 14 13 35 137 36230 1 1063996 14328 1.6 18 11 1 7 89%  68 3812 327 29%
c u 29.81 14 13 35 137 36231 1 1068141 15597 1.6 18 11 1 7 89%  69 3812 327 29%
c v 29.87 14 13 35 137 36231 1 1068141 13705 1.6 18 11 1 7 89%  69 3812 327 29%
c w 29.96 14 13 35 137 36231 1 1068141 11176 1.6 18 11 1 7 89%  69 3812 327 29%
c o 29.96 14 13 35 137 36231 1 1068141 11176 1.6 18 11 1 7 89%  69 3812 327 29%
c - 30.12 14 13 35 138 36231 1 1075700 10299 1.6 18 11 1 7 89%  69 3812 327 29%
c s 30.37 14 13 35 138 36232 1 1087253 17122 1.6 18 11 1 7 89%  69 3810 327 29%
c e 30.37 14 13 35 138 36232 1 1087253 17122 1.6 18 11 1 7 89%  61 3855 323 29%
c s 30.38 14 13 35 138 36232 1 1087253 17122 1.6 18 11 1 7 89%  61 3846 323 29%
c - 30.38 14 13 35 139 36232 1 1087447 10779 1.6 18 11 1 7 89%  61 3846 323 29%
c - 30.67 14 13 35 140 36238 1 1099237 11173 1.6 18 11 1 7 90%  61 3846 323 29%
c W 30.71 14 13 35 140 36239 1 1100685 11622 1.6 18 11 1 7 90%  61 3846 323 29%
c - 30.96 14 13 35 141 36245 1 1111070 12163 1.6 18 11 1 7 90%  61 3846 323 29%
c
c seconds   switched      rate           size/glue  tier1   binary      remaining
c        MB   reductions     conflicts         size   tier2   irredundant
c         level     restarts        redundant     glue   trail      variables
c
c - 31.26 14 13 35 142 36247 1 1122944 12085 1.6 18 11 1 7 90%  61 3846 323 29%
c ] 31.27 14 13 36 142 36247 1 1123451 12442 1.6 18 11 1 7 90%  61 3846 323 29%
c { 31.27 14 14 36 142 36247 1 1123451 12442 2.1 22 10 1 4 86%  61 3846 323 29%
c - 31.57 14 15 36 143 37798 1 1134861 14111 2.1 22 10 1 4 86%  61 3846 323 29%
c - 31.91 14 15 36 144 38575 1 1146820 16228 2.1 22 10 1 4 87%  61 3846 323 29%
c - 32.25 14 15 36 145 39517 1 1158820 17425 2.0 21 10 1 4 87%  61 3846 323 29%
c - 32.61 15 15 36 146 39677 1 1170861 20264 2.1 22 10 1 4 87%  61 3846 323 29%
c u 33.02 15 14 36 146 39691 1 1179483 26774 2.2 22 10 1 4 87%  61 3846 323 29%
c v 33.12 15 14 36 146 39691 1 1179483 25955 2.2 22 10 1 4 87%  61 3846 323 29%
c w 33.16 15 14 36 146 39691 1 1179483 25787 2.2 22 10 1 4 87%  61 3846 323 29%
c - 33.30 15 15 36 147 39696 1 1182945 21706 2.2 22 10 1 4 87%  61 3846 323 29%
c - 33.76 16 14 36 148 40531 1 1195071 23764 2.3 23 10 1 4 88%  61 3846 323 29%
c } 33.91 16 15 37 148 40612 1 1199008 27359 2.3 23 10 1 4 88%  61 3846 323 29%
c [ 33.91 16 13 37 148 40612 1 1199008 27359 1.6 18 11 1 7 90%  61 3846 323 29%
c I 33.91 16 13 37 148 40612 1 1199008 27359 1.6 18 11 1 7 90%  61 3846 323 29%
c - 34.10 16 13 37 149 40618 1 1207236 22354 1.6 18 11 1 7 90%  61 3846 323 29%
c - 34.41 16 13 37 150 40624 1 1219443 18298 1.6 17 11 1 7 90%  61 3846 323 29%
c - 34.71 13 13 37 151 40626 1 1231691 15436 1.6 17 11 1 7 89%  61 3846 323 29%
c - 35.03 13 13 37 152 40633 1 1243980 15699 1.6 17 11 1 7 89%  61 3846 323 29%
c - 35.36 13 13 37 153 40640 1 1256308 15179 1.6 18 11 1 6 89%  61 3846 323 29%
c
c seconds   switched      rate           size/glue  tier1   binary      remaining
c        MB   reductions     conflicts         size   tier2   irredundant
c         level     restarts        redundant     glue   trail      variables
c
c - 35.66 13 13 37 154 40642 1 1268678 14577 1.7 18 11 1 6 88%  61 3846 323 29%
c - 35.96 14 13 37 155 40642 1 1281087 13988 1.7 17 11 1 6 87%  61 3846 323 29%
c o 36.29 14 13 37 155 40650 1 1293434 22479 1.7 18 11 1 6 87%  61 3846 323 29%
c - 36.29 14 13 37 156 40650 1 1293536 14992 1.7 18 11 1 6 87%  61 3846 323 29%
c ] 36.32 14 13 38 156 40651 1 1295405 16203 1.7 18 11 1 6 87%  61 3846 323 29%
c { 36.32 14 15 38 156 40651 1 1295405 16203 2.3 23 10 1 4 88%  61 3846 323 29%
c u 36.39 14 14 38 156 40718 1 1296844 16350 2.3 23 10 1 4 88%  61 3846 323 29%
c v 36.47 14 14 38 156 40718 1 1296844 13887 2.3 23 10 1 4 88%  61 3846 323 29%
c w 36.53 14 14 38 156 40718 1 1296844 12108 2.3 23 10 1 4 88%  61 3846 323 29%
c - 36.73 14 14 38 157 40796 1 1306025 12331 2.3 22 10 1 4 88%  61 3846 323 29%
c - 37.01 14 14 38 158 40933 1 1318555 12599 2.2 22 10 1 4 88%  61 3846 323 29%
c - 37.29 14 14 38 159 41027 1 1331125 13476 2.1 21 10 1 4 88%  61 3846 323 29%
c - 37.61 14 13 38 160 41112 1 1343735 14536 2.1 20 10 1 4 88%  61 3846 323 29%
c - 37.91 14 13 38 161 41609 1 1356384 15270 2.0 19 10 1 4 88%  61 3846 323 29%
c - 38.21 14 13 38 162 42325 1 1369074 15504 2.0 19 10 1 4 88%  61 3846 323 29%
c } 38.43 14 13 39 162 43216 1 1378739 21778 1.9 19 10 1 4 88%  61 3846 323 29%
c [ 38.43 14 13 39 162 43216 1 1378739 21778 1.7 18 11 1 6 87%  61 3846 323 29%
c B 38.43 14 13 39 162 43216 1 1378739 21778 1.7 18 11 1 6 87%  61 3846 323 29%
c - 38.51 14 13 39 163 43218 1 1381801 15666 1.7 17 11 1 6 87%  61 3846 323 29%
c - 38.85 14 12 39 164 43225 1 1394568 15888 1.6 17 10 1 6 87%  61 3846 323 29%
c
c seconds   switched      rate           size/glue  tier1   binary      remaining
c        MB   reductions     conflicts         size   tier2   irredundant
c         level     restarts        redundant     glue   trail      variables
c
c - 39.20 14 12 39 165 43230 1 1407374 16475 1.6 17 10 1 6 88%  62 3846 323 29%
c - 39.60 13 12 39 166 43237 1 1420220 16406 1.6 17 10 1 6 88%  62 3846 323 29%
c u 39.64 13 12 39 166 43237 1 1420410 15760 1.6 17 10 1 6 88%  62 3846 323 29%
c v 39.70 13 12 39 166 43237 1 1420410 12984 1.6 17 10 1 6 88%  62 3846 323 29%
c w 39.72 13 12 39 166 43237 1 1420410 11649 1.6 17 10 1 6 88%  62 3846 323 29%
c x 39.73 13 12 39 166 43237 1 1420410 11640 1.6 17 10 1 6 88%  62 3778 323 29%
c = 40.09  8 12 39 166 43237 1 1420410 11640 1.6 17 10 1 6 88%  64 3776 322 29%
c d 40.09  8 12 39 166 43237 1 1420410 11640 1.6 17 10 1 6 88%  62 3776 322 29%
c u 40.12  8 12 39 166 43237 1 1420410 11469 1.6 17 10 1 6 88%  62 3776 322 29%
c v 40.17  8 12 39 166 43237 1 1420410 10504 1.6 17 10 1 6 88%  62 3776 322 29%
c w 40.20  8 12 39 166 43237 1 1420410 10218 1.6 17 10 1 6 88%  62 3776 322 29%
c - 40.50  9 12 39 167 43244 1 1433104 11120 1.6 17 10 1 6 88%  62 3776 322 29%
c ] 40.85  9 12 40 167 43246 1 1445737 17111 1.6 17 10 1 6 89%  62 3776 322 29%
c { 40.85  9 13 40 167 43246 1 1445737 17111 1.9 19 10 1 4 88%  62 3776 322 29%
c - 40.86  9 13 40 168 43259 1 1446027 11379 1.9 19 10 1 4 88%  62 3776 322 29%
c o 40.90  9 13 40 168 43434 1 1447571 12311 1.9 19 10 1 4 88%  62 3775 322 29%
c - 41.23  9 13 40 169 43909 1 1458990 14786 2.0 19 10 1 4 88%  62 3774 322 29%
c - 41.59  9 13 40 170 45075 1 1471991 17610 2.0 19 10 1 4 88%  63 3774 322 29%
c - 42.01  9 13 40 171 46872 1 1485030 18069 1.9 19 10 1 4 88%  63 3773 322 29%
c - 42.43  9 13 40 172 48443 1 1498106 17559 1.9 19 10 1 4 88%  63 3773 322 29%
c
c seconds   switched      rate           size/glue  tier1   binary      remaining
c        MB   reductions     conflicts         size   tier2   irredundant
c         level     restarts        redundant     glue   trail      variables
c
c - 42.81  9 13 40 173 49074 1 1511220 17554 1.9 19 10 1 4 88%  63 3773 322 29%
c - 43.22  9 13 40 174 50442 1 1524373 18215 1.9 19 10 1 4 89%  63 3772 322 29%
c } 43.63  9 13 41 174 51314 1 1537209 28541 1.9 19 10 1 4 89%  63 3772 322 29%
c [ 43.63  9 12 41 174 51314 1 1537209 28541 1.6 17 10 1 6 89%  63 3772 322 29%
c W 43.65  9 12 41 174 51314 1 1537209 28541 1.6 17 10 1 6 89%  63 3772 322 29%
c - 43.66  9 12 41 175 51314 1 1537564 19365 1.6 17 10 1 6 89%  63 3772 322 29%
c u 44.03 10 12 41 175 51322 1 1550590 26429 1.6 17 10 1 6 89%  63 3771 322 29%
c v 44.10 10 12 41 175 51322 1 1550590 25680 1.6 17 10 1 6 89%  63 3771 322 29%
c w 44.13 11 12 41 175 51322 1 1550590 24001 1.6 17 10 1 6 89%  63 3771 322 29%
c x 44.15 11 12 41 175 51322 1 1550590 23999 1.6 17 10 1 6 89%  63 3760 322 29%
c - 44.60 15 12 41 176 51322 1 1550792 16492 1.6 17 10 1 6 89%  63 3760 322 29%
c - 44.86 14 13 41 177 51328 1 1564058 14778 1.6 17 10 1 6 88%  63 3760 322 29%
c - 45.13 14 13 41 178 51334 1 1577363 14181 1.6 17 10 1 6 88%  63 3760 322 29%
c - 45.40 15 13 41 179 51342 1 1590706 14205 1.6 17 10 1 6 87%  63 3760 322 29%
c - 45.70 15 13 41 180 51344 1 1604085 15060 1.6 17 10 1 6 87%  63 3760 322 29%
c - 46.00 15 13 41 181 51344 1 1617501 15722 1.6 17 10 1 6 87%  63 3760 322 29%
c - 46.32 14 13 41 182 51351 1 1630955 15456 1.6 17 10 1 6 88%  63 3760 322 29%
c - 46.66 15 12 41 183 51359 1 1644446 14604 1.6 17 10 1 6 88%  63 3760 322 29%
c O 46.84 15 12 41 183 51359 1 1651550 18788 1.6 17 10 1 6 88%  63 3760 322 29%
c o 46.84 15 12 41 183 51359 1 1651550 18788 1.6 17 10 1 6 88%  63 3760 322 29%
c
c seconds   switched      rate           size/glue  tier1   binary      remaining
c        MB   reductions     conflicts         size   tier2   irredundant
c         level     restarts        redundant     glue   trail      variables
c
c ] 46.95 15 12 42 183 51362 1 1655293 20837 1.6 17 10 1 6 88%  63 3760 322 29%
c { 46.95 15 13 42 183 51362 1 1655293 20837 1.9 19 10 1 4 89%  63 3760 322 29%
c - 47.03 15 13 42 184 51633 1 1657973 15788 1.9 19 10 1 4 89%  63 3760 322 29%
c - 47.44 15 13 42 185 52380 1 1671537 18020 1.9 19 10 1 4 89%  63 3760 322 29%
c e 47.66 15 13 42 185 52708 1 1680153 23486 1.9 19 10 1 4 89%  63 3776 321 29%
c - 47.85 15 13 42 186 53274 1 1685140 18717 1.9 19 10 1 4 89%  63 3776 321 29%
c u 47.96 15 13 42 186 53435 1 1687182 19389 1.9 19 10 1 4 89%  63 3776 321 29%
c v 48.05 15 13 42 186 53435 1 1687182 17220 1.9 19 10 1 4 89%  63 3776 321 29%
c w 48.09 15 13 42 186 53435 1 1687182 16561 1.9 19 10 1 4 89%  63 3776 321 29%
c - 48.46 15 13 42 187 54051 1 1698778 17533 2.0 20 10 1 4 89%  63 3776 321 29%
c - 48.90 15 13 42 188 54363 1 1712454 19687 2.0 20 10 1 4 88%  63 3776 321 29%
c - 49.38 15 13 42 189 54554 1 1726165 20551 2.0 20 10 1 4 89%  63 3776 321 29%
c - 49.81 16 13 42 190 55154 1 1739913 20963 2.0 20 10 1 4 88%  63 3776 321 29%
c - 50.24 16 13 42 191 56421 1 1753701 21037 2.0 20 10 1 4 88%  63 3776 321 29%
c } 50.29 16 13 43 191 56754 1 1755269 22135 2.0 20 10 1 4 88%  63 3776 321 29%
c [ 50.29 16 12 43 191 56754 1 1755269 22135 1.6 17 10 1 6 88%  63 3776 321 29%
c - 50.58 16 12 43 192 56760 1 1767522 19297 1.6 17 10 1 6 88%  63 3776 321 29%
c B 50.71 16 12 43 192 56764 1 1772384 22198 1.6 17 10 1 6 88%  63 3776 321 29%
c - 50.96 16 12 43 193 56768 1 1781379 16829 1.7 17 10 1 6 88%  63 3776 321 29%
c - 51.33 14 12 43 194 56774 1 1795272 16542 1.7 17 10 1 6 88%  63 3776 321 29%
c
c seconds   switched      rate           size/glue  tier1   binary      remaining
c        MB   reductions     conflicts         size   tier2   irredundant
c         level     restarts        redundant     glue   trail      variables
c
c - 51.73 14 12 43 195 56782 1 1809200 16144 1.7 17 10 1 6 88%  63 3776 321 29%
c - 52.10 14 12 43 196 56784 1 1823166 16027 1.7 17 10 1 6 88%  63 3776 321 29%
c u 52.34 14 12 43 196 56784 1 1830074 18344 1.7 17 10 1 6 88%  63 3776 321 29%
c v 52.43 14 12 43 196 56784 1 1830074 15861 1.7 17 10 1 6 88%  63 3776 321 29%
c w 52.47 14 12 43 196 56784 1 1830074 12349 1.7 17 10 1 6 88%  63 3776 321 29%
c o 52.47 14 12 43 196 56784 1 1830074 12349 1.7 17 10 1 6 88%  63 3776 321 29%
c - 52.64 15 12 43 197 56784 1 1837167 11836 1.7 17 10 1 6 88%  63 3776 321 29%
c - 53.00 15 12 43 198 56793 1 1851204 13387 1.6 16 10 1 6 88%  63 3776 321 29%
c - 53.34 15 12 43 199 56799 1 1865275 13990 1.7 16 10 1 6 88%  63 3776 321 29%
c ] 53.51 15 12 44 199 56801 1 1871242 17504 1.7 16 10 1 6 88%  63 3776 321 29%
c { 53.51 15 13 44 199 56801 1 1871242 17504 2.0 20 10 1 4 88%  63 3776 321 29%
c - 53.79 15 13 44 200 57458 1 1879383 16359 2.0 20 10 1 4 88%  63 3776 321 29%
c - 54.27 15 13 44 201 58071 1 1893526 19558 2.0 20 10 1 4 88%  63 3776 321 29%
c - 54.84 16 13 44 202 58684 1 1907704 23395 2.2 21 10 1 4 88%  63 3776 321 29%
c - 55.37 16 13 44 203 60384 1 1921916 23401 2.1 21 10 1 4 88%  63 3776 321 29%
c - 55.92 16 13 44 204 61550 1 1936163 21579 2.1 20 10 1 4 88%  63 3776 321 29%
c - 56.51 16 13 44 205 61675 1 1950447 23125 2.1 20 10 1 4 88%  63 3776 321 29%
c - 56.94 16 13 44 206 62279 1 1964765 23738 2.0 20 10 1 4 87%  63 3776 321 29%
c - 57.33 16 13 44 207 62464 1 1979117 23419 2.0 19 9 1 4 87%  64 3776 321 29%
c u 57.41 16 13 44 207 62485 1 1979360 22183 2.0 19 9 1 4 87%  64 3776 321 29%
c
c seconds   switched      rate           size/glue tier1   binary      remaining
c        MB   reductions     conflicts         size  tier2   irredundant
c         level     restarts        redundant    glue   trail      variables
c
c v 57.51 16 13 44 207 62485 1 1979360 20013 2.0 19 9 1 4 87%  64 3776 321 29%
c w 57.54 16 13 44 207 62485 1 1979360 17819 2.0 19 9 1 4 87%  64 3776 321 29%
c x 57.56 16 13 44 207 62485 1 1979360 17812 2.0 19 9 1 4 87%  66 3758 321 29%
c } 58.20 18 13 45 207 62564 1 1980073 18268 2.0 19 9 1 4 87%  66 3758 321 29%
c [ 58.20 18 12 45 207 62564 1 1980073 18268 1.7 16 10 1 6 88%  66 3758 321 29%
c W 58.22 18 12 45 207 62564 1 1980073 18268 1.7 16 10 1 6 88%  66 3758 321 29%
c - 58.56 16 12 45 208 62572 1 1993504 16537 1.7 17 10 1 6 89%  66 3758 321 29%
c - 58.97 16 12 45 209 62578 1 2007927 15912 1.7 17 10 1 6 89%  66 3758 321 29%
c - 59.34 16 12 45 210 62585 1 2022385 15697 1.6 17 10 1 6 89%  66 3758 321 29%
c s 59.71 17 12 45 210 62592 1 2036837 23567 1.6 16 10 1 6 89%  66 3753 321 29%
c e 59.71 17 12 45 210 62592 1 2036837 23567 1.6 16 10 1 6 89%  59 3789 319 29%
c s 59.71 17 12 45 210 62592 1 2036837 23567 1.6 16 10 1 6 89%  59 3787 319 29%
c o 59.72 17 12 45 210 62592 1 2036837 23275 1.6 16 10 1 6 89%  59 3787 319 29%
c - 59.72 16 12 45 211 62592 1 2036877 16183 1.6 16 10 1 6 89%  59 3787 319 29%
c - 60.16 17 12 45 212 62594 1 2051402 17187 1.6 16 10 1 6 89%  59 3787 319 29%
c - 60.55 16 12 45 213 62597 1 2065963 16687 1.6 16 10 1 6 89%  59 3787 319 29%
c - 60.93 17 12 45 214 62607 1 2080558 17648 1.6 16 10 1 6 89%  60 3787 319 29%
c - 61.34 17 12 45 215 62610 1 2095187 18212 1.6 16 10 1 6 89%  60 3787 319 29%
c i 61.68 17 11 45 215 62617 1 2107383 23915 1.6 15 9 1 6 89%  70 3787 318 29%
c - 61.75 16 11 45 216 62619 1 2109850 13877 1.6 15 9 1 6 89%  76 3787 318 29%
c
c seconds   switched      rate           size/glue tier1   binary      remaining
c        MB   reductions     conflicts         size  tier2   irredundant
c         level     restarts        redundant    glue   trail      variables
c
c I 61.87 16 11 45 216 62622 1 2114312 16522 1.7 15 9 1 6 89%  76 3787 318 29%
c ] 62.07 17 11 46 216 62624 1 2122367 20633 1.6 15 9 1 6 89%  78 3787 318 29%
c { 62.07 17 13 46 216 62624 1 2122367 20633 2.0 19 9 1 4 87%  78 3787 318 29%
c - 62.13 17 12 46 217 62645 1 2124548 16033 2.0 19 9 1 4 87%  78 3787 318 29%
c u 62.51 17 12 46 217 62738 1 2135240 22907 2.0 19 9 1 4 88% 130 3544 318 29%
c v 62.64 17 12 46 217 62738 1 2135240 20027 2.0 19 9 1 4 88% 131 3544 318 29%
c w 62.71 17 12 46 217 62738 1 2135240 17747 2.0 19 9 1 4 88% 131 3544 318 29%
c d 62.71 17 12 46 217 62738 1 2135240 17746 2.0 19 9 1 4 88% 129 3542 317 29%
c t 62.71 17 12 46 217 62738 1 2135240 17746 2.0 19 9 1 4 88% 119 3542 317 29%
c u 62.75 17 12 46 217 62738 1 2135240 17372 2.0 19 9 1 4 88% 121 3542 317 29%
c v 62.83 17 12 46 217 62738 1 2135240 15945 2.0 19 9 1 4 88% 121 3542 317 29%
c w 62.89 17 12 46 217 62738 1 2135240 14720 2.0 19 9 1 4 88% 121 3542 317 29%
c x 62.91 17 12 46 217 62738 1 2135240 14711 2.0 19 9 1 4 88% 125 3326 317 29%
c t 62.91 17 12 46 217 62738 1 2135240 14711 2.0 19 9 1 4 88% 120 3326 317 29%
c - 63.01 16 12 46 218 62992 1 2139278 13346 2.0 19 9 1 4 88% 120 3326 317 29%
c - 63.38 17 12 46 219 63084 1 2154043 16927 2.0 18 9 1 4 88% 122 3326 317 29%
c - 63.78 17 12 46 220 63428 1 2168841 20149 2.0 18 9 1 4 88% 125 3326 317 29%
c i 63.80 17 12 46 220 63428 1 2169633 20456 2.0 17 9 1 4 88% 132 3326 316 28%
c - 64.16 16 11 46 221 63712 1 2183675 15345 2.0 17 9 1 4 88% 110 3326 316 28%
c i 64.32 17 11 46 221 63729 1 2190441 18611 1.9 16 8 1 4 88% 120 3326 315 28%
c
c seconds   switched      rate           size/glue tier1   binary      remaining
c        MB   reductions     conflicts         size  tier2   irredundant
c         level     restarts        redundant    glue   trail      variables
c
c - 64.54 17 11 46 222 64017 1 2198541 12950 1.9 16 8 1 4 88% 116 3326 315 28%
c i 64.87 17 11 46 222 64051 1 2209773 19499 1.9 16 8 1 4 88% 131 3326 314 28%
c - 65.02 17 11 46 223 64051 1 2213441 17488 1.9 16 8 1 4 88% 118 3326 314 28%
c i 65.10 17 11 46 223 64051 1 2215791 18977 1.9 16 8 1 4 88% 128 3326 311 28%
c i 65.13 17 11 46 223 64063 1 2216708 19359 1.9 16 8 1 4 88% 141 3326 307 28%
c i 65.14 17 11 46 223 64063 1 2216899 19484 1.9 16 8 1 4 88% 148 3326 306 28%
c i 65.18 17 11 46 223 64063 1 2218637 20666 1.9 16 8 1 4 87% 159 3326 304 27%
c i 65.19 17 11 46 223 64063 1 2219006 20924 1.9 16 8 1 4 87% 164 3326 303 27%
c i 65.20 17 11 46 223 64063 1 2219248 21010 1.9 16 8 1 4 87% 175 3326 291 26%
c i 65.20 17 11 46 223 64063 1 2219440 21074 1.9 15 8 1 4 87% 182 3326 260 23%
c i 65.20 17 11 46 223 64063 1 2219483 21093 1.9 15 8 1 4 87% 187 3326 259 23%
c i 65.20 17 11 46 223 64063 1 2219494 21100 1.9 15 8 1 4 87% 189 3325 258 23%
c i 65.21 17 11 46 223 64063 1 2219498 21100 1.9 15 8 1 4 87% 192 3325 244 22%
c i 65.21 17 11 46 223 64063 1 2219509 21101 1.9 15 8 1 4 87% 196 3325 68 6%
c } 65.21 17 11 46 223 64063 1 2219511 21101 1.9 15 8 1 4 87% 196 3325 41 4%
c 0 65.21 17 11 46 223 64063 1 2219511 21101 1.9 15 8 1 4 87% 196 3325 41 4%
c
c ---- [ result ] ------------------------------------------------------------
c
s UNSATISFIABLE
c
c ---- [ profiling ] ---------------------------------------------------------
c
c          59.25   90.87 %  search
c          30.93   47.44 %  focused
c          28.32   43.43 %  stable
c           5.94    9.10 %  simplify
c           5.85    8.97 %  probe
c           3.45    5.29 %  vivify
c           2.30    3.53 %  sweep
c           0.37    0.57 %  reduce
c           0.06    0.09 %  walking
c           0.06    0.09 %  substitute
c           0.05    0.08 %  eliminate
c           0.03    0.05 %  factor
c           0.02    0.03 %  preprocess
c           0.01    0.01 %  subsume
c           0.01    0.01 %  congruence
c           0.00    0.01 %  transitive
c           0.00    0.00 %  backbone
c           0.00    0.00 %  lucky
c           0.00    0.00 %  parse
c =============================================
c          65.21  100.00 %  total
c
c ---- [ statistics ] --------------------------------------------------------
c
c conflicts:                          2219511            34038.11 per second
c congruent:                               43                4 %  variables
c decisions:                          2739960                1.23 per conflict
c eliminated:                             783               70 %  variables
c factored:                                64                6 %  variables
c iterations:                              17                2 %  variables
c propagations:                     243073891          3727747    per second
c reductions:                             223             9953    interval
c reordered:                               19           116816    interval
c rephased:                                33            67258    interval
c restarts:                             64063               35    interval
c strengthened:                           996                0 %  checks
c substituted:                             70                6 %  variables
c subsumed:                               619                0 %  checks
c switched:                                46            48250    interval
c vivified:                            140719               39 %  checks
c walks:                                   11           201774    interval
c
c ---- [ glue usage ] --------------------------------------------------------
c
c focused glue 1 used 13476597 clauses 67.54% accumulated 67.54% tier1
c focused glue 2 used  3283247 clauses 16.46% accumulated 84.00%
c focused glue 3 used  1086475 clauses  5.45% accumulated 89.44%
c focused glue 4 used   539240 clauses  2.70% accumulated 92.15% tier2
c
c stable glue 1   used 12656938 clauses 61.54% accumulated 61.54% tier1
c stable glue 2   used  3356202 clauses 16.32% accumulated 77.86%
c stable glue 3-4 used  1968763 clauses  9.57% accumulated 87.43%
c stable glue 5   used   495978 clauses  2.41% accumulated 89.84%
c stable glue 6   used   361786 clauses  1.76% accumulated 91.60% tier2
c
c ---- [ resources ] ---------------------------------------------------------
c
c maximum-resident-set-size:        225984512 bytes        216 MB
c process-time:                          1m 5s              65.21 seconds
c
c ---- [ shutting down ] -----------------------------------------------------
c
c exit 20
