c ---- [ banner ] ------------------------------------------------------------
c
c Kissat SAT Solver
c 
c Copyright (c) 2021-2024 Armin Biere University of Freiburg
c Copyright (c) 2019-2021 Armin Biere Johannes Kepler University Linz
c 
c Version 4.0.4 8af8e56f174b778aef3aa45af9f739b2a5f492c2
c gcc (GCC) 15.2.1 20260123 (Red Hat 15.2.1-7) -W -Wall -O3 -DNDEBUG
c Thu Apr 23 06:47:51 PM IST 2026 Linux krishnendu-LN 6.19.12-200.fc43.x86_64 x86_64
c
c ---- [ parsing ] -----------------------------------------------------------
c
c opened and reading DIMACS file:
c
c   /home/krishnendu/Research/fv-invariant-mining/data/circuits/cnf/miter_mult_9bit.cnf
c
c parsed 'p cnf 873 3299' header
c closing input after reading 48449 bytes (47 KB)
c finished parsing after 0.00 seconds
c
c ---- [ options ] -----------------------------------------------------------
c
c --decay=20                       (different from default '50')
c --eliminateeffort=1700           (different from default '100')
c --stable=2                       (different from default '1')
c
c ---- [ solving ] -----------------------------------------------------------
c
c seconds switched rate     size/glue tier1  binary      remaining
c        MB reductions conflicts size  tier2   irredundant
c         level restarts redundant glue  trail       variables
c
c *  0.00  3 0 0 0  0 0   0   0 0.0 0 0 0 0 0% 1142 2155 870 100%
c (  0.00  3 0 0 0  0 0   0   0 0.0 0 0 0 0 0% 1142 2155 870 100%
c .  0.00  3 0 0 0  0 0   0   0 0.0 0 0 0 0 0% 1138 2155 870 100%
c c  0.00  3 0 0 0  0 0   0   0 0.0 0 0 0 0 0% 1186 2153 836 96%
c d  0.00  3 0 0 0  0 0   0   0 0.0 0 0 0 0 0% 1070 2153 836 96%
c =  0.02  3 0 0 0  0 0   0   0 0.0 0 0 0 0 0% 1084 2141 828 95%
c d  0.02  3 0 0 0  0 0   0   0 0.0 0 0 0 0 0% 1064 2141 828 95%
c f  0.02  4 0 0 0  0 0   0   0 0.0 0 0 0 0 0% 1040 2124 852 98%
c )  0.02  4 0 0 0  0 0   0   0 0.0 0 0 0 0 0% 1040 2124 852 98%
c [  0.02  4 0 0 0  0 0   0   0 0.0 0 0 2 6 0% 1040 2124 852 98%
c -  0.04  4 13 0 1  0 1 1001 821 3.3 24 7 5 9 89% 1048 2124 852 98%
c B  0.04  4 13 0 1  0 1 1001 821 3.3 24 7 5 9 89% 1048 2124 852 98%
c -  0.05  4 13 0 2  1 1 2001 1538 2.6 22 9 5 11 89% 1049 2124 852 98%
c W  0.05  4 13 0 2  1 1 2003 1540 2.6 22 9 5 11 89% 1049 2124 852 98%
c -  0.08  4 13 0 3  2 1 3416 2029 2.2 19 9 4 10 85% 1051 2124 852 98%
c u  0.08  4 13 0 3  2 1 3512 2062 2.2 19 9 4 10 85% 1055 2124 852 98%
c v  0.09  4 13 0 3  2 1 3512 1902 2.2 19 9 4 10 85% 1055 2124 852 98%
c w  0.09  4 13 0 3  2 1 3512 1827 2.2 19 9 4 10 85% 1055 2124 852 98%
c x  0.09  4 13 0 3  2 1 3512 1827 2.2 19 9 4 10 85% 1065 2079 852 98%
c =  0.11  4 13 0 3  2 1 3512 1827 2.2 19 9 4 10 85% 1095 2078 837 96%
c
c seconds  switched rate       size/glue tier1     binary      remaining
c        MB reductions conflicts     size  tier2     irredundant
c         level restarts  redundant    glue    trail       variables
c
c d  0.11  4 13 0 3  2 1 3512 1827 2.2 19 9 4 10 85% 1050 2078 837 96%
c t  0.11  4 13 0 3  2 1 3512 1827 2.2 19 9 4 10 85% 1044 2078 837 96%
c u  0.11  4 13 0 3  2 1 3512 1818 2.2 19 9 4 10 85% 1044 2078 837 96%
c v  0.12  4 13 0 3  2 1 3512 1702 2.2 19 9 4 10 85% 1044 2078 837 96%
c w  0.12  4 13 0 3  2 1 3512 1541 2.2 19 9 4 10 85% 1044 2078 837 96%
c x  0.12  4 13 0 3  2 1 3512 1541 2.2 19 9 4 10 85% 1045 2077 837 96%
c =  0.13  4 13 0 3  2 1 3512 1541 2.2 19 9 4 10 85% 1049 2075 835 96%
c d  0.13  4 13 0 3  2 1 3512 1541 2.2 19 9 4 10 85% 1044 2075 835 96%
c t  0.13  4 13 0 3  2 1 3512 1541 2.2 19 9 4 10 85% 1043 2075 835 96%
c I  0.14  4 13 0 3  3 1 4262 2142 2.1 19 9 4 10 85% 1043 2075 835 96%
c -  0.16  5 14 0 4  4 1 5149 2287 2.1 20 9 5 11 86% 1044 2074 835 96%
c -  0.19  5 14 0 5  5 1 7151 2883 1.9 19 10 5 12 86% 1045 2074 835 96%
c B  0.21  5 14 0 5  5 1 8034 3532 1.9 19 10 5 12 87% 1045 2074 835 96%
c -  0.24  5 14 0 6  6 1 9389 3386 1.8 19 10 4 12 86% 1045 2074 835 96%
c u  0.27  4 14 0 6  6 1 10832 4269 1.8 19 10 4 12 86% 1052 2074 835 96%
c v  0.27  4 14 0 6  6 1 10832 4147 1.8 19 10 4 12 86% 1052 2074 835 96%
c w  0.28  5 14 0 6  6 1 10832 4140 1.8 19 10 4 12 86% 1052 2074 835 96%
c t  0.30  5 14 0 6  6 1 10832 4140 1.8 19 10 4 12 86% 1048 2074 835 96%
c o  0.30  5 14 0 6  6 1 10832 4140 1.8 19 10 4 12 86% 1048 2074 835 96%
c -  0.32  5 14 0 7  6 1 11839 3555 1.8 19 11 4 11 87% 1048 2074 835 96%
c
c seconds  switched rate        size/glue  tier1     binary      remaining
c        MB reductions conflicts      size   tier2     irredundant
c         level restarts   redundant     glue    trail       variables
c
c W  0.36  5 14 0 7  8 1 13565 4871 1.7 19 11 4 11 87% 1048 2073 835 96%
c -  0.37  5 14 0 8  9 1 14484 4027 1.7 19 11 4 11 87% 1048 2073 835 96%
c -  0.43  5 14 0 9 10 1 17313 4561 1.8 19 11 4 11 87% 1048 2073 835 96%
c s  0.43  5 14 0 9 11 1 17552 4763 1.8 19 11 4 11 87% 1049 2068 835 96%
c e  0.44  5 14 0 9 11 1 17552 4763 1.8 19 11 4 11 87% 316 2471 519 60%
c s  0.44  5 14 0 9 11 1 17552 4763 1.8 19 11 4 11 87% 324 2410 519 60%
c e  0.44  5 14 0 9 11 1 17552 4763 1.8 19 11 4 11 87% 312 2419 514 59%
c ^  0.44  5 14 0 9 11 1 17552 4763 1.8 19 11 4 11 87% 312 2419 514 59%
c -  0.48  5 14 0 10 12 1 20315 3237 1.8 19 11 4 11 87% 312 2419 514 59%
c O  0.49  5 14 0 10 13 1 21093 3858 1.8 19 11 4 11 87% 312 2419 514 59%
c o  0.49  5 14 0 10 13 1 21093 3858 1.8 19 11 4 11 87% 312 2419 514 59%
c u  0.51  5 14 0 10 13 1 22196 4255 1.8 19 11 4 11 88% 312 2419 514 59%
c v  0.52  5 14 0 10 13 1 22196 4064 1.8 19 11 4 11 88% 312 2419 514 59%
c w  0.52  6 14 0 10 13 1 22196 4040 1.8 19 11 4 11 88% 312 2419 514 59%
c x  0.52  6 14 0 10 13 1 22196 4040 1.8 19 11 4 11 88% 317 2338 514 59%
c t  0.52  6 14 0 10 13 1 22196 4040 1.8 19 11 4 11 88% 312 2338 514 59%
c f  0.53  6 14 0 10 13 1 22196 4040 1.8 19 11 4 11 88% 351 2258 533 61%
c u  0.53  6 14 0 10 13 1 22196 4028 1.8 19 11 4 11 88% 351 2258 533 61%
c v  0.53  7 14 0 10 13 1 22196 3896 1.8 19 11 4 11 88% 351 2258 533 61%
c w  0.54  7 14 0 10 13 1 22196 3638 1.8 19 11 4 11 88% 351 2258 533 61%
c
c seconds  switched  rate        size/glue  tier1    binary      remaining
c        MB  reductions conflicts      size   tier2    irredundant
c         level  restarts   redundant     glue    trail      variables
c
c x  0.54  6 14 0 10 13 1 22196 3638 1.8 19 11 4 11 88% 353 2250 533 61%
c =  0.56  6 14 0 10 13 1 22196 3638 1.8 19 11 4 11 88% 353 2246 532 61%
c -  0.59  6 14 0 11 13 1 23477 3447 1.8 19 11 4 11 88% 352 2246 532 61%
c -  0.65  6 14 0 12 14 1 26793 3887 1.8 19 11 4 11 88% 352 2246 532 61%
c -  0.71  6 14 0 13 14 1 30258 4365 1.8 19 11 4 11 87% 353 2246 532 61%
c B  0.73  6 14 0 13 14 1 30855 4729 1.7 19 11 4 11 87% 353 2246 532 61%
c -  0.78  6 14 0 14 15 1 33864 5002 1.7 19 11 3 11 87% 353 2246 532 61%
c e  0.81  6 14 0 14 17 1 35543 5959 1.7 19 11 3 11 87% 270 2391 454 52%
c s  0.81  6 14 0 14 17 1 35543 5959 1.7 19 11 3 11 87% 272 2368 454 52%
c e  0.81  6 14 0 14 17 1 35543 5959 1.7 19 11 3 11 87% 264 2379 451 52%
c ^  0.81  6 14 0 14 17 1 35543 5959 1.7 19 11 3 11 87% 264 2379 451 52%
c -  0.84  6 14 0 15 18 1 37606 3787 1.7 19 11 3 11 87% 265 2379 451 52%
c u  0.86  6 14 0 15 19 1 38343 4182 1.7 19 11 3 11 87% 265 2379 451 52%
c v  0.87  6 14 0 15 19 1 38343 3800 1.7 19 11 3 11 87% 265 2379 451 52%
c w  0.88  6 14 0 15 19 1 38343 2965 1.7 19 11 3 11 87% 265 2379 451 52%
c t  0.91  6 14 0 15 19 1 38343 2965 1.7 19 11 3 11 87% 263 2379 451 52%
c f  0.91  6 14 0 15 19 1 38343 2965 1.7 19 11 3 11 87% 269 2356 456 52%
c u  0.91  6 14 0 15 19 1 38343 2944 1.7 19 11 3 11 87% 269 2356 456 52%
c v  0.92  6 14 0 15 19 1 38343 2632 1.7 19 11 3 11 87% 269 2356 456 52%
c w  0.93  6 14 0 15 19 1 38343 2565 1.7 19 11 3 11 87% 269 2356 456 52%
c
c seconds  switched  rate        size/glue  tier1    binary      remaining
c        MB  reductions conflicts      size   tier2    irredundant
c         level  restarts   redundant     glue    trail      variables
c
c x  0.93  6 14 0 15 19 1 38343 2565 1.7 19 11 3 11 87% 271 2309 456 52%
c t  0.93  6 14 0 15 19 1 38343 2565 1.7 19 11 3 11 87% 270 2309 456 52%
c -  0.97  6 14 0 16 21 1 41479 3732 1.7 18 11 3 11 87% 270 2309 456 52%
c W  1.00  6 14 0 16 21 1 43078 4802 1.7 18 11 3 11 87% 270 2309 456 52%
c o  1.00  6 14 0 16 21 1 43078 4802 1.7 18 11 3 11 87% 270 2309 456 52%
c -  1.05  6 14 0 17 22 1 45480 4946 1.7 18 11 3 11 87% 271 2308 456 52%
c -  1.13  6 14 0 18 25 1 49603 5608 1.7 18 11 3 11 88% 271 2308 456 52%
c -  1.21  6 13 0 19 28 1 53847 5575 1.7 18 11 3 11 88% 271 2308 456 52%
c I  1.29  6 13 0 19 29 1 57983 7630 1.7 18 11 3 11 88% 271 2308 456 52%
c -  1.30  6 13 0 20 29 1 58206 5876 1.7 18 11 3 11 88% 271 2308 456 52%
c u  1.31  6 13 0 20 29 1 59164 6351 1.7 18 11 3 11 88% 271 2308 456 52%
c v  1.32  7 13 0 20 29 1 59164 6115 1.7 18 11 3 11 88% 271 2308 456 52%
c w  1.33  7 13 0 20 29 1 59164 5715 1.7 18 11 3 11 88% 271 2308 456 52%
c x  1.33  7 13 0 20 29 1 59164 5713 1.7 18 11 3 11 88% 271 2302 456 52%
c =  1.38  7 13 0 20 29 1 59164 5713 1.7 18 11 3 11 88% 277 2294 453 52%
c d  1.38  7 13 0 20 29 1 59164 5606 1.7 18 11 3 11 88% 270 2294 453 52%
c u  1.38  7 13 0 20 29 1 59164 5584 1.7 18 11 3 11 88% 270 2294 453 52%
c v  1.40  7 13 0 20 29 1 59164 5307 1.7 18 11 3 11 88% 270 2294 453 52%
c w  1.40  7 13 0 20 29 1 59164 4068 1.7 18 11 3 11 88% 270 2294 453 52%
c -  1.50  6 13 0 21 29 1 62679 4944 1.7 18 11 3 11 88% 270 2294 453 52%
c
c seconds  switched  rate        size/glue  tier1    binary      remaining
c        MB  reductions conflicts      size   tier2    irredundant
c         level  restarts   redundant     glue    trail      variables
c
c -  1.57  6 13 0 22 30 1 67262 6672 1.7 18 11 3 11 88% 270 2294 453 52%
c -  1.65  7 13 0 23 30 1 71952 7065 1.7 18 10 3 10 88% 270 2294 453 52%
c e  1.70  7 13 0 23 30 1 74762 9076 1.7 18 10 3 10 88% 213 2430 410 47%
c s  1.71  7 13 0 23 30 1 74762 9076 1.7 18 10 3 10 88% 213 2421 410 47%
c e  1.71  7 13 0 23 30 1 74762 9076 1.7 18 10 3 10 88% 208 2427 409 47%
c ^  1.71  7 13 0 23 30 1 74762 9076 1.7 18 10 3 10 88% 208 2427 409 47%
c o  1.71  7 13 0 23 30 1 74762 5798 1.7 18 10 3 10 88% 208 2427 409 47%
c B  1.72  6 13 0 23 30 1 75785 6328 1.7 17 10 3 10 88% 208 2427 409 47%
c -  1.74  6 13 0 24 30 1 76748 5119 1.7 18 10 3 10 88% 209 2427 409 47%
c -  1.82  6 13 0 25 30 1 81647 5766 1.7 17 10 3 10 88% 209 2427 409 47%
c u  1.88  6 13 0 25 33 1 84805 7514 1.7 17 10 3 10 88% 209 2427 409 47%
c v  1.89  6 13 0 25 33 1 84805 7268 1.7 17 10 3 10 88% 209 2427 409 47%
c w  1.90  7 13 0 25 33 1 84805 6213 1.7 17 10 3 10 88% 209 2427 409 47%
c x  1.90  7 13 0 25 33 1 84805 6213 1.7 17 10 3 10 88% 209 2402 409 47%
c t  1.90  7 13 0 25 33 1 84805 6213 1.7 17 10 3 10 88% 208 2402 409 47%
c -  1.94  6 13 0 26 34 1 86649 5299 1.7 17 10 3 10 88% 208 2402 409 47%
c -  2.03  7 13 0 27 37 1 91748 6403 1.7 17 10 3 10 88% 209 2402 409 47%
c W  2.11  6 13 0 27 40 1 96698 9472 1.7 17 10 3 10 88% 209 2402 409 47%
c -  2.12  6 13 0 28 40 1 96945 7011 1.7 17 10 3 10 88% 209 2402 409 47%
c -  2.21  6 13 0 29 43 1 102236 7092 1.7 17 10 3 10 88% 209 2402 409 47%
c
c seconds  switched  rate         size/glue  tier1    binary      remaining
c        MB  reductions conflicts       size   tier2    irredundant
c         level  restarts    redundant     glue    trail      variables
c
c -  2.30  6 13 0 30 45 1 107623 7517 1.6 17 10 3 10 88% 209 2402 409 47%
c -  2.40  6 13 0 31 45 1 113102 7714 1.6 16 10 3 10 88% 209 2402 409 47%
c u  2.45  7 12 0 31 46 1 115335 8469 1.6 16 10 3 10 88% 209 2402 409 47%
c v  2.46  7 12 0 31 46 1 115335 7846 1.6 16 10 3 10 88% 209 2402 409 47%
c w  2.47  7 12 0 31 46 1 115335 5628 1.6 16 10 3 10 88% 209 2402 409 47%
c x  2.47  7 12 0 31 46 1 115335 5628 1.6 16 10 3 10 88% 209 2400 409 47%
c o  2.53  7 12 0 31 46 1 115335 5628 1.6 16 10 3 10 88% 209 2400 409 47%
c -  2.59  6 12 0 32 48 1 118669 5853 1.6 16 10 3 10 88% 209 2400 409 47%
c O  2.63  6 12 0 32 50 1 120923 7102 1.6 16 10 3 10 88% 209 2400 409 47%
c -  2.69  7 12 0 33 52 1 124326 7045 1.6 16 10 3 10 88% 209 2400 409 47%
c -  2.79  7 12 0 34 55 1 130071 7718 1.6 16 10 3 10 88% 209 2400 409 47%
c -  2.89  7 12 0 35 59 1 135901 8099 1.6 16 10 3 10 88% 209 2400 409 47%
c e  2.93  7 12 0 35 59 1 137967 9071 1.6 16 10 3 10 88% 142 2607 369 42%
c s  2.93  7 12 0 35 59 1 137967 9071 1.6 16 10 3 10 88% 143 2567 369 42%
c ^  2.93  7 12 0 35 59 1 137967 9071 1.6 16 10 3 10 88% 143 2567 369 42%
c -  3.00  6 12 0 36 60 1 141818 5594 1.6 16 10 3 9 88% 143 2567 369 42%
c -  3.11  7 12 0 37 60 1 147819 6861 1.6 16 10 3 9 88% 143 2567 369 42%
c B  3.12  7 12 0 37 61 1 148663 7201 1.6 16 10 3 9 88% 143 2567 369 42%
c u  3.17  6 12 0 37 61 1 151016 8102 1.6 16 10 3 9 88% 144 2567 369 42%
c v  3.20  7 12 0 37 61 1 151016 7115 1.6 16 10 3 9 88% 144 2567 369 42%
c
c seconds  switched  rate         size/glue  tier1   binary      remaining
c        MB  reductions conflicts       size   tier2   irredundant
c         level  restarts    redundant     glue   trail      variables
c
c w  3.21  7 12 0 37 61 1 151016 5810 1.6 16 10 3 9 88% 144 2567 369 42%
c t  3.21  7 12 0 37 61 1 151016 5810 1.6 16 10 3 9 88% 141 2567 369 42%
c -  3.26  6 12 0 38 61 1 153902 5437 1.6 16 10 3 9 88% 141 2567 369 42%
c -  3.37  6 12 0 39 61 1 160068 6275 1.6 16 10 3 9 88% 141 2567 369 42%
c -  3.48  7 12 0 40 62 1 166313 7265 1.6 16 10 3 9 88% 141 2567 369 42%
c -  3.61  6 12 0 41 62 1 172637 7465 1.6 15 10 3 9 88% 141 2567 369 42%
c -  3.74  7 12 0 42 62 1 179040 7274 1.6 15 10 3 9 88% 141 2567 369 42%
c W  3.76  6 12 0 42 62 1 180116 7738 1.6 15 10 3 9 88% 141 2567 369 42%
c o  3.76  6 12 0 42 62 1 180116 7738 1.6 15 10 3 9 88% 141 2567 369 42%
c -  3.85  6 12 0 43 62 1 185520 7922 1.6 15 10 3 9 88% 141 2567 369 42%
c u  3.97  7 12 0 43 62 1 191698 10717 1.6 15 10 3 9 88% 141 2567 369 42%
c v  3.99  7 12 0 43 62 1 191698 10222 1.6 15 10 3 9 88% 141 2567 369 42%
c w  4.00  7 12 0 43 62 1 191698 9349 1.6 15 10 3 9 88% 141 2567 369 42%
c x  4.00  6 12 0 43 62 1 191698 9348 1.6 15 10 3 9 88% 143 2511 369 42%
c t  4.00  6 12 0 43 62 1 191698 9348 1.6 15 10 3 9 88% 141 2511 369 42%
c -  4.01  7 12 0 44 62 1 192077 6832 1.6 15 10 3 9 88% 141 2511 369 42%
c -  4.12  7 12 0 45 64 1 198710 6846 1.6 15 10 3 9 88% 141 2511 369 42%
c -  4.23  7 12 0 46 68 1 205418 7222 1.6 15 10 3 9 89% 141 2511 369 42%
c -  4.34  7 12 0 47 72 1 212200 8060 1.6 15 10 3 9 89% 141 2511 369 42%
c I  4.39  7 12 0 47 74 1 215467 10047 1.6 15 10 3 9 89% 141 2511 369 42%
c
c seconds  switched  rate         size/glue  tier1   binary      remaining
c        MB  reductions conflicts       size   tier2   irredundant
c         level  restarts    redundant     glue   trail      variables
c
c -  4.44  7 12 0 48 76 1 219055 9010 1.6 15 10 3 9 89% 141 2511 369 42%
c -  4.55  7 12 0 49 77 1 225985 8439 1.6 15 10 3 9 89% 141 2511 369 42%
c s  4.57  7 12 0 49 77 1 227352 9088 1.6 15 10 3 9 89% 142 2507 369 42%
c e  4.58  7 12 0 49 77 1 227352 9088 1.6 15 10 3 9 89% 106 2841 322 37%
c s  4.58  7 12 0 49 77 1 227352 9088 1.6 15 10 3 9 89% 106 2756 322 37%
c e  4.58  7 12 0 49 77 1 227352 9088 1.6 15 10 3 9 89% 103 2772 319 37%
c ^  4.58  7 12 0 49 77 1 227352 9088 1.6 15 10 3 9 89% 103 2772 319 37%
c -  4.66  6 12 0 50 80 1 232985 5781 1.6 15 10 3 9 88% 103 2772 319 37%
c u  4.74  6 12 0 50 83 1 237911 8314 1.5 15 10 3 9 88% 103 2772 319 37%
c v  4.75  7 12 0 50 83 1 237911 7673 1.5 15 10 3 9 88% 103 2772 319 37%
c w  4.76  7 12 0 50 83 1 237911 5680 1.5 15 10 3 9 88% 103 2772 319 37%
c x  4.76  6 12 0 50 83 1 237911 5677 1.5 15 10 3 9 88% 104 2685 319 37%
c t  4.84  6 12 0 50 83 1 237911 5677 1.5 15 10 3 9 88% 103 2685 319 37%
c -  4.88  6 12 0 51 84 1 240057 4895 1.5 15 10 3 9 88% 103 2685 319 37%
c -  4.98  7 12 0 52 88 1 247199 6734 1.6 16 10 3 9 88% 103 2685 319 37%
c -  5.11  7 12 0 53 91 1 254411 7485 1.6 16 10 3 9 88% 103 2685 319 37%
c B  5.12  7 12 0 53 92 1 254908 7766 1.6 16 10 3 9 88% 103 2685 319 37%
c o  5.12  7 12 0 53 92 1 254908 7766 1.6 16 10 3 9 88% 103 2685 319 37%
c -  5.24  7 12 0 54 92 1 261691 8053 1.6 16 10 3 9 88% 103 2685 319 37%
c -  5.38  7 12 0 55 93 1 269039 7923 1.6 16 10 3 9 88% 103 2685 319 37%
c
c seconds  switched  rate         size/glue  tier1   binary      remaining
c        MB  reductions conflicts       size   tier2   irredundant
c         level  restarts    redundant     glue   trail      variables
c
c -  5.51  7 12 0 56 93 1 276455 8498 1.5 16 10 3 9 87% 103 2685 319 37%
c -  5.65  7 12 0 57 97 1 283938 9195 1.6 16 10 3 9 87% 103 2685 319 37%
c u  5.75  7 12 0 57 100 1 289221 11622 1.5 16 10 3 9 87% 103 2685 319 37%
c v  5.77  7 12 0 57 100 1 289221 10603 1.5 16 10 3 9 87% 103 2685 319 37%
c w  5.78  7 12 0 57 100 1 289221 7198 1.5 16 10 3 9 87% 103 2685 319 37%
c x  5.78  7 12 0 57 100 1 289221 7198 1.5 16 10 3 9 87% 103 2674 319 37%
c -  5.83  6 12 0 58 100 1 291487 6088 1.5 16 10 3 9 87% 103 2674 319 37%
c W  5.95  6 12 0 58 106 1 298620 10660 1.5 16 10 3 9 87% 103 2674 319 37%
c -  5.96  6 12 0 59 106 1 299102 8008 1.5 16 10 3 9 87% 103 2674 319 37%
c -  6.16  6 12 0 60 108 1 306786 9743 1.6 16 10 3 9 86% 103 2674 319 37%
c -  6.37  7 12 0 61 110 1 314534 10010 1.6 16 10 3 9 86% 103 2674 319 37%
c -  6.51  7 12 0 62 115 1 322345 10741 1.6 16 10 3 9 86% 103 2674 319 37%
c -  6.66  7 12 0 63 120 1 330220 11263 1.6 16 10 3 9 86% 103 2674 319 37%
c -  6.80  7 12 0 64 123 1 338157 12388 1.6 15 10 3 9 86% 103 2674 319 37%
c s  6.90  7 12 0 64 123 1 344493 16508 1.6 15 10 3 9 86% 104 2673 319 37%
c e  6.91  6 12 0 64 123 1 344493 16508 1.6 15 10 3 9 86%  60 3373 265 30%
c s  6.91  6 12 0 64 123 1 344493 16508 1.6 15 10 3 9 86%  60 3161 265 30%
c e  6.91  6 12 0 64 123 1 344493 16508 1.6 15 10 3 9 86%  52 3269 258 30%
c !  6.91  6 12 0 64 123 1 344493 16508 1.6 15 10 3 9 86%  52 3269 258 30%
c o  6.91  7 12 0 64 123 1 344493 9412 1.6 15 10 3 9 86%  52 3269 258 30%
c
c seconds  switched   rate         size/glue  tier1   binary      remaining
c        MB  reductions conflicts        size   tier2   irredundant
c         level  restarts     redundant     glue   trail      variables
c
c u  6.94  7 12 0 64 124 1 346127 9795 1.6 15 10 3 9 86%  52 3269 258 30%
c v  6.97  7 12 0 64 124 1 346127 7592 1.6 15 10 3 9 86%  52 3269 258 30%
c w  6.99  8 12 0 64 124 1 346127 3389 1.6 15 10 3 9 86%  52 3269 258 30%
c f  6.99  6 12 0 64 124 1 346127 3389 1.6 15 10 3 9 86%  55 3225 260 30%
c u  7.00  7 12 0 64 124 1 346127 3268 1.6 15 10 3 9 86%  55 3225 260 30%
c v  7.01  7 12 0 64 124 1 346127 2747 1.6 15 10 3 9 86%  55 3225 260 30%
c w  7.02  7 12 0 64 124 1 346127 2561 1.6 15 10 3 9 86%  55 3225 260 30%
c x  7.03  7 12 0 64 124 1 346127 2556 1.6 15 10 3 9 86%  55 3048 260 30%
c -  7.03  6 12 0 65 124 1 346158 2114 1.6 15 10 3 9 86%  55 3048 260 30%
c O  7.04  6 12 0 65 124 1 346781 2496 1.6 15 10 3 9 86%  55 3048 260 30%
c -  7.14  6 12 0 66 124 1 354220 5479 1.6 15 10 3 9 86%  55 3048 260 30%
c -  7.29  7 12 0 67 125 1 362344 8558 1.6 15 10 3 9 86%  55 3048 260 30%
c -  7.42  7 12 0 68 125 1 370529 10635 1.6 15 10 3 9 86%  55 3048 260 30%
c -  7.56  7 12 0 69 125 1 378776 11449 1.6 15 9 2 9 86%  56 3048 260 30%
c -  7.72  7 12 0 70 125 1 387082 12233 1.6 15 9 2 9 86%  56 3048 260 30%
c -  7.88  8 12 0 71 126 1 395448 12327 1.6 15 9 2 9 86%  56 3048 260 30%
c B  7.95  7 12 0 71 126 1 399568 15342 1.6 15 9 2 9 86%  56 3048 260 30%
c -  8.04  8 12 0 72 126 1 403876 12979 1.6 15 9 2 9 86%  56 3048 260 30%
c u  8.11  8 12 0 72 126 1 407583 14973 1.6 15 9 2 9 86%  60 3048 260 30%
c v  8.14  8 12 0 72 126 1 407583 14139 1.6 15 9 2 9 86%  60 3048 260 30%
c
c seconds  switched   rate          size/glue tier1   binary      remaining
c        MB  reductions conflicts         size  tier2   irredundant
c         level  restarts      redundant    glue   trail      variables
c
c w  8.15  8 12 0 72 126 1 407583 13195 1.6 15 9 2 9 86%  60 3048 260 30%
c x  8.16  7 12 0 72 126 1 407583 13193 1.6 15 9 2 9 86%  67 2946 260 30%
c t  8.18  7 12 0 72 126 1 407583 13193 1.6 15 9 2 9 86%  65 2946 260 30%
c -  8.25  8 12 0 73 126 1 412362 11261 1.6 15 9 2 9 86%  65 2946 260 30%
c -  8.40  8 12 0 74 126 1 420906 12075 1.6 15 9 2 9 86%  66 2946 260 30%
c i  8.50  7 11 0 74 126 1 427412 15813 1.6 15 9 2 9 86%  75 2946 259 30%
c o  8.51  7 11 0 74 126 1 427412 15813 1.6 15 9 2 9 86%  75 2946 259 30%
c -  8.55  6 11 0 75 126 1 429508 5842 1.6 15 9 2 8 86%  66 2946 259 30%
c -  8.68  7 11 0 76 126 1 438169 8245 1.6 15 9 2 8 86%  67 2946 259 30%
c -  8.83  7 11 0 77 126 1 446886 10409 1.6 15 9 2 8 86%  68 2946 259 30%
c i  8.91  7 11 0 77 126 1 451853 12680 1.6 14 9 2 8 85%  74 2946 258 30%
c -  8.98  7 11 0 78 126 1 455661 6242 1.6 14 9 2 8 85%  67 2946 258 30%
c W  9.01  6 11 0 78 126 1 457153 7367 1.6 15 9 2 8 86%  67 2562 258 30%
c -  9.16  7 11 0 79 129 1 464494 9573 1.6 15 9 2 8 85%  68 2562 258 30%
c i  9.23  7 11 0 79 132 1 468169 11107 1.7 14 9 2 8 85%  80 2562 255 29%
c -  9.34  7 11 0 80 134 1 473382 8094 1.7 14 9 2 8 85%  65 2562 255 29%
c b  9.37  7 11 0 80 136 1 475046 8955 1.7 14 9 2 8 85% 111 2411 254 29%
c u  9.38  7 11 0 80 136 1 475046 8191 1.7 14 9 2 8 85% 134 2411 254 29%
c v  9.42  7 11 0 80 136 1 475046 5976 1.7 14 9 2 8 85% 145 2411 254 29%
c w  9.43  7 11 0 80 136 1 475046 4574 1.7 14 9 2 8 85% 144 2411 254 29%
c
c seconds  switched   rate         size/glue tier1   binary      remaining
c        MB  reductions conflicts        size  tier2   irredundant
c         level  restarts     redundant    glue   trail      variables
c
c x  9.43  7 11 0 80 136 1 475046 4551 1.7 14 9 2 8 85% 179 2071 254 29%
c d  9.43  7 11 0 80 136 1 475046 4528 1.7 14 9 2 8 85% 165 2071 247 28%
c t  9.43  7 11 0 80 136 1 475046 4528 1.7 14 9 2 8 85% 128 2071 247 28%
c u  9.44  7 11 0 80 136 1 475046 4084 1.7 14 9 2 8 85% 130 2071 247 28%
c v  9.47  7 11 0 80 136 1 475046 3040 1.7 14 9 2 8 85% 137 2071 247 28%
c w  9.47  7 11 0 80 136 1 475046 2956 1.7 14 9 2 8 85% 137 2071 247 28%
c x  9.48  7 11 0 80 136 1 475046 2954 1.7 14 9 2 8 85% 140 2011 247 28%
c t  9.48  7 11 0 80 136 1 475046 2954 1.7 14 9 2 8 85% 132 2011 247 28%
c i  9.49  7 11 0 80 136 1 475849 3294 1.7 14 9 2 8 85% 140 2011 245 28%
c i  9.56  7 11 0 80 139 1 481056 6254 1.7 14 9 2 8 85% 148 2011 243 28%
c -  9.58  6 11 0 81 140 1 482327 3482 1.7 14 8 2 8 85% 122 2009 243 28%
c i  9.58  6 11 0 81 140 1 482549 3531 1.7 14 8 2 8 85% 128 2009 239 27%
c i  9.59  6 11 0 81 140 1 483173 3812 1.7 14 8 2 8 85% 136 2009 230 26%
c i  9.59  6 11 0 81 140 1 483403 3889 1.7 14 8 2 8 85% 143 2009 225 26%
c i  9.59  6 11 0 81 140 1 483406 3891 1.7 14 8 2 8 85% 143 2009 224 26%
c i  9.59  6 11 0 81 140 1 483515 3920 1.7 14 8 2 8 85% 150 2009 200 23%
c i  9.59  6 11 0 81 140 1 483530 3922 1.7 14 8 2 8 85% 155 2009 184 21%
c i  9.59  6 11 0 81 140 1 483536 3925 1.7 14 8 2 8 85% 157 2009 183 21%
c i  9.59  6 11 0 81 140 1 483537 3925 1.7 14 8 2 8 85% 157 2009 182 21%
c i  9.59  6 11 0 81 140 1 483551 3925 1.7 14 8 2 8 85% 163 2009 151 17%
c
c seconds  switched   rate         size/glue tier1   binary      remaining
c        MB  reductions conflicts        size  tier2   irredundant
c         level  restarts     redundant    glue   trail      variables
c
c i  9.59  6 11 0 81 140 1 483555 3925 1.7 14 8 2 8 85% 166 2009 150 17%
c i  9.59  6 11 0 81 140 1 483556 3925 1.7 14 8 2 8 85% 166 2009 142 16%
c i  9.59  6 11 0 81 140 1 483557 3925 1.7 14 8 2 8 85% 166 2009 134 15%
c ]  9.59  6 11 0 81 140 1 483559 3925 1.7 14 8 2 8 85% 166 2009 98 11%
c 0  9.59  6 0 0 81 140 0 483559 3925 0.0 0 0 2 6 0% 166 2009 98 11%
c
c ---- [ result ] ------------------------------------------------------------
c
s UNSATISFIABLE
c
c ---- [ profiling ] ---------------------------------------------------------
c
c           8.55   89.10 %  search
c           8.55   89.10 %  stable
c           1.03   10.71 %  simplify
c           1.00   10.44 %  probe
c           0.60    6.22 %  vivify
c           0.36    3.79 %  sweep
c           0.08    0.83 %  reduce
c           0.02    0.26 %  eliminate
c           0.02    0.19 %  walking
c           0.02    0.18 %  preprocess
c           0.02    0.18 %  factor
c           0.02    0.18 %  substitute
c           0.00    0.05 %  subsume
c           0.00    0.04 %  congruence
c           0.00    0.02 %  transitive
c           0.00    0.01 %  backbone
c           0.00    0.00 %  lucky
c           0.00    0.00 %  parse
c =============================================
c           9.59  100.00 %  total
c
c ---- [ statistics ] --------------------------------------------------------
c
c conflicts:                           483559            50393.37 per second
c congruent:                               34                4 %  variables
c decisions:                           520017                1.08 per conflict
c eliminated:                             597               68 %  variables
c factored:                                50                6 %  variables
c iterations:                              18                2 %  variables
c propagations:                      59801567          6232130    per second
c reductions:                              81             5970    interval
c reordered:                                9            53729    interval
c rephased:                                20            24178    interval
c restarts:                               140             3454    interval
c strengthened:                           673                0 %  checks
c substituted:                             68                8 %  variables
c subsumed:                               427                0 %  checks
c switched:                                 0                0    interval
c vivified:                             53873               50 %  checks
c walks:                                    7            69080    interval
c
c ---- [ glue usage ] --------------------------------------------------------
c
c stable glue 2   used 811206 clauses 20.04% accumulated 52.15% tier1
c stable glue 3   used 590822 clauses 14.60% accumulated 66.75%
c stable glue 4-6 used 735863 clauses 18.18% accumulated 84.93%
c stable glue 7   used 125715 clauses  3.11% accumulated 88.03%
c stable glue 8   used 108592 clauses  2.68% accumulated 90.72% tier2
c
c ---- [ resources ] ---------------------------------------------------------
c
c maximum-resident-set-size:        423501824 bytes        404 MB
c process-time:                            10s               9.59 seconds
c
c ---- [ shutting down ] -----------------------------------------------------
c
c exit 20
