c ---- [ banner ] ------------------------------------------------------------
c
c Kissat SAT Solver
c 
c Copyright (c) 2021-2024 Armin Biere University of Freiburg
c Copyright (c) 2019-2021 Armin Biere Johannes Kepler University Linz
c 
c Version 4.0.4 8af8e56f174b778aef3aa45af9f739b2a5f492c2
c gcc (GCC) 15.2.1 20260123 (Red Hat 15.2.1-7) -W -Wall -O3 -DNDEBUG
c Thu Apr 23 06:47:51 PM IST 2026 Linux krishnendu-LN 6.19.12-200.fc43.x86_64 x86_64
c
c ---- [ parsing ] -----------------------------------------------------------
c
c opened and reading DIMACS file:
c
c   /home/krishnendu/Research/fv-invariant-mining/data/circuits/cnf/miter_mult_9bit.cnf
c
c parsed 'p cnf 873 3299' header
c closing input after reading 48449 bytes (47 KB)
c finished parsing after 0.00 seconds
c
c ---- [ options ] -----------------------------------------------------------
c
c --decay=140                      (different from default '50')
c --eliminateeffort=0              (different from default '100')
c
c ---- [ solving ] -----------------------------------------------------------
c
c seconds switched rate     size/glue tier1  binary      remaining
c        MB reductions conflicts size  tier2   irredundant
c         level restarts redundant glue  trail       variables
c
c *  0.00  3 0 0 0  0 0   0   0 0.0 0 0 0 0 0% 1142 2155 870 100%
c (  0.00  3 0 0 0  0 0   0   0 0.0 0 0 0 0 0% 1142 2155 870 100%
c .  0.00  3 0 0 0  0 0   0   0 0.0 0 0 0 0 0% 1138 2155 870 100%
c c  0.00  3 0 0 0  0 0   0   0 0.0 0 0 0 0 0% 1186 2153 836 96%
c d  0.00  3 0 0 0  0 0   0   0 0.0 0 0 0 0 0% 1070 2153 836 96%
c =  0.02  3 0 0 0  0 0   0   0 0.0 0 0 0 0 0% 1084 2141 828 95%
c d  0.02  3 0 0 0  0 0   0   0 0.0 0 0 0 0 0% 1064 2141 828 95%
c f  0.02  3 0 0 0  0 0   0   0 0.0 0 0 0 0 0% 1040 2124 852 98%
c )  0.02  3 0 0 0  0 0   0   0 0.0 0 0 0 0 0% 1040 2124 852 98%
c {  0.02  3 0 0 0  0 0   0   0 0.0 0 0 2 6 0% 1040 2124 852 98%
c -  0.05  4 18 0 1 297 3 1002 460 1.8 20 11 3 14 84% 1052 2124 852 98%
c }  0.05  4 18 1 1 297 3 1002 460 1.8 20 11 3 14 84% 1052 2124 852 98%
c [  0.05  4 0 1 1 297 0 1002 460 0.0 0 0 2 6 0% 1052 2124 852 98%
c B  0.05  4 0 1 1 297 0 1002 460 0.0 0 0 2 6 0% 1052 2124 852 98%
c -  0.07  4 47 1 2 297 1 2003 1246 2.0 20 10 5 12 90% 1055 2124 852 98%
c W  0.07  4 47 1 2 297 1 2003 1246 2.0 20 10 5 12 90% 1055 2124 852 98%
c ]  0.08  4 35 2 2 298 1 2630 1785 2.0 21 10 5 12 89% 1057 2124 852 98%
c {  0.08  4 18 2 2 298 3 2630 1785 1.8 20 11 3 14 84% 1057 2124 852 98%
c -  0.11  4 16 2 3 311 2 3417 2100 2.2 23 10 2 11 88% 1061 2124 852 98%
c c  0.12  4 15 2 3 311 2 3511 2187 2.2 23 10 2 11 89% 1066 2124 851 98%
c
c seconds  switched  rate       size/glue  tier1     binary      remaining
c        MB reductions conflicts      size   tier2     irredundant
c         level restarts   redundant     glue    trail       variables
c
c d  0.12  4 15 2 3 311 2 3511 2187 2.2 23 10 2 11 89% 1064 2124 851 98%
c u  0.12  4 15 2 3 311 2 3511 2086 2.2 23 10 2 11 89% 1064 2124 851 98%
c v  0.13  4 15 2 3 311 2 3511 1657 2.2 23 10 2 11 89% 1064 2124 851 98%
c w  0.13  4 15 2 3 311 2 3511 1597 2.2 23 10 2 11 89% 1064 2124 851 98%
c x  0.13  4 15 2 3 311 2 3511 1597 2.2 23 10 2 11 89% 1074 2072 851 98%
c =  0.15  4 15 2 3 311 2 3511 1597 2.2 23 10 2 11 89% 1102 2071 837 96%
c d  0.15  4 15 2 3 311 2 3511 1597 2.2 23 10 2 11 89% 1060 2071 837 96%
c t  0.15  4 15 2 3 311 2 3511 1597 2.2 23 10 2 11 89% 1051 2071 837 96%
c u  0.15  4 15 2 3 311 2 3511 1589 2.2 23 10 2 11 89% 1056 2071 837 96%
c v  0.15  4 15 2 3 311 2 3511 1480 2.2 23 10 2 11 89% 1056 2071 837 96%
c w  0.16  4 15 2 3 311 2 3511 1461 2.2 23 10 2 11 89% 1056 2071 837 96%
c x  0.16  4 15 2 3 311 2 3511 1461 2.2 23 10 2 11 89% 1057 2064 837 96%
c =  0.16  4 15 2 3 311 2 3511 1461 2.2 23 10 2 11 89% 1061 2062 835 96%
c d  0.16  4 15 2 3 311 2 3511 1461 2.2 23 10 2 11 89% 1056 2062 835 96%
c t  0.16  4 15 2 3 311 2 3511 1461 2.2 23 10 2 11 89% 1055 2062 835 96%
c }  0.17  4 15 3 3 311 2 3631 1568 2.2 22 10 2 11 86% 1057 2062 835 96%
c [  0.17  4 35 3 3 311 1 3631 1568 2.0 21 10 5 12 89% 1057 2062 835 96%
c I  0.18  4 29 3 3 311 1 4264 2155 2.0 19 10 5 12 79% 1057 2062 835 96%
c -  0.19  4 26 3 4 312 1 5149 2437 1.9 20 10 5 13 83% 1057 2061 835 96%
c ]  0.21  4 23 4 4 313 1 6061 3246 1.9 20 10 5 13 85% 1060 2061 835 96%
c
c seconds  switched  rate       size/glue  tier1     binary      remaining
c        MB reductions conflicts      size   tier2     irredundant
c         level restarts   redundant     glue    trail       variables
c
c {  0.21  4 15 4 4 313 2 6061 3246 2.2 22 10 2 11 86% 1060 2061 835 96%
c -  0.23  5 16 4 5 327 2 7150 3698 2.1 20 9 2 10 82% 1063 2061 835 96%
c }  0.25  5 17 5 5 327 2 8413 4904 2.2 19 9 2 10 79% 1064 2061 835 96%
c [  0.25  5 23 5 5 327 1 8413 4904 1.9 20 10 5 13 85% 1064 2061 835 96%
c B  0.25  5 23 5 5 327 1 8413 4904 1.9 20 10 5 13 85% 1064 2061 835 96%
c -  0.27  5 21 5 6 327 1 9386 4766 1.9 20 10 4 12 85% 1065 2061 835 96%
c ]  0.29  5 20 6 6 329 1 10642 5865 1.9 20 10 4 12 85% 1066 2061 835 96%
c {  0.29  5 17 6 6 329 2 10642 5865 2.2 19 9 2 10 79% 1066 2061 835 96%
c o  0.29  5 17 6 6 337 2 10695 5915 2.2 19 9 2 10 79% 1066 2061 835 96%
c u  0.30  5 16 6 6 370 2 10831 5810 2.2 19 9 2 10 79% 1066 2060 835 96%
c v  0.30  5 16 6 6 370 2 10831 5752 2.2 19 9 2 10 79% 1066 2060 835 96%
c w  0.31  5 16 6 6 370 2 10831 5748 2.2 19 9 2 10 79% 1066 2060 835 96%
c t  0.32  5 16 6 6 370 2 10831 5748 2.2 19 9 2 10 79% 1064 2060 835 96%
c -  0.34  5 16 6 7 460 2 11836 5382 2.1 18 9 2 10 80% 1066 2060 835 96%
c -  0.38  5 15 6 8 564 2 14482 6071 2.0 17 9 2 9 79% 1073 2060 835 96%
c }  0.39  5 15 7 8 564 2 14712 6265 2.0 17 9 2 9 79% 1074 2060 835 96%
c [  0.39  5 20 7 8 564 1 14712 6265 1.9 20 10 4 12 85% 1074 2060 835 96%
c W  0.39  5 20 7 8 564 1 14712 6265 1.9 20 10 4 12 85% 1074 2060 835 96%
c -  0.43  5 18 7 9 566 1 17310 6313 1.8 19 10 3 11 82% 1076 2060 835 96%
c e  0.44  5 18 7 9 566 1 17552 6502 1.8 19 10 3 11 82% 1074 2055 833 96%
c
c seconds  switched  rate        size/glue  tier1     binary      remaining
c        MB reductions conflicts       size   tier2     irredundant
c         level restarts    redundant     glue    trail       variables
c
c ^  0.44  5 18 7 9 566 1 17552 6502 1.8 19 10 3 11 82% 1074 2055 833 96%
c ]  0.45  5 18 8 9 566 1 18272 7079 1.8 19 10 3 11 82% 1074 2055 833 96%
c {  0.45  5 15 8 9 566 2 18272 7079 2.0 17 9 2 9 79% 1074 2055 833 96%
c -  0.51  5 15 8 10 771 2 20310 6700 2.1 19 9 2 9 80% 1077 2055 833 96%
c o  0.54  6 14 8 10 772 2 21167 7382 2.2 19 9 2 9 81% 1079 2055 833 96%
c u  0.58  5 15 8 10 988 2 22194 8128 2.2 19 9 2 9 81% 1081 2055 833 96%
c v  0.59  5 15 8 10 988 2 22194 8065 2.2 19 9 2 9 81% 1081 2055 833 96%
c w  0.59  5 15 8 10 988 2 22194 8031 2.2 19 9 2 9 81% 1081 2055 833 96%
c x  0.60  5 15 8 10 988 2 22194 8031 2.2 19 9 2 9 81% 1082 2031 833 96%
c t  0.60  5 15 8 10 988 2 22194 8031 2.2 19 9 2 9 81% 1077 2031 833 96%
c -  0.65  6 15 8 11 1238 2 23473 7300 2.2 20 9 2 8 81% 1079 2031 833 96%
c }  0.69  6 15 9 11 1408 2 24433 8181 2.2 20 9 2 8 81% 1081 2031 833 96%
c [  0.69  6 18 9 11 1408 1 24433 8181 1.8 19 10 3 11 82% 1081 2031 833 96%
c O  0.69  6 18 9 11 1408 1 24433 8181 1.8 19 10 3 11 82% 1081 2031 833 96%
c -  0.75  6 17 9 12 1410 1 26791 7236 1.8 19 10 2 10 82% 1082 2031 833 96%
c -  0.84  6 16 9 13 1412 1 30256 6606 1.9 20 11 2 9 83% 1082 2031 833 96%
c ]  0.90  6 16 10 13 1413 1 32324 8074 1.8 19 11 2 9 83% 1082 2031 833 96%
c {  0.90  6 15 10 13 1413 2 32324 8074 2.2 20 9 2 8 81% 1082 2031 833 96%
c -  0.96  6 15 10 14 1443 2 33861 7049 2.3 20 9 1 6 82% 1086 2031 833 96%
c e  1.00  6 14 10 14 1443 2 35136 8135 2.3 20 9 1 6 82% 1087 2028 832 95%
c
c seconds   switched    rate        size/glue tier1    binary      remaining
c        MB   reductions  conflicts       size  tier2    irredundant
c         level    restarts    redundant    glue   trail       variables
c
c ^  1.00  6 14 10 14 1443 2 35136 8135 2.3 20 9 1 6 82% 1087 2028 832 95%
c -  1.07  6 15 10 15 1501 2 37602 8902 2.4 21 9 1 6 82% 1091 2028 832 95%
c u  1.08  6 15 10 15 1501 2 37863 8668 2.4 21 9 1 6 82% 1093 2028 832 95%
c v  1.10  7 15 10 15 1501 2 37863 8639 2.4 21 9 1 6 82% 1093 2028 832 95%
c w  1.10  7 15 10 15 1501 2 37863 8611 2.4 21 9 1 6 82% 1093 2028 832 95%
c x  1.11  7 15 10 15 1501 2 37863 8611 2.4 21 9 1 6 82% 1093 2014 832 95%
c t  1.17  7 15 10 15 1501 2 37863 8611 2.4 21 9 1 6 82% 1092 2014 832 95%
c }  1.29  7 15 11 15 1869 2 40951 11440 2.5 21 9 1 6 83% 1096 2014 832 95%
c [  1.29  7 16 11 15 1869 1 40951 11440 1.8 19 11 2 9 83% 1096 2014 832 95%
c B  1.29  7 16 11 15 1869 1 40951 11440 1.8 19 11 2 9 83% 1096 2014 832 95%
c -  1.31  7 16 11 16 1869 1 41474 9441 1.8 20 11 2 9 83% 1096 2014 832 95%
c -  1.40  6 15 11 17 1872 1 45475 8953 1.9 20 11 2 9 85% 1096 2014 832 95%
c -  1.50  7 15 11 18 1875 1 49599 7297 1.9 20 11 2 9 86% 1096 2014 832 95%
c W  1.60  6 15 11 18 1875 1 53173 9612 1.9 20 10 2 9 87% 1097 2014 832 95%
c o  1.60  6 15 11 18 1875 1 53173 9612 1.9 20 10 2 9 87% 1097 2014 832 95%
c ]  1.60  6 15 12 18 1876 1 53546 9913 1.9 20 10 2 9 87% 1097 2014 832 95%
c {  1.60  6 15 12 18 1876 2 53546 9913 2.5 21 9 1 6 83% 1097 2014 832 95%
c -  1.62  6 15 12 19 1953 2 53841 7344 2.5 21 9 1 5 83% 1097 2014 832 95%
c u  1.80  6 16 12 19 2862 2 58040 10676 2.4 22 9 1 5 83% 1100 2014 832 95%
c v  1.82  7 16 12 19 2862 2 58040 10334 2.4 22 9 1 5 83% 1100 2014 832 95%
c
c seconds   switched    rate         size/glue tier1    binary      remaining
c        MB   reductions  conflicts        size  tier2    irredundant
c         level    restarts     redundant    glue   trail       variables
c
c w  1.83  7 16 12 19 2862 2 58040 10205 2.4 22 9 1 5 83% 1100 2014 832 95%
c t  1.83  7 16 12 19 2862 2 58040 10205 2.4 22 9 1 5 83% 1097 2014 832 95%
c -  1.84  7 16 12 20 2904 2 58200 7794 2.4 22 9 1 5 83% 1098 2014 832 95%
c -  2.01  7 16 12 21 3251 2 62673 9376 2.4 22 9 1 5 82% 1105 2014 832 95%
c }  2.11  7 16 13 21 3669 2 65026 11443 2.4 22 9 1 5 83% 1106 2014 832 95%
c [  2.11  7 15 13 21 3669 1 65026 11443 1.9 20 10 2 9 87% 1106 2014 832 95%
c -  2.18  7 15 13 22 3671 1 67256 9678 1.9 20 11 2 8 87% 1107 2014 832 95%
c I  2.20  7 15 13 22 3671 1 68079 10360 1.9 20 11 2 8 87% 1107 2014 832 95%
c -  2.28  7 14 13 23 3674 1 71947 9231 1.9 20 11 2 9 87% 1107 2014 832 95%
c e  2.31  7 14 13 23 3675 1 73286 10301 1.9 20 11 2 9 87% 1105 2014 831 95%
c ^  2.31  7 14 13 23 3675 1 73286 10301 1.9 20 11 2 9 87% 1105 2014 831 95%
c -  2.40  7 14 13 24 3675 1 76742 8155 1.8 20 11 2 8 87% 1105 2014 831 95%
c -  2.56  7 14 13 25 3679 1 81640 8200 1.9 20 11 2 8 87% 1106 2014 831 95%
c u  2.61  6 14 13 25 3680 1 82858 8373 1.9 20 11 2 8 87% 1109 2014 831 95%
c v  2.62  6 14 13 25 3680 1 82858 8030 1.9 20 11 2 8 87% 1109 2014 831 95%
c w  2.63  7 14 13 25 3680 1 82858 7866 1.9 20 11 2 8 87% 1109 2014 831 95%
c x  2.63  7 14 13 25 3680 1 82858 7866 1.9 20 11 2 8 87% 1109 1996 831 95%
c t  2.63  7 14 13 25 3680 1 82858 7866 1.9 20 11 2 8 87% 1108 1996 831 95%
c ]  2.64  6 14 14 25 3680 1 83194 8084 1.9 20 11 2 8 87% 1108 1996 831 95%
c {  2.64  6 16 14 25 3680 2 83194 8084 2.4 22 9 1 5 83% 1108 1996 831 95%
c
c seconds   switched    rate        size/glue tier1    binary      remaining
c        MB   reductions  conflicts       size  tier2    irredundant
c         level    restarts    redundant    glue   trail       variables
c
c o  2.64  6 16 14 25 3697 2 83289 8133 2.4 22 9 1 5 83% 1108 1996 831 95%
c -  2.76  7 16 14 26 4226 2 86641 8577 2.4 23 10 1 4 82% 1111 1996 831 95%
c -  2.96  7 16 14 27 4521 2 91740 11049 2.4 23 9 1 4 83% 1117 1996 831 95%
c -  3.19  7 16 14 28 5116 2 96937 12638 2.4 23 9 1 4 83% 1122 1996 831 95%
c }  3.22  7 16 15 28 5116 2 97911 13461 2.5 23 9 1 4 83% 1122 1996 831 95%
c [  3.22  7 14 15 28 5116 1 97911 13461 1.9 20 11 2 8 87% 1122 1996 831 95%
c B  3.22  7 14 15 28 5116 1 97911 13461 1.9 20 11 2 8 87% 1122 1996 831 95%
c -  3.32  7 14 15 29 5119 1 102229 11950 1.8 19 11 2 8 87% 1122 1996 831 95%
c -  3.47  7 14 15 30 5122 1 107614 10413 1.8 19 10 2 8 87% 1123 1996 831 95%
c u  3.62  7 14 15 30 5125 1 112511 13624 1.9 19 10 2 8 87% 1126 1996 831 95%
c v  3.64  8 14 15 30 5125 1 112511 13302 1.9 19 10 2 8 87% 1126 1996 831 95%
c w  3.65  8 14 15 30 5125 1 112511 13244 1.9 19 10 2 8 87% 1126 1996 831 95%
c =  3.76  8 14 15 30 5125 1 112511 13244 1.9 19 10 2 8 87% 1128 1992 829 95%
c d  3.76  8 14 15 30 5125 1 112511 13213 1.9 19 10 2 8 87% 1126 1992 829 95%
c t  3.76  8 14 15 30 5125 1 112511 13213 1.9 19 10 2 8 87% 1123 1992 829 95%
c u  3.78  8 14 15 30 5125 1 112511 13089 1.9 19 10 2 8 87% 1123 1992 829 95%
c v  3.81  8 14 15 30 5125 1 112511 12729 1.9 19 10 2 8 87% 1123 1992 829 95%
c w  3.82  8 14 15 30 5125 1 112511 12531 1.9 19 10 2 8 87% 1123 1992 829 95%
c -  3.84  7 14 15 31 5125 1 113093 8738 1.9 19 10 2 8 87% 1120 1992 829 95%
c -  3.95  7 14 15 32 5129 1 118660 9177 1.8 19 10 2 8 85% 1121 1992 829 95%
c
c seconds   switched    rate         size/glue  tier1    binary      remaining
c        MB   reductions  conflicts        size   tier2    irredundant
c         level    restarts     redundant     glue   trail       variables
c
c W  3.96  6 14 15 32 5129 1 118823 9300 1.8 19 10 2 8 85% 1121 1992 829 95%
c ]  4.01  6 14 16 32 5129 1 121137 11139 1.8 19 10 2 8 84% 1121 1992 829 95%
c {  4.01  6 16 16 32 5129 2 121137 11139 2.5 23 9 1 4 83% 1121 1992 829 95%
c o  4.11  7 16 16 32 5207 2 123946 13678 2.5 23 9 1 4 83% 1122 1992 829 95%
c -  4.12  7 16 16 33 5209 2 124319 10559 2.5 23 9 1 4 82% 1122 1992 829 95%
c -  4.37  7 16 16 34 6070 2 130063 12478 2.4 23 9 1 4 82% 1123 1992 829 95%
c e  4.53  6 16 16 34 6074 2 134722 16917 2.5 23 9 1 4 82% 1123 1991 828 95%
c ^  4.53  6 16 16 34 6074 2 134722 16917 2.5 23 9 1 4 82% 1123 1991 828 95%
c -  4.60  7 16 16 35 6334 2 135893 14038 2.5 23 9 1 4 82% 1123 1991 828 95%
c }  4.78  7 16 17 35 7155 2 139475 17178 2.4 23 10 1 4 82% 1124 1991 828 95%
c [  4.78  7 14 17 35 7155 1 139475 17178 1.8 19 10 2 8 84% 1124 1991 828 95%
c -  4.87  8 14 17 36 7157 1 141809 13980 1.9 19 10 2 7 84% 1124 1991 828 95%
c O  4.90  7 14 17 36 7157 1 143048 14860 1.9 19 10 2 7 84% 1124 1991 828 95%
c u  5.06  8 14 17 36 7160 1 147144 17175 1.9 19 10 2 7 84% 1125 1991 828 95%
c v  5.08  8 14 17 36 7160 1 147144 16851 1.9 19 10 2 7 84% 1125 1991 828 95%
c w  5.09  8 14 17 36 7160 1 147144 16803 1.9 19 10 2 7 84% 1125 1991 828 95%
c x  5.10  8 14 17 36 7160 1 147144 16803 1.9 19 10 2 7 84% 1125 1975 828 95%
c t  5.24  8 14 17 36 7160 1 147144 16803 1.9 19 10 2 7 84% 1124 1975 828 95%
c -  5.27  7 14 17 37 7161 1 147811 11877 1.9 19 10 1 7 84% 1124 1975 828 95%
c -  5.44  7 14 17 38 7164 1 153893 10311 1.9 19 10 1 7 85% 1124 1975 828 95%
c
c seconds   switched    rate          size/glue  tier1    binary      remaining
c        MB   reductions  conflicts         size   tier2    irredundant
c         level    restarts      redundant     glue   trail       variables
c
c -  5.62  7 14 17 39 7168 1 160057 10008 1.9 19 10 1 7 85% 1125 1975 828 95%
c ]  5.75  7 13 18 39 7169 1 164716 13157 1.9 19 10 1 7 86% 1125 1975 828 95%
c {  5.75  7 16 18 39 7169 2 164716 13157 2.4 23 10 1 4 82% 1125 1975 828 95%
c -  5.80  7 16 18 40 7169 2 166302 10408 2.4 23 10 1 4 82% 1125 1975 828 95%
c -  6.03  7 15 18 41 7194 2 172627 12508 2.5 23 9 1 4 83% 1127 1975 828 95%
c -  6.26  8 15 18 42 7194 2 179031 13870 2.6 24 9 1 4 84% 1128 1975 828 95%
c -  6.50  8 14 18 43 7197 2 185511 14218 2.6 24 9 1 4 84% 1128 1975 828 95%
c u  6.57  7 14 18 43 7197 2 186913 14340 2.6 24 9 1 4 84% 1135 1975 828 95%
c v  6.60  7 14 18 43 7197 2 186913 13811 2.6 24 9 1 4 84% 1137 1975 828 95%
c w  6.62  8 14 18 43 7197 2 186913 13541 2.6 24 9 1 4 84% 1137 1975 828 95%
c t  6.62  8 14 18 43 7197 2 186913 13541 2.6 24 9 1 4 84% 1133 1975 828 95%
c o  6.62  8 14 18 43 7197 2 186913 13541 2.6 24 9 1 4 84% 1133 1975 828 95%
c }  6.63  7 14 19 43 7197 2 187062 13687 2.6 24 9 1 4 84% 1133 1975 828 95%
c [  6.63  7 13 19 43 7197 1 187062 13687 1.9 19 10 1 7 86% 1133 1975 828 95%
c B  6.63  7 13 19 43 7197 1 187062 13687 1.9 19 10 1 7 86% 1133 1975 828 95%
c -  6.74  8 13 19 44 7200 1 192068 12536 1.9 19 10 1 7 86% 1133 1975 828 95%
c -  6.91  7 13 19 45 7203 1 198702 10860 1.9 19 10 1 7 86% 1133 1975 828 95%
c -  7.06  7 13 19 46 7208 1 205411 10618 1.9 19 10 1 7 86% 1133 1975 828 95%
c -  7.26  7 13 19 47 7211 1 212194 11417 1.9 19 10 1 7 87% 1133 1975 828 95%
c ]  7.42  7 13 20 47 7211 1 217882 15422 1.9 19 10 1 7 87% 1133 1975 828 95%
c
c seconds   switched    rate          size/glue tier1    binary      remaining
c        MB   reductions  conflicts         size  tier2    irredundant
c         level    restarts      redundant    glue   trail       variables
c
c {  7.42  7 14 20 47 7211 2 217882 15422 2.6 24 9 1 4 84% 1133 1975 828 95%
c -  7.46  8 14 20 48 7249 2 219050 11644 2.6 23 9 1 4 84% 1133 1975 828 95%
c e  7.56  7 14 20 48 7374 2 222044 14337 2.6 23 9 1 4 84% 1131 1975 827 95%
c ^  7.56  7 14 20 48 7374 2 222044 14337 2.6 23 9 1 4 84% 1131 1975 827 95%
c -  7.72  8 14 20 49 7595 2 225978 13163 2.6 23 9 1 4 85% 1133 1975 827 95%
c u  7.99  8 14 20 49 8302 2 231913 17193 2.6 23 9 1 4 85% 1137 1975 827 95%
c v  8.02  8 14 20 49 8302 2 231913 16663 2.6 23 9 1 4 85% 1138 1975 827 95%
c w  8.04  8 14 20 49 8302 2 231913 16603 2.6 23 9 1 4 85% 1138 1975 827 95%
c t  8.04  8 14 20 49 8302 2 231913 16603 2.6 23 9 1 4 85% 1135 1975 827 95%
c -  8.09  8 14 20 50 8508 2 232978 13382 2.5 23 9 1 4 85% 1135 1975 827 95%
c -  8.39  7 14 20 51 9652 2 240051 13872 2.5 23 9 1 4 85% 1140 1975 827 95%
c }  8.56  8 14 21 51 9798 2 244622 16826 2.5 22 9 1 4 85% 1141 1975 827 95%
c [  8.56  8 13 21 51 9798 1 244622 16826 1.9 19 10 1 7 87% 1141 1975 827 95%
c W  8.56  6 13 21 51 9798 1 244622 16826 1.9 19 10 1 7 87% 1141 1975 827 95%
c -  8.62  7 13 21 52 9800 1 247193 14213 1.9 19 10 1 7 87% 1141 1975 827 95%
c -  8.82  7 13 21 53 9804 1 254406 13686 1.9 19 10 1 7 87% 1141 1975 827 95%
c -  9.02  7 13 21 54 9808 1 261686 12514 1.9 19 10 1 7 87% 1141 1975 827 95%
c -  9.23  7 12 21 55 9811 1 269034 11574 1.9 19 10 1 6 87% 1142 1975 827 95%
c -  9.41  7 12 21 56 9812 1 276450 11365 1.9 19 10 1 6 87% 1142 1975 827 95%
c I  9.50  7 12 21 56 9815 1 279973 13948 1.9 18 10 1 6 87% 1142 1975 827 95%
c
c seconds   switched    rate          size/glue  tier1    binary      remaining
c        MB   reductions  conflicts         size   tier2    irredundant
c         level    restarts      redundant     glue   trail       variables
c
c o  9.50  7 12 21 56 9815 1 279973 13948 1.9 18 10 1 6 87% 1142 1975 827 95%
c u  9.56  7 12 21 56 9816 1 282292 15347 1.9 18 10 1 6 87% 1146 1975 827 95%
c v  9.61  7 12 21 56 9816 1 282292 14411 1.9 18 10 1 6 87% 1147 1975 827 95%
c w  9.62  7 12 21 56 9816 1 282292 13355 1.9 18 10 1 6 87% 1147 1975 827 95%
c =  9.80  7 12 21 56 9816 1 282292 13355 1.9 18 10 1 6 87% 1149 1974 825 95%
c d  9.80  7 12 21 56 9816 1 282292 13349 1.9 18 10 1 6 87% 1146 1974 825 95%
c t  9.80  7 12 21 56 9816 1 282292 13349 1.9 18 10 1 6 87% 1143 1974 825 95%
c u  9.82  7 12 21 56 9816 1 282292 13246 1.9 18 10 1 6 87% 1143 1974 825 95%
c v  9.85  7 12 21 56 9816 1 282292 12536 1.9 18 10 1 6 87% 1145 1974 825 95%
c w  9.86  7 12 21 56 9816 1 282292 12335 1.9 18 10 1 6 87% 1145 1974 825 95%
c x  9.86  7 12 21 56 9816 1 282292 12334 1.9 18 10 1 6 87% 1148 1959 825 95%
c t  9.87  7 12 21 56 9816 1 282292 12334 1.9 18 10 1 6 87% 1146 1959 825 95%
c -  9.91  7 12 21 57 9818 1 283934 8251 1.9 18 10 1 6 87% 1140 1959 825 95%
c ]  9.96  7 12 22 57 9819 1 286355 9778 1.9 18 10 1 6 87% 1140 1959 825 95%
c {  9.96  7 14 22 57 9819 2 286355 9778 2.5 22 9 1 4 85% 1140 1959 825 95%
c - 10.10  7 14 22 58 9834 2 291484 9999 2.5 23 9 1 4 85% 1140 1959 825 95%
c - 10.33  7 13 22 59 9834 2 299100 12461 2.6 23 9 1 4 86% 1140 1959 825 95%
c - 10.56  7 13 22 60 10102 2 306781 13685 2.6 23 9 1 4 86% 1142 1959 825 95%
c - 10.76  8 13 22 61 10506 2 314526 13933 2.5 22 9 1 4 85% 1142 1959 825 95%
c } 10.84  8 13 23 61 10551 2 317871 16251 2.5 22 9 1 4 84% 1142 1959 825 95%
c
c seconds   switched     rate          size/glue  tier1    binary      remaining
c        MB   reductions   conflicts         size   tier2    irredundant
c         level    restarts       redundant     glue   trail       variables
c
c [ 10.84  8 12 23 61 10551 1 317871 16251 1.9 18 10 1 6 87% 1142 1959 825 95%
c B 10.88  8 12 23 61 10552 1 319413 17409 1.9 18 10 1 6 87% 1142 1959 825 95%
c - 10.96  8 12 23 62 10554 1 322338 13319 1.9 18 10 1 6 86% 1142 1959 825 95%
c - 11.18  8 12 23 63 10558 1 330214 12287 1.9 18 10 1 6 86% 1142 1959 825 95%
c e 11.39  8 12 23 63 10563 1 337678 17643 1.9 18 10 1 6 85% 1139 1960 824 94%
c ! 11.39  8 12 23 63 10563 1 337678 17643 1.9 18 10 1 6 85% 1139 1960 824 94%
c u 11.44  8 12 23 63 10563 1 338141 17330 1.9 18 10 1 6 85% 1139 1960 824 94%
c v 11.48  8 12 23 63 10563 1 338141 16798 1.9 18 10 1 6 85% 1139 1960 824 94%
c w 11.50 10 12 23 63 10563 1 338141 16723 1.9 18 10 1 6 85% 1139 1960 824 94%
c - 11.69  9 12 23 64 10563 1 338152 10830 1.9 18 10 1 6 85% 1139 1960 824 94%
c - 11.89  9 12 23 65 10565 1 346152 11296 1.9 18 10 1 6 85% 1139 1960 824 94%
c ] 11.97  8 12 24 65 10565 1 348800 13072 1.9 18 10 1 6 85% 1139 1960 824 94%
c { 11.97  8 13 24 65 10565 2 348800 13072 2.5 22 9 1 4 84% 1139 1960 824 94%
c o 12.11  9 13 24 65 10626 2 353455 15997 2.4 21 9 1 4 84% 1140 1960 824 94%
c - 12.14  9 13 24 66 10790 2 354214 11474 2.4 21 9 1 4 84% 1142 1960 824 94%
c i 12.17  9 13 24 66 10930 2 355471 12335 2.4 21 9 1 4 84% 1151 1960 823 94%
c - 12.45  9 13 24 67 12039 2 362338 12808 2.4 21 9 1 4 84% 1143 1960 823 94%
c - 12.75  9 13 24 68 12825 2 370523 13641 2.3 21 9 1 4 84% 1145 1960 823 94%
c - 13.10  9 13 24 69 13783 2 378771 15208 2.3 21 9 1 4 84% 1145 1960 823 94%
c } 13.36  9 13 25 69 14389 2 385477 20118 2.2 20 9 1 4 84% 1148 1960 823 94%
c
c seconds   switched     rate          size/glue  tier1    binary      remaining
c        MB   reductions   conflicts         size   tier2    irredundant
c         level    restarts       redundant     glue   trail       variables
c
c [ 13.36  9 12 25 69 14389 1 385477 20118 1.9 18 10 1 6 85% 1148 1960 823 94%
c W 13.37  8 12 25 69 14389 1 385477 20118 1.9 18 10 1 6 85% 1148 1956 823 94%
c - 13.42  8 12 25 70 14390 1 387079 15746 1.9 18 9 1 6 85% 1148 1956 823 94%
c - 13.73  8 12 25 71 14395 1 395445 15880 1.9 18 10 1 6 85% 1148 1956 823 94%
c u 13.91  8 12 25 71 14397 1 399609 18285 1.9 18 10 1 6 85% 1155 1951 823 94%
c v 13.98  8 12 25 71 14397 1 399609 17193 1.9 18 10 1 6 85% 1158 1951 823 94%
c w 14.00  8 12 25 71 14397 1 399609 16773 1.9 18 10 1 6 85% 1158 1951 823 94%
c d 14.00  8 12 25 71 14397 1 399609 16770 1.9 18 10 1 6 85% 1152 1951 820 94%
c t 14.00  8 12 25 71 14397 1 399609 16770 1.9 18 10 1 6 85% 1147 1951 820 94%
c u 14.03  8 12 25 71 14397 1 399609 16602 1.9 18 10 1 6 85% 1147 1951 820 94%
c v 14.11  8 12 25 71 14397 1 399609 15439 1.9 18 10 1 6 85% 1150 1951 820 94%
c w 14.13  8 12 25 71 14397 1 399609 15177 1.9 18 10 1 6 85% 1150 1951 820 94%
c t 14.13  8 12 25 71 14397 1 399609 15177 1.9 18 10 1 6 85% 1147 1951 820 94%
c - 14.25  8 12 25 72 14400 1 403873 11986 1.9 18 10 1 6 85% 1147 1951 820 94%
c - 14.51  8 12 25 73 14403 1 412359 12090 1.9 18 9 1 6 85% 1147 1951 820 94%
c - 14.79  8 12 25 74 14406 1 420903 12339 1.9 18 9 1 6 85% 1148 1951 820 94%
c ] 14.95  8 12 26 74 14409 1 425870 15397 1.9 17 9 1 6 85% 1148 1951 820 94%
c { 14.95  8 13 26 74 14409 2 425870 15397 2.2 20 9 1 4 84% 1148 1951 820 94%
c - 15.10  8 13 26 75 14738 2 429505 13678 2.2 20 9 1 4 84% 1149 1951 820 94%
c o 15.23  8 13 26 75 14861 2 433545 16825 2.2 20 9 1 4 84% 1150 1951 820 94%
c
c seconds   switched     rate          size/glue tier1    binary      remaining
c        MB   reductions   conflicts         size  tier2    irredundant
c         level    restarts       redundant    glue   trail       variables
c
c - 15.43  8 13 26 76 15198 2 438165 14942 2.2 20 9 1 4 84% 1150 1951 820 94%
c - 15.73  8 13 26 77 15303 2 446882 15922 2.2 20 9 1 4 84% 1150 1951 820 94%
c - 16.03  8 13 26 78 15651 2 455656 16595 2.2 20 9 1 4 84% 1153 1951 820 94%
c - 16.36  8 13 26 79 15993 2 464487 17295 2.2 19 9 1 4 84% 1154 1951 820 94%
c u 16.48  8 12 26 79 16087 2 466752 18024 2.2 19 9 1 4 84% 1170 1951 820 94%
c v 16.55  8 12 26 79 16087 2 466752 15600 2.2 19 9 1 4 84% 1171 1951 820 94%
c w 16.58  8 12 26 79 16087 2 466752 14729 2.2 19 9 1 4 84% 1172 1951 820 94%
c = 16.86  8 12 26 79 16087 2 466752 14729 2.2 19 9 1 4 84% 1174 1951 819 94%
c d 16.86  8 12 26 79 16087 2 466752 14729 2.2 19 9 1 4 84% 1172 1951 819 94%
c t 16.86  8 12 26 79 16087 2 466752 14729 2.2 19 9 1 4 84% 1159 1951 819 94%
c u 16.89  9 12 26 79 16087 2 466752 14511 2.2 19 9 1 4 84% 1161 1951 819 94%
c v 16.95  9 12 26 79 16087 2 466752 13768 2.2 19 9 1 4 84% 1161 1951 819 94%
c w 16.96  9 12 26 79 16087 2 466752 13637 2.2 19 9 1 4 84% 1161 1951 819 94%
c x 16.97  9 12 26 79 16087 2 466752 13637 2.2 19 9 1 4 84% 1161 1938 819 94%
c t 16.97  9 12 26 79 16087 2 466752 13637 2.2 19 9 1 4 84% 1157 1938 819 94%
c } 17.03  9 13 27 79 16087 2 468088 14922 2.2 19 9 1 4 84% 1157 1938 819 94%
c [ 17.03  9 12 27 79 16087 1 468088 14922 1.9 17 9 1 6 85% 1157 1938 819 94%
c O 17.03  9 12 27 79 16087 1 468088 14922 1.9 17 9 1 6 85% 1157 1938 819 94%
c - 17.21  9 12 27 80 16091 1 473376 13652 1.9 17 9 1 6 85% 1157 1938 819 94%
c - 17.51  9 12 27 81 16095 1 482320 13271 1.8 17 9 1 6 85% 1157 1938 819 94%
c
c seconds   switched     rate          size/glue tier1    binary      remaining
c        MB   reductions   conflicts         size  tier2    irredundant
c         level    restarts       redundant    glue   trail       variables
c
c e 17.55  9 12 27 81 16096 1 483825 14318 1.8 17 9 1 6 85% 1154 1939 818 94%
c - 17.75  9 12 27 82 16100 1 491320 12360 1.8 17 9 1 6 85% 1154 1939 818 94%
c - 18.02  9 12 27 83 16101 1 500375 11914 1.8 17 9 1 6 85% 1154 1939 818 94%
c i 18.24  9 12 27 83 16106 1 507016 15711 1.8 17 9 1 6 85% 1161 1939 790 91%
c - 18.31  9 12 27 84 16108 1 509485 8865 1.8 17 9 1 6 85% 1150 1793 790 91%
c ] 18.55  9 11 28 84 16113 1 518473 14982 1.8 16 9 1 6 84% 1151 1793 790 91%
c { 18.55  9 13 28 84 16113 2 518473 14982 2.2 19 9 1 4 84% 1151 1793 790 91%
c - 18.55  9 13 28 85 16116 2 518650 11271 2.2 19 9 1 4 84% 1152 1793 790 91%
c i 18.67  9 12 28 85 16116 2 523205 13934 2.2 19 9 1 4 84% 1162 1793 788 90%
c o 18.73  9 12 28 85 16143 2 525228 15274 2.2 19 9 1 4 84% 1162 1793 788 90%
c - 18.82  9 12 28 86 16158 2 527869 10226 2.2 19 9 1 4 84% 1136 1793 788 90%
c - 19.12  9 12 28 87 16169 2 537143 14990 2.2 19 8 1 4 84% 1141 1793 788 90%
c i 19.17  9 12 28 87 16169 2 538997 15946 2.2 18 8 1 4 84% 1147 1793 786 90%
c d 19.20  9 12 28 87 16169 2 539684 13071 2.2 18 8 1 4 84% 1131 1708 754 86%
c d 19.20  9 12 28 87 16169 2 539684 12983 2.2 18 8 1 4 84% 1072 1707 724 83%
c u 19.23  9 12 28 87 16169 2 539684 12189 2.2 18 8 1 4 84% 1104 1707 723 83%
c v 19.32  9 12 28 87 16169 2 539684 10530 2.2 18 8 1 4 84% 1127 1707 723 83%
c w 19.34  9 12 28 87 16169 2 539684 9888 2.2 18 8 1 4 84% 1129 1707 723 83%
c = 19.42  9 12 28 87 16169 2 539684 9888 2.2 18 8 1 4 84% 1135 1706 720 83%
c d 19.42  9 12 28 87 16169 2 539684 9888 2.2 18 8 1 4 84% 1128 1706 720 83%
c
c seconds   switched     rate         size/glue tier1    binary      remaining
c        MB   reductions   conflicts        size  tier2    irredundant
c         level    restarts      redundant    glue   trail       variables
c
c t 19.42  9 12 28 87 16169 2 539684 9888 2.2 18 8 1 4 84% 1073 1706 720 83%
c u 19.45  9 12 28 87 16169 2 539684 9392 2.2 18 8 1 4 84% 1080 1706 720 83%
c v 19.52  9 12 28 87 16169 2 539684 7892 2.2 18 8 1 4 84% 1093 1706 719 82%
c w 19.56  9 12 28 87 16169 2 539684 6794 2.2 18 8 1 4 84% 1096 1706 719 82%
c = 19.83  9 12 28 87 16169 2 539684 6794 2.2 18 8 1 4 84% 1098 1705 718 82%
c d 19.83  9 12 28 87 16169 2 539684 6792 2.2 18 8 1 4 84% 1096 1705 718 82%
c t 19.84  9 12 28 87 16169 2 539684 6792 2.2 18 8 1 4 84% 1079 1705 718 82%
c i 19.84  9 12 28 87 16169 2 539684 6792 2.2 18 8 1 4 84% 1079 1705 718 82%
c i 19.88  9 12 28 87 16169 2 541507 7851 2.2 18 8 1 4 84% 1087 1705 693 79%
c i 19.92  9 12 28 87 16169 2 542911 8920 2.2 18 8 1 4 84% 1096 1705 689 79%
c i 19.94  9 12 28 87 16169 2 543355 9258 2.2 18 8 1 4 84% 1102 1705 681 78%
c i 19.94  9 12 28 87 16169 2 543402 9260 2.2 18 8 1 4 84% 1107 1705 675 77%
c i 19.94  9 12 28 87 16169 2 543435 9274 2.2 18 8 1 4 84% 1112 1705 673 77%
c i 19.94  9 12 28 87 16169 2 543436 9274 2.2 18 8 1 4 84% 1112 1705 670 77%
c } 19.94  9 12 28 87 16169 2 543451 9281 2.2 18 8 1 4 84% 1113 1705 217 25%
c 0 19.94  9 12 28 87 16169 2 543451 9281 2.2 18 8 1 4 84% 1113 1705 217 25%
c
c ---- [ result ] ------------------------------------------------------------
c
s UNSATISFIABLE
c
c ---- [ profiling ] ---------------------------------------------------------
c
c          17.01   85.29 %  search
c           8.92   44.75 %  focused
c           8.08   40.54 %  stable
c           2.91   14.60 %  simplify
c           2.90   14.54 %  probe
c           1.49    7.45 %  vivify
c           1.36    6.83 %  sweep
c           0.12    0.58 %  reduce
c           0.03    0.17 %  substitute
c           0.03    0.15 %  walking
c           0.02    0.11 %  preprocess
c           0.01    0.03 %  factor
c           0.01    0.03 %  congruence
c           0.00    0.02 %  eliminate
c           0.00    0.02 %  transitive
c           0.00    0.01 %  backbone
c           0.00    0.00 %  parse
c           0.00    0.00 %  lucky
c           0.00    0.00 %  subsume
c =============================================
c          19.94  100.00 %  total
c
c ---- [ statistics ] --------------------------------------------------------
c
c conflicts:                           543451            27251.70 per second
c congruent:                               35                4 %  variables
c decisions:                           754580                1.39 per conflict
c eliminated:                               8                1 %  variables
c factored:                                24                3 %  variables
c iterations:                              11                1 %  variables
c propagations:                     125162654          6276363    per second
c reductions:                              87             6247    interval
c reordered:                               10            54345    interval
c rephased:                                18            30192    interval
c restarts:                             16169               34    interval
c strengthened:                            10                0 %  checks
c substituted:                            130               15 %  variables
c switched:                                28            19409    interval
c vivified:                             54840               48 %  checks
c walks:                                    6            90575    interval
c
c ---- [ glue usage ] --------------------------------------------------------
c
c focused glue 1 used 2554277 clauses 60.25% accumulated 60.25% tier1
c focused glue 2 used  916848 clauses 21.63% accumulated 81.87%
c focused glue 3 used  304684 clauses  7.19% accumulated 89.06%
c focused glue 4 used  125216 clauses  2.95% accumulated 92.01% tier2
c
c stable glue 1   used 2339224 clauses 54.54% accumulated 54.54% tier1
c stable glue 2   used  868734 clauses 20.25% accumulated 74.79%
c stable glue 3-4 used  502303 clauses 11.71% accumulated 86.50%
c stable glue 5   used  121946 clauses  2.84% accumulated 89.34%
c stable glue 6   used   91222 clauses  2.13% accumulated 91.47% tier2
c
c ---- [ resources ] ---------------------------------------------------------
c
c maximum-resident-set-size:        423927808 bytes        404 MB
c process-time:                            20s              19.94 seconds
c
c ---- [ shutting down ] -----------------------------------------------------
c
c exit 20
