c ---- [ banner ] ------------------------------------------------------------
c
c Kissat SAT Solver
c 
c Copyright (c) 2021-2024 Armin Biere University of Freiburg
c Copyright (c) 2019-2021 Armin Biere Johannes Kepler University Linz
c 
c Version 4.0.4 8af8e56f174b778aef3aa45af9f739b2a5f492c2
c gcc (GCC) 15.2.1 20260123 (Red Hat 15.2.1-7) -W -Wall -O3 -DNDEBUG
c Thu Apr 23 06:47:51 PM IST 2026 Linux krishnendu-LN 6.19.12-200.fc43.x86_64 x86_64
c
c ---- [ parsing ] -----------------------------------------------------------
c
c opened and reading DIMACS file:
c
c   /home/krishnendu/Research/fv-invariant-mining/data/circuits/cnf/miter_mult_8bit.cnf
c
c parsed 'p cnf 679 2553' header
c closing input after reading 37235 bytes (36 KB)
c finished parsing after 0.00 seconds
c
c ---- [ options ] -----------------------------------------------------------
c
c --decay=140                      (different from default '50')
c --eliminateeffort=1500           (different from default '100')
c --stable=2                       (different from default '1')
c
c ---- [ solving ] -----------------------------------------------------------
c
c seconds switched rate     size/glue tier1 binary      remaining
c        MB reductions conflicts size  tier2  irredundant
c         level restarts redundant glue  trail      variables
c
c *  0.00  3 0 0 0  0 0   0   0 0.0 0 0 0 0 0% 887 1664 676 100%
c (  0.00  3 0 0 0  0 0   0   0 0.0 0 0 0 0 0% 887 1664 676 100%
c .  0.00  3 0 0 0  0 0   0   0 0.0 0 0 0 0 0% 883 1664 676 100%
c c  0.00  3 0 0 0  0 0   0   0 0.0 0 0 0 0 0% 919 1662 649 96%
c d  0.00  3 0 0 0  0 0   0   0 0.0 0 0 0 0 0% 829 1662 649 96%
c =  0.02  3 0 0 0  0 0   0   0 0.0 0 0 0 0 0% 843 1650 641 95%
c d  0.02  3 0 0 0  0 0   0   0 0.0 0 0 0 0 0% 823 1650 641 95%
c f  0.02  3 0 0 0  0 0   0   0 0.0 0 0 0 0 0% 812 1635 662 98%
c )  0.02  3 0 0 0  0 0   0   0 0.0 0 0 0 0 0% 812 1635 662 98%
c [  0.02  3 0 0 0  0 0   0   0 0.0 0 0 2 6 0% 812 1635 662 98%
c -  0.04  4 12 0 1  0 1 1000 821 3.1 22 7 3 9 87% 816 1635 662 98%
c B  0.04  4 12 0 1  0 1 1002 823 3.1 22 7 3 9 87% 816 1635 662 98%
c -  0.06  4 12 0 2  1 1 2002 1515 2.5 19 8 4 9 85% 820 1635 662 98%
c W  0.06  4 12 0 2  1 1 2004 1517 2.5 19 8 4 9 85% 820 1635 662 98%
c -  0.09  4 11 0 3  2 1 3417 2152 2.4 18 8 3 9 86% 822 1635 662 98%
c u  0.10  4 11 0 3  2 1 3667 2232 2.4 18 8 3 9 86% 827 1635 662 98%
c v  0.10  4 11 0 3  2 1 3667 2103 2.4 18 8 3 9 86% 827 1635 662 98%
c w  0.10  4 11 0 3  2 1 3667 2056 2.4 18 8 3 9 86% 827 1635 662 98%
c x  0.11  4 11 0 3  2 1 3667 2056 2.4 18 8 3 9 86% 833 1604 662 98%
c =  0.12  4 11 0 3  2 1 3667 2056 2.4 18 8 3 9 86% 875 1602 641 95%
c
c seconds  switched rate       size/glue tier1   binary      remaining
c        MB reductions conflicts     size  tier2   irredundant
c         level restarts  redundant    glue   trail      variables
c
c d  0.12  4 11 0 3  2 1 3667 2056 2.4 18 8 3 9 86% 813 1602 641 95%
c t  0.12  4 11 0 3  2 1 3667 2056 2.4 18 8 3 9 86% 807 1602 641 95%
c u  0.12  4 11 0 3  2 1 3667 2040 2.4 18 8 3 9 86% 808 1602 641 95%
c v  0.13  4 11 0 3  2 1 3667 1874 2.4 18 8 3 9 86% 808 1602 641 95%
c w  0.13  4 11 0 3  2 1 3667 1818 2.4 18 8 3 9 86% 808 1602 641 95%
c x  0.13  4 11 0 3  2 1 3667 1816 2.4 18 8 3 9 86% 808 1597 641 95%
c I  0.16  4 11 0 3  3 1 4264 2292 2.3 18 8 3 9 86% 809 1597 641 95%
c -  0.17  4 12 0 4  3 1 5150 2421 2.2 18 8 3 9 85% 814 1597 641 95%
c -  0.20  4 12 0 5  5 1 7151 3077 2.0 17 8 3 9 84% 816 1597 641 95%
c B  0.22  4 12 0 5  5 1 8037 3734 2.0 17 8 3 9 84% 817 1597 641 95%
c -  0.24  5 12 0 6  6 1 9388 3571 1.9 16 9 4 9 84% 818 1597 641 95%
c u  0.28  5 12 0 6  6 1 11315 4886 1.9 16 9 4 9 85% 823 1597 641 95%
c v  0.29  5 12 0 6  6 1 11315 4732 1.9 16 9 4 9 85% 823 1597 641 95%
c w  0.29  5 12 0 6  6 1 11315 4708 1.9 16 9 4 9 85% 823 1597 641 95%
c t  0.29  5 12 0 6  6 1 11315 4708 1.9 16 9 4 9 85% 820 1597 641 95%
c o  0.29  5 12 0 6  6 1 11315 4708 1.9 16 9 4 9 85% 820 1597 641 95%
c -  0.30  5 12 0 7  6 1 11838 3869 1.9 16 9 3 9 85% 820 1597 641 95%
c W  0.32  5 12 0 7  8 1 13567 5182 1.9 16 9 3 9 86% 821 1597 641 95%
c -  0.34  5 12 0 8  9 1 14484 4408 1.9 16 9 3 9 86% 821 1597 641 95%
c -  0.39  5 12 0 9 10 1 17312 4790 1.9 16 9 3 9 87% 823 1597 641 95%
c
c seconds  switched rate        size/glue tier1   binary      remaining
c        MB reductions conflicts      size  tier2   irredundant
c         level restarts   redundant    glue   trail      variables
c
c s  0.41  5 12 0 9 11 1 18331 5490 1.9 16 9 3 9 87% 823 1594 641 95%
c e  0.41  5 12 0 9 11 1 18331 5490 1.9 16 9 3 9 87% 265 1902 403 59%
c 2  0.41  5 12 0 9 11 1 18331 5490 1.9 16 9 3 9 87% 264 1902 403 59%
c s  0.41  5 12 0 9 11 1 18331 5490 1.9 16 9 3 9 87% 266 1843 403 59%
c e  0.41  5 12 0 9 11 1 18331 5490 1.9 16 9 3 9 87% 259 1850 399 59%
c ^  0.41  5 12 0 9 11 1 18331 5490 1.9 16 9 3 9 87% 259 1850 399 59%
c -  0.44  5 11 0 10 12 1 20313 2960 1.9 16 9 3 9 87% 259 1850 399 59%
c O  0.45  5 11 0 10 13 1 21095 3518 1.9 16 9 3 9 87% 259 1850 399 59%
c u  0.50  5 12 0 10 13 1 23181 4707 1.9 16 9 3 9 87% 259 1850 399 59%
c v  0.50  5 12 0 10 13 1 23181 4504 1.9 16 9 3 9 87% 259 1850 399 59%
c w  0.50  5 12 0 10 13 1 23181 3720 1.9 16 9 3 9 87% 259 1850 399 59%
c x  0.51  5 12 0 10 13 1 23181 3720 1.9 16 9 3 9 87% 261 1794 399 59%
c t  0.53  5 12 0 10 13 1 23181 3720 1.9 16 9 3 9 87% 258 1794 399 59%
c f  0.53  5 12 0 10 13 1 23181 3720 1.9 16 9 3 9 87% 294 1717 418 62%
c u  0.53  5 12 0 10 13 1 23181 3691 1.9 16 9 3 9 87% 294 1717 418 62%
c v  0.54  5 12 0 10 13 1 23181 3571 1.9 16 9 3 9 87% 294 1717 418 62%
c w  0.54  5 12 0 10 13 1 23181 3088 1.9 16 9 3 9 87% 294 1717 418 62%
c x  0.54  5 12 0 10 13 1 23181 3088 1.9 16 9 3 9 87% 297 1699 418 62%
c o  0.54  5 12 0 10 13 1 23181 3088 1.9 16 9 3 9 87% 297 1699 418 62%
c -  0.55  5 12 0 11 13 1 23475 2559 1.9 16 9 3 9 87% 297 1699 418 62%
c
c seconds  switched  rate        size/glue tier1   binary      remaining
c        MB  reductions conflicts      size  tier2   irredundant
c         level  restarts   redundant    glue   trail      variables
c
c -  0.60  5 12 0 12 14 1 26791 3972 1.9 16 9 3 9 87% 298 1699 418 62%
c -  0.66  5 12 0 13 14 1 30256 5299 1.9 16 9 3 9 87% 298 1699 418 62%
c B  0.67  5 12 0 13 14 1 30857 5744 1.9 16 9 3 9 87% 298 1699 418 62%
c -  0.72  6 12 0 14 15 1 33861 6152 1.9 16 9 3 9 87% 299 1699 418 62%
c e  0.78  6 12 0 14 18 1 37136 8646 1.9 16 9 3 9 87% 213 1826 359 53%
c s  0.78  6 12 0 14 18 1 37136 8646 1.9 16 9 3 9 87% 217 1797 359 53%
c e  0.78  6 12 0 14 18 1 37136 8646 1.9 16 9 3 9 87% 214 1801 358 53%
c ^  0.78  6 12 0 14 18 1 37136 8646 1.9 16 9 3 9 87% 214 1801 358 53%
c -  0.78  6 12 0 15 18 1 37604 4741 1.9 16 9 3 9 87% 214 1801 358 53%
c u  0.82  6 11 0 15 20 1 40080 6153 1.8 16 9 3 9 87% 214 1801 358 53%
c v  0.83  6 11 0 15 20 1 40080 5947 1.8 16 9 3 9 87% 214 1801 358 53%
c w  0.83  6 11 0 15 20 1 40080 4133 1.8 16 9 3 9 87% 214 1801 358 53%
c x  0.83  6 11 0 15 20 1 40080 4132 1.8 16 9 3 9 87% 218 1764 358 53%
c t  0.84  6 11 0 15 20 1 40080 4132 1.8 16 9 3 9 87% 217 1764 358 53%
c f  0.84  6 11 0 15 20 1 40080 4132 1.8 16 9 3 9 87% 219 1759 359 53%
c u  0.84  6 11 0 15 20 1 40080 4012 1.8 16 9 3 9 87% 219 1759 359 53%
c v  0.85  6 11 0 15 20 1 40080 2993 1.8 16 9 3 9 87% 219 1759 359 53%
c w  0.85  6 11 0 15 20 1 40080 2918 1.8 16 9 3 9 87% 219 1759 359 53%
c x  0.85  6 11 0 15 20 1 40080 2918 1.8 16 9 3 9 87% 220 1754 359 53%
c t  0.88  6 11 0 15 20 1 40080 2918 1.8 16 9 3 9 87% 219 1754 359 53%
c
c seconds  switched  rate        size/glue tier1   binary      remaining
c        MB  reductions conflicts      size  tier2   irredundant
c         level  restarts   redundant    glue   trail      variables
c
c -  0.90  6 11 0 16 21 1 41476 3146 1.8 16 9 3 9 87% 219 1754 359 53%
c W  0.93  6 11 0 16 21 1 43079 4193 1.8 16 9 3 9 87% 219 1754 359 53%
c -  0.96  6 11 0 17 22 1 45476 4721 1.8 16 8 3 8 87% 219 1754 359 53%
c -  1.03  6 11 0 18 25 1 49599 5949 1.8 15 8 3 8 86% 219 1754 359 53%
c -  1.10  6 11 0 19 28 1 53842 7002 1.8 15 8 3 8 86% 220 1754 359 53%
c I  1.18  6 11 0 19 29 1 57985 9829 1.9 15 8 3 8 86% 220 1754 359 53%
c o  1.18  6 11 0 19 29 1 57985 9829 1.9 15 8 3 8 86% 220 1754 359 53%
c -  1.18  6 11 0 20 29 1 58200 7853 1.9 15 8 3 8 86% 220 1754 359 53%
c u  1.26  7 11 0 20 29 1 61881 9677 1.9 15 8 3 8 86% 221 1754 359 53%
c v  1.27  7 11 0 20 29 1 61881 8644 1.9 15 8 3 8 86% 221 1754 359 53%
c w  1.28  7 11 0 20 29 1 61881 7595 1.9 15 8 3 8 86% 221 1754 359 53%
c -  1.29  6 11 0 21 29 1 62672 6473 1.9 15 8 2 8 86% 221 1754 359 53%
c -  1.37  6 11 0 22 30 1 67254 6822 1.8 15 8 2 8 86% 223 1754 359 53%
c i  1.41  6 10 0 22 30 1 69433 7935 1.8 14 8 2 8 86% 230 1754 358 53%
c -  1.45  7 10 0 23 30 1 71944 3631 1.8 14 8 2 7 86% 213 1754 358 53%
c B  1.52  7 10 0 23 30 1 75788 6171 1.8 14 8 2 7 86% 213 1754 358 53%
c -  1.54  7 10 0 24 30 1 76740 5356 1.8 14 8 2 7 86% 213 1754 358 53%
c s  1.56  7 10 0 24 30 1 78228 6444 1.8 15 8 2 7 86% 213 1700 358 53%
c e  1.57  7 10 0 24 30 1 78228 6444 1.8 15 8 2 7 86% 160 1795 324 48%
c s  1.57  7 10 0 24 30 1 78228 6444 1.8 15 8 2 7 86% 161 1770 324 48%
c
c seconds  switched  rate        size/glue tier1   binary      remaining
c        MB  reductions conflicts      size  tier2   irredundant
c         level  restarts   redundant    glue   trail      variables
c
c e  1.57  7 10 0 24 30 1 78228 6444 1.8 15 8 2 7 86% 159 1775 322 47%
c ^  1.57  7 10 0 24 30 1 78228 6444 1.8 15 8 2 7 86% 159 1775 322 47%
c -  1.62  6 10 0 25 30 1 81638 3142 1.8 14 8 2 7 86% 175 1759 322 47%
c -  1.69  6 10 0 26 34 1 86639 5069 1.8 15 8 2 7 86% 176 1759 322 47%
c d  1.73  6 10 0 26 36 1 88701 6738 1.8 15 8 2 7 86% 162 1751 315 46%
c u  1.74  7 10 0 26 36 1 88701 6335 1.8 15 8 2 7 86% 162 1751 315 46%
c v  1.75  7 10 0 26 36 1 88701 5795 1.8 15 8 2 7 86% 162 1751 315 46%
c w  1.75  7 10 0 26 36 1 88701 5495 1.8 15 8 2 7 86% 162 1751 315 46%
c x  1.76  6 10 0 26 36 1 88701 5489 1.8 15 8 2 7 86% 164 1718 315 46%
c t  1.76  6 10 0 26 36 1 88701 5489 1.8 15 8 2 7 86% 162 1718 315 46%
c f  1.76  6 10 0 26 36 1 88701 5489 1.8 15 8 2 7 86% 164 1711 316 47%
c u  1.76  6 10 0 26 36 1 88701 5382 1.8 15 8 2 7 86% 164 1711 316 47%
c v  1.77  6 10 0 26 36 1 88701 5155 1.8 15 8 2 7 86% 165 1711 316 47%
c w  1.78  6 10 0 26 36 1 88701 4957 1.8 15 8 2 7 86% 165 1711 316 47%
c x  1.78  6 10 0 26 36 1 88701 4957 1.8 15 8 2 7 86% 165 1708 316 47%
c t  1.78  6 10 0 26 36 1 88701 4957 1.8 15 8 2 7 86% 164 1708 316 47%
c o  1.78  6 10 0 26 36 1 88701 4957 1.8 15 8 2 7 86% 164 1708 316 47%
c -  1.82  6 10 0 27 37 1 91738 5228 1.8 15 8 2 7 86% 164 1708 316 47%
c W  1.89  6 10 0 27 40 1 96700 8336 1.8 14 8 2 7 86% 165 1708 316 47%
c -  1.90  6 10 0 28 40 1 96934 6917 1.8 14 8 2 7 86% 165 1708 316 47%
c
c seconds  switched  rate         size/glue tier1   binary      remaining
c        MB  reductions conflicts       size  tier2   irredundant
c         level  restarts    redundant    glue   trail      variables
c
c -  1.98  6 10 0 29 43 1 102225 7942 1.8 14 8 2 7 86% 166 1708 316 47%
c i  2.03  6 10 0 29 44 1 105320 9598 1.8 14 8 2 7 87% 175 1708 315 46%
c -  2.08  6 10 0 30 45 1 107610 5209 1.9 14 8 2 7 87% 163 1708 315 46%
c -  2.18  7 10 0 31 45 1 113088 6532 1.8 14 8 2 7 87% 165 1708 315 46%
c i  2.20  7 10 0 31 45 1 114402 7149 1.8 14 7 2 7 87% 175 1708 306 45%
c -  2.28  7 10 0 32 48 1 118655 5535 1.8 14 7 2 7 86% 156 1708 306 45%
c i  2.28  7 10 0 32 48 1 118855 5605 1.8 14 7 2 7 86% 163 1708 292 43%
c i  2.31  6 10 0 32 50 1 120361 6222 1.8 13 7 2 7 86% 175 1708 290 43%
c O  2.31  6 10 0 32 50 1 120926 6517 1.8 13 7 2 7 86% 176 1708 290 43%
c u  2.32  6 10 0 32 50 1 121033 2377 1.8 13 7 2 7 86% 289 1341 290 43%
c v  2.33  6 10 0 32 50 1 121033 1610 1.8 13 7 2 7 86% 301 1341 290 43%
c w  2.33  6 10 0 32 50 1 121033 1528 1.8 13 7 2 7 86% 301 1341 290 43%
c =  2.39  6 10 0 32 50 1 121033 1528 1.8 13 7 2 7 86% 400 1251 241 36%
c d  2.39  6 10 0 32 50 1 121033 1413 1.8 13 7 2 7 86% 230 1251 241 36%
c t  2.39  6 10 0 32 50 1 121033 1413 1.8 13 7 2 7 86% 196 1251 241 36%
c f  2.39  6 10 0 32 50 1 121033 1413 1.8 13 7 2 7 86% 190 1251 242 36%
c u  2.40  6 10 0 32 50 1 121033 1019 1.8 13 7 2 7 86% 199 1251 242 36%
c v  2.40  6 10 0 32 50 1 121033 809 1.8 13 7 2 7 86% 200 1251 242 36%
c w  2.40  6 10 0 32 50 1 121033 808 1.8 13 7 2 7 86% 200 1251 242 36%
c x  2.40  6 10 0 32 50 1 121033 803 1.8 13 7 2 7 86% 213 1161 242 36%
c
c seconds  switched  rate        size/glue tier1   binary      remaining
c        MB  reductions conflicts      size  tier2   irredundant
c         level  restarts    redundant   glue   trail      variables
c
c d  2.40  6 10 0 32 50 1 121033 803 1.8 13 7 2 7 86% 211 1161 241 36%
c t  2.40  6 10 0 32 50 1 121033 803 1.8 13 7 2 7 86% 206 1161 241 36%
c i  2.41  6 10 0 32 50 1 121135 830 1.8 13 7 2 7 86% 213 1161 234 35%
c i  2.41  6 9 0 32 51 1 121491 1055 1.8 13 7 2 7 86% 225 1160 233 34%
c i  2.41  6 9 0 32 51 1 121608 1127 1.8 13 7 2 7 86% 232 1160 231 34%
c i  2.41  6 9 0 32 51 1 121713 1172 1.8 13 7 2 7 86% 239 1160 222 33%
c i  2.41  6 9 0 32 51 1 121765 1183 1.8 13 7 2 7 86% 243 1160 221 33%
c i  2.41  6 9 0 32 51 1 121790 1193 1.8 13 7 2 7 86% 247 1160 220 32%
c i  2.41  6 9 0 32 51 1 121805 1196 1.8 13 7 2 7 86% 251 1160 196 29%
c i  2.41  6 9 0 32 51 1 121810 1196 1.8 13 7 2 7 86% 253 1160 182 27%
c i  2.41  6 9 0 32 51 1 121814 1196 1.8 13 7 2 7 86% 256 1160 131 19%
c i  2.41  6 9 0 32 51 1 121815 1196 1.8 13 7 2 7 86% 256 1160 105 15%
c ]  2.41  6 9 0 32 51 1 121817 1196 1.8 13 7 2 7 86% 256 1160 23 3%
c 0  2.41  6 0 0 32 51 0 121817 1196 0.0 0 0 2 6 0% 256 1160 23 3%
c
c ---- [ result ] ------------------------------------------------------------
c
s UNSATISFIABLE
c
c ---- [ profiling ] ---------------------------------------------------------
c
c           2.04   84.51 %  search
c           2.04   84.51 %  stable
c           0.36   14.93 %  probe
c           0.35   14.47 %  simplify
c           0.17    7.20 %  vivify
c           0.17    6.96 %  sweep
c           0.02    0.99 %  preprocess
c           0.02    0.89 %  reduce
c           0.01    0.34 %  substitute
c           0.01    0.34 %  eliminate
c           0.01    0.24 %  factor
c           0.00    0.18 %  walking
c           0.00    0.13 %  congruence
c           0.00    0.06 %  subsume
c           0.00    0.04 %  transitive
c           0.00    0.02 %  backbone
c           0.00    0.02 %  parse
c           0.00    0.02 %  lucky
c =============================================
c           2.41  100.00 %  total
c
c ---- [ statistics ] --------------------------------------------------------
c
c conflicts:                           121817            50473.80 per second
c congruent:                               27                4 %  variables
c decisions:                           133879                1.10 per conflict
c eliminated:                             338               50 %  variables
c factored:                                43                6 %  variables
c iterations:                              16                2 %  variables
c propagations:                      15196699          6296618    per second
c reductions:                              32             3807    interval
c reordered:                                4            30454    interval
c rephased:                                12            10151    interval
c restarts:                                51             2389    interval
c strengthened:                           156                0 %  checks
c substituted:                            109               16 %  variables
c subsumed:                               111                0 %  checks
c switched:                                 0                0    interval
c vivified:                             18877               50 %  checks
c walks:                                    4            30454    interval
c
c ---- [ glue usage ] --------------------------------------------------------
c
c stable glue 2   used 206199 clauses 20.71% accumulated 60.08% tier1
c stable glue 3   used 131355 clauses 13.20% accumulated 73.27%
c stable glue 4-5 used 123568 clauses 12.41% accumulated 85.68%
c stable glue 6   used  37489 clauses  3.77% accumulated 89.45%
c stable glue 7   used  31946 clauses  3.21% accumulated 92.66% tier2
c
c ---- [ resources ] ---------------------------------------------------------
c
c maximum-resident-set-size:        422170624 bytes        403 MB
c process-time:                             2s               2.41 seconds
c
c ---- [ shutting down ] -----------------------------------------------------
c
c exit 20
