c ---- [ banner ] ------------------------------------------------------------
c
c Kissat SAT Solver
c 
c Copyright (c) 2021-2024 Armin Biere University of Freiburg
c Copyright (c) 2019-2021 Armin Biere Johannes Kepler University Linz
c 
c Version 4.0.4 8af8e56f174b778aef3aa45af9f739b2a5f492c2
c gcc (GCC) 15.2.1 20260123 (Red Hat 15.2.1-7) -W -Wall -O3 -DNDEBUG
c Thu Apr 23 06:47:51 PM IST 2026 Linux krishnendu-LN 6.19.12-200.fc43.x86_64 x86_64
c
c ---- [ parsing ] -----------------------------------------------------------
c
c opened and reading DIMACS file:
c
c   /home/krishnendu/Research/fv-invariant-mining/data/circuits/cnf/miter_mult_8bit.cnf
c
c parsed 'p cnf 679 2553' header
c closing input after reading 37235 bytes (36 KB)
c finished parsing after 0.00 seconds
c
c ---- [ options ] -----------------------------------------------------------
c
c --decay=140                      (different from default '50')
c --eliminateeffort=0              (different from default '100')
c
c ---- [ solving ] -----------------------------------------------------------
c
c seconds switched rate     size/glue tier1 binary      remaining
c        MB reductions conflicts size  tier2  irredundant
c         level restarts redundant glue  trail      variables
c
c *  0.00  3 0 0 0  0 0   0   0 0.0 0 0 0 0 0% 887 1664 676 100%
c (  0.00  3 0 0 0  0 0   0   0 0.0 0 0 0 0 0% 887 1664 676 100%
c .  0.00  3 0 0 0  0 0   0   0 0.0 0 0 0 0 0% 883 1664 676 100%
c c  0.00  3 0 0 0  0 0   0   0 0.0 0 0 0 0 0% 919 1662 649 96%
c d  0.00  3 0 0 0  0 0   0   0 0.0 0 0 0 0 0% 829 1662 649 96%
c =  0.02  3 0 0 0  0 0   0   0 0.0 0 0 0 0 0% 843 1650 641 95%
c d  0.02  3 0 0 0  0 0   0   0 0.0 0 0 0 0 0% 823 1650 641 95%
c f  0.02  3 0 0 0  0 0   0   0 0.0 0 0 0 0 0% 812 1635 662 98%
c )  0.02  3 0 0 0  0 0   0   0 0.0 0 0 0 0 0% 812 1635 662 98%
c {  0.02  3 0 0 0  0 0   0   0 0.0 0 0 2 6 0% 812 1635 662 98%
c -  0.04  4 12 0 1 109 2 1000 541 2.2 17 8 3 9 85% 820 1635 662 98%
c }  0.04  4 12 1 1 109 2 1000 541 2.2 17 8 3 9 85% 820 1635 662 98%
c [  0.04  4 0 1 1 109 0 1000 541 0.0 0 0 2 6 0% 820 1635 662 98%
c B  0.04  4 9 1 1 109 1 1005 543 1.3 9 7 2 6 91% 820 1635 662 98%
c ]  0.05  4 10 2 1 109 1 1774 1195 4.2 21 5 2 5 88% 823 1635 662 98%
c {  0.05  4 12 2 1 109 2 1774 1195 2.2 17 8 3 9 85% 823 1635 662 98%
c -  0.06  4 12 2 2 109 2 2001 1131 2.5 18 7 3 8 85% 823 1635 662 98%
c }  0.08  4 11 3 2 109 2 2775 1790 2.9 20 7 3 8 87% 825 1635 662 98%
c [  0.08  4 10 3 2 109 1 2775 1790 4.2 21 5 2 5 88% 825 1635 662 98%
c W  0.08  4 10 3 2 109 1 2775 1790 4.2 21 5 2 5 88% 825 1635 662 98%
c
c seconds  switched  rate       size/glue tier1   binary      remaining
c        MB reductions conflicts      size  tier2   irredundant
c         level restarts   redundant    glue   trail      variables
c
c -  0.09  4 13 3 3 109 1 3415 2038 3.2 22 7 2 7 89% 827 1635 662 98%
c u  0.10  4 14 3 3 109 1 3666 2003 3.1 23 7 2 7 89% 833 1635 662 98%
c v  0.10  4 14 3 3 109 1 3666 1444 3.1 23 7 2 7 89% 833 1635 662 98%
c w  0.10  4 14 3 3 109 1 3666 1435 3.1 23 7 2 7 89% 833 1635 662 98%
c x  0.10  4 14 3 3 109 1 3666 1435 3.1 23 7 2 7 89% 839 1600 662 98%
c =  0.12  4 14 3 3 109 1 3666 1435 3.1 23 7 2 7 89% 881 1598 641 95%
c d  0.12  4 14 3 3 109 1 3666 1435 3.1 23 7 2 7 89% 819 1598 641 95%
c t  0.12  4 14 3 3 109 1 3666 1435 3.1 23 7 2 7 89% 809 1598 641 95%
c u  0.12  4 14 3 3 109 1 3666 1378 3.1 23 7 2 7 89% 810 1598 641 95%
c v  0.12  4 14 3 3 109 1 3666 1213 3.1 23 7 2 7 89% 810 1598 641 95%
c w  0.12  4 14 3 3 109 1 3666 1202 3.1 23 7 2 7 89% 810 1598 641 95%
c x  0.13  4 14 3 3 109 1 3666 1202 3.1 23 7 2 7 89% 810 1593 641 95%
c ]  0.15  4 14 4 3 110 1 4283 1729 2.7 21 8 2 9 89% 812 1593 641 95%
c {  0.15  4 11 4 3 110 2 4283 1729 2.9 20 7 3 8 87% 812 1593 641 95%
c -  0.17  5 13 4 4 329 2 5148 1951 2.6 20 8 2 8 85% 816 1593 641 95%
c }  0.20  5 14 5 4 575 2 6636 3313 2.5 19 8 2 8 80% 828 1593 641 95%
c [  0.20  5 14 5 4 575 1 6636 3313 2.7 21 8 2 9 89% 828 1593 641 95%
c I  0.20  5 14 5 4 575 1 6636 3313 2.7 21 8 2 9 89% 828 1593 641 95%
c -  0.20  5 14 5 5 575 1 7148 3112 2.6 21 8 2 9 88% 829 1593 641 95%
c -  0.24  5 13 5 6 577 1 9384 4163 2.5 20 8 2 9 88% 830 1593 641 95%
c
c seconds  switched  rate       size/glue tier1   binary      remaining
c        MB reductions conflicts      size  tier2   irredundant
c         level restarts   redundant    glue   trail      variables
c
c ]  0.25  5 12 6 6 577 1 9798 4512 2.5 20 8 2 9 88% 831 1593 641 95%
c {  0.25  5 14 6 6 577 2 9798 4512 2.5 19 8 2 8 80% 831 1593 641 95%
c o  0.25  5 14 6 6 589 2 10071 4765 2.5 19 8 2 8 80% 831 1593 641 95%
c u  0.28  4 14 6 6 871 2 11315 5555 2.3 18 8 2 8 80% 835 1593 641 95%
c v  0.29  5 14 6 6 871 2 11315 5498 2.3 18 8 2 8 80% 835 1593 641 95%
c w  0.29  5 14 6 6 871 2 11315 5491 2.3 18 8 2 8 80% 835 1593 641 95%
c t  0.29  5 14 6 6 871 2 11315 5491 2.3 18 8 2 8 80% 830 1593 641 95%
c -  0.30  5 14 6 7 902 2 11833 4820 2.3 18 8 2 8 81% 830 1593 641 95%
c }  0.32  5 13 7 7 999 2 13868 6495 2.1 16 8 2 8 77% 836 1593 641 95%
c [  0.32  5 12 7 7 999 1 13868 6495 2.5 20 8 2 9 88% 836 1593 641 95%
c B  0.32  5 12 7 7 999 1 13868 6495 2.5 20 8 2 9 88% 836 1593 641 95%
c -  0.34  5 12 7 8 999 1 14478 5542 2.4 20 8 2 9 88% 836 1593 641 95%
c ]  0.39  5 12 8 8 1001 1 17098 7454 2.2 19 9 2 9 88% 836 1593 641 95%
c {  0.39  5 13 8 8 1001 2 17098 7454 2.1 16 8 2 8 77% 836 1593 641 95%
c -  0.39  5 14 8 9 1054 2 17308 5745 2.1 17 8 2 8 77% 836 1593 641 95%
c s  0.42  5 13 8 9 1144 2 18330 6709 2.2 17 8 2 8 78% 839 1590 641 95%
c e  0.42  5 13 8 9 1144 2 18330 6709 2.2 17 8 2 8 78% 839 1586 640 94%
c ^  0.42  5 13 8 9 1144 2 18330 6709 2.2 17 8 2 8 78% 839 1586 640 94%
c o  0.47  6 13 8 9 1207 2 20245 8040 2.2 17 8 2 7 80% 842 1586 640 94%
c -  0.48  6 13 8 10 1221 2 20310 6376 2.1 17 8 2 7 80% 842 1586 640 94%
c
c seconds  switched    rate        size/glue tier1   binary      remaining
c        MB  reductions  conflicts       size  tier2   irredundant
c         level   restarts    redundant    glue   trail      variables
c
c u  0.56  6 13 8 10 1411 2 23176 8460 2.1 17 8 2 7 81% 846 1586 640 94%
c v  0.56  6 13 8 10 1411 2 23176 8425 2.1 17 8 2 7 81% 846 1586 640 94%
c w  0.57  6 13 8 10 1411 2 23176 8384 2.1 17 8 2 7 81% 846 1586 640 94%
c x  0.57  6 13 8 10 1411 2 23176 8384 2.1 17 8 2 7 81% 846 1558 640 94%
c t  0.60  6 13 8 10 1411 2 23176 8384 2.1 17 8 2 7 81% 845 1558 640 94%
c }  0.61  6 13 9 10 1421 2 23259 8444 2.1 17 8 2 7 81% 845 1558 640 94%
c [  0.61  6 12 9 10 1421 1 23259 8444 2.2 19 9 2 9 88% 845 1558 640 94%
c W  0.61  5 12 9 10 1421 1 23259 8444 2.2 19 9 2 9 88% 845 1558 640 94%
c -  0.61  5 12 9 11 1421 1 23472 6818 2.2 19 9 2 9 88% 845 1558 640 94%
c -  0.68  5 12 9 12 1423 1 26788 6637 2.1 18 9 2 8 88% 847 1558 640 94%
c -  0.75  5 12 9 13 1426 1 30252 6370 2.0 17 9 2 8 88% 848 1558 640 94%
c O  0.76  5 12 9 13 1426 1 30788 6717 2.0 17 9 2 8 89% 848 1558 640 94%
c ]  0.78  5 12 10 13 1427 1 31784 7479 2.0 17 9 2 8 89% 848 1558 640 94%
c {  0.78  5 13 10 13 1427 2 31784 7479 2.1 17 8 2 7 81% 848 1558 640 94%
c -  0.84  6 12 10 14 1549 2 33857 6994 2.1 17 8 1 6 81% 849 1558 640 94%
c e  0.91  6 12 10 14 1727 2 36689 9025 2.1 16 8 1 5 82% 849 1559 639 94%
c ^  0.91  6 12 10 14 1727 2 36689 9025 2.1 16 8 1 5 82% 849 1559 639 94%
c -  0.93  6 12 10 15 1820 2 37598 7734 2.1 16 8 1 5 80% 850 1559 639 94%
c u  1.00  6 12 10 15 2224 2 39540 8964 2.1 17 8 1 5 81% 853 1559 639 94%
c v  1.00  6 12 10 15 2224 2 39540 8864 2.1 17 8 1 5 81% 853 1559 639 94%
c
c seconds   switched    rate        size/glue tier1   binary      remaining
c        MB   reductions  conflicts       size  tier2   irredundant
c         level    restarts    redundant    glue   trail      variables
c
c w  1.01  7 12 10 15 2224 2 39540 8820 2.1 17 8 1 5 81% 853 1559 639 94%
c x  1.01  7 12 10 15 2224 2 39540 8820 2.1 17 8 1 5 81% 853 1552 639 94%
c t  1.01  7 12 10 15 2224 2 39540 8820 2.1 17 8 1 5 81% 852 1552 639 94%
c }  1.04  6 12 11 15 2344 2 40412 9498 2.1 17 8 1 5 81% 854 1552 639 94%
c [  1.04  6 12 11 15 2344 1 40412 9498 2.0 17 9 2 8 89% 854 1552 639 94%
c B  1.04  6 12 11 15 2344 1 40550 9579 2.0 17 9 2 8 89% 854 1552 639 94%
c o  1.04  6 12 11 15 2344 1 40550 9579 2.0 17 9 2 8 89% 854 1552 639 94%
c -  1.06  6 12 11 16 2345 1 41471 7854 2.0 17 9 2 8 89% 854 1552 639 94%
c -  1.14  6 12 11 17 2347 1 45471 7301 1.9 17 9 2 7 89% 855 1552 639 94%
c -  1.22  6 11 11 18 2350 1 49594 6831 1.9 16 9 2 7 89% 855 1552 639 94%
c W  1.29  5 11 11 18 2351 1 52772 8892 1.9 16 9 2 7 89% 855 1552 639 94%
c ]  1.30  5 11 12 18 2351 1 53343 9272 1.9 16 9 2 7 89% 855 1552 639 94%
c {  1.30  5 12 12 18 2351 2 53343 9272 2.1 17 8 1 5 81% 855 1552 639 94%
c -  1.31  5 12 12 19 2351 2 53836 7060 2.1 17 8 1 5 81% 855 1552 639 94%
c i  1.38  5 12 12 19 2416 2 56659 8761 2.1 16 8 1 5 82% 871 1552 638 94%
c -  1.43  6 12 12 20 2735 2 58195 6998 2.1 16 8 1 5 82% 852 1552 638 94%
c u  1.50  5 12 12 20 2965 2 60611 8314 2.0 16 8 1 5 82% 858 1551 638 94%
c v  1.52  5 12 12 20 2965 2 60611 7904 2.0 16 8 1 5 82% 858 1551 638 94%
c w  1.52  5 12 12 20 2965 2 60611 7883 2.0 16 8 1 5 82% 858 1551 638 94%
c d  1.52  5 12 12 20 2965 2 60611 7883 2.0 16 8 1 5 82% 856 1551 637 94%
c
c seconds   switched    rate        size/glue tier1   binary      remaining
c        MB   reductions  conflicts       size  tier2   irredundant
c         level    restarts    redundant    glue   trail      variables
c
c t  1.52  5 12 12 20 2965 2 60611 7883 2.0 16 8 1 5 82% 855 1551 637 94%
c u  1.53  5 12 12 20 2965 2 60611 7809 2.0 16 8 1 5 82% 855 1551 637 94%
c v  1.54  6 12 12 20 2965 2 60611 7704 2.0 16 8 1 5 82% 855 1551 637 94%
c w  1.55  6 12 12 20 2965 2 60611 7678 2.0 16 8 1 5 82% 855 1551 637 94%
c x  1.55  6 12 12 20 2965 2 60611 7678 2.0 16 8 1 5 82% 855 1542 637 94%
c =  1.60  6 12 12 20 2965 2 60611 7678 2.0 16 8 1 5 82% 857 1538 635 94%
c d  1.60  6 12 12 20 2965 2 60611 7601 2.0 16 8 1 5 82% 855 1538 635 94%
c -  1.66  6 12 12 21 3073 2 62668 7243 2.1 17 8 1 5 83% 855 1538 635 94%
c }  1.72  6 12 13 21 3483 2 64823 8954 2.1 17 8 1 5 83% 857 1538 635 94%
c [  1.72  6 11 13 21 3483 1 64823 8954 1.9 16 9 2 7 89% 857 1538 635 94%
c -  1.78  6 11 13 22 3485 1 67250 8314 1.9 16 9 2 7 89% 857 1538 635 94%
c I  1.79  6 11 13 22 3485 1 67677 8664 1.9 16 9 2 7 89% 857 1538 635 94%
c o  1.85  6 11 13 22 3488 1 70973 11022 1.9 16 9 2 7 89% 857 1538 635 94%
c -  1.87  6 11 13 23 3488 1 71940 8250 1.9 16 9 2 7 89% 857 1538 635 94%
c e  1.98  6 11 13 23 3489 1 76538 11231 1.9 16 9 2 7 88% 854 1536 633 93%
c ^  1.98  6 11 13 23 3489 1 76538 11231 1.9 16 9 2 7 88% 854 1536 633 93%
c -  1.99  6 11 13 24 3489 1 76735 7814 1.9 16 9 2 7 88% 854 1536 633 93%
c ]  2.03  6 11 14 24 3491 1 78881 9131 1.9 16 9 2 7 88% 855 1536 633 93%
c {  2.03  6 12 14 24 3491 2 78881 9131 2.1 17 8 1 5 83% 855 1536 633 93%
c -  2.11  6 12 14 25 3880 2 81633 8225 2.1 17 8 1 5 83% 855 1536 633 93%
c
c seconds   switched    rate         size/glue tier1   binary      remaining
c        MB   reductions  conflicts        size  tier2   irredundant
c         level    restarts     redundant    glue   trail      variables
c
c u  2.25  7 12 14 25 3880 2 86555 11054 2.1 17 8 1 5 84% 857 1536 633 93%
c v  2.27  7 12 14 25 3880 2 86555 10731 2.1 17 8 1 5 84% 857 1536 633 93%
c w  2.28  7 12 14 25 3880 2 86555 10534 2.1 17 8 1 5 84% 857 1536 633 93%
c t  2.28  7 12 14 25 3880 2 86555 10534 2.1 17 8 1 5 84% 855 1536 633 93%
c -  2.28  6 12 14 26 3895 2 86633 8432 2.1 17 8 1 4 84% 855 1536 633 93%
c -  2.44  6 12 14 27 4046 2 91733 10988 2.1 17 8 1 4 83% 856 1536 633 93%
c }  2.51  6 12 15 27 4046 2 93596 12667 2.2 17 8 1 4 83% 856 1536 633 93%
c [  2.51  6 11 15 27 4046 1 93596 12667 1.9 16 9 2 7 88% 856 1536 633 93%
c B  2.51  6 11 15 27 4046 1 93596 12667 1.9 16 9 2 7 88% 856 1536 633 93%
c -  2.59  7 11 15 28 4048 1 96929 11846 1.9 16 9 2 7 88% 856 1536 633 93%
c -  2.73  7 11 15 29 4052 1 102220 10686 1.9 16 8 1 6 88% 857 1536 633 93%
c -  2.86  7 11 15 30 4054 1 107607 9950 1.9 16 8 1 6 88% 858 1536 633 93%
c ]  2.95  7 10 16 30 4057 1 111580 12184 1.9 15 8 1 6 88% 861 1536 633 93%
c {  2.95  7 12 16 30 4057 2 111580 12184 2.2 17 8 1 4 83% 861 1536 633 93%
c i  2.96  7 12 16 30 4057 2 111906 12332 2.2 17 8 1 4 83% 871 1536 632 93%
c o  2.96  7 12 16 30 4057 2 111906 12332 2.2 17 8 1 4 83% 871 1536 632 93%
c -  2.99  6 11 16 31 4057 2 113084 6893 2.2 17 8 1 4 83% 842 1536 632 93%
c i  3.10  6 11 16 31 4060 2 117102 9278 2.2 16 7 1 4 84% 852 1536 603 89%
c b  3.11  6 11 16 31 4060 2 117546 5406 2.2 16 7 1 4 84% 980 1306 602 89%
c u  3.12  6 11 16 31 4060 2 117546 4856 2.2 16 7 1 4 84% 1001 1306 602 89%
c
c seconds   switched    rate         size/glue tier1    binary      remaining
c        MB   reductions  conflicts        size  tier2    irredundant
c         level    restarts     redundant    glue   trail       variables
c
c v  3.15  6 11 16 31 4060 2 117546 3876 2.2 16 7 1 4 84% 1029 1306 602 89%
c w  3.16  6 11 16 31 4060 2 117546 3801 2.2 16 7 1 4 84% 1032 1306 602 89%
c =  3.26  6 11 16 31 4060 2 117546 3801 2.2 16 7 1 4 84% 1194 1298 521 77%
c d  3.26  6 11 16 31 4060 2 117546 3791 2.2 16 7 1 4 84% 880 1297 521 77%
c t  3.26  6 11 16 31 4060 2 117546 3791 2.2 16 7 1 4 84% 808 1297 521 77%
c u  3.27  5 11 16 31 4060 2 117546 3445 2.2 16 7 1 4 84% 699 1297 521 77%
c v  3.29  5 11 16 31 4060 2 117546 2689 2.2 16 7 1 4 84% 702 1297 521 77%
c w  3.30  5 11 16 31 4060 2 117546 2571 2.2 16 7 1 4 84% 703 1297 521 77%
c x  3.30  5 11 16 31 4060 2 117546 2571 2.2 16 7 1 4 84% 708 1259 521 77%
c t  3.40  5 11 16 31 4060 2 117546 2571 2.2 16 7 1 4 84% 702 1259 521 77%
c -  3.42  5 11 16 32 4060 2 118653 2929 2.2 16 7 1 4 84% 702 1259 521 77%
c i  3.45  5 11 16 32 4060 2 119822 3682 2.2 16 7 1 4 84% 714 1259 492 73%
c i  3.49  5 11 16 32 4060 2 121996 5547 2.2 16 7 1 4 84% 722 1259 474 70%
c i  3.50  5 11 16 32 4060 2 122350 5847 2.2 16 7 1 4 84% 728 1259 473 70%
c i  3.50  5 11 16 32 4060 2 122365 5855 2.2 16 7 1 4 84% 730 1259 471 69%
c i  3.50  5 11 16 32 4060 2 122434 5879 2.2 16 7 1 4 84% 738 1259 443 65%
c i  3.50  5 11 16 32 4060 2 122499 5908 2.2 16 7 1 4 84% 744 1258 441 65%
c i  3.50  5 11 16 32 4060 2 122529 5921 2.2 16 7 1 4 84% 747 1258 376 55%
c i  3.50  5 11 16 32 4060 2 122534 5921 2.2 16 7 1 4 84% 751 1258 335 49%
c i  3.50  5 11 16 32 4060 2 122535 5921 2.2 16 7 1 4 84% 751 1258 321 47%
c
c seconds   switched    rate         size/glue tier1   binary      remaining
c        MB   reductions  conflicts        size  tier2   irredundant
c         level    restarts     redundant    glue   trail      variables
c
c i  3.50  5 11 16 32 4060 2 122542 5924 2.2 16 7 1 4 84% 754 1258 302 45%
c i  3.50  5 11 16 32 4060 2 122543 5924 2.2 16 7 1 4 84% 754 1258 166 24%
c }  3.50  5 11 16 32 4060 2 122545 5924 2.2 16 7 1 4 84% 754 1258 35 5%
c 0  3.50  5 11 16 32 4060 2 122545 5924 2.2 16 7 1 4 84% 754 1258 35 5%
c
c ---- [ result ] ------------------------------------------------------------
c
s UNSATISFIABLE
c
c ---- [ profiling ] ---------------------------------------------------------
c
c           2.89   82.64 %  search
c           1.55   44.36 %  focused
c           1.34   38.29 %  stable
c           0.60   17.17 %  probe
c           0.59   16.83 %  simplify
c           0.33    9.50 %  sweep
c           0.25    7.18 %  vivify
c           0.03    0.76 %  reduce
c           0.02    0.51 %  preprocess
c           0.01    0.27 %  substitute
c           0.00    0.12 %  walking
c           0.00    0.09 %  congruence
c           0.00    0.08 %  factor
c           0.00    0.04 %  eliminate
c           0.00    0.04 %  transitive
c           0.00    0.02 %  backbone
c           0.00    0.01 %  subsume
c           0.00    0.01 %  lucky
c           0.00    0.01 %  parse
c =============================================
c           3.50  100.00 %  total
c
c ---- [ statistics ] --------------------------------------------------------
c
c conflicts:                           122545            34994.02 per second
c congruent:                               27                4 %  variables
c decisions:                           167913                1.37 per conflict
c eliminated:                               4                1 %  variables
c factored:                                21                3 %  variables
c iterations:                              15                2 %  variables
c propagations:                      23949843          6839131    per second
c reductions:                              32             3830    interval
c reordered:                                5            24509    interval
c rephased:                                10            12254    interval
c restarts:                              4060               30    interval
c strengthened:                             5                0 %  checks
c substituted:                            138               20 %  variables
c subsumed:                                 3                0 %  checks
c switched:                                16             7659    interval
c vivified:                             13363               45 %  checks
c walks:                                    3            40848    interval
c
c ---- [ glue usage ] --------------------------------------------------------
c
c focused glue 1 used 448377 clauses 57.86% accumulated 57.86% tier1
c focused glue 2 used 164429 clauses 21.22% accumulated 79.08%
c focused glue 3 used  64884 clauses  8.37% accumulated 87.46%
c focused glue 4 used  28542 clauses  3.68% accumulated 91.14% tier2
c
c stable glue 1   used 356601 clauses 51.74% accumulated 51.74% tier1
c stable glue 2   used 137232 clauses 19.91% accumulated 71.65%
c stable glue 3-4 used  91879 clauses 13.33% accumulated 84.98%
c stable glue 5   used  21446 clauses  3.11% accumulated 88.09%
c stable glue 6   used  18152 clauses  2.63% accumulated 90.72% tier2
c
c ---- [ resources ] ---------------------------------------------------------
c
c maximum-resident-set-size:        423305216 bytes        404 MB
c process-time:                             3s               3.50 seconds
c
c ---- [ shutting down ] -----------------------------------------------------
c
c exit 20
