c ---- [ banner ] ------------------------------------------------------------
c
c Kissat SAT Solver
c 
c Copyright (c) 2021-2024 Armin Biere University of Freiburg
c Copyright (c) 2019-2021 Armin Biere Johannes Kepler University Linz
c 
c Version 4.0.4 8af8e56f174b778aef3aa45af9f739b2a5f492c2
c gcc (GCC) 15.2.1 20260123 (Red Hat 15.2.1-7) -W -Wall -O3 -DNDEBUG
c Thu Apr 23 06:47:51 PM IST 2026 Linux krishnendu-LN 6.19.12-200.fc43.x86_64 x86_64
c
c ---- [ parsing ] -----------------------------------------------------------
c
c opened and reading DIMACS file:
c
c   /home/krishnendu/Research/fv-invariant-mining/data/circuits/cnf/miter_mult_8bit.cnf
c
c parsed 'p cnf 679 2553' header
c closing input after reading 37235 bytes (36 KB)
c finished parsing after 0.00 seconds
c
c ---- [ options ] -----------------------------------------------------------
c
c --decay=130                      (different from default '50')
c --eliminateeffort=400            (different from default '100')
c
c ---- [ solving ] -----------------------------------------------------------
c
c seconds switched rate     size/glue tier1 binary      remaining
c        MB reductions conflicts size  tier2  irredundant
c         level restarts redundant glue  trail      variables
c
c *  0.00  3 0 0 0  0 0   0   0 0.0 0 0 0 0 0% 887 1664 676 100%
c (  0.00  3 0 0 0  0 0   0   0 0.0 0 0 0 0 0% 887 1664 676 100%
c .  0.00  3 0 0 0  0 0   0   0 0.0 0 0 0 0 0% 883 1664 676 100%
c c  0.00  3 0 0 0  0 0   0   0 0.0 0 0 0 0 0% 919 1662 649 96%
c d  0.00  3 0 0 0  0 0   0   0 0.0 0 0 0 0 0% 829 1662 649 96%
c =  0.02  3 0 0 0  0 0   0   0 0.0 0 0 0 0 0% 843 1650 641 95%
c d  0.02  3 0 0 0  0 0   0   0 0.0 0 0 0 0 0% 823 1650 641 95%
c f  0.02  3 0 0 0  0 0   0   0 0.0 0 0 0 0 0% 812 1635 662 98%
c )  0.02  3 0 0 0  0 0   0   0 0.0 0 0 0 0 0% 812 1635 662 98%
c {  0.02  3 0 0 0  0 0   0   0 0.0 0 0 2 6 0% 812 1635 662 98%
c -  0.04  4 12 0 1 109 2 1000 541 2.2 17 8 3 9 85% 820 1635 662 98%
c }  0.04  4 12 1 1 109 2 1000 541 2.2 17 8 3 9 85% 820 1635 662 98%
c [  0.04  4 0 1 1 109 0 1000 541 0.0 0 0 2 6 0% 820 1635 662 98%
c B  0.04  4 9 1 1 109 1 1005 543 1.3 9 7 2 6 91% 820 1635 662 98%
c ]  0.06  4 9 2 1 109 1 1781 1224 4.3 20 5 2 6 85% 821 1635 662 98%
c {  0.06  4 12 2 1 109 2 1781 1224 2.2 17 8 3 9 85% 821 1635 662 98%
c -  0.07  4 12 2 2 109 2 2001 1229 2.5 19 7 3 8 87% 821 1635 662 98%
c }  0.08  4 11 3 2 179 2 2782 1923 2.9 20 7 2 8 86% 824 1635 662 98%
c [  0.08  4 9 3 2 179 1 2782 1923 4.3 20 5 2 6 85% 824 1635 662 98%
c W  0.08  4 9 3 2 179 1 2782 1923 4.3 20 5 2 6 85% 824 1635 662 98%
c
c seconds  switched  rate       size/glue tier1   binary      remaining
c        MB reductions conflicts      size  tier2   irredundant
c         level restarts   redundant    glue   trail      variables
c
c -  0.10  4 11 3 3 179 1 3415 2047 2.8 20 7 2 8 88% 825 1635 662 98%
c u  0.10  4 12 3 3 179 1 3667 2020 2.6 20 8 2 8 89% 830 1635 662 98%
c v  0.11  4 12 3 3 179 1 3667 1742 2.6 20 8 2 8 89% 830 1635 662 98%
c w  0.11  4 12 3 3 179 1 3667 1722 2.6 20 8 2 8 89% 830 1635 662 98%
c x  0.11  4 12 3 3 179 1 3667 1722 2.6 20 8 2 8 89% 836 1603 662 98%
c =  0.13  4 12 3 3 179 1 3667 1722 2.6 20 8 2 8 89% 878 1601 641 95%
c d  0.13  4 12 3 3 179 1 3667 1722 2.6 20 8 2 8 89% 816 1601 641 95%
c t  0.13  4 12 3 3 179 1 3667 1722 2.6 20 8 2 8 89% 807 1601 641 95%
c u  0.13  4 12 3 3 179 1 3667 1680 2.6 20 8 2 8 89% 809 1601 641 95%
c v  0.13  4 12 3 3 179 1 3667 1398 2.6 20 8 2 8 89% 809 1601 641 95%
c w  0.13  4 12 3 3 179 1 3667 1382 2.6 20 8 2 8 89% 809 1601 641 95%
c x  0.14  4 12 3 3 179 1 3667 1381 2.6 20 8 2 8 89% 809 1596 641 95%
c ]  0.16  4 13 4 3 180 1 4024 1686 2.3 20 8 2 8 85% 809 1595 641 95%
c {  0.16  4 11 4 3 180 2 4024 1686 2.9 20 7 2 8 86% 809 1595 641 95%
c -  0.18  4 13 4 4 456 2 5148 1983 2.5 19 8 2 8 82% 814 1595 641 95%
c }  0.21  5 13 5 4 583 2 6377 3048 2.4 18 8 2 7 82% 818 1595 641 95%
c [  0.21  5 13 5 4 583 1 6377 3048 2.3 20 8 2 8 85% 818 1595 641 95%
c I  0.21  5 13 5 4 583 1 6377 3048 2.3 20 8 2 8 85% 818 1595 641 95%
c -  0.23  5 13 5 5 583 1 7148 3066 2.3 19 8 2 9 85% 820 1595 641 95%
c -  0.27  5 13 5 6 585 1 9385 4018 2.2 19 9 2 9 83% 822 1595 641 95%
c
c seconds  switched  rate       size/glue tier1   binary      remaining
c        MB reductions conflicts      size  tier2   irredundant
c         level restarts   redundant    glue   trail      variables
c
c ]  0.27  5 13 6 6 585 1 9954 4491 2.2 19 9 2 9 83% 822 1595 641 95%
c {  0.27  5 13 6 6 585 2 9954 4491 2.4 18 8 2 7 82% 822 1595 641 95%
c o  0.28  5 13 6 6 606 2 10226 4737 2.4 18 8 2 7 82% 823 1595 641 95%
c u  0.30  4 13 6 6 819 2 11316 5473 2.3 18 8 2 7 80% 828 1595 641 95%
c v  0.31  4 13 6 6 819 2 11316 5397 2.3 18 8 2 7 80% 828 1595 641 95%
c w  0.31  5 13 6 6 819 2 11316 5235 2.3 18 8 2 7 80% 828 1595 641 95%
c t  0.31  5 13 6 6 819 2 11316 5235 2.3 18 8 2 7 80% 824 1595 641 95%
c -  0.32  5 13 6 7 942 3 11835 4407 2.2 17 8 2 8 79% 827 1595 641 95%
c }  0.35  5 13 7 7 1201 2 14023 6232 2.1 17 8 2 8 79% 836 1595 641 95%
c [  0.35  5 13 7 7 1201 1 14023 6232 2.2 19 9 2 9 83% 836 1595 641 95%
c B  0.35  5 13 7 7 1201 1 14023 6232 2.2 19 9 2 9 83% 836 1595 641 95%
c -  0.36  5 13 7 8 1201 1 14481 5172 2.2 18 8 3 9 82% 836 1595 641 95%
c -  0.41  5 12 7 9 1203 1 17310 5718 2.0 18 9 2 9 83% 836 1595 641 95%
c ]  0.42  5 12 8 9 1203 1 17781 6046 2.0 18 9 2 9 84% 836 1595 641 95%
c {  0.42  5 13 8 9 1203 2 17781 6046 2.1 17 8 2 8 79% 836 1595 641 95%
c s  0.44  5 13 8 9 1294 2 18331 6526 2.1 17 8 2 8 79% 839 1592 641 95%
c e  0.44  5 13 8 9 1294 2 18331 6526 2.1 17 8 2 8 79% 236 1940 398 59%
c s  0.44  5 13 8 9 1294 2 18331 6526 2.1 17 8 2 8 79% 238 1868 398 59%
c e  0.44  5 13 8 9 1294 2 18331 6526 2.1 17 8 2 8 79% 228 1876 392 58%
c ^  0.44  5 13 8 9 1294 2 18331 6526 2.1 17 8 2 8 79% 228 1876 392 58%
c
c seconds  switched    rate        size/glue tier1   binary      remaining
c        MB  reductions  conflicts       size  tier2   irredundant
c         level   restarts    redundant    glue   trail      variables
c
c -  0.48  5 13 8 10 1439 2 20311 2912 2.2 18 8 2 8 81% 233 1876 392 58%
c o  0.53  5 12 8 10 1447 2 23032 5102 2.3 18 8 2 8 82% 233 1876 392 58%
c u  0.54  5 12 8 10 1449 2 23182 5009 2.3 18 8 2 8 82% 233 1876 392 58%
c v  0.55  6 12 8 10 1449 2 23182 4920 2.3 18 8 2 8 82% 233 1876 392 58%
c w  0.55  6 12 8 10 1449 2 23182 4847 2.3 18 8 2 8 82% 233 1876 392 58%
c x  0.55  6 12 8 10 1449 2 23182 4845 2.3 18 8 2 8 82% 235 1793 392 58%
c =  0.58  6 12 8 10 1449 2 23182 4845 2.3 18 8 2 8 82% 235 1789 391 58%
c t  0.58  6 12 8 10 1449 2 23182 4786 2.3 18 8 2 8 82% 231 1789 391 58%
c f  0.58  6 12 8 10 1449 2 23182 4786 2.3 18 8 2 8 82% 252 1742 403 59%
c u  0.58  6 12 8 10 1449 2 23182 4662 2.3 18 8 2 8 82% 252 1742 403 59%
c v  0.59  6 12 8 10 1449 2 23182 4390 2.3 18 8 2 8 82% 252 1742 403 59%
c w  0.59  6 12 8 10 1449 2 23182 4380 2.3 18 8 2 8 82% 252 1742 403 59%
c x  0.59  6 12 8 10 1449 2 23182 4380 2.3 18 8 2 8 82% 252 1736 403 59%
c -  0.62  6 13 8 11 1461 2 23474 4119 2.3 18 8 2 7 82% 252 1736 403 59%
c }  0.63  6 13 9 11 1544 2 23941 4432 2.3 18 8 2 7 82% 252 1736 403 59%
c [  0.63  6 12 9 11 1544 1 23941 4432 2.0 18 9 2 9 84% 252 1736 403 59%
c W  0.63  5 12 9 11 1544 1 23941 4432 2.0 18 9 2 9 84% 252 1736 403 59%
c -  0.68  5 13 9 12 1546 1 26791 5178 2.0 17 9 2 9 83% 253 1736 403 59%
c -  0.74  5 13 9 13 1549 1 30256 5797 2.0 18 9 2 9 85% 253 1736 403 59%
c ]  0.75  5 13 10 13 1549 1 31023 6489 2.0 18 9 2 9 85% 253 1736 403 59%
c
c seconds   switched    rate        size/glue tier1   binary      remaining
c        MB   reductions  conflicts       size  tier2   irredundant
c         level    restarts    redundant    glue   trail      variables
c
c {  0.75  5 13 10 13 1549 2 31023 6489 2.3 18 8 2 7 82% 253 1736 403 59%
c -  0.83  6 13 10 14 1908 2 33861 6989 2.3 18 8 2 7 83% 255 1736 403 59%
c e  0.91  6 12 10 14 1983 2 37143 9138 2.2 17 8 2 7 83% 193 1834 354 52%
c s  0.91  6 12 10 14 1983 2 37143 9138 2.2 17 8 2 7 83% 195 1810 354 52%
c e  0.91  6 12 10 14 1983 2 37143 9138 2.2 17 8 2 7 83% 194 1811 353 52%
c ^  0.91  6 12 10 14 1983 2 37143 9138 2.2 17 8 2 7 83% 194 1811 353 52%
c -  0.92  6 12 10 15 2004 2 37603 4017 2.2 17 8 2 6 83% 194 1811 353 52%
c }  0.96  6 12 11 15 2289 2 39650 5554 2.2 17 8 2 6 83% 197 1811 353 52%
c [  0.96  6 13 11 15 2289 1 39650 5554 2.0 18 9 2 9 85% 197 1811 353 52%
c O  0.96  6 13 11 15 2289 1 39650 5554 2.0 18 9 2 9 85% 197 1811 353 52%
c u  0.98  5 13 11 15 2289 1 40091 5454 2.0 18 9 2 9 85% 197 1811 353 52%
c v  1.00  5 13 11 15 2289 1 40091 5104 2.0 18 9 2 9 85% 197 1811 353 52%
c w  1.00  5 13 11 15 2289 1 40091 5044 2.0 18 9 2 9 85% 197 1811 353 52%
c t  1.00  5 13 11 15 2289 1 40091 5044 2.0 18 9 2 9 85% 196 1811 353 52%
c f  1.00  5 13 11 15 2289 1 40091 5044 2.0 18 9 2 9 85% 198 1803 355 52%
c u  1.01  5 13 11 15 2289 1 40091 4940 2.0 18 9 2 9 85% 198 1803 355 52%
c v  1.02  5 13 11 15 2289 1 40091 4697 2.0 18 9 2 9 85% 198 1803 355 52%
c w  1.02  5 13 11 15 2289 1 40091 4652 2.0 18 9 2 9 85% 198 1803 355 52%
c x  1.02  5 13 11 15 2289 1 40091 4648 2.0 18 9 2 9 85% 202 1753 355 52%
c =  1.07  5 13 11 15 2289 1 40091 4648 2.0 18 9 2 9 85% 204 1751 354 52%
c
c seconds   switched    rate        size/glue tier1   binary      remaining
c        MB   reductions  conflicts       size  tier2   irredundant
c         level    restarts    redundant    glue   trail      variables
c
c d  1.07  5 13 11 15 2289 1 40091 4648 2.0 18 9 2 9 85% 202 1751 354 52%
c t  1.07  5 13 11 15 2289 1 40091 4648 2.0 18 9 2 9 85% 200 1751 354 52%
c -  1.10  6 13 11 16 2290 1 41475 4430 2.0 18 9 2 9 85% 200 1751 354 52%
c -  1.17  6 13 11 17 2293 1 45476 5117 2.0 18 9 2 8 85% 201 1749 354 52%
c B  1.25  6 12 11 17 2295 1 49411 8012 2.0 18 9 2 8 85% 201 1749 354 52%
c o  1.25  6 12 11 17 2295 1 49411 8012 2.0 18 9 2 8 85% 201 1749 354 52%
c -  1.25  6 12 11 18 2295 1 49601 5961 2.0 17 9 2 8 85% 201 1749 354 52%
c ]  1.29  6 12 12 18 2296 1 52250 7903 1.9 17 9 2 8 86% 201 1749 354 52%
c {  1.29  6 12 12 18 2296 2 52250 7903 2.2 17 8 2 6 83% 201 1749 354 52%
c -  1.33  6 12 12 19 2619 2 53843 6673 2.2 17 8 2 6 84% 201 1749 354 52%
c -  1.43  6 12 12 20 3020 2 58201 7300 2.1 17 8 1 6 84% 202 1749 354 52%
c u  1.54  6 12 12 20 3823 2 61935 10004 2.1 17 8 1 6 84% 205 1749 354 52%
c v  1.55  7 12 12 20 3823 2 61935 9885 2.1 17 8 1 6 84% 205 1749 354 52%
c w  1.55  7 12 12 20 3823 2 61935 9865 2.1 17 8 1 6 84% 205 1749 354 52%
c x  1.56  6 12 12 20 3823 2 61935 9864 2.1 17 8 1 6 84% 208 1742 354 52%
c t  1.61  6 12 12 20 3823 2 61935 9864 2.1 17 8 1 6 84% 207 1742 354 52%
c -  1.63  7 12 12 21 4013 2 62673 7658 2.1 17 8 1 6 84% 207 1742 354 52%
c }  1.67  6 12 13 21 4137 2 63730 8390 2.1 17 8 1 6 84% 207 1742 354 52%
c [  1.67  6 12 13 21 4137 1 63730 8390 1.9 17 9 2 8 86% 207 1742 354 52%
c W  1.67  6 12 13 21 4137 1 63730 8390 1.9 17 9 2 8 86% 207 1742 354 52%
c
c seconds   switched    rate        size/glue tier1   binary      remaining
c        MB   reductions  conflicts       size  tier2   irredundant
c         level    restarts    redundant    glue   trail      variables
c
c -  1.73  6 12 13 22 4139 1 67256 7721 1.9 17 9 2 8 86% 208 1742 354 52%
c -  1.81  6 12 13 23 4143 1 71946 7733 1.9 17 9 2 8 86% 208 1742 354 52%
c -  1.89  6 12 13 24 4144 1 76741 7971 1.9 17 9 2 8 85% 208 1742 354 52%
c s  1.92  6 12 13 24 4146 1 78270 9116 1.9 16 9 2 8 85% 209 1738 354 52%
c e  1.92  6 12 13 24 4146 1 78270 9116 1.9 16 9 2 8 85% 148 1854 320 47%
c s  1.92  6 12 13 24 4146 1 78270 9116 1.9 16 9 2 8 85% 148 1842 320 47%
c ^  1.92  6 12 13 24 4146 1 78270 9116 1.9 16 9 2 8 85% 148 1842 320 47%
c I  1.93  6 12 13 24 4146 1 78634 6440 1.9 16 9 2 8 85% 148 1842 320 47%
c -  1.98  6 12 13 25 4148 1 81640 6377 1.9 16 9 2 8 85% 149 1842 320 47%
c ]  1.99  6 12 14 25 4149 1 82387 6896 1.9 16 9 2 8 85% 149 1842 320 47%
c {  1.99  6 12 14 25 4149 2 82387 6896 2.1 17 8 1 6 84% 149 1842 320 47%
c o  1.99  6 12 14 25 4154 2 82404 6907 2.1 17 8 1 6 84% 149 1842 320 47%
c -  2.08  6 12 14 26 4385 2 86640 8255 2.1 17 8 1 6 85% 149 1842 320 47%
c u  2.14  7 12 14 26 4421 2 88816 9737 2.1 17 8 1 6 85% 150 1842 320 47%
c v  2.16  6 12 14 26 4421 2 88816 8297 2.1 17 8 1 6 85% 153 1842 320 47%
c w  2.17  6 12 14 26 4421 2 88816 7340 2.1 17 8 1 6 85% 153 1842 320 47%
c t  2.17  6 12 14 26 4421 2 88816 7340 2.1 17 8 1 6 85% 152 1842 320 47%
c f  2.17  6 12 14 26 4421 2 88816 7340 2.1 17 8 1 6 85% 155 1834 321 47%
c u  2.18  6 12 14 26 4421 2 88816 7283 2.1 17 8 1 6 85% 155 1834 321 47%
c v  2.19  6 12 14 26 4421 2 88816 6931 2.1 17 8 1 6 85% 155 1834 321 47%
c
c seconds   switched    rate        size/glue tier1   binary      remaining
c        MB   reductions  conflicts       size  tier2   irredundant
c         level    restarts    redundant    glue   trail      variables
c
c w  2.20  6 12 14 26 4421 2 88816 6856 2.1 17 8 1 6 85% 155 1834 321 47%
c x  2.20  6 12 14 26 4421 2 88816 6853 2.1 17 8 1 6 85% 158 1799 321 47%
c t  2.26  6 12 14 26 4421 2 88816 6853 2.1 17 8 1 6 85% 157 1799 321 47%
c -  2.31  6 12 14 27 4485 2 91739 7255 2.1 17 8 1 5 85% 158 1799 321 47%
c -  2.42  6 11 14 28 4489 2 96936 8860 2.0 16 8 1 5 84% 163 1799 321 47%
c }  2.43  6 11 15 28 4489 2 97102 8980 2.0 16 8 1 5 84% 163 1799 321 47%
c [  2.43  6 12 15 28 4489 1 97102 8980 1.9 16 9 2 8 85% 163 1799 321 47%
c B  2.43  6 12 15 28 4489 1 97102 8980 1.9 16 9 2 8 85% 163 1799 321 47%
c -  2.59  7 12 15 29 4492 1 102228 9430 1.8 16 9 2 8 84% 163 1799 321 47%
c -  2.71  7 11 15 30 4495 1 107615 8589 1.8 16 9 2 7 84% 164 1799 321 47%
c ]  2.75  7 11 16 30 4496 1 109960 10004 1.8 16 9 2 7 85% 165 1799 321 47%
c {  2.75  7 11 16 30 4496 2 109960 10004 2.0 16 8 1 5 84% 165 1799 321 47%
c -  2.81  6 11 16 31 4496 2 113092 9155 2.0 15 8 1 5 84% 173 1799 321 47%
c i  2.81  6 11 16 31 4496 2 113431 9280 2.0 15 8 1 5 84% 182 1799 320 47%
c -  2.91  7 11 16 32 4682 2 118659 8091 2.1 15 8 1 5 85% 167 1799 320 47%
c i  2.96  6 11 16 32 4682 2 120566 9326 2.1 15 7 1 5 85% 175 1799 319 47%
c u  2.98  7 11 16 32 4682 2 120901 8838 2.1 15 7 1 5 85% 197 1706 319 47%
c v  3.00  6 11 16 32 4682 2 120901 8296 2.1 15 7 1 5 85% 201 1706 319 47%
c w  3.00  7 11 16 32 4682 2 120901 7996 2.1 15 7 1 5 85% 201 1706 319 47%
c x  3.01  7 11 16 32 4682 2 120901 7994 2.1 15 7 1 5 85% 217 1648 319 47%
c
c seconds   switched    rate         size/glue tier1   binary      remaining
c        MB   reductions  conflicts        size  tier2   irredundant
c         level    restarts     redundant    glue   trail      variables
c
c d  3.01  7 11 16 32 4682 2 120901 7846 2.1 15 7 1 5 85% 201 1647 311 46%
c t  3.01  7 11 16 32 4682 2 120901 7846 2.1 15 7 1 5 85% 190 1647 311 46%
c u  3.02  7 11 16 32 4682 2 120901 7735 2.1 15 7 1 5 85% 193 1647 311 46%
c v  3.03  7 11 16 32 4682 2 120901 7092 2.1 15 7 1 5 85% 197 1647 311 46%
c w  3.04  7 11 16 32 4682 2 120901 6774 2.1 15 7 1 5 85% 197 1647 311 46%
c x  3.04  7 11 16 32 4682 2 120901 6774 2.1 15 7 1 5 85% 197 1642 311 46%
c t  3.04  7 11 16 32 4682 2 120901 6774 2.1 15 7 1 5 85% 191 1642 311 46%
c i  3.11  7 11 16 32 4714 2 124088 8676 2.1 15 7 1 5 85% 200 1642 307 45%
c o  3.11  7 11 16 32 4714 2 124088 8676 2.1 15 7 1 5 85% 200 1642 307 45%
c -  3.12  6 11 16 33 4714 2 124315 5077 2.1 15 7 1 5 85% 507 1642 307 45%
c i  3.14  6 10 16 33 4714 2 125193 5539 2.1 15 7 1 5 85% 515 1642 304 45%
c i  3.17  6 10 16 33 4714 2 126837 6730 2.1 15 7 1 5 85% 525 1642 302 45%
c i  3.19  6 10 16 33 4714 2 127615 7400 2.1 15 7 1 5 85% 535 1642 300 44%
c i  3.19  6 10 16 33 4714 2 127927 7514 2.1 15 7 1 5 85% 543 1642 291 43%
c i  3.19  6 10 16 33 4714 2 128014 7584 2.1 15 7 1 5 85% 551 1642 286 42%
c i  3.20  6 10 16 33 4714 2 128056 7601 2.1 15 7 1 5 85% 559 1642 285 42%
c i  3.20  6 10 16 33 4714 2 128088 7620 2.1 15 7 1 5 85% 564 1642 283 42%
c i  3.20  6 10 16 33 4714 2 128090 7620 2.1 15 7 1 5 85% 565 1642 271 40%
c i  3.20  6 10 16 33 4714 2 128100 7620 2.1 15 7 1 5 85% 569 1642 260 38%
c i  3.20  6 10 16 33 4714 2 128102 7621 2.1 15 7 1 5 85% 569 1642 252 37%
c
c seconds   switched    rate         size/glue tier1   binary      remaining
c        MB   reductions  conflicts        size  tier2   irredundant
c         level    restarts     redundant    glue   trail      variables
c
c }  3.20  6 10 16 33 4714 2 128104 7621 2.1 15 7 1 5 85% 569 1642 100 15%
c 0  3.20  6 10 16 33 4714 2 128104 7621 2.1 15 7 1 5 85% 569 1642 100 15%
c
c ---- [ result ] ------------------------------------------------------------
c
s UNSATISFIABLE
c
c ---- [ profiling ] ---------------------------------------------------------
c
c           2.64   82.69 %  search
c           1.48   46.26 %  focused
c           1.16   36.43 %  stable
c           0.54   16.88 %  probe
c           0.53   16.66 %  simplify
c           0.27    8.33 %  vivify
c           0.25    7.87 %  sweep
c           0.03    0.88 %  reduce
c           0.02    0.63 %  preprocess
c           0.01    0.34 %  substitute
c           0.01    0.25 %  eliminate
c           0.01    0.19 %  factor
c           0.00    0.15 %  walking
c           0.00    0.10 %  congruence
c           0.00    0.05 %  subsume
c           0.00    0.04 %  transitive
c           0.00    0.02 %  backbone
c           0.00    0.01 %  parse
c           0.00    0.01 %  lucky
c =============================================
c           3.20  100.00 %  total
c
c ---- [ statistics ] --------------------------------------------------------
c
c conflicts:                           128104            40052.66 per second
c congruent:                               27                4 %  variables
c decisions:                           176043                1.37 per conflict
c eliminated:                             333               49 %  variables
c factored:                                36                5 %  variables
c iterations:                              14                2 %  variables
c propagations:                      16042427          5015784    per second
c reductions:                              33             3882    interval
c reordered:                                5            25621    interval
c rephased:                                10            12810    interval
c restarts:                              4714               27    interval
c strengthened:                           116                0 %  checks
c substituted:                             64                9 %  variables
c subsumed:                               110                0 %  checks
c switched:                                16             8006    interval
c vivified:                             15726               42 %  checks
c walks:                                    3            42701    interval
c
c ---- [ glue usage ] --------------------------------------------------------
c
c focused glue 1 used 360561 clauses 51.16% accumulated 51.16% tier1
c focused glue 2 used 159126 clauses 22.58% accumulated 73.73%
c focused glue 3 used  71667 clauses 10.17% accumulated 83.90%
c focused glue 4 used  34075 clauses  4.83% accumulated 88.74%
c focused glue 5 used  21969 clauses  3.12% accumulated 91.85% tier2
c
c stable glue 2   used 115355 clauses 21.35% accumulated 65.34% tier1
c stable glue 3   used  55104 clauses 10.20% accumulated 75.54%
c stable glue 4-5 used  51063 clauses  9.45% accumulated 84.99%
c stable glue 6   used  16669 clauses  3.08% accumulated 88.07%
c stable glue 7   used  14832 clauses  2.74% accumulated 90.82% tier2
c
c ---- [ resources ] ---------------------------------------------------------
c
c maximum-resident-set-size:        386809856 bytes        369 MB
c process-time:                             3s               3.20 seconds
c
c ---- [ shutting down ] -----------------------------------------------------
c
c exit 20
