c ---- [ banner ] ------------------------------------------------------------
c
c Kissat SAT Solver
c 
c Copyright (c) 2021-2024 Armin Biere University of Freiburg
c Copyright (c) 2019-2021 Armin Biere Johannes Kepler University Linz
c 
c Version 4.0.4 8af8e56f174b778aef3aa45af9f739b2a5f492c2
c gcc (GCC) 15.2.1 20260123 (Red Hat 15.2.1-7) -W -Wall -O3 -DNDEBUG
c Thu Apr 23 06:47:51 PM IST 2026 Linux krishnendu-LN 6.19.12-200.fc43.x86_64 x86_64
c
c ---- [ parsing ] -----------------------------------------------------------
c
c opened and reading DIMACS file:
c
c   /home/krishnendu/Research/fv-invariant-mining/data/circuits/cnf/miter_mult_8bit.cnf
c
c parsed 'p cnf 679 2553' header
c closing input after reading 37235 bytes (36 KB)
c finished parsing after 0.00 seconds
c
c ---- [ options ] -----------------------------------------------------------
c
c --decay=60                       (different from default '50')
c --eliminateeffort=1200           (different from default '100')
c
c ---- [ solving ] -----------------------------------------------------------
c
c seconds switched rate     size/glue tier1 binary      remaining
c        MB reductions conflicts size  tier2  irredundant
c         level restarts redundant glue  trail      variables
c
c *  0.00  3 0 0 0  0 0   0   0 0.0 0 0 0 0 0% 887 1664 676 100%
c (  0.00  3 0 0 0  0 0   0   0 0.0 0 0 0 0 0% 887 1664 676 100%
c .  0.00  3 0 0 0  0 0   0   0 0.0 0 0 0 0 0% 883 1664 676 100%
c c  0.00  3 0 0 0  0 0   0   0 0.0 0 0 0 0 0% 919 1662 649 96%
c d  0.00  3 0 0 0  0 0   0   0 0.0 0 0 0 0 0% 829 1662 649 96%
c =  0.02  3 0 0 0  0 0   0   0 0.0 0 0 0 0 0% 843 1650 641 95%
c d  0.02  3 0 0 0  0 0   0   0 0.0 0 0 0 0 0% 823 1650 641 95%
c f  0.02  3 0 0 0  0 0   0   0 0.0 0 0 0 0 0% 812 1635 662 98%
c )  0.02  3 0 0 0  0 0   0   0 0.0 0 0 0 0 0% 812 1635 662 98%
c {  0.02  3 0 0 0  0 0   0   0 0.0 0 0 2 6 0% 812 1635 662 98%
c -  0.04  4 12 0 1 109 2 1000 541 2.2 17 8 3 9 85% 820 1635 662 98%
c }  0.04  4 12 1 1 109 2 1000 541 2.2 17 8 3 9 85% 820 1635 662 98%
c [  0.04  4 0 1 1 109 0 1000 541 0.0 0 0 2 6 0% 820 1635 662 98%
c B  0.04  4 9 1 1 109 1 1005 543 1.3 9 7 2 6 91% 820 1635 662 98%
c ]  0.05  4 10 2 1 109 1 1866 1288 3.9 21 5 2 6 89% 820 1635 662 98%
c {  0.05  4 12 2 1 109 2 1866 1288 2.2 17 8 3 9 85% 820 1635 662 98%
c -  0.06  4 12 2 2 109 2 2001 1197 2.4 18 8 3 9 85% 820 1635 662 98%
c }  0.08  4 12 3 2 109 2 2868 1949 2.8 19 7 2 8 86% 822 1635 662 98%
c [  0.08  4 10 3 2 109 1 2868 1949 3.9 21 5 2 6 89% 822 1635 662 98%
c W  0.08  4 10 3 2 109 1 2868 1949 3.9 21 5 2 6 89% 822 1635 662 98%
c
c seconds  switched  rate       size/glue tier1   binary      remaining
c        MB reductions conflicts      size  tier2   irredundant
c         level restarts   redundant    glue   trail      variables
c
c -  0.08  4 11 3 3 109 1 3416 2022 2.8 20 7 2 7 90% 824 1635 662 98%
c u  0.09  4 12 3 3 109 1 3666 2109 2.7 20 7 2 7 91% 831 1635 662 98%
c v  0.10  4 12 3 3 109 1 3666 1586 2.7 20 7 2 7 91% 831 1635 662 98%
c w  0.10  4 12 3 3 109 1 3666 1544 2.7 20 7 2 7 91% 831 1635 662 98%
c x  0.10  4 12 3 3 109 1 3666 1544 2.7 20 7 2 7 91% 837 1601 662 98%
c =  0.11  4 12 3 3 109 1 3666 1544 2.7 20 7 2 7 91% 879 1599 641 95%
c d  0.11  4 12 3 3 109 1 3666 1544 2.7 20 7 2 7 91% 817 1599 641 95%
c t  0.11  4 12 3 3 109 1 3666 1544 2.7 20 7 2 7 91% 808 1599 641 95%
c u  0.11  4 12 3 3 109 1 3666 1505 2.7 20 7 2 7 91% 809 1599 641 95%
c v  0.12  4 12 3 3 109 1 3666 1341 2.7 20 7 2 7 91% 809 1599 641 95%
c w  0.12  4 12 3 3 109 1 3666 1330 2.7 20 7 2 7 91% 809 1599 641 95%
c x  0.12  4 12 3 3 109 1 3666 1329 2.7 20 7 2 7 91% 809 1595 641 95%
c ]  0.15  4 12 4 3 110 1 4191 1722 2.4 19 8 2 7 90% 809 1595 641 95%
c {  0.15  4 12 4 3 110 2 4191 1722 2.8 19 7 2 8 86% 809 1595 641 95%
c -  0.17  5 13 4 4 394 3 5149 1832 2.4 19 8 2 8 82% 813 1594 641 95%
c }  0.20  5 13 5 4 552 3 6544 3019 2.4 18 8 2 7 82% 818 1594 641 95%
c [  0.20  5 12 5 4 552 1 6544 3019 2.4 19 8 2 7 90% 818 1594 641 95%
c I  0.20  5 12 5 4 552 1 6544 3019 2.4 19 8 2 7 90% 818 1594 641 95%
c -  0.21  5 12 5 5 552 1 7149 2819 2.2 18 8 2 9 90% 818 1594 641 95%
c -  0.25  5 12 5 6 554 1 9386 3737 2.0 17 8 2 9 89% 821 1594 641 95%
c
c seconds  switched  rate       size/glue tier1   binary      remaining
c        MB reductions conflicts      size  tier2   irredundant
c         level restarts   redundant    glue   trail      variables
c
c ]  0.26  5 12 6 6 554 1 9612 3921 2.0 17 8 2 9 89% 821 1594 641 95%
c {  0.26  5 13 6 6 554 3 9612 3921 2.4 18 8 2 7 82% 821 1594 641 95%
c o  0.27  5 13 6 6 608 2 10480 4617 2.3 18 8 2 7 81% 821 1594 641 95%
c u  0.29  4 13 6 6 690 2 11318 5121 2.2 17 8 2 7 80% 828 1594 641 95%
c v  0.30  5 13 6 6 690 2 11318 5046 2.2 17 8 2 7 80% 828 1594 641 95%
c w  0.30  5 13 6 6 690 2 11318 5036 2.2 17 8 2 7 80% 828 1594 641 95%
c t  0.30  5 13 6 6 690 2 11318 5036 2.2 17 8 2 7 80% 825 1594 641 95%
c -  0.31  5 13 6 7 749 2 11835 4227 2.1 17 8 2 8 80% 825 1594 641 95%
c }  0.35  5 13 7 7 937 2 13681 5685 2.1 16 8 2 8 81% 827 1594 641 95%
c [  0.35  5 12 7 7 937 1 13681 5685 2.0 17 8 2 9 89% 827 1594 641 95%
c B  0.35  5 12 7 7 937 1 13681 5685 2.0 17 8 2 9 89% 827 1594 641 95%
c -  0.37  5 12 7 8 937 1 14480 4932 2.0 17 9 2 9 88% 827 1594 641 95%
c ]  0.43  5 12 8 8 939 1 17303 6818 1.8 16 9 2 9 88% 829 1594 641 95%
c {  0.43  5 13 8 8 939 2 17303 6818 2.1 16 8 2 8 81% 829 1594 641 95%
c -  0.43  5 13 8 9 939 2 17309 5246 2.1 16 8 2 8 81% 829 1594 641 95%
c s  0.46  5 13 8 9 1165 2 18329 6143 2.0 16 8 2 8 81% 829 1591 641 95%
c e  0.46  5 13 8 9 1165 2 18329 6143 2.0 16 8 2 8 81% 256 1897 403 59%
c 2  0.46  5 13 8 9 1165 2 18329 6143 2.0 16 8 2 8 81% 254 1897 403 59%
c s  0.46  5 13 8 9 1165 2 18329 6143 2.0 16 8 2 8 81% 258 1841 403 59%
c e  0.46  5 13 8 9 1165 2 18329 6143 2.0 16 8 2 8 81% 248 1850 397 59%
c
c seconds  switched   rate        size/glue tier1   binary      remaining
c        MB reductions  conflicts       size  tier2   irredundant
c         level  restarts    redundant    glue   trail      variables
c
c ^  0.46  5 13 8 9 1165 2 18329 6143 2.0 16 8 2 8 81% 248 1850 397 59%
c -  0.50  5 13 8 10 1188 2 20311 3312 2.2 17 8 2 8 82% 250 1850 397 59%
c u  0.56  5 12 8 10 1188 2 23184 5726 2.3 18 8 2 7 81% 250 1850 397 59%
c v  0.56  6 12 8 10 1188 2 23184 5441 2.3 18 8 2 7 81% 250 1850 397 59%
c w  0.57  6 12 8 10 1188 2 23184 5329 2.3 18 8 2 7 81% 250 1850 397 59%
c x  0.57  6 12 8 10 1188 2 23184 5324 2.3 18 8 2 7 81% 252 1779 397 59%
c =  0.59  6 12 8 10 1188 2 23184 5324 2.3 18 8 2 7 81% 252 1775 396 58%
c t  0.60  6 12 8 10 1188 2 23184 5299 2.3 18 8 2 7 81% 248 1775 396 58%
c f  0.60  6 12 8 10 1188 2 23184 5299 2.3 18 8 2 7 81% 274 1719 411 61%
c u  0.60  6 12 8 10 1188 2 23184 5186 2.3 18 8 2 7 81% 274 1719 411 61%
c v  0.61  6 12 8 10 1188 2 23184 4967 2.3 18 8 2 7 81% 274 1719 411 61%
c w  0.61  6 12 8 10 1188 2 23184 4919 2.3 18 8 2 7 81% 274 1719 411 61%
c x  0.61  6 12 8 10 1188 2 23184 4919 2.3 18 8 2 7 81% 275 1708 411 61%
c o  0.64  6 12 8 10 1188 2 23184 4919 2.3 18 8 2 7 81% 275 1708 411 61%
c }  0.64  6 13 9 10 1235 2 23464 5167 2.3 18 8 2 7 81% 275 1708 411 61%
c [  0.64  6 12 9 10 1235 1 23464 5167 1.8 16 9 2 9 88% 275 1708 411 61%
c W  0.64  5 12 9 10 1235 1 23464 5167 1.8 16 9 2 9 88% 275 1708 411 61%
c -  0.64  5 12 9 11 1235 1 23474 4521 1.8 16 9 2 9 88% 275 1708 411 61%
c -  0.69  5 12 9 12 1237 1 26790 5395 1.8 16 9 2 9 88% 275 1708 411 61%
c -  0.75  5 12 9 13 1240 1 30254 5697 1.8 17 9 2 9 87% 275 1708 411 61%
c
c seconds  switched    rate        size/glue tier1   binary      remaining
c        MB  reductions  conflicts       size  tier2   irredundant
c         level   restarts    redundant    glue   trail      variables
c
c O  0.76  5 12 9 13 1240 1 30993 6207 1.8 16 9 2 9 88% 275 1708 411 61%
c ]  0.77  5 12 10 13 1241 1 31721 6682 1.8 16 9 2 9 86% 275 1708 411 61%
c {  0.77  5 13 10 13 1241 2 31721 6682 2.3 18 8 2 7 81% 275 1708 411 61%
c -  0.82  6 13 10 14 1741 2 33860 6391 2.2 18 8 2 7 82% 276 1708 411 61%
c e  0.89  6 13 10 14 2023 2 37150 9228 2.2 18 8 2 7 83% 207 1818 351 52%
c s  0.89  6 13 10 14 2023 2 37150 9228 2.2 18 8 2 7 83% 210 1795 351 52%
c e  0.90  6 13 10 14 2023 2 37150 9228 2.2 18 8 2 7 83% 206 1801 349 51%
c ^  0.90  6 13 10 14 2023 2 37150 9228 2.2 18 8 2 7 83% 206 1801 349 51%
c -  0.91  6 13 10 15 2054 2 37602 4252 2.2 18 8 2 6 83% 207 1801 349 51%
c i  0.94  6 12 10 15 2054 2 39152 5083 2.2 17 8 2 6 84% 218 1801 347 51%
c u  0.96  6 12 10 15 2134 2 40100 5233 2.2 17 8 1 6 83% 207 1785 347 51%
c v  0.98  6 12 10 15 2134 2 40100 4730 2.2 17 8 1 6 83% 207 1785 347 51%
c w  0.98  6 12 10 15 2134 2 40100 4577 2.2 17 8 1 6 83% 207 1785 347 51%
c d  0.98  6 12 10 15 2134 2 40100 4577 2.2 17 8 1 6 83% 203 1782 345 51%
c t  0.98  6 12 10 15 2134 2 40100 4577 2.2 17 8 1 6 83% 202 1782 345 51%
c f  0.98  6 12 10 15 2134 2 40100 4577 2.2 17 8 1 6 83% 205 1773 347 51%
c }  0.99  6 12 11 15 2134 2 40350 4812 2.2 17 8 1 6 83% 205 1773 347 51%
c [  0.99  6 12 11 15 2134 1 40350 4812 1.8 16 9 2 9 86% 205 1773 347 51%
c B  1.00  6 12 11 15 2134 1 40755 5173 1.9 16 9 2 9 86% 205 1773 347 51%
c -  1.01  6 12 11 16 2135 1 41474 4875 1.9 17 9 2 9 86% 205 1773 347 51%
c
c seconds   switched    rate        size/glue tier1   binary      remaining
c        MB   reductions  conflicts       size  tier2   irredundant
c         level    restarts    redundant    glue   trail      variables
c
c -  1.06  6 12 11 17 2137 1 45475 5823 1.8 16 9 2 9 87% 205 1773 347 51%
c -  1.12  6 11 11 18 2140 1 49599 5831 1.8 16 9 2 8 87% 205 1773 347 51%
c W  1.16  6 11 11 18 2141 1 52979 7935 1.8 16 9 2 8 86% 205 1773 347 51%
c o  1.16  6 11 11 18 2141 1 52979 7935 1.8 16 9 2 8 86% 205 1773 347 51%
c -  1.18  6 11 11 19 2142 1 53842 6344 1.8 16 9 2 8 86% 205 1773 347 51%
c ]  1.19  6 11 12 19 2142 1 54291 6570 1.8 16 9 2 8 86% 205 1773 347 51%
c {  1.19  6 12 12 19 2142 2 54291 6570 2.2 17 8 1 6 83% 205 1773 347 51%
c -  1.28  6 13 12 20 2920 2 58201 7160 2.1 17 8 1 6 83% 207 1773 347 51%
c u  1.37  7 13 12 20 3586 2 61892 9520 2.1 17 8 1 6 84% 209 1773 347 51%
c v  1.38  7 13 12 20 3586 2 61892 9210 2.1 17 8 1 6 84% 209 1773 347 51%
c w  1.39  7 13 12 20 3586 2 61892 9132 2.1 17 8 1 6 84% 209 1773 347 51%
c x  1.39  6 13 12 20 3586 2 61892 9129 2.1 17 8 1 6 84% 211 1735 347 51%
c =  1.44  6 13 12 20 3586 2 61892 9129 2.1 17 8 1 6 84% 213 1733 346 51%
c d  1.44  6 13 12 20 3586 2 61892 9125 2.1 17 8 1 6 84% 211 1733 346 51%
c u  1.44  7 13 12 20 3586 2 61892 9087 2.1 17 8 1 6 84% 211 1733 346 51%
c v  1.45  7 13 12 20 3586 2 61892 8825 2.1 17 8 1 6 84% 211 1733 346 51%
c w  1.46  7 13 12 20 3586 2 61892 8795 2.1 17 8 1 6 84% 211 1733 346 51%
c x  1.46  7 13 12 20 3586 2 61892 8795 2.1 17 8 1 6 84% 211 1732 346 51%
c -  1.53  7 13 12 21 3712 2 62674 6913 2.1 17 8 1 6 84% 211 1730 346 51%
c }  1.60  7 13 13 21 3983 2 65771 9694 2.2 18 8 1 6 84% 212 1730 346 51%
c
c seconds   switched    rate        size/glue tier1   binary      remaining
c        MB   reductions  conflicts       size  tier2   irredundant
c         level    restarts    redundant    glue   trail      variables
c
c [  1.60  7 11 13 21 3983 1 65771 9694 1.8 16 9 2 8 86% 212 1730 346 51%
c -  1.64  7 11 13 22 3984 1 67256 8938 1.8 16 9 2 8 86% 212 1730 346 51%
c I  1.65  7 11 13 22 3985 1 67884 9480 1.9 16 9 2 8 86% 212 1730 346 51%
c -  1.73  7 11 13 23 3988 1 71948 10429 1.9 16 9 2 8 87% 212 1730 346 51%
c -  1.83  7 11 13 24 3989 1 76744 10561 2.0 17 8 2 8 88% 212 1730 346 51%
c e  1.86  7 11 13 24 3990 1 78269 11937 2.0 17 8 2 8 88% 157 1824 318 47%
c s  1.86  7 11 13 24 3990 1 78269 11937 2.0 17 8 2 8 88% 157 1816 318 47%
c ^  1.87  7 11 13 24 3990 1 78269 11937 2.0 17 8 2 8 88% 157 1816 318 47%
c ]  1.88  7 11 14 24 3991 1 79327 9674 2.0 17 9 2 8 88% 157 1816 318 47%
c {  1.88  7 13 14 24 3991 2 79327 9674 2.2 18 8 1 6 84% 157 1816 318 47%
c -  1.94  7 13 14 25 4207 2 81643 8446 2.1 18 8 1 5 85% 157 1816 318 47%
c o  1.96  7 13 14 25 4208 2 83124 9843 2.2 18 8 1 5 85% 157 1816 318 47%
c -  2.05  7 12 14 26 4219 2 86644 10620 2.2 18 8 1 5 85% 157 1816 318 47%
c u  2.12  7 12 14 26 4219 2 88788 12100 2.3 18 8 1 5 85% 158 1816 318 47%
c v  2.13  8 12 14 26 4219 2 88788 11808 2.3 18 8 1 5 85% 158 1816 318 47%
c w  2.14  8 12 14 26 4219 2 88788 11672 2.3 18 8 1 5 85% 158 1816 318 47%
c -  2.22  7 12 14 27 4219 2 91743 12299 2.3 18 8 1 5 86% 158 1816 318 47%
c }  2.29  7 12 15 27 4291 2 94043 14135 2.4 18 8 1 5 86% 158 1816 318 47%
c [  2.29  7 11 15 27 4291 1 94043 14135 2.0 17 9 2 8 88% 158 1816 318 47%
c B  2.29  7 11 15 27 4291 1 94043 14135 2.0 17 9 2 8 88% 158 1816 318 47%
c
c seconds   switched    rate         size/glue tier1   binary      remaining
c        MB   reductions  conflicts        size  tier2   irredundant
c         level    restarts     redundant    glue   trail      variables
c
c -  2.35  7 11 15 28 4293 1 96940 11981 2.0 17 8 2 7 88% 158 1816 318 47%
c -  2.45  7 11 15 29 4296 1 102233 10588 1.9 16 8 2 7 88% 161 1816 318 47%
c i  2.47  7 11 15 29 4297 1 103226 10958 1.9 16 8 2 7 88% 168 1816 317 47%
c -  2.56  6 11 15 30 4299 1 107618 7410 1.9 16 8 1 7 88% 154 1816 317 47%
c ]  2.64  7 10 16 30 4302 1 111966 10217 1.9 15 8 1 7 88% 155 1816 317 47%
c {  2.64  7 12 16 30 4302 2 111966 10217 2.4 18 8 1 5 86% 155 1816 317 47%
c -  2.67  7 12 16 31 4331 2 113095 9270 2.3 18 8 1 5 86% 156 1816 317 47%
c i  2.77  7 11 16 31 4346 2 117279 11668 2.3 18 8 1 5 85% 171 1816 316 47%
c -  2.82  7 11 16 32 4346 2 118663 9601 2.3 18 8 1 5 85% 161 1757 316 47%
c i  2.86  7 11 16 32 4346 2 119818 10428 2.3 17 7 1 5 85% 171 1757 314 46%
c c  2.89  6 11 16 32 4346 2 120821 11273 2.3 17 7 1 5 85% 161 1742 312 46%
c d  2.89  6 11 16 32 4346 2 120821 10813 2.3 17 7 1 5 85% 163 1737 312 46%
c d  2.89  6 11 16 32 4346 2 120821 10631 2.3 17 7 1 5 85% 159 1729 310 46%
c b  2.89  6 11 16 32 4346 2 120821 10631 2.3 17 7 1 5 85% 159 1729 309 46%
c u  2.90  6 11 16 32 4346 2 120821 10264 2.3 17 7 1 5 85% 163 1729 309 46%
c v  2.92  7 11 16 32 4346 2 120821 10034 2.3 17 7 1 5 85% 164 1729 309 46%
c w  2.93  7 11 16 32 4346 2 120821 9787 2.3 17 7 1 5 85% 165 1729 309 46%
c x  2.93  7 11 16 32 4346 2 120821 9783 2.3 17 7 1 5 85% 166 1688 309 46%
c =  3.02  7 11 16 32 4346 2 120821 9783 2.3 17 7 1 5 85% 169 1680 305 45%
c d  3.02  7 11 16 32 4346 2 120821 8640 2.3 17 7 1 5 85% 166 1670 305 45%
c
c seconds   switched    rate         size/glue tier1   binary      remaining
c        MB   reductions  conflicts        size  tier2   irredundant
c         level    restarts     redundant    glue   trail      variables
c
c d  3.02  7 11 16 32 4346 2 120821 8640 2.3 17 7 1 5 85% 164 1670 304 45%
c t  3.02  7 11 16 32 4346 2 120821 8640 2.3 17 7 1 5 85% 159 1670 304 45%
c u  3.04  7 11 16 32 4346 2 120821 8231 2.3 17 7 1 5 85% 162 1670 304 45%
c v  3.06  7 11 16 32 4346 2 120821 7477 2.3 17 7 1 5 85% 164 1670 304 45%
c w  3.06  7 11 16 32 4346 2 120821 7281 2.3 17 7 1 5 85% 164 1670 304 45%
c x  3.07  7 11 16 32 4346 2 120821 7281 2.3 17 7 1 5 85% 164 1667 304 45%
c =  3.13  7 11 16 32 4346 2 120821 7281 2.3 17 7 1 5 85% 166 1665 303 45%
c d  3.13  7 11 16 32 4346 2 120821 7281 2.3 17 7 1 5 85% 164 1665 303 45%
c t  3.13  7 11 16 32 4346 2 120821 7281 2.3 17 7 1 5 85% 160 1665 303 45%
c i  3.15  7 11 16 32 4346 2 121424 7780 2.3 17 7 1 5 85% 164 1665 302 45%
c i  3.16  7 11 16 32 4346 2 121940 8159 2.3 17 7 1 5 85% 165 1664 301 44%
c i  3.17  7 11 16 32 4346 2 122433 8512 2.3 17 7 1 5 85% 169 1664 299 44%
c i  3.18  7 11 16 32 4346 2 122466 8518 2.3 17 7 1 5 85% 173 1663 295 44%
c i  3.18  7 11 16 32 4346 2 122591 8596 2.3 17 7 1 5 85% 177 1663 294 43%
c i  3.18  7 11 16 32 4346 2 122641 8604 2.3 17 7 1 5 85% 181 1663 292 43%
c i  3.18  7 11 16 32 4346 2 122692 8626 2.3 17 7 1 5 85% 184 1663 288 42%
c i  3.18  7 11 16 32 4346 2 122716 8626 2.3 17 7 1 5 85% 190 1663 284 42%
c i  3.18  7 11 16 32 4346 2 122720 8626 2.3 17 7 1 5 85% 193 1663 273 40%
c i  3.18  7 11 16 32 4346 2 122729 8629 2.3 17 7 1 5 85% 196 1663 272 40%
c i  3.18  7 11 16 32 4346 2 122730 8629 2.3 17 7 1 5 85% 196 1663 270 40%
c
c seconds   switched    rate         size/glue tier1   binary     remaining
c        MB   reductions  conflicts        size  tier2   irredundant
c         level    restarts     redundant    glue   trail     variables
c
c }  3.18  7 11 16 32 4346 2 122736 8629 2.3 17 7 1 5 85% 198 1663 90 13%
c 0  3.18  7 11 16 32 4346 2 122736 8629 2.3 17 7 1 5 85% 198 1663 90 13%
c
c ---- [ result ] ------------------------------------------------------------
c
s UNSATISFIABLE
c
c ---- [ profiling ] ---------------------------------------------------------
c
c           2.56   80.56 %  search
c           1.43   44.80 %  focused
c           1.14   35.75 %  stable
c           0.61   19.08 %  probe
c           0.60   18.85 %  simplify
c           0.35   10.88 %  sweep
c           0.24    7.54 %  vivify
c           0.03    0.92 %  reduce
c           0.02    0.58 %  preprocess
c           0.01    0.34 %  substitute
c           0.01    0.25 %  eliminate
c           0.01    0.17 %  factor
c           0.00    0.10 %  congruence
c           0.00    0.10 %  walking
c           0.00    0.04 %  subsume
c           0.00    0.03 %  transitive
c           0.00    0.01 %  backbone
c           0.00    0.01 %  lucky
c           0.00    0.01 %  parse
c =============================================
c           3.18  100.00 %  total
c
c ---- [ statistics ] --------------------------------------------------------
c
c conflicts:                           122736            38563.41 per second
c congruent:                               29                4 %  variables
c decisions:                           163976                1.34 per conflict
c eliminated:                             334               49 %  variables
c factored:                                38                6 %  variables
c iterations:                              16                2 %  variables
c propagations:                      16192420          5087627    per second
c reductions:                              32             3836    interval
c reordered:                                4            30684    interval
c rephased:                                10            12274    interval
c restarts:                              4346               28    interval
c strengthened:                           148                0 %  checks
c substituted:                             66               10 %  variables
c subsumed:                                83                0 %  checks
c switched:                                16             7671    interval
c vivified:                             12794               41 %  checks
c walks:                                    3            40912    interval
c
c ---- [ glue usage ] --------------------------------------------------------
c
c focused glue 1 used 395931 clauses 58.25% accumulated 58.25% tier1
c focused glue 2 used 131422 clauses 19.33% accumulated 77.58%
c focused glue 3 used  56838 clauses  8.36% accumulated 85.94%
c focused glue 4 used  27393 clauses  4.03% accumulated 89.97%
c focused glue 5 used  17343 clauses  2.55% accumulated 92.53% tier2
c
c stable glue 1   used 302140 clauses 51.61% accumulated 51.61% tier1
c stable glue 2   used 111511 clauses 19.05% accumulated 70.65%
c stable glue 3-5 used  95454 clauses 16.30% accumulated 86.96%
c stable glue 6   used  15561 clauses  2.66% accumulated 89.62%
c stable glue 7   used  14943 clauses  2.55% accumulated 92.17% tier2
c
c ---- [ resources ] ---------------------------------------------------------
c
c maximum-resident-set-size:        423305216 bytes        404 MB
c process-time:                             3s               3.18 seconds
c
c ---- [ shutting down ] -----------------------------------------------------
c
c exit 20
