c ---- [ banner ] ------------------------------------------------------------
c
c Kissat SAT Solver
c 
c Copyright (c) 2021-2024 Armin Biere University of Freiburg
c Copyright (c) 2019-2021 Armin Biere Johannes Kepler University Linz
c 
c Version 4.0.4 8af8e56f174b778aef3aa45af9f739b2a5f492c2
c gcc (GCC) 15.2.1 20260123 (Red Hat 15.2.1-7) -W -Wall -O3 -DNDEBUG
c Thu Apr 23 06:47:51 PM IST 2026 Linux krishnendu-LN 6.19.12-200.fc43.x86_64 x86_64
c
c ---- [ parsing ] -----------------------------------------------------------
c
c opened and reading DIMACS file:
c
c   /home/krishnendu/Research/fv-invariant-mining/data/circuits/cnf/miter_mult_8bit.cnf
c
c parsed 'p cnf 679 2553' header
c closing input after reading 37235 bytes (36 KB)
c finished parsing after 0.00 seconds
c
c ---- [ options ] -----------------------------------------------------------
c
c --decay=1                        (different from default '50')
c --eliminateeffort=0              (different from default '100')
c --stable=2                       (different from default '1')
c
c ---- [ solving ] -----------------------------------------------------------
c
c seconds switched rate     size/glue tier1 binary      remaining
c        MB reductions conflicts size  tier2  irredundant
c         level restarts redundant glue  trail      variables
c
c *  0.00  3 0 0 0  0 0   0   0 0.0 0 0 0 0 0% 887 1664 676 100%
c (  0.00  3 0 0 0  0 0   0   0 0.0 0 0 0 0 0% 887 1664 676 100%
c .  0.00  3 0 0 0  0 0   0   0 0.0 0 0 0 0 0% 883 1664 676 100%
c c  0.00  3 0 0 0  0 0   0   0 0.0 0 0 0 0 0% 919 1662 649 96%
c d  0.00  3 0 0 0  0 0   0   0 0.0 0 0 0 0 0% 829 1662 649 96%
c =  0.02  3 0 0 0  0 0   0   0 0.0 0 0 0 0 0% 843 1650 641 95%
c d  0.02  3 0 0 0  0 0   0   0 0.0 0 0 0 0 0% 823 1650 641 95%
c f  0.02  3 0 0 0  0 0   0   0 0.0 0 0 0 0 0% 812 1635 662 98%
c )  0.02  3 0 0 0  0 0   0   0 0.0 0 0 0 0 0% 812 1635 662 98%
c [  0.02  3 0 0 0  0 0   0   0 0.0 0 0 2 6 0% 812 1635 662 98%
c -  0.04  4 10 0 1  0 1 1000 850 3.4 21 6 4 8 82% 818 1635 662 98%
c B  0.04  4 10 0 1  0 1 1002 851 3.4 21 6 4 8 82% 818 1635 662 98%
c -  0.06  4 10 0 2  1 1 2002 1054 2.2 16 8 4 9 90% 818 1635 662 98%
c W  0.06  4 10 0 2  1 1 2004 1055 2.2 16 8 4 9 90% 818 1635 662 98%
c -  0.10  4 10 0 3  2 1 3417 964 1.9 15 8 3 9 93% 818 1635 662 98%
c u  0.10  4 10 0 3  2 1 3666 1003 1.8 15 8 3 9 93% 822 1635 662 98%
c v  0.10  4 10 0 3  2 1 3666 704 1.8 15 8 3 9 93% 822 1635 662 98%
c w  0.11  4 10 0 3  2 1 3666 508 1.8 15 8 3 9 93% 822 1635 662 98%
c x  0.11  4 10 0 3  2 1 3666 508 1.8 15 8 3 9 93% 828 1605 662 98%
c =  0.12  4 10 0 3  2 1 3666 508 1.8 15 8 3 9 93% 870 1603 641 95%
c
c seconds  switched rate      size/glue tier1   binary      remaining
c        MB reductions conflicts    size  tier2   irredundant
c         level restarts  redundant   glue   trail      variables
c
c d  0.12  4 10 0 3  2 1 3666 508 1.8 15 8 3 9 93% 808 1603 641 95%
c t  0.12  4 10 0 3  2 1 3666 508 1.8 15 8 3 9 93% 805 1603 641 95%
c u  0.12  4 10 0 3  2 1 3666 504 1.8 15 8 3 9 93% 805 1603 641 95%
c v  0.13  4 10 0 3  2 1 3666 417 1.8 15 8 3 9 93% 805 1603 641 95%
c w  0.13  4 10 0 3  2 1 3666 373 1.8 15 8 3 9 93% 805 1603 641 95%
c x  0.13  4 10 0 3  2 1 3666 373 1.8 15 8 3 9 93% 805 1601 641 95%
c I  0.15  4 10 0 3  3 1 4263 548 1.8 14 8 3 9 93% 805 1601 641 95%
c -  0.16  4 10 0 4  4 1 5149 1131 1.7 14 8 4 10 93% 805 1600 641 95%
c -  0.19  4 10 0 5  5 1 7149 2294 1.8 15 8 4 9 92% 806 1599 641 95%
c B  0.20  4 10 0 5  5 1 8034 3058 1.9 15 8 4 9 91% 806 1599 641 95%
c -  0.23  4 10 0 6  6 1 9385 3064 1.8 14 8 4 9 92% 806 1599 641 95%
c u  0.26  4 10 0 6  6 1 11315 4139 1.8 14 8 4 9 91% 812 1599 641 95%
c v  0.27  5 10 0 6  6 1 11315 3381 1.8 14 8 4 9 91% 812 1599 641 95%
c w  0.27  5 10 0 6  6 1 11315 3211 1.8 14 8 4 9 91% 812 1599 641 95%
c t  0.27  5 10 0 6  6 1 11315 3211 1.8 14 8 4 9 91% 811 1599 641 95%
c o  0.27  5 10 0 6  6 1 11315 3211 1.8 14 8 4 9 91% 811 1599 641 95%
c -  0.28  5 10 0 7  6 1 11834 2774 1.8 14 8 4 9 92% 811 1599 641 95%
c W  0.30  5 10 0 7  8 1 13565 3663 1.9 15 8 4 9 93% 811 1599 641 95%
c -  0.32  5 10 0 8  9 1 14480 3328 1.9 15 8 4 9 93% 811 1599 641 95%
c -  0.37  5 10 0 9 10 1 17309 3900 1.9 15 8 4 9 94% 813 1599 641 95%
c
c seconds  switched rate        size/glue tier1   binary      remaining
c        MB reductions conflicts      size  tier2   irredundant
c         level restarts   redundant    glue   trail      variables
c
c s  0.38  5 10 0 9 11 1 18330 4490 1.9 15 8 4 9 94% 813 1596 641 95%
c e  0.38  5 10 0 9 11 1 18330 4490 1.9 15 8 4 9 94% 811 1591 639 94%
c ^  0.38  5 10 0 9 11 1 18330 4490 1.9 15 8 4 9 94% 811 1591 639 94%
c -  0.42  5 10 0 10 12 1 20311 4299 1.9 15 8 4 9 93% 811 1591 639 94%
c O  0.43  5 10 0 10 13 1 21094 4669 1.9 15 8 4 9 93% 811 1591 639 94%
c u  0.47  5 10 0 10 13 1 23187 5426 1.8 15 8 4 9 93% 812 1591 639 94%
c v  0.48  5 10 0 10 13 1 23187 5356 1.8 15 8 4 9 93% 812 1591 639 94%
c w  0.48  5 10 0 10 13 1 23187 5279 1.8 15 8 4 9 93% 812 1591 639 94%
c x  0.48  6 10 0 10 13 1 23187 5279 1.8 15 8 4 9 93% 812 1589 639 94%
c t  0.51  6 10 0 10 13 1 23187 5279 1.8 15 8 4 9 93% 807 1589 639 94%
c o  0.51  6 10 0 10 13 1 23187 5279 1.8 15 8 4 9 93% 807 1589 639 94%
c -  0.52  6 10 0 11 13 1 23474 3829 1.8 15 8 3 9 93% 807 1589 639 94%
c -  0.58  6 10 0 12 14 1 26790 3113 1.8 14 8 3 9 94% 807 1589 639 94%
c -  0.67  5 10 0 13 14 1 30255 2523 1.7 14 8 3 9 94% 807 1589 639 94%
c B  0.68  5 10 0 13 14 1 30856 2576 1.7 14 8 3 9 94% 807 1589 639 94%
c -  0.72  6 10 0 14 15 1 33860 3329 1.7 14 8 3 8 94% 807 1589 639 94%
c e  0.77  6 10 0 14 17 1 36717 4782 1.7 14 8 3 8 94% 809 1589 638 94%
c ^  0.77  6 10 0 14 17 1 36717 4782 1.7 14 8 3 8 94% 809 1589 638 94%
c -  0.78  6 10 0 15 18 1 37602 4115 1.7 14 8 3 8 94% 809 1589 638 94%
c u  0.82  6 10 0 15 20 1 39559 5205 1.7 14 8 3 8 93% 810 1589 638 94%
c
c seconds  switched  rate        size/glue tier1   binary      remaining
c        MB  reductions conflicts      size  tier2   irredundant
c         level  restarts   redundant    glue   trail      variables
c
c v  0.83  6 10 0 15 20 1 39559 4403 1.7 14 8 3 8 93% 810 1589 638 94%
c w  0.84  6 10 0 15 20 1 39559 4042 1.7 14 8 3 8 93% 810 1589 638 94%
c t  0.84  6 10 0 15 20 1 39559 4042 1.7 14 8 3 8 93% 809 1589 638 94%
c -  0.86  6 9 0 16 21 1 41475 3745 1.7 14 8 3 8 93% 809 1589 638 94%
c W  0.89  5 9 0 16 21 1 43079 4552 1.7 14 8 3 8 93% 810 1589 638 94%
c -  0.93  5 10 0 17 22 1 45475 4125 1.7 13 8 3 8 93% 810 1589 638 94%
c -  1.00  5 9 0 18 25 1 49599 4190 1.7 13 8 3 8 93% 813 1589 638 94%
c -  1.08  5 9 0 19 28 1 53841 4013 1.6 13 8 3 8 93% 813 1589 638 94%
c I  1.17  5 9 0 19 29 1 57983 5185 1.6 13 8 3 8 93% 814 1589 638 94%
c o  1.17  5 9 0 19 29 1 57983 5185 1.6 13 8 3 8 93% 814 1589 638 94%
c -  1.17  5 9 0 20 29 1 58201 3953 1.6 13 8 3 8 93% 814 1589 638 94%
c u  1.22  5 9 0 20 29 1 60638 4370 1.6 12 8 3 8 94% 814 1589 638 94%
c v  1.23  5 9 0 20 29 1 60638 2611 1.6 12 8 3 8 94% 814 1589 638 94%
c w  1.24  5 9 0 20 29 1 60638 1728 1.6 12 8 3 8 94% 814 1589 638 94%
c t  1.24  5 9 0 20 29 1 60638 1728 1.6 12 8 3 8 94% 812 1589 638 94%
c -  1.28  5 9 0 21 29 1 62673 1804 1.6 12 8 2 8 94% 813 1589 638 94%
c i  1.37  5 9 0 21 30 1 66493 2318 1.6 12 7 2 8 94% 826 1589 637 94%
c -  1.38  5 9 0 22 30 1 67255 1447 1.6 12 7 2 8 94% 795 1589 637 94%
c -  1.45  5 9 0 23 30 1 71948 3003 1.6 12 7 2 8 94% 797 1589 637 94%
c i  1.51  5 9 0 23 30 1 75109 3538 1.6 11 7 2 8 94% 809 1589 635 94%
c
c seconds switched  rate        size/glue tier1   binary      remaining
c        MB reductions conflicts      size  tier2   irredundant
c         level restarts   redundant    glue   trail      variables
c
c B  1.53  5 9 0 23 30 1 75785 3794 1.6 11 7 2 8 94% 809 1589 635 94%
c e  1.54  5 9 0 23 30 1 76592 4058 1.6 11 7 2 8 94% 806 1543 634 94%
c ^  1.54  5 9 0 23 30 1 76592 4058 1.6 11 7 2 8 94% 806 1543 634 94%
c -  1.55  5 9 0 24 30 1 76743 1738 1.6 11 7 2 8 94% 780 1543 634 94%
c i  1.64  5 9 0 24 30 1 81637 2738 1.5 11 7 2 8 94% 793 1543 632 93%
c -  1.64  5 9 0 25 30 1 81641 1288 1.5 11 7 2 7 94% 766 1543 632 93%
c i  1.70  5 9 0 25 33 1 84565 1847 1.5 11 7 2 7 94% 777 1543 613 90%
c i  1.72  5 8 0 25 33 1 85534 2005 1.5 11 7 2 7 94% 787 1543 610 90%
c i  1.73  5 8 0 25 33 1 85978 2051 1.5 11 7 2 7 94% 796 1543 607 90%
c i  1.74  5 8 0 25 33 1 86215 2073 1.5 11 7 2 7 94% 805 1543 585 86%
c i  1.74  5 8 0 25 34 1 86264 2073 1.5 11 7 2 7 94% 811 1543 581 86%
c i  1.74  5 8 0 25 34 1 86288 2073 1.5 11 7 2 7 94% 816 1543 555 82%
c i  1.74  5 8 0 25 34 1 86334 2075 1.5 11 7 2 7 94% 822 1543 499 74%
c i  1.74  5 8 0 25 34 1 86342 2075 1.5 11 7 2 7 94% 825 1543 481 71%
c i  1.74  5 8 0 25 34 1 86350 2075 1.5 11 7 2 7 94% 828 1543 454 67%
c i  1.74  5 8 0 25 34 1 86354 2075 1.5 11 7 2 7 94% 830 1543 433 64%
c i  1.74  5 8 0 25 34 1 86356 2075 1.5 11 7 2 7 94% 831 1543 340 50%
c ]  1.74  5 8 0 25 34 1 86358 2075 1.5 11 7 2 7 94% 831 1543  0 0%
c 0  1.74  5 0 0 25 34 0 86358 2075 0.0 0 0 2 6 0% 831 1543  0 0%
c
c ---- [ result ] ------------------------------------------------------------
c
s UNSATISFIABLE
c
c ---- [ profiling ] ---------------------------------------------------------
c
c           1.57   90.07 %  search
c           1.57   90.07 %  stable
c           0.17    9.58 %  probe
c           0.15    8.65 %  simplify
c           0.08    4.84 %  vivify
c           0.07    4.24 %  sweep
c           0.02    1.24 %  preprocess
c           0.01    0.62 %  reduce
c           0.00    0.24 %  walking
c           0.00    0.21 %  substitute
c           0.00    0.14 %  congruence
c           0.00    0.08 %  factor
c           0.00    0.06 %  eliminate
c           0.00    0.04 %  transitive
c           0.00    0.02 %  backbone
c           0.00    0.02 %  lucky
c           0.00    0.02 %  parse
c           0.00    0.02 %  subsume
c =============================================
c           1.74  100.00 %  total
c
c ---- [ statistics ] --------------------------------------------------------
c
c conflicts:                            86358            49495.60 per second
c congruent:                               27                4 %  variables
c decisions:                            89875                1.04 per conflict
c eliminated:                               4                1 %  variables
c factored:                                21                3 %  variables
c iterations:                              15                2 %  variables
c propagations:                      20224983         11591836    per second
c reductions:                              25             3454    interval
c reordered:                                3            28786    interval
c rephased:                                10             8636    interval
c restarts:                                34             2540    interval
c strengthened:                             5                0 %  checks
c substituted:                             55                8 %  variables
c subsumed:                                 3                0 %  checks
c switched:                                 0                0    interval
c vivified:                              9192               58 %  checks
c walks:                                    3            28786    interval
c
c ---- [ glue usage ] --------------------------------------------------------
c
c stable glue 2   used 114369 clauses 22.79% accumulated 58.67% tier1
c stable glue 3   used  59895 clauses 11.94% accumulated 70.61%
c stable glue 4-5 used  57503 clauses 11.46% accumulated 82.07%
c stable glue 6   used  23442 clauses  4.67% accumulated 86.74%
c stable glue 7   used  22290 clauses  4.44% accumulated 91.18% tier2
c
c ---- [ resources ] ---------------------------------------------------------
c
c maximum-resident-set-size:        423305216 bytes        404 MB
c process-time:                             2s               1.74 seconds
c
c ---- [ shutting down ] -----------------------------------------------------
c
c exit 20
