c ---- [ banner ] ------------------------------------------------------------
c
c Kissat SAT Solver
c 
c Copyright (c) 2021-2024 Armin Biere University of Freiburg
c Copyright (c) 2019-2021 Armin Biere Johannes Kepler University Linz
c 
c Version 4.0.4 8af8e56f174b778aef3aa45af9f739b2a5f492c2
c gcc (GCC) 15.2.1 20260123 (Red Hat 15.2.1-7) -W -Wall -O3 -DNDEBUG
c Thu Apr 23 06:47:51 PM IST 2026 Linux krishnendu-LN 6.19.12-200.fc43.x86_64 x86_64
c
c ---- [ parsing ] -----------------------------------------------------------
c
c opened and reading DIMACS file:
c
c   /home/krishnendu/Research/fv-invariant-mining/data/circuits/cnf/miter_mult_10bit.cnf
c
c parsed 'p cnf 1113 4205' header
c closing input after reading 64864 bytes (63 KB)
c finished parsing after 0.00 seconds
c
c ---- [ options ] -----------------------------------------------------------
c
c --decay=30                       (different from default '50')
c --eliminateeffort=800            (different from default '100')
c
c ---- [ solving ] -----------------------------------------------------------
c
c seconds switched rate     size/glue tier1  binary       remaining
c        MB reductions conflicts size  tier2   irredundant
c         level restarts redundant glue  trail       variables
c
c *  0.00  3 0 0 0  0 0   0   0 0.0 0 0 0 0 0% 1458 2745 1110 100%
c (  0.00  3 0 0 0  0 0   0   0 0.0 0 0 0 0 0% 1458 2745 1110 100%
c .  0.00  3 0 0 0  0 0   0   0 0.0 0 0 0 0 0% 1454 2745 1110 100%
c c  0.00  3 0 0 0  0 0   0   0 0.0 0 0 0 0 0% 1518 2743 1067 96%
c d  0.00  3 0 0 0  0 0   0   0 0.0 0 0 0 0 0% 1368 2743 1067 96%
c =  0.02  3 0 0 0  0 0   0   0 0.0 0 0 0 0 0% 1372 2736 1064 96%
c d  0.02  3 0 0 0  0 0   0   0 0.0 0 0 0 0 0% 1367 2736 1064 96%
c f  0.02  4 0 0 0  0 0   0   0 0.0 0 0 0 0 0% 1339 2718 1086 98%
c )  0.02  4 0 0 0  0 0   0   0 0.0 0 0 0 0 0% 1339 2718 1086 98%
c {  0.02  4 0 0 0  0 0   0   0 0.0 0 0 2 6 0% 1339 2718 1086 98%
c -  0.04  4 19 0 1 92 2 1001 588 2.7 28 10 4 14 83% 1345 2718 1086 98%
c }  0.04  4 19 1 1 92 2 1001 588 2.7 28 10 4 14 83% 1345 2718 1086 98%
c [  0.04  4 0 1 1 92 0 1001 588 0.0 0 0 2 6 0% 1345 2718 1086 98%
c B  0.04  4 0 1 1 92 0 1001 588 0.0 0 0 2 6 0% 1345 2718 1086 98%
c ]  0.06  4 52 2 1 92 1 1984 1519 2.7 26 10 3 13 84% 1349 2718 1086 98%
c {  0.06  4 19 2 1 92 2 1984 1519 2.7 28 10 4 14 83% 1349 2718 1086 98%
c -  0.06  4 20 2 2 92 2 2001 1461 2.7 28 10 4 14 83% 1349 2718 1086 98%
c }  0.09  4 28 3 2 92 2 2985 2266 2.7 27 10 3 12 85% 1351 2718 1086 98%
c [  0.09  4 52 3 2 92 1 2985 2266 2.7 26 10 3 13 84% 1351 2718 1086 98%
c W  0.09  4 52 3 2 92 1 2985 2266 2.7 26 10 3 13 84% 1351 2718 1086 98%
c
c seconds  switched rate       size/glue  tier1     binary       remaining
c        MB reductions conflicts     size   tier2     irredundant
c         level restarts  redundant     glue    trail       variables
c
c u  0.10  4 42 3 2 92 1 3371 2373 2.4 25 11 3 13 85% 1352 2718 1086 98%
c v  0.11  5 42 3 2 92 1 3371 2230 2.4 25 11 3 13 85% 1352 2718 1086 98%
c w  0.11  5 42 3 2 92 1 3371 2161 2.4 25 11 3 13 85% 1352 2718 1086 98%
c x  0.11  5 42 3 2 92 1 3371 2161 2.4 25 11 3 13 85% 1366 2678 1086 98%
c =  0.13  5 42 3 2 92 1 3371 2161 2.4 25 11 3 13 85% 1396 2671 1071 96%
c d  0.13  5 42 3 2 92 1 3371 2161 2.4 25 11 3 13 85% 1351 2671 1071 96%
c t  0.13  5 42 3 2 92 1 3371 2161 2.4 25 11 3 13 85% 1344 2671 1071 96%
c f  0.13  5 42 3 2 92 1 3371 2161 2.4 25 11 3 13 85% 1340 2671 1075 97%
c u  0.13  5 42 3 2 92 1 3371 2134 2.4 25 11 3 13 85% 1340 2671 1075 97%
c v  0.14  5 42 3 2 92 1 3371 2083 2.4 25 11 3 13 85% 1340 2671 1075 97%
c w  0.14  5 42 3 2 92 1 3371 2033 2.4 25 11 3 13 85% 1340 2671 1075 97%
c x  0.14  5 42 3 2 92 1 3371 2033 2.4 25 11 3 13 85% 1340 2669 1075 97%
c =  0.16  5 42 3 2 92 1 3371 2033 2.4 25 11 3 13 85% 1344 2669 1073 96%
c d  0.16  5 42 3 2 92 1 3371 2033 2.4 25 11 3 13 85% 1338 2669 1073 96%
c -  0.16  5 41 3 3 92 1 3417 1685 2.3 25 11 3 12 85% 1338 2669 1073 96%
c ]  0.17  5 34 4 3 92 1 3934 2070 2.2 24 11 3 12 86% 1338 2669 1073 96%
c {  0.17  5 28 4 3 92 2 3934 2070 2.7 27 10 3 12 85% 1338 2669 1073 96%
c -  0.20  5 25 4 4 118 2 5150 2544 2.7 25 9 3 11 79% 1346 2669 1073 96%
c }  0.23  5 24 5 4 264 2 6289 3598 2.7 26 10 2 10 79% 1349 2669 1073 96%
c [  0.23  5 34 5 4 264 1 6289 3598 2.2 24 11 3 12 86% 1349 2669 1073 96%
c
c seconds  switched  rate       size/glue  tier1     binary       remaining
c        MB reductions conflicts      size   tier2     irredundant
c         level restarts   redundant     glue    trail       variables
c
c I  0.23  5 34 5 4 264 1 6289 3598 2.2 24 11 3 12 86% 1349 2669 1073 96%
c -  0.24  5 29 5 5 264 1 7151 3488 2.1 24 11 3 13 88% 1349 2669 1073 96%
c -  0.28  6 23 5 6 266 1 9387 4254 2.0 23 11 3 12 90% 1349 2669 1073 96%
c ]  0.29  6 23 6 6 266 1 9753 4561 2.0 23 11 3 12 90% 1349 2669 1073 96%
c {  0.29  6 24 6 6 266 2 9753 4561 2.7 26 10 2 10 79% 1349 2669 1073 96%
c o  0.30  6 24 6 6 291 2 10164 4914 2.6 25 10 2 10 79% 1349 2669 1073 96%
c u  0.31  5 24 6 6 340 2 10397 4886 2.6 25 10 2 10 79% 1357 2669 1073 96%
c v  0.31  5 24 6 6 340 2 10397 4862 2.6 25 10 2 10 79% 1357 2669 1073 96%
c w  0.31  5 24 6 6 340 2 10397 4860 2.6 25 10 2 10 79% 1357 2669 1073 96%
c =  0.32  5 24 6 6 340 2 10397 4860 2.6 25 10 2 10 79% 1369 2665 1067 96%
c d  0.32  5 24 6 6 340 2 10397 4847 2.6 25 10 2 10 79% 1352 2665 1067 96%
c t  0.32  5 24 6 6 340 2 10397 4847 2.6 25 10 2 10 79% 1348 2665 1067 96%
c u  0.32  5 24 6 6 340 2 10397 4805 2.6 25 10 2 10 79% 1349 2665 1067 96%
c v  0.33  5 24 6 6 340 2 10397 4769 2.6 25 10 2 10 79% 1349 2665 1067 96%
c w  0.33  5 24 6 6 340 2 10397 4769 2.6 25 10 2 10 79% 1349 2665 1067 96%
c x  0.33  5 24 6 6 340 2 10397 4769 2.6 25 10 2 10 79% 1349 2650 1067 96%
c -  0.37  5 22 6 7 351 2 11836 4709 2.3 22 10 2 11 78% 1356 2650 1067 96%
c }  0.40  5 21 7 7 450 2 13822 6396 2.2 21 9 2 11 77% 1363 2650 1067 96%
c [  0.40  5 23 7 7 450 1 13822 6396 2.0 23 11 3 12 90% 1363 2650 1067 96%
c B  0.40  5 23 7 7 450 1 13822 6396 2.0 23 11 3 12 90% 1363 2650 1067 96%
c
c seconds  switched  rate        size/glue  tier1     binary       remaining
c        MB reductions conflicts       size   tier2     irredundant
c         level restarts    redundant     glue    trail       variables
c
c -  0.41  5 22 7 8 450 1 14481 5548 2.0 22 11 3 12 90% 1364 2650 1067 96%
c ]  0.46  5 20 8 8 452 1 16163 6798 1.9 22 11 3 12 91% 1364 2650 1067 96%
c {  0.46  5 21 8 8 452 2 16163 6798 2.2 21 9 2 11 77% 1364 2650 1067 96%
c e  0.48  6 20 8 8 584 2 16853 7431 2.2 21 9 2 11 76% 388 3202 659 59%
c 2  0.48  6 20 8 8 584 2 16853 7431 2.2 21 9 2 11 76% 386 3202 659 59%
c s  0.48  6 20 8 8 584 2 16853 7431 2.2 21 9 2 11 76% 390 3109 659 59%
c e  0.48  6 20 8 8 584 2 16853 7431 2.2 21 9 2 11 76% 348 3144 642 58%
c ^  0.48  6 20 8 8 584 2 16853 7431 2.2 21 9 2 11 76% 348 3144 642 58%
c -  0.49  6 20 8 9 722 2 17309 2349 2.2 21 10 2 11 76% 348 3144 642 58%
c o  0.55  6 20 8 9 911 2 20195 5103 2.4 23 9 2 10 77% 350 3144 642 58%
c -  0.55  6 20 8 10 958 2 20310 4309 2.4 23 10 2 10 77% 350 3144 642 58%
c u  0.58  6 19 8 10 1048 2 21309 4771 2.4 22 9 2 10 75% 353 3144 642 58%
c v  0.59  7 19 8 10 1048 2 21309 4686 2.4 22 9 2 10 75% 353 3144 642 58%
c w  0.59  7 19 8 10 1048 2 21309 4675 2.4 22 9 2 10 75% 353 3144 642 58%
c t  0.59  7 19 8 10 1048 2 21309 4675 2.4 22 9 2 10 75% 349 3144 642 58%
c f  0.60  6 19 8 10 1048 2 21309 4675 2.4 22 9 2 10 75% 410 3021 672 60%
c u  0.60  6 19 8 10 1048 2 21309 4631 2.4 22 9 2 10 75% 411 3021 672 60%
c v  0.61  6 19 8 10 1048 2 21309 4550 2.4 22 9 2 10 75% 411 3021 672 60%
c w  0.61  6 19 8 10 1048 2 21309 4537 2.4 22 9 2 10 75% 411 3021 672 60%
c t  0.64  6 19 8 10 1048 2 21309 4537 2.4 22 9 2 10 75% 409 3021 672 60%
c
c seconds  switched    rate        size/glue tier1    binary      remaining
c        MB  reductions  conflicts       size  tier2    irredundant
c         level   restarts    redundant    glue    trail      variables
c
c }  0.67  6 19 9 10 1101 2 22323 5507 2.4 23 9 2 10 75% 410 3021 672 60%
c [  0.67  6 20 9 10 1101 1 22323 5507 1.9 22 11 3 12 91% 410 3021 672 60%
c W  0.67  6 20 9 10 1101 1 22323 5507 1.9 22 11 3 12 91% 410 3021 672 60%
c -  0.69  6 19 9 11 1102 1 23474 5394 1.9 22 11 3 12 91% 410 3021 672 60%
c -  0.74  6 18 9 12 1104 1 26790 6212 1.9 21 11 3 12 87% 410 3021 672 60%
c O  0.79  6 17 9 12 1106 1 29853 8362 1.8 20 11 3 12 83% 410 3021 672 60%
c ]  0.80  6 17 10 12 1106 1 30150 8583 1.8 20 11 3 12 83% 410 3021 672 60%
c {  0.80  6 19 10 12 1106 2 30150 8583 2.4 23 9 2 10 75% 410 3021 672 60%
c -  0.80  6 19 10 13 1114 2 30255 6404 2.4 23 9 2 10 75% 410 3021 672 60%
c -  0.90  7 19 10 14 1529 2 33860 7567 2.5 24 10 2 9 77% 415 3021 672 60%
c i  0.90  7 19 10 14 1529 2 33988 7593 2.5 24 10 2 9 76% 422 3021 671 60%
c s  0.91  7 19 10 14 1533 2 34120 7714 2.5 24 10 2 9 76% 423 3002 671 60%
c e  0.91  7 19 10 14 1533 2 34120 7714 2.5 24 10 2 9 76% 337 3122 599 54%
c s  0.91  7 19 10 14 1533 2 34120 7714 2.5 24 10 2 9 76% 339 3065 599 54%
c e  0.91  7 19 10 14 1533 2 34120 7714 2.5 24 10 2 9 76% 338 3067 598 54%
c ^  0.91  7 19 10 14 1533 2 34120 7714 2.5 24 10 2 9 76% 338 3067 598 54%
c u  0.99  7 19 10 14 1939 2 36725 5277 2.5 25 10 2 8 78% 340 3067 598 54%
c v  1.00  7 19 10 14 1939 2 36725 5146 2.5 25 10 2 8 78% 340 3067 598 54%
c w  1.00  7 19 10 14 1939 2 36725 5109 2.5 25 10 2 8 78% 340 3067 598 54%
c x  1.00  6 19 10 14 1939 2 36725 5109 2.5 25 10 2 8 78% 344 2948 598 54%
c
c seconds   switched    rate        size/glue  tier1   binary      remaining
c        MB   reductions  conflicts       size   tier2   irredundant
c         level    restarts    redundant     glue   trail      variables
c
c t  1.00  6 19 10 14 1939 2 36725 5109 2.5 25 10 2 8 78% 340 2948 598 54%
c f  1.01  6 19 10 14 1939 2 36725 5109 2.5 25 10 2 8 78% 339 2946 599 54%
c u  1.01  6 19 10 14 1939 2 36725 5046 2.5 25 10 2 8 78% 339 2946 599 54%
c v  1.02  7 19 10 14 1939 2 36725 4845 2.5 25 10 2 8 78% 339 2946 599 54%
c w  1.03  7 19 10 14 1939 2 36725 4722 2.5 25 10 2 8 78% 339 2946 599 54%
c -  1.05  6 19 10 15 2005 2 37601 4416 2.5 25 10 2 8 78% 339 2946 599 54%
c }  1.09  6 19 11 15 2005 2 38777 5560 2.7 26 10 2 8 78% 339 2946 599 54%
c [  1.09  6 17 11 15 2005 1 38777 5560 1.8 20 11 3 12 83% 339 2946 599 54%
c B  1.11  7 17 11 15 2005 1 39615 6365 1.9 21 11 3 12 83% 339 2946 599 54%
c -  1.15  7 17 11 16 2007 1 41473 6517 1.9 22 11 3 12 84% 339 2946 599 54%
c -  1.23  7 17 11 17 2010 1 45473 7196 2.0 23 12 2 12 85% 340 2946 599 54%
c -  1.31  7 17 11 18 2011 1 49597 6734 2.0 24 12 2 11 86% 340 2946 599 54%
c ]  1.35  7 17 12 18 2012 1 51326 8242 2.0 24 12 2 11 86% 340 2946 599 54%
c {  1.35  7 19 12 18 2012 2 51326 8242 2.7 26 10 2 8 78% 340 2946 599 54%
c o  1.35  7 19 12 18 2027 2 51426 8326 2.7 26 10 2 8 78% 340 2946 599 54%
c -  1.42  7 18 12 19 2172 2 53839 7684 2.7 25 9 1 8 77% 343 2946 599 54%
c u  1.51  7 18 12 19 2554 2 56715 9928 2.7 26 10 1 8 78% 346 2945 599 54%
c v  1.52  7 18 12 19 2554 2 56715 9861 2.7 26 10 1 8 78% 346 2945 599 54%
c w  1.53  8 18 12 19 2554 2 56715 9823 2.7 26 10 1 8 78% 346 2945 599 54%
c x  1.53  8 18 12 19 2554 2 56715 9822 2.7 26 10 1 8 78% 346 2939 599 54%
c
c seconds   switched    rate        size/glue  tier1   binary      remaining
c        MB   reductions  conflicts       size   tier2   irredundant
c         level    restarts    redundant     glue   trail      variables
c
c -  1.63  7 18 12 20 2825 2 58197 8307 2.7 26 10 1 7 78% 346 2939 599 54%
c -  1.75  7 18 12 21 2984 2 62670 9733 2.7 26 10 1 6 77% 346 2939 599 54%
c }  1.75  7 18 13 21 3007 2 62805 9852 2.7 26 10 1 6 77% 346 2939 599 54%
c [  1.75  7 17 13 21 3007 1 62805 9852 2.0 24 12 2 11 86% 346 2939 599 54%
c W  1.76  6 17 13 21 3007 1 62805 9852 2.0 24 12 2 11 86% 346 2939 599 54%
c -  1.85  6 16 13 22 3010 1 67252 9505 2.0 24 12 2 11 86% 346 2939 599 54%
c s  1.95  6 16 13 22 3013 1 71713 12472 2.0 23 12 2 11 87% 346 2938 599 54%
c e  1.95  6 16 13 22 3013 1 71713 12472 2.0 23 12 2 11 87% 260 3130 537 48%
c s  1.95  6 16 13 22 3013 1 71713 12472 2.0 23 12 2 11 87% 261 3111 537 48%
c e  1.95  6 16 13 22 3013 1 71713 12472 2.0 23 12 2 11 87% 261 3113 536 48%
c ^  1.95  6 16 13 22 3013 1 71713 12472 2.0 23 12 2 11 87% 261 3113 536 48%
c -  1.95  5 16 13 23 3013 1 71943 4878 2.0 23 12 2 11 87% 261 3113 536 48%
c -  2.05  6 16 13 24 3015 1 76739 5594 1.9 23 12 2 11 87% 261 3113 536 48%
c I  2.07  6 16 13 24 3016 1 77709 6287 1.9 23 12 2 11 87% 261 3113 536 48%
c ]  2.10  6 16 14 24 3017 1 79860 7969 1.9 23 12 2 11 87% 261 3113 536 48%
c {  2.10  6 18 14 24 3017 2 79860 7969 2.7 26 10 1 6 77% 261 3113 536 48%
c u  2.15  6 18 14 24 3385 2 81313 8913 2.6 26 10 1 6 78% 263 3113 536 48%
c v  2.17  6 18 14 24 3385 2 81313 8178 2.6 26 10 1 6 78% 263 3113 536 48%
c w  2.18  7 18 14 24 3385 2 81313 7872 2.6 26 10 1 6 78% 263 3113 536 48%
c o  2.19  6 18 14 24 3423 2 81454 8002 2.6 26 10 1 6 78% 263 3113 536 48%
c
c seconds   switched    rate        size/glue  tier1   binary      remaining
c        MB   reductions  conflicts       size   tier2   irredundant
c         level    restarts    redundant     glue   trail      variables
c
c -  2.19  7 18 14 25 3449 2 81639 5543 2.6 26 10 1 6 78% 263 3113 536 48%
c -  2.33  7 18 14 26 3804 2 86639 8208 2.7 27 10 1 6 79% 263 3113 536 48%
c -  2.47  7 18 14 27 3954 2 91739 11092 2.7 27 10 1 5 78% 263 3113 536 48%
c }  2.57  7 18 15 27 4677 2 94576 13522 2.7 27 10 1 5 79% 263 3113 536 48%
c [  2.57  7 16 15 27 4677 1 94576 13522 1.9 23 12 2 11 87% 263 3113 536 48%
c B  2.61  8 16 15 27 4677 1 95512 14416 1.9 23 12 2 11 87% 263 3113 536 48%
c -  2.64  8 16 15 28 4679 1 96935 10876 1.9 23 12 2 10 87% 263 3113 536 48%
c -  2.74  8 16 15 29 4682 1 102227 9198 1.9 23 12 2 10 87% 263 3113 536 48%
c -  2.84  7 16 15 30 4684 1 107613 8135 1.9 23 12 2 10 87% 263 3113 536 48%
c u  2.91  8 16 15 30 4686 1 110557 9631 1.9 22 12 2 10 87% 264 3113 536 48%
c v  2.94  8 16 15 30 4686 1 110557 9283 1.9 22 12 2 10 87% 264 3113 536 48%
c w  2.95  8 16 15 30 4686 1 110557 8503 1.9 22 12 2 10 87% 264 3113 536 48%
c -  3.01  7 16 15 31 4689 1 113091 6821 1.8 22 12 2 10 87% 264 3113 536 48%
c ]  3.05  7 16 16 31 4689 1 114938 7869 1.8 22 12 2 10 87% 264 3113 536 48%
c {  3.05  7 18 16 31 4689 2 114938 7869 2.7 27 10 1 5 79% 264 3113 536 48%
c -  3.17  8 18 16 32 5520 2 118658 7937 2.6 26 10 1 5 79% 266 3113 536 48%
c -  3.31  8 18 16 33 5603 2 124314 10514 2.6 27 10 1 5 80% 266 3113 536 48%
c o  3.32  8 18 16 33 5605 2 124778 10963 2.6 27 10 1 5 80% 266 3113 536 48%
c -  3.53  8 18 16 34 6666 2 130059 11738 2.6 27 10 1 5 81% 266 3113 536 48%
c s  3.60  8 18 16 34 6666 2 132355 13941 2.6 27 10 1 5 81% 266 3108 536 48%
c
c seconds   switched    rate          size/glue  tier1   binary      remaining
c        MB   reductions  conflicts         size   tier2   irredundant
c         level    restarts      redundant     glue   trail      variables
c
c e  3.60  8 18 16 34 6666 2 132355 13941 2.6 27 10 1 5 81% 171 3390 478 43%
c s  3.60  8 18 16 34 6666 2 132355 13941 2.6 27 10 1 5 81% 172 3334 478 43%
c ^  3.60  8 18 16 34 6666 2 132355 13941 2.6 27 10 1 5 81% 172 3334 478 43%
c }  3.63  8 18 17 34 6745 2 133275 9729 2.6 27 10 1 5 81% 172 3334 478 43%
c [  3.63  8 16 17 34 6745 1 133275 9729 1.8 22 12 2 10 87% 172 3334 478 43%
c W  3.63  7 16 17 34 6745 1 133275 9729 1.8 22 12 2 10 87% 172 3334 478 43%
c -  3.69  7 15 17 35 6747 1 135889 8665 1.8 22 12 2 10 87% 172 3334 478 43%
c -  3.81  7 15 17 36 6751 1 141805 9155 1.8 22 12 2 10 87% 172 3334 478 43%
c u  3.88  8 15 17 36 6751 1 144729 10535 1.8 21 12 2 10 88% 172 3334 478 43%
c v  3.90  8 15 17 36 6751 1 144729 10015 1.8 21 12 2 10 88% 172 3334 478 43%
c w  3.90  9 15 17 36 6751 1 144729 9971 1.8 21 12 2 10 88% 172 3334 478 43%
c x  3.91  8 15 17 36 6751 1 144729 9965 1.8 21 12 2 10 88% 174 3234 478 43%
c t  3.91  8 15 17 36 6751 1 144729 9965 1.8 21 12 2 10 88% 173 3234 478 43%
c -  3.97  8 15 17 37 6754 1 147806 7684 1.8 21 12 2 10 87% 173 3234 478 43%
c -  4.08  8 15 17 38 6758 1 153888 8232 1.8 21 12 2 10 87% 173 3234 478 43%
c O  4.14  8 15 17 38 6758 1 157501 10653 1.7 21 12 2 10 87% 173 3234 478 43%
c ]  4.23  8 15 18 38 6759 1 159880 11425 1.7 21 12 2 10 87% 173 3234 478 43%
c {  4.23  8 18 18 38 6759 2 159880 11425 2.6 27 10 1 5 81% 173 3234 478 43%
c -  4.24  8 18 18 39 6772 2 160052 8306 2.6 27 10 1 4 81% 173 3234 478 43%
c -  4.42  8 17 18 40 6970 2 166296 11400 2.6 27 10 1 4 82% 173 3234 478 43%
c
c seconds   switched    rate          size/glue  tier1   binary      remaining
c        MB   reductions  conflicts         size   tier2   irredundant
c         level    restarts      redundant     glue   trail      variables
c
c -  4.64  8 17 18 41 6970 2 172621 14723 2.7 27 10 1 4 83% 173 3234 478 43%
c o  4.71  8 16 18 41 6971 2 174865 16761 2.8 27 10 1 4 83% 173 3234 478 43%
c -  4.82  9 16 18 42 6972 2 179024 16644 2.9 28 10 1 4 83% 174 3234 478 43%
c }  4.90  9 16 19 42 6972 2 182225 19773 2.9 28 10 1 4 84% 174 3234 478 43%
c [  4.90  9 15 19 42 6972 1 182225 19773 1.7 21 12 2 10 87% 174 3234 478 43%
c u  4.95 10 15 19 42 6973 1 183879 20825 1.8 21 12 2 10 87% 174 3234 478 43%
c v  4.98 10 15 19 42 6973 1 183879 20430 1.8 21 12 2 10 87% 174 3234 478 43%
c w  5.01 12 15 19 42 6973 1 183879 19653 1.8 21 12 2 10 87% 174 3234 478 43%
c B  5.15  9 15 19 42 6974 1 185243 20643 1.8 21 12 2 10 87% 174 3234 478 43%
c -  5.16  9 15 19 43 6974 1 185504 14472 1.8 21 12 2 9 87% 174 3234 478 43%
c -  5.29  9 15 19 44 6978 1 192062 11461 1.8 21 12 2 9 87% 174 3234 478 43%
c -  5.43  7 15 19 45 6982 1 198696 8440 1.7 21 12 2 9 87% 174 3234 478 43%
c -  5.60  7 15 19 46 6985 1 205405 7394 1.7 20 12 2 9 87% 174 3234 478 43%
c ]  5.64  7 15 20 46 6986 1 207179 8547 1.7 20 12 2 9 87% 174 3234 478 43%
c {  5.64  7 16 20 46 6986 2 207179 8547 2.9 28 10 1 4 84% 174 3234 478 43%
c -  5.80  7 16 20 47 8245 2 212188 8606 2.8 28 10 1 4 84% 174 3234 478 43%
c e  6.01  7 16 20 47 9114 2 217982 13798 2.8 28 10 1 4 85% 113 3748 404 36%
c s  6.01  7 16 20 47 9114 2 217982 13798 2.8 28 10 1 4 85% 113 3579 404 36%
c e  6.01  7 16 20 47 9114 2 217982 13798 2.8 28 10 1 4 85% 104 3642 396 36%
c ^  6.01  7 16 20 47 9114 2 217982 13798 2.8 28 10 1 4 85% 104 3642 396 36%
c
c seconds   switched    rate         size/glue  tier1   binary      remaining
c        MB   reductions  conflicts        size   tier2   irredundant
c         level    restarts     redundant     glue   trail      variables
c
c -  6.03  7 16 20 48 9172 2 219043 5267 2.7 28 10 1 4 84% 104 3642 396 36%
c -  6.18  7 16 20 49 9892 2 225972 8604 2.7 27 10 1 4 83% 104 3642 396 36%
c u  6.24  7 16 20 49 10017 2 228193 9985 2.7 27 10 1 4 83% 104 3642 396 36%
c v  6.26  8 16 20 49 10017 2 228193 9228 2.7 27 10 1 4 83% 104 3642 396 36%
c w  6.27  8 16 20 49 10017 2 228193 9059 2.7 27 10 1 4 83% 104 3642 396 36%
c x  6.28  7 16 20 49 10017 2 228193 9047 2.7 27 10 1 4 83% 106 3467 396 36%
c t  6.28  7 16 20 49 10017 2 228193 9047 2.7 27 10 1 4 83% 105 3467 396 36%
c -  6.45  8 16 20 50 10197 2 232973 11067 2.8 28 10 1 4 84% 105 3467 396 36%
c }  6.49  7 16 21 50 10197 2 233918 11942 2.8 28 10 1 4 84% 105 3467 396 36%
c [  6.49  7 15 21 50 10197 1 233918 11942 1.7 20 12 2 9 87% 105 3467 396 36%
c W  6.49  7 15 21 50 10197 1 233918 11942 1.7 20 12 2 9 87% 105 3467 396 36%
c -  6.62  8 15 21 51 10201 1 240044 12082 1.7 20 12 2 9 87% 105 3467 396 36%
c -  6.76  8 15 21 52 10204 1 247186 9603 1.7 20 12 2 9 87% 105 3467 396 36%
c -  6.90  8 15 21 53 10209 1 254397 7847 1.7 20 12 2 9 87% 105 3467 396 36%
c -  7.06  8 14 21 54 10211 1 261678 7857 1.7 20 12 2 9 87% 105 3467 396 36%
c -  7.21  8 14 21 55 10214 1 269026 8304 1.7 20 12 1 9 87% 105 3467 396 36%
c I  7.21  8 14 21 55 10214 1 269269 8445 1.7 20 12 1 9 87% 105 3467 396 36%
c o  7.21  8 14 21 55 10214 1 269269 8445 1.7 20 12 1 9 87% 105 3467 396 36%
c ]  7.25  8 14 22 55 10216 1 272288 10473 1.7 19 12 1 9 87% 105 3467 396 36%
c {  7.25  8 16 22 55 10216 2 272288 10473 2.8 28 10 1 4 84% 105 3467 396 36%
c
c seconds   switched     rate         size/glue  tier1   binary      remaining
c        MB   reductions   conflicts        size   tier2   irredundant
c         level    restarts      redundant     glue   trail      variables
c
c -  7.33  8 16 22 56 10970 2 276443 8964 2.7 27 10 1 4 84% 105 3467 396 36%
c u  7.35  7 16 22 56 11172 2 277431 9479 2.7 27 10 1 4 84% 106 3467 396 36%
c v  7.38  8 16 22 56 11172 2 277431 8617 2.7 27 10 1 4 84% 106 3467 396 36%
c w  7.39  8 16 22 56 11172 2 277431 7846 2.7 27 10 1 4 84% 106 3467 396 36%
c x  7.40  8 16 22 56 11172 2 277431 7846 2.7 27 10 1 4 84% 106 3451 396 36%
c -  7.51  8 16 22 57 11831 2 283928 8185 2.6 26 10 1 4 84% 106 3451 396 36%
c -  7.65  8 16 22 58 12608 2 291477 10197 2.5 26 10 1 4 84% 106 3451 396 36%
c -  7.86  8 16 22 59 13354 2 299093 12891 2.5 26 10 1 4 84% 106 3451 396 36%
c }  7.97  8 16 23 59 13662 2 303805 16763 2.5 25 10 1 4 84% 106 3451 396 36%
c [  7.97  8 14 23 59 13662 1 303805 16763 1.7 19 12 1 9 87% 106 3451 396 36%
c -  8.04  8 14 23 60 13664 1 306775 15031 1.7 20 11 1 9 88% 106 3451 396 36%
c B  8.08  8 14 23 60 13665 1 308710 16813 1.7 20 11 1 9 88% 106 3451 396 36%
c -  8.21  9 14 23 61 13668 1 314521 13638 1.7 20 12 1 9 88% 106 3451 396 36%
c -  8.38  7 14 23 62 13674 1 322331 9941 1.7 20 12 1 8 88% 106 3451 396 36%
c e  8.54  8 14 23 62 13676 1 330104 15485 1.7 20 11 1 8 87%  67 4020 347 31%
c s  8.54  8 14 23 62 13676 1 330104 15485 1.7 20 11 1 8 87%  68 3887 347 31%
c e  8.55  8 14 23 62 13676 1 330104 15485 1.7 20 11 1 8 87%  64 3939 343 31%
c !  8.55  8 14 23 62 13676 1 330104 15485 1.7 20 11 1 8 87%  64 3939 343 31%
c -  8.55  7 14 23 63 13676 1 330205 4662 1.7 20 11 1 8 87%  64 3939 343 31%
c u  8.58  6 14 23 63 13676 1 332039 5630 1.7 20 12 1 8 87%  64 3939 343 31%
c
c seconds   switched     rate         size/glue  tier1   binary      remaining
c        MB   reductions   conflicts        size   tier2   irredundant
c         level    restarts      redundant     glue   trail      variables
c
c v  8.60  7 14 23 63 13676 1 332039 4923 1.7 20 12 1 8 87%  64 3939 343 31%
c w  8.62  7 14 23 63 13676 1 332039 4225 1.7 20 12 1 8 87%  64 3939 343 31%
c t  8.62  7 14 23 63 13676 1 332039 4225 1.7 20 12 1 8 87%  62 3939 343 31%
c ]  8.68  7 14 24 63 13676 1 335078 6097 1.7 20 12 1 8 87%  62 3939 343 31%
c {  8.68  7 16 24 63 13676 2 335078 6097 2.5 25 10 1 4 84%  62 3939 343 31%
c -  8.73  7 16 24 64 14059 2 338143 5759 2.5 25 10 1 4 84%  62 3939 343 31%
c o  8.76  7 16 24 64 14289 2 339277 6663 2.5 25 10 1 4 84%  62 3939 343 31%
c -  8.93  8 16 24 65 15046 2 346144 8473 2.4 25 10 1 4 84%  62 3939 343 31%
c -  9.15  8 16 24 66 16160 2 354207 9921 2.4 25 11 1 4 84%  62 3939 343 31%
c -  9.39  8 17 24 67 17322 2 362332 10741 2.3 25 11 1 4 84%  63 3939 343 31%
c -  9.60  8 16 24 68 17511 2 370518 11486 2.3 25 11 1 4 85%  63 3939 343 31%
c }  9.62  8 16 25 68 17511 2 371755 12275 2.3 25 11 1 4 85%  63 3939 343 31%
c [  9.62  8 14 25 68 17511 1 371755 12275 1.7 20 12 1 8 87%  63 3939 343 31%
c W  9.62  7 14 25 68 17511 1 371755 12275 1.7 20 12 1 8 87%  63 3939 343 31%
c -  9.78  8 14 25 69 17516 1 378765 10683 1.7 19 11 1 8 87%  63 3939 343 31%
c -  9.94  8 14 25 70 17520 1 387073 9108 1.7 19 11 1 8 87%  63 3939 343 31%
c u 10.03  8 14 25 70 17523 1 390984 10183 1.7 19 11 1 8 87%  63 3939 343 31%
c v 10.07  8 14 25 70 17523 1 390984 9227 1.7 19 11 1 8 87%  63 3939 343 31%
c w 10.08  8 14 25 70 17523 1 390984 8210 1.7 19 11 1 8 87%  63 3939 343 31%
c x 10.09  8 14 25 70 17523 1 390984 8200 1.7 19 11 1 8 87%  64 3809 343 31%
c
c seconds   switched     rate         size/glue  tier1   binary      remaining
c        MB   reductions   conflicts        size   tier2   irredundant
c         level    restarts      redundant     glue   trail      variables
c
c t 10.09  8 14 25 70 17523 1 390984 8200 1.7 19 11 1 8 87%  63 3809 343 31%
c - 10.21  8 14 25 71 17524 1 395441 6956 1.7 19 11 1 8 88%  63 3809 343 31%
c - 10.41  8 14 25 72 17525 1 403867 6838 1.7 19 11 1 8 88%  63 3809 343 31%
c - 10.57  8 14 25 73 17531 1 412352 7170 1.6 19 11 1 8 88%  63 3809 343 31%
c ] 10.58  8 14 26 73 17531 1 412692 7307 1.6 18 11 1 8 88%  63 3809 343 31%
c { 10.58  8 16 26 73 17531 2 412692 7307 2.3 25 11 1 4 85%  63 3809 343 31%
c o 10.72  8 16 26 73 17851 2 419332 12896 2.3 25 11 1 4 85%  63 3809 343 31%
c - 10.78  8 16 26 74 17953 2 420897 10211 2.3 25 11 1 4 85%  63 3809 343 31%
c - 11.02  9 16 26 75 18179 2 429499 13915 2.4 25 10 1 4 85%  63 3809 343 31%
c - 11.28  9 16 26 76 18179 2 438159 16504 2.5 25 10 1 4 85%  63 3809 343 31%
c - 11.62  9 16 26 77 19243 2 446877 16437 2.4 25 10 1 4 85%  63 3809 343 31%
c } 11.90  9 16 27 77 20488 2 454912 23102 2.4 25 11 1 4 86%  64 3809 343 31%
c [ 11.90  9 14 27 77 20488 1 454912 23102 1.6 18 11 1 8 88%  64 3809 343 31%
c O 11.90  9 14 27 77 20488 1 454912 23102 1.6 18 11 1 8 88%  64 3809 343 31%
c - 11.92  9 14 27 78 20488 1 455651 15202 1.6 18 11 1 8 88%  64 3809 343 31%
c u 11.94  9 14 27 78 20488 1 455709 14154 1.6 18 11 1 8 88%  64 3809 343 31%
c v 11.98  9 14 27 78 20488 1 455709 13543 1.6 18 11 1 8 88%  64 3809 343 31%
c w 12.00  9 14 27 78 20488 1 455709 13476 1.6 18 11 1 8 88%  64 3809 343 31%
c x 12.01  9 14 27 78 20488 1 455709 13473 1.6 18 11 1 8 88%  64 3792 343 31%
c - 12.35  7 14 27 79 20494 1 464482 10673 1.6 18 11 1 8 88%  64 3792 343 31%
c
c seconds   switched     rate          size/glue  tier1   binary      remaining
c        MB   reductions   conflicts         size   tier2   irredundant
c         level    restarts       redundant     glue   trail      variables
c
c s 12.48  8 14 27 79 20497 1 470243 13369 1.6 18 11 1 8 88%  64 3789 343 31%
c e 12.48  8 14 27 79 20497 1 470243 13369 1.6 18 11 1 8 88%  59 3891 336 30%
c s 12.48  8 14 27 79 20497 1 470243 13369 1.6 18 11 1 8 88%  59 3849 336 30%
c - 12.55  7 14 27 80 20499 1 473370 7838 1.6 18 11 1 7 88%  59 3849 336 30%
c - 12.74  8 14 27 81 20502 1 482314 7349 1.6 18 11 1 7 89%  59 3849 336 30%
c - 12.93  7 14 27 82 20505 1 491315 7489 1.6 18 11 1 7 88%  59 3849 336 30%
c - 13.13  7 14 27 83 20510 1 500371 7883 1.6 18 11 1 7 88%  59 3849 336 30%
c B 13.30  8 14 27 83 20515 1 507699 11572 1.6 18 11 1 7 88%  59 3849 336 30%
c - 13.34  7 14 27 84 20516 1 509482 8232 1.6 18 11 1 7 88%  59 3849 336 30%
c ] 13.38  7 14 28 84 20516 1 511931 9560 1.6 18 11 1 7 89%  59 3849 336 30%
c { 13.38  7 16 28 84 20516 2 511931 9560 2.4 25 11 1 4 86%  59 3849 336 30%
c o 13.40  8 16 28 84 20586 2 513172 10635 2.4 25 11 1 4 85%  59 3849 336 30%
c - 13.55  8 16 28 85 20785 2 518647 10591 2.4 25 11 1 4 85%  59 3849 336 30%
c u 13.78  8 16 28 85 21928 2 526051 16021 2.3 25 11 1 4 86%  59 3849 336 30%
c v 13.83  9 16 28 85 21928 2 526051 14614 2.3 25 11 1 4 86%  59 3849 336 30%
c w 13.86  9 16 28 85 21928 2 526051 14363 2.3 25 11 1 4 86%  59 3849 336 30%
c - 13.91  8 16 28 86 22146 2 527866 10353 2.3 25 11 1 4 86%  59 3849 336 30%
c - 14.18  9 16 28 87 22755 2 537140 12803 2.4 25 11 1 4 86%  59 3849 336 30%
c - 14.48  9 16 28 88 23920 2 546467 14290 2.4 25 11 1 4 86%  59 3849 336 30%
c - 14.77  9 16 28 89 24849 2 555848 14106 2.3 25 11 1 4 86%  59 3849 336 30%
c
c seconds   switched     rate          size/glue  tier1   binary      remaining
c        MB   reductions   conflicts         size   tier2   irredundant
c         level    restarts       redundant     glue   trail      variables
c
c } 14.89  9 16 29 89 24995 2 560069 18051 2.3 25 11 1 4 86%  59 3849 336 30%
c [ 14.89  9 14 29 89 24995 1 560069 18051 1.6 18 11 1 7 89%  59 3849 336 30%
c - 14.99  9 14 29 90 24999 1 565281 13445 1.6 18 11 1 7 89%  59 3849 336 30%
c W 14.99  8 14 29 90 24999 1 565283 13447 1.6 18 11 1 7 89%  59 3849 336 30%
c - 15.20  8 14 29 91 25004 1 574767 11548 1.6 18 12 1 7 89%  59 3849 336 30%
c - 15.37  8 14 29 92 25008 1 584306 9713 1.6 18 12 1 7 88%  59 3849 336 30%
c - 15.60  8 14 29 93 25010 1 593897 9425 1.6 18 12 1 7 87%  59 3849 336 30%
c u 15.78  8 14 29 93 25016 1 601870 13509 1.5 18 12 1 7 87%  59 3849 336 30%
c v 15.81  9 14 29 93 25016 1 601870 12390 1.5 18 12 1 7 87%  59 3849 336 30%
c w 15.83  9 14 29 93 25016 1 601870 11431 1.5 18 12 1 7 87%  59 3849 336 30%
c x 15.84  9 14 29 93 25016 1 601870 11421 1.5 18 12 1 7 87%  59 3807 336 30%
c - 15.89  8 14 29 94 25016 1 603540 7652 1.5 18 12 1 7 88%  59 3807 336 30%
c - 16.10  8 14 29 95 25022 1 613235 7666 1.5 18 12 1 7 88%  59 3807 336 30%
c - 16.27  8 14 29 96 25024 1 622982 8056 1.5 18 12 1 7 88%  59 3807 336 30%
c I 16.35  7 14 29 96 25025 1 627835 11006 1.5 18 12 1 7 88%  59 3807 336 30%
c o 16.35  7 14 29 96 25025 1 627835 11006 1.5 18 12 1 7 88%  59 3807 336 30%
c ] 16.38  8 14 30 96 25025 1 630121 12499 1.5 18 12 1 7 88%  59 3807 336 30%
c { 16.38  8 16 30 96 25025 2 630121 12499 2.3 25 11 1 4 86%  59 3807 336 30%
c - 16.45  8 16 30 97 25136 2 632779 8872 2.3 25 11 1 4 86%  59 3807 336 30%
c - 16.68  8 16 30 98 25192 2 642628 11816 2.4 25 11 1 4 86%  59 3807 336 30%
c
c seconds   switched     rate          size/glue  tier1   binary      remaining
c        MB   reductions   conflicts         size   tier2   irredundant
c         level    restarts       redundant     glue   trail      variables
c
c - 16.97  9 16 30 99 26247 2 652527 14530 2.3 25 11 1 4 86%  59 3807 336 30%
c - 17.30  9 16 30 100 26261 2 662477 17309 2.5 26 10 1 4 87%  59 3807 336 30%
c - 17.63 10 15 30 101 27264 2 672478 17247 2.4 25 10 1 4 87%  59 3807 336 30%
c - 17.99  9 16 30 102 28662 2 682529 15619 2.3 25 11 1 4 87%  59 3807 336 30%
c u 18.05  8 16 30 102 28902 2 683561 15521 2.3 25 11 1 4 87%  59 3807 336 30%
c v 18.10  8 16 30 102 28902 2 683561 14782 2.3 25 11 1 4 87%  59 3807 336 30%
c w 18.12  8 16 30 102 28902 2 683561 14638 2.3 25 11 1 4 87%  59 3807 336 30%
c x 18.13  8 16 30 102 28902 2 683561 14637 2.3 25 11 1 4 87%  60 3795 336 30%
c } 18.16  8 16 31 102 29042 2 684555 15482 2.3 25 11 1 4 87%  60 3795 336 30%
c [ 18.16  8 14 31 102 29042 1 684555 15482 1.5 18 12 1 7 88%  60 3795 336 30%
c - 18.36  7 14 31 103 29047 1 692629 12051 1.5 17 12 1 7 88%  60 3795 336 30%
c B 18.43  7 14 31 103 29048 1 695518 12983 1.5 17 11 1 7 88%  60 3795 336 30%
c - 18.59  8 14 31 104 29053 1 702778 10655 1.5 17 12 1 7 89%  60 3795 336 30%
c - 18.82  8 14 31 105 29056 1 712978 10095 1.5 17 11 1 7 89%  60 3795 336 30%
c - 19.06  8 14 31 106 29061 1 723225 9785 1.5 17 11 1 7 90%  60 3795 336 30%
c - 19.33  8 13 31 107 29066 1 733521 9481 1.5 17 11 1 7 90%  60 3795 336 30%
c - 19.58  8 13 31 108 29071 1 743866 9542 1.5 17 11 1 7 90%  60 3795 336 30%
c ] 19.70  8 13 32 108 29071 1 748603 11448 1.5 17 11 1 7 90%  60 3795 336 30%
c { 19.70  8 16 32 108 29071 2 748603 11448 2.3 25 11 1 4 87%  60 3795 336 30%
c - 19.83  8 16 32 109 29079 2 754258 10240 2.3 24 11 1 4 87%  60 3795 336 30%
c
c seconds   switched      rate          size/glue  tier1   binary      remaining
c        MB   reductions    conflicts         size   tier2   irredundant
c         level     restarts       redundant     glue   trail      variables
c
c o 19.98  8 15 32 109 29099 2 761364 14316 2.2 24 11 1 4 87%  60 3795 336 30%
c - 20.09  8 15 32 110 29795 2 764699 12270 2.2 24 11 1 4 87%  60 3795 336 30%
c u 20.27  8 16 32 110 30314 2 771101 16914 2.2 23 11 1 4 86%  61 3795 336 30%
c v 20.33  8 16 32 110 30314 2 771101 15212 2.2 23 11 1 4 86%  61 3795 336 30%
c w 20.36 10 16 32 110 30314 2 771101 14962 2.2 23 11 1 4 86%  61 3795 336 30%
c - 20.49  9 16 32 111 30672 2 775188 12061 2.2 23 11 1 4 86%  61 3795 336 30%
c - 20.82  8 16 32 112 31693 2 785723 13620 2.2 23 11 1 4 87%  61 3795 336 30%
c - 21.19 10 16 32 113 32076 2 796306 15821 2.2 23 11 1 4 86%  61 3795 336 30%
c - 21.55 10 15 32 114 32388 2 806936 17795 2.2 24 11 1 4 86%  61 3795 336 30%
c } 21.65 10 15 33 114 32402 2 809707 20349 2.3 24 10 1 4 87%  61 3795 336 30%
c [ 21.65 10 13 33 114 32402 1 809707 20349 1.5 17 11 1 7 90%  61 3795 336 30%
c W 21.66  9 13 33 114 32402 1 809707 20349 1.5 17 11 1 7 90%  61 3795 336 30%
c - 21.84  9 13 33 115 32407 1 817613 15380 1.5 17 11 1 6 90%  61 3795 336 30%
c - 22.05  7 13 33 116 32414 1 828336 11862 1.5 17 11 1 6 90%  61 3795 336 30%
c - 22.29  8 13 33 117 32416 1 839106 10625 1.5 17 11 1 6 90%  61 3795 336 30%
c e 22.51  8 13 33 117 32421 1 847993 14802 1.5 17 11 1 6 91%  61 3810 335 30%
c s 22.51  8 13 33 117 32421 1 847993 14802 1.5 17 11 1 6 91%  61 3803 335 30%
c - 22.55  8 13 33 118 32422 1 849923 10334 1.5 17 11 1 6 91%  61 3803 335 30%
c - 22.76  8 13 33 119 32428 1 860785 10549 1.5 17 11 1 6 90%  61 3803 335 30%
c u 22.86  8 13 33 119 32430 1 864517 11600 1.5 17 11 1 6 91%  61 3803 335 30%
c
c seconds   switched      rate         size/glue  tier1   binary      remaining
c        MB   reductions    conflicts        size   tier2   irredundant
c         level     restarts      redundant     glue   trail      variables
c
c v 22.90  8 13 33 119 32430 1 864517 9941 1.5 17 11 1 6 91%  61 3803 335 30%
c w 22.93  8 13 33 119 32430 1 864517 8961 1.5 17 11 1 6 91%  61 3803 335 30%
c x 22.94  8 13 33 119 32430 1 864517 8960 1.5 17 11 1 6 91%  61 3795 335 30%
c - 23.06  8 13 33 120 32431 1 871694 8174 1.5 17 11 1 6 91%  61 3795 335 30%
c - 23.23  8 13 33 121 32432 1 882648 8952 1.5 17 11 1 6 91%  61 3795 335 30%
c O 23.32  8 13 33 121 32432 1 888135 12272 1.5 17 11 1 6 91%  61 3795 335 30%
c o 23.32  8 13 33 121 32432 1 888135 12272 1.5 17 11 1 6 91%  61 3795 335 30%
c - 23.43  8 13 33 122 32434 1 893648 9573 1.5 17 11 1 6 90%  61 3795 335 30%
c ] 23.55  8 13 34 122 32438 1 899188 12463 1.5 17 11 1 6 90%  61 3795 335 30%
c { 23.55  8 15 34 122 32438 2 899188 12463 2.3 24 10 1 4 87%  61 3795 335 30%
c - 23.71  8 15 34 123 32503 2 904694 10939 2.3 24 10 1 4 86%  61 3795 335 30%
c - 24.04  8 15 34 124 32638 1 915785 14414 2.3 23 10 1 4 85%  61 3795 335 30%
c - 24.42  8 15 34 125 32893 1 926920 16396 2.3 23 10 1 4 85%  61 3795 335 30%
c - 24.85  9 15 34 126 33174 1 938101 17331 2.3 23 10 1 4 85%  62 3795 335 30%
c - 25.25  9 14 34 127 33293 1 949325 18257 2.2 22 10 1 4 84%  62 3795 335 30%
c - 25.68  9 14 34 128 33968 1 960594 18658 2.2 22 10 1 4 84%  63 3795 335 30%
c u 25.84  9 14 34 128 33968 1 963879 20000 2.3 22 10 1 4 85%  65 3795 335 30%
c v 25.94  9 14 34 128 33968 1 963879 18449 2.3 22 10 1 4 85%  65 3795 335 30%
c w 25.98 11 14 34 128 33968 1 963879 18146 2.3 22 10 1 4 85%  65 3795 335 30%
c = 26.35 12 14 34 128 33968 1 963879 18146 2.3 22 10 1 4 85%  65 3771 334 30%
c
c seconds   switched      rate          size/glue  tier1   binary      remaining
c        MB   reductions    conflicts         size   tier2   irredundant
c         level     restarts       redundant     glue   trail      variables
c
c u 26.38 11 14 34 128 33968 1 963879 17813 2.3 22 10 1 4 85%  66 3771 334 30%
c v 26.49 12 14 34 128 33968 1 963879 16430 2.3 22 10 1 4 85%  66 3771 334 30%
c w 26.53 12 14 34 128 33968 1 963879 15860 2.3 22 10 1 4 85%  66 3771 334 30%
c t 26.53 12 14 34 128 33968 1 963879 15860 2.3 22 10 1 4 85%  65 3771 334 30%
c } 26.65 11 14 35 128 34242 1 967334 18557 2.3 22 10 1 4 85%  65 3771 334 30%
c [ 26.65 11 13 35 128 34242 1 967334 18557 1.5 17 11 1 6 90%  65 3771 334 30%
c - 26.75 10 13 35 129 34245 1 971907 14022 1.5 17 11 1 6 90%  64 3771 334 30%
c B 26.76  9 13 35 129 34245 1 972173 14167 1.5 17 11 1 6 90%  64 3771 334 30%
c - 27.02 11 13 35 130 34251 1 983264 13188 1.5 17 11 1 6 90%  64 3771 334 30%
c - 27.28 11 13 35 131 34256 1 994666 11063 1.5 17 11 1 6 90%  64 3771 334 30%
c - 27.51 11 13 35 132 34261 1 1006111 10599 1.5 17 11 1 6 90%  64 3771 334 30%
c - 27.76 11 13 35 133 34267 1 1017601 10830 1.6 17 11 1 6 90%  64 3771 334 30%
c - 28.01 11 13 35 134 34271 1 1029135 10947 1.6 18 11 1 6 90%  64 3771 334 30%
c - 28.30 11 13 35 135 34272 1 1040710 10689 1.6 18 11 1 6 90%  64 3771 334 30%
c - 28.56 11 13 35 136 34275 1 1052331 11388 1.6 18 11 1 6 90%  64 3771 334 30%
c W 28.82 10 13 35 136 34280 1 1061973 16633 1.6 18 11 1 6 90%  64 3771 334 30%
c o 28.82 10 13 35 136 34280 1 1061973 16633 1.6 18 11 1 6 90%  64 3771 334 30%
c - 28.86 10 13 35 137 34282 1 1063993 10993 1.6 18 11 1 6 90%  64 3771 334 30%
c u 28.98 10 13 35 137 34285 1 1069346 13491 1.6 18 11 1 6 90%  64 3771 334 30%
c v 29.03 10 13 35 137 34285 1 1069346 12492 1.6 18 11 1 6 90%  65 3771 334 30%
c
c seconds   switched      rate           size/glue  tier1   binary      remaining
c        MB   reductions     conflicts         size   tier2   irredundant
c         level     restarts        redundant     glue   trail      variables
c
c w 29.05 10 13 35 137 34285 1 1069346 11333 1.6 18 11 1 6 90%  65 3771 334 30%
c x 29.06 10 13 35 137 34285 1 1069346 11328 1.6 18 11 1 6 90%  65 3737 334 30%
c - 29.18 10 13 35 138 34287 1 1075697 9028 1.6 18 11 1 6 90%  65 3737 334 30%
c - 29.38 10 13 35 139 34292 1 1087444 8998 1.6 18 11 1 6 90%  65 3737 334 30%
c ] 29.38 10 13 36 139 34292 1 1087454 9000 1.6 18 11 1 6 90%  65 3737 334 30%
c { 29.38 10 14 36 139 34292 1 1087454 9000 2.3 22 10 1 4 85%  65 3737 334 30%
c s 29.41 10 14 36 139 34569 1 1088840 10146 2.2 22 10 1 4 85%  65 3734 334 30%
c e 29.42 10 14 36 139 34569 1 1088840 10146 2.2 22 10 1 4 85%  57 3824 328 29%
c s 29.42 10 14 36 139 34569 1 1088840 10146 2.2 22 10 1 4 85%  57 3814 328 29%
c - 29.73 10 15 36 140 36463 1 1099235 11669 2.2 22 10 1 3 85%  57 3814 328 29%
c - 30.03 10 14 36 141 37095 1 1111067 13307 2.1 22 10 1 3 85%  57 3814 328 29%
c - 30.33 10 14 36 142 37095 1 1122941 14041 2.1 21 10 1 4 86%  57 3814 328 29%
c - 30.68 10 14 36 143 38966 2 1134857 15923 2.0 21 10 1 3 86%  58 3813 328 29%
c - 31.04 10 14 36 144 40317 2 1146815 16809 2.1 21 10 1 3 86%  58 3813 328 29%
c - 31.42 10 15 36 145 41942 2 1158815 17303 2.0 21 10 1 3 86%  58 3813 328 29%
c } 31.55 10 15 37 145 42053 2 1163010 20876 2.0 21 10 1 3 86%  58 3813 328 29%
c [ 31.55 10 13 37 145 42053 1 1163010 20876 1.6 18 11 1 6 90%  58 3813 328 29%
c I 31.55 10 13 37 145 42053 1 1163010 20876 1.6 18 11 1 6 90%  58 3813 328 29%
c - 31.70 10 13 37 146 42058 1 1170858 16662 1.6 18 11 1 6 90%  58 3813 328 29%
c u 31.95 10 13 37 146 42064 1 1181060 21327 1.6 18 11 1 6 90%  59 3813 328 29%
c
c seconds   switched      rate           size/glue  tier1   binary      remaining
c        MB   reductions     conflicts         size   tier2   irredundant
c         level     restarts        redundant     glue   trail      variables
c
c v 32.03 10 13 37 146 42064 1 1181060 19367 1.6 18 11 1 6 90%  59 3813 328 29%
c w 32.07 10 13 37 146 42064 1 1181060 16476 1.6 18 11 1 6 90%  59 3813 328 29%
c - 32.43 20 13 37 147 42065 1 1182941 11559 1.6 18 11 1 6 90%  59 3813 328 29%
c - 32.68  7 13 37 148 42067 1 1195065 10487 1.6 18 11 1 6 90%  59 3813 328 29%
c - 32.94  7 13 37 149 42074 1 1207232 10443 1.6 18 11 1 6 90%  59 3813 328 29%
c - 33.17  7 13 37 150 42081 1 1219438 10819 1.6 17 11 1 6 89%  59 3813 328 29%
c - 33.41  7 13 37 151 42083 1 1231686 11565 1.6 17 11 1 6 89%  59 3813 328 29%
c - 33.68  7 13 37 152 42083 1 1243974 11796 1.6 17 11 1 6 89%  59 3813 328 29%
c - 33.96  7 13 37 153 42090 1 1256303 11704 1.6 17 11 1 6 89%  59 3813 328 29%
c ] 34.08  7 13 38 153 42094 1 1262517 15527 1.6 17 11 1 6 88%  59 3813 328 29%
c { 34.08  7 15 38 153 42094 2 1262517 15527 2.0 21 10 1 3 86%  59 3813 328 29%
c o 34.13  7 15 38 153 42144 2 1265398 17372 2.0 21 10 1 3 86%  59 3813 328 29%
c - 34.19  7 15 38 154 42514 2 1268673 12717 2.0 21 10 1 3 86%  59 3813 328 29%
c - 34.44  8 15 38 155 43227 2 1281083 13859 2.0 21 10 1 4 86%  59 3813 328 29%
c - 34.70  8 14 38 156 43734 2 1293532 14084 1.9 20 11 1 4 86%  59 3813 328 29%
c u 34.83  8 14 38 156 44032 1 1298593 16863 1.9 20 11 1 4 86%  59 3813 328 29%
c v 34.87  8 14 38 156 44032 1 1298593 15925 1.9 20 11 1 4 86%  59 3813 328 29%
c w 34.89  8 14 38 156 44032 1 1298593 14761 1.9 20 11 1 4 86%  59 3813 328 29%
c x 34.91  8 14 38 156 44032 1 1298593 14759 1.9 20 11 1 4 86%  60 3775 328 29%
c - 35.06  8 14 38 157 44292 1 1306023 12504 1.9 20 11 1 4 87%  60 3775 328 29%
c
c seconds   switched      rate           size/glue  tier1   binary      remaining
c        MB   reductions     conflicts         size   tier2   irredundant
c         level     restarts        redundant     glue   trail      variables
c
c - 35.30  8 14 38 158 44865 1 1318554 13191 1.9 20 11 1 4 87%  60 3775 328 29%
c - 35.60  8 14 38 159 45395 1 1331123 14402 1.8 19 11 1 4 87%  60 3775 328 29%
c - 35.85  8 14 38 160 45794 1 1343732 14918 1.8 19 11 1 4 87%  60 3775 328 29%
c } 35.89  8 14 39 160 45817 1 1345851 16264 1.8 19 11 1 4 87%  60 3775 328 29%
c [ 35.89  8 13 39 160 45817 1 1345851 16264 1.6 17 11 1 6 88%  60 3775 328 29%
c B 35.89  8 13 39 160 45817 1 1345851 16264 1.6 17 11 1 6 88%  60 3775 328 29%
c - 36.14  8 13 39 161 45823 1 1356382 14197 1.6 17 11 1 6 88%  60 3775 328 29%
c - 36.45  8 13 39 162 45830 1 1369070 12811 1.6 17 11 1 6 88%  60 3775 328 29%
c - 36.72  8 13 39 163 45834 1 1381797 11998 1.6 17 11 1 6 89%  60 3775 328 29%
c - 37.00  8 13 39 164 45841 1 1394565 11803 1.6 17 11 1 6 89%  60 3775 328 29%
c - 37.31  8 13 39 165 45846 1 1407371 11835 1.6 17 11 1 6 89%  60 3775 328 29%
c ] 37.51  8 13 40 165 45847 1 1415885 15545 1.6 17 11 1 6 89%  60 3775 328 29%
c { 37.51  8 14 40 165 45847 1 1415885 15545 1.8 19 11 1 4 87%  60 3775 328 29%
c o 37.52  8 14 40 165 45871 1 1416395 15913 1.8 19 11 1 4 87%  60 3775 328 29%
c - 37.64  8 14 40 166 46431 1 1420218 13402 1.8 19 11 1 4 87%  60 3775 328 29%
c u 37.73  8 14 40 166 46707 1 1422531 14540 1.8 19 11 1 4 87%  60 3775 328 29%
c v 37.78  8 14 40 166 46707 1 1422531 12980 1.8 19 11 1 4 87%  60 3775 328 29%
c w 37.81  8 14 40 166 46707 1 1422531 12612 1.8 19 11 1 4 87%  60 3775 328 29%
c x 37.82  8 14 40 166 46707 1 1422531 12612 1.8 19 11 1 4 87%  60 3766 328 29%
c - 38.07  7 14 40 167 46958 1 1433103 14075 1.8 19 10 1 4 87%  60 3766 328 29%
c
c seconds   switched      rate           size/glue  tier1   binary      remaining
c        MB   reductions     conflicts         size   tier2   irredundant
c         level     restarts        redundant     glue   trail      variables
c
c - 38.45  9 14 40 168 48452 1 1446026 15666 1.8 19 11 1 4 87%  60 3766 328 29%
c - 38.85  9 14 40 169 49068 1 1458987 17779 1.8 19 11 1 4 86%  60 3766 328 29%
c - 39.23  9 15 40 170 50325 1 1471988 18637 1.8 19 11 1 4 86%  60 3766 328 29%
c - 39.63  9 14 40 171 50730 1 1485026 19150 1.9 20 10 1 4 87%  60 3766 328 29%
c - 40.01  9 14 40 172 51402 1 1498103 19734 1.9 20 10 1 4 86%  60 3766 328 29%
c } 40.36  9 14 41 172 51505 1 1507357 27686 1.9 20 10 1 4 87%  60 3766 328 29%
c [ 40.36  9 13 41 172 51505 1 1507357 27686 1.6 17 11 1 6 89%  60 3766 328 29%
c W 40.37  9 13 41 172 51505 1 1507357 27686 1.6 17 11 1 6 89%  60 3766 328 29%
c - 40.47  9 13 41 173 51507 1 1511217 19882 1.6 17 11 1 6 89%  60 3766 328 29%
c - 40.80  9 13 41 174 51515 1 1524369 17593 1.6 17 11 1 6 89%  60 3766 328 29%
c - 41.15  7 13 41 175 51519 1 1537560 14242 1.6 17 11 1 6 89%  60 3766 328 29%
c - 41.45  8 13 41 176 51526 1 1550789 13809 1.6 17 11 1 6 89%  60 3766 328 29%
c u 41.53  8 13 41 176 51527 1 1552779 13623 1.6 17 11 1 6 89%  60 3766 328 29%
c v 41.60  8 13 41 176 51527 1 1552779 11708 1.6 17 11 1 6 89%  60 3766 328 29%
c w 41.64  8 13 41 176 51527 1 1552779 10890 1.6 17 11 1 6 89%  60 3766 328 29%
c - 41.86  8 13 41 177 51533 1 1564056 11093 1.6 17 11 1 6 89%  60 3766 328 29%
c - 42.14  8 13 41 178 51535 1 1577361 11628 1.6 17 11 1 6 89%  60 3766 328 29%
c - 42.43  8 13 41 179 51537 1 1590702 11600 1.6 17 11 1 6 89%  60 3766 328 29%
c - 42.70  8 13 41 180 51545 1 1604082 12161 1.6 17 11 1 6 89%  60 3766 328 29%
c - 42.98  8 13 41 181 51550 1 1617501 12145 1.6 16 11 1 6 89%  60 3766 328 29%
c
c seconds   switched      rate           size/glue  tier1   binary      remaining
c        MB   reductions     conflicts         size   tier2   irredundant
c         level     restarts        redundant     glue   trail      variables
c
c O 43.06  8 12 41 181 51550 1 1621697 14615 1.6 16 10 1 6 89%  60 3766 328 29%
c o 43.06  8 12 41 181 51550 1 1621697 14615 1.6 16 10 1 6 89%  60 3766 328 29%
c ] 43.17  8 12 42 181 51553 1 1626281 16863 1.6 16 10 1 6 89%  60 3766 328 29%
c { 43.17  8 14 42 181 51553 1 1626281 16863 1.9 20 10 1 4 87%  60 3766 328 29%
c - 43.30  8 14 42 182 51879 1 1630954 13163 1.9 20 10 1 4 87%  60 3766 328 29%
c - 43.73  9 15 42 183 53141 1 1644444 16574 1.9 20 10 1 4 87%  60 3766 328 29%
c - 44.15  9 14 42 184 53816 1 1657971 18643 2.0 21 10 1 4 87%  60 3766 328 29%
c - 44.55  9 15 42 185 55408 1 1671535 18830 1.9 21 11 1 4 87%  60 3766 328 29%
c - 44.91  9 14 42 186 56113 1 1685137 18294 1.9 20 11 1 4 87%  60 3766 328 29%
c u 45.07  9 14 42 186 56489 1 1689354 20572 1.9 20 11 1 4 87%  60 3766 328 29%
c v 45.13 10 14 42 186 56489 1 1689354 19682 1.9 20 11 1 4 87%  60 3766 328 29%
c w 45.16 11 14 42 186 56489 1 1689354 18852 1.9 20 11 1 4 87%  60 3766 328 29%
c x 45.17 11 14 42 186 56489 1 1689354 18850 1.9 20 11 1 4 87%  60 3761 328 29%
c - 45.80 17 14 42 187 56490 1 1698775 18107 2.0 21 10 1 4 88%  60 3761 328 29%
c - 46.31 17 14 42 188 56952 1 1712449 21018 2.1 21 10 1 4 88%  60 3761 328 29%
c - 46.72 17 14 42 189 57352 1 1726160 21687 2.1 21 10 1 4 88%  60 3761 328 29%
c } 46.72 17 14 43 189 57352 1 1726255 21744 2.1 21 10 1 4 88%  60 3761 328 29%
c [ 46.72 17 12 43 189 57352 1 1726255 21744 1.6 16 10 1 6 89%  60 3761 328 29%
c - 47.10 17 12 43 190 57360 1 1739908 19206 1.6 16 10 1 6 89%  60 3761 328 29%
c B 47.16 17 12 43 190 57361 1 1742531 20683 1.6 16 10 1 6 89%  60 3761 328 29%
c
c seconds   switched      rate           size/glue  tier1   binary      remaining
c        MB   reductions     conflicts         size   tier2   irredundant
c         level     restarts        redundant     glue   trail      variables
c
c - 47.48 17 12 43 191 57366 1 1753692 16829 1.6 17 11 1 6 90%  60 3761 328 29%
c - 47.82 15 13 43 192 57373 1 1767513 14986 1.6 17 11 1 6 90%  60 3761 328 29%
c - 48.15 16 13 43 193 57380 1 1781370 14258 1.5 17 11 1 6 90%  60 3761 328 29%
c - 48.50 16 12 43 194 57382 1 1795262 14774 1.6 16 11 1 6 90%  60 3761 328 29%
c - 48.85 16 12 43 195 57383 1 1809190 15125 1.6 16 10 1 6 90%  60 3761 328 29%
c - 49.20 16 12 43 196 57392 1 1823155 14417 1.6 16 10 1 5 90%  60 3761 328 29%
c u 49.47 16 12 43 196 57396 1 1832355 17908 1.6 16 10 1 5 90%  60 3761 328 29%
c v 49.57 16 12 43 196 57396 1 1832355 15788 1.6 16 10 1 5 90%  60 3761 328 29%
c w 49.64 16 12 43 196 57396 1 1832355 12462 1.6 16 10 1 5 90%  60 3761 328 29%
c o 49.64 16 12 43 196 57396 1 1832355 12462 1.6 16 10 1 5 90%  60 3761 328 29%
c - 49.76 16 12 43 197 57397 1 1837155 10764 1.6 16 10 1 5 90%  60 3761 328 29%
c ] 49.81 16 12 44 197 57397 1 1839410 11657 1.6 16 10 1 5 90%  60 3761 328 29%
c { 49.81 16 14 44 197 57397 1 1839410 11657 2.1 21 10 1 4 88%  60 3761 328 29%
c - 50.16 16 14 44 198 58539 1 1851191 13894 2.0 21 10 1 4 88%  60 3761 328 29%
c - 50.55 15 14 44 199 59050 1 1865262 15376 2.0 21 10 1 4 88%  60 3761 328 29%
c - 51.01 17 14 44 200 60019 1 1879369 17083 2.0 21 10 1 4 88%  60 3761 328 29%
c - 51.43 17 14 44 201 61358 1 1893512 18765 2.1 21 10 1 4 88%  60 3761 328 29%
c - 51.94 17 14 44 202 62449 1 1907689 19789 2.1 21 10 1 4 88%  60 3761 328 29%
c - 52.39 17 14 44 203 64035 1 1921901 19699 2.0 21 10 1 4 88%  60 3761 328 29%
c - 52.82 17 14 44 204 65023 1 1936149 19408 2.0 21 10 1 4 88%  60 3761 328 29%
c
c seconds   switched      rate           size/glue  tier1   binary      remaining
c        MB   reductions     conflicts         size   tier2   irredundant
c         level     restarts        redundant     glue   trail      variables
c
c } 53.24 17 14 45 204 65500 1 1948241 29837 2.0 21 10 1 4 87%  60 3761 328 29%
c [ 53.24 17 12 45 204 65500 1 1948241 29837 1.6 16 10 1 5 90%  60 3761 328 29%
c W 53.26  9 12 45 204 65500 1 1948241 29837 1.6 16 10 1 5 90%  60 3761 328 29%
c - 53.31 10 12 45 205 65502 1 1950431 20783 1.6 16 10 1 5 90%  60 3761 328 29%
c - 53.73 10 12 45 206 65510 1 1964748 18987 1.5 16 10 1 5 90%  60 3761 328 29%
c - 54.11  8 12 45 207 65514 1 1979100 16550 1.5 16 10 1 5 90%  60 3761 328 29%
c u 54.23  8 12 45 207 65515 1 1981754 16701 1.5 16 10 1 5 90%  62 3761 328 29%
c v 54.32  8 12 45 207 65515 1 1981754 14060 1.5 16 10 1 5 90%  63 3761 328 29%
c w 54.37  8 12 45 207 65515 1 1981754 13029 1.5 16 10 1 5 90%  63 3761 328 29%
c - 54.62  8 12 45 208 65522 1 1993487 12449 1.5 16 10 1 5 90%  63 3761 328 29%
c - 54.94  9 12 45 209 65529 1 2007909 12687 1.5 16 10 1 5 88%  63 3761 328 29%
c - 55.26  9 12 45 210 65530 1 2022365 12979 1.5 16 10 1 5 88%  63 3761 328 29%
c - 55.59  9 12 45 211 65536 1 2036857 13809 1.5 16 10 1 5 88%  63 3761 328 29%
c s 55.66  9 12 45 211 65537 1 2039987 15362 1.5 16 10 1 5 88%  63 3752 328 29%
c e 55.66  9 12 45 211 65537 1 2039987 15362 1.5 16 10 1 5 88%  62 3769 327 29%
c s 55.66  9 12 45 211 65537 1 2039987 15362 1.5 16 10 1 5 88%  62 3763 327 29%
c o 55.67  9 12 45 211 65537 1 2039987 15290 1.5 16 10 1 5 88%  62 3763 327 29%
c - 55.95  9 12 45 212 65544 1 2051383 13743 1.5 16 10 1 5 88%  62 3763 327 29%
c - 56.30  9 12 45 213 65548 1 2065944 13221 1.5 16 10 1 5 88%  62 3763 327 29%
c - 56.66  9 12 45 214 65556 1 2080539 12793 1.5 15 10 1 5 88%  62 3763 327 29%
c
c seconds   switched      rate           size/glue  tier1   binary      remaining
c        MB   reductions     conflicts         size   tier2   irredundant
c         level     restarts        redundant     glue   trail      variables
c
c I 56.69  9 12 45 214 65558 1 2082480 13760 1.5 15 10 1 5 88%  62 3763 327 29%
c ] 56.73  9 12 46 214 65559 1 2084415 14848 1.5 15 10 1 5 88%  62 3763 327 29%
c { 56.73  9 14 46 214 65559 1 2084415 14848 2.0 21 10 1 4 87%  62 3763 327 29%
c - 57.04  8 14 46 215 66197 1 2095167 15536 2.1 21 10 1 4 88%  62 3763 327 29%
c - 57.52 10 14 46 216 66197 1 2109830 19225 2.2 22 10 1 4 88%  62 3763 327 29%
c - 58.00 10 14 46 217 66865 1 2124528 20431 2.2 22 10 1 4 89%  62 3763 327 29%
c u 58.48 10 13 46 217 67478 1 2137633 27246 2.2 21 10 1 4 89%  62 3763 327 29%
c v 58.56 11 13 46 217 67478 1 2137633 26763 2.2 21 10 1 4 89%  62 3763 327 29%
c w 58.60 11 13 46 217 67478 1 2137633 26567 2.2 21 10 1 4 89%  62 3763 327 29%
c x 58.62 11 13 46 217 67478 1 2137633 26561 2.2 21 10 1 4 89%  62 3751 327 29%
c - 58.68 11 14 46 218 67569 1 2139258 18508 2.2 21 10 1 4 89%  62 3751 327 29%
c - 59.19 12 13 46 219 67682 1 2154022 20215 2.3 22 9 1 4 89%  62 3751 327 29%
c - 59.68 12 13 46 220 68305 1 2168822 21244 2.3 22 9 1 3 89%  62 3751 327 29%
c - 60.10 12 13 46 221 69475 1 2183655 20332 2.2 21 10 1 3 89%  62 3751 327 29%
c - 60.68 12 13 46 222 70271 1 2198521 21086 2.2 21 10 1 3 88%  63 3751 327 29%
c } 60.76 12 13 47 222 70446 1 2202459 23789 2.2 21 10 1 3 88%  63 3751 327 29%
c [ 60.76 12 12 47 222 70446 1 2202459 23789 1.5 15 10 1 5 88%  63 3751 327 29%
c - 61.02 12 12 47 223 70452 1 2213422 20469 1.5 15 10 1 5 88%  63 3751 327 29%
c B 61.26 12 12 47 223 70459 1 2223628 25381 1.5 15 10 1 5 89%  63 3751 327 29%
c - 61.41 12 12 47 224 70460 1 2228356 17995 1.5 15 10 1 5 89%  63 3751 327 29%
c
c seconds   switched      rate           size/glue  tier1   binary      remaining
c        MB   reductions     conflicts         size   tier2   irredundant
c         level     restarts        redundant     glue   trail      variables
c
c - 61.79 10 12 47 225 70466 1 2243322 17051 1.5 15 10 1 5 89%  63 3751 327 29%
c i 62.10 10 12 47 225 70473 1 2253843 21629 1.5 15 10 1 5 89%  74 3751 326 29%
c o 62.10 10 12 47 225 70473 1 2253843 21629 1.5 15 10 1 5 89%  74 3751 326 29%
c - 62.24 11 12 47 226 70474 1 2258322 14522 1.5 15 10 1 5 89%  60 3751 326 29%
c - 62.66 11 12 47 227 70476 1 2273355 15008 1.5 15 10 1 5 89%  60 3751 326 29%
c - 63.08 11 11 47 228 70479 1 2288422 15598 1.5 15 10 1 5 89%  61 3751 326 29%
c u 63.47 11 11 47 228 70486 1 2300122 19521 1.5 15 10 1 5 89%  83 3606 326 29%
c v 63.56 11 11 47 228 70486 1 2300122 17261 1.5 15 10 1 5 89%  76 3606 326 29%
c w 63.67 11 11 47 228 70486 1 2300122 13019 1.5 15 10 1 5 89%  76 3606 326 29%
c - 63.76 11 11 47 229 70489 1 2303523 11402 1.5 14 10 1 5 89%  76 3606 326 29%
c - 64.07 11 11 47 230 70493 1 2318655 13161 1.5 14 9 1 5 89%  77 3606 326 29%
c - 64.39 11 11 47 231 70502 1 2333820 13892 1.5 14 9 1 5 89%  79 3606 326 29%
c i 64.46 11 11 47 231 70504 1 2337592 15511 1.5 14 9 1 5 90%  89 3606 325 29%
c ] 64.61 11 11 48 231 70506 1 2344965 19241 1.5 14 9 1 5 88%  89 3606 325 29%
c { 64.61 11 13 48 231 70506 1 2344965 19241 2.2 21 10 1 3 88%  89 3606 325 29%
c - 64.69 11 13 48 232 70522 1 2349019 10361 2.1 20 9 1 3 87%  73 3606 325 29%
c - 65.01 11 13 48 233 70618 1 2364250 13801 2.1 19 9 1 3 85%  74 3606 325 29%
c - 65.40 11 12 48 234 70722 1 2379514 16923 2.1 19 9 1 3 86%  75 3606 325 29%
c - 65.84 11 12 48 235 70879 1 2394811 17155 2.0 18 9 1 3 87%  76 3606 325 29%
c i 66.05 11 12 48 235 70879 1 2402727 21020 2.0 17 9 1 3 87%  87 3606 324 29%
c
c seconds   switched      rate           size/glue tier1   binary      remaining
c        MB   reductions     conflicts         size  tier2   irredundant
c         level     restarts        redundant    glue   trail      variables
c
c - 66.29 10 11 48 236 70886 1 2410140 14888 2.0 17 8 1 3 86%  75 3605 324 29%
c i 66.50 10 11 48 236 70942 1 2418219 19118 2.0 17 8 1 3 86%  91 3605 323 29%
c - 66.79 11 11 48 237 70942 1 2425502 16289 2.1 17 8 1 3 87%  78 3605 323 29%
c i 66.86 11 11 48 237 70942 1 2427800 17533 2.1 17 8 1 3 87%  89 3605 322 29%
c i 67.07 11 11 48 237 70980 1 2433836 20942 2.1 17 8 1 3 87% 100 3605 321 29%
c i 67.24 11 11 48 237 70980 1 2437762 23728 2.1 17 8 1 3 86% 114 3605 318 29%
c i 67.25 11 11 48 237 70980 1 2438093 23970 2.1 17 8 1 3 86% 115 3605 317 29%
c i 67.27 11 11 48 237 70980 1 2438395 24083 2.1 17 8 1 3 86% 126 3605 311 28%
c s 67.27 11 11 48 237 70980 1 2438532 24167 2.1 17 8 1 3 86% 133 2592 311 28%
c e 67.28 11 11 48 237 70980 1 2438532 24167 2.1 17 8 1 3 86%  52 2922 263 24%
c s 67.28 11 11 48 237 70980 1 2438532 24167 2.1 17 8 1 3 86%  55 2563 263 24%
c e 67.28 11 11 48 237 70980 1 2438532 24167 2.1 17 8 1 3 86%  52 2708 244 22%
c i 67.28 11 11 48 237 70980 1 2438687 5792 2.1 17 8 1 3 86%  59 2708 225 20%
c } 67.28 11 11 48 237 70980 1 2438697 5794 2.1 17 8 1 3 86%  61 2708 209 19%
c 0 67.28 11 11 48 237 70980 1 2438697 5794 2.1 17 8 1 3 86%  61 2708 209 19%
c
c ---- [ result ] ------------------------------------------------------------
c
s UNSATISFIABLE
c
c ---- [ profiling ] ---------------------------------------------------------
c
c          62.52   92.92 %  search
c          33.12   49.23 %  focused
c          29.40   43.70 %  stable
c           4.74    7.05 %  simplify
c           4.63    6.88 %  probe
c           3.12    4.64 %  vivify
c           1.42    2.11 %  sweep
c           0.37    0.54 %  reduce
c           0.07    0.11 %  walking
c           0.05    0.08 %  eliminate
c           0.05    0.07 %  substitute
c           0.03    0.04 %  factor
c           0.02    0.03 %  preprocess
c           0.01    0.01 %  subsume
c           0.01    0.01 %  congruence
c           0.00    0.01 %  transitive
c           0.00    0.00 %  backbone
c           0.00    0.00 %  lucky
c           0.00    0.00 %  parse
c =============================================
c          67.28  100.00 %  total
c
c ---- [ statistics ] --------------------------------------------------------
c
c conflicts:                          2438697            36244.69 per second
c congruent:                               43                4 %  variables
c decisions:                          3062548                1.26 per conflict
c eliminated:                             836               75 %  variables
c factored:                                57                5 %  variables
c iterations:                              12                1 %  variables
c propagations:                     272204382          4045588    per second
c reductions:                             237            10290    interval
c reordered:                               20           121935    interval
c rephased:                                34            71726    interval
c restarts:                             70980               34    interval
c strengthened:                          1178                0 %  checks
c substituted:                             68                6 %  variables
c subsumed:                              1051                0 %  checks
c switched:                                48            50806    interval
c vivified:                            125419               39 %  checks
c walks:                                   11           221700    interval
c
c ---- [ glue usage ] --------------------------------------------------------
c
c focused glue 1 used 15182569 clauses 69.50% accumulated 69.50% tier1
c focused glue 2 used  3451058 clauses 15.80% accumulated 85.30%
c focused glue 3 used  1053863 clauses  4.82% accumulated 90.13% tier2
c
c stable glue 1 used 14610372 clauses 64.20% accumulated 64.20% tier1
c stable glue 2 used  3696438 clauses 16.24% accumulated 80.44%
c stable glue 3 used  1278793 clauses  5.62% accumulated 86.06%
c stable glue 4 used   642109 clauses  2.82% accumulated 88.88%
c stable glue 5 used   443285 clauses  1.95% accumulated 90.83% tier2
c
c ---- [ resources ] ---------------------------------------------------------
c
c maximum-resident-set-size:        383602688 bytes        366 MB
c process-time:                          1m 7s              67.28 seconds
c
c ---- [ shutting down ] -----------------------------------------------------
c
c exit 20
