c ---- [ banner ] ------------------------------------------------------------
c
c Kissat SAT Solver
c 
c Copyright (c) 2021-2024 Armin Biere University of Freiburg
c Copyright (c) 2019-2021 Armin Biere Johannes Kepler University Linz
c 
c Version 4.0.4 8af8e56f174b778aef3aa45af9f739b2a5f492c2
c gcc (GCC) 15.2.1 20260123 (Red Hat 15.2.1-7) -W -Wall -O3 -DNDEBUG
c Thu Apr 23 06:47:51 PM IST 2026 Linux krishnendu-LN 6.19.12-200.fc43.x86_64 x86_64
c
c ---- [ parsing ] -----------------------------------------------------------
c
c opened and reading DIMACS file:
c
c   /home/krishnendu/Research/fv-invariant-mining/data/circuits/cnf/miter_mult_8bit.cnf
c
c parsed 'p cnf 679 2553' header
c closing input after reading 37235 bytes (36 KB)
c finished parsing after 0.00 seconds
c
c ---- [ options ] -----------------------------------------------------------
c
c --decay=160                      (different from default '50')
c --eliminateeffort=1600           (different from default '100')
c
c ---- [ solving ] -----------------------------------------------------------
c
c seconds switched rate     size/glue tier1 binary      remaining
c        MB reductions conflicts size  tier2  irredundant
c         level restarts redundant glue  trail      variables
c
c *  0.00  3 0 0 0  0 0   0   0 0.0 0 0 0 0 0% 887 1664 676 100%
c (  0.00  3 0 0 0  0 0   0   0 0.0 0 0 0 0 0% 887 1664 676 100%
c .  0.00  3 0 0 0  0 0   0   0 0.0 0 0 0 0 0% 883 1664 676 100%
c c  0.00  3 0 0 0  0 0   0   0 0.0 0 0 0 0 0% 919 1662 649 96%
c d  0.00  3 0 0 0  0 0   0   0 0.0 0 0 0 0 0% 829 1662 649 96%
c =  0.02  3 0 0 0  0 0   0   0 0.0 0 0 0 0 0% 843 1650 641 95%
c d  0.02  3 0 0 0  0 0   0   0 0.0 0 0 0 0 0% 823 1650 641 95%
c f  0.02  3 0 0 0  0 0   0   0 0.0 0 0 0 0 0% 812 1635 662 98%
c )  0.02  3 0 0 0  0 0   0   0 0.0 0 0 0 0 0% 812 1635 662 98%
c {  0.02  3 0 0 0  0 0   0   0 0.0 0 0 2 6 0% 812 1635 662 98%
c -  0.04  4 12 0 1 109 2 1000 541 2.2 17 8 3 9 85% 820 1635 662 98%
c }  0.04  4 12 1 1 109 2 1000 541 2.2 17 8 3 9 85% 820 1635 662 98%
c [  0.04  4 0 1 1 109 0 1000 541 0.0 0 0 2 6 0% 820 1635 662 98%
c B  0.04  4 9 1 1 109 1 1005 543 1.3 9 7 2 6 91% 820 1635 662 98%
c ]  0.06  4 11 2 1 109 1 1886 1297 3.6 21 6 2 5 84% 822 1635 662 98%
c {  0.06  4 12 2 1 109 2 1886 1297 2.2 17 8 3 9 85% 822 1635 662 98%
c -  0.06  4 13 2 2 109 2 2000 1054 2.3 18 8 3 9 85% 824 1635 662 98%
c }  0.08  4 13 3 2 165 2 2886 1843 2.5 19 8 2 8 82% 834 1635 662 98%
c [  0.08  4 11 3 2 165 1 2886 1843 3.6 21 6 2 5 84% 834 1635 662 98%
c W  0.08  4 11 3 2 165 1 2886 1843 3.6 21 6 2 5 84% 834 1635 662 98%
c
c seconds  switched  rate       size/glue tier1   binary      remaining
c        MB reductions conflicts      size  tier2   irredundant
c         level restarts   redundant    glue   trail      variables
c
c -  0.10  4 12 3 3 165 1 3414 1811 2.8 20 7 2 7 86% 834 1635 662 98%
c c  0.10  4 12 3 3 165 1 3667 2029 2.6 20 8 2 7 86% 840 1635 661 97%
c d  0.10  4 12 3 3 165 1 3667 2029 2.6 20 8 2 7 86% 838 1635 661 97%
c u  0.10  4 12 3 3 165 1 3667 1855 2.6 20 8 2 7 86% 839 1635 661 97%
c v  0.11  4 12 3 3 165 1 3667 1771 2.6 20 8 2 7 86% 839 1635 661 97%
c w  0.11  4 12 3 3 165 1 3667 1740 2.6 20 8 2 7 86% 839 1635 661 97%
c x  0.11  4 12 3 3 165 1 3667 1740 2.6 20 8 2 7 86% 843 1594 661 97%
c =  0.12  4 12 3 3 165 1 3667 1740 2.6 20 8 2 7 86% 883 1592 641 95%
c d  0.12  4 12 3 3 165 1 3667 1740 2.6 20 8 2 7 86% 824 1592 641 95%
c t  0.12  4 12 3 3 165 1 3667 1740 2.6 20 8 2 7 86% 816 1592 641 95%
c u  0.13  4 12 3 3 165 1 3667 1705 2.6 20 8 2 7 86% 820 1592 641 95%
c v  0.13  4 12 3 3 165 1 3667 1609 2.6 20 8 2 7 86% 820 1592 641 95%
c w  0.13  4 12 3 3 165 1 3667 1601 2.6 20 8 2 7 86% 820 1592 641 95%
c x  0.13  4 12 3 3 165 1 3667 1599 2.6 20 8 2 7 86% 821 1585 641 95%
c t  0.15  4 12 3 3 165 1 3667 1599 2.6 20 8 2 7 86% 820 1585 641 95%
c ]  0.16  4 12 4 3 166 1 4291 2104 2.3 18 8 2 8 80% 820 1585 641 95%
c {  0.16  4 13 4 3 166 2 4291 2104 2.5 19 8 2 8 82% 820 1585 641 95%
c -  0.17  4 13 4 4 191 2 5146 2287 2.5 18 7 2 8 77% 827 1585 641 95%
c }  0.21  4 13 5 4 341 2 6644 3587 2.5 18 7 2 7 78% 836 1585 641 95%
c [  0.21  4 12 5 4 341 1 6644 3587 2.3 18 8 2 8 80% 836 1585 641 95%
c
c seconds  switched  rate       size/glue tier1   binary      remaining
c        MB reductions conflicts      size  tier2   irredundant
c         level restarts   redundant    glue   trail      variables
c
c I  0.21  4 12 5 4 341 1 6644 3587 2.3 18 8 2 8 80% 836 1585 641 95%
c -  0.22  4 13 5 5 341 1 7147 3335 2.2 18 8 2 9 82% 837 1585 641 95%
c -  0.26  5 12 5 6 343 1 9383 4034 2.0 17 9 2 9 83% 841 1585 641 95%
c ]  0.27  5 12 6 6 343 1 10040 4492 2.0 17 9 2 9 84% 842 1585 641 95%
c {  0.27  5 13 6 6 343 2 10040 4492 2.5 18 7 2 7 78% 842 1585 641 95%
c o  0.27  5 13 6 6 361 2 10088 4531 2.4 18 7 2 7 78% 842 1585 641 95%
c u  0.29  5 14 6 6 607 2 11315 5394 2.3 18 8 2 7 79% 844 1585 641 95%
c v  0.30  5 14 6 6 607 2 11315 5259 2.3 18 8 2 7 79% 844 1585 641 95%
c w  0.30  5 14 6 6 607 2 11315 4937 2.3 18 8 2 7 79% 844 1585 641 95%
c t  0.30  5 14 6 6 607 2 11315 4937 2.3 18 8 2 7 79% 839 1585 641 95%
c -  0.31  5 14 6 7 719 2 11832 3962 2.2 17 8 2 8 79% 841 1585 641 95%
c }  0.34  5 13 7 7 905 2 14109 5802 2.1 16 8 2 8 78% 845 1585 641 95%
c [  0.34  5 12 7 7 905 1 14109 5802 2.0 17 9 2 9 84% 845 1585 641 95%
c B  0.34  5 12 7 7 905 1 14109 5802 2.0 17 9 2 9 84% 845 1585 641 95%
c -  0.35  5 12 7 8 905 1 14477 4854 2.0 17 9 2 9 84% 845 1585 641 95%
c -  0.40  6 12 7 9 907 1 17305 5534 1.9 17 9 2 9 86% 845 1585 641 95%
c ]  0.41  6 12 8 9 907 1 18141 6168 1.9 17 9 2 9 86% 845 1585 641 95%
c {  0.41  6 13 8 9 907 2 18141 6168 2.1 16 8 2 8 78% 845 1585 641 95%
c e  0.42  6 13 8 9 960 2 18330 6328 2.1 16 8 2 8 79% 245 1919 395 58%
c s  0.42  6 13 8 9 960 2 18330 6328 2.1 16 8 2 8 79% 246 1857 395 58%
c
c seconds  switched  rate        size/glue tier1   binary      remaining
c        MB reductions conflicts       size  tier2   irredundant
c         level restarts    redundant    glue   trail      variables
c
c e  0.42  6 13 8 9 960 2 18330 6328 2.1 16 8 2 8 79% 237 1863 390 58%
c ^  0.42  6 13 8 9 960 2 18330 6328 2.1 16 8 2 8 79% 237 1863 390 58%
c o  0.45  6 13 8 9 1117 2 20193 3313 2.2 17 8 2 8 78% 238 1863 390 58%
c -  0.45  5 13 8 10 1118 2 20305 2749 2.2 17 8 2 8 78% 238 1863 390 58%
c u  0.52  5 13 8 10 1623 2 23175 4818 2.1 17 8 2 8 80% 241 1863 390 58%
c v  0.53  5 13 8 10 1623 2 23175 4702 2.1 17 8 2 8 80% 241 1863 390 58%
c w  0.53  5 13 8 10 1623 2 23175 4676 2.1 17 8 2 8 80% 241 1863 390 58%
c x  0.53  5 13 8 10 1623 2 23175 4675 2.1 17 8 2 8 80% 241 1791 390 58%
c =  0.57  5 13 8 10 1623 2 23175 4675 2.1 17 8 2 8 80% 241 1787 389 57%
c t  0.57  5 13 8 10 1623 2 23175 4650 2.1 17 8 2 8 80% 239 1787 389 57%
c f  0.57  5 13 8 10 1623 2 23175 4650 2.1 17 8 2 8 80% 262 1738 402 59%
c u  0.58  5 13 8 10 1623 2 23175 4517 2.1 17 8 2 8 80% 262 1738 402 59%
c v  0.58  5 13 8 10 1623 2 23175 4445 2.1 17 8 2 8 80% 262 1738 402 59%
c w  0.59  5 13 8 10 1623 2 23175 4415 2.1 17 8 2 8 80% 262 1738 402 59%
c x  0.59  5 13 8 10 1623 2 23175 4414 2.1 17 8 2 8 80% 264 1720 402 59%
c -  0.63  5 13 8 11 1640 2 23467 3655 2.1 17 8 2 7 80% 264 1720 402 59%
c }  0.66  5 13 9 11 1640 2 24301 4434 2.1 17 8 2 7 80% 264 1720 402 59%
c [  0.66  5 12 9 11 1640 1 24301 4434 1.9 17 9 2 9 86% 264 1720 402 59%
c W  0.66  5 12 9 11 1640 1 24301 4434 1.9 17 9 2 9 86% 264 1720 402 59%
c -  0.71  5 12 9 12 1642 1 26783 4741 1.8 17 9 2 9 86% 264 1720 402 59%
c
c seconds  switched    rate        size/glue tier1   binary      remaining
c        MB  reductions  conflicts       size  tier2   irredundant
c         level   restarts    redundant    glue   trail      variables
c
c -  0.77  5 12 9 13 1644 1 30247 5132 1.8 16 9 2 8 86% 264 1720 402 59%
c O  0.79  5 12 9 13 1645 1 31829 6333 1.8 16 9 2 8 87% 264 1720 402 59%
c ]  0.80  5 12 10 13 1645 1 31943 6412 1.8 16 9 2 8 87% 264 1720 402 59%
c {  0.80  5 13 10 13 1645 2 31943 6412 2.1 17 8 2 7 80% 264 1720 402 59%
c -  0.85  5 13 10 14 1791 2 33852 5980 2.2 18 8 1 7 81% 264 1720 402 59%
c s  0.92  6 12 10 14 1943 2 37148 8724 2.3 18 8 1 6 82% 267 1719 402 59%
c e  0.93  6 12 10 14 1943 2 37148 8724 2.3 18 8 1 6 82% 203 1816 355 52%
c s  0.93  6 12 10 14 1943 2 37148 8724 2.3 18 8 1 6 82% 205 1797 355 52%
c e  0.93  6 12 10 14 1943 2 37148 8724 2.3 18 8 1 6 82% 202 1801 354 52%
c ^  0.93  6 12 10 14 1943 2 37148 8724 2.3 18 8 1 6 82% 202 1801 354 52%
c -  0.94  6 12 10 15 1969 2 37593 4680 2.3 18 8 1 6 82% 203 1801 354 52%
c u  0.99  6 12 10 15 2100 2 40091 5887 2.2 17 8 1 6 82% 207 1801 354 52%
c v  1.01  6 12 10 15 2100 2 40091 5275 2.2 17 8 1 6 82% 208 1801 354 52%
c w  1.01  6 12 10 15 2100 2 40091 5183 2.2 17 8 1 6 82% 208 1801 354 52%
c x  1.01  6 12 10 15 2100 2 40091 5182 2.2 17 8 1 6 82% 211 1762 354 52%
c d  1.01  6 12 10 15 2100 2 40091 5178 2.2 17 8 1 6 82% 209 1762 353 52%
c t  1.01  6 12 10 15 2100 2 40091 5178 2.2 17 8 1 6 82% 207 1762 353 52%
c f  1.01  6 12 10 15 2100 2 40091 5178 2.2 17 8 1 6 82% 209 1753 355 52%
c u  1.01  6 12 10 15 2100 2 40091 5137 2.2 17 8 1 6 82% 209 1753 355 52%
c v  1.03  6 12 10 15 2100 2 40091 4740 2.2 17 8 1 6 82% 209 1753 355 52%
c
c seconds   switched    rate        size/glue tier1   binary      remaining
c        MB   reductions  conflicts       size  tier2   irredundant
c         level    restarts    redundant    glue   trail      variables
c
c w  1.03  6 12 10 15 2100 2 40091 4706 2.2 17 8 1 6 82% 209 1753 355 52%
c x  1.03  6 12 10 15 2100 2 40091 4706 2.2 17 8 1 6 82% 209 1747 355 52%
c =  1.07  6 12 10 15 2100 2 40091 4706 2.2 17 8 1 6 82% 211 1745 354 52%
c d  1.07  6 12 10 15 2100 2 40091 4706 2.2 17 8 1 6 82% 209 1745 354 52%
c o  1.08  6 12 10 15 2146 2 40270 4845 2.2 17 8 1 6 83% 209 1745 354 52%
c }  1.09  6 12 11 15 2213 2 40570 5103 2.2 17 8 1 6 83% 209 1744 354 52%
c [  1.09  6 12 11 15 2213 1 40570 5103 1.8 16 9 2 8 87% 209 1744 354 52%
c -  1.10  6 12 11 16 2213 1 41468 4691 1.8 16 9 2 8 85% 209 1744 354 52%
c B  1.10  6 12 11 16 2213 1 41590 4811 1.8 16 9 2 8 85% 209 1744 354 52%
c -  1.16  6 12 11 17 2216 1 45469 5769 1.8 16 9 2 8 85% 209 1743 354 52%
c -  1.23  6 12 11 18 2219 1 49592 6296 1.8 16 9 2 8 86% 209 1743 354 52%
c W  1.30  6 12 11 18 2220 1 53813 9367 1.8 16 9 2 8 86% 209 1743 354 52%
c -  1.30  6 12 11 19 2220 1 53834 7111 1.8 16 9 2 8 86% 209 1743 354 52%
c ]  1.31  6 12 12 19 2221 1 54207 7378 1.8 16 9 2 8 87% 209 1743 354 52%
c {  1.31  6 12 12 19 2221 2 54207 7378 2.2 17 8 1 6 83% 209 1743 354 52%
c -  1.43  7 13 12 20 3018 2 58192 7805 2.1 17 8 1 6 83% 209 1743 354 52%
c u  1.55  7 13 12 20 3609 2 61929 10413 2.1 17 8 1 6 84% 209 1743 354 52%
c v  1.56  7 13 12 20 3609 2 61929 10201 2.1 17 8 1 6 84% 209 1743 354 52%
c w  1.57  7 13 12 20 3609 2 61929 10157 2.1 17 8 1 6 84% 209 1743 354 52%
c -  1.65  7 13 12 21 3676 2 62665 7830 2.1 17 8 1 5 83% 209 1743 354 52%
c
c seconds   switched    rate         size/glue tier1   binary      remaining
c        MB   reductions  conflicts        size  tier2   irredundant
c         level    restarts     redundant    glue   trail      variables
c
c }  1.71  6 13 13 21 3750 2 65687 10564 2.1 18 8 1 5 84% 209 1743 354 52%
c [  1.71  6 12 13 21 3750 1 65687 10564 1.8 16 9 2 8 87% 209 1743 354 52%
c -  1.74  7 12 13 22 3751 1 67247 9542 1.9 17 9 2 8 87% 209 1743 354 52%
c I  1.77  7 12 13 22 3752 1 68718 10680 1.9 17 9 2 7 86% 209 1743 354 52%
c o  1.82  7 12 13 22 3755 1 71846 13058 1.9 17 9 2 7 87% 209 1743 354 52%
c -  1.82  7 12 13 23 3755 1 71938 9882 1.9 17 9 2 8 87% 209 1743 354 52%
c -  1.91  7 12 13 24 3756 1 76734 8009 1.9 16 9 2 7 87% 209 1743 354 52%
c e  1.94  7 12 13 24 3757 1 78281 8915 1.9 16 9 2 7 87% 159 1848 319 47%
c s  1.94  7 12 13 24 3757 1 78281 8915 1.9 16 9 2 7 87% 159 1828 319 47%
c ^  1.94  7 12 13 24 3757 1 78281 8915 1.9 16 9 2 7 87% 159 1828 319 47%
c -  2.00  6 11 13 25 3759 1 81633 5357 1.9 16 9 2 7 87% 159 1828 319 47%
c ]  2.00  6 11 14 25 3759 1 81798 5473 1.9 16 9 2 7 87% 159 1828 319 47%
c {  2.00  6 13 14 25 3759 2 81798 5473 2.1 18 8 1 5 84% 159 1828 319 47%
c -  2.07  6 12 14 26 3760 2 86634 6915 2.1 17 8 1 5 85% 160 1828 319 47%
c u  2.11  6 12 14 26 3768 2 88803 7919 2.1 17 8 1 5 85% 161 1828 319 47%
c v  2.12  6 12 14 26 3768 2 88803 6328 2.1 17 8 1 5 85% 163 1828 319 47%
c w  2.12  6 12 14 26 3768 2 88803 4383 2.1 17 8 1 5 85% 163 1828 319 47%
c x  2.13  6 12 14 26 3768 2 88803 4381 2.1 17 8 1 5 85% 163 1817 319 47%
c t  2.13  6 12 14 26 3768 2 88803 4381 2.1 17 8 1 5 85% 161 1817 319 47%
c -  2.19  7 12 14 27 3937 2 91734 5251 2.1 16 8 1 5 85% 161 1817 319 47%
c
c seconds   switched    rate        size/glue tier1   binary      remaining
c        MB   reductions  conflicts       size  tier2   irredundant
c         level    restarts    redundant    glue   trail      variables
c
c }  2.28  6 11 15 27 3985 2 96513 8821 2.1 16 8 1 5 84% 162 1817 319 47%
c [  2.28  6 11 15 27 3985 1 96513 8821 1.9 16 9 2 7 87% 162 1817 319 47%
c B  2.28  6 11 15 27 3985 1 96513 8821 1.9 16 9 2 7 87% 162 1817 319 47%
c -  2.29  6 11 15 28 3985 1 96930 7763 1.8 16 9 2 7 87% 162 1817 319 47%
c i  2.33  6 11 15 28 3987 1 99228 8899 1.8 16 8 2 7 87% 174 1817 318 47%
c -  2.39  7 11 15 29 3989 1 102222 6152 1.8 15 8 2 7 87% 158 1817 318 47%
c -  2.51  7 11 15 30 3991 1 107607 6555 1.8 15 8 2 6 87% 159 1817 318 47%
c ]  2.54  7 11 16 30 3992 1 108941 7213 1.8 15 8 2 6 88% 159 1817 318 47%
c {  2.54  7 11 16 30 3992 2 108941 7213 2.1 16 8 1 5 84% 159 1817 318 47%
c -  2.62  6 11 16 31 3992 2 113085 7820 2.0 15 8 1 5 85% 163 1817 318 47%
c i  2.62  6 11 16 31 3992 2 113228 7862 2.0 15 8 1 5 85% 171 1817 314 46%
c o  2.62  6 11 16 31 3992 2 113228 7862 2.0 15 8 1 5 85% 171 1817 314 46%
c -  2.74  7 11 16 32 4089 2 118652 7926 2.1 15 7 1 5 85% 165 1817 314 46%
c i  2.74  7 11 16 32 4089 2 118771 7956 2.1 15 7 1 5 85% 169 1817 312 46%
c u  2.79  7 11 16 32 4092 2 120824 8320 2.1 15 7 1 5 85% 255 1578 312 46%
c v  2.82  6 11 16 32 4092 2 120824 7774 2.1 15 7 1 5 85% 256 1578 312 46%
c w  2.83  7 11 16 32 4092 2 120824 7549 2.1 15 7 1 5 85% 256 1578 312 46%
c =  2.91  7 11 16 32 4092 2 120824 7549 2.1 15 7 1 5 85% 303 1527 290 43%
c d  2.91  7 11 16 32 4092 2 120824 7531 2.1 15 7 1 5 85% 220 1527 290 43%
c t  2.91  7 11 16 32 4092 2 120824 7531 2.1 15 7 1 5 85% 204 1527 290 43%
c
c seconds   switched    rate         size/glue tier1   binary      remaining
c        MB   reductions  conflicts        size  tier2   irredundant
c         level    restarts     redundant    glue   trail      variables
c
c u  2.92  6 11 16 32 4092 2 120824 7312 2.1 15 7 1 5 85% 196 1527 290 43%
c v  2.95  6 11 16 32 4092 2 120824 6491 2.1 15 7 1 5 85% 199 1527 290 43%
c w  2.96  6 11 16 32 4092 2 120824 6349 2.1 15 7 1 5 85% 199 1527 290 43%
c =  3.04  7 11 16 32 4092 2 120824 6349 2.1 15 7 1 5 85% 201 1525 289 43%
c d  3.04  7 11 16 32 4092 2 120824 6349 2.1 15 7 1 5 85% 199 1525 289 43%
c t  3.04  7 11 16 32 4092 2 120824 6349 2.1 15 7 1 5 85% 194 1525 289 43%
c i  3.09  7 10 16 32 4126 1 123759 7941 2.1 15 7 1 5 85% 207 1521 280 41%
c -  3.10  7 10 16 33 4126 1 124308 5291 2.1 15 7 1 5 85% 228 1381 280 41%
c i  3.13  7 10 16 33 4126 1 125508 6024 2.1 15 7 1 5 85% 239 1381 278 41%
c i  3.15  7 10 16 33 4126 1 126394 6734 2.1 15 7 1 5 85% 244 1381 277 41%
c i  3.16  7 10 16 33 4126 1 126941 7082 2.1 15 7 1 5 85% 257 1381 275 41%
c i  3.17  7 10 16 33 4126 1 127246 7242 2.1 15 7 1 5 85% 263 1381 274 40%
c }  3.17  7 10 17 33 4126 1 127280 7264 2.1 15 7 1 5 85% 263 1381 274 40%
c [  3.17  7 11 17 33 4126 1 127280 7264 1.8 15 8 2 6 88% 263 1381 274 40%
c W  3.17  7 11 17 33 4126 1 127280 7264 1.8 15 8 2 6 88% 214 1315 274 40%
c i  3.17  7 11 17 33 4126 1 127360 7280 1.8 15 8 2 6 88% 220 1315 272 40%
c i  3.18  7 11 17 33 4126 1 127395 7284 1.8 15 8 2 6 88% 225 1315 270 40%
c i  3.18  7 11 17 33 4126 1 127410 7284 1.8 15 8 2 6 88% 229 1315 269 40%
c i  3.18  7 11 17 33 4126 1 127420 7284 1.8 15 8 2 6 87% 232 1315 268 40%
c i  3.18  7 11 17 33 4126 1 127430 7286 1.8 15 8 2 6 87% 234 1315 258 38%
c
c seconds   switched    rate         size/glue tier1   binary      remaining
c        MB   reductions  conflicts        size  tier2   irredundant
c         level    restarts     redundant    glue   trail      variables
c
c i  3.18  7 11 17 33 4126 1 127432 7286 1.8 15 8 2 6 87% 235 1315 249 37%
c i  3.18  7 11 17 33 4126 1 127434 7286 1.8 15 8 2 6 87% 236 1315 242 36%
c i  3.18  7 11 17 33 4126 1 127435 7286 1.8 15 8 2 6 87% 236 1315 208 31%
c i  3.18  7 11 17 33 4126 1 127436 7286 1.8 15 8 2 6 87% 236 1315 64 9%
c ]  3.18  7 11 17 33 4126 1 127438 7286 1.8 15 8 2 6 87% 236 1315 28 4%
c 0  3.18  7 10 17 33 4126 1 127438 7286 2.1 15 7 1 5 85% 236 1315 28 4%
c
c ---- [ result ] ------------------------------------------------------------
c
s UNSATISFIABLE
c
c ---- [ profiling ] ---------------------------------------------------------
c
c           2.53   79.55 %  search
c           1.45   45.80 %  focused
c           1.07   33.75 %  stable
c           0.63   19.94 %  probe
c           0.63   19.80 %  simplify
c           0.37   11.77 %  sweep
c           0.24    7.51 %  vivify
c           0.03    0.82 %  reduce
c           0.02    0.64 %  preprocess
c           0.01    0.31 %  substitute
c           0.01    0.25 %  walking
c           0.01    0.24 %  eliminate
c           0.01    0.18 %  factor
c           0.00    0.11 %  congruence
c           0.00    0.04 %  subsume
c           0.00    0.03 %  transitive
c           0.00    0.02 %  backbone
c           0.00    0.01 %  lucky
c           0.00    0.01 %  parse
c =============================================
c           3.18  100.00 %  total
c
c ---- [ statistics ] --------------------------------------------------------
c
c conflicts:                           127438            40104.52 per second
c congruent:                               28                4 %  variables
c decisions:                           168230                1.32 per conflict
c eliminated:                             334               49 %  variables
c factored:                                36                5 %  variables
c iterations:                              18                3 %  variables
c propagations:                      16183907          5093047    per second
c reductions:                              33             3862    interval
c reordered:                                5            25488    interval
c rephased:                                11            11585    interval
c restarts:                              4126               31    interval
c strengthened:                           119                0 %  checks
c substituted:                             80               12 %  variables
c subsumed:                                99                0 %  checks
c switched:                                17             7496    interval
c vivified:                             16062               48 %  checks
c walks:                                    4            31860    interval
c
c ---- [ glue usage ] --------------------------------------------------------
c
c focused glue 1 used 437841 clauses 57.49% accumulated 57.49% tier1
c focused glue 2 used 151605 clauses 19.91% accumulated 77.39%
c focused glue 3 used  64198 clauses  8.43% accumulated 85.82%
c focused glue 4 used  32333 clauses  4.25% accumulated 90.07% tier2
c
c stable glue 2 used 121594 clauses 19.76% accumulated 68.62% tier1
c stable glue 3 used  62016 clauses 10.08% accumulated 78.70%
c stable glue 4 used  33497 clauses  5.44% accumulated 84.14%
c stable glue 5 used  20995 clauses  3.41% accumulated 87.55%
c stable glue 6 used  16469 clauses  2.68% accumulated 90.23% tier2
c
c ---- [ resources ] ---------------------------------------------------------
c
c maximum-resident-set-size:        423305216 bytes        404 MB
c process-time:                             3s               3.18 seconds
c
c ---- [ shutting down ] -----------------------------------------------------
c
c exit 20
