c ---- [ banner ] ------------------------------------------------------------
c
c Kissat SAT Solver
c 
c Copyright (c) 2021-2024 Armin Biere University of Freiburg
c Copyright (c) 2019-2021 Armin Biere Johannes Kepler University Linz
c 
c Version 4.0.4 8af8e56f174b778aef3aa45af9f739b2a5f492c2
c gcc (GCC) 15.2.1 20260123 (Red Hat 15.2.1-7) -W -Wall -O3 -DNDEBUG
c Thu Apr 23 06:47:51 PM IST 2026 Linux krishnendu-LN 6.19.12-200.fc43.x86_64 x86_64
c
c ---- [ parsing ] -----------------------------------------------------------
c
c opened and reading DIMACS file:
c
c   /home/krishnendu/Research/fv-invariant-mining/data/circuits/cnf/miter_mult_11bit.cnf
c
c parsed 'p cnf 1368 5184' header
c closing input after reading 82324 bytes (80 KB)
c finished parsing after 0.00 seconds
c
c ---- [ options ] -----------------------------------------------------------
c
c --decay=150                      (different from default '50')
c --eliminateeffort=1400           (different from default '100')
c --stable=2                       (different from default '1')
c
c ---- [ solving ] -----------------------------------------------------------
c
c seconds switched rate     size/glue tier1  binary       remaining
c        MB reductions conflicts size  tier2   irredundant
c         level restarts redundant glue  trail       variables
c
c *  0.00  3 0 0 0  0 0   0   0 0.0 0 0 0 0 0% 1797 3385 1365 100%
c (  0.00  3 0 0 0  0 0   0   0 0.0 0 0 0 0 0% 1797 3385 1365 100%
c .  0.00  3 0 0 0  0 0   0   0 0.0 0 0 0 0 0% 1793 3385 1365 100%
c c  0.00  4 0 0 0  0 0   0   0 0.0 0 0 0 0 0% 1876 3383 1312 96%
c d  0.00  4 0 0 0  0 0   0   0 0.0 0 0 0 0 0% 1688 3383 1312 96%
c =  0.02  4 0 0 0  0 0   0   0 0.0 0 0 0 0 0% 1698 3373 1306 96%
c d  0.02  4 0 0 0  0 0   0   0 0.0 0 0 0 0 0% 1684 3373 1306 96%
c f  0.02  4 0 0 0  0 0   0   0 0.0 0 0 0 0 0% 1653 3352 1334 98%
c )  0.02  4 0 0 0  0 0   0   0 0.0 0 0 0 0 0% 1653 3352 1334 98%
c [  0.02  4 0 0 0  0 0   0   0 0.0 0 0 2 6 0% 1653 3352 1334 98%
c -  0.05  4 20 0 1  0 1 1001 797 3.6 35 10 3 12 86% 1661 3352 1334 98%
c B  0.05  4 20 0 1  0 1 1001 797 3.6 35 10 3 12 86% 1661 3352 1334 98%
c -  0.09  5 20 0 2  1 1 2002 1429 3.1 38 12 3 15 88% 1662 3352 1334 98%
c W  0.09  4 20 0 2  1 1 2002 1429 3.1 38 12 3 15 88% 1662 3352 1334 98%
c u  0.15  5 19 0 2  2 1 3262 1856 2.4 31 13 3 15 90% 1667 3352 1334 98%
c v  0.16  5 19 0 2  2 1 3262 1755 2.4 31 13 3 15 90% 1667 3352 1334 98%
c w  0.16  5 19 0 2  2 1 3262 1475 2.4 31 13 3 15 90% 1667 3352 1334 98%
c x  0.16  5 19 0 2  2 1 3262 1475 2.4 31 13 3 15 90% 1683 3301 1334 98%
c =  0.18  5 19 0 2  2 1 3262 1475 2.4 31 13 3 15 90% 1707 3296 1322 97%
c d  0.18  5 19 0 2  2 1 3262 1475 2.4 31 13 3 15 90% 1671 3296 1322 97%
c
c seconds  switched rate       size/glue  tier1     binary       remaining
c        MB reductions conflicts     size   tier2     irredundant
c         level restarts  redundant     glue    trail       variables
c
c t  0.18  5 19 0 2  2 1 3262 1475 2.4 31 13 3 15 90% 1662 3296 1322 97%
c f  0.18  5 19 0 2  2 1 3262 1475 2.4 31 13 3 15 90% 1660 3296 1324 97%
c u  0.18  5 19 0 2  2 1 3262 1467 2.4 31 13 3 15 90% 1661 3296 1324 97%
c v  0.18  5 19 0 2  2 1 3262 1435 2.4 31 13 3 15 90% 1661 3296 1324 97%
c w  0.19  5 19 0 2  2 1 3262 1297 2.4 31 13 3 15 90% 1661 3296 1324 97%
c x  0.19  5 19 0 2  2 1 3262 1297 2.4 31 13 3 15 90% 1661 3295 1324 97%
c =  0.21  5 19 0 2  2 1 3262 1297 2.4 31 13 3 15 90% 1685 3295 1312 96%
c d  0.21  5 19 0 2  2 1 3262 1297 2.4 31 13 3 15 90% 1649 3295 1312 96%
c -  0.21  5 19 0 3  2 1 3416 918 2.4 31 13 3 13 89% 1649 3295 1312 96%
c I  0.25  5 18 0 3  3 1 4261 1304 2.2 28 13 3 13 90% 1650 3295 1312 96%
c -  0.26  5 19 0 4  4 1 5150 1533 2.1 27 13 3 14 89% 1652 3295 1312 96%
c -  0.31  6 19 0 5  5 1 7150 2506 2.0 26 13 4 14 89% 1657 3295 1312 96%
c B  0.33  6 19 0 5  5 1 8034 3257 2.0 26 13 4 14 89% 1658 3295 1312 96%
c -  0.35  6 19 0 6  6 1 9386 3391 2.0 26 13 4 14 89% 1661 3295 1312 96%
c u  0.37  5 19 0 6  6 1 10058 3815 1.9 26 13 4 14 89% 1670 3295 1312 96%
c v  0.38  5 19 0 6  6 1 10058 3623 1.9 26 13 4 14 89% 1670 3295 1312 96%
c w  0.39  5 19 0 6  6 1 10058 3609 1.9 26 13 4 14 89% 1670 3295 1312 96%
c t  0.40  5 19 0 6  6 1 10058 3609 1.9 26 13 4 14 89% 1669 3295 1312 96%
c o  0.40  5 19 0 6  6 1 10058 3609 1.9 26 13 4 14 89% 1669 3295 1312 96%
c -  0.43  5 19 0 7  6 1 11835 3827 1.9 25 13 4 14 89% 1670 3295 1312 96%
c
c seconds  switched rate        size/glue  tier1     binary       remaining
c        MB reductions conflicts      size   tier2     irredundant
c         level restarts   redundant     glue    trail       variables
c
c W  0.47  5 19 0 7  8 1 13566 5386 1.9 25 13 4 14 89% 1673 3295 1312 96%
c -  0.48  5 19 0 8  9 1 14480 4642 1.9 25 13 4 14 89% 1673 3295 1312 96%
c s  0.52  5 18 0 8  9 1 16301 6248 1.9 25 13 4 14 89% 1680 3287 1312 96%
c e  0.52  6 18 0 8  9 1 16301 6248 1.9 25 13 4 14 89% 482 3977 805 59%
c s  0.52  6 18 0 8  9 1 16301 6248 1.9 25 13 4 14 89% 490 3858 805 59%
c e  0.52  6 18 0 8  9 1 16301 6248 1.9 25 13 4 14 89% 463 3877 792 58%
c ^  0.52  6 18 0 8  9 1 16301 6248 1.9 25 13 4 14 89% 463 3877 792 58%
c -  0.54  6 19 0 9 10 1 17309 1929 1.8 25 13 4 14 89% 463 3877 792 58%
c -  0.59  6 19 0 10 12 1 20310 3316 1.8 24 13 4 14 89% 464 3877 792 58%
c u  0.60  6 19 0 10 13 1 20602 3460 1.8 24 13 4 14 89% 464 3877 792 58%
c v  0.60  6 19 0 10 13 1 20602 3272 1.8 24 13 4 14 89% 465 3877 792 58%
c w  0.61  7 19 0 10 13 1 20602 3122 1.8 24 13 4 14 89% 465 3877 792 58%
c x  0.61  6 19 0 10 13 1 20602 3121 1.8 24 13 4 14 89% 466 3793 792 58%
c t  0.61  6 19 0 10 13 1 20602 3121 1.8 24 13 4 14 89% 462 3793 792 58%
c f  0.61  6 19 0 10 13 1 20602 3121 1.8 24 13 4 14 89% 512 3675 821 60%
c u  0.61  6 19 0 10 13 1 20602 3108 1.8 24 13 4 14 89% 512 3675 821 60%
c v  0.61  6 19 0 10 13 1 20602 3051 1.8 24 13 4 14 89% 512 3675 821 60%
c w  0.62  6 19 0 10 13 1 20602 2798 1.8 24 13 4 14 89% 512 3675 821 60%
c x  0.62  6 19 0 10 13 1 20602 2798 1.8 24 13 4 14 89% 514 3630 821 60%
c o  0.63  6 19 0 10 13 1 20602 2798 1.8 24 13 4 14 89% 514 3630 821 60%
c
c seconds  switched  rate        size/glue  tier1    binary      remaining
c        MB  reductions conflicts      size   tier2    irredundant
c         level  restarts   redundant     glue    trail      variables
c
c O  0.64  6 19 0 10 13 1 21094 3181 1.8 24 13 4 14 89% 515 3630 821 60%
c -  0.70  6 19 0 11 13 1 23473 3755 1.8 25 13 4 14 89% 517 3630 821 60%
c -  0.81  7 18 0 12 14 1 26789 4344 1.8 25 13 3 14 89% 518 3630 821 60%
c -  0.91  6 18 0 13 14 1 30253 4756 1.9 25 13 3 13 88% 518 3630 821 60%
c B  0.93  6 18 0 13 14 1 30856 5168 1.9 25 13 3 13 88% 519 3630 821 60%
c s  0.96  7 18 0 13 15 1 32973 7007 1.9 25 13 3 13 89% 519 3627 821 60%
c e  0.96  7 18 0 13 15 1 32973 7007 1.9 25 13 3 13 89% 370 3852 716 52%
c s  0.96  7 18 0 13 15 1 32973 7007 1.9 25 13 3 13 89% 373 3808 716 52%
c e  0.96  7 18 0 13 15 1 32973 7007 1.9 25 13 3 13 89% 369 3812 714 52%
c ^  0.96  7 18 0 13 15 1 32973 7007 1.9 25 13 3 13 89% 369 3812 714 52%
c -  0.98  7 18 0 14 15 1 33859 3220 1.9 25 13 3 13 89% 369 3812 714 52%
c u  1.01  6 18 0 14 17 1 35550 4528 1.9 25 13 3 13 88% 370 3812 714 52%
c v  1.01  6 18 0 14 17 1 35550 4194 1.9 25 13 3 13 88% 370 3812 714 52%
c w  1.02  6 18 0 14 17 1 35550 4080 1.9 25 13 3 13 88% 370 3812 714 52%
c x  1.02  6 18 0 14 17 1 35550 4078 1.9 25 13 3 13 88% 373 3761 714 52%
c t  1.02  6 18 0 14 17 1 35550 4078 1.9 25 13 3 13 88% 372 3761 714 52%
c f  1.03  6 18 0 14 17 1 35550 4078 1.9 25 13 3 13 88% 379 3747 716 52%
c u  1.03  6 18 0 14 17 1 35550 4047 1.9 25 13 3 13 88% 379 3747 716 52%
c v  1.03  6 18 0 14 17 1 35550 3929 1.9 25 13 3 13 88% 379 3747 716 52%
c w  1.04  6 18 0 14 17 1 35550 3728 1.9 25 13 3 13 88% 379 3747 716 52%
c
c seconds  switched  rate        size/glue  tier1    binary      remaining
c        MB  reductions conflicts      size   tier2    irredundant
c         level  restarts   redundant     glue    trail      variables
c
c x  1.05  6 18 0 14 17 1 35550 3728 1.9 25 13 3 13 88% 379 3744 716 52%
c -  1.08  6 19 0 15 18 1 37600 3810 1.9 25 13 3 13 88% 379 3744 716 52%
c -  1.15  6 19 0 16 21 1 41472 5051 1.9 25 13 3 13 88% 379 3744 716 52%
c W  1.17  6 19 0 16 21 1 43078 6591 1.9 25 13 3 13 87% 379 3744 716 52%
c o  1.17  6 19 0 16 21 1 43078 6591 1.9 25 13 3 13 87% 379 3744 716 52%
c -  1.21  6 19 0 17 22 1 45473 6445 1.9 25 13 3 13 87% 380 3744 716 52%
c -  1.29  6 19 0 18 25 1 49596 6846 1.8 24 13 3 13 87% 381 3744 716 52%
c -  1.39  7 19 0 19 28 1 53839 6982 1.8 24 13 3 13 86% 382 3744 716 52%
c u  1.42  7 19 0 19 28 1 54814 7426 1.8 24 13 3 13 86% 382 3744 716 52%
c v  1.43  7 19 0 19 28 1 54814 6911 1.8 24 13 3 13 86% 382 3744 716 52%
c w  1.43  7 19 0 19 28 1 54814 6895 1.8 24 13 3 13 86% 382 3744 716 52%
c =  1.47  7 19 0 19 28 1 54814 6895 1.8 24 13 3 13 86% 384 3740 715 52%
c d  1.47  7 19 0 19 28 1 54814 6893 1.8 24 13 3 13 86% 381 3740 715 52%
c u  1.48  7 19 0 19 28 1 54814 6850 1.8 24 13 3 13 86% 381 3740 715 52%
c v  1.49  7 19 0 19 28 1 54814 6683 1.8 24 13 3 13 86% 381 3740 715 52%
c w  1.49  7 19 0 19 28 1 54814 6668 1.8 24 13 3 13 86% 381 3740 715 52%
c x  1.49  7 19 0 19 28 1 54814 6668 1.8 24 13 3 13 86% 381 3739 715 52%
c I  1.54  7 19 0 19 29 1 57983 9427 1.8 24 13 3 13 86% 383 3739 715 52%
c -  1.54  7 19 0 20 29 1 58198 7209 1.8 24 13 3 13 86% 383 3739 715 52%
c -  1.62  7 19 0 21 29 1 62670 8869 1.9 24 13 3 13 87% 383 3739 715 52%
c
c seconds  switched  rate        size/glue  tier1    binary      remaining
c        MB  reductions conflicts      size   tier2    irredundant
c         level  restarts   redundant     glue    trail      variables
c
c -  1.71  7 19 0 22 30 1 67253 9015 1.9 25 13 3 12 87% 383 3739 715 52%
c e  1.74  7 18 0 22 30 1 69332 10853 1.9 25 13 3 12 87% 306 3926 654 48%
c s  1.74  7 18 0 22 30 1 69332 10853 1.9 25 13 3 12 87% 306 3907 654 48%
c e  1.74  7 18 0 22 30 1 69332 10853 1.9 25 13 3 12 87% 305 3910 653 48%
c ^  1.74  7 18 0 22 30 1 69332 10853 1.9 25 13 3 12 87% 305 3910 653 48%
c -  1.79  7 18 0 23 30 1 71943 6523 1.9 25 13 3 12 87% 305 3910 653 48%
c B  1.86  7 18 0 23 30 1 75785 9626 1.9 24 13 3 12 87% 305 3910 653 48%
c o  1.86  7 18 0 23 30 1 75785 9626 1.9 24 13 3 12 87% 305 3910 653 48%
c -  1.87  7 18 0 24 30 1 76738 7442 1.9 24 13 3 12 87% 305 3910 653 48%
c u  1.91  6 18 0 24 30 1 78518 8526 1.9 24 13 3 12 87% 306 3910 653 48%
c v  1.92  6 18 0 24 30 1 78518 8152 1.9 24 13 3 12 87% 306 3910 653 48%
c w  1.93  8 18 0 24 30 1 78518 8119 1.9 24 13 3 12 87% 306 3910 653 48%
c =  1.97  8 18 0 24 30 1 78518 8119 1.9 24 13 3 12 87% 308 3908 652 48%
c d  1.97  8 18 0 24 30 1 78518 8119 1.9 24 13 3 12 87% 306 3908 652 48%
c t  1.97  8 18 0 24 30 1 78518 8119 1.9 24 13 3 12 87% 305 3908 652 48%
c u  1.98  8 18 0 24 30 1 78518 8095 1.9 24 13 3 12 87% 305 3908 652 48%
c v  1.99  8 18 0 24 30 1 78518 7846 1.9 24 13 3 12 87% 305 3908 652 48%
c w  2.00  8 18 0 24 30 1 78518 7620 1.9 24 13 3 12 87% 305 3908 652 48%
c -  2.09  7 18 0 25 30 1 81636 7091 1.9 24 13 3 12 87% 305 3907 652 48%
c -  2.17  7 18 0 26 34 1 86638 7109 1.9 24 13 3 12 87% 305 3906 652 48%
c
c seconds  switched  rate        size/glue  tier1    binary      remaining
c        MB  reductions conflicts      size   tier2    irredundant
c         level  restarts   redundant     glue    trail      variables
c
c -  2.26  7 18 0 27 37 1 91738 6855 1.8 24 13 3 12 87% 305 3906 652 48%
c W  2.35  6 18 0 27 39 1 96697 10080 1.8 23 13 3 12 88% 305 3906 652 48%
c -  2.36  6 18 0 28 40 1 96935 7248 1.8 23 13 3 12 88% 305 3906 652 48%
c -  2.48  7 18 0 29 43 1 102226 8499 1.8 23 13 3 12 88% 305 3906 652 48%
c u  2.60  7 18 0 29 44 1 106726 11959 1.8 23 13 3 12 87% 305 3906 652 48%
c v  2.61  7 18 0 29 44 1 106726 11735 1.8 23 13 3 12 87% 306 3906 652 48%
c w  2.62  8 18 0 29 44 1 106726 11717 1.8 23 13 3 12 87% 306 3906 652 48%
c x  2.62  8 18 0 29 44 1 106726 11715 1.8 23 13 3 12 87% 306 3887 652 48%
c -  2.66  7 18 0 30 45 1 107612 8877 1.8 23 13 3 12 87% 306 3887 652 48%
c -  2.84  7 18 0 31 45 1 113089 8892 1.8 24 13 3 12 87% 306 3887 652 48%
c o  3.00  7 18 0 31 48 1 117331 12186 1.8 24 13 3 12 87% 306 3887 652 48%
c -  3.02  7 18 0 32 48 1 118656 7836 1.8 24 13 3 11 87% 306 3887 652 48%
c O  3.06  7 18 0 32 50 1 120922 9706 1.8 24 13 3 11 87% 306 3887 652 48%
c -  3.15  7 18 0 33 52 1 124313 7715 1.8 24 13 3 11 87% 306 3887 652 48%
c s  3.24  7 18 0 33 53 1 127818 10290 1.8 24 13 3 11 87% 306 3885 652 48%
c e  3.25  7 18 0 33 53 1 127818 10290 1.8 24 13 3 11 87% 229 4151 598 44%
c s  3.25  7 18 0 33 53 1 127818 10290 1.8 24 13 3 11 87% 230 4088 598 44%
c e  3.25  7 18 0 33 53 1 127818 10290 1.8 24 13 3 11 87% 226 4100 596 44%
c ^  3.25  7 18 0 33 53 1 127818 10290 1.8 24 13 3 11 87% 226 4100 596 44%
c -  3.31  6 18 0 34 55 1 130057 4924 1.8 24 13 3 11 87% 226 4100 596 44%
c
c seconds  switched  rate         size/glue  tier1    binary      remaining
c        MB  reductions conflicts       size   tier2    irredundant
c         level  restarts    redundant     glue    trail      variables
c
c -  3.46  6 18 0 35 59 1 135889 5560 1.8 24 13 3 11 87% 226 4100 596 44%
c u  3.55  7 18 0 35 59 1 139717 8378 1.8 24 13 3 11 87% 226 4100 596 44%
c v  3.57  7 18 0 35 59 1 139717 7494 1.8 24 13 3 11 87% 226 4100 596 44%
c w  3.60  7 18 0 35 59 1 139717 6555 1.8 24 13 3 11 87% 226 4100 596 44%
c =  3.69  7 18 0 35 59 1 139717 6555 1.8 24 13 3 11 87% 226 4096 595 44%
c t  3.69  7 18 0 35 59 1 139717 6500 1.8 24 13 3 11 87% 225 4096 595 44%
c u  3.70  7 18 0 35 59 1 139717 6429 1.8 24 13 3 11 87% 225 4096 595 44%
c v  3.72  7 18 0 35 59 1 139717 6076 1.8 24 13 3 11 87% 225 4096 595 44%
c w  3.73  7 18 0 35 59 1 139717 6014 1.8 24 13 3 11 87% 225 4096 595 44%
c x  3.74  6 18 0 35 59 1 139717 6011 1.8 24 13 3 11 87% 229 3993 595 44%
c t  3.84  6 18 0 35 59 1 139717 6011 1.8 24 13 3 11 87% 228 3993 595 44%
c -  3.89  6 18 0 36 60 1 141806 5146 1.8 24 13 3 11 87% 227 3993 595 44%
c -  4.02  7 18 0 37 60 1 147806 6336 1.8 24 13 3 11 87% 227 3993 595 44%
c B  4.04  7 18 0 37 61 1 148662 7047 1.8 24 13 3 11 87% 227 3993 595 44%
c -  4.16  7 18 0 38 61 1 153888 7422 1.8 24 13 3 11 87% 227 3993 595 44%
c -  4.31  7 18 0 39 61 1 160052 7202 1.8 24 13 3 11 87% 227 3993 595 44%
c -  4.48  7 18 0 40 62 1 166296 7565 1.8 24 13 3 11 87% 227 3993 595 44%
c -  4.63  7 17 0 41 62 1 172621 8211 1.8 24 13 3 11 87% 227 3993 595 44%
c u  4.76  6 17 0 41 62 1 177529 11555 1.8 24 13 3 11 87% 227 3993 595 44%
c v  4.78  8 17 0 41 62 1 177529 11088 1.8 24 13 3 11 87% 227 3993 595 44%
c
c seconds  switched  rate         size/glue  tier1    binary      remaining
c        MB  reductions conflicts       size   tier2    irredundant
c         level  restarts    redundant     glue    trail      variables
c
c w  4.79  8 17 0 41 62 1 177529 9135 1.8 24 13 3 11 87% 227 3993 595 44%
c x  4.80  8 17 0 41 62 1 177529 9135 1.8 24 13 3 11 87% 227 3974 595 44%
c o  4.80  8 17 0 41 62 1 177529 9135 1.8 24 13 3 11 87% 227 3974 595 44%
c -  4.82  7 17 0 42 62 1 179025 7328 1.8 24 13 3 11 87% 227 3974 595 44%
c W  4.85  6 17 0 42 62 1 180113 8364 1.8 24 13 3 11 88% 227 3974 595 44%
c -  4.97  7 18 0 43 62 1 185505 9317 1.8 24 13 3 11 88% 227 3974 595 44%
c -  5.18  8 18 0 44 62 1 192064 9346 1.9 25 13 3 10 88% 227 3974 595 44%
c -  5.36  8 18 0 45 64 1 198697 9556 1.9 25 13 3 10 88% 227 3974 595 44%
c -  5.55  8 18 0 46 68 1 205406 9881 1.9 25 13 3 10 88% 227 3974 595 44%
c e  5.72  8 18 0 46 70 1 210582 13403 1.9 25 13 3 10 88% 150 4617 504 37%
c s  5.72  8 18 0 46 70 1 210582 13403 1.9 25 13 3 10 88% 150 4446 504 37%
c e  5.72  8 18 0 46 70 1 210582 13403 1.9 25 13 3 10 88% 142 4486 499 37%
c ^  5.72  8 18 0 46 70 1 210582 13403 1.9 25 13 3 10 88% 142 4486 499 37%
c -  5.75  6 18 0 47 72 1 212189 4392 1.9 25 13 2 10 88% 142 4486 499 37%
c I  5.82  7 18 0 47 74 1 215464 6736 1.9 25 13 2 10 88% 142 4486 499 37%
c -  5.87  7 18 0 48 76 1 219048 5638 1.8 25 13 2 10 88% 142 4486 499 37%
c u  5.89  7 18 0 48 76 1 220363 6194 1.8 25 13 2 10 88% 142 4486 499 37%
c v  5.91  7 18 0 48 76 1 220363 5510 1.8 25 13 2 10 88% 142 4486 499 37%
c w  5.94  7 18 0 48 76 1 220363 4861 1.8 25 13 2 10 88% 142 4486 499 37%
c -  6.14  7 18 0 49 77 1 225976 5718 1.8 24 13 3 10 88% 142 4486 499 37%
c
c seconds  switched  rate         size/glue  tier1    binary      remaining
c        MB  reductions conflicts       size   tier2    irredundant
c         level  restarts    redundant     glue    trail      variables
c
c -  6.24  7 18 0 50 80 1 232976 7286 1.8 24 13 3 10 88% 142 4486 499 37%
c -  6.35  7 18 0 51 84 1 240048 8012 1.8 24 13 3 10 88% 142 4486 499 37%
c -  6.48  7 18 0 52 88 1 247191 7891 1.8 24 13 3 10 88% 142 4486 499 37%
c -  6.62  7 17 0 53 91 1 254404 8270 1.8 24 13 3 10 88% 142 4486 499 37%
c B  6.63  7 17 0 53 91 1 254905 8615 1.8 23 13 3 10 88% 142 4486 499 37%
c o  6.63  7 17 0 53 91 1 254905 8615 1.8 23 13 3 10 88% 142 4486 499 37%
c -  6.77  7 17 0 54 92 1 261684 8165 1.8 23 13 3 10 88% 142 4486 499 37%
c u  6.89  7 17 0 54 93 1 267593 11452 1.7 23 13 3 10 88% 142 4486 499 37%
c v  6.90  8 17 0 54 93 1 267593 11065 1.7 23 13 3 10 88% 142 4486 499 37%
c w  6.91  8 17 0 54 93 1 267593 9269 1.7 23 13 3 10 88% 142 4486 499 37%
c x  6.92  7 17 0 54 93 1 267593 9265 1.7 23 13 3 10 88% 145 4314 499 37%
c t  6.92  7 17 0 54 93 1 267593 9265 1.7 23 13 3 10 88% 143 4314 499 37%
c -  6.95  7 17 0 55 93 1 269032 6099 1.7 23 13 3 10 88% 143 4314 499 37%
c -  7.10  7 17 0 56 93 1 276450 6807 1.7 23 13 3 10 88% 143 4314 499 37%
c -  7.30  7 17 0 57 97 1 283934 6925 1.7 23 13 3 10 89% 143 4314 499 37%
c -  7.48  7 17 0 58 100 1 291484 7718 1.7 23 13 3 10 89% 143 4314 499 37%
c W  7.62  6 17 0 58 106 1 298617 13066 1.7 23 13 3 10 89% 143 4314 499 37%
c -  7.63  6 17 0 59 106 1 299100 8491 1.7 23 13 3 10 89% 143 4314 499 37%
c -  7.82  7 17 0 60 108 1 306781 7807 1.7 23 14 3 10 89% 143 4314 499 37%
c -  7.99  7 17 0 61 110 1 314526 7817 1.7 23 14 3 10 89% 143 4314 499 37%
c
c seconds  switched   rate          size/glue  tier1    binary      remaining
c        MB  reductions conflicts         size   tier2    irredundant
c         level  restarts      redundant     glue    trail      variables
c
c s  8.10  7 17 0 61 114 1 318967 10775 1.7 23 14 3 10 89% 143 4312 499 37%
c e  8.11  7 17 0 61 114 1 318967 10775 1.7 23 14 3 10 89%  76 5258 426 31%
c s  8.11  7 17 0 61 114 1 318967 10775 1.7 23 14 3 10 89%  76 5046 426 31%
c e  8.11  7 17 0 61 114 1 318967 10775 1.7 23 14 3 10 89%  74 5066 424 31%
c !  8.11  7 17 0 61 114 1 318967 10775 1.7 23 14 3 10 89%  74 5066 424 31%
c u  8.14  7 17 0 61 114 1 320250 6062 1.7 22 14 3 10 89%  75 5066 424 31%
c v  8.15  7 17 0 61 114 1 320250 5406 1.7 22 14 3 10 89%  75 5066 424 31%
c w  8.18  7 17 0 61 114 1 320250 4397 1.7 22 14 3 10 89%  75 5066 424 31%
c x  8.19  7 17 0 61 114 1 320250 4392 1.7 22 14 3 10 89%  75 4873 424 31%
c f  8.19  6 17 0 61 114 1 320250 4392 1.7 22 14 3 10 89%  77 4854 425 31%
c u  8.19  7 17 0 61 114 1 320250 4314 1.7 22 14 3 10 89%  77 4854 425 31%
c v  8.20  7 17 0 61 114 1 320250 4069 1.7 22 14 3 10 89%  77 4854 425 31%
c w  8.23  7 17 0 61 114 1 320250 3693 1.7 22 14 3 10 89%  77 4854 425 31%
c x  8.23  7 17 0 61 114 1 320250 3693 1.7 22 14 3 10 89%  77 4834 425 31%
c -  8.27  6 17 0 62 115 1 322336 3524 1.7 23 14 3 10 89%  77 4834 425 31%
c -  8.40  7 17 0 63 119 1 330211 6002 1.7 23 14 3 10 89%  77 4834 425 31%
c -  8.57  7 17 0 64 123 1 338148 6986 1.7 22 14 3 10 88%  77 4834 425 31%
c -  8.72  7 17 0 65 124 1 346148 8480 1.7 22 14 3 10 87%  77 4834 425 31%
c O  8.73  7 17 0 65 124 1 346779 8980 1.7 22 14 3 10 87%  77 4834 425 31%
c o  8.73  7 17 0 65 124 1 346779 8980 1.7 22 14 3 10 87%  77 4834 425 31%
c
c seconds  switched   rate         size/glue  tier1    binary      remaining
c        MB  reductions conflicts        size   tier2    irredundant
c         level  restarts     redundant     glue    trail      variables
c
c -  8.90  7 17 0 66 124 1 354210 8800 1.7 22 13 3 10 87%  77 4834 425 31%
c -  9.09  8 17 0 67 125 1 362334 8926 1.7 22 13 3 10 87%  77 4834 425 31%
c -  9.28  8 17 0 68 125 1 370521 9249 1.7 22 13 3 10 87%  77 4834 425 31%
c u  9.48  8 17 0 68 125 1 377310 12377 1.7 22 13 3 10 87%  77 4834 425 31%
c v  9.52  8 17 0 68 125 1 377310 11506 1.7 22 13 3 10 87%  77 4834 425 31%
c w  9.54  9 17 0 68 125 1 377310 10535 1.7 22 13 3 10 87%  77 4834 425 31%
c -  9.58  7 17 0 69 125 1 378767 7678 1.7 22 13 3 10 87%  77 4834 425 31%
c -  9.78  8 17 0 70 125 1 387074 8043 1.7 22 13 3 10 87%  77 4834 425 31%
c -  9.98  8 17 0 71 126 1 395441 9070 1.7 22 13 3 10 87%  77 4834 425 31%
c B 10.08  8 17 0 71 126 1 399568 11609 1.7 22 13 3 10 87%  77 4834 425 31%
c - 10.16  7 17 0 72 126 1 403868 9584 1.7 22 13 3 10 87%  77 4834 425 31%
c - 10.32  8 17 0 73 126 1 412353 9759 1.6 22 13 3 10 87%  77 4834 425 31%
c - 10.52  8 17 0 74 126 1 420897 8609 1.6 22 13 3 10 88%  77 4834 425 31%
c - 10.68  8 17 0 75 126 1 429500 9023 1.6 22 13 3 10 88%  77 4834 425 31%
c - 10.86  8 17 0 76 126 1 438162 9444 1.6 21 13 3 10 88%  77 4834 425 31%
c u 10.90  7 17 0 76 126 1 439634 9941 1.6 22 13 3 10 88%  77 4834 425 31%
c v 10.93  8 17 0 76 126 1 439634 8980 1.6 22 13 3 10 88%  77 4834 425 31%
c w 10.94  8 17 0 76 126 1 439634 8776 1.6 22 13 3 10 88%  77 4834 425 31%
c x 10.95  8 17 0 76 126 1 439634 8770 1.6 22 13 3 10 88%  77 4832 425 31%
c o 10.95  8 17 0 76 126 1 439634 8770 1.6 22 13 3 10 88%  77 4832 425 31%
c
c seconds  switched   rate         size/glue  tier1    binary      remaining
c        MB  reductions conflicts        size   tier2    irredundant
c         level  restarts     redundant     glue    trail      variables
c
c - 11.12  8 17 0 77 126 1 446879 8322 1.6 21 13 3 10 89%  77 4832 425 31%
c e 11.28  7 17 0 77 126 1 453675 12597 1.6 21 13 3 10 89%  68 4926 419 31%
c s 11.28  7 17 0 77 126 1 453675 12597 1.6 21 13 3 10 89%  69 4887 419 31%
c - 11.34  8 17 0 78 126 1 455653 9138 1.6 21 13 3 10 89%  69 4887 419 31%
c W 11.38  7 17 0 78 126 1 457153 10017 1.6 21 13 3 10 89%  69 4887 419 31%
c - 11.52  8 17 0 79 129 1 464485 9538 1.6 21 13 3 10 89%  69 4887 419 31%
c - 11.70  8 17 0 80 134 1 473375 9060 1.6 21 13 3 10 89%  69 4887 419 31%
c - 11.89  8 17 0 81 140 1 482320 9215 1.6 21 13 3 10 89%  69 4887 419 31%
c - 12.08  8 16 0 82 141 1 491320 10010 1.6 21 13 3 10 89%  69 4887 419 31%
c - 12.25  8 17 0 83 147 1 500375 10765 1.6 21 13 3 10 89%  69 4887 419 31%
c u 12.41  8 17 0 83 150 1 507325 15248 1.6 21 13 3 10 89%  69 4887 419 31%
c v 12.46  9 17 0 83 150 1 507325 14014 1.6 21 13 3 10 89%  69 4887 419 31%
c w 12.47  9 17 0 83 150 1 507325 11026 1.6 21 13 3 10 89%  69 4887 419 31%
c - 12.53  7 17 0 84 151 1 509485 7965 1.6 21 13 3 10 89%  69 4887 419 31%
c - 12.75  8 16 0 85 156 1 518650 9361 1.6 21 13 3 10 89%  69 4887 419 31%
c I 12.77  8 16 0 85 156 1 519704 9970 1.6 21 13 3 10 89%  69 4887 419 31%
c - 12.93  8 17 0 86 157 1 527871 10265 1.6 21 13 3 10 89%  69 4887 419 31%
c - 13.11  8 17 0 87 157 1 537144 10037 1.6 21 13 3 10 89%  69 4887 419 31%
c - 13.29  8 16 0 88 160 1 546471 10383 1.6 21 13 3 10 89%  69 4887 419 31%
c - 13.51  8 16 0 89 165 1 555852 10903 1.6 21 13 3 10 89%  69 4887 419 31%
c
c seconds  switched   rate          size/glue  tier1    binary      remaining
c        MB  reductions conflicts         size   tier2    irredundant
c         level  restarts      redundant     glue    trail      variables
c
c - 13.78  8 16 0 90 171 1 565285 11358 1.6 21 13 3 10 89%  69 4887 419 31%
c - 14.04  8 16 0 91 172 1 574771 11874 1.6 21 13 3 10 89%  69 4887 419 31%
c u 14.16  8 16 0 91 176 1 580336 15414 1.6 21 13 3 10 89%  69 4887 419 31%
c v 14.21  9 16 0 91 176 1 580336 13777 1.6 21 13 3 10 89%  69 4887 419 31%
c w 14.24  9 16 0 91 176 1 580336 10994 1.6 21 13 3 10 89%  69 4887 419 31%
c o 14.42  9 16 0 91 176 1 580336 10994 1.6 21 13 3 10 89%  69 4887 419 31%
c - 14.48  8 16 0 92 179 1 584311 9765 1.6 21 13 3 10 89%  69 4887 419 31%
c B 14.55  8 16 0 92 179 1 587386 12111 1.6 21 13 3 10 89%  69 4887 419 31%
c - 14.69  8 16 0 93 184 1 593902 10734 1.6 21 13 3 10 89%  69 4887 419 31%
c - 14.90  8 16 0 94 187 1 603548 10407 1.6 21 13 3 10 89%  69 4887 419 31%
c - 15.08  8 16 0 95 188 1 613244 11697 1.6 21 13 3 10 89%  69 4887 419 31%
c s 15.20  8 16 0 95 188 1 619350 15951 1.6 21 13 3 10 89%  69 4885 419 31%
c - 15.27  8 16 0 96 188 1 622991 11954 1.6 21 13 3 10 88%  69 4885 419 31%
c - 15.47  8 16 0 97 189 1 632789 12331 1.6 20 13 3 10 88%  69 4885 419 31%
c - 15.71  8 16 0 98 189 1 642638 13236 1.6 20 13 3 10 88%  69 4885 419 31%
c - 15.98  7 16 0 99 189 1 652537 12034 1.6 21 13 3 9 88%  69 4885 419 31%
c u 16.18  8 16 0 99 190 1 658864 14706 1.6 20 13 3 9 88%  69 4885 419 31%
c v 16.22  8 16 0 99 190 1 658864 13530 1.6 20 13 3 9 88%  69 4885 419 31%
c w 16.24  8 16 0 99 190 1 658864 12089 1.6 20 13 3 9 88%  69 4885 419 31%
c x 16.25  8 16 0 99 190 1 658864 12086 1.6 20 13 3 9 88%  69 4860 419 31%
c
c seconds  switched   rate          size/glue  tier1   binary      remaining
c        MB  reductions conflicts         size   tier2   irredundant
c         level  restarts      redundant     glue   trail      variables
c
c W 16.29  7 16 0 99 192 1 660361 13055 1.6 20 13 3 9 88%  69 4860 419 31%
c - 16.36  8 16 0 100 193 1 662487 8944 1.6 20 13 3 9 88%  69 4860 419 31%
c - 16.61  8 16 0 101 199 1 672487 10194 1.6 21 13 3 9 88%  69 4860 419 31%
c - 16.88  8 16 0 102 203 1 682536 10984 1.6 21 13 3 9 89%  69 4860 419 31%
c - 17.17  8 16 0 103 206 1 692636 11128 1.6 20 13 3 9 89%  69 4860 419 31%
c - 17.42  8 15 0 104 211 1 702784 11192 1.6 20 13 3 9 89%  69 4860 419 31%
c - 17.70  8 15 0 105 218 1 712982 12088 1.6 21 13 3 9 89%  69 4860 419 31%
c - 18.00  7 15 0 106 219 1 723229 12120 1.6 21 13 3 9 89%  69 4860 419 31%
c - 18.31  7 15 0 107 220 1 733525 11971 1.7 21 13 3 9 89%  69 4860 419 31%
c O 18.46  7 15 0 107 220 1 738790 16145 1.7 21 13 3 9 89%  69 4860 419 31%
c o 18.46  7 15 0 107 220 1 738790 16145 1.7 21 13 3 9 89%  69 4860 419 31%
c u 18.60  9 15 0 107 223 1 743048 17952 1.7 21 13 3 9 89%  69 4860 419 31%
c v 18.68  9 15 0 107 223 1 743048 16220 1.7 21 13 3 9 89%  69 4860 419 31%
c w 18.72 10 15 0 107 223 1 743048 15944 1.7 21 13 3 9 89%  69 4860 419 31%
c - 18.74  7 15 0 108 223 1 743869 10753 1.7 21 13 3 9 89%  69 4860 419 31%
c - 18.99  8 16 0 109 229 1 754263 10776 1.7 21 13 3 9 89%  69 4860 419 31%
c - 19.27  8 16 0 110 234 1 764704 9984 1.7 21 13 3 9 89%  69 4860 419 31%
c - 19.59  8 16 0 111 237 1 775192 10145 1.7 21 13 3 9 89%  69 4860 419 31%
c - 19.88  8 16 0 112 243 1 785729 10686 1.7 21 13 3 9 89%  69 4860 419 31%
c - 20.19  8 15 0 113 249 1 796312 11566 1.7 21 13 3 9 89%  69 4860 419 31%
c
c seconds  switched    rate          size/glue  tier1   binary      remaining
c        MB  reductions  conflicts         size   tier2   irredundant
c         level   restarts      redundant     glue   trail      variables
c
c - 20.52  8 15 0 114 251 1 806944 12557 1.7 21 13 3 9 88%  69 4860 419 31%
c s 20.84  8 15 0 114 251 1 817102 18400 1.7 21 13 3 9 88%  69 4859 419 31%
c - 20.86  8 15 0 115 251 1 817622 12646 1.7 21 13 3 9 88%  69 4859 419 31%
c B 21.02  8 15 0 115 252 1 822827 15491 1.7 21 13 3 9 88%  69 4859 419 31%
c - 21.16  7 15 0 116 252 1 828345 13101 1.7 21 13 3 9 88%  69 4859 419 31%
c u 21.28  8 15 0 116 252 1 832885 15098 1.7 21 13 3 9 89%  69 4859 419 31%
c v 21.35  8 15 0 116 252 1 832885 13396 1.7 21 13 3 9 89%  69 4859 419 31%
c w 21.40  8 15 0 116 252 1 832885 12868 1.7 21 13 3 9 89%  69 4859 419 31%
c - 21.52  7 15 0 117 252 1 839115 10841 1.7 21 13 3 9 89%  69 4859 419 31%
c - 21.77  8 15 0 118 252 1 849932 10555 1.7 21 13 3 9 89%  69 4859 419 31%
c - 22.01  8 15 0 119 253 1 860795 10763 1.7 21 13 3 9 89%  69 4859 419 31%
c - 22.25  8 15 0 120 253 1 871704 11341 1.7 21 13 3 9 89%  69 4859 419 31%
c - 22.53  7 15 0 121 253 1 882659 12054 1.7 21 13 3 9 89%  69 4859 419 31%
c - 22.80  7 15 0 122 253 1 893660 12187 1.7 21 13 3 9 89%  69 4859 419 31%
c - 23.05  8 15 0 123 253 1 904706 12764 1.7 21 13 3 9 88%  69 4859 419 31%
c W 23.22  7 15 0 123 253 1 912628 18159 1.7 21 13 3 9 89%  69 4859 419 31%
c o 23.22  7 15 0 123 253 1 912628 18159 1.7 21 13 3 9 89%  69 4859 419 31%
c - 23.30  8 15 0 124 253 1 915796 13389 1.7 21 13 3 9 89%  69 4859 419 31%
c - 23.56  7 15 0 125 254 1 926932 12756 1.6 21 13 3 9 89%  69 4859 419 31%
c u 23.62  7 15 0 125 254 1 928445 13243 1.6 21 13 3 9 89%  69 4859 419 31%
c
c seconds  switched    rate          size/glue  tier1   binary      remaining
c        MB  reductions  conflicts         size   tier2   irredundant
c         level   restarts      redundant     glue   trail      variables
c
c v 23.67  8 15 0 125 254 1 928445 11651 1.6 21 13 3 9 89%  69 4859 419 31%
c w 23.72  8 15 0 125 254 1 928445 10306 1.6 21 13 3 9 89%  69 4859 419 31%
c - 23.97  8 15 0 126 254 1 938113 10055 1.6 21 13 3 9 89%  69 4859 419 31%
c - 24.28  9 15 0 127 254 1 949337 10443 1.6 21 13 3 9 89%  69 4859 419 31%
c - 24.60  9 15 0 128 254 1 960606 10149 1.6 21 13 3 9 89%  69 4859 419 31%
c - 24.88  9 15 0 129 254 1 971919 10664 1.6 21 13 3 9 89%  69 4859 419 31%
c - 25.15  9 15 0 130 254 1 983276 11042 1.6 21 13 3 9 89%  69 4859 419 31%
c - 25.41  9 15 0 131 254 1 994677 11793 1.6 21 13 3 9 89%  69 4859 419 31%
c - 25.78  9 15 0 132 254 1 1006123 12777 1.6 20 13 3 9 89%  69 4859 419 31%
c I 25.85  9 15 0 132 254 1 1008342 13926 1.6 20 13 3 9 89%  69 4859 419 31%
c - 26.04  9 16 0 133 254 1 1017612 13424 1.6 21 13 3 9 89%  69 4859 419 31%
c - 26.30  9 16 0 134 254 1 1029144 14324 1.7 21 13 3 9 89%  69 4859 419 31%
c u 26.34  9 16 0 134 254 1 1029789 14200 1.7 21 13 3 9 89%  69 4859 419 31%
c v 26.40  9 16 0 134 254 1 1029789 12767 1.7 21 13 3 9 89%  69 4859 419 31%
c w 26.42  9 16 0 134 254 1 1029789 12631 1.7 21 13 3 9 89%  69 4859 419 31%
c x 26.43  9 16 0 134 254 1 1029789 12629 1.7 21 13 3 9 89%  69 4856 419 31%
c - 26.94  8 16 0 135 254 1 1040719 12794 1.7 21 13 3 9 89%  69 4856 419 31%
c s 27.13  9 16 0 135 254 1 1048808 18222 1.7 21 13 3 9 89%  69 4855 419 31%
c o 27.13  9 16 0 135 254 1 1048808 18222 1.7 21 13 3 9 89%  69 4855 419 31%
c - 27.22  9 16 0 136 254 1 1052339 12386 1.7 21 13 3 9 89%  69 4855 419 31%
c
c seconds  switched    rate           size/glue  tier1   binary      remaining
c        MB  reductions   conflicts         size   tier2   irredundant
c         level   restarts       redundant     glue   trail      variables
c
c - 27.51  8 16 0 137 261 1 1064003 11506 1.6 21 13 3 9 90%  69 4855 419 31%
c - 27.88  9 16 0 138 268 1 1075709 11471 1.6 21 13 3 9 89%  69 4855 419 31%
c - 28.20  9 16 0 139 271 1 1087456 12033 1.6 21 13 3 9 89%  69 4855 419 31%
c - 28.55  9 16 0 140 278 1 1099245 11540 1.6 21 13 3 8 89%  69 4855 419 31%
c B 28.86  9 16 0 140 284 1 1110120 17641 1.6 21 13 3 8 89%  69 4855 419 31%
c - 28.89  9 16 0 141 284 1 1111078 11899 1.6 21 13 3 8 89%  69 4855 419 31%
c - 29.18  8 16 0 142 285 1 1122952 12445 1.6 21 13 3 8 89%  69 4855 419 31%
c - 29.48  8 16 0 143 286 1 1134869 11741 1.6 21 13 3 8 89%  69 4855 419 31%
c u 29.55  9 16 0 143 288 1 1136992 12384 1.6 21 13 3 8 89%  69 4855 419 31%
c v 29.61  9 16 0 143 288 1 1136992 10957 1.6 21 13 3 8 89%  69 4855 419 31%
c w 29.66  9 16 0 143 288 1 1136992 10118 1.6 21 13 3 8 89%  69 4855 419 31%
c - 29.92  8 16 0 144 292 1 1146828 10459 1.6 21 13 3 8 90%  69 4855 419 31%
c - 30.20  9 15 0 145 299 1 1158828 11552 1.6 21 13 3 8 90%  69 4855 419 31%
c - 30.53  9 15 0 146 303 1 1170869 12182 1.6 21 13 3 8 89%  69 4855 419 31%
c - 30.82 10 15 0 147 310 1 1182952 13203 1.6 21 13 3 8 89%  69 4855 419 31%
c - 31.12 10 15 0 148 315 1 1195076 14063 1.6 20 12 3 8 89%  69 4855 419 31%
c - 31.43 10 15 0 149 316 1 1207241 14488 1.6 20 12 3 8 89%  69 4855 419 31%
c W 31.72 10 15 0 149 317 1 1218106 21069 1.6 20 12 3 8 89%  69 4855 419 31%
c o 31.72 10 15 0 149 317 1 1218106 21069 1.6 20 12 3 8 89%  69 4855 419 31%
c - 31.75 10 15 0 150 317 1 1219447 14477 1.6 20 12 3 8 89%  69 4855 419 31%
c
c seconds  switched    rate           size/glue  tier1   binary      remaining
c        MB  reductions   conflicts         size   tier2   irredundant
c         level   restarts       redundant     glue   trail      variables
c
c - 32.06 10 15 0 151 317 1 1231694 14555 1.6 20 12 3 8 89%  69 4855 419 31%
c - 32.43  8 15 0 152 317 1 1243983 13346 1.6 20 12 3 8 89%  69 4855 419 31%
c u 32.62  9 15 0 152 318 1 1250116 16527 1.6 20 12 3 8 89%  69 4855 419 31%
c v 32.71 11 15 0 152 318 1 1250116 14715 1.6 20 12 3 8 89%  69 4855 419 31%
c w 32.77 11 15 0 152 318 1 1250116 13122 1.6 20 12 3 8 89%  69 4855 419 31%
c - 32.92 10 15 0 153 323 1 1256311 10573 1.6 20 12 3 8 89%  69 4855 419 31%
c - 33.24 11 15 0 154 330 1 1268681 11442 1.6 20 12 3 8 89%  69 4855 419 31%
c - 33.58 11 15 0 155 332 1 1281090 11828 1.6 20 12 3 8 89%  69 4855 419 31%
c - 33.93 10 15 0 156 339 1 1293539 12573 1.6 21 12 3 8 89%  69 4855 419 31%
c - 34.29 10 15 0 157 346 1 1306030 12232 1.6 21 13 3 8 89%  69 4855 419 31%
c - 34.65 10 15 0 158 348 1 1318559 12631 1.6 21 13 3 8 90%  69 4855 419 31%
c - 35.01 10 15 0 159 348 1 1331128 12853 1.6 21 13 3 8 90%  69 4855 419 31%
c O 35.04  9 15 0 159 349 1 1332445 13648 1.6 21 13 3 8 90%  69 4855 419 31%
c - 35.41 10 15 0 160 355 1 1343738 13105 1.6 21 13 3 8 90%  69 4855 419 31%
c - 35.78 10 15 0 161 362 1 1356388 13069 1.7 21 13 2 8 90%  69 4855 419 31%
c - 36.21 10 15 0 162 367 1 1369077 12934 1.7 21 13 2 8 90%  69 4855 419 31%
c u 36.24 10 15 0 162 367 1 1369222 12214 1.7 21 13 2 8 90%  69 4855 419 31%
c v 36.30 10 15 0 162 367 1 1369222 10694 1.7 21 13 2 8 90%  69 4855 419 31%
c w 36.33 10 15 0 162 367 1 1369222 10435 1.7 21 13 2 8 90%  69 4855 419 31%
c o 36.33 10 15 0 162 367 1 1369222 10435 1.7 21 13 2 8 90%  69 4855 419 31%
c
c seconds  switched    rate           size/glue  tier1   binary      remaining
c        MB  reductions   conflicts         size   tier2   irredundant
c         level   restarts       redundant     glue   trail      variables
c
c - 36.72  9 15 0 163 374 1 1381804 11032 1.7 21 13 2 8 89%  69 4855 419 31%
c - 37.06 10 15 0 164 378 1 1394571 11765 1.7 21 13 2 8 89%  69 4855 419 31%
c - 37.42 10 16 0 165 379 1 1407377 12534 1.7 21 13 2 8 89%  69 4855 419 31%
c - 37.79 10 16 0 166 380 1 1420222 12595 1.7 21 13 2 8 89%  69 4855 419 31%
c - 38.21 10 15 0 167 380 1 1433107 13554 1.7 21 13 2 8 89%  69 4855 419 31%
c - 38.68 11 15 0 168 380 1 1446030 13803 1.7 22 13 2 8 89%  69 4855 419 31%
c B 38.95 11 15 0 168 381 1 1453278 17897 1.7 21 13 2 8 89%  69 4855 419 31%
c - 39.19 10 15 0 169 381 1 1458992 13697 1.7 21 13 2 8 89%  69 4855 419 31%
c - 39.62 10 15 0 170 381 1 1471992 13862 1.7 22 13 2 8 89%  69 4855 419 31%
c - 40.02 10 16 0 171 381 1 1485030 13826 1.7 22 13 2 8 89%  69 4855 419 31%
c u 40.32 11 15 0 171 381 1 1494340 18618 1.7 22 13 2 8 89%  69 4855 419 31%
c v 40.40 11 15 0 171 381 1 1494340 16717 1.7 22 13 2 8 89%  69 4855 419 31%
c w 40.52 12 15 0 171 381 1 1494340 13437 1.7 22 13 2 8 89%  69 4855 419 31%
c - 40.64 10 15 0 172 381 1 1498106 10831 1.7 22 13 2 8 89%  69 4855 419 31%
c - 41.01 10 16 0 173 381 1 1511221 12551 1.7 22 13 2 8 88%  69 4855 419 31%
c - 41.37 10 15 0 174 388 1 1524373 12649 1.7 21 13 2 8 88%  69 4855 419 31%
c - 41.77 10 15 0 175 396 1 1537563 13850 1.7 21 13 2 8 89%  69 4855 419 31%
c - 42.14 11 15 0 176 401 1 1550791 15099 1.7 21 13 2 8 88%  69 4855 419 31%
c - 42.53 11 15 0 177 409 1 1564057 15769 1.7 21 13 2 8 88%  69 4855 419 31%
c - 42.95 11 15 0 178 411 1 1577361 15798 1.7 21 13 2 8 88%  69 4855 419 31%
c
c seconds  switched    rate           size/glue  tier1   binary      remaining
c        MB  reductions   conflicts         size   tier2   irredundant
c         level   restarts       redundant     glue   trail      variables
c
c W 43.06 10 15 0 178 412 1 1580748 18121 1.7 21 13 2 8 88%  69 4855 419 31%
c o 43.06 10 15 0 178 412 1 1580748 18121 1.7 21 13 2 8 88%  69 4855 419 31%
c - 43.39 10 15 0 179 412 1 1590702 15942 1.7 21 13 2 8 88%  69 4855 419 31%
c - 43.81 10 15 0 180 419 1 1604081 16055 1.7 21 13 2 8 88%  69 4855 419 31%
c - 44.36 10 16 0 181 426 1 1617498 16946 1.7 22 13 2 8 88%  69 4855 419 31%
c u 44.73 12 16 0 181 427 1 1625537 21574 1.7 22 13 2 8 88%  69 4855 419 31%
c v 44.81 13 16 0 181 427 1 1625537 19985 1.7 22 13 2 8 88%  69 4855 419 31%
c w 44.85 13 16 0 181 427 1 1625537 18140 1.7 22 13 2 8 88%  69 4855 419 31%
c x 44.86 13 16 0 181 427 1 1625537 18139 1.7 22 13 2 8 88%  69 4849 419 31%
c - 45.05 12 16 0 182 430 1 1630951 14515 1.7 22 13 2 8 88%  69 4849 419 31%
c - 45.46 12 16 0 183 438 1 1644442 14464 1.7 22 13 2 8 88%  69 4849 419 31%
c - 45.82 10 16 0 184 442 1 1657970 14021 1.7 22 13 2 8 88%  69 4849 419 31%
c - 46.22 11 16 0 185 443 1 1671535 14317 1.7 22 13 2 8 88%  69 4849 419 31%
c - 46.60 11 15 0 186 444 1 1685136 14632 1.7 22 13 2 8 88%  69 4849 419 31%
c - 47.07 11 15 0 187 444 1 1698775 14880 1.7 21 13 2 8 89%  69 4849 419 31%
c - 47.48 11 15 0 188 447 1 1712450 14786 1.7 21 13 2 8 89%  69 4849 419 31%
c I 47.56 11 15 0 188 449 1 1714987 16093 1.7 21 13 2 8 89%  69 4849 419 31%
c - 47.81 12 16 0 189 454 1 1726161 15306 1.7 21 13 2 8 89%  69 4849 419 31%
c - 48.20 10 16 0 190 459 1 1739909 14365 1.6 21 13 2 8 89%  69 4849 419 31%
c o 48.37 10 16 0 190 463 1 1746756 19079 1.6 21 13 2 8 89%  69 4849 419 31%
c
c seconds  switched    rate           size/glue  tier1   binary      remaining
c        MB  reductions   conflicts         size   tier2   irredundant
c         level   restarts       redundant     glue   trail      variables
c
c - 48.50 10 16 0 191 466 1 1753694 14165 1.6 21 13 2 8 89%  69 4849 419 31%
c u 48.73 12 16 0 191 472 1 1762905 20469 1.7 21 13 2 8 89%  69 4849 419 31%
c v 48.80 12 16 0 191 472 1 1762905 18714 1.7 21 13 2 8 89%  69 4849 419 31%
c w 48.92 13 16 0 191 472 1 1762905 16210 1.7 21 13 2 8 89%  69 4849 419 31%
c - 49.45 10 16 0 192 474 1 1767515 12517 1.7 22 13 2 8 89%  69 4849 419 31%
c - 49.74 10 16 0 193 475 1 1781372 13535 1.7 22 13 2 8 89%  69 4849 419 31%
c - 50.08 10 16 0 194 478 1 1795265 13739 1.7 22 13 2 8 89%  69 4849 419 31%
c - 50.42 11 16 0 195 486 1 1809195 14360 1.7 22 13 2 8 89%  69 4849 419 31%
c - 50.79 12 16 0 196 490 1 1823159 14884 1.7 22 13 2 8 89%  69 4849 419 31%
c - 51.20 12 16 0 197 497 1 1837159 14642 1.7 22 13 2 8 89%  69 4849 419 31%
c - 51.60 12 16 0 198 505 1 1851194 14811 1.7 22 13 2 8 89%  69 4849 419 31%
c B 51.72 11 16 0 198 505 1 1856134 17792 1.7 22 13 2 8 89%  69 4849 419 31%
c - 52.00 12 16 0 199 506 1 1865265 15990 1.8 23 13 2 8 89%  69 4849 419 31%
c - 52.42 12 16 0 200 507 1 1879373 16517 1.8 23 13 2 8 89%  69 4849 419 31%
c - 52.91 12 16 0 201 507 1 1893515 15900 1.8 23 13 2 8 90%  69 4849 419 31%
c u 53.37 13 16 0 201 507 1 1906419 23067 1.8 23 13 2 8 90%  69 4849 419 31%
c v 53.49 13 16 0 201 507 1 1906419 20878 1.8 23 13 2 8 90%  69 4849 419 31%
c w 53.54 13 16 0 201 507 1 1906419 17914 1.8 23 13 2 8 90%  69 4849 419 31%
c - 53.60 10 16 0 202 508 1 1907693 13083 1.8 23 13 2 8 90%  69 4849 419 31%
c - 54.00 11 16 0 203 508 1 1921907 14353 1.8 23 13 2 8 90%  69 4849 419 31%
c
c seconds  switched    rate           size/glue  tier1   binary      remaining
c        MB  reductions   conflicts         size   tier2   irredundant
c         level   restarts       redundant     glue   trail      variables
c
c - 54.37 12 16 0 204 508 1 1936155 14387 1.8 23 13 2 8 90%  69 4849 419 31%
c - 54.76 12 16 0 205 508 1 1950438 15257 1.8 23 13 2 8 90%  69 4849 419 31%
c - 55.18 12 15 0 206 508 1 1964756 15475 1.8 23 13 2 8 90%  69 4849 419 31%
c - 55.55 12 15 0 207 509 1 1979108 15549 1.8 22 13 2 8 90%  69 4849 419 31%
c - 55.98 11 15 0 208 509 1 1993495 16693 1.8 22 13 2 8 90%  69 4849 419 31%
c W 56.30 10 15 0 208 509 1 2004323 23736 1.8 22 13 2 8 90%  69 4849 419 31%
c o 56.30 10 15 0 208 509 1 2004323 23736 1.8 22 13 2 8 90%  69 4849 419 31%
c - 56.44 10 15 0 209 509 1 2007918 17087 1.8 22 13 2 8 90%  69 4849 419 31%
c - 56.90 10 15 0 210 509 1 2022375 16375 1.7 22 13 2 8 90%  69 4849 419 31%
c - 57.40 10 15 0 211 509 1 2036867 15606 1.7 22 13 2 8 90%  69 4849 419 31%
c - 57.89 10 15 0 212 509 1 2051393 16342 1.7 22 13 2 8 90%  69 4849 419 31%
c u 58.10 10 15 0 212 509 1 2056178 18297 1.7 22 13 2 8 90%  69 4849 419 31%
c v 58.20 10 15 0 212 509 1 2056178 16418 1.7 22 13 2 8 90%  69 4849 419 31%
c w 58.31 10 15 0 212 509 1 2056178 14978 1.7 22 13 2 8 90%  69 4849 419 31%
c - 58.64  9 15 0 213 509 1 2065954 13732 1.7 22 13 2 8 90%  69 4849 419 31%
c - 59.09 10 15 0 214 509 1 2080548 14280 1.7 21 13 2 8 90%  69 4849 419 31%
c - 59.57 10 15 0 215 509 1 2095177 15074 1.7 21 12 2 8 90%  69 4849 419 31%
c - 60.03 10 15 0 216 510 1 2109842 16086 1.7 21 12 2 8 90%  69 4849 419 31%
c - 60.51 10 15 0 217 510 1 2124539 16492 1.7 21 12 2 8 90%  69 4849 419 31%
c - 60.96 10 15 0 218 510 1 2139269 15522 1.6 20 12 2 8 90%  69 4849 419 31%
c
c seconds  switched    rate           size/glue  tier1   binary      remaining
c        MB  reductions   conflicts         size   tier2   irredundant
c         level   restarts       redundant     glue   trail      variables
c
c - 61.57 10 15 0 219 510 1 2154034 15800 1.6 20 12 2 8 89%  69 4849 419 31%
c O 61.79 10 15 0 219 510 1 2159684 18173 1.6 20 12 2 8 89%  69 4849 419 31%
c - 62.11 10 15 0 220 510 1 2168833 16859 1.6 20 12 2 8 89%  69 4849 419 31%
c - 62.62 10 15 0 221 510 1 2183666 17113 1.6 20 12 2 8 89%  69 4849 419 31%
c - 63.18 10 15 0 222 510 1 2198532 16276 1.6 20 12 2 8 90%  69 4849 419 31%
c u 63.72 10 15 0 222 510 1 2212213 22283 1.6 20 12 2 8 90%  69 4849 419 31%
c v 63.84 10 15 0 222 510 1 2212213 20195 1.6 20 12 2 8 90%  69 4849 419 31%
c w 63.97 10 15 0 222 510 1 2212213 16187 1.6 20 12 2 8 90%  69 4849 419 31%
c o 63.98 10 15 0 222 510 1 2212213 16187 1.6 20 12 2 8 90%  69 4849 419 31%
c - 64.02  9 15 0 223 510 1 2213432 12335 1.6 20 12 2 7 90%  69 4849 419 31%
c - 64.54  9 15 0 224 510 1 2228366 13814 1.6 20 13 2 7 90%  69 4849 419 31%
c - 64.99  9 15 0 225 510 1 2243334 14120 1.6 20 13 2 7 90%  69 4849 419 31%
c - 65.51  9 15 0 226 510 1 2258334 14411 1.6 20 13 2 7 90%  69 4849 419 31%
c - 66.04  9 15 0 227 510 1 2273367 14600 1.6 20 13 2 7 90%  69 4849 419 31%
c - 66.58 10 15 0 228 510 1 2288434 15145 1.6 20 12 2 7 90%  69 4849 419 31%
c - 67.06 10 15 0 229 510 1 2303534 15600 1.6 20 12 2 7 90%  69 4849 419 31%
c - 67.54 10 15 0 230 510 1 2318666 16215 1.6 20 12 2 7 90%  69 4849 419 31%
c B 67.66 10 15 0 230 510 1 2322348 18709 1.6 20 12 2 7 90%  69 4849 419 31%
c - 68.11 10 15 0 231 510 1 2333832 16197 1.6 20 13 2 7 90%  69 4849 419 31%
c - 68.63 10 15 0 232 510 1 2349031 15730 1.6 21 13 2 7 90%  69 4849 419 31%
c
c seconds  switched    rate           size/glue  tier1   binary      remaining
c        MB  reductions   conflicts         size   tier2   irredundant
c         level   restarts       redundant     glue   trail      variables
c
c - 69.17 10 15 0 233 510 1 2364262 15373 1.7 21 13 2 7 90%  69 4849 419 31%
c u 69.61 10 15 0 233 516 1 2374558 21324 1.7 21 13 2 7 90%  69 4849 419 31%
c v 69.71 10 15 0 233 516 1 2374558 19284 1.7 21 13 2 7 90%  69 4849 419 31%
c w 69.89 10 15 0 233 516 1 2374558 16665 1.7 21 13 2 7 90%  69 4849 419 31%
c - 70.08  9 15 0 234 518 1 2379526 13163 1.7 22 13 2 7 90%  69 4849 419 31%
c - 70.56  9 15 0 235 525 1 2394823 13980 1.7 21 13 2 7 90%  69 4849 419 31%
c - 71.05 10 15 0 236 532 1 2410152 14927 1.7 22 13 2 7 90%  69 4849 419 31%
c - 71.59 10 15 0 237 540 1 2425514 15485 1.7 21 13 2 7 90%  69 4849 419 31%
c - 72.15 10 15 0 238 541 1 2440908 16207 1.7 22 13 2 7 90%  69 4849 419 31%
c - 72.73 10 15 0 239 547 1 2456336 16574 1.7 22 13 2 7 90%  69 4849 419 31%
c - 73.32 10 15 0 240 555 1 2471796 15946 1.7 21 12 2 7 89%  69 4849 419 31%
c o 73.66 10 15 0 240 559 1 2483709 24050 1.7 21 12 2 7 89%  69 4849 419 31%
c - 73.80 10 15 0 241 561 1 2487288 17377 1.7 21 12 2 7 89%  69 4849 419 31%
c W 74.03 10 15 0 241 563 1 2492444 20032 1.7 21 12 2 7 90%  69 4849 419 31%
c - 74.37 10 15 0 242 570 1 2502814 17684 1.7 21 12 2 7 89%  69 4849 419 31%
c - 74.86 10 15 0 243 572 1 2518370 16716 1.7 21 13 2 7 89%  69 4849 419 31%
c - 75.38 10 15 0 244 573 1 2533958 17124 1.7 22 12 2 7 90%  69 4849 419 31%
c u 75.73 10 15 0 244 573 1 2543244 21436 1.7 22 12 2 7 90%  69 4849 419 31%
c v 75.85 10 15 0 244 573 1 2543244 19217 1.7 22 12 2 7 90%  69 4849 419 31%
c w 75.89 10 15 0 244 573 1 2543244 16863 1.7 22 12 2 7 90%  69 4849 419 31%
c
c seconds  switched    rate           size/glue  tier1   binary      remaining
c        MB  reductions   conflicts         size   tier2   irredundant
c         level   restarts       redundant     glue   trail      variables
c
c x 75.91 10 15 0 244 573 1 2543244 16860 1.7 22 12 2 7 90%  69 4845 419 31%
c - 76.11  9 15 0 245 573 1 2549579 13719 1.7 21 12 2 7 90%  69 4845 419 31%
c - 76.57 10 15 0 246 575 1 2565232 14800 1.7 21 12 2 7 90%  69 4845 419 31%
c - 77.08 10 15 0 247 584 1 2580916 15769 1.7 21 12 2 7 90%  69 4845 419 31%
c - 77.61 10 15 0 248 589 1 2596632 15542 1.7 20 12 2 7 90%  69 4845 419 31%
c - 78.19 10 15 0 249 598 1 2612381 15388 1.6 20 12 2 7 90%  69 4845 419 31%
c - 78.69 10 15 0 250 603 1 2628161 15863 1.6 20 12 2 7 90%  69 4845 419 31%
c - 79.18 10 14 0 251 604 1 2643973 16797 1.6 19 12 2 7 91%  69 4845 419 31%
c - 79.69 10 15 0 252 613 1 2659816 18332 1.6 20 12 2 7 90%  69 4845 419 31%
c I 80.00 10 15 0 252 618 1 2670096 24835 1.7 20 12 2 7 90%  69 4845 419 31%
c - 80.13 10 15 0 253 619 1 2675690 17539 1.7 20 12 2 7 90%  69 4845 419 31%
c - 80.49 10 15 0 254 627 1 2691595 17153 1.6 20 12 2 7 90%  69 4845 419 31%
c - 80.86 10 15 0 255 634 1 2707533 15889 1.6 20 12 2 7 89%  69 4845 419 31%
c u 81.19 10 15 0 255 635 1 2718360 21961 1.6 20 12 2 7 89%  69 4845 419 31%
c v 81.28 10 15 0 255 635 1 2718360 20102 1.6 20 12 2 7 89%  69 4845 419 31%
c w 81.35 10 15 0 255 635 1 2718360 14875 1.6 20 12 2 7 89%  69 4845 419 31%
c o 81.35 10 15 0 255 635 1 2718360 14875 1.6 20 12 2 7 89%  69 4845 419 31%
c - 81.49  9 15 0 256 635 1 2723502 12246 1.6 20 12 2 7 89%  69 4845 419 31%
c - 81.95  9 15 0 257 636 1 2739503 13626 1.6 20 13 2 7 89%  69 4845 419 31%
c - 82.44  9 15 0 258 636 1 2755534 13763 1.6 20 13 2 7 90%  69 4845 419 31%
c
c seconds  switched    rate           size/glue  tier1   binary      remaining
c        MB  reductions   conflicts         size   tier2   irredundant
c         level   restarts       redundant     glue   trail      variables
c
c - 82.95  9 15 0 259 637 1 2771596 14488 1.6 20 13 2 7 90%  69 4845 419 31%
c - 83.51  9 15 0 260 637 1 2787689 14956 1.6 20 13 2 7 90%  69 4845 419 31%
c - 84.02 10 15 0 261 637 1 2803813 15582 1.6 20 13 2 7 90%  69 4845 419 31%
c - 84.47 10 15 0 262 637 1 2819968 16175 1.6 20 12 2 7 90%  69 4845 419 31%
c - 85.10 10 15 0 263 644 1 2836154 17475 1.6 20 13 2 7 90%  69 4845 419 31%
c - 85.78 10 15 0 264 652 1 2852372 17040 1.6 20 13 2 7 90%  69 4845 419 31%
c B 85.89 10 15 0 264 652 1 2855430 18376 1.6 20 12 2 7 89%  69 4845 419 31%
c - 86.34 10 15 0 265 659 1 2868620 18084 1.6 20 13 2 7 90%  69 4845 419 31%
c - 86.94 11 15 0 266 667 1 2884898 19369 1.7 21 12 2 7 90%  69 4845 419 31%
c u 87.58 11 15 0 266 668 1 2899918 31910 1.8 23 12 2 7 90%  69 4845 419 31%
c v 87.78 11 15 0 266 668 1 2899918 29415 1.8 23 12 2 7 90%  69 4845 419 31%
c w 87.87 17 15 0 266 668 1 2899918 25366 1.8 23 12 2 7 90%  69 4845 419 31%
c - 87.97 13 15 0 267 668 1 2901208 15716 1.8 23 12 2 7 90%  69 4845 419 31%
c - 88.66 13 15 0 268 675 1 2917550 15538 1.8 22 13 2 7 90%  69 4845 419 31%
c - 89.19 13 15 0 269 683 1 2933920 15895 1.8 22 13 2 7 90%  69 4845 419 31%
c - 89.69 14 15 0 270 690 1 2950324 16029 1.7 22 13 2 7 90%  69 4845 419 31%
c - 90.18 13 15 0 271 698 1 2966756 16397 1.7 22 13 2 7 89%  69 4845 419 31%
c - 90.70 14 15 0 272 699 1 2983218 17045 1.7 21 13 2 7 89%  69 4845 419 31%
c - 91.20 13 15 0 273 700 1 2999712 17522 1.7 21 13 2 7 89%  69 4845 419 31%
c - 91.76 13 15 0 274 700 1 3016234 17763 1.7 21 13 2 7 90%  69 4845 419 31%
c
c seconds  switched    rate           size/glue  tier1   binary      remaining
c        MB  reductions   conflicts         size   tier2   irredundant
c         level   restarts       redundant     glue   trail      variables
c
c - 92.28 13 15 0 275 707 1 3032787 17696 1.7 21 13 2 7 89%  69 4845 419 31%
c W 92.79 12 15 0 275 715 1 3048570 27794 1.7 21 13 2 7 88%  69 4845 419 31%
c o 92.79 12 15 0 275 715 1 3048570 27794 1.7 21 13 2 7 88%  69 4845 419 31%
c - 92.82 12 15 0 276 715 1 3049371 17954 1.7 21 13 2 7 88%  69 4845 419 31%
c - 93.44 12 15 0 277 722 1 3065985 18150 1.6 21 13 2 7 88%  69 4845 419 31%
c - 93.97 12 16 0 278 730 1 3082629 18569 1.6 21 13 2 7 86%  69 4845 419 31%
c u 94.24 12 16 0 278 730 1 3087982 20859 1.6 21 13 2 7 86%  69 4845 419 31%
c v 94.36 12 16 0 278 730 1 3087982 18293 1.6 21 13 2 7 86%  69 4845 419 31%
c w 94.47 12 16 0 278 730 1 3087982 16629 1.6 21 13 2 7 86%  69 4845 419 31%
c - 94.80 12 16 0 279 731 1 3099303 15630 1.6 21 13 2 7 87%  69 4845 419 31%
c - 95.32 12 16 0 280 738 1 3116006 16771 1.6 21 13 2 7 87%  69 4845 419 31%
c - 95.93 12 16 0 281 746 1 3132739 17796 1.7 21 13 2 7 88%  69 4845 419 31%
c - 96.50 12 16 0 282 753 1 3149502 18635 1.7 22 13 2 7 88%  69 4845 419 31%
c - 97.11 12 16 0 283 761 1 3166295 19245 1.6 21 13 2 7 88%  69 4845 419 31%
c - 97.77 12 16 0 284 762 1 3183118 19359 1.6 21 13 2 7 88%  69 4845 419 31%
c - 98.36 12 16 0 285 763 1 3199970 19377 1.6 21 13 2 7 88%  69 4845 419 31%
c - 98.93 12 15 0 286 763 1 3216852 19908 1.6 21 13 2 7 88%  69 4845 419 31%
c - 99.51 12 15 0 287 764 1 3233763 21243 1.6 20 12 2 7 88%  69 4845 419 31%
c O 100.06 12 15 0 287 764 1 3249639 30936 1.6 20 12 2 7 88%  69 4845 419 31%
c - 100.10 12 15 0 288 764 1 3250704 21826 1.6 20 12 2 7 88%  69 4845 419 31%
c
c seconds   switched    rate           size/glue  tier1   binary      remaining
c         MB  reductions   conflicts         size   tier2   irredundant
c          level   restarts       redundant     glue   trail      variables
c
c - 100.74 12 15 0 289 764 1 3267675 21034 1.6 21 12 2 7 88%  69 4845 419 31%
c u 101.34 12 15 0 289 764 1 3282551 28703 1.7 21 12 2 7 88%  69 4845 419 31%
c v 101.52 12 15 0 289 764 1 3282551 25808 1.7 21 12 2 7 88%  69 4845 419 31%
c w 101.64 16 15 0 289 764 1 3282551 21649 1.7 21 12 2 7 88%  69 4845 419 31%
c o 101.64 16 15 0 289 764 1 3282551 21649 1.7 21 12 2 7 88%  69 4845 419 31%
c - 101.72 13 15 0 290 764 1 3284676 15513 1.7 21 12 2 7 88%  69 4845 419 31%
c - 102.25 14 15 0 291 765 1 3301705 16964 1.7 21 13 2 7 88%  69 4845 419 31%
c - 102.74 14 15 0 292 765 1 3318763 17416 1.7 21 13 2 7 88%  69 4845 419 31%
c - 103.26 14 15 0 293 765 1 3335851 17580 1.7 21 13 2 7 88%  69 4845 419 31%
c - 103.80 14 15 0 294 765 1 3352969 17741 1.7 21 13 2 7 89%  69 4845 419 31%
c - 104.34 13 15 0 295 765 1 3370116 18100 1.7 21 13 2 7 89%  69 4845 419 31%
c - 104.89 14 15 0 296 765 1 3387291 18488 1.7 21 12 2 7 88%  69 4845 419 31%
c - 105.41 14 15 0 297 765 1 3404496 19582 1.7 21 12 2 7 88%  69 4845 419 31%
c - 105.97 14 15 0 298 768 1 3421729 19744 1.7 21 12 2 7 89%  69 4845 419 31%
c - 106.54 14 15 0 299 779 1 3438992 19290 1.7 21 12 2 7 89%  69 4845 419 31%
c - 107.07 14 15 0 300 785 1 3456283 19921 1.7 21 12 2 7 89%  69 4845 419 31%
c B 107.14 13 15 0 300 786 1 3458754 21805 1.7 21 12 2 7 89%  69 4845 419 31%
c - 107.66 14 15 0 301 794 1 3473603 20715 1.7 21 12 2 7 89%  69 4845 419 31%
c u 108.09 15 15 0 301 796 1 3483693 25944 1.7 21 12 2 7 89%  69 4845 419 31%
c v 108.26 15 15 0 301 796 1 3483693 23467 1.7 21 12 2 7 89%  69 4845 419 31%
c
c seconds   switched    rate           size/glue  tier1   binary      remaining
c         MB  reductions   conflicts         size   tier2   irredundant
c          level   restarts       redundant     glue   trail      variables
c
c w 108.37 16 15 0 301 796 1 3483693 20769 1.7 21 12 2 7 89%  69 4845 419 31%
c - 108.61 14 15 0 302 796 1 3490952 16905 1.7 21 12 2 7 89%  69 4845 419 31%
c - 109.15 14 15 0 303 803 1 3508331 18323 1.7 21 12 2 7 89%  69 4845 419 31%
c - 109.76 14 15 0 304 811 1 3525737 18696 1.8 21 12 2 7 89%  69 4845 419 31%
c - 110.30 14 15 0 305 818 1 3543172 19640 1.7 21 12 2 7 89%  69 4845 419 31%
c - 110.85 14 15 0 306 826 1 3560637 19871 1.7 21 12 2 7 89%  69 4845 419 31%
c - 111.45 14 15 0 307 827 1 3578129 19555 1.7 21 12 2 7 90%  69 4845 419 31%
c - 111.99 14 15 0 308 828 1 3595652 20086 1.7 21 12 2 7 90%  69 4845 419 31%
c - 112.55 14 15 0 309 828 1 3613201 19893 1.7 21 12 2 7 90%  69 4845 419 31%
c - 113.11 14 15 0 310 838 1 3630779 20660 1.7 21 12 2 7 90%  69 4845 419 31%
c - 113.66 14 14 0 311 844 1 3648385 21387 1.7 21 12 2 7 90%  69 4845 419 31%
c - 114.27 14 14 0 312 855 1 3666021 20707 1.8 21 12 2 7 90%  69 4845 419 31%
c W 114.72 12 14 0 312 858 1 3676037 26480 1.8 21 12 2 7 91%  69 4845 419 31%
c o 114.72 12 14 0 312 858 1 3676037 26480 1.8 21 12 2 7 91%  69 4845 419 31%
c - 114.96 12 14 0 313 859 1 3683685 21575 1.8 21 12 2 7 90%  69 4845 419 31%
c u 115.32 12 15 0 313 859 1 3691407 24724 1.7 21 12 2 7 91%  69 4845 419 31%
c v 115.48 12 15 0 313 859 1 3691407 22372 1.7 21 12 2 7 91%  69 4845 419 31%
c w 115.61 12 15 0 313 859 1 3691407 19680 1.7 21 12 2 7 91%  69 4845 419 31%
c - 115.97 12 15 0 314 863 1 3701378 17749 1.7 21 12 2 7 90%  69 4845 419 31%
c - 116.62 12 15 0 315 873 1 3719099 18740 1.7 21 12 2 7 90%  69 4845 419 31%
c
c seconds   switched    rate           size/glue  tier1   binary      remaining
c         MB  reductions   conflicts         size   tier2   irredundant
c          level   restarts       redundant     glue   trail      variables
c
c - 117.17 12 15 0 316 880 1 3736848 19044 1.7 21 12 2 7 90%  69 4845 419 31%
c - 117.76 12 15 0 317 889 1 3754624 18923 1.7 21 12 2 7 90%  69 4845 419 31%
c - 118.36 12 15 0 318 890 1 3772428 19215 1.7 21 12 2 7 91%  69 4845 419 31%
c - 119.00 12 15 0 319 891 1 3790260 20160 1.7 21 12 2 7 91%  69 4845 419 31%
c - 119.68 12 15 0 320 891 1 3808121 20039 1.7 21 12 2 7 90%  69 4845 419 31%
c - 120.33 12 15 0 321 892 1 3826011 20017 1.7 21 12 2 7 90%  69 4845 419 31%
c - 120.89 12 14 0 322 892 1 3843927 20886 1.7 21 12 2 7 91%  69 4845 419 31%
c - 121.59 12 14 0 323 892 1 3861871 21203 1.7 21 12 2 7 90%  69 4845 419 31%
c - 122.18 12 14 0 324 895 1 3879844 21461 1.7 20 12 2 7 90%  69 4845 419 31%
c - 122.82 12 14 0 325 905 1 3897844 21263 1.7 20 12 2 7 90%  69 4845 419 31%
c I 122.94 12 14 0 325 906 1 3901604 23494 1.7 20 12 2 7 90%  69 4845 419 31%
c u 123.13 12 14 0 325 907 1 3905757 25123 1.7 20 12 2 7 90%  69 4845 419 31%
c v 123.28 12 14 0 325 907 1 3905757 23125 1.7 20 12 2 7 90%  69 4845 419 31%
c w 123.34 12 14 0 325 907 1 3905757 20806 1.7 20 12 2 7 90%  69 4845 419 31%
c x 123.36 12 14 0 325 907 1 3905757 20805 1.7 20 12 2 7 90%  70 4834 419 31%
c - 123.64 12 14 0 326 912 1 3915873 17838 1.7 20 12 2 7 90%  70 4834 419 31%
c - 124.28 12 15 0 327 921 1 3933929 18848 1.7 21 12 2 7 89%  70 4834 419 31%
c - 124.86 12 15 0 328 923 1 3952012 18557 1.7 21 12 2 7 89%  70 4834 419 31%
c - 125.40 12 15 0 329 930 1 3970122 18884 1.7 21 12 2 7 89%  70 4834 419 31%
c - 125.96 12 15 0 330 938 1 3988260 19587 1.7 21 12 2 7 89%  70 4834 419 31%
c
c seconds   switched    rate           size/glue  tier1   binary      remaining
c         MB  reductions   conflicts         size   tier2   irredundant
c          level   restarts       redundant     glue   trail      variables
c
c - 126.60 12 15 0 331 947 1 4006426 19417 1.7 21 12 2 7 89%  70 4834 419 31%
c - 127.16 12 15 0 332 953 1 4024621 20438 1.7 21 13 2 7 89%  70 4834 419 31%
c - 127.69 12 15 0 333 955 1 4042842 19600 1.7 21 13 2 7 89%  70 4834 419 31%
c - 128.23 12 15 0 334 955 1 4061090 19711 1.7 21 12 2 7 89%  70 4834 419 31%
c - 128.82 12 15 0 335 959 1 4079365 19474 1.7 21 12 2 7 89%  70 4834 419 31%
c - 129.38 12 15 0 336 969 1 4097670 19780 1.7 21 12 2 7 89%  70 4834 419 31%
c s 129.51 12 15 0 336 970 1 4101992 23161 1.7 21 12 2 7 89%  70 4833 419 31%
c o 129.51 12 15 0 336 970 1 4101992 23161 1.7 21 12 2 7 89%  70 4833 419 31%
c - 129.94 12 15 0 337 977 1 4116000 20767 1.7 21 12 2 7 89%  70 4833 419 31%
c u 130.42 12 15 0 337 983 1 4126848 26166 1.6 20 12 2 7 89%  70 4833 419 31%
c v 130.57 12 15 0 337 983 1 4126848 23956 1.6 20 12 2 7 89%  70 4833 419 31%
c w 130.71 12 15 0 337 983 1 4126848 20103 1.6 20 12 2 7 89%  70 4833 419 31%
c - 130.97 12 15 0 338 985 1 4134357 17097 1.6 20 13 2 7 89%  70 4833 419 31%
c B 131.01 12 15 0 338 985 1 4135571 17876 1.6 20 13 2 7 89%  70 4833 419 31%
c - 131.68 12 15 0 339 986 1 4152742 19990 1.8 22 13 2 7 89%  70 4833 419 31%
c - 132.40 12 15 0 340 996 1 4171153 20869 1.9 23 13 2 7 89%  70 4833 419 31%
c - 133.07 12 16 0 341 1002 1 4189592 20634 1.8 23 13 2 7 89%  70 4833 419 31%
c - 133.73 12 15 0 342 1014 1 4208059 19568 1.8 23 13 2 7 89%  70 4833 419 31%
c - 134.39 12 15 0 343 1017 1 4226553 19916 1.8 22 13 2 7 89%  70 4833 419 31%
c - 135.06 12 15 0 344 1018 1 4245073 19722 1.7 21 12 2 7 89%  70 4833 419 31%
c
c seconds   switched     rate           size/glue  tier1   binary      remaining
c         MB  reductions    conflicts         size   tier2   irredundant
c          level    restarts       redundant     glue   trail      variables
c
c - 135.68 12 15 0 345 1018 1 4263621 20408 1.7 21 12 2 7 89%  70 4833 419 31%
c - 136.27 12 15 0 346 1019 1 4282196 21119 1.7 21 12 2 7 89%  70 4833 419 31%
c - 136.97 12 15 0 347 1019 1 4300797 21460 1.7 21 12 2 7 89%  70 4833 419 31%
c - 137.62 12 14 0 348 1019 1 4319426 22172 1.7 20 12 2 7 89%  70 4833 419 31%
c - 138.22 12 14 0 349 1020 1 4338081 22995 1.7 20 12 2 7 89%  70 4833 419 31%
c u 138.91 12 14 0 349 1020 1 4354652 31324 1.7 20 12 2 7 89%  70 4833 419 31%
c v 139.12 12 14 0 349 1020 1 4354652 28542 1.7 20 12 2 7 89%  70 4833 419 31%
c w 139.27 17 14 0 349 1020 1 4354652 23105 1.7 20 12 2 7 89%  70 4833 419 31%
c o 139.27 17 14 0 349 1020 1 4354652 23105 1.7 20 12 2 7 89%  70 4833 419 31%
c - 139.35 14 14 0 350 1020 1 4356762 17522 1.7 20 12 2 7 89%  70 4833 419 31%
c - 139.92 14 15 0 351 1020 1 4375471 19553 1.7 21 12 2 7 89%  70 4833 419 31%
c W 140.02 12 15 0 351 1020 1 4378054 21272 1.7 21 12 2 7 89%  70 4833 419 31%
c - 140.53 12 15 0 352 1020 1 4394206 19999 1.7 21 12 2 7 89%  70 4833 419 31%
c - 141.21 12 15 0 353 1020 1 4412968 20087 1.7 21 12 2 7 89%  70 4833 419 31%
c - 141.78 12 15 0 354 1020 1 4431756 20687 1.7 21 12 2 7 89%  70 4833 419 31%
c - 142.44 12 15 0 355 1020 1 4450570 21300 1.7 21 12 2 7 90%  70 4833 419 31%
c - 143.04 12 15 0 356 1021 1 4469412 20864 1.7 21 12 2 7 90%  70 4833 419 31%
c - 143.59 12 15 0 357 1021 1 4488280 20718 1.7 21 12 2 7 90%  70 4833 419 31%
c - 144.17 12 14 0 358 1021 1 4507176 21099 1.7 20 12 2 7 90%  70 4833 419 31%
c - 144.84 12 14 0 359 1021 1 4526096 22565 1.7 20 12 2 7 90%  70 4833 419 31%
c
c seconds   switched     rate           size/glue  tier1   binary      remaining
c         MB  reductions    conflicts         size   tier2   irredundant
c          level    restarts       redundant     glue   trail      variables
c
c - 145.53 12 14 0 360 1021 1 4545045 23150 1.7 20 12 2 7 89%  70 4833 419 31%
c - 146.24 12 14 0 361 1021 1 4564018 22585 1.7 20 12 2 7 88%  70 4833 419 31%
c - 146.95 12 14 0 362 1021 1 4583019 22417 1.7 20 12 2 7 89%  70 4833 419 31%
c u 147.29 12 14 0 362 1021 1 4589191 24678 1.7 19 12 2 7 89%  70 4833 419 31%
c v 147.45 12 14 0 362 1021 1 4589191 22173 1.7 19 12 2 7 89%  70 4833 419 31%
c w 147.59 12 14 0 362 1021 1 4589191 20127 1.7 19 12 2 7 89%  70 4833 419 31%
c = 148.57 20 14 0 362 1021 1 4589191 20127 1.7 19 12 2 7 89%  70 4821 418 31%
c u 148.66 20 14 0 362 1021 1 4589191 19689 1.7 19 12 2 7 89%  70 4821 418 31%
c v 148.80 20 14 0 362 1021 1 4589191 18503 1.7 19 12 2 7 89%  70 4821 418 31%
c w 148.90 20 14 0 362 1021 1 4589191 17658 1.7 19 12 2 7 89%  70 4821 418 31%
c e 148.90 20 14 0 362 1021 1 4589191 17658 1.7 19 12 2 7 89%  70 4843 416 30%
c s 148.90 20 14 0 362 1021 1 4589191 17658 1.7 19 12 2 7 89%  70 4837 416 30%
c - 149.31 20 14 0 363 1021 1 4602045 17558 1.7 20 12 2 7 89%  69 4837 416 30%
c - 149.97 20 14 0 364 1021 1 4621098 18891 1.7 20 12 2 7 89%  69 4837 416 30%
c O 150.25 20 14 0 364 1021 1 4629165 23388 1.7 20 12 2 7 89%  69 4837 416 30%
c o 150.25 20 14 0 364 1021 1 4629165 23388 1.7 20 12 2 7 89%  69 4837 416 30%
c - 150.61 20 15 0 365 1021 1 4640176 19748 1.7 20 12 2 7 89%  69 4837 416 30%
c - 151.40 20 15 0 366 1021 1 4659280 20180 1.6 20 12 2 7 89%  69 4837 416 30%
c - 152.10 20 14 0 367 1021 1 4678411 19920 1.6 20 12 2 7 89%  69 4837 416 30%
c - 152.81 20 15 0 368 1021 1 4697569 20237 1.6 20 12 2 7 89%  69 4837 416 30%
c
c seconds   switched     rate           size/glue  tier1   binary      remaining
c         MB  reductions    conflicts         size   tier2   irredundant
c          level    restarts       redundant     glue   trail      variables
c
c - 153.48 20 14 0 369 1021 1 4716753 19871 1.6 19 12 2 7 90%  69 4837 416 30%
c - 154.22 20 14 0 370 1022 1 4735963 20216 1.6 19 12 2 7 90%  69 4837 416 30%
c - 154.96 20 14 0 371 1022 1 4755199 20909 1.6 19 12 2 7 90%  69 4837 416 30%
c - 155.64 20 14 0 372 1022 1 4774460 22423 1.6 19 12 2 7 90%  69 4837 416 30%
c - 156.33 20 14 0 373 1022 1 4793747 23154 1.6 19 12 2 7 90%  69 4837 416 30%
c - 157.10 20 14 0 374 1022 1 4813061 22533 1.6 19 12 2 7 90%  69 4837 416 30%
c u 157.90 20 14 0 374 1022 1 4830593 30335 1.6 19 11 2 7 90%  69 4837 416 30%
c v 158.12 20 14 0 374 1022 1 4830593 27692 1.6 19 11 2 7 90%  69 4837 416 30%
c w 158.30 20 14 0 374 1022 1 4830593 22326 1.6 19 11 2 7 90%  69 4837 416 30%
c - 158.36 20 14 0 375 1022 1 4832400 17495 1.6 19 11 2 7 90%  69 4837 416 30%
c - 158.92 20 14 0 376 1022 1 4851766 19689 1.6 18 11 2 7 90%  69 4837 416 30%
c - 159.52 20 13 0 377 1022 1 4871156 21260 1.6 18 11 2 7 90%  69 4837 416 30%
c B 160.17 20 13 0 377 1022 1 4889015 30437 1.6 18 11 2 7 90%  69 4837 416 30%
c - 160.22 20 13 0 378 1022 1 4890573 22320 1.6 18 11 2 7 90%  69 4837 416 30%
c - 160.82 20 13 0 379 1022 1 4910015 22991 1.6 18 11 2 7 89%  69 4837 416 30%
c - 161.41 20 14 0 380 1022 1 4929482 20730 1.6 18 11 2 7 89%  69 4837 416 30%
c - 162.05 20 14 0 381 1022 1 4948976 20692 1.7 19 11 2 7 89%  69 4837 416 30%
c - 162.66 20 14 0 382 1022 1 4968495 21487 1.7 19 11 2 7 89%  69 4837 416 30%
c - 163.35 20 14 0 383 1022 1 4988041 22545 1.7 20 12 2 7 89%  69 4837 416 30%
c - 164.06 20 14 0 384 1022 1 5007611 22464 1.8 20 11 2 7 89%  69 4837 416 30%
c
c seconds   switched     rate           size/glue  tier1   binary      remaining
c         MB  reductions    conflicts         size   tier2   irredundant
c          level    restarts       redundant     glue   trail      variables
c
c - 164.85 20 14 0 385 1022 1 5027207 23748 1.8 20 11 2 7 89%  69 4837 416 30%
c - 165.55 20 14 0 386 1022 1 5046829 25339 1.8 19 11 2 7 88%  69 4837 416 30%
c - 166.20 20 14 0 387 1022 1 5066476 24244 1.7 19 11 2 7 88%  69 4837 416 30%
c u 166.75 20 14 0 387 1022 1 5078683 30380 1.7 19 11 2 7 88%  69 4837 416 30%
c v 166.96 20 14 0 387 1022 1 5078683 27265 1.7 19 11 2 7 88%  69 4837 416 30%
c w 167.09 20 14 0 387 1022 1 5078683 23008 1.7 19 11 2 7 88%  69 4837 416 30%
c o 167.09 20 14 0 387 1022 1 5078683 23008 1.7 19 11 2 7 88%  69 4837 416 30%
c - 167.33 20 13 0 388 1022 1 5086149 18797 1.7 19 11 2 7 88%  69 4837 416 30%
c - 167.97 20 13 0 389 1022 1 5105847 20180 1.7 19 11 2 7 88%  69 4837 416 30%
c - 168.64 20 13 0 390 1022 1 5125573 21099 1.7 18 11 2 7 88%  69 4837 416 30%
c - 169.25 20 13 0 391 1022 1 5145322 21733 1.7 18 11 2 7 88%  69 4837 416 30%
c W 169.67 20 13 0 391 1022 1 5157717 28334 1.7 18 11 2 7 87%  69 4837 416 30%
c - 169.98 20 13 0 392 1022 1 5165095 23660 1.7 18 11 2 7 88%  69 4837 416 30%
c - 170.79 20 13 0 393 1022 1 5184893 25614 1.8 19 11 2 7 88%  69 4837 416 30%
c - 171.52 20 13 0 394 1022 1 5204719 25890 1.8 19 11 2 7 89%  69 4837 416 30%
c - 172.22 20 13 0 395 1022 1 5224568 26577 1.9 20 11 2 7 89%  69 4837 416 30%
c - 172.85 20 13 0 396 1022 1 5244442 27162 1.9 20 11 2 7 89%  69 4837 416 30%
c - 173.53 20 13 0 397 1028 1 5264342 26727 1.9 20 11 2 7 89%  69 4837 416 30%
c - 174.16 20 13 0 398 1037 1 5284266 25726 1.8 19 11 2 7 89%  69 4837 416 30%
c - 174.77 20 13 0 399 1047 1 5304216 27161 1.8 19 11 2 7 89%  69 4837 416 30%
c
c seconds   switched     rate           size/glue  tier1   binary      remaining
c         MB  reductions    conflicts         size   tier2   irredundant
c          level    restarts       redundant     glue   trail      variables
c
c - 175.35 20 13 0 400 1053 1 5324190 26108 1.7 19 11 2 7 90%  69 4837 416 30%
c u 175.78 20 13 0 400 1053 1 5333609 30221 1.7 19 11 2 7 90%  69 4837 416 30%
c v 175.97 20 13 0 400 1053 1 5333609 26428 1.7 19 11 2 7 90%  69 4837 416 30%
c w 176.14 20 13 0 400 1053 1 5333609 22881 1.7 19 11 2 7 90%  69 4837 416 30%
c - 177.52 24 13 0 401 1058 1 5344191 19397 1.7 19 11 2 7 90%  69 4837 416 30%
c - 178.07 24 13 0 402 1068 1 5364215 20266 1.7 19 11 2 7 90%  69 4837 416 30%
c - 178.64 24 13 0 403 1076 1 5384264 21755 1.7 19 11 2 7 90%  69 4837 416 30%
c - 179.19 24 13 0 404 1084 1 5404338 22847 1.7 18 11 2 7 90%  69 4837 416 30%
c - 179.79 24 13 0 405 1085 1 5424437 23076 1.6 18 11 2 7 90%  69 4837 416 30%
c I 180.12 24 13 0 405 1085 1 5435381 30454 1.7 18 11 2 7 90%  69 4837 416 30%
c o 180.12 24 13 0 405 1085 1 5435381 30454 1.7 18 11 2 7 90%  69 4837 416 30%
c - 180.32 24 13 0 406 1085 1 5444561 24673 1.7 18 11 2 7 90%  69 4837 416 30%
c - 180.84 24 13 0 407 1092 1 5464711 24330 1.7 18 11 2 7 89%  69 4837 416 30%
c - 181.38 24 14 0 408 1100 1 5484885 23141 1.6 19 11 2 7 89%  69 4837 416 30%
c - 182.00 24 14 0 409 1113 1 5505084 22744 1.6 19 11 2 7 90%  69 4837 416 30%
c - 182.63 24 13 0 410 1116 1 5525307 23107 1.7 18 11 2 7 90%  69 4837 416 30%
c - 183.22 24 14 0 411 1123 1 5545556 23502 1.7 19 11 2 7 89%  69 4837 416 30%
c - 183.92 24 14 0 412 1131 1 5565829 22262 1.7 19 11 2 7 89%  69 4837 416 30%
c - 184.54 24 14 0 413 1143 1 5586127 22609 1.7 19 11 2 7 89%  69 4837 416 30%
c u 184.93 24 14 0 413 1146 1 5595402 28103 1.7 19 12 2 7 89%  69 4837 416 30%
c
c seconds   switched     rate           size/glue  tier1   binary      remaining
c         MB  reductions    conflicts         size   tier2   irredundant
c          level    restarts       redundant     glue   trail      variables
c
c v 185.06 24 14 0 413 1146 1 5595402 26149 1.7 19 12 2 7 89%  69 4837 416 30%
c w 185.11 24 14 0 413 1146 1 5595402 21974 1.7 19 12 2 7 89%  69 4837 416 30%
c x 185.13 24 14 0 413 1146 1 5595402 21973 1.7 19 12 2 7 89%  69 4832 416 30%
c - 185.45 24 14 0 414 1147 1 5606449 19016 1.7 19 12 2 7 89%  69 4832 416 30%
c - 186.12 24 14 0 415 1148 1 5626795 19986 1.7 19 12 2 7 89%  69 4832 416 30%
c - 186.72 24 14 0 416 1148 1 5647167 20956 1.7 19 11 2 7 89%  69 4832 416 30%
c - 187.34 24 14 0 417 1149 1 5667564 22404 1.7 19 11 2 7 89%  69 4832 416 30%
c - 187.96 24 14 0 418 1149 1 5687984 23002 1.7 20 12 2 7 87%  69 4832 416 30%
c - 188.66 24 15 0 419 1149 1 5708429 22226 1.7 20 12 2 7 87%  69 4832 416 30%
c B 189.14 24 15 0 419 1154 1 5722115 31700 1.7 20 12 2 7 87%  69 4832 416 30%
c - 189.50 24 15 0 420 1157 1 5728900 22497 1.6 20 12 2 7 86%  69 4832 416 30%
c - 190.28 24 15 0 421 1165 1 5749393 22459 1.6 20 12 2 7 87%  69 4832 416 30%
c - 190.94 24 15 0 422 1178 1 5769911 21388 1.7 20 12 2 7 87%  69 4832 416 30%
c - 191.63 24 15 0 423 1180 1 5790454 21722 1.7 21 12 2 7 88%  69 4832 416 30%
c - 192.35 24 15 0 424 1188 1 5811020 22738 1.7 21 12 2 7 88%  69 4832 416 30%
c - 193.19 24 15 0 425 1196 1 5831612 23683 1.8 22 12 2 7 88%  69 4832 416 30%
c - 194.01 24 15 0 426 1209 1 5852228 23351 1.7 21 12 2 7 88%  69 4832 416 30%
c u 194.63 24 15 0 426 1211 1 5864138 28726 1.7 21 12 2 7 88%  69 4832 416 30%
c v 194.81 24 15 0 426 1211 1 5864138 25780 1.7 21 12 2 7 88%  69 4832 416 30%
c w 195.05 24 15 0 426 1211 1 5864138 22440 1.7 21 12 2 7 88%  69 4832 416 30%
c
c seconds   switched     rate           size/glue  tier1   binary      remaining
c         MB  reductions    conflicts         size   tier2   irredundant
c          level    restarts       redundant     glue   trail      variables
c
c o 195.06 24 15 0 426 1211 1 5864138 22440 1.7 21 12 2 7 88%  69 4832 416 30%
c - 195.37 24 15 0 427 1211 1 5872867 20241 1.7 21 12 2 7 88%  69 4832 416 30%
c - 196.04 24 15 0 428 1212 1 5893530 22127 1.7 21 12 2 7 88%  69 4832 416 30%
c - 196.86 24 15 0 429 1214 1 5914218 21695 1.7 21 12 2 7 89%  69 4832 416 30%
c - 197.59 24 15 0 430 1226 1 5934931 22536 1.7 21 12 2 7 89%  69 4832 416 30%
c - 198.29 24 15 0 431 1234 1 5955668 23724 1.7 21 12 2 7 88%  69 4832 416 30%
c - 199.11 24 15 0 432 1242 1 5976428 23397 1.7 20 12 2 7 87%  69 4832 416 30%
c - 199.93 24 14 0 433 1246 1 5997212 23912 1.7 20 12 2 7 88%  69 4832 416 30%
c - 200.80 24 14 0 434 1257 1 6018020 23810 1.7 20 12 2 7 88%  69 4832 416 30%
c W 200.84 24 14 0 434 1257 1 6018026 23815 1.7 20 12 2 7 88%  69 4832 416 30%
c - 201.67 24 14 0 435 1265 1 6038852 24406 1.7 20 11 2 6 88%  69 4832 416 30%
c - 202.54 24 14 0 436 1273 1 6059709 24239 1.7 20 11 2 6 88%  69 4832 416 30%
c - 203.54 24 14 0 437 1275 1 6080589 22107 1.7 19 11 2 6 89%  69 4832 416 30%
c - 204.36 24 13 0 438 1275 1 6101493 23105 1.8 20 11 2 6 89%  69 4832 416 30%
c - 205.18 24 13 0 439 1276 1 6122421 23379 1.8 19 11 2 6 89%  69 4832 416 30%
c u 205.95 24 13 0 439 1276 1 6139809 32231 1.8 19 11 2 6 89%  69 4832 416 30%
c v 206.23 24 13 0 439 1276 1 6139809 28944 1.8 19 11 2 6 89%  69 4832 416 30%
c w 206.46 24 13 0 439 1276 1 6139809 23682 1.8 19 11 2 6 89%  69 4832 416 30%
c - 206.58 24 13 0 440 1276 1 6143374 19202 1.8 19 11 2 6 89%  69 4832 416 30%
c - 207.26 24 13 0 441 1276 1 6164350 21098 1.8 20 11 2 6 89%  69 4832 416 30%
c
c seconds   switched     rate           size/glue  tier1   binary      remaining
c         MB  reductions    conflicts         size   tier2   irredundant
c          level    restarts       redundant     glue   trail      variables
c
c - 207.96 24 13 0 442 1277 1 6185350 21397 1.8 19 11 2 6 89%  69 4832 416 30%
c - 208.76 24 13 0 443 1277 1 6206373 22157 1.8 20 11 2 6 89%  69 4832 416 30%
c - 209.53 24 13 0 444 1277 1 6227420 22560 1.8 20 11 2 6 89%  69 4832 416 30%
c - 210.36 24 13 0 445 1277 1 6248492 22617 1.8 19 11 2 6 89%  69 4832 416 30%
c - 211.09 24 13 0 446 1277 1 6269587 23831 1.8 19 11 2 6 89%  69 4832 416 30%
c - 211.73 24 14 0 447 1277 1 6290707 25274 1.7 19 11 2 6 87%  69 4832 416 30%
c - 212.41 24 14 0 448 1281 1 6311850 23644 1.7 19 11 2 6 87%  69 4832 416 30%
c O 212.76 24 14 0 448 1287 1 6323220 30684 1.7 19 11 2 6 87%  69 4832 416 30%
c o 212.76 24 14 0 448 1287 1 6323220 30684 1.7 19 11 2 6 87%  69 4832 416 30%
c - 213.13 24 13 0 449 1292 1 6333016 24304 1.7 19 11 2 6 87%  69 4832 416 30%
c - 213.84 24 13 0 450 1301 1 6354205 24762 1.7 19 11 2 6 87%  69 4832 416 30%
c - 214.55 24 13 0 451 1308 1 6375419 25281 1.7 19 11 2 6 87%  69 4832 416 30%
c - 215.29 24 13 0 452 1314 1 6396655 25134 1.8 20 11 2 6 88%  69 4832 416 30%
c - 216.00 24 13 0 453 1323 1 6417916 23106 1.8 20 11 2 6 88%  69 4832 416 30%
c u 216.26 24 13 0 453 1324 1 6422412 24606 1.8 20 11 2 6 88%  69 4832 416 30%
c v 216.39 24 13 0 453 1324 1 6422412 21816 1.8 20 11 2 6 88%  69 4832 416 30%
c w 216.46 24 13 0 453 1324 1 6422412 20287 1.8 20 11 2 6 88%  69 4832 416 30%
c - 216.99 24 14 0 454 1334 1 6439199 19904 1.8 20 11 2 6 88%  69 4832 416 30%
c - 217.79 24 14 0 455 1339 1 6460507 21560 1.8 20 11 2 6 88%  69 4832 416 30%
c - 218.59 24 14 0 456 1340 1 6481837 21801 1.8 20 11 2 6 88%  69 4832 416 30%
c
c seconds   switched     rate           size/glue  tier1   binary      remaining
c         MB  reductions    conflicts         size   tier2   irredundant
c          level    restarts       redundant     glue   trail      variables
c
c - 219.29 24 14 0 457 1340 1 6503192 22930 1.8 20 11 2 6 87%  69 4832 416 30%
c - 220.12 24 13 0 458 1354 1 6524570 23161 1.8 19 11 2 6 87%  69 4832 416 30%
c - 220.93 24 13 0 459 1362 1 6545970 23621 1.8 19 11 2 6 87%  69 4832 416 30%
c - 221.73 24 13 0 460 1370 1 6567395 24030 1.8 19 11 2 6 88%  69 4832 416 30%
c - 222.55 24 13 0 461 1374 1 6588842 25727 1.8 18 11 2 6 88%  69 4832 416 30%
c - 223.45 24 13 0 462 1385 1 6610312 25529 1.7 18 10 2 6 88%  69 4832 416 30%
c - 224.27 24 12 0 463 1394 1 6631807 25759 1.7 18 10 2 6 88%  69 4832 416 30%
c B 224.48 24 12 0 463 1399 1 6637802 29138 1.7 18 10 2 6 88%  69 4832 416 30%
c o 224.48 24 12 0 463 1399 1 6637802 29138 1.7 18 10 2 6 88%  69 4832 416 30%
c - 225.05 24 13 0 464 1402 1 6653324 25544 1.7 18 10 2 6 88%  69 4832 416 30%
c - 225.91 24 12 0 465 1403 1 6674865 25698 1.7 17 10 2 6 88%  69 4832 416 30%
c - 226.72 24 12 0 466 1403 1 6696429 27122 1.7 17 10 2 6 88%  69 4832 416 30%
c s 226.96 24 12 0 466 1404 1 6702619 30586 1.7 17 10 2 6 87%  70 4797 416 30%
c s 226.96 24 12 0 466 1404 1 6702619 30586 1.7 17 10 2 6 87%  70 4778 416 30%
c u 227.49 24 12 0 466 1404 1 6712016 34130 1.7 17 10 2 6 88%  95 4778 416 30%
c v 227.69 24 12 0 466 1404 1 6712016 26732 1.7 17 10 2 6 88%  77 4778 416 30%
c w 227.87 24 12 0 466 1404 1 6712016 22749 1.7 17 10 2 6 88%  77 4778 416 30%
c - 229.43 33 12 0 467 1404 1 6718018 20144 1.7 17 10 2 6 88%  77 4778 416 30%
c - 230.19 33 12 0 468 1404 1 6739628 21441 1.7 17 10 2 6 89%  77 4778 416 30%
c - 230.86 33 12 0 469 1404 1 6761263 21907 1.7 17 10 2 6 89%  77 4778 416 30%
c
c seconds   switched     rate           size/glue  tier1   binary      remaining
c         MB  reductions    conflicts         size   tier2   irredundant
c          level    restarts       redundant     glue   trail      variables
c
c - 231.56 33 12 0 470 1415 1 6782919 22954 1.7 18 10 2 6 89%  77 4778 416 30%
c - 232.34 33 12 0 471 1424 1 6804599 23319 1.7 17 10 2 6 89%  77 4778 416 30%
c - 233.14 33 12 0 472 1434 1 6826302 23037 1.7 17 10 2 6 90%  77 4778 416 30%
c - 233.94 33 12 0 473 1435 1 6848028 24041 1.7 17 10 2 6 90%  77 4778 416 30%
c - 234.81 33 12 0 474 1449 1 6869777 25776 1.7 17 10 2 6 90%  77 4778 416 30%
c - 235.57 33 12 0 475 1457 1 6891549 25677 1.6 16 10 2 6 90%  77 4778 416 30%
c - 236.42 33 12 0 476 1465 1 6913343 25088 1.6 16 10 2 6 90%  77 4778 416 30%
c - 237.29 33 12 0 477 1467 1 6935161 26788 1.7 16 10 2 6 89%  77 4778 416 30%
c - 238.19 33 12 0 478 1467 1 6957001 27030 1.7 17 10 2 6 89%  77 4778 416 30%
c W 238.39 33 12 0 478 1467 1 6961878 30771 1.7 17 10 2 6 88%  77 4778 416 30%
c o 238.39 33 12 0 478 1467 1 6961878 30771 1.7 17 10 2 6 88%  77 4778 416 30%
c - 239.09 33 12 0 479 1477 1 6978865 27003 1.7 17 10 2 6 87%  77 4778 416 30%
c - 240.01 33 13 0 480 1486 1 7000752 25766 1.7 17 10 2 6 88%  77 4778 416 30%
c u 240.48 33 13 0 480 1490 1 7009056 28331 1.7 18 10 2 6 88%  77 4778 416 30%
c v 240.69 33 13 0 480 1490 1 7009056 24970 1.7 18 10 2 6 88%  77 4778 416 30%
c w 240.80 33 13 0 480 1490 1 7009056 22336 1.7 18 10 2 6 88%  77 4778 416 30%
c - 241.19 33 13 0 481 1497 1 7022661 20467 1.7 18 11 2 6 88%  77 4778 416 30%
c - 241.87 33 13 0 482 1498 1 7044592 22046 1.7 18 11 2 6 87%  77 4778 416 30%
c - 242.56 33 13 0 483 1512 1 7066547 22584 1.7 18 11 2 6 87%  77 4778 416 30%
c - 243.13 33 13 0 484 1520 1 7088526 24613 1.7 18 11 2 6 84%  77 4778 416 30%
c
c seconds   switched     rate           size/glue  tier1   binary      remaining
c         MB  reductions    conflicts         size   tier2   irredundant
c          level    restarts       redundant     glue   trail      variables
c
c - 243.87 33 13 0 485 1528 1 7110527 24459 1.7 18 10 2 6 84%  77 4778 416 30%
c - 244.71 33 13 0 486 1530 1 7132549 24780 1.7 17 10 2 6 84%  77 4778 416 30%
c - 245.62 33 13 0 487 1530 1 7154594 25516 1.7 17 10 2 6 84%  77 4778 416 30%
c - 246.51 33 12 0 488 1531 1 7176664 25215 1.7 17 10 2 6 84%  77 4778 416 30%
c - 247.25 33 12 0 489 1531 1 7198756 27107 1.7 16 10 2 6 85%  77 4778 416 30%
c - 248.08 33 12 0 490 1531 1 7220871 27186 1.6 17 10 2 6 86%  78 4778 416 30%
c - 248.88 33 13 0 491 1532 1 7243006 24509 1.7 18 11 2 6 87%  78 4778 416 30%
c - 249.70 33 13 0 492 1532 1 7265165 24293 1.7 18 11 2 6 87%  78 4778 416 30%
c - 250.45 33 13 0 493 1532 1 7287347 24670 1.7 18 11 2 6 87%  78 4778 416 30%
c I 250.77 33 13 0 493 1532 1 7295550 29535 1.7 18 11 2 6 88%  78 4778 416 30%
c o 250.77 33 13 0 493 1532 1 7295550 29535 1.7 18 11 2 6 88%  78 4778 416 30%
c - 251.15 33 13 0 494 1532 1 7309550 26053 1.7 18 11 2 6 87%  78 4778 416 30%
c b 251.23 33 13 0 494 1532 1 7313140 28770 1.7 18 11 2 6 88%  78 4778 415 30%
c u 251.36 33 13 0 494 1532 1 7313140 25433 1.7 18 11 2 6 88% 239 4778 415 30%
c v 251.51 33 13 0 494 1532 1 7313140 21505 1.7 18 11 2 6 88% 107 4778 415 30%
c w 251.57 33 13 0 494 1532 1 7313140 20264 1.7 18 11 2 6 88% 107 4778 415 30%
c t 251.57 33 13 0 494 1532 1 7313140 20264 1.7 18 11 2 6 88% 126 4553 415 30%
c d 251.57 33 13 0 494 1532 1 7313140 20264 1.7 18 11 2 6 88% 122 4549 413 30%
c u 251.67 33 13 0 494 1532 1 7313140 19388 1.7 18 11 2 6 88% 122 4549 413 30%
c v 251.79 33 13 0 494 1532 1 7313140 17933 1.7 18 11 2 6 88% 122 4549 413 30%
c
c seconds   switched     rate           size/glue  tier1   binary      remaining
c         MB  reductions    conflicts         size   tier2   irredundant
c          level    restarts       redundant     glue   trail      variables
c
c w 251.83 33 13 0 494 1532 1 7313140 17655 1.7 18 11 2 6 88% 122 4549 413 30%
c - 252.27 33 13 0 495 1532 1 7331777 19126 1.7 19 11 2 6 86% 119 4549 413 30%
c - 252.94 33 14 0 496 1532 1 7354026 20129 1.7 19 11 2 6 87% 119 4549 413 30%
c s 252.95 33 14 0 496 1532 1 7354465 20407 1.7 19 11 2 6 87% 121 4469 413 30%
c e 252.95 33 14 0 496 1532 1 7354465 20407 1.7 19 11 2 6 87%  91 4626 399 29%
c s 252.95 33 14 0 496 1532 1 7354465 20407 1.7 19 11 2 6 87%  91 4538 399 29%
c e 252.95 33 14 0 496 1532 1 7354465 20407 1.7 19 11 2 6 87%  88 4570 397 29%
c - 253.60 33 14 0 497 1533 1 7376298 20255 1.7 19 11 2 6 87%  88 4570 397 29%
c - 254.34 33 14 0 498 1533 1 7398591 21246 1.7 20 11 2 6 88%  88 4570 397 29%
c - 255.05 33 14 0 499 1533 1 7420907 22090 1.8 20 11 2 6 88%  88 4570 397 29%
c - 255.85 33 14 0 500 1533 1 7443246 22963 1.7 19 11 2 6 88%  88 4570 397 29%
c - 256.70 33 13 0 501 1533 1 7465606 23826 1.8 19 11 2 6 87%  88 4570 397 29%
c - 257.48 33 13 0 502 1533 1 7487990 24990 1.8 19 11 2 6 87%  88 4570 397 29%
c - 258.26 33 13 0 503 1533 1 7510395 25130 1.8 19 11 2 6 88%  88 4570 397 29%
c - 259.02 33 13 0 504 1533 1 7532823 23857 1.8 19 11 2 6 87%  88 4570 397 29%
c - 259.78 33 13 0 505 1533 1 7555272 23867 1.7 18 10 2 6 87%  88 4570 397 29%
c - 260.57 33 13 0 506 1533 1 7577746 24486 1.7 18 10 2 6 87%  88 4570 397 29%
c - 261.33 33 12 0 507 1533 1 7600241 25324 1.7 17 10 2 6 87%  88 4570 397 29%
c - 262.20 33 12 0 508 1536 1 7622758 26575 1.7 17 10 2 6 88%  88 4570 397 29%
c u 262.45 33 12 0 508 1539 1 7626190 26950 1.7 17 10 2 6 88%  88 4570 397 29%
c
c seconds   switched     rate           size/glue  tier1   binary      remaining
c         MB  reductions    conflicts         size   tier2   irredundant
c          level    restarts       redundant     glue   trail      variables
c
c v 262.66 33 12 0 508 1539 1 7626190 21880 1.7 17 10 2 6 88%  88 4570 397 29%
c w 262.70 33 12 0 508 1539 1 7626190 20922 1.7 17 10 2 6 88%  88 4570 397 29%
c f 262.70 33 12 0 508 1539 1 7626190 20922 1.7 17 10 2 6 88%  90 4547 398 29%
c u 262.80 33 12 0 508 1539 1 7626190 20203 1.7 17 10 2 6 88%  90 4547 398 29%
c v 262.95 33 12 0 508 1539 1 7626190 17965 1.7 17 10 2 6 88%  90 4547 398 29%
c w 262.97 33 12 0 508 1539 1 7626190 17784 1.7 17 10 2 6 88%  90 4547 398 29%
c x 262.99 33 12 0 508 1539 1 7626190 17776 1.7 17 10 2 6 88%  94 4445 398 29%
c t 262.99 33 12 0 508 1539 1 7626190 17776 1.7 17 10 2 6 88%  93 4445 398 29%
c B 263.37 33 12 0 508 1546 1 7638921 24495 1.7 16 10 2 6 88%  93 4445 398 29%
c o 263.38 33 12 0 508 1546 1 7638921 24495 1.7 16 10 2 6 88%  93 4445 398 29%
c - 263.63 33 12 0 509 1548 1 7645297 19343 1.7 17 10 2 6 88%  93 4445 398 29%
c - 264.27 33 13 0 510 1558 1 7667859 21281 1.6 17 11 2 6 89%  93 4445 398 29%
c - 264.89 33 13 0 511 1564 1 7690442 20013 1.6 17 11 2 6 88%  93 4445 398 29%
c - 265.55 33 13 0 512 1571 1 7713049 20743 1.6 18 11 2 6 88%  93 4445 398 29%
c - 266.24 33 14 0 513 1580 1 7735678 21886 1.6 19 12 2 6 88%  93 4445 398 29%
c - 266.96 33 14 0 514 1593 1 7758328 22114 1.6 19 12 2 6 88%  93 4445 398 29%
c - 267.69 33 14 0 515 1595 1 7780999 22068 1.6 19 12 2 6 88%  93 4445 398 29%
c - 268.42 33 14 0 516 1596 1 7803692 22546 1.6 19 12 2 6 89%  93 4445 398 29%
c - 269.20 33 14 0 517 1603 1 7826407 23495 1.7 19 12 2 6 88%  93 4445 398 29%
c - 270.11 33 14 0 518 1611 1 7849145 23953 1.7 19 11 2 6 89%  93 4445 398 29%
c
c seconds   switched     rate           size/glue  tier1   binary      remaining
c         MB  reductions    conflicts         size   tier2   irredundant
c          level    restarts       redundant     glue   trail      variables
c
c - 270.89 33 14 0 519 1625 1 7871905 24634 1.7 19 11 2 6 89%  93 4445 398 29%
c - 271.60 33 13 0 520 1627 1 7894686 25008 1.8 20 11 2 6 89%  93 4445 398 29%
c - 272.36 33 13 0 521 1640 1 7917489 25590 1.8 20 11 2 6 89%  93 4445 398 29%
c - 273.03 33 13 0 522 1649 1 7940314 26173 1.9 20 11 2 6 89%  93 4445 398 29%
c u 273.39 33 13 0 522 1652 1 7947853 30027 1.9 20 11 2 6 89%  93 4445 398 29%
c v 273.68 33 13 0 522 1652 1 7947853 25983 1.9 20 11 2 6 89%  93 4445 398 29%
c w 273.82 33 13 0 522 1652 1 7947853 23613 1.9 20 11 2 6 89%  93 4445 398 29%
c = 274.98 38 13 0 522 1652 1 7947853 23613 1.9 20 11 2 6 89%  95 4421 397 29%
c d 274.98 38 13 0 522 1652 1 7947853 22747 1.9 20 11 2 6 89%  92 4421 397 29%
c u 275.09 38 13 0 522 1652 1 7947853 22413 1.9 20 11 2 6 89%  92 4421 397 29%
c v 275.27 38 13 0 522 1652 1 7947853 20643 1.9 20 11 2 6 89%  92 4421 397 29%
c w 275.38 38 13 0 522 1652 1 7947853 19970 1.9 20 11 2 6 89%  92 4421 397 29%
c - 275.80 38 13 0 523 1657 1 7963161 18851 1.9 20 11 2 6 89%  92 4421 397 29%
c - 276.53 38 13 0 524 1659 1 7986031 20774 1.8 20 11 2 6 88%  92 4421 397 29%
c W 276.78 38 13 0 524 1659 1 7992091 24724 1.8 20 11 2 6 88%  92 4421 397 29%
c o 276.79 38 13 0 524 1659 1 7992091 24724 1.8 20 11 2 6 88%  92 4421 397 29%
c - 277.37 38 13 0 525 1659 1 8008922 21877 1.8 20 11 2 6 88%  92 4421 397 29%
c - 278.15 38 13 0 526 1660 1 8031834 21960 1.7 19 11 2 6 87%  92 4421 397 29%
c - 278.86 38 13 0 527 1660 1 8054768 21873 1.7 19 11 2 6 87%  92 4421 397 29%
c s 279.01 38 13 0 527 1660 1 8059572 24870 1.7 19 11 2 6 87%  94 4410 397 29%
c
c seconds   switched     rate           size/glue  tier1   binary      remaining
c         MB  reductions    conflicts         size   tier2   irredundant
c          level    restarts       redundant     glue   trail      variables
c
c e 279.01 38 13 0 527 1660 1 8059572 24870 1.7 19 11 2 6 87%  83 4509 390 29%
c s 279.01 38 13 0 527 1660 1 8059572 24870 1.7 19 11 2 6 87%  83 4474 390 29%
c - 279.52 38 13 0 528 1660 1 8077724 21626 1.7 19 11 2 6 86%  83 4474 390 29%
c - 280.30 38 13 0 529 1674 1 8100704 22414 1.7 19 11 2 6 86%  83 4474 390 29%
c - 281.06 38 13 0 530 1682 1 8123704 22362 1.7 18 11 2 6 86%  83 4474 390 29%
c - 281.81 38 13 0 531 1691 1 8146725 23611 1.7 18 11 2 6 86%  83 4474 390 29%
c - 282.54 38 13 0 532 1697 1 8169768 23263 1.7 18 11 2 6 87%  83 4474 390 29%
c - 283.26 38 12 0 533 1706 1 8192833 24133 1.7 17 10 2 6 87%  83 4474 390 29%
c - 283.91 38 12 0 534 1720 1 8215919 25403 1.6 17 10 2 6 87%  83 4474 390 29%
c - 284.67 38 12 0 535 1722 1 8239028 26385 1.7 17 10 2 6 86%  83 4474 390 29%
c - 285.45 38 12 0 536 1723 1 8262158 26205 1.7 17 10 2 6 86%  84 4474 390 29%
c u 286.06 38 12 0 536 1724 1 8276988 33604 1.7 17 10 2 6 86%  84 4474 390 29%
c v 286.29 38 12 0 536 1724 1 8276988 27242 1.7 17 10 2 6 86%  84 4474 390 29%
c w 286.36 38 12 0 536 1724 1 8276988 21577 1.7 17 10 2 6 86%  84 4474 390 29%
c - 286.66 38 12 0 537 1730 1 8285309 19073 1.7 17 10 2 6 87%  84 4474 390 29%
c - 287.36 38 12 0 538 1738 1 8308483 22586 1.7 17 10 2 6 87%  84 4474 390 29%
c - 288.07 38 12 0 539 1752 1 8331678 24648 1.7 16 10 2 6 87%  85 4474 390 29%
c - 288.70 38 12 0 540 1754 1 8354894 26273 1.7 16 9 2 6 87%  85 4474 390 29%
c O 288.71 38 12 0 540 1754 1 8355161 26422 1.7 16 9 2 6 87%  85 4474 390 29%
c o 288.71 38 12 0 540 1754 1 8355161 26422 1.7 16 9 2 6 87%  85 4474 390 29%
c
c seconds   switched     rate           size/glue  tier1   binary      remaining
c         MB  reductions    conflicts         size   tier2   irredundant
c          level    restarts       redundant     glue   trail      variables
c
c - 289.52 38 12 0 541 1767 1 8378131 25324 1.7 17 10 2 6 87%  85 4474 390 29%
c - 290.37 38 12 0 542 1776 1 8401390 22706 1.7 17 10 2 6 87%  85 4474 390 29%
c - 291.23 38 12 0 543 1785 1 8424671 22685 1.7 17 10 2 6 87%  85 4474 390 29%
c - 292.09 38 13 0 544 1786 1 8447974 23999 1.7 17 10 2 6 87%  85 4474 390 29%
c - 292.94 38 13 0 545 1786 1 8471297 24159 1.7 18 11 2 6 87%  85 4474 390 29%
c - 293.90 38 13 0 546 1787 1 8494644 23657 1.7 18 11 2 6 87%  85 4474 390 29%
c - 294.79 38 13 0 547 1787 1 8518011 23827 1.7 18 11 2 6 87%  85 4474 390 29%
c - 295.67 38 13 0 548 1788 1 8541400 24273 1.6 17 11 2 6 87%  85 4474 390 29%
c - 296.60 38 13 0 549 1788 1 8564810 24565 1.6 17 10 2 6 87%  85 4474 390 29%
c - 297.53 38 12 0 550 1788 1 8588242 26261 1.7 17 10 2 6 87%  85 4474 390 29%
c - 298.46 38 13 0 551 1788 1 8611696 26536 1.7 18 11 2 6 87%  85 4474 390 29%
c u 298.64 38 13 0 551 1788 1 8612852 25197 1.7 18 11 2 6 87%  95 4474 390 29%
c v 298.86 38 13 0 551 1788 1 8612852 20596 1.7 18 11 2 6 87%  92 4474 390 29%
c w 298.89 38 13 0 551 1788 1 8612852 20308 1.7 18 11 2 6 87%  92 4474 390 29%
c t 300.21 38 13 0 551 1788 1 8612852 20308 1.7 18 11 2 6 87%  89 4474 390 29%
c - 300.95 38 13 0 552 1788 1 8635169 20924 1.7 18 11 2 6 87%  89 4474 390 29%
c - 301.82 38 13 0 553 1788 1 8658664 21991 1.6 18 11 2 6 87%  89 4474 390 29%
c - 302.71 38 13 0 554 1795 1 8682181 23389 1.6 18 11 2 6 87%  89 4474 390 29%
c - 303.58 38 13 0 555 1806 1 8705718 24068 1.6 18 11 2 6 87%  89 4474 390 29%
c B 304.34 38 13 0 555 1818 1 8728232 40519 1.7 18 11 2 6 87%  89 4474 390 29%
c
c seconds   switched     rate           size/glue  tier1   binary      remaining
c         MB  reductions    conflicts         size   tier2   irredundant
c          level    restarts       redundant     glue   trail      variables
c
c o 304.34 38 13 0 555 1818 1 8728232 40519 1.7 18 11 2 6 87%  89 4474 390 29%
c - 304.40 38 13 0 556 1818 1 8729277 25207 1.7 18 11 2 6 87%  89 4474 390 29%
c - 305.29 38 13 0 557 1820 1 8752857 24297 1.6 18 11 2 6 87%  89 4474 390 29%
c - 306.21 38 13 0 558 1833 1 8776457 23819 1.6 18 11 2 6 88%  89 4474 390 29%
c - 307.10 38 13 0 559 1844 1 8800080 24596 1.6 17 11 2 6 88%  89 4474 390 29%
c s 307.76 38 12 0 559 1849 1 8817509 33339 1.6 17 10 2 6 88%  91 4445 390 29%
c e 307.76 38 12 0 559 1849 1 8817509 33339 1.6 17 10 2 6 88%  85 4472 388 28%
c s 307.76 38 12 0 559 1849 1 8817509 33339 1.6 17 10 2 6 88%  85 4457 388 28%
c - 307.99 38 12 0 560 1850 1 8823724 25034 1.6 17 10 2 6 88%  85 4457 388 28%
c - 308.88 38 12 0 561 1851 1 8847388 25855 1.6 16 10 2 6 88%  85 4457 388 28%
c - 309.72 38 12 0 562 1854 1 8871073 26442 1.6 16 10 2 6 89%  85 4457 388 28%
c - 310.57 38 12 0 563 1866 1 8894779 28157 1.6 16 10 2 6 89%  86 4457 388 28%
c - 311.42 38 12 0 564 1878 1 8918509 26916 1.6 17 10 2 6 89%  86 4457 388 28%
c - 312.27 38 12 0 565 1882 1 8942257 26323 1.6 17 10 2 6 88%  86 4457 388 28%
c b 312.71 38 12 0 565 1888 1 8955902 34221 1.6 17 10 2 6 88%  86 4457 387 28%
c u 312.86 38 12 0 565 1888 1 8955902 30582 1.6 17 10 2 6 88% 366 4457 387 28%
c v 313.11 38 12 0 565 1888 1 8955902 25570 1.6 17 10 2 6 88% 142 4457 387 28%
c w 313.25 38 12 0 565 1888 1 8955902 21877 1.6 17 10 2 6 88% 142 4457 387 28%
c x 313.27 38 12 0 565 1888 1 8955902 21839 1.6 17 10 2 6 88% 212 3934 387 28%
c d 313.27 38 12 0 565 1888 1 8955902 21839 1.6 17 10 2 6 88% 202 3934 383 28%
c
c seconds   switched     rate           size/glue  tier1   binary      remaining
c         MB  reductions    conflicts         size   tier2   irredundant
c          level    restarts       redundant     glue   trail      variables
c
c t 313.27 38 12 0 565 1888 1 8955902 21839 1.6 17 10 2 6 88% 162 3934 383 28%
c u 313.37 38 12 0 565 1888 1 8955902 20786 1.6 17 10 2 6 88% 162 3934 383 28%
c v 313.54 38 12 0 565 1888 1 8955902 18541 1.6 17 10 2 6 88% 162 3934 383 28%
c w 313.65 38 12 0 565 1888 1 8955902 17765 1.6 17 10 2 6 88% 162 3934 383 28%
c - 313.95 38 12 0 566 1893 1 8966026 16865 1.6 17 10 2 6 88% 159 3934 383 28%
c - 314.65 38 13 0 567 1903 1 8989816 19889 1.6 17 10 2 6 86% 159 3934 383 28%
c - 315.40 38 13 0 568 1912 1 9013628 21787 1.6 17 10 2 6 85% 159 3934 383 28%
c - 316.16 38 13 0 569 1914 1 9037461 22492 1.6 17 10 2 6 86% 159 3934 383 28%
c - 316.92 38 12 0 570 1914 1 9061315 23037 1.6 16 10 2 6 85% 159 3934 383 28%
c - 317.75 38 12 0 571 1915 1 9085189 24106 1.6 16 10 2 6 86% 159 3934 383 28%
c - 318.51 38 12 0 572 1915 1 9109084 25568 1.7 16 10 2 6 86% 159 3934 383 28%
c W 318.62 38 12 0 572 1915 1 9111401 27079 1.7 16 10 2 6 86% 159 3934 383 28%
c o 318.62 38 12 0 572 1915 1 9111401 27079 1.7 16 10 2 6 86% 159 3934 383 28%
c - 319.32 38 12 0 573 1918 1 9133002 25422 1.7 17 10 2 6 86% 159 3934 383 28%
c - 320.02 38 12 0 574 1930 1 9156939 24699 1.6 17 10 2 6 86% 159 3934 383 28%
c - 320.80 38 12 0 575 1942 1 9180898 24733 1.6 16 10 2 6 86% 159 3934 383 28%
c - 321.60 38 12 0 576 1946 1 9204877 25616 1.6 16 10 2 6 86% 159 3934 383 28%
c - 322.38 38 12 0 577 1957 1 9228877 27459 1.6 16 10 2 6 85% 160 3934 383 28%
c - 323.15 38 11 0 578 1967 1 9252898 28677 1.6 15 9 2 6 85% 161 3934 383 28%
c - 324.07 38 11 0 579 1976 1 9276939 28821 1.6 15 9 2 6 85% 162 3934 383 28%
c
c seconds   switched     rate           size/glue tier1   binary      remaining
c         MB  reductions    conflicts         size  tier2   irredundant
c          level    restarts       redundant    glue   trail      variables
c
c i 324.52 38 11 0 579 1977 1 9290088 36844 1.6 15 9 2 6 84% 172 3934 382 28%
c - 324.91 38 11 0 580 1978 1 9301002 19944 1.7 15 9 2 6 84% 184 3934 382 28%
c u 325.40 38 11 0 580 1978 1 9312308 22710 1.7 14 9 2 6 84% 293 3669 382 28%
c v 325.56 38 11 0 580 1978 1 9312308 17168 1.7 14 9 2 6 84% 299 3669 382 28%
c w 325.59 38 11 0 580 1978 1 9312308 14281 1.7 14 9 2 6 84% 299 3669 382 28%
c d 325.59 38 11 0 580 1978 1 9312308 14281 1.7 14 9 2 6 84% 296 3666 380 28%
c t 325.59 38 11 0 580 1978 1 9312308 14281 1.7 14 9 2 6 84% 270 3666 380 28%
c u 325.68 38 11 0 580 1978 1 9312308 12617 1.7 14 9 2 6 84% 273 3666 380 28%
c v 325.79 38 11 0 580 1978 1 9312308 11105 1.7 14 9 2 6 84% 273 3666 380 28%
c w 325.81 38 11 0 580 1978 1 9312308 11016 1.7 14 9 2 6 84% 273 3666 380 28%
c x 325.82 38 11 0 580 1978 1 9312308 10997 1.7 14 9 2 6 84% 304 3253 380 28%
c = 327.33 29 11 0 580 1978 1 9312308 10997 1.7 14 9 2 6 84% 304 3250 378 28%
c d 327.34 29 11 0 580 1978 1 9312308 10997 1.7 14 9 2 6 84% 299 3250 378 28%
c t 327.34 29 11 0 580 1978 1 9312308 10997 1.7 14 9 2 6 84% 284 3250 378 28%
c i 327.38 29 11 0 580 1978 1 9313872 11723 1.7 14 9 2 6 84% 292 3248 377 28%
c - 327.69 26 11 0 581 1978 1 9325086 13391 1.7 14 9 2 6 84% 267 3247 377 28%
c i 327.80 26 10 0 581 1981 1 9329502 15854 1.7 14 8 2 6 84% 277 3247 375 27%
c i 327.99 27 10 0 581 1985 1 9335779 18943 1.7 14 8 2 6 84% 289 3247 370 27%
c i 328.10 27 10 0 581 1985 1 9338850 20517 1.7 14 8 2 6 84% 297 3247 362 26%
c i 328.15 27 10 0 581 1987 1 9340539 21355 1.7 14 8 2 6 84% 308 3247 361 26%
c
c seconds   switched     rate           size/glue tier1   binary      remaining
c         MB  reductions    conflicts         size  tier2   irredundant
c          level    restarts       redundant    glue   trail      variables
c
c i 328.20 27 10 0 581 1988 1 9342270 22210 1.7 14 8 2 6 84% 316 3247 332 24%
c i 328.21 27 10 0 581 1988 1 9342541 22369 1.7 14 8 2 6 84% 322 3247 331 24%
c i 328.22 27 10 0 581 1988 1 9342681 22421 1.7 14 8 2 6 84% 328 3247 292 21%
c i 328.22 27 10 0 581 1988 1 9342743 22439 1.7 14 8 2 6 84% 333 3247 289 21%
c i 328.22 27 10 0 581 1988 1 9342759 22442 1.7 14 8 2 6 84% 336 3247 268 20%
c i 328.22 27 10 0 581 1988 1 9342766 22442 1.7 14 8 2 6 84% 339 3247 248 18%
c i 328.22 27 10 0 581 1988 1 9342768 22442 1.7 14 8 2 6 84% 340 3247 105 8%
c ] 328.22 27 10 0 581 1988 1 9342770 22442 1.7 14 8 2 6 84% 340 3247 42 3%
c 0 328.22 27 0 0 581 1988 0 9342770 22442 0.0 0 0 2 6 0% 340 3247 42 3%
c
c ---- [ result ] ------------------------------------------------------------
c
s UNSATISFIABLE
c
c ---- [ profiling ] ---------------------------------------------------------
c
c         301.88   91.97 %  search
c         301.88   91.97 %  stable
c          26.32    8.02 %  simplify
c          25.83    7.87 %  probe
c          16.76    5.11 %  vivify
c           8.85    2.70 %  sweep
c           1.22    0.37 %  reduce
c           0.44    0.13 %  walking
c           0.14    0.04 %  substitute
c           0.07    0.02 %  eliminate
c           0.05    0.01 %  factor
c           0.02    0.01 %  preprocess
c           0.01    0.00 %  subsume
c           0.01    0.00 %  congruence
c           0.01    0.00 %  transitive
c           0.00    0.00 %  backbone
c           0.00    0.00 %  parse
c           0.00    0.00 %  lucky
c =============================================
c         328.22  100.00 %  total
c
c ---- [ statistics ] --------------------------------------------------------
c
c conflicts:                          9342770            28464.84 per second
c congruent:                               53                4 %  variables
c decisions:                         10076940                1.08 per conflict
c eliminated:                             949               69 %  variables
c factored:                                63                5 %  variables
c iterations:                              14                1 %  variables
c propagations:                    1137805701          3466580    per second
c reductions:                             581            16080    interval
c reordered:                               39           239558    interval
c rephased:                                62           150690    interval
c restarts:                              1988             4700    interval
c strengthened:                          1375                0 %  checks
c substituted:                             95                7 %  variables
c subsumed:                               983                0 %  checks
c switched:                                 0                0    interval
c vivified:                            563714               44 %  checks
c walks:                                   21           444894    interval
c
c ---- [ glue usage ] --------------------------------------------------------
c
c stable glue 2 used 38153187 clauses 21.02% accumulated 67.84% tier1
c stable glue 3 used 20663549 clauses 11.39% accumulated 79.22%
c stable glue 4 used  9965826 clauses  5.49% accumulated 84.72%
c stable glue 5 used  6735703 clauses  3.71% accumulated 88.43%
c stable glue 6 used  4780965 clauses  2.63% accumulated 91.06% tier2
c
c ---- [ resources ] ---------------------------------------------------------
c
c maximum-resident-set-size:        424259584 bytes        405 MB
c process-time:                         5m 28s             328.22 seconds
c
c ---- [ shutting down ] -----------------------------------------------------
c
c exit 20
