c ---- [ banner ] ------------------------------------------------------------
c
c Kissat SAT Solver
c 
c Copyright (c) 2021-2024 Armin Biere University of Freiburg
c Copyright (c) 2019-2021 Armin Biere Johannes Kepler University Linz
c 
c Version 4.0.4 8af8e56f174b778aef3aa45af9f739b2a5f492c2
c gcc (GCC) 15.2.1 20260123 (Red Hat 15.2.1-7) -W -Wall -O3 -DNDEBUG
c Thu Apr 23 06:47:51 PM IST 2026 Linux krishnendu-LN 6.19.12-200.fc43.x86_64 x86_64
c
c ---- [ parsing ] -----------------------------------------------------------
c
c opened and reading DIMACS file:
c
c   /home/krishnendu/Research/fv-invariant-mining/data/circuits/cnf/miter_mult_11bit.cnf
c
c parsed 'p cnf 1368 5184' header
c closing input after reading 82324 bytes (80 KB)
c finished parsing after 0.00 seconds
c
c ---- [ options ] -----------------------------------------------------------
c
c --decay=20                       (different from default '50')
c --eliminateeffort=1800           (different from default '100')
c --stable=2                       (different from default '1')
c
c ---- [ solving ] -----------------------------------------------------------
c
c seconds switched rate     size/glue tier1  binary       remaining
c        MB reductions conflicts size  tier2   irredundant
c         level restarts redundant glue  trail       variables
c
c *  0.00  3 0 0 0  0 0   0   0 0.0 0 0 0 0 0% 1797 3385 1365 100%
c (  0.00  3 0 0 0  0 0   0   0 0.0 0 0 0 0 0% 1797 3385 1365 100%
c .  0.00  3 0 0 0  0 0   0   0 0.0 0 0 0 0 0% 1793 3385 1365 100%
c c  0.00  4 0 0 0  0 0   0   0 0.0 0 0 0 0 0% 1876 3383 1312 96%
c d  0.00  4 0 0 0  0 0   0   0 0.0 0 0 0 0 0% 1688 3383 1312 96%
c =  0.02  4 0 0 0  0 0   0   0 0.0 0 0 0 0 0% 1698 3373 1306 96%
c d  0.02  4 0 0 0  0 0   0   0 0.0 0 0 0 0 0% 1684 3373 1306 96%
c f  0.02  4 0 0 0  0 0   0   0 0.0 0 0 0 0 0% 1653 3352 1334 98%
c )  0.02  4 0 0 0  0 0   0   0 0.0 0 0 0 0 0% 1653 3352 1334 98%
c [  0.02  4 0 0 0  0 0   0   0 0.0 0 0 2 6 0% 1653 3352 1334 98%
c -  0.06  4 19 0 1  0 1 1001 796 3.8 37 10 4 12 89% 1658 3352 1334 98%
c B  0.06  4 19 0 1  0 1 1001 796 3.8 37 10 4 12 89% 1658 3352 1334 98%
c -  0.09  5 19 0 2  1 1 2001 1327 2.7 31 12 3 14 88% 1659 3352 1334 98%
c W  0.09  4 19 0 2  1 1 2004 1330 2.7 31 12 3 14 88% 1659 3352 1334 98%
c u  0.15  5 19 0 2  2 1 3262 1930 2.2 28 13 3 14 89% 1662 3352 1334 98%
c v  0.15  5 19 0 2  2 1 3262 1810 2.2 28 13 3 14 89% 1662 3352 1334 98%
c w  0.16  5 19 0 2  2 1 3262 1563 2.2 28 13 3 14 89% 1662 3352 1334 98%
c x  0.16  5 19 0 2  2 1 3262 1563 2.2 28 13 3 14 89% 1678 3304 1334 98%
c =  0.17  5 19 0 2  2 1 3262 1563 2.2 28 13 3 14 89% 1702 3299 1322 97%
c d  0.17  5 19 0 2  2 1 3262 1563 2.2 28 13 3 14 89% 1666 3299 1322 97%
c
c seconds  switched rate       size/glue  tier1     binary       remaining
c        MB reductions conflicts     size   tier2     irredundant
c         level restarts  redundant     glue    trail       variables
c
c t  0.17  5 19 0 2  2 1 3262 1563 2.2 28 13 3 14 89% 1658 3299 1322 97%
c f  0.18  5 19 0 2  2 1 3262 1563 2.2 28 13 3 14 89% 1656 3299 1324 97%
c u  0.18  5 19 0 2  2 1 3262 1552 2.2 28 13 3 14 89% 1656 3299 1324 97%
c v  0.18  5 19 0 2  2 1 3262 1498 2.2 28 13 3 14 89% 1656 3299 1324 97%
c w  0.18  5 19 0 2  2 1 3262 1482 2.2 28 13 3 14 89% 1656 3299 1324 97%
c x  0.19  5 19 0 2  2 1 3262 1482 2.2 28 13 3 14 89% 1656 3299 1324 97%
c =  0.20  5 19 0 2  2 1 3262 1482 2.2 28 13 3 14 89% 1680 3299 1312 96%
c d  0.20  5 19 0 2  2 1 3262 1482 2.2 28 13 3 14 89% 1644 3299 1312 96%
c -  0.21  5 19 0 3  2 1 3416 1122 2.1 27 13 3 14 89% 1644 3299 1312 96%
c I  0.24  5 19 0 3  3 1 4263 1660 2.0 27 13 3 14 88% 1644 3299 1312 96%
c -  0.25  5 19 0 4  3 1 5148 1865 2.1 28 13 3 15 89% 1646 3299 1312 96%
c -  0.29  6 18 0 5  5 1 7149 3064 2.2 28 13 3 14 88% 1650 3299 1312 96%
c B  0.30  6 18 0 5  5 1 8034 3886 2.2 28 13 4 14 88% 1650 3299 1312 96%
c -  0.33  6 18 0 6  6 1 9385 3969 2.1 27 13 4 14 88% 1652 3299 1312 96%
c u  0.35  5 18 0 6  6 1 10057 4466 2.1 27 13 4 14 88% 1660 3299 1312 96%
c v  0.35  5 18 0 6  6 1 10057 4279 2.1 27 13 4 14 88% 1660 3299 1312 96%
c w  0.36  5 18 0 6  6 1 10057 4255 2.1 27 13 4 14 88% 1660 3299 1312 96%
c t  0.38  5 18 0 6  6 1 10057 4255 2.1 27 13 4 14 88% 1656 3299 1312 96%
c o  0.38  5 18 0 6  6 1 10057 4255 2.1 27 13 4 14 88% 1656 3299 1312 96%
c -  0.41  6 18 0 7  6 1 11834 4331 2.1 27 13 5 15 89% 1657 3299 1312 96%
c
c seconds  switched rate        size/glue  tier1     binary       remaining
c        MB reductions conflicts      size   tier2     irredundant
c         level restarts   redundant     glue    trail       variables
c
c W  0.45  6 18 0 7  8 1 13565 5792 2.0 27 13 5 15 89% 1658 3299 1312 96%
c -  0.47  6 18 0 8  8 1 14479 4760 2.0 27 13 5 15 89% 1660 3299 1312 96%
c s  0.50  6 18 0 8  9 1 16300 6131 2.0 27 13 5 15 90% 1663 3291 1312 96%
c e  0.51  6 18 0 8  9 1 16300 6131 2.0 27 13 5 15 90% 454 4001 805 59%
c s  0.51  6 18 0 8  9 1 16300 6131 2.0 27 13 5 15 90% 460 3916 805 59%
c e  0.51  6 18 0 8  9 1 16300 6131 2.0 27 13 5 15 90% 429 3942 791 58%
c ^  0.51  6 18 0 8  9 1 16300 6131 2.0 27 13 5 15 90% 429 3942 791 58%
c -  0.52  6 18 0 9 10 1 17308 2354 2.0 26 13 5 15 90% 429 3942 791 58%
c -  0.58  6 18 0 10 12 1 20309 3717 1.9 26 13 5 15 89% 429 3942 791 58%
c u  0.58  6 18 0 10 12 1 20605 3926 1.9 26 13 5 15 89% 429 3942 791 58%
c v  0.59  6 18 0 10 12 1 20605 3774 1.9 26 13 5 15 89% 429 3942 791 58%
c w  0.59  7 18 0 10 12 1 20605 3631 1.9 26 13 5 15 89% 429 3942 791 58%
c x  0.60  6 18 0 10 12 1 20605 3629 1.9 26 13 5 15 89% 430 3837 791 58%
c t  0.60  6 18 0 10 12 1 20605 3629 1.9 26 13 5 15 89% 426 3837 791 58%
c f  0.60  6 18 0 10 12 1 20605 3629 1.9 26 13 5 15 89% 479 3721 818 60%
c u  0.60  6 18 0 10 12 1 20605 3625 1.9 26 13 5 15 89% 479 3721 818 60%
c v  0.60  6 18 0 10 12 1 20605 3581 1.9 26 13 5 15 89% 479 3721 818 60%
c w  0.61  7 18 0 10 12 1 20605 3218 1.9 26 13 5 15 89% 479 3721 818 60%
c x  0.61  7 18 0 10 12 1 20605 3218 1.9 26 13 5 15 89% 483 3675 818 60%
c o  0.62  7 18 0 10 12 1 20605 3218 1.9 26 13 5 15 89% 483 3675 818 60%
c
c seconds  switched  rate        size/glue  tier1    binary      remaining
c        MB  reductions conflicts      size   tier2    irredundant
c         level  restarts   redundant     glue    trail      variables
c
c O  0.63  7 18 0 10 13 1 21094 3478 1.9 26 13 5 15 89% 483 3675 818 60%
c -  0.69  6 18 0 11 13 1 23471 3859 1.9 26 13 5 15 88% 483 3675 818 60%
c -  0.77  6 18 0 12 14 1 26787 4346 1.9 25 14 4 15 88% 485 3675 818 60%
c -  0.87  7 18 0 13 14 1 30252 4429 1.8 25 13 3 14 88% 485 3675 818 60%
c B  0.89  7 18 0 13 14 1 30857 4838 1.8 25 13 3 14 88% 485 3675 818 60%
c s  0.93  7 18 0 13 14 1 32952 6396 1.8 25 14 3 14 89% 485 3668 818 60%
c e  0.93  7 18 0 13 14 1 32952 6396 1.8 25 14 3 14 89% 399 3832 720 53%
c s  0.93  7 18 0 13 14 1 32952 6396 1.8 25 14 3 14 89% 403 3790 720 53%
c e  0.93  7 18 0 13 14 1 32952 6396 1.8 25 14 3 14 89% 400 3794 718 53%
c ^  0.93  7 18 0 13 14 1 32952 6396 1.8 25 14 3 14 89% 400 3794 718 53%
c -  0.95  7 18 0 14 15 1 33857 2753 1.8 25 14 3 15 89% 400 3794 718 53%
c u  0.99  6 18 0 14 17 1 35545 3656 1.8 25 14 3 15 89% 400 3794 718 53%
c v  0.99  6 18 0 14 17 1 35545 3483 1.8 25 14 3 15 89% 400 3794 718 53%
c w  1.01  6 18 0 14 17 1 35545 2996 1.8 25 14 3 15 89% 400 3794 718 53%
c x  1.01  6 18 0 14 17 1 35545 2996 1.8 25 14 3 15 89% 405 3747 718 53%
c t  1.01  6 18 0 14 17 1 35545 2996 1.8 25 14 3 15 89% 402 3747 718 53%
c f  1.01  6 18 0 14 17 1 35545 2996 1.8 25 14 3 15 89% 406 3737 720 53%
c u  1.01  6 18 0 14 17 1 35545 2976 1.8 25 14 3 15 89% 406 3737 720 53%
c v  1.02  6 18 0 14 17 1 35545 2901 1.8 25 14 3 15 89% 406 3737 720 53%
c w  1.03  6 18 0 14 17 1 35545 2681 1.8 25 14 3 15 89% 406 3737 720 53%
c
c seconds  switched  rate        size/glue  tier1    binary      remaining
c        MB  reductions conflicts      size   tier2    irredundant
c         level  restarts   redundant     glue    trail      variables
c
c x  1.04  6 18 0 14 17 1 35545 2681 1.8 25 14 3 15 89% 406 3728 720 53%
c -  1.07  6 18 0 15 18 1 37598 3190 1.8 25 14 3 15 89% 406 3728 720 53%
c -  1.15  6 18 0 16 21 1 41470 4945 1.8 25 14 3 15 88% 406 3728 720 53%
c W  1.19  6 18 0 16 21 1 43080 6232 1.8 25 14 3 15 88% 406 3728 720 53%
c o  1.19  6 18 0 16 21 1 43080 6232 1.8 25 14 3 15 88% 406 3728 720 53%
c -  1.24  6 18 0 17 21 1 45471 6094 1.8 24 14 4 15 88% 406 3728 720 53%
c -  1.31  6 18 0 18 25 1 49594 6809 1.7 24 14 4 15 88% 406 3728 720 53%
c -  1.40  6 18 0 19 28 1 53838 6455 1.7 24 14 3 14 88% 407 3728 720 53%
c u  1.42  6 18 0 19 28 1 54799 6985 1.7 24 14 3 14 88% 407 3728 720 53%
c v  1.43  7 18 0 19 28 1 54799 6644 1.7 24 14 3 14 88% 407 3728 720 53%
c w  1.45  8 18 0 19 28 1 54799 6562 1.7 24 14 3 14 88% 407 3728 720 53%
c I  1.55  7 18 0 19 29 1 57984 8756 1.7 24 14 3 14 88% 407 3728 720 53%
c -  1.56  7 18 0 20 29 1 58197 6155 1.7 24 14 3 14 88% 407 3728 720 53%
c -  1.64  7 17 0 21 29 1 62670 7157 1.7 23 14 3 14 88% 407 3728 720 53%
c -  1.72  7 17 0 22 30 1 67254 7750 1.7 23 14 3 14 88% 407 3728 720 53%
c e  1.77  7 17 0 22 30 1 69292 9376 1.7 23 14 3 14 88% 302 3951 658 48%
c s  1.77  7 17 0 22 30 1 69292 9376 1.7 23 14 3 14 88% 303 3938 658 48%
c e  1.77  7 17 0 22 30 1 69292 9376 1.7 23 14 3 14 88% 302 3939 657 48%
c ^  1.77  7 17 0 22 30 1 69292 9376 1.7 23 14 3 14 88% 302 3939 657 48%
c -  1.83  7 17 0 23 30 1 71945 5001 1.7 23 14 3 14 88% 302 3939 657 48%
c
c seconds  switched  rate        size/glue  tier1    binary      remaining
c        MB  reductions conflicts      size   tier2    irredundant
c         level  restarts   redundant     glue    trail      variables
c
c B  1.92  7 17 0 23 30 1 75786 7244 1.7 23 14 3 14 88% 302 3939 657 48%
c o  1.92  7 17 0 23 30 1 75786 7244 1.7 23 14 3 14 88% 302 3939 657 48%
c -  1.93  7 17 0 24 30 1 76740 6058 1.7 23 14 3 14 88% 302 3939 657 48%
c u  1.96  7 17 0 24 30 1 78488 7155 1.7 23 14 3 14 89% 302 3939 657 48%
c v  1.97  7 17 0 24 30 1 78488 6884 1.7 23 14 3 14 89% 302 3939 657 48%
c w  1.98  8 17 0 24 30 1 78488 6376 1.7 23 14 3 14 89% 302 3939 657 48%
c x  1.99  7 17 0 24 30 1 78488 6376 1.7 23 14 3 14 89% 304 3894 657 48%
c t  1.99  7 17 0 24 30 1 78488 6376 1.7 23 14 3 14 89% 302 3894 657 48%
c -  2.05  7 17 0 25 30 1 81638 6509 1.7 23 14 3 14 89% 302 3894 657 48%
c -  2.17  7 17 0 26 34 1 86638 6407 1.7 23 14 3 14 89% 302 3894 657 48%
c -  2.28  7 17 0 27 37 1 91738 6419 1.7 23 14 3 14 89% 302 3894 657 48%
c W  2.42  6 17 0 27 39 1 96698 8770 1.6 23 14 3 14 89% 302 3894 657 48%
c -  2.43  6 17 0 28 40 1 96934 6367 1.6 23 14 3 13 89% 302 3894 657 48%
c -  2.55  6 17 0 29 43 1 102225 6842 1.6 22 14 3 13 89% 302 3894 657 48%
c u  2.66  6 17 0 29 44 1 106715 9657 1.6 22 14 3 13 89% 302 3894 657 48%
c v  2.67  7 17 0 29 44 1 106715 9227 1.6 22 14 3 13 89% 302 3894 657 48%
c w  2.68  8 17 0 29 44 1 106715 8345 1.6 22 14 3 13 89% 302 3894 657 48%
c x  2.69  7 17 0 29 44 1 106715 8345 1.6 22 14 3 13 89% 303 3891 657 48%
c -  2.71  7 17 0 30 45 1 107610 6343 1.6 22 14 3 13 89% 303 3891 657 48%
c -  2.83  7 17 0 31 45 1 113088 6841 1.6 22 14 3 13 89% 303 3891 657 48%
c
c seconds  switched  rate         size/glue  tier1    binary      remaining
c        MB  reductions conflicts       size   tier2    irredundant
c         level  restarts    redundant     glue    trail      variables
c
c -  2.95  7 17 0 32 48 1 118656 7679 1.6 22 14 3 13 90% 303 3891 657 48%
c O  3.00  7 17 0 32 50 1 120923 9003 1.6 22 14 3 13 90% 303 3891 657 48%
c o  3.01  7 17 0 32 50 1 120923 9003 1.6 22 14 3 13 90% 303 3891 657 48%
c -  3.12  7 17 0 33 52 1 124312 7370 1.6 22 14 3 13 90% 303 3891 657 48%
c s  3.23  7 17 0 33 53 1 127722 9323 1.6 22 14 3 13 90% 303 3890 657 48%
c e  3.23  7 17 0 33 53 1 127722 9323 1.6 22 14 3 13 90% 187 4271 581 43%
c s  3.23  7 17 0 33 53 1 127722 9323 1.6 22 14 3 13 90% 188 4187 581 43%
c e  3.23  7 17 0 33 53 1 127722 9323 1.6 22 14 3 13 90% 178 4198 575 42%
c ^  3.23  7 17 0 33 53 1 127722 9323 1.6 22 14 3 13 90% 178 4198 575 42%
c -  3.29  6 17 0 34 55 1 130057 4140 1.6 22 14 3 13 90% 178 4198 575 42%
c -  3.44  7 17 0 35 59 1 135888 4802 1.7 23 14 3 13 90% 178 4198 575 42%
c u  3.52  7 17 0 35 59 1 139703 7457 1.7 23 14 3 13 89% 178 4198 575 42%
c v  3.53  7 17 0 35 59 1 139703 7041 1.7 23 14 3 13 89% 178 4198 575 42%
c w  3.57  8 17 0 35 59 1 139703 5508 1.7 23 14 3 13 89% 178 4198 575 42%
c f  3.57  6 17 0 35 59 1 139703 5508 1.7 23 14 3 13 89% 179 4188 576 42%
c u  3.57  7 17 0 35 59 1 139703 5489 1.7 23 14 3 13 89% 179 4188 576 42%
c v  3.58  7 17 0 35 59 1 139703 5291 1.7 23 14 3 13 89% 179 4188 576 42%
c w  3.61  7 17 0 35 59 1 139703 4909 1.7 23 14 3 13 89% 179 4188 576 42%
c x  3.62  6 17 0 35 59 1 139703 4907 1.7 23 14 3 13 89% 180 4077 576 42%
c =  3.71  6 17 0 35 59 1 139703 4907 1.7 23 14 3 13 89% 182 4075 575 42%
c
c seconds  switched  rate         size/glue  tier1    binary      remaining
c        MB  reductions conflicts       size   tier2    irredundant
c         level  restarts    redundant     glue    trail      variables
c
c d  3.71  6 17 0 35 59 1 139703 4907 1.7 23 14 3 13 89% 180 4075 575 42%
c -  3.75  7 17 0 36 60 1 141804 4425 1.7 23 14 3 13 89% 180 4075 575 42%
c -  3.87  7 17 0 37 60 1 147805 6362 1.7 23 14 3 13 89% 180 4075 575 42%
c B  3.89  7 17 0 37 61 1 148665 6943 1.7 23 14 3 13 89% 180 4075 575 42%
c -  4.01  7 17 0 38 61 1 153888 7231 1.7 23 14 3 13 89% 180 4075 575 42%
c -  4.13  7 17 0 39 61 1 160052 7752 1.7 23 14 3 13 89% 180 4075 575 42%
c -  4.29  7 17 0 40 62 1 166297 8282 1.7 23 14 3 13 89% 180 4075 575 42%
c -  4.47  7 17 0 41 62 1 172621 7984 1.7 23 14 3 12 88% 180 4075 575 42%
c u  4.61  8 17 0 41 62 1 177465 10259 1.7 23 14 3 12 88% 180 4075 575 42%
c v  4.64  8 17 0 41 62 1 177465 9703 1.7 23 14 3 12 88% 180 4075 575 42%
c w  4.64  8 17 0 41 62 1 177465 9675 1.7 23 14 3 12 88% 180 4075 575 42%
c x  4.65  8 17 0 41 62 1 177465 9673 1.7 23 14 3 12 88% 180 4065 575 42%
c o  4.65  8 17 0 41 62 1 177465 9673 1.7 23 14 3 12 88% 180 4065 575 42%
c -  4.68  7 17 0 42 62 1 179025 7487 1.7 23 14 3 12 88% 180 4065 575 42%
c W  4.70  6 17 0 42 62 1 180115 8221 1.7 23 14 3 12 88% 180 4065 575 42%
c -  4.82  6 17 0 43 62 1 185505 7099 1.7 22 14 3 12 89% 180 4065 575 42%
c -  4.97  6 17 0 44 62 1 192062 6684 1.6 22 14 3 12 89% 180 4065 575 42%
c -  5.15  7 16 0 45 63 1 198696 6711 1.6 22 14 3 12 89% 180 4065 575 42%
c -  5.33  7 16 0 46 68 1 205404 6701 1.6 22 14 3 12 89% 180 4065 575 42%
c e  5.45  7 16 0 46 70 1 210334 9073 1.6 22 14 3 12 89% 127 4601 499 37%
c
c seconds  switched  rate         size/glue  tier1    binary      remaining
c        MB  reductions conflicts       size   tier2    irredundant
c         level  restarts    redundant     glue    trail      variables
c
c s  5.45  7 16 0 46 70 1 210334 9073 1.6 22 14 3 12 89% 127 4452 499 37%
c e  5.45  7 16 0 46 70 1 210334 9073 1.6 22 14 3 12 89% 120 4518 491 36%
c ^  5.45  7 16 0 46 70 1 210334 9073 1.6 22 14 3 12 89% 120 4518 491 36%
c -  5.49  7 16 0 47 72 1 212186 4130 1.6 22 14 3 12 89% 120 4518 491 36%
c I  5.55  6 16 0 47 74 1 215466 6282 1.6 22 14 3 12 89% 120 4518 491 36%
c -  5.60  7 16 0 48 76 1 219042 5906 1.6 22 14 3 12 89% 120 4518 491 36%
c u  5.63  7 16 0 48 76 1 220229 6517 1.6 22 14 3 12 89% 120 4518 491 36%
c v  5.64  7 16 0 48 76 1 220229 6055 1.6 22 14 3 12 89% 120 4518 491 36%
c w  5.68  8 16 0 48 76 1 220229 4317 1.6 22 14 3 12 89% 120 4518 491 36%
c -  5.89  7 16 0 49 77 1 225970 5275 1.6 22 14 3 12 90% 120 4518 491 36%
c -  6.03  7 16 0 50 80 1 232971 6409 1.6 22 14 3 12 90% 120 4518 491 36%
c -  6.17  7 16 0 51 84 1 240042 7371 1.6 22 14 3 12 89% 120 4518 491 36%
c -  6.32  7 16 0 52 88 1 247183 7767 1.6 22 14 3 12 89% 120 4518 491 36%
c -  6.50  7 16 0 53 91 1 254394 8271 1.6 21 14 3 12 90% 120 4518 491 36%
c B  6.51  7 16 0 53 91 1 254907 8612 1.6 21 14 3 12 90% 120 4518 491 36%
c o  6.51  7 16 0 53 91 1 254907 8612 1.6 21 14 3 12 90% 120 4518 491 36%
c -  6.67  8 16 0 54 92 1 261675 8177 1.6 21 14 3 12 90% 120 4518 491 36%
c u  6.79  7 16 0 54 93 1 267443 11774 1.6 21 14 3 12 90% 120 4518 491 36%
c v  6.81  8 16 0 54 93 1 267443 11141 1.6 21 14 3 12 90% 120 4518 491 36%
c w  6.82  9 16 0 54 93 1 267443 10049 1.6 21 14 3 12 90% 120 4518 491 36%
c
c seconds  switched  rate          size/glue  tier1    binary      remaining
c        MB  reductions conflicts        size   tier2    irredundant
c         level  restarts     redundant     glue    trail      variables
c
c x  6.83  7 16 0 54 93 1 267443 10045 1.6 21 14 3 12 90% 121 4376 491 36%
c -  6.87  8 16 0 55 93 1 269024 6781 1.6 21 14 3 12 90% 121 4376 491 36%
c -  7.05  7 16 0 56 93 1 276441 6938 1.6 21 14 3 12 90% 121 4376 491 36%
c -  7.24  8 16 0 57 96 1 283924 6932 1.5 21 14 3 12 90% 121 4376 491 36%
c -  7.43  7 16 0 58 100 1 291475 7428 1.5 21 14 3 12 90% 121 4376 491 36%
c W  7.64  7 16 0 58 106 1 298618 11176 1.5 21 14 3 12 90% 121 4376 491 36%
c -  7.65  7 16 0 59 106 1 299091 7738 1.5 21 14 3 12 90% 121 4376 491 36%
c -  7.84  7 16 0 60 108 1 306773 7423 1.5 21 14 3 11 90% 121 4376 491 36%
c -  8.04  8 16 0 61 110 1 314519 7065 1.5 21 14 3 11 90% 121 4376 491 36%
c s  8.14  7 16 0 61 113 1 318684 9524 1.5 21 14 3 11 90% 121 4370 491 36%
c e  8.14  7 16 0 61 113 1 318684 9524 1.5 21 14 3 11 90%  74 5228 424 31%
c s  8.14  7 16 0 61 113 1 318684 9524 1.5 21 14 3 11 90%  75 5020 424 31%
c e  8.15  7 16 0 61 113 1 318684 9524 1.5 21 14 3 11 90%  67 5146 415 30%
c !  8.15  7 16 0 61 113 1 318684 9524 1.5 21 14 3 11 90%  67 5146 415 30%
c u  8.18  7 16 0 61 114 1 320026 4343 1.5 21 14 3 11 90%  67 5146 415 30%
c v  8.19  8 16 0 61 114 1 320026 4087 1.5 21 14 3 11 90%  67 5146 415 30%
c w  8.21  8 16 0 61 114 1 320026 2816 1.5 21 14 3 11 90%  67 5146 415 30%
c x  8.22  8 16 0 61 114 1 320026 2812 1.5 21 14 3 11 90%  67 4940 415 30%
c f  8.22  7 16 0 61 114 1 320026 2812 1.5 21 14 3 11 90%  67 4919 416 30%
c u  8.22  7 16 0 61 114 1 320026 2791 1.5 21 14 3 11 90%  67 4919 416 30%
c
c seconds  switched   rate         size/glue  tier1    binary      remaining
c        MB  reductions conflicts        size   tier2    irredundant
c         level  restarts     redundant     glue    trail      variables
c
c v  8.23  7 16 0 61 114 1 320026 2690 1.5 21 14 3 11 90%  67 4919 416 30%
c w  8.25  7 16 0 61 114 1 320026 2448 1.5 21 14 3 11 90%  67 4919 416 30%
c x  8.25  7 16 0 61 114 1 320026 2447 1.5 21 14 3 11 90%  67 4901 416 30%
c -  8.44  6 16 0 62 115 1 322330 2454 1.5 21 14 3 11 90%  67 4901 416 30%
c -  8.61  6 16 0 63 120 1 330204 3846 1.5 21 14 3 11 90%  67 4901 416 30%
c -  8.76  7 16 0 64 123 1 338143 4948 1.5 21 14 3 11 90%  67 4901 416 30%
c -  8.95  7 16 0 65 124 1 346144 5708 1.5 21 14 3 11 90%  67 4901 416 30%
c O  8.96  7 16 0 65 124 1 346781 6058 1.5 21 14 3 11 90%  67 4901 416 30%
c o  8.96  7 16 0 65 124 1 346781 6058 1.5 21 14 3 11 90%  67 4901 416 30%
c -  9.16  7 16 0 66 124 1 354206 5546 1.5 21 14 3 11 91%  67 4901 416 30%
c -  9.37  7 16 0 67 125 1 362330 5299 1.5 21 14 3 11 90%  67 4901 416 30%
c -  9.60  7 16 0 68 125 1 370515 5793 1.5 21 14 3 11 90%  67 4901 416 30%
c u  9.77  7 16 0 68 125 1 376983 7826 1.5 21 14 3 11 90%  67 4901 416 30%
c v  9.79  8 16 0 68 125 1 376983 7214 1.5 21 14 3 11 90%  67 4901 416 30%
c w  9.84  8 16 0 68 125 1 376983 5031 1.5 21 14 3 11 90%  67 4901 416 30%
c -  9.89  6 16 0 69 125 1 378762 4379 1.5 21 14 3 11 90%  67 4901 416 30%
c - 10.09  7 16 0 70 125 1 387069 5590 1.5 20 13 3 11 90%  67 4901 416 30%
c - 10.29  7 16 0 71 126 1 395435 7139 1.5 20 13 3 11 90%  67 4901 416 30%
c B 10.39  7 16 0 71 126 1 399569 8841 1.5 20 13 3 11 90%  67 4901 416 30%
c - 10.52  7 16 0 72 126 1 403861 7357 1.5 20 14 3 11 90%  67 4901 416 30%
c
c seconds  switched   rate         size/glue  tier1    binary      remaining
c        MB  reductions conflicts        size   tier2    irredundant
c         level  restarts     redundant     glue    trail      variables
c
c - 10.72  7 16 0 73 126 1 412346 6833 1.5 21 14 3 11 90%  67 4901 416 30%
c - 10.93  8 16 0 74 126 1 420890 6768 1.5 21 14 3 11 90%  67 4901 416 30%
c - 11.11  7 16 0 75 126 1 429493 7549 1.5 21 14 3 11 91%  67 4901 416 30%
c - 11.33  7 16 0 76 126 1 438153 7676 1.5 21 14 3 11 91%  67 4901 416 30%
c u 11.36  8 16 0 76 126 1 439196 7755 1.5 21 14 3 11 91%  67 4901 416 30%
c v 11.39  8 16 0 76 126 1 439196 6870 1.5 21 14 3 11 91%  67 4901 416 30%
c w 11.42  8 16 0 76 126 1 439196 6232 1.5 21 14 3 11 91%  67 4901 416 30%
c x 11.43  8 16 0 76 126 1 439196 6229 1.5 21 14 3 11 91%  67 4891 416 30%
c o 11.43  8 16 0 76 126 1 439196 6229 1.5 21 14 3 11 91%  67 4891 416 30%
c - 11.65  7 16 0 77 126 1 446871 6083 1.5 21 14 3 11 90%  67 4891 416 30%
c s 11.79  8 16 0 77 126 1 453098 9779 1.6 21 14 3 11 90%  67 4890 416 30%
c e 11.79  8 16 0 77 126 1 453098 9779 1.6 21 14 3 11 90%  66 4916 412 30%
c s 11.79  8 16 0 77 126 1 453098 9779 1.6 21 14 3 11 90%  66 4904 412 30%
c - 11.84  8 16 0 78 126 1 455645 6750 1.6 21 14 3 11 90%  66 4904 412 30%
c W 11.87  7 16 0 78 126 1 457153 7863 1.6 21 14 3 11 90%  66 4904 412 30%
c - 12.08  7 16 0 79 129 1 464477 7624 1.6 21 14 3 11 90%  66 4904 412 30%
c - 12.34  8 16 0 80 134 1 473365 7276 1.6 21 14 3 10 90%  66 4904 412 30%
c - 12.58  7 16 0 81 140 1 482310 7411 1.6 21 14 3 10 90%  66 4904 412 30%
c - 12.81  8 16 0 82 141 1 491310 6874 1.6 21 13 3 10 90%  66 4904 412 30%
c - 13.05  8 16 0 83 147 1 500365 7289 1.6 21 13 3 10 90%  66 4904 412 30%
c
c seconds  switched   rate         size/glue  tier1    binary      remaining
c        MB  reductions conflicts        size   tier2    irredundant
c         level  restarts     redundant     glue    trail      variables
c
c u 13.24  8 16 0 83 149 1 506782 9422 1.6 21 13 3 10 90%  66 4904 412 30%
c v 13.28  8 16 0 83 149 1 506782 8492 1.6 21 13 3 10 90%  66 4904 412 30%
c w 13.35  9 16 0 83 149 1 506782 6181 1.6 21 13 3 10 90%  66 4904 412 30%
c - 13.41  6 16 0 84 151 1 509476 5128 1.6 21 13 3 10 90%  66 4904 412 30%
c - 13.61  7 16 0 85 156 1 518642 6474 1.6 21 13 3 10 90%  66 4904 412 30%
c I 13.63  7 16 0 85 156 1 519704 7065 1.6 21 13 3 10 89%  66 4904 412 30%
c - 13.78  8 16 0 86 157 1 527862 7467 1.6 21 13 3 10 89%  66 4904 412 30%
c - 13.95  8 16 0 87 157 1 537136 7030 1.6 21 13 3 10 90%  66 4904 412 30%
c - 14.14  8 16 0 88 160 1 546463 6577 1.6 21 14 3 10 90%  66 4904 412 30%
c - 14.35  7 16 0 89 165 1 555843 6872 1.5 21 14 3 10 90%  66 4904 412 30%
c - 14.55  8 16 0 90 171 1 565278 7671 1.5 21 14 3 10 90%  66 4904 412 30%
c - 14.75  8 16 0 91 172 1 574765 8158 1.5 21 14 3 10 90%  66 4904 412 30%
c u 14.87  7 16 0 91 175 1 579761 10694 1.5 21 14 3 10 90%  66 4904 412 30%
c v 14.90  8 16 0 91 175 1 579761 9563 1.5 21 14 3 10 90%  66 4904 412 30%
c w 14.95  8 16 0 91 175 1 579761 8394 1.5 21 14 3 10 90%  66 4904 412 30%
c o 14.96  8 16 0 91 175 1 579761 8394 1.5 21 14 3 10 90%  66 4904 412 30%
c - 15.10  8 16 0 92 179 1 584304 6681 1.5 21 14 3 10 90%  66 4904 412 30%
c B 15.17  8 16 0 92 179 1 587386 8631 1.5 21 14 3 10 90%  66 4904 412 30%
c - 15.36  7 16 0 93 184 1 593896 7439 1.5 21 14 3 10 90%  66 4904 412 30%
c - 15.57  8 16 0 94 187 1 603539 7418 1.5 21 14 3 10 90%  66 4904 412 30%
c
c seconds  switched   rate         size/glue  tier1    binary      remaining
c        MB  reductions conflicts        size   tier2    irredundant
c         level  restarts     redundant     glue    trail      variables
c
c - 15.78  8 16 0 95 188 1 613235 8098 1.5 21 14 3 10 90%  66 4904 412 30%
c - 16.00  8 16 0 96 188 1 622982 8612 1.5 21 13 3 10 90%  66 4904 412 30%
c - 16.22  8 16 0 97 189 1 632780 9033 1.5 20 13 3 10 90%  66 4904 412 30%
c - 16.47  8 15 0 98 189 1 642629 9430 1.5 20 13 3 10 90%  66 4904 412 30%
c - 16.76  8 15 0 99 189 1 652530 9302 1.5 20 13 3 10 91%  66 4904 412 30%
c u 16.91  8 15 0 99 190 1 658255 11738 1.5 20 13 3 10 90%  66 4904 412 30%
c v 16.96  8 15 0 99 190 1 658255 10606 1.5 20 13 3 10 90%  66 4904 412 30%
c w 16.98  9 15 0 99 190 1 658255 9022 1.5 20 13 3 10 90%  66 4904 412 30%
c x 16.99  9 15 0 99 190 1 658255 9021 1.5 20 13 3 10 90%  66 4879 412 30%
c s 16.99  9 15 0 99 190 1 658255 9021 1.5 20 13 3 10 90%  66 4877 412 30%
c e 16.99  7 15 0 99 190 1 658255 9021 1.5 20 13 3 10 90%  65 4894 411 30%
c W 17.05  7 15 0 99 192 1 660361 10183 1.5 20 13 3 10 90%  65 4894 411 30%
c - 17.10  7 15 0 100 193 1 662480 7107 1.5 20 13 3 10 90%  65 4894 411 30%
c - 17.31  8 15 0 101 199 1 672481 8789 1.5 20 13 3 10 90%  65 4894 411 30%
c - 17.50  8 15 0 102 203 1 682530 9219 1.5 20 13 3 10 90%  65 4894 411 30%
c - 17.69  8 15 0 103 206 1 692629 9060 1.5 20 13 3 10 90%  65 4894 411 30%
c - 17.92  8 15 0 104 211 1 702777 8840 1.5 20 13 3 10 90%  65 4894 411 30%
c - 18.11  8 15 0 105 218 1 712977 10312 1.5 20 13 3 10 90%  65 4894 411 30%
c - 18.43  8 15 0 106 219 1 723223 10252 1.5 20 13 3 10 90%  65 4894 411 30%
c - 18.68  8 15 0 107 220 1 733518 9648 1.5 20 13 3 10 90%  65 4894 411 30%
c
c seconds  switched    rate          size/glue  tier1    binary      remaining
c        MB  reductions  conflicts         size   tier2    irredundant
c         level   restarts      redundant     glue    trail      variables
c
c O 18.82  8 15 0 107 220 1 738789 12439 1.5 20 13 3 10 90%  65 4894 411 30%
c o 18.82  8 15 0 107 220 1 738789 12439 1.5 20 13 3 10 90%  65 4894 411 30%
c u 18.96  8 15 0 107 223 1 742396 13571 1.5 20 13 3 10 90%  65 4894 411 30%
c v 19.01  9 15 0 107 223 1 742396 12519 1.5 20 13 3 10 90%  65 4894 411 30%
c w 19.07  9 15 0 107 223 1 742396 10291 1.5 20 13 3 10 90%  65 4894 411 30%
c - 19.11  8 15 0 108 223 1 743862 7671 1.5 20 13 3 10 90%  65 4894 411 30%
c - 19.41  8 15 0 109 229 1 754254 7737 1.5 20 13 3 10 90%  65 4894 411 30%
c - 19.70  8 15 0 110 234 1 764694 6956 1.5 20 13 3 9 90%  65 4894 411 30%
c - 20.03  8 15 0 111 238 1 775183 7254 1.5 19 13 3 9 90%  65 4894 411 30%
c - 20.35  8 15 0 112 243 1 785720 7401 1.5 19 13 3 9 89%  65 4894 411 30%
c - 20.70  8 15 0 113 249 1 796304 7877 1.5 19 13 2 9 89%  65 4894 411 30%
c - 21.02  8 15 0 114 251 1 806934 8145 1.5 20 13 2 9 89%  65 4894 411 30%
c - 21.30  8 15 0 115 251 1 817612 8971 1.5 20 13 2 9 89%  65 4894 411 30%
c B 21.45  8 15 0 115 252 1 822827 12364 1.6 20 13 2 9 89%  65 4894 411 30%
c - 21.60  8 15 0 116 252 1 828336 10080 1.6 20 13 2 9 90%  65 4894 411 30%
c u 21.72  8 15 0 116 252 1 832148 11065 1.6 20 13 2 9 90%  65 4894 411 30%
c v 21.77  9 15 0 116 252 1 832148 9980 1.6 20 13 2 9 90%  65 4894 411 30%
c w 21.88  9 15 0 116 252 1 832148 8673 1.6 20 13 2 9 90%  65 4894 411 30%
c - 22.05  7 15 0 117 252 1 839106 7899 1.6 21 13 2 9 90%  65 4894 411 30%
c - 22.31  8 15 0 118 252 1 849922 7573 1.6 21 13 2 9 90%  65 4894 411 30%
c
c seconds  switched    rate         size/glue  tier1   binary      remaining
c        MB  reductions  conflicts        size   tier2   irredundant
c         level   restarts     redundant     glue   trail      variables
c
c - 22.58  8 15 0 119 253 1 860784 7962 1.6 21 13 2 9 90%  65 4894 411 30%
c - 22.92  8 15 0 120 253 1 871693 7898 1.6 21 13 2 9 90%  65 4894 411 30%
c - 23.23  8 15 0 121 253 1 882649 8473 1.6 20 13 2 9 90%  65 4894 411 30%
c - 23.56  8 15 0 122 253 1 893649 9003 1.6 21 13 2 9 90%  65 4894 411 30%
c - 23.89  8 15 0 123 253 1 904695 8716 1.6 21 13 2 9 90%  65 4894 411 30%
c W 24.13  7 15 0 123 253 1 912627 12799 1.6 21 13 2 9 90%  65 4894 411 30%
c o 24.13  7 15 0 123 253 1 912627 12799 1.6 21 13 2 9 90%  65 4894 411 30%
c - 24.25  8 15 0 124 253 1 915786 9016 1.6 21 13 2 9 90%  65 4894 411 30%
c - 24.60  8 15 0 125 254 1 926921 8886 1.6 20 13 2 9 90%  65 4894 411 30%
c u 24.64  8 15 0 125 254 1 927614 8597 1.6 20 13 2 9 90%  66 4894 411 30%
c v 24.68  8 15 0 125 254 1 927614 7550 1.6 20 13 2 9 90%  66 4894 411 30%
c w 24.71  8 15 0 125 254 1 927614 7138 1.6 20 13 2 9 90%  66 4894 411 30%
c s 24.71  8 15 0 125 254 1 927614 7138 1.6 20 13 2 9 90%  66 4893 411 30%
c - 25.01  8 15 0 126 254 1 938101 8000 1.6 20 13 2 9 90%  66 4893 411 30%
c - 25.31  8 15 0 127 254 1 949325 8386 1.6 20 13 2 9 90%  66 4893 411 30%
c - 25.64  8 15 0 128 254 1 960595 8827 1.6 20 13 2 9 90%  66 4893 411 30%
c - 25.94  8 15 0 129 254 1 971908 9027 1.6 21 13 2 9 91%  66 4893 411 30%
c - 26.25  8 15 0 130 254 1 983266 8989 1.6 21 13 2 9 91%  66 4893 411 30%
c - 26.53  8 15 0 131 254 1 994669 9471 1.6 21 13 2 9 91%  66 4893 411 30%
c - 26.81  8 15 0 132 254 1 1006115 10147 1.6 21 13 2 9 91%  66 4893 411 30%
c
c seconds  switched    rate           size/glue  tier1   binary      remaining
c        MB  reductions   conflicts         size   tier2   irredundant
c         level   restarts       redundant     glue   trail      variables
c
c I 26.88  8 15 0 132 254 1 1008342 11021 1.6 21 13 2 9 91%  66 4893 411 30%
c - 27.03  8 15 0 133 254 1 1017604 11205 1.6 21 13 2 9 91%  66 4893 411 30%
c u 27.25  9 15 0 133 254 1 1028855 19018 1.6 21 13 2 9 91%  66 4893 411 30%
c v 27.31 10 15 0 133 254 1 1028855 18127 1.6 21 13 2 9 91%  66 4893 411 30%
c w 27.34 11 15 0 133 254 1 1028855 16466 1.6 21 13 2 9 91%  66 4893 411 30%
c x 27.35 11 15 0 133 254 1 1028855 16465 1.6 21 13 2 9 91%  66 4884 411 30%
c = 27.63 12 15 0 133 254 1 1028855 16465 1.6 21 13 2 9 91%  66 4880 410 30%
c u 27.65 12 15 0 133 254 1 1028855 16254 1.6 21 13 2 9 91%  66 4880 410 30%
c v 27.71 12 15 0 133 254 1 1028855 15489 1.6 21 13 2 9 91%  66 4880 410 30%
c w 27.80 12 15 0 133 254 1 1028855 14179 1.6 21 13 2 9 91%  66 4880 410 30%
c - 27.81  8 15 0 134 254 1 1029136 8233 1.6 21 13 2 9 91%  66 4880 410 30%
c - 28.00  9 15 0 135 254 1 1040712 8966 1.6 21 13 2 9 91%  66 4880 410 30%
c - 28.23  9 15 0 136 255 1 1052330 8339 1.6 21 13 2 9 91%  66 4880 410 30%
c - 28.48  9 15 0 137 261 1 1063992 8548 1.6 21 13 2 9 91%  66 4880 410 30%
c - 28.75  9 15 0 138 268 1 1075698 9074 1.6 21 13 2 9 91%  66 4880 410 30%
c - 29.01  9 15 0 139 272 1 1087446 9190 1.6 21 13 2 9 91%  66 4880 410 30%
c - 29.26  9 15 0 140 278 1 1099237 9593 1.5 20 13 2 9 91%  66 4880 410 30%
c B 29.52  9 15 0 140 284 1 1110119 15288 1.5 20 13 2 9 91%  66 4880 410 30%
c o 29.52  9 15 0 140 284 1 1110119 15288 1.5 20 13 2 9 91%  66 4880 410 30%
c - 29.55  9 15 0 141 284 1 1111069 10125 1.5 20 13 2 9 91%  66 4880 410 30%
c
c seconds  switched    rate           size/glue  tier1   binary      remaining
c        MB  reductions   conflicts         size   tier2   irredundant
c         level   restarts       redundant     glue   trail      variables
c
c - 29.86  9 15 0 142 285 1 1122945 10650 1.5 20 13 2 9 91%  66 4880 410 30%
c - 30.15  9 15 0 143 286 1 1134862 10389 1.5 20 13 2 9 91%  66 4880 410 30%
c u 30.20  8 15 0 143 287 1 1135988 10509 1.5 20 13 2 9 91%  66 4880 410 30%
c v 30.26  8 15 0 143 287 1 1135988 9319 1.5 20 13 2 9 91%  66 4880 410 30%
c w 30.31  8 15 0 143 287 1 1135988 8573 1.5 20 13 2 9 91%  66 4880 410 30%
c - 30.55  7 15 0 144 292 1 1146824 8453 1.5 20 13 2 9 91%  66 4880 410 30%
c - 30.81  8 15 0 145 299 1 1158824 8867 1.5 20 13 2 9 91%  66 4880 410 30%
c e 30.82  8 15 0 145 299 1 1159093 9033 1.5 20 13 2 9 91%  66 4892 409 30%
c s 30.82  8 15 0 145 299 1 1159093 9033 1.5 20 13 2 9 91%  66 4880 409 30%
c - 31.08  8 15 0 146 303 1 1170865 9000 1.5 20 13 2 9 91%  66 4880 409 30%
c - 31.34  8 15 0 147 310 1 1182948 9695 1.5 20 13 2 9 91%  66 4880 409 30%
c - 31.60  8 15 0 148 315 1 1195072 10021 1.5 20 13 2 9 91%  66 4880 409 30%
c - 31.85  8 15 0 149 316 1 1207237 10593 1.6 20 13 2 9 91%  66 4880 409 30%
c W 32.12  8 15 0 149 317 1 1218105 16233 1.6 20 13 2 9 91%  66 4880 409 30%
c - 32.15  7 15 0 150 317 1 1219443 10490 1.6 20 13 2 9 91%  66 4880 409 30%
c - 32.40  8 15 0 151 317 1 1231691 10302 1.6 20 13 2 9 91%  66 4880 409 30%
c - 32.65  8 15 0 152 317 1 1243980 10680 1.5 20 13 2 9 91%  66 4880 409 30%
c u 32.78  8 15 0 152 317 1 1249032 13110 1.5 20 13 2 9 90%  66 4880 409 30%
c v 32.83  8 15 0 152 317 1 1249032 12007 1.5 20 13 2 9 90%  66 4880 409 30%
c w 32.91  8 15 0 152 317 1 1249032 9876 1.5 20 13 2 9 90%  66 4880 409 30%
c
c seconds  switched    rate          size/glue  tier1   binary      remaining
c        MB  reductions   conflicts        size   tier2   irredundant
c         level   restarts      redundant     glue   trail      variables
c
c o 33.18  9 15 0 152 317 1 1249032 9876 1.5 20 13 2 9 90%  66 4880 409 30%
c - 33.32  9 15 0 153 323 1 1256309 8807 1.5 20 13 2 9 90%  66 4880 409 30%
c - 33.60  9 15 0 154 330 1 1268679 9576 1.5 20 13 2 9 90%  66 4880 409 30%
c - 33.90  9 15 0 155 332 1 1281088 9998 1.5 20 13 2 9 90%  66 4880 409 30%
c - 34.18  9 15 0 156 339 1 1293538 10185 1.5 20 13 2 9 90%  66 4880 409 30%
c - 34.47  8 15 0 157 346 1 1306027 10621 1.6 20 13 2 9 90%  66 4880 409 30%
c - 34.75  8 15 0 158 348 1 1318556 11549 1.6 20 13 2 9 90%  66 4880 409 30%
c - 35.11  8 15 0 159 348 1 1331126 11752 1.6 20 13 2 9 90%  66 4880 409 30%
c O 35.15  8 15 0 159 349 1 1332444 12363 1.6 20 13 2 9 90%  66 4880 409 30%
c - 35.52  8 15 0 160 355 1 1343735 10733 1.6 20 13 2 9 90%  66 4880 409 30%
c - 35.94  9 15 0 161 362 1 1356386 10145 1.6 20 13 2 9 90%  66 4880 409 30%
c u 36.37  9 15 0 161 366 1 1368053 13215 1.6 20 13 2 9 90%  66 4880 409 30%
c v 36.44  9 15 0 161 366 1 1368053 12204 1.6 20 13 2 9 90%  66 4880 409 30%
c w 36.54 11 15 0 161 366 1 1368053 9215 1.6 20 13 2 9 90%  66 4880 409 30%
c - 36.58 10 15 0 162 367 1 1369075 6628 1.6 20 13 2 8 90%  66 4880 409 30%
c - 36.95 10 15 0 163 374 1 1381803 7375 1.6 20 13 2 8 90%  66 4880 409 30%
c - 37.33 10 15 0 164 378 1 1394571 7856 1.6 20 13 2 8 90%  66 4880 409 30%
c - 37.73  9 15 0 165 379 1 1407377 8861 1.6 20 13 2 8 91%  66 4880 409 30%
c - 38.18  9 15 0 166 380 1 1420222 9119 1.6 21 13 2 8 91%  66 4880 409 30%
c - 38.54  9 15 0 167 380 1 1433108 9959 1.6 21 13 2 8 90%  66 4880 409 30%
c
c seconds  switched    rate           size/glue  tier1   binary      remaining
c        MB  reductions   conflicts         size   tier2   irredundant
c         level   restarts       redundant     glue   trail      variables
c
c - 38.90  9 15 0 168 380 1 1446030 10327 1.7 21 13 2 8 90%  66 4880 409 30%
c B 39.09  9 15 0 168 381 1 1453278 14121 1.7 21 13 2 8 90%  66 4880 409 30%
c o 39.09  9 15 0 168 381 1 1453278 14121 1.7 21 13 2 8 90%  66 4880 409 30%
c - 39.28  9 15 0 169 381 1 1458991 11234 1.7 21 13 2 8 90%  66 4880 409 30%
c - 39.69  9 15 0 170 381 1 1471991 10955 1.6 21 13 2 8 90%  66 4880 409 30%
c - 40.09  9 15 0 171 381 1 1485029 9863 1.6 21 13 2 8 91%  66 4880 409 30%
c u 40.34 10 15 0 171 381 1 1493084 12555 1.6 20 12 2 8 91%  66 4880 409 30%
c v 40.41 10 15 0 171 381 1 1493084 11340 1.6 20 12 2 8 91%  66 4880 409 30%
c w 40.48 10 15 0 171 381 1 1493084 9335 1.6 20 12 2 8 91%  66 4880 409 30%
c x 40.49 10 15 0 171 381 1 1493084 9334 1.6 20 12 2 8 91%  66 4876 409 30%
c - 40.64  9 15 0 172 381 1 1498105 8030 1.6 20 12 2 8 91%  66 4876 409 30%
c - 41.00 10 15 0 173 381 1 1511220 9758 1.7 21 12 2 8 91%  66 4876 409 30%
c - 41.35  9 15 0 174 388 1 1524373 10289 1.7 21 12 2 8 91%  66 4876 409 30%
c - 41.71  9 15 0 175 396 1 1537563 11103 1.7 21 12 2 8 91%  66 4876 409 30%
c - 42.06  9 14 0 176 401 1 1550791 11037 1.7 21 12 2 8 91%  66 4876 409 30%
c - 42.40  9 14 0 177 409 1 1564058 11269 1.7 20 12 2 8 91%  66 4876 409 30%
c - 42.79 10 14 0 178 411 1 1577363 12034 1.7 20 12 2 8 91%  66 4876 409 30%
c W 42.90  9 14 0 178 412 1 1580747 13417 1.7 20 12 2 8 91%  66 4876 409 30%
c - 43.22  8 14 0 179 412 1 1590704 11383 1.7 20 12 2 8 91%  66 4876 409 30%
c - 43.53  9 14 0 180 419 1 1604083 12675 1.7 20 12 2 8 89%  66 4876 409 30%
c
c seconds  switched    rate           size/glue  tier1   binary      remaining
c        MB  reductions   conflicts         size   tier2   irredundant
c         level   restarts       redundant     glue   trail      variables
c
c - 43.91  8 14 0 181 426 1 1617499 12401 1.6 20 12 2 8 89%  66 4876 409 30%
c u 44.13  8 14 0 181 427 1 1624207 14829 1.6 20 12 2 8 89%  66 4876 409 30%
c v 44.21  8 14 0 181 427 1 1624207 13243 1.6 20 12 2 8 89%  66 4876 409 30%
c w 44.31 11 14 0 181 427 1 1624207 11286 1.6 20 12 2 8 89%  66 4876 409 30%
c o 44.32 11 14 0 181 427 1 1624207 11286 1.6 20 12 2 8 89%  66 4876 409 30%
c - 44.52  9 15 0 182 430 1 1630952 9684 1.6 20 12 2 8 90%  66 4876 409 30%
c - 44.90  9 14 0 183 438 1 1644443 10486 1.6 20 12 2 8 90%  66 4876 409 30%
c - 45.26  9 14 0 184 442 1 1657972 10759 1.7 20 12 2 8 90%  66 4876 409 30%
c - 45.58  9 14 0 185 443 1 1671536 11219 1.7 20 12 2 8 90%  66 4876 409 30%
c - 45.89  9 14 0 186 444 1 1685138 11357 1.7 20 12 2 8 90%  66 4876 409 30%
c - 46.34 11 14 0 187 444 1 1698776 12066 1.7 20 12 2 8 91%  66 4876 409 30%
c - 46.81  9 14 0 188 447 1 1712451 10737 1.6 20 12 2 8 90%  66 4876 409 30%
c I 46.91  9 14 0 188 449 1 1714986 11234 1.6 19 12 2 8 90%  66 4876 409 30%
c - 47.09  9 14 0 189 455 1 1726163 12062 1.6 20 12 2 8 90%  66 4876 409 30%
c - 47.40  9 15 0 190 459 1 1739912 11411 1.6 20 12 2 8 90%  66 4876 409 30%
c - 47.71  9 15 0 191 466 1 1753697 10532 1.6 20 12 2 8 91%  66 4876 409 30%
c u 47.93 10 15 0 191 472 1 1761471 13921 1.6 20 12 2 8 91%  66 4876 409 30%
c v 47.99 10 15 0 191 472 1 1761471 12766 1.6 20 12 2 8 91%  66 4876 409 30%
c w 48.07 11 15 0 191 472 1 1761471 10509 1.6 20 12 2 8 91%  66 4876 409 30%
c - 48.60  9 15 0 192 474 1 1767518 8927 1.6 20 12 2 8 91%  66 4876 409 30%
c
c seconds  switched    rate          size/glue  tier1   binary      remaining
c        MB  reductions   conflicts        size   tier2   irredundant
c         level   restarts      redundant     glue   trail      variables
c
c - 48.94 10 15 0 193 475 1 1781374 9545 1.6 20 13 2 8 91%  66 4876 409 30%
c - 49.30  9 15 0 194 478 1 1795267 9879 1.6 20 13 2 8 91%  66 4876 409 30%
c - 49.66  9 15 0 195 487 1 1809195 10375 1.6 20 13 2 8 91%  66 4876 409 30%
c - 50.07  9 15 0 196 490 1 1823160 11304 1.6 20 13 2 8 91%  66 4876 409 30%
c - 50.46  9 15 0 197 498 1 1837161 11871 1.6 20 13 2 8 91%  66 4876 409 30%
c - 50.83  9 15 0 198 505 1 1851196 11899 1.6 20 13 2 8 90%  66 4876 409 30%
c B 50.96  9 15 0 198 505 1 1856133 14742 1.6 20 13 2 8 90%  66 4876 409 30%
c o 50.96  9 15 0 198 505 1 1856133 14742 1.6 20 13 2 8 90%  66 4876 409 30%
c - 51.25  9 15 0 199 506 1 1865268 12007 1.6 20 13 2 8 90%  66 4876 409 30%
c - 51.68  9 15 0 200 507 1 1879375 11470 1.6 20 13 2 8 90%  66 4876 409 30%
c - 52.14  9 15 0 201 507 1 1893517 10882 1.6 20 13 2 8 90%  66 4876 409 30%
c u 52.55 10 15 0 201 507 1 1904877 15458 1.6 20 12 2 8 90%  66 4876 409 30%
c v 52.64 11 15 0 201 507 1 1904877 14209 1.6 20 12 2 8 90%  66 4876 409 30%
c w 52.78 11 15 0 201 507 1 1904877 11065 1.6 20 12 2 8 90%  66 4876 409 30%
c - 52.88  9 15 0 202 508 1 1907695 8844 1.6 20 12 2 8 90%  66 4876 409 30%
c - 53.31  9 14 0 203 508 1 1921907 9954 1.6 20 12 2 8 91%  66 4876 409 30%
c - 53.70  9 14 0 204 508 1 1936154 10178 1.6 20 12 2 8 91%  66 4876 409 30%
c - 54.22  9 14 0 205 508 1 1950436 10180 1.6 20 12 2 8 91%  66 4876 409 30%
c - 54.62  9 14 0 206 508 1 1964754 10330 1.6 20 12 2 8 90%  66 4876 409 30%
c - 54.99  9 14 0 207 509 1 1979106 10942 1.6 20 12 2 8 90%  66 4876 409 30%
c
c seconds  switched    rate           size/glue  tier1   binary      remaining
c        MB  reductions   conflicts         size   tier2   irredundant
c         level   restarts       redundant     glue   trail      variables
c
c - 55.37  9 14 0 208 509 1 1993493 10730 1.6 19 12 2 8 91%  66 4876 409 30%
c W 55.67  9 14 0 208 509 1 2004321 16413 1.6 19 12 2 8 90%  66 4876 409 30%
c - 55.77  8 14 0 209 509 1 2007915 10854 1.6 19 12 2 8 90%  66 4876 409 30%
c - 56.13  8 14 0 210 509 1 2022372 11959 1.6 19 12 2 8 90%  66 4876 409 30%
c - 56.54  8 14 0 211 509 1 2036864 11721 1.6 19 12 2 8 91%  66 4876 409 30%
c - 56.97  8 14 0 212 509 1 2051390 11163 1.6 19 12 2 8 91%  66 4876 409 30%
c u 57.07  8 14 0 212 509 1 2054522 12358 1.6 19 12 2 8 90%  66 4876 409 30%
c v 57.13  8 14 0 212 509 1 2054522 11055 1.6 19 12 2 8 90%  66 4876 409 30%
c w 57.20  8 14 0 212 509 1 2054522 10080 1.6 19 12 2 8 90%  66 4876 409 30%
c o 57.20  8 14 0 212 509 1 2054522 10080 1.6 19 12 2 8 90%  66 4876 409 30%
c - 57.49  8 14 0 213 509 1 2065951 10540 1.6 19 12 2 8 90%  66 4876 409 30%
c - 57.88  8 14 0 214 509 1 2080546 11313 1.6 19 12 2 8 89%  66 4876 409 30%
c - 58.26  8 14 0 215 509 1 2095175 10900 1.6 19 12 2 8 90%  66 4876 409 30%
c - 58.69  8 14 0 216 510 1 2109838 11241 1.6 20 12 2 8 90%  66 4876 409 30%
c - 59.09  8 14 0 217 510 1 2124534 11873 1.6 20 12 2 8 90%  66 4876 409 30%
c - 59.48  8 14 0 218 510 1 2139265 11798 1.6 20 12 2 8 90%  66 4876 409 30%
c - 59.84  8 14 0 219 510 1 2154029 11496 1.6 19 12 2 8 90%  66 4876 409 30%
c O 59.99  8 14 0 219 510 1 2159682 14702 1.6 19 12 2 8 90%  66 4876 409 30%
c - 60.22  9 15 0 220 510 1 2168828 13886 1.6 19 12 2 8 88%  66 4876 409 30%
c - 60.81  9 15 0 221 510 1 2183660 13779 1.6 20 12 2 8 88%  66 4876 409 30%
c
c seconds  switched    rate           size/glue  tier1   binary      remaining
c        MB  reductions   conflicts         size   tier2   irredundant
c         level   restarts       redundant     glue   trail      variables
c
c - 61.39  8 15 0 222 510 1 2198527 11809 1.6 19 12 2 7 89%  66 4876 409 30%
c u 61.83  9 15 0 222 510 1 2210438 15842 1.5 19 12 2 7 89%  66 4876 409 30%
c v 61.92  9 15 0 222 510 1 2210438 14344 1.5 19 12 2 7 89%  66 4876 409 30%
c w 62.04  9 15 0 222 510 1 2210438 11729 1.5 19 12 2 7 89%  66 4876 409 30%
c - 62.14  8 15 0 223 510 1 2213427 9173 1.5 19 12 2 7 89%  66 4876 409 30%
c - 62.62  8 15 0 224 510 1 2228360 10095 1.6 19 13 2 7 90%  66 4876 409 30%
c - 63.11  8 15 0 225 510 1 2243326 10291 1.6 20 13 2 7 90%  66 4876 409 30%
c - 63.57  8 14 0 226 510 1 2258328 9879 1.6 20 12 2 7 90%  66 4876 409 30%
c - 64.06  8 14 0 227 510 1 2273362 10226 1.6 19 12 2 7 90%  66 4876 409 30%
c - 64.55  8 14 0 228 510 1 2288429 10767 1.6 19 12 2 7 91%  66 4876 409 30%
c - 65.13  9 14 0 229 510 1 2303529 10383 1.5 19 12 2 7 91%  66 4876 409 30%
c - 65.64  9 14 0 230 510 1 2318661 10680 1.5 18 12 2 7 91%  66 4876 409 30%
c B 65.75  9 14 0 230 510 1 2322345 12172 1.5 18 12 2 7 91%  66 4876 409 30%
c o 65.75  9 14 0 230 510 1 2322345 12172 1.5 18 12 2 7 91%  66 4876 409 30%
c - 66.15  8 14 0 231 510 1 2333827 11625 1.5 18 12 2 7 91%  66 4876 409 30%
c - 66.58  8 14 0 232 510 1 2349025 12432 1.6 19 12 2 7 90%  66 4876 409 30%
c - 66.98  9 14 0 233 510 1 2364257 13518 1.6 19 12 2 7 89%  66 4876 409 30%
c u 67.22  9 14 0 233 516 1 2372659 18401 1.6 19 12 2 7 87%  66 4876 409 30%
c v 67.34  9 14 0 233 516 1 2372659 16748 1.6 19 12 2 7 87%  66 4876 409 30%
c w 67.39  9 14 0 233 516 1 2372659 16259 1.6 19 12 2 7 87%  66 4876 409 30%
c
c seconds  switched    rate           size/glue  tier1   binary      remaining
c        MB  reductions   conflicts         size   tier2   irredundant
c         level   restarts       redundant     glue   trail      variables
c
c x 67.40  9 14 0 233 516 1 2372659 16258 1.6 19 12 2 7 87%  66 4874 409 30%
c - 67.65  8 14 0 234 518 1 2379522 11795 1.6 19 12 2 7 88%  66 4874 409 30%
c - 68.07  8 14 0 235 525 1 2394819 11800 1.6 19 12 2 7 88%  66 4874 409 30%
c - 68.52  8 14 0 236 532 1 2410149 11411 1.6 19 12 2 7 88%  66 4874 409 30%
c - 68.97  8 14 0 237 540 1 2425512 11653 1.6 19 12 2 7 89%  66 4874 409 30%
c - 69.44  8 14 0 238 541 1 2440906 11832 1.6 19 12 2 7 89%  66 4874 409 30%
c - 69.90  8 14 0 239 547 1 2456334 11791 1.6 19 12 2 7 90%  66 4874 409 30%
c - 70.34  8 14 0 240 555 1 2471793 11473 1.6 19 12 2 7 90%  66 4874 409 30%
c - 70.82  8 14 0 241 561 1 2487284 11425 1.6 19 12 2 7 90%  66 4874 409 30%
c W 71.00  8 14 0 241 563 1 2492441 13769 1.6 19 12 2 7 90%  66 4874 409 30%
c - 71.33  8 14 0 242 570 1 2502809 11682 1.6 20 12 2 7 90%  66 4874 409 30%
c - 71.82  8 14 0 243 572 1 2518366 11664 1.6 20 12 2 7 90%  66 4874 409 30%
c - 72.33  8 14 0 244 573 1 2533954 11658 1.7 20 12 2 7 90%  66 4874 409 30%
c u 72.60  9 14 0 244 573 1 2541229 14946 1.7 20 12 2 7 91%  66 4874 409 30%
c v 72.67  9 14 0 244 573 1 2541229 13542 1.7 20 12 2 7 91%  66 4874 409 30%
c w 72.77  9 14 0 244 573 1 2541229 11399 1.7 20 12 2 7 91%  66 4874 409 30%
c o 72.99  9 14 0 244 573 1 2541229 11399 1.7 20 12 2 7 91%  66 4874 409 30%
c - 73.26  9 14 0 245 573 1 2549575 9653 1.6 20 12 2 7 91%  66 4874 409 30%
c - 73.71  9 14 0 246 575 1 2565229 10268 1.6 20 12 2 7 91%  66 4874 409 30%
c - 74.15  9 14 0 247 585 1 2580914 10674 1.6 20 12 2 7 92%  66 4874 409 30%
c
c seconds  switched    rate           size/glue  tier1   binary      remaining
c        MB  reductions   conflicts         size   tier2   irredundant
c         level   restarts       redundant     glue   trail      variables
c
c - 74.62  9 14 0 248 589 1 2596631 10911 1.6 20 12 2 7 92%  66 4874 409 30%
c - 75.07  9 14 0 249 598 1 2612379 10755 1.6 20 12 2 7 92%  66 4874 409 30%
c - 75.52  9 14 0 250 603 1 2628159 11253 1.6 20 12 2 7 92%  66 4874 409 30%
c - 75.99  9 14 0 251 604 1 2643971 11597 1.6 20 12 2 7 92%  66 4874 409 30%
c - 76.40  9 14 0 252 614 1 2659813 11820 1.6 20 12 2 7 92%  66 4874 409 30%
c I 76.66 10 14 0 252 619 1 2670093 18136 1.6 20 12 2 7 91%  66 4874 409 30%
c - 76.77  9 15 0 253 619 1 2675687 12935 1.6 20 12 2 7 91%  66 4874 409 30%
c - 77.11  9 15 0 254 627 1 2691593 12958 1.6 20 12 2 7 91%  66 4874 409 30%
c - 77.46  9 15 0 255 634 1 2707532 12470 1.6 20 13 2 7 91%  66 4874 409 30%
c u 77.73  9 15 0 255 635 1 2716202 16246 1.6 20 13 2 7 91%  66 4874 409 30%
c v 77.80  9 15 0 255 635 1 2716202 14704 1.6 20 13 2 7 91%  66 4874 409 30%
c w 77.90  9 15 0 255 635 1 2716202 12221 1.6 20 13 2 7 91%  66 4874 409 30%
c - 78.03  9 15 0 256 635 1 2723500 10262 1.6 20 13 2 7 91%  66 4874 409 30%
c - 78.37  9 15 0 257 636 1 2739502 11725 1.6 20 13 2 7 90%  66 4874 409 30%
c - 78.76  9 15 0 258 636 1 2755533 12246 1.6 20 13 2 7 90%  66 4874 409 30%
c - 79.18  9 15 0 259 637 1 2771596 12537 1.6 20 13 2 7 90%  66 4874 409 30%
c - 79.61  9 15 0 260 637 1 2787690 12772 1.6 20 12 2 7 91%  66 4874 409 30%
c - 80.02  9 15 0 261 637 1 2803814 12329 1.6 20 12 2 7 91%  66 4874 409 30%
c - 80.48  9 14 0 262 637 1 2819970 12466 1.6 19 12 2 7 91%  66 4874 409 30%
c - 80.92  9 14 0 263 644 1 2836158 13380 1.6 20 12 2 7 91%  66 4874 409 30%
c
c seconds  switched    rate           size/glue  tier1   binary      remaining
c        MB  reductions   conflicts         size   tier2   irredundant
c         level   restarts       redundant     glue   trail      variables
c
c - 81.37  9 14 0 264 652 1 2852376 12600 1.6 20 12 2 7 90%  66 4874 409 30%
c B 81.45  9 14 0 264 652 1 2855427 14262 1.6 20 12 2 7 91%  66 4874 409 30%
c o 81.45  9 14 0 264 652 1 2855427 14262 1.6 20 12 2 7 91%  66 4874 409 30%
c - 81.86  9 14 0 265 659 1 2868625 12610 1.6 20 12 2 7 91%  66 4874 409 30%
c - 82.35  9 14 0 266 667 1 2884903 12758 1.6 20 12 2 7 91%  66 4874 409 30%
c u 82.77 10 15 0 266 668 1 2897609 19798 1.6 20 12 2 7 91%  66 4874 409 30%
c v 82.86 10 15 0 266 668 1 2897609 18367 1.6 20 12 2 7 91%  66 4874 409 30%
c w 83.02 10 15 0 266 668 1 2897609 14526 1.6 20 12 2 7 91%  66 4874 409 30%
c - 83.12  9 15 0 267 668 1 2901212 9958 1.6 20 13 2 7 91%  66 4874 409 30%
c - 83.59  9 15 0 268 675 1 2917552 10435 1.6 20 13 2 7 91%  66 4874 409 30%
c - 84.02  9 15 0 269 683 1 2933922 11089 1.6 20 13 2 7 91%  66 4874 409 30%
c - 84.48  9 15 0 270 690 1 2950324 11622 1.6 20 13 2 7 91%  66 4874 409 30%
c - 85.02  9 15 0 271 698 1 2966755 12027 1.6 20 13 2 7 91%  66 4874 409 30%
c - 85.55  9 14 0 272 699 1 2983218 12685 1.6 20 12 2 7 91%  66 4874 409 30%
c - 86.10  9 14 0 273 700 1 2999711 12521 1.6 20 12 2 7 91%  66 4874 409 30%
c - 86.62  9 14 0 274 700 1 3016233 12200 1.6 20 12 2 7 91%  66 4874 409 30%
c - 87.12  9 14 0 275 707 1 3032785 13221 1.6 19 12 2 7 91%  66 4874 409 30%
c W 87.64 11 14 0 275 715 1 3048569 19646 1.6 19 12 2 7 91%  66 4874 409 30%
c - 87.66  9 14 0 276 715 1 3049369 13243 1.6 19 12 2 7 91%  66 4874 409 30%
c - 88.15 11 14 0 277 722 1 3065983 14256 1.6 19 12 2 7 90%  66 4874 409 30%
c
c seconds  switched    rate           size/glue  tier1   binary      remaining
c        MB  reductions   conflicts         size   tier2   irredundant
c         level   restarts       redundant     glue   trail      variables
c
c - 88.58  9 14 0 278 730 1 3082627 13752 1.6 19 12 2 7 89%  66 4874 409 30%
c u 88.72  9 14 0 278 730 1 3085517 14291 1.6 19 12 2 7 89%  66 4874 409 30%
c v 88.80  9 14 0 278 730 1 3085517 12681 1.6 19 12 2 7 89%  66 4874 409 30%
c w 88.85  9 14 0 278 730 1 3085517 11918 1.6 19 12 2 7 89%  66 4874 409 30%
c o 88.85  9 14 0 278 730 1 3085517 11918 1.6 19 12 2 7 89%  66 4874 409 30%
c - 89.21  9 15 0 279 731 1 3099300 11870 1.6 20 12 2 7 89%  66 4874 409 30%
c - 89.61  9 15 0 280 738 1 3116003 12437 1.6 20 12 2 7 89%  66 4874 409 30%
c - 90.01  9 15 0 281 746 1 3132736 12846 1.6 20 13 2 7 89%  66 4874 409 30%
c - 90.48  9 15 0 282 753 1 3149499 12844 1.6 20 13 2 7 88%  66 4874 409 30%
c - 90.92  9 15 0 283 761 1 3166291 12586 1.6 20 13 2 7 88%  66 4874 409 30%
c - 91.34  9 15 0 284 762 1 3183115 13134 1.6 20 12 2 7 88%  66 4874 409 30%
c - 91.86  9 15 0 285 763 1 3199969 13409 1.6 20 12 2 7 88%  66 4874 409 30%
c - 92.30  9 14 0 286 763 1 3216851 13384 1.6 20 12 2 7 88%  66 4874 409 30%
c - 92.74  9 14 0 287 764 1 3233762 13888 1.6 20 12 2 7 88%  66 4874 409 30%
c O 93.18 11 14 0 287 764 1 3249637 22107 1.6 20 12 2 7 89%  66 4874 409 30%
c - 93.22  9 14 0 288 764 1 3250703 13848 1.6 20 12 2 7 89%  66 4874 409 30%
c - 93.80  9 14 0 289 764 1 3267674 13452 1.6 20 12 2 7 89%  66 4874 409 30%
c u 94.26 10 14 0 289 764 1 3279926 18707 1.6 20 12 2 7 89%  66 4874 409 30%
c v 94.37 10 14 0 289 764 1 3279926 17217 1.6 20 12 2 7 89%  66 4874 409 30%
c w 94.53 10 14 0 289 764 1 3279926 14986 1.6 20 12 2 7 89%  66 4874 409 30%
c
c seconds  switched    rate           size/glue  tier1   binary      remaining
c        MB  reductions   conflicts         size   tier2   irredundant
c         level   restarts       redundant     glue   trail      variables
c
c - 94.67  9 14 0 290 764 1 3284674 11219 1.6 20 12 2 7 89%  66 4874 409 30%
c - 95.22  9 14 0 291 765 1 3301703 12205 1.6 20 12 2 7 90%  66 4874 409 30%
c - 95.80  9 14 0 292 765 1 3318762 11534 1.6 20 12 2 7 90%  66 4874 409 30%
c - 96.29  9 14 0 293 765 1 3335851 12164 1.6 20 12 2 7 90%  66 4874 409 30%
c - 96.70  9 14 0 294 765 1 3352970 13563 1.6 20 12 2 7 90%  66 4874 409 30%
c - 97.30 11 14 0 295 765 1 3370117 13874 1.7 19 12 2 7 89%  66 4874 409 30%
c - 97.87  9 14 0 296 765 1 3387292 13797 1.7 20 12 2 7 90%  66 4874 409 30%
c - 98.49  9 14 0 297 765 1 3404497 12024 1.6 20 12 2 7 90%  66 4874 409 30%
c - 99.04  9 14 0 298 769 1 3421730 12339 1.7 20 12 2 7 91%  66 4874 409 30%
c - 99.70  9 14 0 299 779 1 3438993 11922 1.6 20 12 2 7 91%  66 4874 409 30%
c - 100.28  9 14 0 300 786 1 3456284 12322 1.7 20 12 2 7 92%  66 4874 409 30%
c B 100.37  9 14 0 300 787 1 3458752 13275 1.7 20 12 2 7 92%  66 4874 409 30%
c o 100.37  9 14 0 300 787 1 3458752 13275 1.7 20 12 2 7 92%  66 4874 409 30%
c - 100.84  9 14 0 301 794 1 3473605 13343 1.7 20 12 2 7 92%  66 4874 409 30%
c u 101.13 10 14 0 301 795 1 3480902 16752 1.7 20 12 2 7 92%  66 4874 409 30%
c v 101.22 10 14 0 301 795 1 3480902 15587 1.7 20 12 2 7 92%  66 4874 409 30%
c w 101.37 10 14 0 301 795 1 3480902 13208 1.7 20 12 2 7 92%  66 4874 409 30%
c - 101.70  9 14 0 302 796 1 3490955 11543 1.7 20 12 2 7 92%  66 4874 409 30%
c - 102.24  9 13 0 303 803 1 3508333 12416 1.7 20 12 2 7 92%  66 4874 409 30%
c - 102.76 11 13 0 304 811 1 3525739 13722 1.7 20 12 2 7 92%  66 4874 409 30%
c
c seconds   switched    rate           size/glue  tier1   binary      remaining
c         MB  reductions   conflicts         size   tier2   irredundant
c          level   restarts       redundant     glue   trail      variables
c
c - 103.31  9 13 0 305 818 1 3543174 13266 1.7 20 12 2 7 92%  66 4874 409 30%
c - 103.86  9 13 0 306 826 1 3560639 12461 1.7 19 12 2 7 92%  66 4874 409 30%
c - 104.43  9 13 0 307 827 1 3578132 12693 1.7 19 11 2 7 92%  66 4874 409 30%
c - 104.97  9 13 0 308 828 1 3595653 13519 1.7 19 11 2 7 91%  66 4874 409 30%
c - 105.54 11 13 0 309 828 1 3613203 13854 1.7 19 11 2 7 91%  66 4874 409 30%
c - 106.08 11 13 0 310 839 1 3630782 14311 1.7 18 11 2 7 91%  66 4874 409 30%
c - 106.65 11 13 0 311 845 1 3648389 16232 1.7 18 11 2 7 91%  66 4874 409 30%
c - 107.17 11 12 0 312 856 1 3666025 15909 1.7 18 11 2 7 91%  66 4874 409 30%
c W 107.61 11 12 0 312 858 1 3676035 21212 1.7 18 11 2 7 91%  66 4874 409 30%
c - 107.86 11 12 0 313 859 1 3683688 16373 1.7 18 11 2 7 91%  66 4874 409 30%
c u 108.06 11 12 0 313 859 1 3688444 18173 1.7 18 10 2 7 91%  66 4874 409 30%
c v 108.21 11 12 0 313 859 1 3688444 16107 1.7 18 10 2 7 91%  66 4874 409 30%
c w 108.28 11 12 0 313 859 1 3688444 13667 1.7 18 10 2 7 91%  66 4874 409 30%
c x 108.29 11 12 0 313 859 1 3688444 13665 1.7 18 10 2 7 91%  68 4865 409 30%
c = 109.08  8 12 0 313 859 1 3688444 13665 1.7 18 10 2 7 91%  70 4845 407 30%
c d 109.08  8 12 0 313 859 1 3688444 13460 1.7 18 10 2 7 91%  67 4845 407 30%
c u 109.13  9 12 0 313 859 1 3688444 13237 1.7 18 10 2 7 91%  66 4845 407 30%
c v 109.23  9 12 0 313 859 1 3688444 11822 1.7 18 10 2 7 91%  66 4845 407 30%
c w 109.27  9 12 0 313 859 1 3688444 11433 1.7 18 10 2 7 91%  66 4845 407 30%
c s 109.28  9 12 0 313 859 1 3688444 11433 1.7 18 10 2 7 91%  66 4842 407 30%
c
c seconds   switched    rate           size/glue  tier1   binary      remaining
c         MB  reductions   conflicts         size   tier2   irredundant
c          level   restarts       redundant     glue   trail      variables
c
c e 109.28  8 12 0 313 859 1 3688444 11433 1.7 18 10 2 7 91%  66 4856 406 30%
c - 109.49  8 12 0 314 864 1 3701379 13120 1.8 19 10 2 7 88%  66 4856 406 30%
c - 109.79  9 13 0 315 873 1 3719099 14283 1.8 19 11 2 7 84%  66 4856 406 30%
c - 110.12 10 13 0 316 880 1 3736848 14077 1.8 19 11 2 7 80%  66 4856 406 30%
c - 110.48 10 13 0 317 889 1 3754625 14150 1.8 20 11 2 7 77%  66 4856 406 30%
c - 110.81 10 13 0 318 890 1 3772431 13880 1.8 20 11 2 7 74%  66 4856 406 30%
c - 111.15 10 13 0 319 891 1 3790264 13913 1.8 20 11 2 7 72%  66 4856 406 30%
c - 111.47 10 13 0 320 891 1 3808125 14430 1.8 20 11 2 7 70%  66 4856 406 30%
c - 111.82 10 13 0 321 892 1 3826013 14932 1.8 20 11 2 7 69%  66 4856 406 30%
c - 112.16 10 13 0 322 892 1 3843929 14956 1.8 20 11 2 7 67%  66 4856 406 30%
c - 112.52 10 13 0 323 892 1 3861873 14559 1.8 20 11 2 7 67%  66 4856 406 30%
c - 112.88 10 13 0 324 895 1 3879846 15297 1.8 20 11 2 7 66%  66 4856 406 30%
c - 113.33 10 14 0 325 906 1 3897847 16512 1.8 20 11 2 7 67%  66 4856 406 30%
c I 113.46 10 14 0 325 906 1 3901602 18614 1.8 20 11 2 7 68%  66 4856 406 30%
c o 113.46 10 14 0 325 906 1 3901602 18614 1.8 20 11 2 7 68%  66 4856 406 30%
c u 113.54 10 14 0 325 907 1 3902815 18949 1.8 20 11 2 7 69%  66 4856 406 30%
c v 113.68 10 14 0 325 907 1 3902815 17127 1.8 20 11 2 7 69%  66 4856 406 30%
c w 113.77 10 14 0 325 907 1 3902815 15779 1.8 20 11 2 7 69%  66 4856 406 30%
c - 114.03  8 14 0 326 912 1 3915875 13876 1.8 20 11 2 7 71%  66 4856 406 30%
c - 114.42  8 14 0 327 921 1 3933932 13476 1.7 19 11 2 7 74%  66 4856 406 30%
c
c seconds   switched    rate           size/glue  tier1   binary      remaining
c         MB  reductions   conflicts         size   tier2   irredundant
c          level   restarts       redundant     glue   trail      variables
c
c - 114.87  8 14 0 328 923 1 3952015 13632 1.7 19 12 2 7 77%  66 4856 406 30%
c - 115.28  8 14 0 329 930 1 3970125 13913 1.7 19 12 2 7 79%  66 4856 406 30%
c - 115.75  8 14 0 330 938 1 3988264 13750 1.6 19 12 2 7 81%  66 4856 406 30%
c - 116.27  8 14 0 331 948 1 4006430 13385 1.6 19 12 2 7 82%  66 4856 406 30%
c - 116.77  8 14 0 332 953 1 4024624 13966 1.6 19 12 2 7 83%  66 4856 406 30%
c - 117.26 10 14 0 333 955 1 4042844 14772 1.6 19 12 2 7 84%  66 4856 406 30%
c - 117.78 10 14 0 334 955 1 4061094 14628 1.6 19 12 2 7 85%  66 4856 406 30%
c - 118.27 10 14 0 335 960 1 4079369 15069 1.6 19 12 2 7 86%  66 4856 406 30%
c - 118.79 10 14 0 336 969 1 4097672 15461 1.6 18 12 2 7 87%  66 4856 406 30%
c - 119.34 10 13 0 337 977 1 4116004 15855 1.6 18 11 2 7 88%  66 4856 406 30%
c u 119.63 10 13 0 337 981 1 4123779 19307 1.6 18 11 2 7 88%  66 4856 406 30%
c v 119.74 10 13 0 337 981 1 4123779 17193 1.6 18 11 2 7 88%  66 4856 406 30%
c w 119.86 10 13 0 337 981 1 4123779 14343 1.6 18 11 2 7 88%  66 4856 406 30%
c - 120.84 13 14 0 338 985 1 4134361 13116 1.6 18 12 2 7 88%  66 4856 406 30%
c B 120.88 13 14 0 338 985 1 4135569 13591 1.6 18 12 2 7 88%  66 4856 406 30%
c - 121.33 13 14 0 339 986 1 4152746 13184 1.6 18 12 2 7 89%  66 4856 406 30%
c - 121.82 13 14 0 340 996 1 4171157 12815 1.6 18 12 2 7 89%  66 4856 406 30%
c - 122.30 13 14 0 341 1002 1 4189598 13503 1.6 18 12 2 7 89%  66 4856 406 30%
c - 122.75 13 14 0 342 1014 1 4208064 13941 1.6 18 12 2 7 88%  66 4856 406 30%
c - 123.23 14 14 0 343 1017 1 4226558 14649 1.6 18 12 2 7 88%  66 4856 406 30%
c
c seconds   switched     rate           size/glue  tier1   binary      remaining
c         MB  reductions    conflicts         size   tier2   irredundant
c          level    restarts       redundant     glue   trail      variables
c
c o 123.33 14 14 0 343 1017 1 4230904 17267 1.6 18 12 2 7 88%  66 4856 406 30%
c - 123.75 14 14 0 344 1018 1 4245078 15338 1.6 19 12 2 7 88%  66 4856 406 30%
c - 124.31 14 14 0 345 1018 1 4263625 14896 1.6 19 12 2 7 88%  66 4856 406 30%
c - 124.86 14 14 0 346 1019 1 4282200 15570 1.6 19 12 2 7 89%  66 4856 406 30%
c - 125.43 14 14 0 347 1019 1 4300803 16338 1.6 19 12 2 7 88%  66 4856 406 30%
c - 126.04 14 14 0 348 1019 1 4319430 15247 1.6 19 12 2 7 88%  66 4856 406 30%
c - 126.61 14 14 0 349 1020 1 4338086 15740 1.6 19 12 2 7 89%  66 4856 406 30%
c u 127.06 14 14 0 349 1020 1 4351443 22139 1.6 19 12 2 7 89%  66 4856 406 30%
c v 127.18 14 14 0 349 1020 1 4351443 20270 1.6 19 12 2 7 89%  66 4856 406 30%
c w 127.33 15 14 0 349 1020 1 4351443 16078 1.6 19 12 2 7 89%  66 4856 406 30%
c - 127.48 13 14 0 350 1020 1 4356768 13061 1.6 19 12 2 7 89%  66 4856 406 30%
c - 128.02 13 14 0 351 1020 1 4375476 14180 1.6 19 12 2 7 89%  66 4856 406 30%
c W 128.11 13 14 0 351 1020 1 4378050 15590 1.6 19 12 2 7 89%  66 4856 406 30%
c - 128.52 13 14 0 352 1020 1 4394210 13861 1.6 19 12 2 7 89%  66 4856 406 30%
c - 129.01 13 14 0 353 1020 1 4412973 14111 1.6 19 12 2 7 89%  66 4856 406 30%
c - 129.48 15 14 0 354 1020 1 4431761 14844 1.6 19 12 2 7 89%  66 4856 406 30%
c - 129.99 15 14 0 355 1020 1 4450576 15882 1.6 19 12 2 7 88%  66 4856 406 30%
c - 130.54 15 14 0 356 1021 1 4469419 16140 1.6 18 12 2 7 88%  66 4856 406 30%
c - 131.06 15 14 0 357 1021 1 4488289 15811 1.6 18 12 2 7 88%  66 4856 406 30%
c - 131.58 15 14 0 358 1021 1 4507184 16376 1.6 18 12 2 7 88%  66 4856 406 30%
c
c seconds   switched     rate           size/glue  tier1   binary      remaining
c         MB  reductions    conflicts         size   tier2   irredundant
c          level    restarts       redundant     glue   trail      variables
c
c - 132.11 15 13 0 359 1021 1 4526106 17621 1.6 18 11 2 7 87%  66 4856 406 30%
c - 132.65 15 13 0 360 1021 1 4545054 17830 1.6 18 11 2 7 87%  66 4856 406 30%
c - 133.23 15 13 0 361 1021 1 4564028 16826 1.6 17 11 2 7 87%  66 4856 406 30%
c - 133.80 15 13 0 362 1021 1 4583029 17445 1.6 17 11 2 7 87%  66 4856 406 30%
c u 133.94 15 13 0 362 1021 1 4585842 18002 1.6 17 11 2 7 87%  66 4856 406 30%
c v 134.06 15 13 0 362 1021 1 4585842 15777 1.6 17 11 2 7 87%  66 4856 406 30%
c w 134.12 15 13 0 362 1021 1 4585842 14009 1.6 17 11 2 7 87%  66 4856 406 30%
c o 134.12 15 13 0 362 1021 1 4585842 14009 1.6 17 11 2 7 87%  66 4856 406 30%
c - 134.53 15 13 0 363 1021 1 4602055 14638 1.6 17 11 2 7 88%  66 4856 406 30%
c - 134.98 15 13 0 364 1021 1 4621109 15044 1.6 18 11 2 7 87%  66 4856 406 30%
c O 135.14 15 13 0 364 1021 1 4629161 20366 1.6 18 11 2 7 87%  66 4856 406 30%
c - 135.52 15 13 0 365 1021 1 4640188 15419 1.6 18 11 2 7 88%  66 4856 406 30%
c - 136.14 15 13 0 366 1021 1 4659292 15321 1.6 18 11 2 7 88%  66 4856 406 30%
c - 136.81 15 13 0 367 1021 1 4678424 15749 1.6 18 11 2 7 89%  66 4856 406 30%
c - 137.45 15 13 0 368 1021 1 4697582 16214 1.6 19 11 2 7 89%  67 4855 406 30%
c s 137.46 15 13 0 368 1021 1 4697901 16323 1.6 18 11 2 7 89%  67 4854 406 30%
c - 138.11 15 14 0 369 1021 1 4716765 16273 1.6 19 12 2 7 88%  67 4854 406 30%
c - 138.89 15 14 0 370 1022 1 4735975 14862 1.6 19 12 2 7 88%  67 4854 406 30%
c - 139.59 15 14 0 371 1022 1 4755210 14770 1.6 19 12 2 7 89%  67 4854 406 30%
c - 140.30 13 14 0 372 1022 1 4774472 14716 1.6 19 12 2 7 89%  67 4854 406 30%
c
c seconds   switched     rate           size/glue  tier1   binary      remaining
c         MB  reductions    conflicts         size   tier2   irredundant
c          level    restarts       redundant     glue   trail      variables
c
c - 140.98 13 14 0 373 1022 1 4793760 14443 1.6 19 12 2 7 90%  67 4854 406 30%
c - 141.67 15 14 0 374 1022 1 4813074 14851 1.6 19 12 2 7 90%  67 4854 406 30%
c u 142.22 15 14 0 374 1022 1 4827007 20959 1.6 19 12 2 7 90%  67 4854 406 30%
c v 142.32 15 14 0 374 1022 1 4827007 19441 1.6 19 12 2 7 90%  67 4854 406 30%
c w 142.49 15 14 0 374 1022 1 4827007 15929 1.6 19 12 2 7 90%  67 4854 406 30%
c - 142.65 13 14 0 375 1022 1 4832413 13553 1.6 19 12 2 7 89%  67 4854 406 30%
c - 143.25 15 14 0 376 1022 1 4851777 15060 1.6 19 12 2 7 89%  67 4854 406 30%
c - 143.84 15 14 0 377 1022 1 4871168 15106 1.6 19 12 2 7 89%  67 4854 406 30%
c B 144.38 15 14 0 377 1022 1 4889011 24148 1.6 20 12 2 7 89%  67 4854 406 30%
c o 144.38 15 14 0 377 1022 1 4889011 24148 1.6 20 12 2 7 89%  67 4854 406 30%
c - 144.43 15 14 0 378 1022 1 4890586 15721 1.6 20 12 2 7 89%  67 4854 406 30%
c - 144.93 15 14 0 379 1022 1 4910029 16624 1.6 19 12 2 7 90%  67 4854 406 30%
c - 145.50 15 14 0 380 1022 1 4929496 16404 1.6 19 12 2 7 89%  67 4854 406 30%
c - 146.12 15 14 0 381 1022 1 4948989 16317 1.6 19 12 2 7 89%  67 4854 406 30%
c - 146.72 15 14 0 382 1022 1 4968508 16327 1.6 19 12 2 7 90%  67 4854 406 30%
c - 147.25 15 14 0 383 1022 1 4988052 16061 1.6 19 12 2 7 88%  67 4854 406 30%
c - 147.93 15 14 0 384 1022 1 5007622 15623 1.6 19 12 2 7 88%  67 4854 406 30%
c - 148.57 15 14 0 385 1022 1 5027217 15653 1.6 19 12 2 7 88%  67 4854 406 30%
c - 149.13 15 14 0 386 1022 1 5046838 16442 1.6 19 12 2 7 88%  67 4854 406 30%
c - 149.73 15 14 0 387 1022 1 5066484 17197 1.6 20 12 2 7 88%  67 4854 406 30%
c
c seconds   switched     rate           size/glue  tier1   binary      remaining
c         MB  reductions    conflicts         size   tier2   irredundant
c          level    restarts       redundant     glue   trail      variables
c
c u 150.04 15 14 0 387 1022 1 5074978 21811 1.6 19 12 2 7 86%  67 4854 406 30%
c v 150.17 15 14 0 387 1022 1 5074978 19692 1.6 19 12 2 7 86%  67 4854 406 30%
c w 150.35 15 14 0 387 1022 1 5074978 16912 1.6 19 12 2 7 86%  67 4854 406 30%
c - 151.68 24 14 0 388 1022 1 5086156 14990 1.6 20 12 2 7 86%  67 4854 406 30%
c - 152.41 24 14 0 389 1022 1 5105854 16547 1.7 21 12 2 7 87%  67 4854 406 30%
c - 153.13 24 14 0 390 1022 1 5125578 16908 1.8 21 12 2 7 87%  67 4854 406 30%
c - 153.86 24 14 0 391 1022 1 5145326 17497 1.8 22 12 2 7 87%  67 4854 406 30%
c W 154.33 24 14 0 391 1022 1 5157713 26836 1.8 22 12 2 7 87%  67 4854 406 30%
c - 154.57 24 14 0 392 1022 1 5165099 18266 1.8 22 12 2 7 87%  67 4854 406 30%
c - 155.11 24 14 0 393 1022 1 5184898 18600 1.9 22 12 2 7 87%  67 4854 406 30%
c - 155.68 24 14 0 394 1022 1 5204724 19215 1.9 22 12 2 7 87%  67 4854 406 30%
c o 155.80 24 14 0 394 1022 1 5208911 22642 1.9 22 12 2 7 87%  67 4854 406 30%
c - 156.20 24 14 0 395 1022 1 5224573 19196 1.9 22 12 2 7 87%  67 4854 406 30%
c - 156.73 24 14 0 396 1022 1 5244447 18413 1.8 21 12 2 7 87%  67 4854 406 30%
c - 157.22 24 14 0 397 1028 1 5264346 18570 1.8 21 12 2 7 87%  67 4854 406 30%
c - 157.73 24 14 0 398 1037 1 5284270 19025 1.8 20 11 2 7 87%  67 4854 406 30%
c - 158.27 24 14 0 399 1047 1 5304220 18290 1.7 20 12 2 7 87%  67 4854 406 30%
c - 158.79 24 14 0 400 1053 1 5324195 17326 1.7 20 12 2 7 87%  67 4854 406 30%
c u 159.00 24 14 0 400 1053 1 5329782 19887 1.7 19 12 2 7 87%  67 4854 406 30%
c v 159.11 24 14 0 400 1053 1 5329782 17789 1.7 19 12 2 7 87%  67 4854 406 30%
c
c seconds   switched     rate           size/glue  tier1   binary      remaining
c         MB  reductions    conflicts         size   tier2   irredundant
c          level    restarts       redundant     glue   trail      variables
c
c w 159.19 24 14 0 400 1053 1 5329782 15726 1.7 19 12 2 7 87%  67 4854 406 30%
c x 159.21 24 14 0 400 1053 1 5329782 15725 1.7 19 12 2 7 87%  67 4850 406 30%
c - 159.60 21 14 0 401 1058 1 5344195 14787 1.7 19 11 2 7 88%  67 4850 406 30%
c - 160.19 23 13 0 402 1068 1 5364220 15989 1.7 19 11 2 7 88%  67 4850 406 30%
c - 160.78 24 14 0 403 1076 1 5384269 17204 1.7 19 11 2 7 88%  67 4850 406 30%
c - 161.36 24 14 0 404 1083 1 5404344 16430 1.7 20 12 2 7 88%  67 4850 406 30%
c - 161.93 24 14 0 405 1085 1 5424444 16498 1.7 20 11 2 7 88%  67 4850 406 30%
c I 162.28 24 14 0 405 1085 1 5435377 20100 1.7 19 11 2 7 88%  67 4850 406 30%
c - 162.50 24 14 0 406 1085 1 5444568 16442 1.7 20 12 2 7 88%  67 4850 406 30%
c - 163.01 24 14 0 407 1092 1 5464717 16729 1.6 19 12 2 7 89%  67 4850 406 30%
c - 163.52 24 14 0 408 1100 1 5484891 16434 1.6 20 12 2 7 89%  67 4850 406 30%
c - 164.02 24 14 0 409 1112 1 5505090 16486 1.6 20 12 2 7 89%  67 4850 406 30%
c - 164.63 24 14 0 410 1116 1 5525314 16552 1.6 20 12 2 7 89%  67 4850 406 30%
c - 165.19 24 14 0 411 1123 1 5545562 16936 1.6 19 12 2 7 89%  67 4850 406 30%
c - 165.74 24 14 0 412 1131 1 5565835 16493 1.6 19 12 2 7 89%  67 4850 406 30%
c - 166.24 24 14 0 413 1142 1 5586132 17374 1.6 19 12 2 7 88%  67 4850 406 30%
c u 166.51 24 14 0 413 1145 1 5591483 18759 1.6 19 12 2 7 88%  67 4850 406 30%
c v 166.62 24 14 0 413 1145 1 5591483 16965 1.6 19 12 2 7 88%  67 4850 406 30%
c w 166.71 24 14 0 413 1145 1 5591483 15374 1.6 19 12 2 7 88%  67 4850 406 30%
c o 166.71 24 14 0 413 1145 1 5591483 15374 1.6 19 12 2 7 88%  67 4850 406 30%
c
c seconds   switched     rate           size/glue  tier1   binary      remaining
c         MB  reductions    conflicts         size   tier2   irredundant
c          level    restarts       redundant     glue   trail      variables
c
c - 167.20 24 14 0 414 1147 1 5606454 14839 1.6 19 12 2 7 89%  67 4850 406 30%
c - 167.85 24 14 0 415 1148 1 5626800 15007 1.6 20 12 2 7 89%  67 4850 406 30%
c - 168.50 24 14 0 416 1148 1 5647171 14943 1.6 20 12 2 7 89%  67 4850 406 30%
c - 169.16 24 14 0 417 1149 1 5667567 15868 1.6 20 12 2 7 90%  67 4850 406 30%
c - 169.84 24 14 0 418 1149 1 5687988 17485 1.6 20 12 2 7 88%  67 4850 406 30%
c - 170.52 24 14 0 419 1149 1 5708434 17908 1.6 20 12 2 7 88%  67 4850 406 30%
c B 170.94 24 14 0 419 1154 1 5722111 25521 1.6 20 12 2 7 88%  67 4850 406 30%
c - 171.19 24 14 0 420 1156 1 5728903 18135 1.7 20 12 2 7 88%  67 4850 406 30%
c - 171.85 24 14 0 421 1164 1 5749396 17821 1.7 20 12 2 7 88%  67 4850 406 30%
c s 172.42 24 14 0 421 1174 1 5765194 25621 1.7 20 12 2 7 89%  67 4847 406 30%
c e 172.42 24 14 0 421 1174 1 5765194 25621 1.7 20 12 2 7 89%  67 4861 405 30%
c - 172.58 24 14 0 422 1177 1 5769914 17362 1.7 20 12 2 7 88%  67 4861 405 30%
c - 173.23 24 15 0 423 1180 1 5790457 18259 1.7 20 12 2 7 88%  67 4861 405 30%
c - 173.91 24 14 0 424 1187 1 5811023 19225 1.7 20 12 2 7 87%  67 4861 405 30%
c - 174.61 24 15 0 425 1195 1 5831614 19884 1.7 20 12 2 7 86%  67 4861 405 30%
c - 175.22 24 15 0 426 1209 1 5852229 19875 1.7 20 12 2 7 86%  67 4861 405 30%
c u 175.59 24 15 0 426 1210 1 5860082 22510 1.7 20 12 2 7 86%  67 4861 405 30%
c v 175.76 24 15 0 426 1210 1 5860082 20174 1.7 20 12 2 7 86%  67 4861 405 30%
c w 175.93 24 15 0 426 1210 1 5860082 18386 1.7 20 12 2 7 86%  67 4861 405 30%
c - 176.36 24 15 0 427 1211 1 5872868 16853 1.7 20 12 2 7 85%  67 4861 405 30%
c
c seconds   switched     rate           size/glue  tier1   binary      remaining
c         MB  reductions    conflicts         size   tier2   irredundant
c          level    restarts       redundant     glue   trail      variables
c
c - 177.10 24 15 0 428 1212 1 5893534 18419 1.7 20 12 2 7 85%  67 4861 405 30%
c - 177.85 24 14 0 429 1213 1 5914224 19135 1.7 20 12 2 7 85%  67 4861 405 30%
c - 178.65 24 14 0 430 1226 1 5934936 19187 1.6 19 12 2 7 86%  67 4861 405 30%
c - 179.49 24 14 0 431 1234 1 5955672 20182 1.6 19 12 2 7 86%  67 4861 405 30%
c - 180.25 24 14 0 432 1242 1 5976433 20795 1.6 19 11 2 7 86%  67 4861 405 30%
c - 180.86 24 14 0 433 1245 1 5997217 21627 1.7 19 11 2 7 84%  67 4861 405 30%
c W 181.46 24 13 0 433 1257 1 6018021 36127 1.7 19 11 2 7 81%  67 4861 405 30%
c o 181.46 24 13 0 433 1257 1 6018021 36127 1.7 19 11 2 7 81%  67 4861 405 30%
c - 181.46 24 13 0 434 1257 1 6018025 22035 1.7 19 11 2 7 81%  67 4861 405 30%
c - 182.14 24 13 0 435 1265 1 6038858 21264 1.7 19 11 2 7 81%  67 4861 405 30%
c - 182.82 24 14 0 436 1273 1 6059714 20277 1.7 19 11 2 7 81%  67 4861 405 30%
c - 183.53 24 14 0 437 1275 1 6080594 20688 1.7 20 11 2 7 82%  67 4861 405 30%
c - 184.30 24 14 0 438 1275 1 6101499 21629 1.7 20 11 2 7 83%  67 4861 405 30%
c - 185.06 24 14 0 439 1276 1 6122428 21957 1.8 20 11 2 7 83%  67 4861 405 30%
c u 185.67 24 14 0 439 1276 1 6135516 27229 1.7 20 11 2 7 83%  67 4861 405 30%
c v 185.93 24 14 0 439 1276 1 6135516 24529 1.7 20 11 2 7 83%  67 4861 405 30%
c w 186.19 24 14 0 439 1276 1 6135516 21140 1.7 20 11 2 7 83%  67 4861 405 30%
c - 186.46 24 14 0 440 1276 1 6143381 17499 1.7 20 11 2 7 84%  67 4861 405 30%
c - 187.10 24 14 0 441 1276 1 6164357 19712 1.7 20 11 2 7 84%  67 4861 405 30%
c - 187.72 24 14 0 442 1277 1 6185357 19580 1.7 20 12 2 7 84%  67 4861 405 30%
c
c seconds   switched     rate           size/glue  tier1   binary      remaining
c         MB  reductions    conflicts         size   tier2   irredundant
c          level    restarts       redundant     glue   trail      variables
c
c - 188.45 24 14 0 443 1277 1 6206381 19172 1.7 20 12 2 7 84%  67 4861 405 30%
c - 189.02 24 14 0 444 1277 1 6227428 20890 1.7 19 11 2 7 81%  67 4861 405 30%
c - 189.50 24 13 0 445 1277 1 6248499 22818 1.7 19 11 2 7 78%  67 4861 405 30%
c - 190.27 24 13 0 446 1277 1 6269594 22374 1.7 19 11 2 7 79%  67 4861 405 30%
c - 191.02 24 13 0 447 1277 1 6290713 21344 1.7 19 11 2 7 81%  67 4861 405 30%
c - 191.69 24 13 0 448 1280 1 6311855 20205 1.7 19 11 2 7 82%  67 4861 405 30%
c O 192.06 24 13 0 448 1287 1 6323216 25511 1.7 19 11 2 7 83%  67 4861 405 30%
c o 192.06 24 13 0 448 1287 1 6323216 25511 1.7 19 11 2 7 83%  67 4861 405 30%
c - 192.43 24 13 0 449 1292 1 6333021 20667 1.7 19 11 2 7 84%  67 4861 405 30%
c - 193.21 24 13 0 450 1300 1 6354210 21150 1.7 19 11 2 7 85%  67 4861 405 30%
c - 194.07 24 13 0 451 1308 1 6375424 20061 1.7 19 11 2 7 86%  67 4861 405 30%
c - 194.80 24 13 0 452 1314 1 6396660 20139 1.8 19 11 2 7 86%  67 4861 405 30%
c u 195.71 24 13 0 452 1323 1 6417878 30346 1.8 19 11 2 7 86%  67 4861 405 30%
c v 195.98 24 13 0 452 1323 1 6417878 28250 1.8 19 11 2 7 86%  67 4861 405 30%
c w 196.20 24 13 0 452 1323 1 6417878 22299 1.8 19 11 2 7 86%  67 4861 405 30%
c - 197.26 30 13 0 453 1323 1 6417920 16759 1.8 19 11 2 7 86%  67 4861 405 30%
c - 197.98 30 13 0 454 1333 1 6439204 17443 1.7 20 11 2 7 87%  67 4861 405 30%
c - 198.70 30 14 0 455 1339 1 6460511 16623 1.7 19 11 2 7 88%  67 4861 405 30%
c - 199.40 30 14 0 456 1340 1 6481843 17516 1.7 19 12 2 7 88%  67 4861 405 30%
c - 200.05 30 14 0 457 1340 1 6503197 18580 1.7 19 12 2 7 87%  67 4861 405 30%
c
c seconds   switched     rate           size/glue  tier1   binary      remaining
c         MB  reductions    conflicts         size   tier2   irredundant
c          level    restarts       redundant     glue   trail      variables
c
c - 200.74 30 14 0 458 1353 1 6524576 18994 1.6 19 12 2 7 88%  67 4861 405 30%
c - 201.42 30 14 0 459 1361 1 6545977 18960 1.6 19 12 2 7 87%  67 4861 405 30%
c - 202.15 30 14 0 460 1370 1 6567403 19803 1.6 19 11 2 7 88%  67 4861 405 30%
c - 202.78 30 13 0 461 1373 1 6588850 21350 1.6 18 11 2 7 86%  67 4861 405 30%
c - 203.43 30 13 0 462 1385 1 6610320 22312 1.6 18 11 2 7 86%  67 4861 405 30%
c - 204.17 30 13 0 463 1393 1 6631814 22014 1.6 18 11 2 7 87%  67 4861 405 30%
c B 204.37 30 13 0 463 1398 1 6637798 25358 1.6 18 11 2 7 87%  67 4861 405 30%
c o 204.37 30 13 0 463 1398 1 6637798 25358 1.6 18 11 2 7 87%  67 4861 405 30%
c - 204.89 30 13 0 464 1402 1 6653332 22473 1.7 18 11 2 7 87%  67 4861 405 30%
c - 205.71 30 13 0 465 1403 1 6674874 21866 1.6 18 11 2 7 87%  67 4861 405 30%
c - 206.41 30 12 0 466 1403 1 6696440 21688 1.7 18 11 2 7 88%  67 4861 405 30%
c u 206.89 30 12 0 466 1404 1 6707233 27124 1.7 18 10 2 7 87%  67 4861 405 30%
c v 207.11 30 12 0 466 1404 1 6707233 24061 1.7 18 10 2 7 87%  68 4861 405 30%
c w 207.33 30 12 0 466 1404 1 6707233 20844 1.7 18 10 2 7 87%  68 4861 405 30%
c s 207.34 30 12 0 466 1404 1 6707233 20844 1.7 18 10 2 7 87%  68 4858 405 30%
c - 207.56 30 13 0 467 1404 1 6718028 20634 1.8 18 10 2 7 86%  68 4858 405 30%
c - 208.29 30 13 0 468 1404 1 6739639 23040 1.8 19 11 2 7 84%  68 4858 405 30%
c - 209.17 30 13 0 469 1404 1 6761272 21464 1.8 19 11 2 7 85%  68 4858 405 30%
c - 210.00 30 13 0 470 1414 1 6782929 20350 1.8 20 11 2 6 86%  68 4858 405 30%
c - 210.75 30 13 0 471 1423 1 6804608 20003 1.8 19 11 2 6 86%  68 4858 405 30%
c
c seconds   switched     rate           size/glue  tier1   binary      remaining
c         MB  reductions    conflicts         size   tier2   irredundant
c          level    restarts       redundant     glue   trail      variables
c
c - 211.42 30 13 0 472 1434 1 6826310 19313 1.8 19 11 2 6 85%  68 4858 405 30%
c - 212.09 30 13 0 473 1435 1 6848035 19494 1.7 19 11 2 6 86%  68 4858 405 30%
c - 212.78 30 13 0 474 1448 1 6869784 19898 1.7 19 11 2 6 86%  68 4858 405 30%
c - 213.45 30 13 0 475 1457 1 6891556 18754 1.7 19 11 2 6 86%  68 4858 405 30%
c - 214.21 30 13 0 476 1465 1 6913351 18973 1.7 19 11 2 6 87%  68 4858 405 30%
c - 214.93 30 13 0 477 1467 1 6935169 18657 1.7 19 11 2 6 87%  68 4858 405 30%
c - 215.64 30 13 0 478 1467 1 6957011 18635 1.7 19 11 2 6 88%  68 4858 405 30%
c W 215.81  9 13 0 478 1467 1 6961874 21019 1.7 19 11 2 6 88%  68 4858 405 30%
c o 215.81  9 13 0 478 1467 1 6961874 21019 1.7 19 11 2 6 88%  68 4858 405 30%
c - 216.31 10 13 0 479 1476 1 6978876 19961 1.7 19 11 2 6 88%  68 4858 405 30%
c - 217.00 10 13 0 480 1485 1 7000763 19998 1.7 20 11 2 6 88%  68 4858 405 30%
c u 217.19 10 13 0 480 1487 1 7003572 20305 1.7 20 11 2 6 88%  68 4858 405 30%
c v 217.33 11 13 0 480 1487 1 7003572 17038 1.7 20 11 2 6 88%  68 4858 405 30%
c w 217.36 11 13 0 480 1487 1 7003572 16335 1.7 20 11 2 6 88%  68 4858 405 30%
c - 217.93 11 14 0 481 1497 1 7022674 16588 1.7 20 11 2 6 88%  68 4858 405 30%
c - 218.54 11 14 0 482 1498 1 7044605 18009 1.7 20 11 2 6 88%  68 4858 405 30%
c - 219.25 11 13 0 483 1511 1 7066561 18369 1.7 20 11 2 6 88%  68 4858 405 30%
c - 219.99 11 14 0 484 1520 1 7088539 19054 1.7 20 11 2 6 88%  68 4858 405 30%
c - 220.61 11 14 0 485 1528 1 7110539 19692 1.7 20 12 2 6 87%  68 4858 405 30%
c - 221.13 11 14 0 486 1530 1 7132562 19533 1.7 20 12 2 6 84%  68 4858 405 30%
c
c seconds   switched     rate           size/glue  tier1   binary      remaining
c         MB  reductions    conflicts         size   tier2   irredundant
c          level    restarts       redundant     glue   trail      variables
c
c - 221.82 11 14 0 487 1530 1 7154607 19183 1.7 20 12 2 6 85%  68 4858 405 30%
c - 222.45 11 14 0 488 1531 1 7176675 19018 1.7 20 12 2 6 86%  68 4858 405 30%
c - 223.06 11 14 0 489 1531 1 7198765 19199 1.7 20 12 2 6 85%  68 4858 405 30%
c - 223.69 11 13 0 490 1531 1 7220878 19728 1.7 19 11 2 6 86%  68 4858 405 30%
c - 224.34 11 13 0 491 1532 1 7243013 19676 1.7 19 11 2 6 87%  68 4858 405 30%
c - 225.02 11 13 0 492 1532 1 7265173 20718 1.7 18 11 2 6 87%  68 4858 405 30%
c - 225.71 11 12 0 493 1532 1 7287354 23230 1.7 18 10 2 6 87%  69 4858 405 30%
c I 225.95 11 12 0 493 1532 1 7295546 27723 1.7 18 10 2 6 87%  69 4858 405 30%
c o 225.95 11 12 0 493 1532 1 7295546 27723 1.7 18 10 2 6 87%  69 4858 405 30%
c u 226.34 12 12 0 493 1532 1 7306966 33300 1.7 18 10 2 6 87%  82 4858 405 30%
c v 226.60 12 12 0 493 1532 1 7306966 27611 1.7 18 10 2 6 87%  75 4858 405 30%
c w 226.77 12 12 0 493 1532 1 7306966 21912 1.7 18 10 2 6 87%  75 4858 405 30%
c - 226.82 12 12 0 494 1532 1 7309559 16630 1.7 18 10 2 6 87%  75 4858 405 30%
c - 227.39 12 12 0 495 1532 1 7331785 17781 1.7 17 10 2 6 88%  75 4858 405 30%
c - 227.98 12 12 0 496 1532 1 7354033 18114 1.6 17 10 2 6 88%  75 4858 405 30%
c s 228.06 12 12 0 496 1532 1 7357456 20266 1.6 17 10 2 6 88%  79 4817 405 30%
c e 228.06 12 12 0 496 1532 1 7357456 20266 1.6 17 10 2 6 88%  78 4845 403 29%
c s 228.06 12 12 0 496 1532 1 7357456 20266 1.6 17 10 2 6 88%  78 4797 403 29%
c e 228.06 12 12 0 496 1532 1 7357456 20266 1.6 17 10 2 6 88%  74 4816 401 29%
c - 228.60 12 12 0 497 1533 1 7376304 18407 1.6 16 10 2 6 88%  74 4816 401 29%
c
c seconds   switched     rate           size/glue  tier1   binary      remaining
c         MB  reductions    conflicts         size   tier2   irredundant
c          level    restarts       redundant     glue   trail      variables
c
c - 229.33 12 13 0 498 1533 1 7398597 19986 1.6 17 11 2 6 88%  75 4816 401 29%
c - 230.01 12 13 0 499 1533 1 7420913 19926 1.6 18 11 2 6 88%  75 4816 401 29%
c - 230.83 12 13 0 500 1533 1 7443251 19080 1.6 18 11 2 6 87%  75 4816 401 29%
c - 231.48 12 14 0 501 1533 1 7465611 19567 1.6 18 11 2 6 86%  75 4816 401 29%
c - 232.18 12 14 0 502 1533 1 7487995 20861 1.7 19 11 2 6 85%  75 4816 401 29%
c - 232.90 12 14 0 503 1533 1 7510401 21401 1.7 19 11 2 6 84%  75 4816 401 29%
c - 233.62 12 14 0 504 1533 1 7532828 22302 1.8 19 11 2 6 84%  75 4816 401 29%
c - 234.39 12 14 0 505 1533 1 7555277 22652 1.8 20 11 2 6 84%  75 4816 401 29%
c - 235.23 12 14 0 506 1533 1 7577749 22001 1.8 20 11 2 6 84%  75 4816 401 29%
c - 235.94 12 14 0 507 1533 1 7600244 21463 1.7 19 11 2 6 84%  75 4816 401 29%
c u 236.55 12 14 0 507 1533 1 7617352 33537 1.8 20 11 2 6 82%  75 4816 401 29%
c v 236.87 12 14 0 507 1533 1 7617352 30079 1.8 20 11 2 6 82%  75 4816 401 29%
c w 236.99 13 14 0 507 1533 1 7617352 26367 1.8 20 11 2 6 82%  75 4816 401 29%
c - 237.18 13 14 0 508 1535 1 7622761 17828 1.8 20 11 2 6 83%  75 4816 401 29%
c B 237.68 13 14 0 508 1545 1 7638917 27721 1.8 19 11 2 6 83%  75 4816 401 29%
c o 237.68 13 14 0 508 1545 1 7638917 27721 1.8 19 11 2 6 83%  75 4816 401 29%
c - 237.87 13 14 0 509 1547 1 7645300 19593 1.8 19 11 2 6 83%  75 4816 401 29%
c - 238.48 13 13 0 510 1557 1 7667861 20989 1.7 19 11 2 6 84%  75 4816 401 29%
c - 239.07 13 13 0 511 1564 1 7690444 20485 1.7 18 11 2 6 84%  75 4816 401 29%
c - 239.68 13 13 0 512 1571 1 7713050 21580 1.7 17 10 2 6 85%  76 4816 401 29%
c
c seconds   switched     rate           size/glue  tier1   binary      remaining
c         MB  reductions    conflicts         size   tier2   irredundant
c          level    restarts       redundant     glue   trail      variables
c
c - 240.38 13 12 0 513 1579 1 7735677 22548 1.7 16 10 2 6 86%  77 4816 401 29%
c - 241.09 13 12 0 514 1593 1 7758327 22720 1.6 16 10 2 6 86%  78 4816 401 29%
c i 241.46 13 11 0 514 1595 1 7771060 28122 1.6 15 9 2 6 86%  91 4816 400 29%
c - 241.78 11 12 0 515 1595 1 7780998 15111 1.6 16 10 2 6 86%  65 4816 400 29%
c - 242.56 12 12 0 516 1596 1 7803691 16121 1.6 16 10 2 6 87%  65 4816 400 29%
c - 243.28 13 12 0 517 1602 1 7826407 17073 1.6 16 10 2 6 88%  65 4816 400 29%
c - 244.04 13 12 0 518 1611 1 7849144 18569 1.6 17 10 2 6 88%  65 4816 400 29%
c - 244.74 13 12 0 519 1625 1 7871903 19665 1.6 17 10 2 6 88%  65 4816 400 29%
c - 245.54 13 12 0 520 1627 1 7894684 20910 1.6 17 10 2 6 88%  65 4816 400 29%
c - 246.32 13 12 0 521 1638 1 7917487 21547 1.6 16 10 2 6 88%  65 4816 400 29%
c u 247.03 13 12 0 521 1644 1 7935251 29625 1.6 16 10 2 6 88%  74 4616 400 29%
c v 247.26 13 12 0 521 1644 1 7935251 25825 1.6 16 10 2 6 88%  74 4616 400 29%
c w 247.34 13 12 0 521 1644 1 7935251 20992 1.6 16 10 2 6 88%  74 4616 400 29%
c x 247.36 13 12 0 521 1644 1 7935251 20985 1.6 16 10 2 6 88%  77 4535 400 29%
c d 247.36 13 12 0 521 1644 1 7935251 20985 1.6 16 10 2 6 88%  75 4535 399 29%
c t 247.36 13 12 0 521 1644 1 7935251 20985 1.6 16 10 2 6 88%  72 4535 399 29%
c u 247.46 13 12 0 521 1644 1 7935251 20532 1.6 16 10 2 6 88%  72 4535 399 29%
c v 247.65 13 12 0 521 1644 1 7935251 18396 1.6 16 10 2 6 88%  72 4535 399 29%
c w 247.80 13 12 0 521 1644 1 7935251 17629 1.6 16 10 2 6 88%  72 4535 399 29%
c = 249.03 28 12 0 521 1644 1 7935251 17629 1.6 16 10 2 6 88%  74 4527 398 29%
c
c seconds   switched     rate           size/glue  tier1   binary      remaining
c         MB  reductions    conflicts         size   tier2   irredundant
c          level    restarts       redundant     glue   trail      variables
c
c d 249.03 28 12 0 521 1644 1 7935251 17225 1.6 16 10 2 6 88%  71 4527 398 29%
c - 249.20 26 12 0 522 1648 1 7940312 14372 1.6 16 10 2 6 88%  71 4527 398 29%
c - 249.89 27 12 0 523 1657 1 7963160 18627 1.6 16 10 2 6 88%  72 4526 398 29%
c - 250.67 28 12 0 524 1659 1 7986031 21489 1.6 16 10 2 6 88%  72 4526 398 29%
c W 250.93 28 12 0 524 1659 1 7992087 25094 1.6 16 10 2 6 88%  72 4526 398 29%
c o 250.93 28 12 0 524 1659 1 7992087 25094 1.6 16 10 2 6 88%  72 4526 398 29%
c - 251.56 28 12 0 525 1659 1 8008922 20361 1.6 17 10 2 6 88%  72 4526 398 29%
c - 252.32 28 13 0 526 1660 1 8031834 19657 1.7 18 11 2 6 88%  72 4526 398 29%
c - 253.04 28 13 0 527 1660 1 8054768 19512 1.7 18 11 2 6 88%  72 4526 398 29%
c s 253.11 28 13 0 527 1660 1 8057208 20850 1.7 18 11 2 6 88%  72 4516 398 29%
c e 253.12 28 13 0 527 1660 1 8057208 20850 1.7 18 11 2 6 88%  65 4639 387 28%
c s 253.12 28 13 0 527 1660 1 8057208 20850 1.7 18 11 2 6 88%  65 4598 387 28%
c e 253.12 28 13 0 527 1660 1 8057208 20850 1.7 18 11 2 6 88%  62 4638 384 28%
c - 253.77 28 13 0 528 1660 1 8077725 18487 1.7 18 11 2 6 87%  62 4638 384 28%
c - 254.51 28 13 0 529 1673 1 8100705 20083 1.7 18 11 2 6 87%  62 4638 384 28%
c - 255.20 28 13 0 530 1682 1 8123705 20687 1.7 17 11 2 6 87%  62 4638 384 28%
c - 255.86 28 12 0 531 1690 1 8146726 20993 1.6 17 10 2 6 87%  63 4637 384 28%
c - 256.74 28 12 0 532 1697 1 8169771 22924 1.6 16 10 2 6 86%  63 4637 384 28%
c - 257.63 28 12 0 533 1706 1 8192837 22422 1.6 16 10 2 6 86%  64 4637 384 28%
c - 258.44 28 12 0 534 1719 1 8215923 22973 1.6 16 10 2 6 87%  65 4637 384 28%
c
c seconds   switched     rate           size/glue  tier1   binary      remaining
c         MB  reductions    conflicts         size   tier2   irredundant
c          level    restarts       redundant     glue   trail      variables
c
c - 259.20 28 12 0 535 1722 1 8239031 22442 1.6 16 10 2 6 87%  65 4637 384 28%
c - 259.96 28 11 0 536 1723 1 8262161 21402 1.6 15 10 2 6 87%  66 4637 384 28%
c u 260.11 28 11 0 536 1723 1 8263419 20274 1.6 15 10 2 6 87%  71 4637 384 28%
c v 260.26 28 11 0 536 1723 1 8263419 15375 1.6 15 10 2 6 87%  72 4637 384 28%
c w 260.27 28 11 0 536 1723 1 8263419 15090 1.6 15 10 2 6 87%  72 4637 384 28%
c - 260.88 28 11 0 537 1729 1 8285314 18664 1.6 15 9 2 6 87%  73 4637 384 28%
c i 261.08 28 11 0 537 1732 1 8291690 21048 1.6 15 9 2 6 87%  83 4637 383 28%
c - 261.63 28 11 0 538 1738 1 8308487 15192 1.6 15 9 2 6 87%  68 4637 383 28%
c - 262.38 28 11 0 539 1752 1 8331683 18397 1.6 15 9 2 6 86%  68 4637 383 28%
c - 263.21 28 11 0 540 1754 1 8354899 20819 1.6 15 9 2 6 85%  69 4637 383 28%
c O 263.22 28 11 0 540 1754 1 8355157 20972 1.6 15 9 2 6 85%  69 4637 383 28%
c o 263.22 28 11 0 540 1754 1 8355157 20972 1.6 15 9 2 6 85%  69 4637 383 28%
c - 264.05 28 11 0 541 1766 1 8378137 21318 1.6 15 9 2 6 86%  70 4637 383 28%
c - 264.81 28 11 0 542 1776 1 8401398 22489 1.7 15 9 2 6 87%  70 4637 383 28%
c - 265.63 28 11 0 543 1784 1 8424678 24216 1.7 15 9 2 6 87%  71 4637 383 28%
c - 266.47 28 11 0 544 1786 1 8447981 25630 1.8 16 9 2 6 87%  73 4637 383 28%
c i 266.96 28 10 0 544 1786 1 8462811 32530 1.7 15 9 2 6 87%  85 4637 376 28%
c - 267.24 28 10 0 545 1786 1 8471304 15942 1.7 15 9 2 6 87%  77 4637 376 28%
c i 267.51 28 10 0 545 1787 1 8481703 21274 1.7 15 8 2 6 85%  92 4637 362 26%
c i 267.67 28 10 0 545 1787 1 8486969 23823 1.7 14 8 2 6 85%  99 4637 347 25%
c
c seconds   switched     rate           size/glue tier1   binary      remaining
c         MB  reductions    conflicts         size  tier2   irredundant
c          level    restarts       redundant    glue   trail      variables
c
c i 267.76 28 10 0 545 1787 1 8490245 25728 1.7 14 8 2 6 85% 110 4637 343 25%
c i 267.79 28 10 0 545 1787 1 8491398 26178 1.7 14 8 2 6 85% 120 4637 340 25%
c i 267.82 28 10 0 545 1787 1 8492236 26530 1.7 14 8 2 6 85% 130 4637 305 22%
c i 267.83 28 10 0 545 1787 1 8492481 26628 1.7 14 8 2 6 85% 136 4637 300 22%
c i 267.83 28 10 0 545 1787 1 8492666 26697 1.7 14 8 2 6 85% 143 4637 293 21%
c i 267.84 28 10 0 545 1787 1 8492820 26753 1.7 14 8 2 6 85% 149 4637 292 21%
c i 267.84 28 10 0 545 1787 1 8492935 26834 1.7 14 8 2 6 85% 156 4637 291 21%
c i 267.84 28 10 0 545 1787 1 8492946 26834 1.7 14 8 2 6 85% 161 4637 269 20%
c i 267.84 28 10 0 545 1787 1 8492956 26834 1.7 14 8 2 6 85% 165 4637 253 19%
c ] 267.84 28 10 0 545 1787 1 8492960 26834 1.7 14 8 2 6 85% 167 4637 71 5%
c 0 267.84 28 0 0 545 1787 0 8492960 26834 0.0 0 0 2 6 0% 167 4637 71 5%
c
c ---- [ result ] ------------------------------------------------------------
c
s UNSATISFIABLE
c
c ---- [ profiling ] ---------------------------------------------------------
c
c         248.09   92.62 %  search
c         248.09   92.62 %  stable
c          19.73    7.37 %  simplify
c          19.34    7.22 %  probe
c          12.83    4.79 %  vivify
c           6.34    2.37 %  sweep
c           0.98    0.37 %  reduce
c           0.34    0.13 %  walking
c           0.11    0.04 %  substitute
c           0.07    0.03 %  eliminate
c           0.04    0.02 %  factor
c           0.02    0.01 %  preprocess
c           0.01    0.00 %  subsume
c           0.01    0.00 %  congruence
c           0.01    0.00 %  transitive
c           0.00    0.00 %  backbone
c           0.00    0.00 %  parse
c           0.00    0.00 %  lucky
c =============================================
c         267.84  100.00 %  total
c
c ---- [ statistics ] --------------------------------------------------------
c
c conflicts:                          8492960            31708.68 per second
c congruent:                               53                4 %  variables
c decisions:                          8917470                1.05 per conflict
c eliminated:                             952               70 %  variables
c factored:                                61                4 %  variables
c iterations:                              15                1 %  variables
c propagations:                    1112517744          4153613    per second
c reductions:                             545            15583    interval
c reordered:                               37           229539    interval
c rephased:                                60           141549    interval
c restarts:                              1787             4753    interval
c strengthened:                          1336                0 %  checks
c substituted:                             86                6 %  variables
c subsumed:                               761                0 %  checks
c switched:                                 0                0    interval
c vivified:                            432485               46 %  checks
c walks:                                   20           424648    interval
c
c ---- [ glue usage ] --------------------------------------------------------
c
c stable glue 2 used 30427274 clauses 22.17% accumulated 67.37% tier1
c stable glue 3 used 16423329 clauses 11.97% accumulated 79.33%
c stable glue 4 used  7359667 clauses  5.36% accumulated 84.70%
c stable glue 5 used  4653798 clauses  3.39% accumulated 88.09%
c stable glue 6 used  3238375 clauses  2.36% accumulated 90.45% tier2
c
c ---- [ resources ] ---------------------------------------------------------
c
c maximum-resident-set-size:        428707840 bytes        409 MB
c process-time:                         4m 28s             267.84 seconds
c
c ---- [ shutting down ] -----------------------------------------------------
c
c exit 20
