c ---- [ banner ] ------------------------------------------------------------
c
c Kissat SAT Solver
c 
c Copyright (c) 2021-2024 Armin Biere University of Freiburg
c Copyright (c) 2019-2021 Armin Biere Johannes Kepler University Linz
c 
c Version 4.0.4 8af8e56f174b778aef3aa45af9f739b2a5f492c2
c gcc (GCC) 15.2.1 20260123 (Red Hat 15.2.1-7) -W -Wall -O3 -DNDEBUG
c Thu Apr 23 06:47:51 PM IST 2026 Linux krishnendu-LN 6.19.12-200.fc43.x86_64 x86_64
c
c ---- [ parsing ] -----------------------------------------------------------
c
c opened and reading DIMACS file:
c
c   /home/krishnendu/Research/fv-invariant-mining/data/circuits/cnf/miter_mult_8bit.cnf
c
c parsed 'p cnf 679 2553' header
c closing input after reading 37235 bytes (36 KB)
c finished parsing after 0.00 seconds
c
c ---- [ options ] -----------------------------------------------------------
c
c --decay=20                       (different from default '50')
c --eliminateeffort=1700           (different from default '100')
c --stable=2                       (different from default '1')
c
c ---- [ solving ] -----------------------------------------------------------
c
c seconds switched rate     size/glue tier1 binary      remaining
c        MB reductions conflicts size  tier2  irredundant
c         level restarts redundant glue  trail      variables
c
c *  0.00  3 0 0 0  0 0   0   0 0.0 0 0 0 0 0% 887 1664 676 100%
c (  0.00  3 0 0 0  0 0   0   0 0.0 0 0 0 0 0% 887 1664 676 100%
c .  0.00  3 0 0 0  0 0   0   0 0.0 0 0 0 0 0% 883 1664 676 100%
c c  0.00  3 0 0 0  0 0   0   0 0.0 0 0 0 0 0% 919 1662 649 96%
c d  0.00  3 0 0 0  0 0   0   0 0.0 0 0 0 0 0% 829 1662 649 96%
c =  0.02  3 0 0 0  0 0   0   0 0.0 0 0 0 0 0% 843 1650 641 95%
c d  0.02  3 0 0 0  0 0   0   0 0.0 0 0 0 0 0% 823 1650 641 95%
c f  0.02  3 0 0 0  0 0   0   0 0.0 0 0 0 0 0% 812 1635 662 98%
c )  0.02  3 0 0 0  0 0   0   0 0.0 0 0 0 0 0% 812 1635 662 98%
c [  0.02  3 0 0 0  0 0   0   0 0.0 0 0 2 6 0% 812 1635 662 98%
c -  0.05  4 11 0 1  0 1 1000 860 3.6 26 7 4 9 90% 814 1635 662 98%
c B  0.05  4 11 0 1  0 1 1002 862 3.6 26 7 4 9 90% 814 1635 662 98%
c -  0.07  4 11 0 2  1 1 2000 1571 3.0 23 8 3 9 87% 818 1635 662 98%
c W  0.08  4 11 0 2  1 1 2003 1573 3.0 23 8 3 9 87% 818 1635 662 98%
c -  0.11  4 12 0 3  2 1 3415 2122 2.4 20 8 4 10 88% 820 1635 662 98%
c u  0.11  4 12 0 3  2 1 3666 2233 2.3 20 9 4 10 88% 824 1635 662 98%
c v  0.12  4 12 0 3  2 1 3666 2078 2.3 20 9 4 10 88% 824 1635 662 98%
c w  0.12  4 12 0 3  2 1 3666 2059 2.3 20 9 4 10 88% 824 1635 662 98%
c x  0.12  4 12 0 3  2 1 3666 2059 2.3 20 9 4 10 88% 830 1605 662 98%
c =  0.14  4 12 0 3  2 1 3666 2059 2.3 20 9 4 10 88% 872 1603 641 95%
c
c seconds  switched rate       size/glue tier1    binary      remaining
c        MB reductions conflicts     size  tier2    irredundant
c         level restarts  redundant    glue    trail      variables
c
c d  0.14  4 12 0 3  2 1 3666 2058 2.3 20 9 4 10 88% 810 1603 641 95%
c t  0.14  4 12 0 3  2 1 3666 2058 2.3 20 9 4 10 88% 805 1603 641 95%
c u  0.14  4 12 0 3  2 1 3666 2051 2.3 20 9 4 10 88% 805 1603 641 95%
c v  0.15  4 12 0 3  2 1 3666 1936 2.3 20 9 4 10 88% 805 1603 641 95%
c w  0.15  4 12 0 3  2 1 3666 1838 2.3 20 9 4 10 88% 805 1603 641 95%
c x  0.15  4 12 0 3  2 1 3666 1837 2.3 20 9 4 10 88% 805 1600 641 95%
c I  0.18  4 12 0 3  3 1 4263 2231 2.2 19 9 4 10 88% 805 1599 641 95%
c -  0.19  4 12 0 4  3 1 5148 2304 2.1 18 9 4 10 88% 805 1599 641 95%
c -  0.22  5 12 0 5  5 1 7148 3190 2.0 17 9 4 10 86% 808 1599 641 95%
c B  0.23  5 12 0 5  5 1 8035 3814 2.0 17 8 4 10 85% 810 1599 641 95%
c -  0.27  5 12 0 6  6 1 9385 3821 1.9 17 9 3 10 85% 810 1599 641 95%
c u  0.30  5 12 0 6  6 1 11314 5252 1.9 17 9 3 10 84% 817 1599 641 95%
c v  0.31  5 12 0 6  6 1 11314 5137 1.9 17 9 3 10 84% 817 1599 641 95%
c w  0.31  5 12 0 6  6 1 11314 5131 1.9 17 9 3 10 84% 817 1599 641 95%
c t  0.31  5 12 0 6  6 1 11314 5131 1.9 17 9 3 10 84% 815 1599 641 95%
c o  0.31  5 12 0 6  6 1 11314 5131 1.9 17 9 3 10 84% 815 1599 641 95%
c -  0.32  5 12 0 7  6 1 11836 4091 1.9 17 9 3 10 84% 815 1599 641 95%
c W  0.35  5 12 0 7  8 1 13566 5122 1.8 16 9 3 10 85% 815 1599 641 95%
c -  0.37  5 12 0 8  9 1 14481 4320 1.8 16 9 3 10 85% 816 1599 641 95%
c -  0.43  5 12 0 9 10 1 17310 4162 1.8 16 9 3 9 87% 817 1599 641 95%
c
c seconds  switched rate        size/glue tier1   binary      remaining
c        MB reductions conflicts      size  tier2   irredundant
c         level restarts   redundant    glue   trail      variables
c
c s  0.44  5 12 0 9 11 1 18329 4821 1.8 16 9 3 9 86% 817 1596 641 95%
c e  0.44  5 12 0 9 11 1 18329 4821 1.8 16 9 3 9 86% 253 1904 398 59%
c s  0.44  5 12 0 9 11 1 18329 4821 1.8 16 9 3 9 86% 255 1850 398 59%
c e  0.45  5 12 0 9 11 1 18329 4821 1.8 16 9 3 9 86% 243 1861 389 57%
c ^  0.45  5 12 0 9 11 1 18329 4821 1.8 16 9 3 9 86% 243 1861 389 57%
c -  0.47  5 11 0 10 12 1 20310 2691 1.8 16 9 3 9 87% 243 1861 389 57%
c O  0.48  5 11 0 10 13 1 21098 3239 1.8 16 9 3 9 87% 243 1861 389 57%
c u  0.52  5 11 0 10 13 1 23183 4527 1.8 16 9 3 9 87% 243 1861 389 57%
c v  0.53  5 11 0 10 13 1 23183 4095 1.8 16 9 3 9 87% 243 1861 389 57%
c w  0.53  5 11 0 10 13 1 23183 4020 1.8 16 9 3 9 87% 243 1861 389 57%
c x  0.53  5 11 0 10 13 1 23183 4020 1.8 16 9 3 9 87% 246 1793 389 57%
c =  0.56  5 11 0 10 13 1 23183 4020 1.8 16 9 3 9 87% 246 1789 388 57%
c t  0.56  5 11 0 10 13 1 23183 4005 1.8 16 9 3 9 87% 243 1789 388 57%
c f  0.56  5 11 0 10 13 1 23183 4005 1.8 16 9 3 9 87% 273 1719 406 60%
c u  0.56  5 11 0 10 13 1 23183 3989 1.8 16 9 3 9 87% 273 1719 406 60%
c v  0.57  5 11 0 10 13 1 23183 3860 1.8 16 9 3 9 87% 273 1719 406 60%
c w  0.57  5 11 0 10 13 1 23183 3237 1.8 16 9 3 9 87% 273 1719 406 60%
c x  0.57  5 11 0 10 13 1 23183 3237 1.8 16 9 3 9 87% 275 1714 406 60%
c o  0.60  5 11 0 10 13 1 23183 3237 1.8 16 9 3 9 87% 275 1714 406 60%
c -  0.60  5 11 0 11 13 1 23472 2860 1.8 16 9 3 9 87% 274 1714 406 60%
c
c seconds  switched  rate        size/glue tier1   binary      remaining
c        MB  reductions conflicts      size  tier2   irredundant
c         level  restarts   redundant    glue   trail      variables
c
c -  0.66  5 11 0 12 14 1 26788 3717 1.8 16 9 3 9 88% 276 1714 406 60%
c -  0.71  5 11 0 13 14 1 30253 4575 1.8 15 9 3 9 88% 276 1714 406 60%
c B  0.72  5 11 0 13 14 1 30859 5040 1.8 16 9 3 9 88% 276 1714 406 60%
c -  0.77  6 11 0 14 15 1 33858 5283 1.8 16 9 3 9 89% 276 1714 406 60%
c e  0.82  6 11 0 14 18 1 37141 7183 1.8 16 9 3 9 89% 222 1804 357 53%
c s  0.82  6 11 0 14 18 1 37141 7183 1.8 16 9 3 9 89% 225 1788 357 53%
c e  0.82  6 11 0 14 18 1 37141 7183 1.8 16 9 3 9 89% 223 1791 355 52%
c ^  0.82  6 11 0 14 18 1 37141 7183 1.8 16 9 3 9 89% 223 1791 355 52%
c -  0.83  6 11 0 15 18 1 37600 3454 1.8 16 9 3 9 89% 223 1791 355 52%
c u  0.86  6 11 0 15 20 1 40090 4733 1.8 15 9 3 9 89% 223 1791 355 52%
c v  0.88  6 11 0 15 20 1 40090 4125 1.8 15 9 3 9 89% 223 1791 355 52%
c w  0.88  6 11 0 15 20 1 40090 2755 1.8 15 9 3 9 89% 223 1791 355 52%
c t  0.88  6 11 0 15 20 1 40090 2755 1.8 15 9 3 9 89% 221 1791 355 52%
c f  0.88  6 11 0 15 20 1 40090 2755 1.8 15 9 3 9 89% 226 1777 358 53%
c u  0.88  6 11 0 15 20 1 40090 2727 1.8 15 9 3 9 89% 226 1777 358 53%
c v  0.89  6 11 0 15 20 1 40090 2471 1.8 15 9 3 9 89% 226 1777 358 53%
c w  0.90  6 11 0 15 20 1 40090 2393 1.8 15 9 3 9 89% 226 1777 358 53%
c x  0.90  6 11 0 15 20 1 40090 2393 1.8 15 9 3 9 89% 230 1752 358 53%
c =  0.93  6 11 0 15 20 1 40090 2393 1.8 15 9 3 9 89% 232 1750 357 53%
c d  0.93  6 11 0 15 20 1 40090 2393 1.8 15 9 3 9 89% 230 1750 357 53%
c
c seconds  switched  rate        size/glue tier1   binary      remaining
c        MB  reductions conflicts      size  tier2   irredundant
c         level  restarts   redundant    glue   trail      variables
c
c t  0.93  6 11 0 15 20 1 40090 2393 1.8 15 9 3 9 89% 228 1750 357 53%
c f  0.93  6 11 0 15 20 1 40090 2393 1.8 15 9 3 9 89% 229 1746 358 53%
c -  0.95  5 11 0 16 21 1 41473 2412 1.8 15 9 3 9 89% 229 1746 358 53%
c W  0.97  5 11 0 16 21 1 43081 3559 1.8 15 9 3 9 89% 229 1746 358 53%
c -  1.01  5 11 0 17 22 1 45473 4076 1.8 15 9 3 9 89% 229 1745 358 53%
c -  1.07  6 11 0 18 25 1 49596 5287 1.8 15 9 3 9 89% 229 1745 358 53%
c -  1.14  6 11 0 19 28 1 53838 6468 1.8 15 8 3 9 88% 230 1745 358 53%
c I  1.23  6 11 0 19 29 1 57987 8660 1.8 15 8 3 9 88% 230 1744 358 53%
c o  1.23  6 11 0 19 29 1 57987 8660 1.8 15 8 3 9 88% 230 1744 358 53%
c -  1.24  6 11 0 20 29 1 58197 6621 1.8 15 8 3 8 88% 230 1744 358 53%
c u  1.30  6 10 0 20 29 1 61888 8843 1.8 15 8 3 8 89% 231 1744 358 53%
c v  1.31  7 10 0 20 29 1 61888 8706 1.8 15 8 3 8 89% 231 1744 358 53%
c w  1.31  7 10 0 20 29 1 61888 8039 1.8 15 8 3 8 89% 231 1744 358 53%
c x  1.32  7 10 0 20 29 1 61888 8038 1.8 15 8 3 8 89% 231 1738 358 53%
c -  1.37  6 10 0 21 29 1 62669 6166 1.8 15 8 2 8 89% 231 1738 358 53%
c -  1.45  6 10 0 22 30 1 67252 6582 1.8 15 8 2 8 89% 232 1738 358 53%
c -  1.53  7 10 0 23 30 1 71943 7077 1.8 15 8 2 8 89% 232 1738 358 53%
c B  1.60  7 10 0 23 30 1 75791 9216 1.8 14 8 2 8 89% 232 1738 358 53%
c -  1.62  7 10 0 24 30 1 76740 7115 1.8 14 8 2 8 89% 233 1738 358 53%
c s  1.65  7 10 0 24 30 1 78235 7910 1.8 14 8 2 8 89% 233 1736 358 53%
c
c seconds  switched  rate        size/glue tier1   binary      remaining
c        MB  reductions conflicts      size  tier2   irredundant
c         level  restarts   redundant    glue   trail      variables
c
c e  1.65  7 10 0 24 30 1 78235 7910 1.8 14 8 2 8 89% 163 1867 323 48%
c s  1.65  7 10 0 24 30 1 78235 7910 1.8 14 8 2 8 89% 163 1843 323 48%
c ^  1.65  7 10 0 24 30 1 78235 7910 1.8 14 8 2 8 89% 163 1843 323 48%
c -  1.71  7 10 0 25 30 1 81638 5446 1.8 14 8 2 8 89% 164 1843 323 48%
c -  1.80  6 10 0 26 34 1 86638 5884 1.7 14 8 2 8 89% 166 1843 323 48%
c u  1.84  6 10 0 26 36 1 88721 6591 1.7 14 8 2 8 89% 169 1843 323 48%
c v  1.86  7 10 0 26 36 1 88721 4424 1.7 14 8 2 8 89% 172 1843 323 48%
c w  1.86  7 10 0 26 36 1 88721 2838 1.7 14 8 2 8 89% 172 1843 323 48%
c t  1.86  7 10 0 26 36 1 88721 2838 1.7 14 8 2 8 89% 168 1843 323 48%
c o  1.86  7 10 0 26 36 1 88721 2838 1.7 14 8 2 8 89% 168 1843 323 48%
c -  1.91  7 10 0 27 37 1 91737 3534 1.7 14 8 2 8 89% 168 1843 323 48%
c W  1.99  6 10 0 27 40 1 96703 5872 1.7 13 8 2 8 89% 170 1843 323 48%
c -  1.99  6 10 0 28 40 1 96933 5308 1.7 14 8 2 8 89% 170 1843 323 48%
c -  2.08  6 10 0 29 43 1 102224 6110 1.7 13 8 2 8 89% 172 1843 323 48%
c i  2.09  6 10 0 29 44 1 103298 6527 1.7 13 8 2 8 89% 182 1843 316 47%
c i  2.14  6 10 0 29 44 1 106026 7723 1.7 13 8 2 8 89% 192 1843 314 46%
c i  2.16  6 10 0 29 45 1 107347 8333 1.7 13 8 2 8 89% 201 1843 313 46%
c -  2.17  5 10 0 30 45 1 107610 1893 1.7 13 8 2 8 89% 152 1843 313 46%
c i  2.18  5 10 0 30 45 1 108362 2233 1.7 13 8 2 8 89% 161 1843 312 46%
c i  2.18  5 10 0 30 45 1 108465 2270 1.7 13 8 2 8 89% 167 1843 311 46%
c
c seconds switched  rate         size/glue tier1   binary      remaining
c        MB reductions conflicts       size  tier2   irredundant
c         level restarts    redundant    glue   trail      variables
c
c i  2.18  5 9 0 30 45 1 108631 2320 1.7 13 8 2 8 89% 174 1843 271 40%
c i  2.18  5 9 0 30 45 1 108648 2321 1.7 13 8 2 8 89% 178 1843 255 38%
c i  2.18  5 9 0 30 45 1 108664 2323 1.7 13 8 2 8 89% 182 1843 254 37%
c i  2.19  5 9 0 30 45 1 108670 2323 1.7 13 8 2 8 89% 184 1843 248 37%
c i  2.19  5 9 0 30 45 1 108677 2324 1.7 13 8 2 8 89% 187 1843 229 34%
c i  2.19  5 9 0 30 45 1 108681 2324 1.7 13 8 2 8 89% 189 1843 215 32%
c i  2.19  5 9 0 30 45 1 108683 2324 1.7 13 8 2 8 89% 190 1843 113 17%
c ]  2.19  5 9 0 30 45 1 108686 2324 1.7 13 8 2 8 89% 191 1843 80 12%
c 0  2.19  5 0 0 30 45 0 108686 2324 0.0 0 0 2 6 0% 191 1843 80 12%
c
c ---- [ result ] ------------------------------------------------------------
c
s UNSATISFIABLE
c
c ---- [ profiling ] ---------------------------------------------------------
c
c           1.83   83.65 %  search
c           1.83   83.65 %  stable
c           0.34   15.69 %  probe
c           0.33   15.33 %  simplify
c           0.18    8.30 %  sweep
c           0.15    6.69 %  vivify
c           0.02    0.99 %  preprocess
c           0.02    0.98 %  reduce
c           0.01    0.37 %  eliminate
c           0.01    0.29 %  substitute
c           0.01    0.25 %  walking
c           0.00    0.23 %  factor
c           0.00    0.11 %  congruence
c           0.00    0.07 %  subsume
c           0.00    0.04 %  transitive
c           0.00    0.02 %  lucky
c           0.00    0.02 %  backbone
c           0.00    0.01 %  parse
c =============================================
c           2.19  100.00 %  total
c
c ---- [ statistics ] --------------------------------------------------------
c
c conflicts:                           108686            49701.18 per second
c congruent:                               27                4 %  variables
c decisions:                           116809                1.07 per conflict
c eliminated:                             338               50 %  variables
c factored:                                43                6 %  variables
c iterations:                              13                2 %  variables
c propagations:                      15161389          6933174    per second
c reductions:                              30             3623    interval
c reordered:                                4            27172    interval
c rephased:                                11             9881    interval
c restarts:                                45             2415    interval
c strengthened:                           131                0 %  checks
c substituted:                             56                8 %  variables
c subsumed:                                94                0 %  checks
c switched:                                 0                0    interval
c vivified:                             13685               51 %  checks
c walks:                                    4            27172    interval
c
c ---- [ glue usage ] --------------------------------------------------------
c
c stable glue 2   used 135044 clauses 18.57% accumulated 55.80% tier1
c stable glue 3   used  95021 clauses 13.06% accumulated 68.86%
c stable glue 4-6 used 124249 clauses 17.08% accumulated 85.94%
c stable glue 7   used  28839 clauses  3.96% accumulated 89.91%
c stable glue 8   used  25849 clauses  3.55% accumulated 93.46% tier2
c
c ---- [ resources ] ---------------------------------------------------------
c
c maximum-resident-set-size:        419086336 bytes        400 MB
c process-time:                             2s               2.19 seconds
c
c ---- [ shutting down ] -----------------------------------------------------
c
c exit 20
