c ---- [ banner ] ------------------------------------------------------------
c
c Kissat SAT Solver
c 
c Copyright (c) 2021-2024 Armin Biere University of Freiburg
c Copyright (c) 2019-2021 Armin Biere Johannes Kepler University Linz
c 
c Version 4.0.4 8af8e56f174b778aef3aa45af9f739b2a5f492c2
c gcc (GCC) 15.2.1 20260123 (Red Hat 15.2.1-7) -W -Wall -O3 -DNDEBUG
c Thu Apr 23 06:47:51 PM IST 2026 Linux krishnendu-LN 6.19.12-200.fc43.x86_64 x86_64
c
c ---- [ parsing ] -----------------------------------------------------------
c
c opened and reading DIMACS file:
c
c   /home/krishnendu/Research/fv-invariant-mining/data/circuits/cnf/miter_mult_8bit.cnf
c
c parsed 'p cnf 679 2553' header
c closing input after reading 37235 bytes (36 KB)
c finished parsing after 0.00 seconds
c
c ---- [ options ] -----------------------------------------------------------
c
c --decay=1                        (different from default '50')
c --stable=2                       (different from default '1')
c
c ---- [ solving ] -----------------------------------------------------------
c
c seconds switched rate     size/glue tier1 binary      remaining
c        MB reductions conflicts size  tier2  irredundant
c         level restarts redundant glue  trail      variables
c
c *  0.00  3 0 0 0  0 0   0   0 0.0 0 0 0 0 0% 887 1664 676 100%
c (  0.00  3 0 0 0  0 0   0   0 0.0 0 0 0 0 0% 887 1664 676 100%
c .  0.00  3 0 0 0  0 0   0   0 0.0 0 0 0 0 0% 883 1664 676 100%
c c  0.00  3 0 0 0  0 0   0   0 0.0 0 0 0 0 0% 919 1662 649 96%
c d  0.00  3 0 0 0  0 0   0   0 0.0 0 0 0 0 0% 829 1662 649 96%
c =  0.02  3 0 0 0  0 0   0   0 0.0 0 0 0 0 0% 843 1650 641 95%
c d  0.02  3 0 0 0  0 0   0   0 0.0 0 0 0 0 0% 823 1650 641 95%
c f  0.02  3 0 0 0  0 0   0   0 0.0 0 0 0 0 0% 812 1635 662 98%
c )  0.02  3 0 0 0  0 0   0   0 0.0 0 0 0 0 0% 812 1635 662 98%
c [  0.02  3 0 0 0  0 0   0   0 0.0 0 0 2 6 0% 812 1635 662 98%
c -  0.04  4 10 0 1  0 1 1000 850 3.4 21 6 4 8 82% 818 1635 662 98%
c B  0.04  4 10 0 1  0 1 1002 851 3.4 21 6 4 8 82% 818 1635 662 98%
c -  0.06  4 10 0 2  1 1 2002 1054 2.2 16 8 4 9 90% 818 1635 662 98%
c W  0.06  3 10 0 2  1 1 2004 1055 2.2 16 8 4 9 90% 818 1635 662 98%
c -  0.09  4 10 0 3  2 1 3417 964 1.9 15 8 3 9 93% 818 1635 662 98%
c u  0.10  4 10 0 3  2 1 3666 1003 1.8 15 8 3 9 93% 822 1635 662 98%
c v  0.10  4 10 0 3  2 1 3666 704 1.8 15 8 3 9 93% 822 1635 662 98%
c w  0.10  4 10 0 3  2 1 3666 508 1.8 15 8 3 9 93% 822 1635 662 98%
c x  0.10  4 10 0 3  2 1 3666 508 1.8 15 8 3 9 93% 828 1605 662 98%
c =  0.12  4 10 0 3  2 1 3666 508 1.8 15 8 3 9 93% 870 1603 641 95%
c
c seconds  switched rate      size/glue tier1   binary      remaining
c        MB reductions conflicts    size  tier2   irredundant
c         level restarts  redundant   glue   trail      variables
c
c d  0.12  4 10 0 3  2 1 3666 508 1.8 15 8 3 9 93% 808 1603 641 95%
c t  0.12  4 10 0 3  2 1 3666 508 1.8 15 8 3 9 93% 805 1603 641 95%
c u  0.12  4 10 0 3  2 1 3666 504 1.8 15 8 3 9 93% 805 1603 641 95%
c v  0.12  4 10 0 3  2 1 3666 417 1.8 15 8 3 9 93% 805 1603 641 95%
c w  0.12  4 10 0 3  2 1 3666 373 1.8 15 8 3 9 93% 805 1603 641 95%
c x  0.12  4 10 0 3  2 1 3666 373 1.8 15 8 3 9 93% 805 1601 641 95%
c I  0.15  4 10 0 3  3 1 4263 548 1.8 14 8 3 9 93% 805 1601 641 95%
c -  0.16  4 10 0 4  4 1 5149 1131 1.7 14 8 4 10 93% 805 1600 641 95%
c -  0.19  4 10 0 5  5 1 7149 2294 1.8 15 8 4 9 92% 806 1599 641 95%
c B  0.20  4 10 0 5  5 1 8034 3058 1.9 15 8 4 9 91% 806 1599 641 95%
c -  0.22  4 10 0 6  6 1 9385 3064 1.8 14 8 4 9 92% 806 1599 641 95%
c u  0.25  4 10 0 6  6 1 11315 4139 1.8 14 8 4 9 91% 812 1599 641 95%
c v  0.26  5 10 0 6  6 1 11315 3381 1.8 14 8 4 9 91% 812 1599 641 95%
c w  0.26  5 10 0 6  6 1 11315 3211 1.8 14 8 4 9 91% 812 1599 641 95%
c t  0.26  5 10 0 6  6 1 11315 3211 1.8 14 8 4 9 91% 811 1599 641 95%
c o  0.26  5 10 0 6  6 1 11315 3211 1.8 14 8 4 9 91% 811 1599 641 95%
c -  0.27  5 10 0 7  6 1 11834 2774 1.8 14 8 4 9 92% 811 1599 641 95%
c W  0.29  4 10 0 7  8 1 13565 3663 1.9 15 8 4 9 93% 811 1599 641 95%
c -  0.31  5 10 0 8  9 1 14480 3328 1.9 15 8 4 9 93% 811 1599 641 95%
c -  0.36  5 10 0 9 10 1 17309 3900 1.9 15 8 4 9 94% 813 1599 641 95%
c
c seconds  switched rate        size/glue tier1   binary      remaining
c        MB reductions conflicts      size  tier2   irredundant
c         level restarts   redundant    glue   trail      variables
c
c s  0.37  5 10 0 9 11 1 18330 4490 1.9 15 8 4 9 94% 813 1596 641 95%
c e  0.38  5 10 0 9 11 1 18330 4490 1.9 15 8 4 9 94% 251 1899 405 60%
c 2  0.38  5 10 0 9 11 1 18330 4490 1.9 15 8 4 9 94% 249 1899 405 60%
c s  0.38  5 10 0 9 11 1 18330 4490 1.9 15 8 4 9 94% 254 1840 405 60%
c e  0.38  5 10 0 9 11 1 18330 4490 1.9 15 8 4 9 94% 238 1856 398 59%
c ^  0.38  5 10 0 9 11 1 18330 4490 1.9 15 8 4 9 94% 238 1856 398 59%
c -  0.40  4 10 0 10 12 1 20309 2385 1.9 15 8 4 9 93% 238 1856 398 59%
c O  0.41  4 10 0 10 13 1 21093 2783 1.9 15 8 4 9 93% 238 1856 398 59%
c u  0.44  5 10 0 10 13 1 23189 3631 1.8 15 8 4 9 92% 238 1856 398 59%
c v  0.45  5 10 0 10 13 1 23189 3409 1.8 15 8 4 9 92% 238 1856 398 59%
c w  0.45  5 10 0 10 13 1 23189 3309 1.8 15 8 4 9 92% 238 1856 398 59%
c x  0.45  5 10 0 10 13 1 23189 3309 1.8 15 8 4 9 92% 242 1781 398 59%
c =  0.47  5 10 0 10 13 1 23189 3309 1.8 15 8 4 9 92% 242 1777 397 59%
c t  0.47  5 10 0 10 13 1 23189 3287 1.8 15 8 4 9 92% 240 1777 397 59%
c f  0.48  5 10 0 10 13 1 23189 3287 1.8 15 8 4 9 92% 267 1718 413 61%
c u  0.48  5 10 0 10 13 1 23189 3277 1.8 15 8 4 9 92% 267 1718 413 61%
c v  0.48  5 10 0 10 13 1 23189 2952 1.8 15 8 4 9 92% 267 1718 413 61%
c w  0.49  5 10 0 10 13 1 23189 2859 1.8 15 8 4 9 92% 267 1718 413 61%
c x  0.49  5 10 0 10 13 1 23189 2859 1.8 15 8 4 9 92% 267 1712 413 61%
c o  0.51  5 10 0 10 13 1 23189 2859 1.8 15 8 4 9 92% 267 1712 413 61%
c
c seconds  switched  rate        size/glue tier1   binary      remaining
c        MB  reductions conflicts      size  tier2   irredundant
c         level  restarts   redundant    glue   trail      variables
c
c -  0.52  5 10 0 11 13 1 23472 2230 1.8 15 8 4 9 93% 266 1712 413 61%
c -  0.57  5 10 0 12 14 1 26789 2330 1.8 15 8 4 9 93% 266 1712 413 61%
c -  0.62  5 10 0 13 14 1 30254 2659 1.8 14 8 4 9 94% 266 1712 413 61%
c B  0.63  5 10 0 13 14 1 30855 2929 1.8 14 8 4 9 94% 266 1712 413 61%
c -  0.67  5 10 0 14 15 1 33859 3011 1.7 14 8 4 9 94% 267 1712 413 61%
c e  0.73  5 10 0 14 18 1 37161 4331 1.7 14 8 4 9 94% 208 1816 354 52%
c s  0.73  5 10 0 14 18 1 37161 4331 1.7 14 8 4 9 94% 211 1795 354 52%
c e  0.73  5 10 0 14 18 1 37161 4331 1.7 14 8 4 9 94% 203 1806 351 52%
c ^  0.73  5 10 0 14 18 1 37161 4331 1.7 14 8 4 9 94% 203 1806 351 52%
c -  0.73  5 10 0 15 18 1 37600 2160 1.7 14 8 4 9 94% 203 1806 351 52%
c u  0.76  5 10 0 15 20 1 40113 3259 1.7 14 8 4 9 94% 204 1806 351 52%
c v  0.77  5 10 0 15 20 1 40113 2216 1.7 14 8 4 9 94% 204 1806 351 52%
c w  0.78  5 10 0 15 20 1 40113 1105 1.7 14 8 4 9 94% 204 1806 351 52%
c t  0.78  5 10 0 15 20 1 40113 1105 1.7 14 8 4 9 94% 203 1806 351 52%
c f  0.78  5 10 0 15 20 1 40113 1105 1.7 14 8 4 9 94% 204 1802 352 52%
c u  0.78  5 10 0 15 20 1 40113 1090 1.7 14 8 4 9 94% 204 1802 352 52%
c v  0.78  5 10 0 15 20 1 40113 940 1.7 14 8 4 9 94% 204 1802 352 52%
c w  0.79  5 10 0 15 20 1 40113 833 1.7 14 8 4 9 94% 204 1802 352 52%
c x  0.79  5 10 0 15 20 1 40113 833 1.7 14 8 4 9 94% 209 1777 352 52%
c =  0.82  5 10 0 15 20 1 40113 833 1.7 14 8 4 9 94% 211 1775 351 52%
c
c seconds  switched  rate       size/glue tier1   binary      remaining
c        MB  reductions conflicts     size  tier2   irredundant
c         level  restarts   redundant   glue   trail      variables
c
c d  0.82  5 10 0 15 20 1 40113 833 1.7 14 8 4 9 94% 209 1775 351 52%
c t  0.82  5 10 0 15 20 1 40113 833 1.7 14 8 4 9 94% 207 1775 351 52%
c -  0.84  5 10 0 16 21 1 41473 1207 1.7 13 8 4 9 94% 207 1775 351 52%
c W  0.85  5 10 0 16 21 1 43080 2022 1.7 13 8 4 9 94% 208 1774 351 52%
c -  0.88  5 10 0 17 22 1 45474 2797 1.7 13 8 4 9 94% 209 1773 351 52%
c -  0.94  5 9 0 18 25 1 49601 4052 1.7 13 8 4 9 93% 209 1773 351 52%
c -  1.00  5 9 0 19 28 1 53844 4099 1.6 13 8 3 9 93% 211 1773 351 52%
c i  1.02  5 9 0 19 28 1 55620 4623 1.6 12 8 3 9 93% 222 1773 350 52%
c o  1.02  5 9 0 19 28 1 55620 4623 1.6 12 8 3 9 93% 222 1773 350 52%
c I  1.06  5 9 0 19 29 1 57985 5137 1.6 12 8 3 9 94% 222 1773 350 52%
c -  1.06  5 9 0 20 29 1 58202 1737 1.6 12 8 3 9 94% 199 1773 350 52%
c u  1.12  5 9 0 20 29 1 61897 2608 1.6 12 8 3 9 94% 222 1705 350 52%
c v  1.13  5 9 0 20 29 1 61897 1942 1.6 12 8 3 9 94% 224 1705 350 52%
c w  1.14  5 9 0 20 29 1 61897 1583 1.6 12 8 3 9 94% 224 1705 350 52%
c x  1.14  5 9 0 20 29 1 61897 1583 1.6 12 8 3 9 94% 229 1673 350 52%
c =  1.18  5 9 0 20 29 1 61897 1583 1.6 12 8 3 9 94% 255 1668 337 50%
c d  1.18  5 9 0 20 29 1 61897 1495 1.6 12 8 3 9 94% 208 1668 337 50%
c t  1.18  5 9 0 20 29 1 61897 1495 1.6 12 8 3 9 94% 202 1668 337 50%
c u  1.18  5 9 0 20 29 1 61897 1457 1.6 12 8 3 9 94% 203 1668 337 50%
c v  1.19  5 9 0 20 29 1 61897 1231 1.6 12 8 3 9 94% 203 1668 337 50%
c
c seconds switched  rate       size/glue tier1   binary      remaining
c        MB reductions conflicts     size  tier2   irredundant
c         level restarts   redundant   glue   trail      variables
c
c w  1.19  5 9 0 20 29 1 61897 962 1.6 12 8 3 9 94% 203 1668 337 50%
c x  1.19  5 9 0 20 29 1 61897 962 1.6 12 8 3 9 94% 203 1664 337 50%
c -  1.24  5 9 0 21 29 1 62674 1041 1.6 12 7 3 8 94% 203 1664 337 50%
c i  1.28  5 9 0 21 30 1 66065 1998 1.6 12 7 3 8 94% 218 1664 336 50%
c -  1.30  5 9 0 22 30 1 67256 1092 1.6 12 7 3 8 94% 198 1664 336 50%
c -  1.36  5 9 0 23 30 1 71946 2205 1.6 12 7 3 8 94% 200 1664 336 50%
c B  1.40  5 9 0 23 30 1 75787 4211 1.6 12 7 3 8 93% 200 1664 336 50%
c -  1.42  5 9 0 24 30 1 76742 4139 1.6 12 7 3 8 93% 201 1664 336 50%
c s  1.44  5 9 0 24 30 1 78274 4334 1.6 12 7 3 8 93% 205 1602 336 50%
c e  1.44  5 9 0 24 30 1 78274 4334 1.6 12 7 3 8 93% 149 1692 297 44%
c s  1.44  5 9 0 24 30 1 78274 4334 1.6 12 7 3 8 93% 152 1648 297 44%
c ^  1.44  5 9 0 24 30 1 78274 4334 1.6 12 7 3 8 93% 152 1648 297 44%
c i  1.44  5 9 0 24 30 1 78495 2158 1.6 12 7 3 8 93% 158 1648 296 44%
c -  1.49  5 9 0 25 30 1 81642 1682 1.6 11 7 3 8 93% 165 1592 296 44%
c i  1.52  5 9 0 25 33 1 84460 2068 1.6 11 7 3 8 93% 178 1592 295 44%
c -  1.55  5 9 0 26 34 1 86643 1032 1.6 11 7 2 8 93% 161 1592 295 44%
c i  1.57  5 9 0 26 35 1 87572 1139 1.6 11 7 2 8 93% 172 1592 290 43%
c o  1.57  5 9 0 26 35 1 87572 1139 1.6 11 7 2 8 93% 172 1592 290 43%
c i  1.58  5 8 0 26 36 1 88597 1203 1.6 11 7 2 8 93% 182 1592 281 41%
c c  1.59  5 8 0 26 36 1 88979 1234 1.5 11 7 2 8 93% 144 1360 276 41%
c
c seconds switched  rate       size/glue tier1   binary      remaining
c        MB reductions conflicts     size  tier2   irredundant
c         level restarts   redundant   glue   trail      variables
c
c d  1.59  5 8 0 26 36 1 88979 448 1.5 11 7 2 8 93% 224 1268 274 40%
c d  1.59  5 8 0 26 36 1 88979 441 1.5 11 7 2 8 93% 169 1236 245 36%
c u  1.59  5 8 0 26 36 1 88979 351 1.5 11 7 2 8 93% 172 1236 245 36%
c v  1.59  5 8 0 26 36 1 88979 299 1.5 11 7 2 8 93% 179 1236 245 36%
c w  1.59  5 8 0 26 36 1 88979 298 1.5 11 7 2 8 93% 179 1236 245 36%
c t  1.59  5 8 0 26 36 1 88979 298 1.5 11 7 2 8 93% 172 1236 245 36%
c u  1.59  5 8 0 26 36 1 88979 250 1.5 11 7 2 8 93% 175 1236 245 36%
c v  1.59  5 8 0 26 36 1 88979 237 1.5 11 7 2 8 93% 175 1236 245 36%
c x  1.59  5 8 0 26 36 1 88979 232 1.5 11 7 2 8 93% 201 1091 243 36%
c =  1.63  5 8 0 26 36 1 88979 232 1.5 11 7 2 8 93% 217 1088 234 35%
c d  1.63  5 8 0 26 36 1 88979 231 1.5 11 7 2 8 93% 192 1088 234 35%
c t  1.63  5 8 0 26 36 1 88979 231 1.5 11 7 2 8 93% 183 1088 234 35%
c i  1.63  5 8 0 26 36 1 88979 231 1.5 11 7 2 8 93% 183 1088 234 35%
c i  1.63  5 8 0 26 36 1 89101 235 1.5 11 7 2 8 93% 190 1088 226 33%
c i  1.63  5 8 0 26 36 1 89385 280 1.5 11 7 2 8 93% 198 1088 207 31%
c i  1.63  5 8 0 26 36 1 89513 305 1.5 11 7 2 8 93% 205 1088 188 28%
c i  1.63  5 8 0 26 36 1 89553 307 1.5 11 7 2 8 93% 210 1088 186 27%
c i  1.63  5 8 0 26 36 1 89580 310 1.5 11 7 2 8 93% 215 1088 180 27%
c i  1.63  5 8 0 26 36 1 89595 314 1.5 11 7 2 8 93% 219 1088 165 24%
c i  1.63  5 8 0 26 36 1 89600 313 1.5 11 7 2 8 93% 222 1088 146 22%
c
c seconds switched  rate       size/glue tier1   binary      remaining
c        MB reductions conflicts     size  tier2   irredundant
c         level restarts   redundant   glue   trail      variables
c
c i  1.63  5 8 0 26 36 1 89603 314 1.5 11 7 2 8 93% 223 1088 127 19%
c i  1.63  5 8 0 26 36 1 89605 314 1.5 11 7 2 8 93% 224 1088 74 11%
c ]  1.63  5 8 0 26 36 1 89607 314 1.5 11 7 2 8 93% 224 1088  1 0%
c 0  1.63  5 0 0 26 36 0 89607 314 0.0 0 0 2 6 0% 224 1088  1 0%
c
c ---- [ result ] ------------------------------------------------------------
c
s UNSATISFIABLE
c
c ---- [ profiling ] ---------------------------------------------------------
c
c           1.27   77.87 %  search
c           1.27   77.87 %  stable
c           0.35   21.41 %  probe
c           0.34   20.85 %  simplify
c           0.23   13.79 %  sweep
c           0.11    6.79 %  vivify
c           0.02    1.23 %  preprocess
c           0.01    0.60 %  reduce
c           0.01    0.47 %  eliminate
c           0.00    0.30 %  substitute
c           0.00    0.27 %  factor
c           0.00    0.20 %  walking
c           0.00    0.17 %  congruence
c           0.00    0.09 %  subsume
c           0.00    0.05 %  transitive
c           0.00    0.03 %  backbone
c           0.00    0.02 %  lucky
c           0.00    0.02 %  parse
c =============================================
c           1.63  100.00 %  total
c
c ---- [ statistics ] --------------------------------------------------------
c
c conflicts:                            89607            54811.81 per second
c congruent:                               32                5 %  variables
c decisions:                            94374                1.05 per conflict
c eliminated:                             344               51 %  variables
c factored:                                38                6 %  variables
c iterations:                              16                2 %  variables
c propagations:                      14699631          8991634    per second
c reductions:                              26             3446    interval
c reordered:                                4            22402    interval
c rephased:                                10             8961    interval
c restarts:                                36             2489    interval
c strengthened:                           214                0 %  checks
c substituted:                            113               17 %  variables
c subsumed:                               120                0 %  checks
c switched:                                 0                0    interval
c vivified:                             11020               41 %  checks
c walks:                                    3            29869    interval
c
c ---- [ glue usage ] --------------------------------------------------------
c
c stable glue 2   used 72488 clauses 19.25% accumulated 52.50% tier1
c stable glue 3   used 38296 clauses 10.17% accumulated 62.67%
c stable glue 4-6 used 73937 clauses 19.63% accumulated 82.30%
c stable glue 7   used 22055 clauses  5.86% accumulated 88.16%
c stable glue 8   used 19155 clauses  5.09% accumulated 93.25% tier2
c
c ---- [ resources ] ---------------------------------------------------------
c
c maximum-resident-set-size:        422170624 bytes        403 MB
c process-time:                             2s               1.63 seconds
c
c ---- [ shutting down ] -----------------------------------------------------
c
c exit 20
