c ---- [ banner ] ------------------------------------------------------------
c
c Kissat SAT Solver
c 
c Copyright (c) 2021-2024 Armin Biere University of Freiburg
c Copyright (c) 2019-2021 Armin Biere Johannes Kepler University Linz
c 
c Version 4.0.4 8af8e56f174b778aef3aa45af9f739b2a5f492c2
c gcc (GCC) 15.2.1 20260123 (Red Hat 15.2.1-7) -W -Wall -O3 -DNDEBUG
c Thu Apr 23 06:47:51 PM IST 2026 Linux krishnendu-LN 6.19.12-200.fc43.x86_64 x86_64
c
c ---- [ parsing ] -----------------------------------------------------------
c
c opened and reading DIMACS file:
c
c   /home/krishnendu/Research/fv-invariant-mining/data/circuits/cnf/miter_mult_8bit.cnf
c
c parsed 'p cnf 679 2553' header
c closing input after reading 37235 bytes (36 KB)
c finished parsing after 0.00 seconds
c
c ---- [ options ] -----------------------------------------------------------
c
c --decay=180                      (different from default '50')
c --eliminateeffort=500            (different from default '100')
c
c ---- [ solving ] -----------------------------------------------------------
c
c seconds switched rate     size/glue tier1 binary      remaining
c        MB reductions conflicts size  tier2  irredundant
c         level restarts redundant glue  trail      variables
c
c *  0.00  3 0 0 0  0 0   0   0 0.0 0 0 0 0 0% 887 1664 676 100%
c (  0.00  3 0 0 0  0 0   0   0 0.0 0 0 0 0 0% 887 1664 676 100%
c .  0.00  3 0 0 0  0 0   0   0 0.0 0 0 0 0 0% 883 1664 676 100%
c c  0.00  3 0 0 0  0 0   0   0 0.0 0 0 0 0 0% 919 1662 649 96%
c d  0.00  3 0 0 0  0 0   0   0 0.0 0 0 0 0 0% 829 1662 649 96%
c =  0.02  3 0 0 0  0 0   0   0 0.0 0 0 0 0 0% 843 1650 641 95%
c d  0.02  3 0 0 0  0 0   0   0 0.0 0 0 0 0 0% 823 1650 641 95%
c f  0.02  3 0 0 0  0 0   0   0 0.0 0 0 0 0 0% 812 1635 662 98%
c )  0.02  3 0 0 0  0 0   0   0 0.0 0 0 0 0 0% 812 1635 662 98%
c {  0.02  3 0 0 0  0 0   0   0 0.0 0 0 2 6 0% 812 1635 662 98%
c -  0.04  4 12 0 1 109 2 1000 541 2.2 17 8 3 9 85% 820 1635 662 98%
c }  0.04  4 12 1 1 109 2 1000 541 2.2 17 8 3 9 85% 820 1635 662 98%
c [  0.04  4 0 1 1 109 0 1000 541 0.0 0 0 2 6 0% 820 1635 662 98%
c B  0.04  4 9 1 1 109 1 1005 543 1.3 9 7 2 6 91% 820 1635 662 98%
c ]  0.05  4 10 2 1 109 1 1820 1261 4.6 22 5 2 6 88% 820 1635 662 98%
c {  0.05  4 12 2 1 109 2 1820 1261 2.2 17 8 3 9 85% 820 1635 662 98%
c -  0.06  4 12 2 2 109 2 2000 1193 2.3 18 8 3 9 84% 821 1635 662 98%
c }  0.08  4 12 3 2 109 2 2820 1914 2.8 20 7 2 8 84% 826 1635 662 98%
c [  0.08  4 10 3 2 109 1 2820 1914 4.6 22 5 2 6 88% 826 1635 662 98%
c W  0.08  4 10 3 2 109 1 2820 1914 4.6 22 5 2 6 88% 826 1635 662 98%
c
c seconds  switched  rate       size/glue tier1   binary      remaining
c        MB reductions conflicts      size  tier2   irredundant
c         level restarts   redundant    glue   trail      variables
c
c -  0.09  4 11 3 3 109 1 3414 1853 3.2 21 7 2 6 90% 826 1635 662 98%
c u  0.09  4 11 3 3 109 1 3666 1895 2.9 20 7 2 6 89% 832 1635 662 98%
c v  0.10  4 11 3 3 109 1 3666 1446 2.9 20 7 2 6 89% 832 1635 662 98%
c w  0.10  4 11 3 3 109 1 3666 1409 2.9 20 7 2 6 89% 832 1635 662 98%
c x  0.10  4 11 3 3 109 1 3666 1409 2.9 20 7 2 6 89% 838 1600 662 98%
c =  0.11  4 11 3 3 109 1 3666 1409 2.9 20 7 2 6 89% 880 1598 641 95%
c d  0.11  4 11 3 3 109 1 3666 1409 2.9 20 7 2 6 89% 818 1598 641 95%
c t  0.11  4 11 3 3 109 1 3666 1409 2.9 20 7 2 6 89% 809 1598 641 95%
c u  0.12  4 11 3 3 109 1 3666 1360 2.9 20 7 2 6 89% 810 1598 641 95%
c v  0.12  4 11 3 3 109 1 3666 1241 2.9 20 7 2 6 89% 810 1598 641 95%
c w  0.12  4 11 3 3 109 1 3666 1232 2.9 20 7 2 6 89% 810 1598 641 95%
c x  0.12  4 11 3 3 109 1 3666 1231 2.9 20 7 2 6 89% 810 1594 641 95%
c ]  0.15  4 11 4 3 110 1 4153 1611 2.7 20 7 2 6 90% 811 1594 641 95%
c {  0.15  4 12 4 3 110 2 4153 1611 2.8 20 7 2 8 84% 811 1594 641 95%
c -  0.17  4 13 4 4 295 2 5147 1782 2.6 19 7 2 8 79% 821 1594 641 95%
c }  0.20  5 14 5 4 627 3 6505 2994 2.5 19 8 2 8 80% 829 1594 641 95%
c [  0.20  5 11 5 4 627 1 6505 2994 2.7 20 7 2 6 90% 829 1594 641 95%
c I  0.20  5 11 5 4 627 1 6505 2994 2.7 20 7 2 6 90% 829 1594 641 95%
c -  0.21  5 12 5 5 627 1 7149 2731 2.4 19 8 2 8 89% 829 1594 641 95%
c -  0.24  5 12 5 6 629 1 9387 3482 2.1 18 8 2 9 89% 832 1594 641 95%
c
c seconds  switched  rate       size/glue tier1   binary      remaining
c        MB reductions conflicts      size  tier2   irredundant
c         level restarts   redundant    glue   trail      variables
c
c ]  0.25  5 12 6 6 629 1 9626 3671 2.1 18 8 2 9 89% 832 1594 641 95%
c {  0.25  5 14 6 6 629 3 9626 3671 2.5 19 8 2 8 80% 832 1594 641 95%
c o  0.26  5 14 6 6 756 3 10563 4464 2.3 19 8 2 8 80% 834 1594 641 95%
c u  0.28  4 14 6 6 855 3 11316 4934 2.3 18 8 2 8 80% 840 1594 641 95%
c v  0.28  5 14 6 6 855 3 11316 4857 2.3 18 8 2 8 80% 840 1594 641 95%
c w  0.28  5 14 6 6 855 3 11316 4760 2.3 18 8 2 8 80% 840 1594 641 95%
c t  0.28  5 14 6 6 855 3 11316 4760 2.3 18 8 2 8 80% 835 1594 641 95%
c -  0.29  5 14 6 7 872 2 11836 4180 2.2 18 8 2 8 80% 840 1594 641 95%
c }  0.32  5 14 7 7 1065 2 13696 5746 2.1 17 8 2 8 80% 843 1594 641 95%
c [  0.32  5 12 7 7 1065 1 13696 5746 2.1 18 8 2 9 89% 843 1594 641 95%
c B  0.32  5 12 7 7 1065 1 13696 5746 2.1 18 8 2 9 89% 843 1594 641 95%
c -  0.34  5 12 7 8 1065 1 14481 5013 2.0 17 9 2 9 88% 843 1594 641 95%
c ]  0.38  5 12 8 8 1067 1 16812 6679 1.9 17 9 2 9 88% 843 1594 641 95%
c {  0.38  5 14 8 8 1067 2 16812 6679 2.1 17 8 2 8 80% 843 1594 641 95%
c -  0.40  5 13 8 9 1067 2 17310 5367 2.1 17 8 2 8 81% 843 1594 641 95%
c s  0.42  5 13 8 9 1067 2 18329 5985 2.0 16 8 2 8 81% 845 1590 641 95%
c e  0.42  5 13 8 9 1067 2 18329 5985 2.0 16 8 2 8 81% 250 1923 398 59%
c s  0.42  5 13 8 9 1067 2 18329 5985 2.0 16 8 2 8 81% 255 1839 398 59%
c e  0.42  5 13 8 9 1067 2 18329 5985 2.0 16 8 2 8 81% 250 1842 393 58%
c ^  0.42  5 13 8 9 1067 2 18329 5985 2.0 16 8 2 8 81% 250 1842 393 58%
c
c seconds  switched    rate        size/glue tier1   binary      remaining
c        MB  reductions  conflicts       size  tier2   irredundant
c         level   restarts    redundant    glue   trail      variables
c
c -  0.45  5 13 8 10 1142 2 20310 3116 2.2 17 8 2 8 82% 250 1842 393 58%
c o  0.49  5 12 8 10 1145 2 22417 5091 2.4 18 8 2 8 84% 252 1842 393 58%
c }  0.50  5 13 9 10 1293 2 22971 5563 2.4 19 8 2 8 84% 252 1842 393 58%
c [  0.50  5 12 9 10 1293 1 22971 5563 1.9 17 9 2 9 88% 252 1842 393 58%
c W  0.50  5 12 9 10 1293 1 22971 5563 1.9 17 9 2 9 88% 252 1842 393 58%
c u  0.51  5 12 9 10 1293 1 23173 5545 1.9 17 9 2 9 88% 252 1842 393 58%
c v  0.51  5 12 9 10 1293 1 23173 5353 1.9 17 9 2 9 88% 252 1842 393 58%
c w  0.51  5 12 9 10 1293 1 23173 5278 1.9 17 9 2 9 88% 252 1842 393 58%
c x  0.52  5 12 9 10 1293 1 23173 5273 1.9 17 9 2 9 88% 254 1762 393 58%
c =  0.54  5 12 9 10 1293 1 23173 5273 1.9 17 9 2 9 88% 254 1760 392 58%
c t  0.54  5 12 9 10 1293 1 23173 5208 1.9 17 9 2 9 88% 250 1760 392 58%
c f  0.54  5 12 9 10 1293 1 23173 5208 1.9 17 9 2 9 88% 274 1707 406 60%
c u  0.55  5 12 9 10 1293 1 23173 5142 1.9 17 9 2 9 88% 274 1707 406 60%
c v  0.55  5 12 9 10 1293 1 23173 4953 1.9 17 9 2 9 88% 274 1707 406 60%
c w  0.55  5 12 9 10 1293 1 23173 4920 1.9 17 9 2 9 88% 274 1707 406 60%
c x  0.56  5 12 9 10 1293 1 23173 4920 1.9 17 9 2 9 88% 275 1696 406 60%
c -  0.59  5 12 9 11 1293 1 23472 4276 1.9 17 9 2 8 88% 273 1696 406 60%
c -  0.64  5 12 9 12 1295 1 26788 5192 1.9 17 9 2 8 89% 273 1696 406 60%
c ]  0.69  6 13 10 12 1298 1 29887 7870 1.9 17 9 2 8 88% 273 1696 406 60%
c {  0.69  6 13 10 12 1298 2 29887 7870 2.4 19 8 2 8 84% 273 1696 406 60%
c
c seconds   switched    rate        size/glue tier1   binary      remaining
c        MB   reductions  conflicts       size  tier2   irredundant
c         level    restarts    redundant    glue   trail      variables
c
c -  0.70  6 13 10 13 1388 2 30252 5435 2.3 19 8 2 7 84% 273 1696 406 60%
c -  0.78  7 13 10 14 1582 2 33857 6405 2.4 19 8 2 7 84% 273 1696 406 60%
c e  0.85  7 12 10 14 1582 2 37159 8369 2.3 17 8 2 6 84% 203 1808 349 51%
c s  0.85  7 12 10 14 1582 2 37159 8369 2.3 17 8 2 6 84% 203 1784 349 51%
c e  0.85  7 12 10 14 1582 2 37159 8369 2.3 17 8 2 6 84% 195 1795 346 51%
c ^  0.85  7 12 10 14 1582 2 37159 8369 2.3 17 8 2 6 84% 195 1795 346 51%
c -  0.86  6 12 10 15 1638 2 37600 4551 2.3 17 8 2 6 84% 195 1795 346 51%
c }  0.88  6 12 11 15 1638 2 38514 5142 2.3 17 8 2 6 84% 195 1795 346 51%
c [  0.88  6 13 11 15 1638 1 38514 5142 1.9 17 9 2 8 88% 195 1795 346 51%
c O  0.88  6 13 11 15 1638 1 38514 5142 1.9 17 9 2 8 88% 195 1795 346 51%
c u  0.91  6 12 11 15 1639 1 40107 6109 2.0 18 9 2 8 88% 195 1795 346 51%
c v  0.92  6 12 11 15 1639 1 40107 5314 2.0 18 9 2 8 88% 195 1795 346 51%
c w  0.92  6 12 11 15 1639 1 40107 5023 2.0 18 9 2 8 88% 195 1795 346 51%
c f  0.92  6 12 11 15 1639 1 40107 5023 2.0 18 9 2 8 88% 202 1775 350 52%
c u  0.93  6 12 11 15 1639 1 40107 4946 2.0 18 9 2 8 88% 202 1775 350 52%
c v  0.94  6 12 11 15 1639 1 40107 4828 2.0 18 9 2 8 88% 203 1775 350 52%
c w  0.94  6 12 11 15 1639 1 40107 4711 2.0 18 9 2 8 88% 203 1775 350 52%
c x  0.94  6 12 11 15 1639 1 40107 4707 2.0 18 9 2 8 88% 204 1747 350 52%
c =  0.98  6 12 11 15 1639 1 40107 4707 2.0 18 9 2 8 88% 206 1745 349 51%
c d  0.98  6 12 11 15 1639 1 40107 4707 2.0 18 9 2 8 88% 204 1745 349 51%
c
c seconds   switched    rate        size/glue tier1   binary      remaining
c        MB   reductions  conflicts       size  tier2   irredundant
c         level    restarts    redundant    glue   trail      variables
c
c t  0.98  6 12 11 15 1639 1 40107 4707 2.0 18 9 2 8 88% 202 1745 349 51%
c -  1.00  6 13 11 16 1640 1 41473 4481 2.0 18 9 2 8 88% 202 1744 349 51%
c -  1.08  6 12 11 17 1643 1 45474 5475 2.0 18 9 2 8 87% 202 1743 349 51%
c B  1.13  6 12 11 17 1644 1 48275 7486 2.0 17 9 2 8 87% 202 1743 349 51%
c o  1.13  6 12 11 17 1644 1 48275 7486 2.0 17 9 2 8 87% 202 1743 349 51%
c ]  1.14  6 12 12 17 1644 1 49257 8281 2.0 17 9 2 8 87% 202 1743 349 51%
c {  1.14  6 12 12 17 1644 2 49257 8281 2.3 17 8 2 6 84% 202 1743 349 51%
c -  1.15  6 12 12 18 1716 2 49597 6327 2.3 17 8 2 6 84% 202 1743 349 51%
c -  1.27  6 12 12 19 2527 2 53840 7277 2.2 18 8 1 6 84% 203 1743 349 51%
c -  1.38  7 12 12 20 2725 2 58199 8578 2.3 18 8 1 6 85% 204 1743 349 51%
c i  1.44  6 12 12 20 2748 2 60610 10174 2.3 18 8 1 6 85% 211 1743 348 51%
c }  1.44  7 12 13 20 2748 2 60736 10293 2.3 18 8 1 6 85% 211 1743 348 51%
c [  1.44  7 12 13 20 2748 1 60736 10293 2.0 17 9 2 8 87% 211 1743 348 51%
c W  1.44  6 12 13 20 2748 1 60736 10293 2.0 17 9 2 8 87% 203 1734 348 51%
c u  1.47  6 12 13 20 2749 1 61958 9229 1.9 17 9 2 8 87% 209 1730 348 51%
c v  1.48  7 12 13 20 2749 1 61958 9136 1.9 17 9 2 8 87% 209 1730 348 51%
c w  1.49  7 12 13 20 2749 1 61958 9001 1.9 17 9 2 8 87% 209 1730 348 51%
c x  1.49  6 12 13 20 2749 1 61958 8998 1.9 17 9 2 8 87% 211 1717 348 51%
c -  1.56  7 12 13 21 2749 1 62672 7567 1.9 17 9 2 8 87% 211 1717 348 51%
c -  1.63  7 12 13 22 2753 1 67254 7427 1.9 17 9 2 7 88% 211 1717 348 51%
c
c seconds   switched    rate        size/glue tier1   binary      remaining
c        MB   reductions  conflicts       size  tier2   irredundant
c         level    restarts    redundant    glue   trail      variables
c
c -  1.71  7 11 13 23 2754 1 71945 8065 1.9 16 8 2 7 88% 212 1717 348 51%
c I  1.78  7 11 13 23 2757 1 75642 11045 1.9 16 8 2 7 87% 213 1717 348 51%
c -  1.80  7 11 13 24 2757 1 76743 8666 1.9 16 8 2 7 87% 213 1717 348 51%
c ]  1.82  7 11 14 24 2758 1 77513 9211 1.9 16 8 2 7 87% 213 1717 348 51%
c {  1.82  7 12 14 24 2758 2 77513 9211 2.3 18 8 1 6 85% 213 1717 348 51%
c s  1.83  7 12 14 24 2758 2 78341 9659 2.3 17 8 1 6 85% 213 1715 348 51%
c e  1.83  7 12 14 24 2758 2 78341 9659 2.3 17 8 1 6 85% 185 1790 319 47%
c s  1.83  7 12 14 24 2758 2 78341 9659 2.3 17 8 1 6 85% 185 1778 319 47%
c ^  1.83  7 12 14 24 2758 2 78341 9659 2.3 17 8 1 6 85% 185 1778 319 47%
c o  1.83  7 12 14 24 2758 2 78341 5965 2.3 17 8 1 6 85% 185 1778 319 47%
c -  1.91  6 12 14 25 3186 2 81642 6098 2.2 17 8 1 5 85% 185 1778 319 47%
c -  1.99  6 12 14 26 3356 2 86643 7964 2.2 17 8 1 5 86% 185 1778 319 47%
c u  2.04  6 11 14 26 3500 2 88893 9454 2.3 17 8 1 5 86% 190 1778 318 47%
c v  2.05  7 11 14 26 3500 2 88893 9210 2.3 17 8 1 5 86% 191 1778 318 47%
c w  2.05  7 11 14 26 3500 2 88893 9194 2.3 17 8 1 5 86% 191 1778 318 47%
c x  2.06  6 11 14 26 3500 2 88893 9189 2.3 17 8 1 5 86% 196 1750 318 47%
c t  2.06  6 11 14 26 3500 2 88893 9188 2.3 17 8 1 5 86% 194 1750 318 47%
c u  2.06  6 11 14 26 3500 2 88893 9093 2.3 17 8 1 5 86% 190 1750 318 47%
c v  2.08  6 11 14 26 3500 2 88893 7646 2.3 17 8 1 5 86% 192 1750 318 47%
c w  2.08  6 11 14 26 3500 2 88893 7610 2.3 17 8 1 5 86% 192 1750 318 47%
c
c seconds   switched    rate        size/glue tier1   binary      remaining
c        MB   reductions  conflicts       size  tier2   irredundant
c         level    restarts    redundant    glue   trail      variables
c
c x  2.08  6 11 14 26 3500 2 88893 7610 2.3 17 8 1 5 86% 192 1745 318 47%
c =  2.15  7 11 14 26 3500 2 88893 7610 2.3 17 8 1 5 86% 194 1745 317 47%
c d  2.15  7 11 14 26 3500 2 88893 7609 2.3 17 8 1 5 86% 191 1745 317 47%
c t  2.15  7 11 14 26 3500 2 88893 7609 2.3 17 8 1 5 86% 190 1745 317 47%
c i  2.15  7 11 14 26 3500 2 88893 7609 2.3 17 8 1 5 86% 190 1745 317 47%
c -  2.20  7 11 14 27 3534 2 91742 7716 2.2 17 8 1 5 86% 191 1745 317 47%
c }  2.20  7 11 15 27 3534 2 92229 7988 2.2 17 8 1 5 86% 192 1745 317 47%
c [  2.20  7 11 15 27 3534 1 92229 7988 1.9 16 8 2 7 87% 192 1745 317 47%
c i  2.21  7 11 15 27 3534 1 92681 8260 1.9 16 8 2 7 87% 198 1745 316 47%
c B  2.22  7 11 15 27 3535 1 93446 8955 1.9 16 8 2 7 87% 198 1745 316 47%
c -  2.29  7 11 15 28 3537 1 96938 5832 1.9 16 8 2 7 87% 183 1745 316 47%
c -  2.39  7 11 15 29 3540 1 102232 7472 1.9 16 8 2 7 87% 184 1745 316 47%
c ]  2.45  7 11 16 29 3542 1 105740 9958 1.9 16 8 2 7 87% 185 1745 316 47%
c {  2.45  7 11 16 29 3542 2 105740 9958 2.2 17 8 1 5 86% 185 1745 316 47%
c i  2.49  7 11 16 29 3542 2 107466 10918 2.2 17 8 1 5 86% 195 1745 309 46%
c -  2.50  7 11 16 30 3547 2 107621 4412 2.2 17 8 1 5 86% 875 1552 309 46%
c i  2.52  7 11 16 30 3547 2 109295 5245 2.2 16 7 1 5 86% 884 1552 299 44%
c i  2.55  7 11 16 30 3677 2 110823 6256 2.2 16 7 1 5 86% 887 1552 298 44%
c -  2.59  7 11 16 31 3700 2 113099 5154 2.2 16 7 1 5 86% 214 1552 298 44%
c i  2.61  7 11 16 31 3700 2 114429 5842 2.1 16 7 1 5 86% 228 1552 297 44%
c
c seconds   switched    rate         size/glue tier1   binary      remaining
c        MB   reductions  conflicts        size  tier2   irredundant
c         level    restarts     redundant    glue   trail      variables
c
c i  2.64  7 11 16 31 3704 2 116372 6846 2.1 15 7 1 5 86% 238 1552 280 41%
c i  2.68  7 10 16 31 3704 2 118264 8385 2.1 15 7 1 5 86% 248 1552 278 41%
c i  2.69  7 10 16 31 3704 2 118490 8528 2.1 15 7 1 5 86% 251 1552 272 40%
c o  2.69  7 10 16 31 3704 2 118490 8528 2.1 15 7 1 5 86% 251 1552 272 40%
c i  2.69  7 10 16 31 3704 2 118544 8544 2.1 15 7 1 5 86% 254 1552 271 40%
c i  2.69  7 10 16 31 3704 2 118607 8573 2.1 15 7 1 5 86% 260 1552 184 27%
c i  2.69  7 10 16 31 3704 2 118609 8573 2.1 15 7 1 5 86% 261 1552 120 18%
c }  2.69  7 10 16 31 3704 2 118611 8573 2.1 15 7 1 5 86% 261 1552  0 0%
c 0  2.69  7 10 16 31 3704 2 118611 8573 2.1 15 7 1 5 86% 261 1552  0 0%
c
c ---- [ result ] ------------------------------------------------------------
c
s UNSATISFIABLE
c
c ---- [ profiling ] ---------------------------------------------------------
c
c           2.25   83.64 %  search
c           1.25   46.34 %  focused
c           1.00   37.29 %  stable
c           0.43   15.90 %  probe
c           0.42   15.68 %  simplify
c           0.24    9.09 %  sweep
c           0.17    6.17 %  vivify
c           0.02    0.87 %  reduce
c           0.02    0.66 %  preprocess
c           0.01    0.31 %  substitute
c           0.01    0.29 %  eliminate
c           0.00    0.19 %  factor
c           0.00    0.15 %  walking
c           0.00    0.10 %  congruence
c           0.00    0.05 %  subsume
c           0.00    0.03 %  transitive
c           0.00    0.01 %  backbone
c           0.00    0.01 %  lucky
c           0.00    0.01 %  parse
c =============================================
c           2.69  100.00 %  total
c
c ---- [ statistics ] --------------------------------------------------------
c
c conflicts:                           118611            44078.89 per second
c congruent:                               27                4 %  variables
c decisions:                           159225                1.34 per conflict
c eliminated:                             337               50 %  variables
c factored:                                39                6 %  variables
c iterations:                              13                2 %  variables
c propagations:                      14671286          5452226    per second
c reductions:                              31             3826    interval
c reordered:                                5            23722    interval
c rephased:                                10            11861    interval
c restarts:                              3704               32    interval
c strengthened:                           163                0 %  checks
c substituted:                             57                8 %  variables
c subsumed:                               121                0 %  checks
c switched:                                16             7413    interval
c vivified:                             11214               39 %  checks
c walks:                                    3            39537    interval
c
c ---- [ glue usage ] --------------------------------------------------------
c
c focused glue 1 used 358135 clauses 54.41% accumulated 54.41% tier1
c focused glue 2 used 134687 clauses 20.46% accumulated 74.88%
c focused glue 3 used  59225 clauses  9.00% accumulated 83.88%
c focused glue 4 used  31989 clauses  4.86% accumulated 88.74%
c focused glue 5 used  20609 clauses  3.13% accumulated 91.87% tier2
c
c stable glue 2   used 106432 clauses 19.98% accumulated 67.72% tier1
c stable glue 3   used  52170 clauses  9.80% accumulated 77.51%
c stable glue 4-5 used  49293 clauses  9.26% accumulated 86.77%
c stable glue 6   used  16427 clauses  3.08% accumulated 89.85%
c stable glue 7   used  13443 clauses  2.52% accumulated 92.38% tier2
c
c ---- [ resources ] ---------------------------------------------------------
c
c maximum-resident-set-size:        423305216 bytes        404 MB
c process-time:                             3s               2.69 seconds
c
c ---- [ shutting down ] -----------------------------------------------------
c
c exit 20
