c ---- [ banner ] ------------------------------------------------------------
c
c Kissat SAT Solver
c 
c Copyright (c) 2021-2024 Armin Biere University of Freiburg
c Copyright (c) 2019-2021 Armin Biere Johannes Kepler University Linz
c 
c Version 4.0.4 8af8e56f174b778aef3aa45af9f739b2a5f492c2
c gcc (GCC) 15.2.1 20260123 (Red Hat 15.2.1-7) -W -Wall -O3 -DNDEBUG
c Thu Apr 23 06:47:51 PM IST 2026 Linux krishnendu-LN 6.19.12-200.fc43.x86_64 x86_64
c
c ---- [ parsing ] -----------------------------------------------------------
c
c opened and reading DIMACS file:
c
c   /home/krishnendu/Research/fv-invariant-mining/data/circuits/cnf/miter_mult_10bit.cnf
c
c parsed 'p cnf 1113 4205' header
c closing input after reading 64864 bytes (63 KB)
c finished parsing after 0.00 seconds
c
c ---- [ options ] -----------------------------------------------------------
c
c --decay=40                       (different from default '50')
c --eliminateeffort=600            (different from default '100')
c --stable=2                       (different from default '1')
c
c ---- [ solving ] -----------------------------------------------------------
c
c seconds switched rate     size/glue tier1  binary       remaining
c        MB reductions conflicts size  tier2   irredundant
c         level restarts redundant glue  trail       variables
c
c *  0.00  3 0 0 0  0 0   0   0 0.0 0 0 0 0 0% 1458 2745 1110 100%
c (  0.00  3 0 0 0  0 0   0   0 0.0 0 0 0 0 0% 1458 2745 1110 100%
c .  0.00  3 0 0 0  0 0   0   0 0.0 0 0 0 0 0% 1454 2745 1110 100%
c c  0.00  3 0 0 0  0 0   0   0 0.0 0 0 0 0 0% 1518 2743 1067 96%
c d  0.00  3 0 0 0  0 0   0   0 0.0 0 0 0 0 0% 1368 2743 1067 96%
c =  0.02  3 0 0 0  0 0   0   0 0.0 0 0 0 0 0% 1372 2736 1064 96%
c d  0.02  3 0 0 0  0 0   0   0 0.0 0 0 0 0 0% 1367 2736 1064 96%
c f  0.02  4 0 0 0  0 0   0   0 0.0 0 0 0 0 0% 1339 2718 1086 98%
c )  0.02  4 0 0 0  0 0   0   0 0.0 0 0 0 0 0% 1339 2718 1086 98%
c [  0.02  4 0 0 0  0 0   0   0 0.0 0 0 2 6 0% 1339 2718 1086 98%
c -  0.04  4 15 0 1  0 1 1001 767 3.4 26 8 4 10 85% 1344 2718 1086 98%
c B  0.04  4 15 0 1  0 1 1001 767 3.4 26 8 4 10 85% 1344 2718 1086 98%
c -  0.06  4 17 0 2  1 1 2003 1507 2.5 24 10 5 14 86% 1344 2718 1086 98%
c W  0.06  4 17 0 2  1 1 2003 1507 2.5 24 10 5 14 86% 1344 2718 1086 98%
c u  0.09  4 18 0 2  2 1 3372 2580 2.1 24 11 5 15 87% 1346 2718 1086 98%
c v  0.10  4 18 0 2  2 1 3372 2419 2.1 24 11 5 15 87% 1346 2718 1086 98%
c w  0.10  5 18 0 2  2 1 3372 2360 2.1 24 11 5 15 87% 1346 2718 1086 98%
c x  0.10  5 18 0 2  2 1 3372 2360 2.1 24 11 5 15 87% 1360 2681 1086 98%
c =  0.12  5 18 0 2  2 1 3372 2360 2.1 24 11 5 15 87% 1390 2674 1071 96%
c d  0.12  5 18 0 2  2 1 3372 2360 2.1 24 11 5 15 87% 1345 2674 1071 96%
c
c seconds  switched rate       size/glue  tier1     binary       remaining
c        MB reductions conflicts     size   tier2     irredundant
c         level restarts  redundant     glue    trail       variables
c
c t  0.12  5 18 0 2  2 1 3372 2360 2.1 24 11 5 15 87% 1337 2674 1071 96%
c f  0.12  5 18 0 2  2 1 3372 2360 2.1 24 11 5 15 87% 1333 2674 1075 97%
c u  0.12  5 18 0 2  2 1 3372 2349 2.1 24 11 5 15 87% 1333 2674 1075 97%
c v  0.12  5 18 0 2  2 1 3372 2260 2.1 24 11 5 15 87% 1333 2674 1075 97%
c w  0.13  5 18 0 2  2 1 3372 2209 2.1 24 11 5 15 87% 1333 2674 1075 97%
c x  0.13  5 18 0 2  2 1 3372 2209 2.1 24 11 5 15 87% 1334 2672 1075 97%
c =  0.15  5 18 0 2  2 1 3372 2209 2.1 24 11 5 15 87% 1338 2672 1073 96%
c d  0.15  5 18 0 2  2 1 3372 2204 2.1 24 11 5 15 87% 1330 2672 1072 96%
c -  0.15  5 18 0 3  2 1 3418 1690 2.1 24 11 5 14 87% 1330 2672 1072 96%
c I  0.17  5 18 0 3  3 1 4263 2257 2.0 24 12 5 15 88% 1333 2672 1072 96%
c -  0.18  5 17 0 4  3 1 5150 2437 2.1 24 12 5 14 88% 1333 2672 1072 96%
c -  0.21  5 17 0 5  5 1 7150 3511 2.1 23 11 6 14 86% 1336 2672 1072 96%
c B  0.23  6 17 0 5  5 1 8035 4251 2.1 23 11 6 14 86% 1336 2672 1072 96%
c -  0.26  6 16 0 6  6 1 9391 4224 2.0 23 11 5 13 86% 1337 2672 1072 96%
c u  0.28  5 16 0 6  6 1 10398 4986 2.0 22 11 5 13 84% 1344 2672 1072 96%
c v  0.28  5 16 0 6  6 1 10398 4890 2.0 22 11 5 13 84% 1344 2672 1072 96%
c w  0.29  5 16 0 6  6 1 10398 4870 2.0 22 11 5 13 84% 1344 2672 1072 96%
c =  0.29  5 16 0 6  6 1 10398 4870 2.0 22 11 5 13 84% 1354 2670 1067 96%
c d  0.29  5 16 0 6  6 1 10398 4870 2.0 22 11 5 13 84% 1340 2670 1067 96%
c t  0.29  5 16 0 6  6 1 10398 4870 2.0 22 11 5 13 84% 1338 2670 1067 96%
c
c seconds  switched rate        size/glue  tier1     binary       remaining
c        MB reductions conflicts      size   tier2     irredundant
c         level restarts   redundant     glue    trail       variables
c
c u  0.30  5 16 0 6  6 1 10398 4861 2.0 22 11 5 13 84% 1338 2670 1067 96%
c v  0.30  6 16 0 6  6 1 10398 4818 2.0 22 11 5 13 84% 1338 2670 1067 96%
c w  0.30  6 16 0 6  6 1 10398 4806 2.0 22 11 5 13 84% 1338 2670 1067 96%
c x  0.30  6 16 0 6  6 1 10398 4806 2.0 22 11 5 13 84% 1338 2658 1067 96%
c o  0.32  6 16 0 6  6 1 10398 4806 2.0 22 11 5 13 84% 1338 2658 1067 96%
c -  0.35  6 16 0 7  6 1 11840 4621 2.0 23 11 5 13 85% 1338 2658 1067 96%
c W  0.39  5 16 0 7  8 1 13566 6043 2.0 23 11 5 13 86% 1338 2658 1067 96%
c -  0.42  5 16 0 8  8 1 14486 4879 2.0 23 11 4 13 86% 1338 2658 1067 96%
c e  0.47  6 16 0 8 10 1 16852 6678 1.9 23 12 4 13 86% 393 3209 656 59%
c 2  0.47  6 16 0 8 10 1 16852 6678 1.9 23 12 4 13 86% 392 3209 656 59%
c s  0.47  6 16 0 8 10 1 16852 6678 1.9 23 12 4 13 86% 395 3143 656 59%
c e  0.47  6 16 0 8 10 1 16852 6678 1.9 23 12 4 13 86% 368 3169 645 58%
c ^  0.47  6 16 0 8 10 1 16852 6678 1.9 23 12 4 13 86% 368 3169 645 58%
c -  0.48  5 16 0 9 10 1 17315 1955 1.9 22 12 4 13 86% 368 3169 645 58%
c -  0.54  5 16 0 10 12 1 20316 3003 1.9 22 12 4 12 87% 370 3169 645 58%
c O  0.56  5 16 0 10 13 1 21094 3545 1.9 22 12 4 12 87% 370 3169 645 58%
c o  0.56  5 16 0 10 13 1 21094 3545 1.9 22 12 4 12 87% 370 3169 645 58%
c u  0.57  5 16 0 10 13 1 21312 3491 1.9 22 12 4 12 87% 370 3169 645 58%
c v  0.57  5 16 0 10 13 1 21312 3277 1.9 22 12 4 12 87% 370 3169 645 58%
c w  0.58  6 16 0 10 13 1 21312 2666 1.9 22 12 4 12 87% 370 3169 645 58%
c
c seconds  switched  rate        size/glue  tier1    binary      remaining
c        MB  reductions conflicts      size   tier2    irredundant
c         level  restarts   redundant     glue    trail      variables
c
c t  0.59  6 16 0 10 13 1 21312 2666 1.9 22 12 4 12 87% 368 3169 645 58%
c f  0.59  5 16 0 10 13 1 21312 2666 1.9 22 12 4 12 87% 432 3032 680 61%
c u  0.59  5 16 0 10 13 1 21312 2654 1.9 22 12 4 12 87% 432 3032 680 61%
c v  0.59  5 16 0 10 13 1 21312 2573 1.9 22 12 4 12 87% 432 3032 680 61%
c w  0.61  5 16 0 10 13 1 21312 2411 1.9 22 12 4 12 87% 432 3032 680 61%
c -  0.69  6 16 0 11 13 1 23478 2878 1.9 22 12 4 12 87% 433 3032 680 61%
c -  0.76  6 16 0 12 14 1 26795 3779 1.9 22 12 4 12 87% 433 3032 680 61%
c -  0.83  6 16 0 13 14 1 30260 4812 1.9 22 12 3 12 87% 433 3032 680 61%
c B  0.85  6 16 0 13 14 1 30855 5202 1.9 22 12 3 12 87% 434 3032 680 61%
c -  0.92  6 15 0 14 15 1 33868 5718 1.9 22 12 3 12 87% 434 3032 680 61%
c s  0.93  6 15 0 14 15 1 34085 5775 1.9 22 12 3 12 87% 434 3020 680 61%
c e  0.93  6 15 0 14 15 1 34085 5775 1.9 22 12 3 12 87% 342 3154 616 55%
c s  0.93  6 15 0 14 15 1 34085 5775 1.9 22 12 3 12 87% 346 3103 616 55%
c e  0.93  6 15 0 14 15 1 34085 5775 1.9 22 12 3 12 87% 339 3113 612 55%
c ^  0.93  6 15 0 14 15 1 34085 5775 1.9 22 12 3 12 87% 339 3113 612 55%
c u  0.99  6 15 0 14 17 1 36702 5785 1.9 22 12 3 12 87% 339 3113 612 55%
c v  1.00  7 15 0 14 17 1 36702 5599 1.9 22 12 3 12 87% 339 3113 612 55%
c w  1.00  7 15 0 14 17 1 36702 5583 1.9 22 12 3 12 87% 339 3113 612 55%
c x  1.01  6 15 0 14 17 1 36702 5583 1.9 22 12 3 12 87% 340 3014 612 55%
c t  1.01  6 15 0 14 17 1 36702 5583 1.9 22 12 3 12 87% 339 3014 612 55%
c
c seconds  switched  rate        size/glue  tier1    binary      remaining
c        MB  reductions conflicts      size   tier2    irredundant
c         level  restarts   redundant     glue    trail      variables
c
c -  1.03  7 15 0 15 18 1 37609 4489 1.9 22 12 3 12 87% 339 3014 612 55%
c -  1.11  7 15 0 16 21 1 41482 5301 1.9 22 12 3 12 87% 341 3014 612 55%
c W  1.15  6 15 0 16 21 1 43077 6481 1.9 22 12 3 12 87% 342 3014 612 55%
c o  1.15  6 15 0 16 21 1 43077 6481 1.9 22 12 3 12 87% 342 3014 612 55%
c -  1.21  6 15 0 17 21 1 45484 5385 1.9 22 12 3 11 87% 342 3014 612 55%
c -  1.32  6 15 0 18 24 1 49609 5471 1.9 22 12 3 11 87% 342 3014 612 55%
c -  1.43  6 15 0 19 28 1 53851 5466 1.8 21 12 3 11 87% 342 3014 612 55%
c u  1.49  6 15 0 19 28 1 56624 7088 1.8 21 12 3 11 87% 342 3014 612 55%
c v  1.51  7 15 0 19 28 1 56624 6787 1.8 21 12 3 11 87% 342 3014 612 55%
c w  1.52  7 15 0 19 28 1 56624 6356 1.8 21 12 3 11 87% 342 3014 612 55%
c I  1.55  6 15 0 19 29 1 57982 7298 1.8 21 12 3 11 87% 342 3014 612 55%
c -  1.55  7 15 0 20 29 1 58209 5445 1.9 21 12 3 11 87% 342 3014 612 55%
c -  1.62  7 15 0 21 29 1 62682 6021 1.8 21 12 3 11 87% 342 3014 612 55%
c -  1.69  7 15 0 22 30 1 67265 5705 1.8 21 12 3 11 87% 343 3013 612 55%
c s  1.76  7 15 0 22 30 1 71592 8613 1.8 21 12 3 11 88% 343 3011 612 55%
c e  1.76  7 15 0 22 30 1 71592 8613 1.8 21 12 3 11 88% 228 3251 537 48%
c s  1.76  7 15 0 22 30 1 71592 8613 1.8 21 12 3 11 88% 228 3219 537 48%
c e  1.76  7 15 0 22 30 1 71592 8613 1.8 21 12 3 11 88% 227 3222 536 48%
c ^  1.76  7 15 0 22 30 1 71592 8613 1.8 21 12 3 11 88% 227 3222 536 48%
c -  1.77  6 15 0 23 30 1 71956 3188 1.8 21 12 3 11 88% 227 3222 536 48%
c
c seconds  switched  rate        size/glue  tier1    binary      remaining
c        MB  reductions conflicts      size   tier2    irredundant
c         level  restarts   redundant     glue    trail      variables
c
c B  1.83  6 15 0 23 30 1 75785 5851 1.8 20 12 3 11 87% 228 3221 536 48%
c o  1.83  6 15 0 23 30 1 75785 5851 1.8 20 12 3 11 87% 228 3221 536 48%
c -  1.85  6 15 0 24 30 1 76753 4396 1.8 20 12 3 11 88% 228 3221 536 48%
c u  1.95  6 15 0 24 30 1 81132 7118 1.8 20 12 3 11 88% 228 3221 536 48%
c v  1.96  7 15 0 24 30 1 81132 6749 1.8 20 12 3 11 88% 228 3221 536 48%
c w  1.96  7 15 0 24 30 1 81132 6325 1.8 20 12 3 11 88% 228 3221 536 48%
c x  1.97  6 15 0 24 30 1 81132 6325 1.8 20 12 3 11 88% 231 3153 536 48%
c =  2.01  6 15 0 24 30 1 81132 6325 1.8 20 12 3 11 88% 233 3151 535 48%
c d  2.01  6 15 0 24 30 1 81132 6325 1.8 20 12 3 11 88% 231 3151 535 48%
c u  2.02  6 15 0 24 30 1 81132 6293 1.8 20 12 3 11 88% 231 3151 535 48%
c v  2.03  6 15 0 24 30 1 81132 6017 1.8 20 12 3 11 88% 231 3151 535 48%
c w  2.03  7 15 0 24 30 1 81132 5979 1.8 20 12 3 11 88% 231 3151 535 48%
c x  2.04  7 15 0 24 30 1 81132 5979 1.8 20 12 3 11 88% 231 3144 535 48%
c -  2.05  6 15 0 25 30 1 81651 4532 1.8 20 12 3 11 88% 231 3144 535 48%
c -  2.15  6 15 0 26 34 1 86651 5465 1.8 20 12 3 11 88% 231 3144 535 48%
c -  2.26  7 15 0 27 37 1 91750 5674 1.7 20 12 3 10 88% 231 3144 535 48%
c W  2.37  6 15 0 27 39 1 96696 8596 1.7 20 12 3 10 88% 231 3144 535 48%
c -  2.38  6 15 0 28 40 1 96947 6092 1.7 20 12 3 10 88% 231 3144 535 48%
c -  2.49  6 15 0 29 43 1 102239 6182 1.7 20 12 3 10 88% 232 3143 535 48%
c -  2.59  6 15 0 30 45 1 107624 5960 1.7 20 12 3 10 89% 232 3143 535 48%
c
c seconds  switched  rate         size/glue  tier1    binary      remaining
c        MB  reductions conflicts       size   tier2    irredundant
c         level  restarts    redundant     glue    trail      variables
c
c u  2.65  6 15 0 30 45 1 110376 7613 1.7 20 12 3 10 89% 232 3143 535 48%
c v  2.67  7 15 0 30 45 1 110376 7099 1.7 20 12 3 10 89% 232 3143 535 48%
c w  2.68  7 15 0 30 45 1 110376 6184 1.7 20 12 3 10 89% 232 3143 535 48%
c =  2.75  7 15 0 30 45 1 110376 6184 1.7 20 12 3 10 89% 232 3137 534 48%
c u  2.75  7 15 0 30 45 1 110376 6058 1.7 20 12 3 10 89% 232 3137 534 48%
c v  2.77  7 15 0 30 45 1 110376 5800 1.7 20 12 3 10 89% 232 3137 534 48%
c w  2.78  7 15 0 30 45 1 110376 5761 1.7 20 12 3 10 89% 232 3137 534 48%
c x  2.78  7 15 0 30 45 1 110376 5761 1.7 20 12 3 10 89% 232 3136 534 48%
c -  2.91  7 15 0 31 45 1 113102 5241 1.7 20 12 3 10 89% 232 3136 534 48%
c o  2.99  7 14 0 31 48 1 117445 7733 1.7 20 12 3 10 89% 232 3136 534 48%
c -  3.02  7 14 0 32 48 1 118670 6179 1.7 20 12 3 10 89% 232 3136 534 48%
c O  3.06  7 14 0 32 50 1 120921 7543 1.7 20 12 3 10 89% 232 3136 534 48%
c -  3.14  7 14 0 33 52 1 124326 6724 1.7 20 12 3 10 89% 232 3136 534 48%
c -  3.29  7 14 0 34 55 1 130071 6274 1.7 19 12 2 10 89% 232 3136 534 48%
c e  3.34  6 14 0 34 56 1 132015 6990 1.7 19 12 2 10 89% 156 3395 479 43%
c s  3.34  6 14 0 34 56 1 132015 6990 1.7 19 12 2 10 89% 160 3330 479 43%
c e  3.34  6 14 0 34 56 1 132015 6990 1.7 19 12 2 10 89% 154 3350 475 43%
c ^  3.34  6 14 0 34 56 1 132015 6990 1.7 19 12 2 10 89% 154 3350 475 43%
c -  3.42  6 14 0 35 58 1 135902 4948 1.7 19 12 2 10 89% 155 3350 475 43%
c -  3.55  7 14 0 36 60 1 141819 6228 1.7 19 11 2 10 89% 155 3350 475 43%
c
c seconds  switched  rate         size/glue  tier1    binary      remaining
c        MB  reductions conflicts       size   tier2    irredundant
c         level  restarts    redundant     glue    trail      variables
c
c u  3.61  7 14 0 36 60 1 144563 7821 1.7 19 11 2 10 88% 157 3350 475 43%
c v  3.64  7 14 0 36 60 1 144563 7251 1.7 19 11 2 10 88% 157 3350 475 43%
c w  3.65  7 14 0 36 60 1 144563 5852 1.7 19 11 2 10 88% 157 3350 475 43%
c t  3.65  7 14 0 36 60 1 144563 5852 1.7 19 11 2 10 88% 156 3350 475 43%
c -  3.72  7 14 0 37 60 1 147820 5731 1.7 19 11 2 10 88% 156 3350 475 43%
c B  3.74  7 14 0 37 61 1 148662 6251 1.7 19 11 2 10 88% 156 3350 475 43%
c -  3.86  7 14 0 38 61 1 153903 5977 1.7 19 11 2 9 89% 157 3350 475 43%
c -  3.99  7 14 0 39 61 1 160068 6927 1.7 19 11 2 9 88% 157 3350 475 43%
c -  4.15  7 14 0 40 62 1 166312 7763 1.7 19 11 2 9 88% 157 3350 475 43%
c -  4.30  7 14 0 41 62 1 172636 7979 1.7 19 11 2 9 88% 157 3350 475 43%
c -  4.45  7 14 0 42 62 1 179040 7524 1.7 19 11 2 9 88% 157 3350 475 43%
c W  4.47  6 14 0 42 62 1 180114 8151 1.7 19 11 2 9 88% 157 3350 475 43%
c o  4.47  6 14 0 42 62 1 180114 8151 1.7 19 11 2 9 88% 157 3350 475 43%
c u  4.56  6 14 0 42 62 1 183531 9594 1.7 19 11 2 9 88% 157 3350 475 43%
c v  4.60  7 14 0 42 62 1 183531 8890 1.7 19 11 2 9 88% 157 3350 475 43%
c w  4.61  8 14 0 42 62 1 183531 7883 1.7 19 11 2 9 88% 157 3350 475 43%
c -  4.75  7 14 0 43 62 1 185520 6101 1.7 19 11 2 9 88% 157 3350 475 43%
c -  4.90  7 14 0 44 62 1 192078 6332 1.7 19 11 2 9 88% 157 3350 475 43%
c -  5.04  7 14 0 45 64 1 198712 6671 1.7 19 11 2 9 88% 157 3350 475 43%
c -  5.18  7 14 0 46 68 1 205420 7084 1.7 19 11 2 9 88% 157 3350 475 43%
c
c seconds  switched  rate         size/glue  tier1   binary      remaining
c        MB  reductions conflicts       size   tier2   irredundant
c         level  restarts    redundant     glue   trail      variables
c
c -  5.33  7 14 0 47 72 1 212204 7389 1.7 19 11 2 9 89% 158 3350 475 43%
c I  5.41  7 14 0 47 74 1 215465 9301 1.7 19 11 2 9 89% 158 3350 475 43%
c s  5.44  7 14 0 47 75 1 217649 10878 1.7 19 11 2 9 89% 160 3333 475 43%
c e  5.44  7 14 0 47 75 1 217649 10878 1.7 19 11 2 9 89% 114 3775 410 37%
c 2  5.44  7 14 0 47 75 1 217649 10878 1.7 19 11 2 9 89% 113 3775 410 37%
c s  5.45  7 14 0 47 75 1 217649 10878 1.7 19 11 2 9 89% 114 3624 410 37%
c e  5.45  7 14 0 47 75 1 217649 10878 1.7 19 11 2 9 89% 107 3687 401 36%
c ^  5.45  7 14 0 47 75 1 217649 10878 1.7 19 11 2 9 89% 107 3687 401 36%
c -  5.47  6 14 0 48 76 1 219060 4053 1.7 19 11 2 9 89% 107 3687 401 36%
c -  5.58  6 14 0 49 77 1 225988 5025 1.7 19 11 2 9 89% 107 3687 401 36%
c u  5.61  5 14 0 49 77 1 227637 5892 1.7 19 11 2 9 89% 108 3687 401 36%
c v  5.63  5 14 0 49 77 1 227637 5271 1.7 19 11 2 9 89% 108 3687 401 36%
c w  5.64  5 14 0 49 77 1 227637 4457 1.7 19 11 2 9 89% 108 3687 401 36%
c x  5.65  5 14 0 49 77 1 227637 4455 1.7 19 11 2 9 89% 110 3506 401 36%
c t  5.65  5 14 0 49 77 1 227637 4455 1.7 19 11 2 9 89% 109 3506 401 36%
c -  5.74  5 14 0 50 80 1 232988 4546 1.7 19 11 2 9 89% 109 3506 401 36%
c -  5.84  6 14 0 51 84 1 240060 5994 1.7 19 11 2 9 88% 109 3506 401 36%
c -  5.98  7 14 0 52 88 1 247203 6804 1.6 19 11 2 9 88% 109 3506 401 36%
c -  6.11  7 14 0 53 91 1 254415 7580 1.6 19 11 2 9 88% 109 3506 401 36%
c B  6.13  7 14 0 53 91 1 254906 7940 1.6 19 11 2 9 88% 109 3506 401 36%
c
c seconds  switched  rate         size/glue  tier1   binary      remaining
c        MB  reductions conflicts       size   tier2   irredundant
c         level  restarts    redundant     glue   trail      variables
c
c o  6.13  7 14 0 53 91 1 254906 7940 1.6 19 11 2 9 88% 109 3506 401 36%
c -  6.30  7 14 0 54 92 1 261696 7161 1.6 19 11 2 9 88% 109 3506 401 36%
c -  6.45  7 14 0 55 93 1 269045 7266 1.6 18 11 2 9 88% 109 3506 401 36%
c -  6.61  7 14 0 56 93 1 276461 7241 1.6 18 11 2 9 88% 109 3506 401 36%
c u  6.62  7 14 0 56 93 1 276778 6972 1.6 18 11 2 9 88% 109 3506 401 36%
c v  6.65  7 14 0 56 93 1 276778 5895 1.6 18 11 2 9 88% 109 3506 401 36%
c w  6.67  7 14 0 56 93 1 276778 5070 1.6 18 11 2 9 88% 109 3506 401 36%
c -  6.81  6 14 0 57 97 1 283945 5731 1.6 18 11 2 9 89% 109 3506 401 36%
c -  6.95  7 14 0 58 100 1 291494 6327 1.6 18 11 2 9 89% 109 3506 401 36%
c W  7.08  6 14 0 58 106 1 298619 9753 1.6 18 11 2 9 89% 109 3506 401 36%
c -  7.09  6 14 0 59 106 1 299110 6466 1.6 18 11 2 9 89% 109 3506 401 36%
c -  7.26  6 14 0 60 108 1 306792 6818 1.6 18 11 2 9 89% 109 3506 401 36%
c -  7.41  7 14 0 61 110 1 314537 7913 1.6 18 11 2 9 89% 109 3506 401 36%
c -  7.55  7 14 0 62 115 1 322348 8590 1.6 18 11 2 9 89% 109 3506 401 36%
c s  7.69  7 14 0 62 119 1 329538 13207 1.6 18 11 2 9 89% 109 3501 401 36%
c e  7.70  7 14 0 62 119 1 329538 13207 1.6 18 11 2 9 89%  58 4361 335 30%
c s  7.70  7 14 0 62 119 1 329538 13207 1.6 18 11 2 9 89%  60 4061 335 30%
c e  7.70  7 14 0 62 119 1 329538 13207 1.6 18 11 2 9 89%  58 4099 332 30%
c !  7.70  7 14 0 62 119 1 329538 13207 1.6 18 11 2 9 89%  58 4099 332 30%
c o  7.70  7 14 0 62 119 1 329538 5667 1.6 18 11 2 9 89%  58 4099 332 30%
c
c seconds  switched   rate         size/glue  tier1   binary      remaining
c        MB  reductions conflicts        size   tier2   irredundant
c         level  restarts     redundant     glue   trail      variables
c
c -  7.72  6 14 0 63 120 1 330223 3783 1.6 18 11 2 9 89%  58 4099 332 30%
c u  7.73  6 14 0 63 121 1 331242 4197 1.6 18 11 2 9 89%  58 4099 332 30%
c v  7.75  6 14 0 63 121 1 331242 3704 1.6 18 11 2 9 89%  58 4099 332 30%
c w  7.76  6 14 0 63 121 1 331242 2850 1.6 18 11 2 9 89%  58 4099 332 30%
c x  7.76  6 14 0 63 121 1 331242 2845 1.6 18 11 2 9 89%  58 3918 332 30%
c -  7.89  6 14 0 64 123 1 338162 4205 1.6 18 11 2 9 89%  58 3918 332 30%
c -  8.00  7 14 0 65 124 1 346162 5685 1.6 18 11 2 9 89%  58 3918 332 30%
c O  8.01  7 14 0 65 124 1 346781 6129 1.6 18 11 2 9 89%  58 3918 332 30%
c -  8.15  7 14 0 66 124 1 354224 6770 1.6 18 11 2 9 88%  58 3918 332 30%
c -  8.34  7 14 0 67 125 1 362350 7039 1.6 18 11 2 9 88%  58 3918 332 30%
c -  8.56  7 14 0 68 125 1 370536 7481 1.6 17 11 2 9 87%  58 3918 332 30%
c -  8.77  7 13 0 69 125 1 378783 7463 1.6 17 11 2 8 87%  58 3918 332 30%
c -  8.97  7 13 0 70 125 1 387090 7982 1.6 17 11 2 8 86%  58 3918 332 30%
c u  9.06  7 13 0 70 125 1 390248 8780 1.6 17 11 2 8 86%  58 3918 332 30%
c v  9.10  7 13 0 70 125 1 390248 7930 1.6 17 11 2 8 86%  58 3918 332 30%
c w  9.11  7 13 0 70 125 1 390248 6766 1.6 17 11 2 8 86%  58 3918 332 30%
c x  9.12  7 13 0 70 125 1 390248 6764 1.6 17 11 2 8 86%  58 3904 332 30%
c -  9.22  7 13 0 71 126 1 395456 6413 1.6 17 11 2 8 86%  59 3903 332 30%
c B  9.28  7 13 0 71 126 1 399568 9088 1.6 17 11 2 8 86%  59 3903 332 30%
c -  9.36  7 13 0 72 126 1 403884 6811 1.6 17 11 2 8 86%  59 3903 332 30%
c
c seconds  switched   rate         size/glue  tier1   binary      remaining
c        MB  reductions conflicts        size   tier2   irredundant
c         level  restarts     redundant     glue   trail      variables
c
c -  9.51  7 13 0 73 126 1 412370 6700 1.6 18 11 2 8 86%  59 3903 332 30%
c -  9.66  7 13 0 74 126 1 420915 6864 1.6 18 11 2 8 87%  59 3903 332 30%
c -  9.84  7 13 0 75 126 1 429518 6691 1.6 18 11 2 8 87%  59 3903 332 30%
c - 10.02  7 13 0 76 126 1 438178 7474 1.6 18 11 2 8 87%  59 3903 332 30%
c - 10.18  7 13 0 77 126 1 446897 7760 1.6 18 11 2 8 87%  59 3903 332 30%
c u 10.35  7 13 0 77 126 1 454735 11583 1.6 18 11 2 8 87%  59 3903 332 30%
c v 10.39  8 13 0 77 126 1 454735 10451 1.6 18 11 2 8 87%  59 3903 332 30%
c w 10.40  8 13 0 77 126 1 454735 8033 1.6 18 11 2 8 87%  59 3903 332 30%
c o 10.40  8 13 0 77 126 1 454735 8033 1.6 18 11 2 8 87%  59 3903 332 30%
c - 10.42  6 13 0 78 126 1 455671 5164 1.6 18 11 2 8 87%  59 3903 332 30%
c W 10.45  6 13 0 78 126 1 457153 6200 1.6 18 11 2 8 87%  59 3903 332 30%
c - 10.56  6 13 0 79 129 1 464503 6170 1.6 18 11 2 8 87%  59 3903 332 30%
c s 10.64  6 13 0 79 132 1 468828 8808 1.6 18 11 2 8 87%  59 3902 332 30%
c e 10.64  6 13 0 79 132 1 468828 8808 1.6 18 11 2 8 87%  55 3981 327 29%
c s 10.64  6 13 0 79 132 1 468828 8808 1.6 18 11 2 8 87%  55 3963 327 29%
c - 10.72  6 13 0 80 134 1 473392 6439 1.6 18 11 2 8 87%  55 3963 327 29%
c - 10.90  7 13 0 81 140 1 482337 7097 1.6 18 11 2 8 88%  55 3963 327 29%
c - 11.03  7 13 0 82 141 1 491337 8386 1.6 18 11 2 8 88%  55 3963 327 29%
c - 11.16  7 13 0 83 147 1 500392 9032 1.6 17 11 2 8 88%  55 3963 327 29%
c - 11.32  8 13 0 84 151 1 509502 10057 1.6 17 11 2 8 88%  55 3963 327 29%
c
c seconds  switched   rate         size/glue  tier1   binary      remaining
c        MB  reductions conflicts        size   tier2   irredundant
c         level  restarts     redundant     glue   trail      variables
c
c - 11.49  7 13 0 85 156 1 518668 9356 1.6 17 11 2 8 89%  55 3963 327 29%
c I 11.51  7 13 0 85 156 1 519703 9960 1.6 17 11 2 8 89%  55 3963 327 29%
c u 11.60  8 13 0 85 156 1 524771 12243 1.6 17 11 2 8 89%  55 3963 327 29%
c v 11.62  8 13 0 85 156 1 524771 11097 1.6 17 11 2 8 89%  55 3963 327 29%
c w 11.63  8 13 0 85 156 1 524771 10204 1.6 17 11 2 8 89%  55 3963 327 29%
c x 11.64  8 13 0 85 156 1 524771 10202 1.6 17 11 2 8 89%  55 3937 327 29%
c - 11.70  7 13 0 86 157 1 527888 7025 1.6 17 11 2 8 89%  55 3937 327 29%
c - 11.84  7 13 0 87 157 1 537163 7936 1.6 17 11 2 8 89%  55 3937 327 29%
c - 12.00  7 13 0 88 160 1 546491 8170 1.6 17 11 2 8 90%  55 3937 327 29%
c - 12.17  7 13 0 89 165 1 555873 9156 1.6 17 11 2 8 90%  55 3937 327 29%
c - 12.32  8 13 0 90 171 1 565307 8873 1.6 17 11 2 8 90%  55 3937 327 29%
c - 12.47  8 13 0 91 172 1 574794 10084 1.6 17 11 2 8 89%  55 3937 327 29%
c - 12.66  8 13 0 92 179 1 584333 10479 1.6 17 11 2 8 89%  55 3937 327 29%
c B 12.74  7 13 0 92 179 1 587386 11708 1.6 17 11 2 8 89%  55 3937 327 29%
c o 12.74  7 13 0 92 179 1 587386 11708 1.6 17 11 2 8 89%  55 3937 327 29%
c - 12.84  8 13 0 93 184 1 593924 9616 1.6 17 11 2 8 89%  55 3937 327 29%
c u 12.98  8 13 0 93 186 1 600331 12666 1.6 17 11 2 8 89%  55 3937 327 29%
c v 13.01  8 13 0 93 186 1 600331 11701 1.6 17 11 2 8 89%  55 3937 327 29%
c w 13.02  8 13 0 93 186 1 600331 9508 1.6 17 11 2 8 89%  55 3937 327 29%
c x 13.03  8 13 0 93 186 1 600331 9507 1.6 17 11 2 8 89%  55 3933 327 29%
c
c seconds  switched   rate         size/glue  tier1   binary      remaining
c        MB  reductions conflicts        size   tier2   irredundant
c         level  restarts     redundant     glue   trail      variables
c
c = 13.17  9 13 0 93 186 1 600331 9507 1.6 17 11 2 8 89%  57 3919 325 29%
c d 13.17  9 13 0 93 186 1 600331 9201 1.6 17 11 2 8 89%  55 3919 325 29%
c u 13.18  9 13 0 93 186 1 600331 9111 1.6 17 11 2 8 89%  55 3919 325 29%
c v 13.22  9 13 0 93 186 1 600331 7779 1.6 17 11 2 8 89%  55 3919 325 29%
c w 13.25  9 13 0 93 186 1 600331 7050 1.6 17 11 2 8 89%  55 3919 325 29%
c - 13.30  7 13 0 94 187 1 603567 5952 1.6 17 11 2 8 89%  54 3919 325 29%
c - 13.45  8 13 0 95 188 1 613264 6991 1.6 17 11 2 8 89%  54 3919 325 29%
c - 13.61  8 13 0 96 188 1 623010 7126 1.6 17 11 2 8 89%  54 3919 325 29%
c - 13.77  8 13 0 97 189 1 632807 8137 1.6 17 11 2 8 89%  55 3918 325 29%
c s 13.90  8 13 0 97 189 1 640105 12177 1.6 17 11 2 8 89%  55 3917 325 29%
c - 13.96  8 13 0 98 189 1 642656 8674 1.6 17 11 2 8 89%  55 3917 325 29%
c - 14.15  8 13 0 99 189 1 652555 8514 1.5 17 11 2 8 89%  55 3917 325 29%
c W 14.31  7 13 0 99 192 1 660362 12468 1.5 17 11 2 8 89%  55 3917 325 29%
c - 14.35  7 13 0 100 193 1 662504 8741 1.5 17 11 2 8 89%  55 3917 325 29%
c - 14.58  7 13 0 101 198 1 672504 8697 1.5 17 11 2 8 89%  55 3917 325 29%
c u 14.79  7 13 0 101 203 1 681659 12632 1.5 17 11 2 8 89%  55 3917 325 29%
c v 14.82  7 13 0 101 203 1 681659 11915 1.5 17 11 2 8 89%  55 3917 325 29%
c w 14.84  7 13 0 101 203 1 681659 9592 1.5 17 11 2 8 89%  55 3917 325 29%
c x 14.85  7 13 0 101 203 1 681659 9592 1.5 17 11 2 8 89%  55 3910 325 29%
c - 15.04  6 13 0 102 203 1 682553 6913 1.5 17 11 2 8 89%  55 3910 325 29%
c
c seconds  switched    rate         size/glue  tier1   binary      remaining
c        MB  reductions  conflicts        size   tier2   irredundant
c         level   restarts     redundant     glue   trail      variables
c
c - 15.27  7 13 0 103 206 1 692652 7973 1.6 17 11 2 8 89%  55 3910 325 29%
c - 15.50  7 13 0 104 211 1 702800 8197 1.6 17 11 2 8 89%  55 3910 325 29%
c - 15.74  7 13 0 105 218 1 712998 8732 1.6 17 11 2 8 89%  55 3910 325 29%
c - 15.96  7 13 0 106 219 1 723245 9473 1.6 17 11 2 8 90%  55 3910 325 29%
c - 16.17  7 13 0 107 220 1 733541 11150 1.6 17 11 2 8 90%  55 3910 325 29%
c O 16.28  7 13 0 107 220 1 738790 14503 1.6 18 11 2 8 90%  55 3910 325 29%
c o 16.28  7 13 0 107 220 1 738790 14503 1.6 18 11 2 8 90%  55 3910 325 29%
c - 16.40  7 13 0 108 223 1 743885 10842 1.6 17 11 2 8 90%  55 3910 325 29%
c - 16.63  7 13 0 109 229 1 754277 10066 1.6 17 11 2 8 89%  55 3910 325 29%
c - 16.86  7 13 0 110 234 1 764718 9065 1.6 17 11 2 8 89%  55 3910 325 29%
c u 16.98  7 13 0 110 235 1 768803 9839 1.6 17 11 2 8 89%  55 3910 325 29%
c v 17.02  7 13 0 110 235 1 768803 8640 1.6 17 11 2 8 89%  55 3910 325 29%
c w 17.06  7 13 0 110 235 1 768803 7356 1.6 17 11 2 8 89%  55 3910 325 29%
c - 17.19  7 13 0 111 237 1 775208 7150 1.6 17 11 2 8 89%  55 3910 325 29%
c - 17.41  7 13 0 112 243 1 785744 7700 1.6 17 11 2 8 89%  55 3910 325 29%
c - 17.63  7 13 0 113 249 1 796328 8586 1.6 17 11 2 8 89%  55 3910 325 29%
c - 17.88  7 13 0 114 251 1 806958 9423 1.6 17 11 2 8 89%  55 3910 325 29%
c - 18.12  7 13 0 115 251 1 817635 9696 1.6 17 11 2 8 89%  55 3910 325 29%
c B 18.23  7 13 0 115 252 1 822828 12680 1.6 17 11 2 8 89%  55 3910 325 29%
c - 18.36  7 13 0 116 252 1 828359 9567 1.6 17 11 2 7 89%  55 3910 325 29%
c
c seconds  switched    rate         size/glue  tier1   binary      remaining
c        MB  reductions  conflicts        size   tier2   irredundant
c         level   restarts     redundant     glue   trail      variables
c
c - 18.58  7 13 0 117 252 1 839131 9097 1.6 18 11 2 7 89%  55 3910 325 29%
c s 18.70  7 13 0 117 252 1 844911 12703 1.6 18 11 2 7 89%  55 3908 325 29%
c - 18.82  7 13 0 118 252 1 849947 8943 1.6 18 11 2 7 89%  55 3908 325 29%
c - 19.08  7 13 0 119 253 1 860810 8910 1.6 17 11 2 7 89%  55 3908 325 29%
c u 19.12  7 13 0 119 253 1 861799 8591 1.6 17 11 2 7 89%  55 3908 325 29%
c v 19.16  7 13 0 119 253 1 861799 7381 1.6 17 11 2 7 89%  55 3908 325 29%
c w 19.18  7 13 0 119 253 1 861799 6967 1.6 17 11 2 7 89%  55 3908 325 29%
c o 19.18  7 13 0 119 253 1 861799 6967 1.6 17 11 2 7 89%  55 3908 325 29%
c - 19.40  7 13 0 120 253 1 871718 7245 1.6 17 11 2 7 89%  55 3908 325 29%
c - 19.65  7 13 0 121 253 1 882672 7760 1.6 17 11 2 7 89%  55 3908 325 29%
c - 19.89  7 13 0 122 253 1 893672 8420 1.6 17 11 2 7 89%  55 3908 325 29%
c - 20.13  7 13 0 123 253 1 904717 8442 1.5 17 11 2 7 89%  55 3908 325 29%
c W 20.32  7 13 0 123 253 1 912629 11927 1.5 17 11 2 7 89%  55 3908 325 29%
c - 20.39  7 13 0 124 253 1 915808 9045 1.5 17 11 2 7 89%  55 3908 325 29%
c - 20.65  7 13 0 125 254 1 926944 9509 1.6 17 11 2 7 89%  55 3908 325 29%
c - 20.89  7 13 0 126 254 1 938125 8908 1.6 17 11 2 7 89%  55 3908 325 29%
c - 21.13  7 13 0 127 254 1 949350 8910 1.6 17 11 2 7 89%  55 3908 325 29%
c - 21.33  7 13 0 128 254 1 960621 10147 1.6 17 11 2 7 89%  55 3908 325 29%
c u 21.34  7 13 0 128 254 1 960722 9674 1.6 17 11 2 7 89%  55 3908 325 29%
c v 21.39  7 13 0 128 254 1 960722 8257 1.6 17 11 2 7 89%  55 3908 325 29%
c
c seconds  switched    rate         size/glue  tier1   binary      remaining
c        MB  reductions  conflicts        size   tier2   irredundant
c         level   restarts     redundant     glue   trail      variables
c
c w 21.41  7 13 0 128 254 1 960722 7533 1.6 17 11 2 7 89%  55 3908 325 29%
c x 21.42  7 13 0 128 254 1 960722 7531 1.6 17 11 2 7 89%  55 3902 325 29%
c = 21.65 13 13 0 128 254 1 960722 7531 1.6 17 11 2 7 89%  57 3894 324 29%
c d 21.65 13 13 0 128 254 1 960722 7348 1.6 17 11 2 7 89%  54 3894 324 29%
c u 21.67 13 13 0 128 254 1 960722 7214 1.6 17 11 2 7 89%  54 3894 324 29%
c v 21.70 13 13 0 128 254 1 960722 6641 1.6 17 11 2 7 89%  54 3894 324 29%
c w 21.72 13 13 0 128 254 1 960722 6445 1.6 17 11 2 7 89%  54 3894 324 29%
c - 21.96  7 13 0 129 254 1 971934 7016 1.6 17 11 2 7 89%  54 3894 324 29%
c - 22.19  7 12 0 130 254 1 983292 8190 1.6 16 11 2 7 89%  54 3894 324 29%
c - 22.41  7 12 0 131 254 1 994693 8887 1.5 16 10 2 7 89%  54 3894 324 29%
c - 22.65  7 12 0 132 254 1 1006138 9218 1.5 16 10 2 7 89%  54 3894 324 29%
c I 22.70  7 12 0 132 254 1 1008343 10484 1.5 16 10 2 7 88%  54 3894 324 29%
c o 22.70  7 12 0 132 254 1 1008343 10484 1.5 16 10 2 7 88%  54 3894 324 29%
c - 22.88  7 12 0 133 254 1 1017627 10277 1.5 16 10 2 7 89%  54 3894 324 29%
c - 23.12  7 12 0 134 254 1 1029160 9825 1.5 16 10 2 7 88%  54 3894 324 29%
c - 23.36  7 12 0 135 254 1 1040735 10239 1.5 16 10 2 7 88%  54 3894 324 29%
c - 23.61  7 12 0 136 255 1 1052354 11171 1.5 16 10 2 7 88%  54 3894 324 29%
c - 23.87  7 12 0 137 261 1 1064015 11909 1.5 15 10 2 7 88%  54 3894 324 29%
c u 23.92  7 12 0 137 263 1 1065697 12267 1.5 15 10 2 7 89%  54 3894 324 29%
c v 23.98  7 12 0 137 263 1 1065697 9733 1.5 15 10 2 7 89%  54 3894 324 29%
c
c seconds  switched    rate          size/glue  tier1   binary      remaining
c        MB  reductions   conflicts        size   tier2   irredundant
c         level   restarts      redundant     glue   trail      variables
c
c w 24.01  7 12 0 137 263 1 1065697 8233 1.5 15 10 2 7 89%  55 3894 324 29%
c - 24.45 13 12 0 138 268 1 1075721 9415 1.5 15 10 2 7 89%  55 3894 324 29%
c s 24.63 13 11 0 138 269 1 1084775 13984 1.5 15 10 2 7 88%  56 3867 324 29%
c - 24.70 13 11 0 139 272 1 1087468 11460 1.5 15 10 2 7 88%  56 3867 324 29%
c - 24.95 13 11 0 140 278 1 1099257 12087 1.5 15 9 2 7 88%  57 3867 324 29%
c B 25.17 13 11 0 140 284 1 1110122 17620 1.5 15 10 2 7 88%  57 3867 324 29%
c - 25.19 13 11 0 141 284 1 1111090 11925 1.5 15 10 2 7 88%  57 3867 324 29%
c - 25.44 13 11 0 142 285 1 1122965 10685 1.5 15 10 2 7 88%  57 3867 324 29%
c - 25.69 13 11 0 143 286 1 1134881 10982 1.5 15 10 2 7 88%  57 3867 324 29%
c - 25.92 13 12 0 144 293 1 1146840 10917 1.5 15 10 2 7 88%  57 3867 324 29%
c - 26.18 13 12 0 145 299 1 1158840 10096 1.6 15 10 2 7 89%  57 3867 324 29%
c - 26.42 13 12 0 146 303 1 1170881 10884 1.6 16 10 2 7 88%  57 3867 324 29%
c u 26.56 13 12 0 146 307 1 1176728 12605 1.6 15 10 2 7 88%  65 3867 324 29%
c v 26.61 13 12 0 146 307 1 1176728 10270 1.6 15 10 2 7 88%  61 3867 324 29%
c w 26.66 13 12 0 146 307 1 1176728 8301 1.6 15 10 2 7 88%  61 3867 324 29%
c o 26.66 13 12 0 146 307 1 1176728 8301 1.6 15 10 2 7 88%  61 3867 324 29%
c - 26.79 13 12 0 147 310 1 1182964 7795 1.6 16 10 2 7 88%  61 3867 324 29%
c - 27.04 13 12 0 148 315 1 1195088 8338 1.5 16 10 2 7 88%  61 3867 324 29%
c - 27.30 13 12 0 149 316 1 1207254 8734 1.5 16 10 2 7 88%  61 3867 324 29%
c W 27.53 13 12 0 149 317 1 1218109 14020 1.5 16 10 2 7 88%  61 3867 324 29%
c
c seconds  switched    rate          size/glue  tier1   binary      remaining
c        MB  reductions   conflicts        size   tier2   irredundant
c         level   restarts      redundant     glue   trail      variables
c
c - 27.56 13 12 0 150 317 1 1219462 9660 1.6 16 10 2 7 88%  61 3867 324 29%
c - 27.86 13 12 0 151 317 1 1231709 10096 1.5 16 10 2 7 88%  61 3867 324 29%
c - 28.18 13 12 0 152 317 1 1243998 9586 1.5 16 10 2 7 88%  61 3867 324 29%
c - 28.48 13 12 0 153 323 1 1256328 10168 1.5 16 10 2 7 88%  61 3867 324 29%
c - 28.73 13 12 0 154 330 1 1268698 10567 1.5 16 10 2 7 89%  61 3867 324 29%
c - 29.08 13 12 0 155 332 1 1281107 10789 1.5 16 10 2 7 89%  61 3867 324 29%
c - 29.35 13 12 0 156 339 1 1293556 12009 1.5 16 10 2 7 88%  61 3867 324 29%
c u 29.38 13 12 0 156 339 1 1293988 11535 1.5 16 10 2 7 88%  61 3867 324 29%
c v 29.45 13 12 0 156 339 1 1293988 9452 1.5 16 10 2 7 88%  61 3867 324 29%
c w 29.47 13 12 0 156 339 1 1293988 8746 1.5 16 10 2 7 88%  61 3867 324 29%
c x 29.48 13 12 0 156 339 1 1293988 8738 1.5 16 10 2 7 88%  68 3799 324 29%
c t 29.48 13 12 0 156 339 1 1293988 8738 1.5 16 10 2 7 88%  63 3799 324 29%
c - 29.73 13 12 0 157 346 1 1306045 10560 1.5 16 10 2 7 88%  63 3799 324 29%
c - 30.00 13 12 0 158 348 1 1318576 12007 1.5 16 10 2 7 87%  63 3799 324 29%
c - 30.29 13 13 0 159 348 1 1331145 12662 1.5 16 10 2 7 87%  63 3799 324 29%
c O 30.32 13 13 0 159 349 1 1332448 13353 1.5 16 10 2 7 86%  63 3799 324 29%
c o 30.32 13 13 0 159 349 1 1332448 13353 1.5 16 10 2 7 86%  63 3799 324 29%
c - 30.59 13 13 0 160 355 1 1343755 12768 1.5 16 11 2 7 87%  63 3799 324 29%
c - 30.89 13 12 0 161 363 1 1356406 12215 1.5 16 10 2 7 87%  63 3799 324 29%
c s 31.01 13 12 0 161 363 1 1361831 14700 1.5 16 10 2 7 87%  63 3780 324 29%
c
c seconds  switched    rate           size/glue  tier1   binary      remaining
c        MB  reductions   conflicts         size   tier2   irredundant
c         level   restarts       redundant     glue   trail      variables
c
c e 31.01 13 12 0 161 363 1 1361831 14700 1.5 16 10 2 7 87%  59 3815 322 29%
c s 31.01 13 12 0 161 363 1 1361831 14700 1.5 16 10 2 7 87%  59 3796 322 29%
c - 31.15 13 12 0 162 367 1 1369094 12674 1.5 16 10 2 7 87%  59 3796 322 29%
c - 31.40 13 12 0 163 375 1 1381821 13513 1.5 15 10 2 7 87%  59 3796 322 29%
c - 31.68 13 12 0 164 378 1 1394589 14359 1.5 15 10 2 7 87%  60 3796 322 29%
c - 31.95 13 12 0 165 379 1 1407398 14204 1.5 15 10 2 7 87%  60 3796 322 29%
c u 32.21 13 12 0 165 380 1 1417785 18098 1.5 15 10 2 7 88%  62 3796 322 29%
c v 32.30 13 12 0 165 380 1 1417785 14010 1.5 15 10 2 7 88%  63 3796 322 29%
c w 32.35 13 12 0 165 380 1 1417785 10795 1.5 15 10 2 7 88%  63 3796 322 29%
c t 32.69 13 12 0 165 380 1 1417785 10795 1.5 15 10 2 7 88%  62 3796 322 29%
c - 32.75 13 12 0 166 380 1 1420244 8772 1.5 15 10 2 7 88%  62 3796 322 29%
c - 33.00 13 11 0 167 380 1 1433130 10880 1.5 15 10 2 7 87%  62 3796 322 29%
c - 33.30 13 11 0 168 380 1 1446053 12329 1.5 15 9 2 7 87%  62 3796 322 29%
c B 33.44 13 11 0 168 381 1 1453282 15767 1.5 14 9 2 7 87%  63 3796 322 29%
c - 33.57 13 11 0 169 381 1 1459016 12310 1.5 14 9 2 6 87%  63 3796 322 29%
c - 33.85 13 11 0 170 381 1 1472016 12297 1.5 15 9 2 6 87%  63 3796 322 29%
c - 34.16 13 11 0 171 381 1 1485054 11083 1.6 15 10 2 6 87%  63 3796 322 29%
c - 34.45 13 12 0 172 381 1 1498131 10563 1.6 15 10 2 6 87%  63 3796 322 29%
c - 34.77 13 12 0 173 381 1 1511245 10393 1.5 15 10 2 6 87%  63 3796 322 29%
c - 35.04 13 12 0 174 389 1 1524398 11271 1.5 15 10 2 6 87%  63 3796 322 29%
c
c seconds  switched    rate           size/glue  tier1   binary      remaining
c        MB  reductions   conflicts         size   tier2   irredundant
c         level   restarts       redundant     glue   trail      variables
c
c - 35.32 13 11 0 175 396 1 1537589 12064 1.5 15 10 2 6 87%  63 3796 322 29%
c u 35.63 13 11 0 175 399 1 1547855 16817 1.6 15 10 2 6 87%  64 3796 322 29%
c v 35.69 13 11 0 175 399 1 1547855 14890 1.6 15 10 2 6 87%  64 3796 322 29%
c w 35.71 13 11 0 175 399 1 1547855 13656 1.6 15 10 2 6 87%  64 3796 322 29%
c x 35.72 13 11 0 175 399 1 1547855 13652 1.6 15 10 2 6 87%  65 3727 322 29%
c t 35.73 13 11 0 175 399 1 1547855 13652 1.6 15 10 2 6 87%  64 3727 322 29%
c o 35.73 13 11 0 175 399 1 1547855 13652 1.6 15 10 2 6 87%  64 3727 322 29%
c - 35.80 13 11 0 176 401 1 1550818 10140 1.6 15 10 2 6 87%  64 3727 322 29%
c - 36.08 13 11 0 177 409 1 1564085 10862 1.6 15 10 2 6 87%  64 3727 322 29%
c - 36.33 13 12 0 178 411 1 1577390 10639 1.6 15 10 2 6 87%  64 3727 322 29%
c W 36.41 13 12 0 178 412 1 1580750 12453 1.6 15 10 2 6 87%  64 3727 322 29%
c - 36.64 13 12 0 179 412 1 1590732 10165 1.5 15 10 2 6 87%  64 3727 322 29%
c - 36.95 13 12 0 180 419 1 1604113 10298 1.5 15 10 2 6 87%  64 3727 322 29%
c - 37.21 13 12 0 181 426 1 1617529 11160 1.5 15 10 2 6 87%  64 3727 322 29%
c - 37.48 13 12 0 182 430 1 1630982 11582 1.5 15 10 2 6 87%  64 3727 322 29%
c - 37.77 13 11 0 183 439 1 1644472 12501 1.5 15 10 2 6 87%  64 3727 322 29%
c - 38.07 13 11 0 184 442 1 1657999 13040 1.5 14 9 2 6 87%  64 3727 322 29%
c - 38.39 13 11 0 185 443 1 1671564 13818 1.5 14 9 2 6 87%  68 3727 322 29%
c i 38.43 13 11 0 185 443 1 1673117 14435 1.5 14 9 2 6 87%  79 3727 321 29%
c s 38.52 13 11 0 185 444 1 1678175 17836 1.5 14 9 2 6 87%  79 3492 321 29%
c
c seconds  switched    rate           size/glue tier1   binary      remaining
c        MB  reductions   conflicts         size  tier2   irredundant
c         level   restarts       redundant    glue   trail      variables
c
c e 38.52 13 11 0 185 444 1 1678175 17836 1.5 14 9 2 6 87%  64 3550 316 28%
c s 38.52 13 11 0 185 444 1 1678175 17836 1.5 14 9 2 6 87%  64 3498 316 28%
c u 38.72 13 11 0 185 444 1 1684633 13546 1.5 14 9 2 6 87%  71 3493 316 28%
c v 38.78 13 11 0 185 444 1 1684633 12309 1.5 14 9 2 6 87%  71 3493 316 28%
c w 38.81 13 11 0 185 444 1 1684633 10121 1.5 14 9 2 6 87%  71 3493 316 28%
c x 38.82 13 11 0 185 444 1 1684633 10113 1.5 14 9 2 6 87%  71 3445 316 28%
c t 38.82 13 11 0 185 444 1 1684633 10113 1.5 14 9 2 6 87%  70 3445 316 28%
c - 38.83 12 11 0 186 444 1 1685167 7359 1.5 14 9 2 6 87%  67 3445 316 28%
c - 39.12 13 11 0 187 444 1 1698805 9248 1.5 14 9 2 6 87%  67 3445 316 28%
c - 39.41 13 11 0 188 447 1 1712480 10450 1.5 14 9 2 6 87%  67 3445 316 28%
c I 39.46 13 11 0 188 449 1 1714990 11453 1.5 14 9 2 6 87%  67 3445 316 28%
c o 39.46 13 11 0 188 449 1 1714990 11453 1.5 14 9 2 6 87%  67 3445 316 28%
c - 39.71 13 11 0 189 455 1 1726192 11695 1.5 14 9 2 6 87%  67 3445 316 28%
c - 39.98 13 11 0 190 459 1 1739941 12405 1.5 14 9 2 6 87%  67 3445 316 28%
c - 40.28 13 11 0 191 466 1 1753726 12249 1.5 14 9 2 6 87%  67 3445 316 28%
c - 40.64 13 11 0 192 474 1 1767548 13082 1.5 14 9 2 6 87%  68 3445 316 28%
c - 40.98 13 11 0 193 475 1 1781404 12969 1.5 14 9 2 6 87%  68 3445 316 28%
c - 41.33 13 11 0 194 479 1 1795297 14311 1.5 14 9 2 6 87%  70 3445 316 28%
c - 41.67 13 10 0 195 487 1 1809226 16227 1.5 13 9 2 6 86%  72 3445 316 28%
c i 41.77 13 10 0 195 489 1 1812311 17151 1.5 13 9 2 6 86%  81 3445 313 28%
c
c seconds  switched    rate           size/glue tier1   binary      remaining
c        MB  reductions   conflicts         size  tier2   irredundant
c         level   restarts       redundant    glue   trail      variables
c
c - 42.06 13 10 0 196 490 1 1823191 10014 1.6 13 8 2 6 86%  70 3445 313 28%
c i 42.13 13 10 0 196 493 1 1825968 10891 1.6 13 8 2 6 86%  77 3445 310 28%
c i 42.17 13 10 0 196 493 1 1827961 11636 1.6 13 8 2 6 86%  85 3445 304 27%
c i 42.21 13 10 0 196 495 1 1829260 12226 1.6 13 8 2 6 86%  94 3445 303 27%
c b 42.22 13 10 0 196 495 1 1829597 7218 1.6 13 8 2 6 86% 234 2556 301 27%
c u 42.24 13 10 0 196 495 1 1829597 5705 1.6 13 8 2 6 86% 289 2556 301 27%
c v 42.27 13 10 0 196 495 1 1829597 4258 1.6 13 8 2 6 86% 291 2556 301 27%
c w 42.27 13 10 0 196 495 1 1829597 4116 1.6 13 8 2 6 86% 292 2556 301 27%
c x 42.28 13 10 0 196 495 1 1829597 4069 1.6 13 8 2 6 86% 321 2031 301 27%
c d 42.28 13 10 0 196 495 1 1829597 4069 1.6 13 8 2 6 86% 288 2031 285 26%
c t 42.28 13 10 0 196 495 1 1829597 4069 1.6 13 8 2 6 86% 218 2031 285 26%
c u 42.30 13 10 0 196 495 1 1829597 2986 1.6 13 8 2 6 86% 222 2031 285 26%
c v 42.31 13 10 0 196 495 1 1829597 2689 1.6 13 8 2 6 86% 222 2031 285 26%
c w 42.32 13 10 0 196 495 1 1829597 2680 1.6 13 8 2 6 86% 222 2031 285 26%
c x 42.32 13 10 0 196 495 1 1829597 2673 1.6 13 8 2 6 86% 229 1905 285 26%
c = 42.38 13 10 0 196 495 1 1829597 2673 1.6 13 8 2 6 86% 275 1853 98 9%
c ] 42.38 13 10 0 196 495 1 1829597 2673 1.6 13 8 2 6 86% 275 1853 121 11%
c 0 42.38 13 0 0 196 495 0 1829597 2673 0.0 0 0 2 6 0% 275 1853 121 11%
c
c ---- [ result ] ------------------------------------------------------------
c
s UNSATISFIABLE
c
c ---- [ profiling ] ---------------------------------------------------------
c
c          38.54   90.93 %  search
c          38.54   90.93 %  stable
c           3.83    9.03 %  simplify
c           3.76    8.86 %  probe
c           2.08    4.90 %  vivify
c           1.60    3.78 %  sweep
c           0.22    0.51 %  reduce
c           0.05    0.11 %  eliminate
c           0.04    0.10 %  walking
c           0.04    0.09 %  substitute
c           0.03    0.07 %  factor
c           0.02    0.04 %  preprocess
c           0.01    0.02 %  subsume
c           0.01    0.01 %  congruence
c           0.00    0.01 %  transitive
c           0.00    0.00 %  backbone
c           0.00    0.00 %  lucky
c           0.00    0.00 %  parse
c =============================================
c          42.38  100.00 %  total
c
c ---- [ statistics ] --------------------------------------------------------
c
c conflicts:                          1829597            43169.17 per second
c congruent:                               43                4 %  variables
c decisions:                          1940938                1.06 per conflict
c eliminated:                             780               70 %  variables
c factored:                                61                5 %  variables
c iterations:                               5                0 %  variables
c propagations:                     222365755          5246700    per second
c reductions:                             196             9335    interval
c reordered:                               17           107623    interval
c rephased:                                33            55442    interval
c restarts:                               495             3696    interval
c strengthened:                          1113                0 %  checks
c substituted:                             87                8 %  variables
c subsumed:                               846                0 %  checks
c switched:                                 0                0    interval
c vivified:                            127826               45 %  checks
c walks:                                   11           166327    interval
c
c ---- [ glue usage ] --------------------------------------------------------
c
c stable glue 2 used 5897145 clauses 22.17% accumulated 66.76% tier1
c stable glue 3 used 3354716 clauses 12.61% accumulated 79.37%
c stable glue 4 used 1524377 clauses  5.73% accumulated 85.10%
c stable glue 5 used  907131 clauses  3.41% accumulated 88.51%
c stable glue 6 used  581690 clauses  2.19% accumulated 90.70% tier2
c
c ---- [ resources ] ---------------------------------------------------------
c
c maximum-resident-set-size:        386359296 bytes        368 MB
c process-time:                            42s              42.38 seconds
c
c ---- [ shutting down ] -----------------------------------------------------
c
c exit 20
