c ---- [ banner ] ------------------------------------------------------------
c
c Kissat SAT Solver
c 
c Copyright (c) 2021-2024 Armin Biere University of Freiburg
c Copyright (c) 2019-2021 Armin Biere Johannes Kepler University Linz
c 
c Version 4.0.4 8af8e56f174b778aef3aa45af9f739b2a5f492c2
c gcc (GCC) 15.2.1 20260123 (Red Hat 15.2.1-7) -W -Wall -O3 -DNDEBUG
c Thu Apr 23 06:47:51 PM IST 2026 Linux krishnendu-LN 6.19.12-200.fc43.x86_64 x86_64
c
c ---- [ parsing ] -----------------------------------------------------------
c
c opened and reading DIMACS file:
c
c   /home/krishnendu/Research/fv-invariant-mining/data/circuits/cnf/miter_mult_11bit.cnf
c
c parsed 'p cnf 1368 5184' header
c closing input after reading 82324 bytes (80 KB)
c finished parsing after 0.00 seconds
c
c ---- [ options ] -----------------------------------------------------------
c
c --decay=30                       (different from default '50')
c --eliminateeffort=1700           (different from default '100')
c --stable=2                       (different from default '1')
c
c ---- [ solving ] -----------------------------------------------------------
c
c seconds switched rate     size/glue tier1  binary       remaining
c        MB reductions conflicts size  tier2   irredundant
c         level restarts redundant glue  trail       variables
c
c *  0.00  3 0 0 0  0 0   0   0 0.0 0 0 0 0 0% 1797 3385 1365 100%
c (  0.00  3 0 0 0  0 0   0   0 0.0 0 0 0 0 0% 1797 3385 1365 100%
c .  0.00  3 0 0 0  0 0   0   0 0.0 0 0 0 0 0% 1793 3385 1365 100%
c c  0.00  4 0 0 0  0 0   0   0 0.0 0 0 0 0 0% 1876 3383 1312 96%
c d  0.00  4 0 0 0  0 0   0   0 0.0 0 0 0 0 0% 1688 3383 1312 96%
c =  0.02  4 0 0 0  0 0   0   0 0.0 0 0 0 0 0% 1698 3373 1306 96%
c d  0.02  4 0 0 0  0 0   0   0 0.0 0 0 0 0 0% 1684 3373 1306 96%
c f  0.02  4 0 0 0  0 0   0   0 0.0 0 0 0 0 0% 1653 3352 1334 98%
c )  0.02  4 0 0 0  0 0   0   0 0.0 0 0 0 0 0% 1653 3352 1334 98%
c [  0.02  4 0 0 0  0 0   0   0 0.0 0 0 2 6 0% 1653 3352 1334 98%
c -  0.05  4 20 0 1  0 1 1000 859 3.6 34 9 4 13 85% 1660 3352 1334 98%
c B  0.05  4 20 0 1  0 1 1002 861 3.6 34 9 4 13 85% 1660 3352 1334 98%
c -  0.08  5 20 0 2  1 1 2001 1431 2.3 29 12 4 17 87% 1662 3352 1334 98%
c W  0.08  4 20 0 2  1 1 2003 1433 2.3 29 12 4 17 87% 1662 3352 1334 98%
c c  0.12  5 19 0 2  2 1 3262 2504 2.2 27 12 4 17 86% 1670 3351 1333 98%
c d  0.12  5 19 0 2  2 1 3262 2504 2.2 27 12 4 17 86% 1668 3351 1333 98%
c u  0.12  5 19 0 2  2 1 3262 2435 2.2 27 12 4 17 86% 1668 3351 1333 98%
c v  0.12  5 19 0 2  2 1 3262 2321 2.2 27 12 4 17 86% 1668 3351 1333 98%
c w  0.13  5 19 0 2  2 1 3262 2221 2.2 27 12 4 17 86% 1668 3351 1333 98%
c x  0.13  5 19 0 2  2 1 3262 2221 2.2 27 12 4 17 86% 1682 3304 1333 98%
c
c seconds  switched rate       size/glue  tier1     binary       remaining
c        MB reductions conflicts     size   tier2     irredundant
c         level restarts  redundant     glue    trail       variables
c
c =  0.14  5 19 0 2  2 1 3262 2221 2.2 27 12 4 17 86% 1704 3300 1322 97%
c d  0.15  5 19 0 2  2 1 3262 2221 2.2 27 12 4 17 86% 1671 3300 1322 97%
c t  0.15  5 19 0 2  2 1 3262 2221 2.2 27 12 4 17 86% 1663 3300 1322 97%
c f  0.15  5 19 0 2  2 1 3262 2221 2.2 27 12 4 17 86% 1661 3300 1324 97%
c u  0.15  5 19 0 2  2 1 3262 2218 2.2 27 12 4 17 86% 1661 3300 1324 97%
c v  0.15  5 19 0 2  2 1 3262 2165 2.2 27 12 4 17 86% 1661 3300 1324 97%
c w  0.15  5 19 0 2  2 1 3262 2095 2.2 27 12 4 17 86% 1661 3300 1324 97%
c x  0.16  5 19 0 2  2 1 3262 2095 2.2 27 12 4 17 86% 1661 3294 1324 97%
c =  0.17  5 19 0 2  2 1 3262 2095 2.2 27 12 4 17 86% 1685 3294 1312 96%
c d  0.17  5 19 0 2  2 1 3262 2095 2.2 27 12 4 17 86% 1649 3294 1312 96%
c -  0.18  6 19 0 3  2 1 3416 1698 2.2 27 13 3 15 86% 1649 3294 1312 96%
c I  0.21  6 19 0 3  3 1 4262 2407 2.1 27 13 3 15 86% 1649 3294 1312 96%
c -  0.23  6 19 0 4  3 1 5150 2621 2.1 27 13 4 15 87% 1649 3294 1312 96%
c -  0.28  6 19 0 5  5 1 7150 3541 2.1 27 13 4 15 88% 1652 3294 1312 96%
c B  0.31  6 19 0 5  5 1 8034 4345 2.1 27 13 4 15 88% 1652 3294 1312 96%
c -  0.34  6 19 0 6  6 1 9386 4256 2.1 27 13 4 15 88% 1653 3294 1312 96%
c u  0.36  5 19 0 6  6 1 10060 4775 2.0 26 13 4 15 87% 1661 3294 1312 96%
c v  0.37  5 19 0 6  6 1 10060 4583 2.0 26 13 4 15 87% 1661 3294 1312 96%
c w  0.37  5 19 0 6  6 1 10060 4561 2.0 26 13 4 15 87% 1661 3294 1312 96%
c o  0.39  5 19 0 6  6 1 10060 4561 2.0 26 13 4 15 87% 1661 3294 1312 96%
c
c seconds  switched rate        size/glue  tier1     binary       remaining
c        MB reductions conflicts      size   tier2     irredundant
c         level restarts   redundant     glue    trail       variables
c
c -  0.44  6 18 0 7  6 1 11835 4193 2.0 26 13 3 15 88% 1662 3294 1312 96%
c W  0.48  6 18 0 7  8 1 13564 5465 2.0 26 13 3 14 88% 1665 3294 1312 96%
c -  0.50  6 19 0 8  9 1 14480 4482 2.0 26 13 3 14 88% 1668 3294 1312 96%
c s  0.54  6 18 0 8  9 1 16301 5947 2.0 25 13 3 14 88% 1671 3287 1312 96%
c e  0.55  6 18 0 8  9 1 16301 5947 2.0 25 13 3 14 88% 456 4003 801 59%
c s  0.55  6 18 0 8  9 1 16301 5947 2.0 25 13 3 14 88% 460 3899 801 59%
c e  0.55  6 18 0 8  9 1 16301 5947 2.0 25 13 3 14 88% 442 3917 794 58%
c ^  0.55  6 18 0 8  9 1 16301 5947 2.0 25 13 3 14 88% 442 3917 794 58%
c -  0.57  6 18 0 9 10 1 17308 1682 1.9 25 13 4 14 88% 442 3917 794 58%
c -  0.65  6 18 0 10 12 1 20308 2792 1.9 25 13 3 14 88% 442 3917 794 58%
c u  0.66  6 18 0 10 12 1 20607 2877 1.9 25 13 3 14 88% 442 3917 794 58%
c v  0.66  6 18 0 10 12 1 20607 2722 1.9 25 13 3 14 88% 442 3917 794 58%
c w  0.67  6 18 0 10 12 1 20607 2130 1.9 25 13 3 14 88% 442 3917 794 58%
c x  0.67  6 18 0 10 12 1 20607 2130 1.9 25 13 3 14 88% 448 3765 794 58%
c t  0.67  6 18 0 10 12 1 20607 2130 1.9 25 13 3 14 88% 445 3765 794 58%
c f  0.68  6 18 0 10 12 1 20607 2130 1.9 25 13 3 14 88% 481 3685 815 60%
c u  0.68  6 18 0 10 12 1 20607 2120 1.9 25 13 3 14 88% 481 3685 815 60%
c v  0.68  6 18 0 10 12 1 20607 2074 1.9 25 13 3 14 88% 481 3685 815 60%
c w  0.69  6 18 0 10 12 1 20607 1908 1.9 25 13 3 14 88% 481 3685 815 60%
c x  0.69  6 18 0 10 12 1 20607 1908 1.9 25 13 3 14 88% 481 3684 815 60%
c
c seconds  switched  rate        size/glue  tier1    binary      remaining
c        MB  reductions conflicts      size   tier2    irredundant
c         level  restarts   redundant     glue    trail      variables
c
c o  0.70  6 18 0 10 12 1 20607 1908 1.9 25 13 3 14 88% 481 3684 815 60%
c O  0.71  6 18 0 10 13 1 21094 2122 1.9 25 13 3 14 88% 481 3684 815 60%
c -  0.78  6 18 0 11 13 1 23471 2668 1.9 25 13 3 14 88% 481 3684 815 60%
c -  0.89  6 18 0 12 14 1 26787 2977 1.8 24 13 3 13 88% 481 3684 815 60%
c -  1.01  6 18 0 13 14 1 30252 3207 1.8 24 13 3 13 88% 481 3684 815 60%
c B  1.03  6 18 0 13 14 1 30855 3529 1.8 24 13 3 13 88% 482 3684 815 60%
c e  1.09  6 18 0 13 15 1 32960 4782 1.7 24 14 3 13 88% 346 3901 708 52%
c s  1.09  6 18 0 13 15 1 32960 4782 1.7 24 14 3 13 88% 351 3865 708 52%
c e  1.09  6 18 0 13 15 1 32960 4782 1.7 24 14 3 13 88% 345 3873 705 52%
c ^  1.09  6 18 0 13 15 1 32960 4782 1.7 24 14 3 13 88% 345 3873 705 52%
c -  1.11  6 18 0 14 15 1 33857 2346 1.7 24 14 3 12 88% 345 3873 705 52%
c u  1.15  6 18 0 14 17 1 35543 3341 1.7 24 14 3 12 88% 345 3873 705 52%
c v  1.15  6 18 0 14 17 1 35543 3081 1.7 24 14 3 12 88% 345 3873 705 52%
c w  1.18  6 18 0 14 17 1 35543 2282 1.7 24 14 3 12 88% 345 3873 705 52%
c t  1.18  6 18 0 14 17 1 35543 2282 1.7 24 14 3 12 88% 344 3873 705 52%
c f  1.18  6 18 0 14 17 1 35543 2282 1.7 24 14 3 12 88% 358 3835 713 52%
c u  1.19  6 18 0 14 17 1 35543 2268 1.7 24 14 3 12 88% 358 3835 713 52%
c v  1.19  6 18 0 14 17 1 35543 2188 1.7 24 14 3 12 88% 358 3835 713 52%
c w  1.21  6 18 0 14 17 1 35543 1975 1.7 24 14 3 12 88% 358 3835 713 52%
c x  1.21  6 18 0 14 17 1 35543 1974 1.7 24 14 3 12 88% 364 3779 713 52%
c
c seconds  switched  rate        size/glue  tier1    binary      remaining
c        MB  reductions conflicts      size   tier2    irredundant
c         level  restarts   redundant     glue    trail      variables
c
c t  1.21  6 18 0 14 17 1 35543 1974 1.7 24 14 3 12 88% 363 3779 713 52%
c -  1.26  6 18 0 15 18 1 37598 2385 1.7 24 14 3 13 88% 363 3779 713 52%
c -  1.39  6 18 0 16 21 1 41471 3585 1.7 23 14 3 13 89% 363 3779 713 52%
c W  1.43  6 18 0 16 21 1 43077 4577 1.7 23 14 3 13 89% 363 3779 713 52%
c o  1.43  6 18 0 16 21 1 43077 4577 1.7 23 14 3 13 89% 363 3779 713 52%
c -  1.49  6 18 0 17 22 1 45471 4292 1.7 23 14 3 13 89% 364 3779 713 52%
c -  1.58  6 18 0 18 25 1 49595 4785 1.7 23 14 3 13 89% 365 3779 713 52%
c -  1.67  6 17 0 19 28 1 53838 5547 1.7 23 14 3 13 89% 365 3779 713 52%
c u  1.69  6 17 0 19 28 1 54791 6167 1.7 23 14 3 13 89% 365 3779 713 52%
c v  1.71  6 17 0 19 28 1 54791 5737 1.7 23 14 3 13 89% 366 3779 713 52%
c w  1.71  7 17 0 19 28 1 54791 5703 1.7 23 14 3 13 89% 366 3779 713 52%
c x  1.72  6 17 0 19 28 1 54791 5703 1.7 23 14 3 13 89% 367 3776 713 52%
c =  1.76  6 17 0 19 28 1 54791 5703 1.7 23 14 3 13 89% 371 3770 711 52%
c d  1.77  6 17 0 19 28 1 54791 5701 1.7 23 14 3 13 89% 366 3770 711 52%
c t  1.77  6 17 0 19 28 1 54791 5701 1.7 23 14 3 13 89% 365 3770 711 52%
c u  1.77  6 17 0 19 28 1 54791 5692 1.7 23 14 3 13 89% 365 3770 711 52%
c v  1.78  7 17 0 19 28 1 54791 5492 1.7 23 14 3 13 89% 365 3770 711 52%
c w  1.79  7 17 0 19 28 1 54791 4734 1.7 23 14 3 13 89% 365 3770 711 52%
c I  1.86  6 17 0 19 29 1 57982 6892 1.7 23 14 3 13 88% 365 3770 711 52%
c -  1.87  6 17 0 20 29 1 58199 5218 1.7 23 14 3 13 88% 365 3770 711 52%
c
c seconds  switched  rate        size/glue  tier1    binary      remaining
c        MB  reductions conflicts      size   tier2    irredundant
c         level  restarts   redundant     glue    trail      variables
c
c -  1.94  7 17 0 21 29 1 62671 6309 1.7 23 14 3 13 88% 365 3770 711 52%
c -  2.03  7 17 0 22 30 1 67254 6517 1.7 23 14 3 13 88% 365 3770 711 52%
c e  2.06  7 17 0 22 30 1 69268 8057 1.7 23 14 3 13 88% 279 3970 649 47%
c s  2.07  7 17 0 22 30 1 69268 8057 1.7 23 14 3 13 88% 280 3941 649 47%
c e  2.07  7 17 0 22 30 1 69268 8057 1.7 23 14 3 13 88% 274 3949 645 47%
c ^  2.07  7 17 0 22 30 1 69268 8057 1.7 23 14 3 13 88% 274 3949 645 47%
c -  2.11  6 17 0 23 30 1 71944 4141 1.7 23 14 3 13 88% 274 3949 645 47%
c B  2.17  6 17 0 23 30 1 75786 7151 1.7 23 14 3 13 88% 274 3949 645 47%
c o  2.17  6 17 0 23 30 1 75786 7151 1.7 23 14 3 13 88% 274 3949 645 47%
c -  2.20  6 17 0 24 30 1 76739 5257 1.7 23 14 3 13 88% 275 3949 645 47%
c u  2.24  6 17 0 24 30 1 78482 6138 1.7 23 14 3 13 88% 275 3949 645 47%
c v  2.25  6 17 0 24 30 1 78482 5823 1.7 23 14 3 13 88% 275 3949 645 47%
c w  2.26  7 17 0 24 30 1 78482 4940 1.7 23 14 3 13 88% 275 3949 645 47%
c x  2.26  6 17 0 24 30 1 78482 4940 1.7 23 14 3 13 88% 276 3920 645 47%
c =  2.31  6 17 0 24 30 1 78482 4940 1.7 23 14 3 13 88% 276 3916 644 47%
c u  2.32  6 17 0 24 30 1 78482 4906 1.7 23 14 3 13 88% 276 3916 644 47%
c v  2.32  6 17 0 24 30 1 78482 4822 1.7 23 14 3 13 88% 276 3916 644 47%
c w  2.35  7 17 0 24 30 1 78482 4336 1.7 23 14 3 13 88% 276 3916 644 47%
c -  2.48  6 17 0 25 30 1 81637 4599 1.7 23 14 3 13 88% 277 3916 644 47%
c -  2.61  6 17 0 26 34 1 86637 4633 1.7 23 14 3 12 89% 277 3916 644 47%
c
c seconds  switched  rate        size/glue  tier1    binary      remaining
c        MB  reductions conflicts      size   tier2    irredundant
c         level  restarts   redundant     glue    trail      variables
c
c -  2.72  7 17 0 27 37 1 91736 5242 1.7 23 14 3 12 89% 277 3916 644 47%
c W  2.84  6 17 0 27 40 1 96698 7825 1.6 22 14 3 12 89% 277 3916 644 47%
c -  2.84  6 17 0 28 40 1 96932 5533 1.6 22 14 3 12 89% 277 3916 644 47%
c -  2.97  6 17 0 29 43 1 102224 5955 1.6 22 14 3 12 89% 277 3916 644 47%
c u  3.10  6 17 0 29 44 1 106713 8116 1.6 22 14 3 12 89% 277 3916 644 47%
c v  3.12  7 17 0 29 44 1 106713 7591 1.6 22 14 3 12 89% 277 3916 644 47%
c w  3.14  7 17 0 29 44 1 106713 6841 1.6 22 14 3 12 89% 277 3916 644 47%
c -  3.17  6 17 0 30 45 1 107609 4786 1.6 22 14 3 12 89% 277 3916 644 47%
c -  3.30  7 17 0 31 45 1 113086 5560 1.6 22 14 3 12 89% 277 3916 644 47%
c -  3.45  7 17 0 32 48 1 118655 6761 1.6 22 14 3 12 89% 278 3916 644 47%
c O  3.50  7 17 0 32 50 1 120924 8381 1.6 22 14 3 12 89% 278 3916 644 47%
c o  3.50  7 17 0 32 50 1 120924 8381 1.6 22 14 3 12 89% 278 3916 644 47%
c -  3.60  7 17 0 33 52 1 124311 6553 1.6 22 14 3 11 89% 278 3916 644 47%
c e  3.70  7 17 0 33 53 1 127738 7960 1.6 22 14 3 11 90% 200 4164 595 44%
c s  3.70  7 17 0 33 53 1 127738 7960 1.6 22 14 3 11 90% 203 4099 595 44%
c ^  3.70  7 17 0 33 53 1 127738 7960 1.6 22 14 3 11 90% 203 4099 595 44%
c -  3.78  6 17 0 34 55 1 130056 3266 1.6 22 14 3 11 90% 203 4099 595 44%
c -  3.93  7 17 0 35 59 1 135886 3875 1.6 22 14 3 11 89% 203 4099 595 44%
c u  4.03  7 17 0 35 59 1 139703 5758 1.6 22 14 3 11 89% 203 4099 595 44%
c v  4.04  7 17 0 35 59 1 139703 5281 1.6 22 14 3 11 89% 203 4099 595 44%
c
c seconds  switched  rate         size/glue  tier1    binary      remaining
c        MB  reductions conflicts       size   tier2    irredundant
c         level  restarts    redundant     glue    trail      variables
c
c w  4.07  7 17 0 35 59 1 139703 4149 1.6 22 14 3 11 89% 203 4099 595 44%
c x  4.07  6 17 0 35 59 1 139703 4149 1.6 22 14 3 11 89% 205 4039 595 44%
c -  4.23  6 17 0 36 60 1 141803 3612 1.6 22 14 3 11 89% 205 4039 595 44%
c -  4.41  6 17 0 37 60 1 147804 4494 1.6 22 14 3 11 89% 205 4039 595 44%
c B  4.44  6 17 0 37 61 1 148665 4878 1.6 22 14 3 11 89% 205 4039 595 44%
c -  4.58  7 17 0 38 61 1 153887 4903 1.6 22 14 3 11 89% 205 4039 595 44%
c -  4.78  7 17 0 39 61 1 160053 4820 1.6 22 14 3 11 90% 205 4039 595 44%
c -  4.97  7 17 0 40 62 1 166298 5637 1.6 22 14 3 11 90% 205 4039 595 44%
c -  5.13  7 17 0 41 62 1 172624 7234 1.7 23 14 3 11 90% 205 4039 595 44%
c u  5.27  7 17 0 41 62 1 177481 11331 1.7 23 14 3 11 90% 205 4039 595 44%
c v  5.29  8 17 0 41 62 1 177481 10723 1.7 23 14 3 11 90% 205 4039 595 44%
c w  5.33  9 17 0 41 62 1 177481 9909 1.7 23 14 3 11 90% 205 4039 595 44%
c o  5.33  9 17 0 41 62 1 177481 9909 1.7 23 14 3 11 90% 205 4039 595 44%
c -  5.37  7 17 0 42 62 1 179027 7168 1.7 23 14 3 11 90% 205 4039 595 44%
c W  5.40  6 17 0 42 62 1 180116 8061 1.7 23 14 3 11 89% 205 4039 595 44%
c -  5.51  7 17 0 43 62 1 185508 7679 1.7 23 13 3 11 89% 205 4039 595 44%
c -  5.66  7 17 0 44 62 1 192065 7267 1.7 23 13 3 11 89% 205 4039 595 44%
c -  5.81  7 17 0 45 64 1 198698 7710 1.7 23 13 3 11 89% 205 4039 595 44%
c -  5.97  7 17 0 46 68 1 205408 7844 1.7 23 13 3 11 89% 205 4039 595 44%
c s  6.10  7 16 0 46 70 1 210575 10954 1.7 23 13 3 11 89% 207 4035 595 44%
c
c seconds  switched  rate          size/glue  tier1    binary      remaining
c        MB  reductions conflicts        size   tier2    irredundant
c         level  restarts     redundant     glue    trail      variables
c
c e  6.11  7 16 0 46 70 1 210575 10954 1.7 23 13 3 11 89% 145 4618 511 37%
c s  6.11  7 16 0 46 70 1 210575 10954 1.7 23 13 3 11 89% 146 4427 511 37%
c e  6.11  7 16 0 46 70 1 210575 10954 1.7 23 13 3 11 89% 135 4478 503 37%
c ^  6.11  7 16 0 46 70 1 210575 10954 1.7 23 13 3 11 89% 135 4478 503 37%
c -  6.15  6 16 0 47 72 1 212191 4232 1.7 23 13 3 11 89% 135 4478 503 37%
c I  6.23  7 16 0 47 74 1 215467 5901 1.7 23 13 3 11 89% 135 4478 503 37%
c -  6.28  7 16 0 48 76 1 219046 5456 1.7 23 13 3 11 89% 135 4478 503 37%
c u  6.30  6 16 0 48 76 1 220246 6178 1.7 23 13 3 11 89% 135 4478 503 37%
c v  6.32  6 16 0 48 76 1 220246 5612 1.7 23 13 3 11 89% 135 4478 503 37%
c w  6.34  7 16 0 48 76 1 220246 4747 1.7 23 13 3 11 89% 135 4478 503 37%
c x  6.35  7 16 0 48 76 1 220246 4746 1.7 23 13 3 11 89% 137 4302 503 37%
c t  6.35  7 16 0 48 76 1 220246 4746 1.7 23 13 3 11 89% 134 4302 503 37%
c -  6.45  7 17 0 49 77 1 225974 5321 1.7 23 13 3 11 89% 134 4302 503 37%
c -  6.57  7 17 0 50 80 1 232975 6268 1.7 23 13 3 11 89% 134 4302 503 37%
c -  6.70  7 16 0 51 84 1 240046 7057 1.7 23 13 3 11 89% 134 4302 503 37%
c -  6.83  7 16 0 52 88 1 247189 7929 1.7 23 13 3 11 89% 134 4302 503 37%
c -  7.00  7 16 0 53 91 1 254400 7398 1.7 23 13 3 11 89% 134 4302 503 37%
c B  7.01  7 16 0 53 91 1 254907 7705 1.7 23 13 3 11 89% 134 4302 503 37%
c o  7.01  7 16 0 53 91 1 254907 7705 1.7 23 13 3 11 89% 134 4302 503 37%
c -  7.19  7 16 0 54 92 1 261681 7543 1.7 23 13 3 11 89% 134 4302 503 37%
c
c seconds  switched  rate          size/glue  tier1    binary      remaining
c        MB  reductions conflicts        size   tier2    irredundant
c         level  restarts     redundant     glue    trail      variables
c
c u  7.34  7 16 0 54 93 1 267794 11119 1.7 23 13 3 11 89% 134 4302 503 37%
c v  7.36  8 16 0 54 93 1 267794 10467 1.7 23 13 3 11 89% 134 4302 503 37%
c w  7.37  9 16 0 54 93 1 267794 10430 1.7 23 13 3 11 89% 134 4302 503 37%
c x  7.38  9 16 0 54 93 1 267794 10429 1.7 23 13 3 11 89% 134 4288 503 37%
c -  7.53  7 16 0 55 93 1 269029 6612 1.7 23 13 3 11 89% 134 4288 503 37%
c -  7.70  7 16 0 56 93 1 276445 7541 1.7 23 13 3 11 89% 134 4288 503 37%
c -  7.88  7 16 0 57 97 1 283928 7945 1.7 23 13 3 11 89% 134 4288 503 37%
c -  8.04  8 16 0 58 100 1 291478 9172 1.7 23 13 3 11 89% 134 4288 503 37%
c W  8.21  7 16 0 58 106 1 298619 14507 1.7 23 13 3 11 89% 134 4288 503 37%
c -  8.22  7 16 0 59 106 1 299093 10087 1.7 23 13 3 11 89% 134 4288 503 37%
c -  8.40  7 16 0 60 108 1 306775 10229 1.7 23 13 3 11 89% 134 4288 503 37%
c -  8.58  7 16 0 61 110 1 314520 9839 1.7 23 13 3 11 89% 134 4288 503 37%
c s  8.69  7 16 0 61 114 1 319015 12941 1.7 23 13 3 11 89% 134 4286 503 37%
c e  8.69  7 16 0 61 114 1 319015 12941 1.7 23 13 3 11 89%  66 5401 419 31%
c s  8.70  7 16 0 61 114 1 319015 12941 1.7 23 13 3 11 89%  68 5119 419 31%
c e  8.70  7 16 0 61 114 1 319015 12941 1.7 23 13 3 11 89%  66 5161 416 30%
c !  8.70  7 16 0 61 114 1 319015 12941 1.7 23 13 3 11 89%  66 5161 416 30%
c u  8.74  7 16 0 61 114 1 320518 6783 1.7 23 13 3 11 89%  66 5160 416 30%
c v  8.75  7 16 0 61 114 1 320518 6253 1.7 23 13 3 11 89%  66 5160 416 30%
c w  8.80  7 16 0 61 114 1 320518 4486 1.7 23 13 3 11 89%  66 5160 416 30%
c
c seconds  switched   rate         size/glue  tier1    binary      remaining
c        MB  reductions conflicts        size   tier2    irredundant
c         level  restarts     redundant     glue    trail      variables
c
c f  8.81  7 16 0 61 114 1 320518 4486 1.7 23 13 3 11 89%  71 5103 419 31%
c u  8.81  7 16 0 61 114 1 320518 4421 1.7 23 13 3 11 89%  71 5103 419 31%
c v  8.82  7 16 0 61 114 1 320518 4199 1.7 23 13 3 11 89%  71 5103 419 31%
c w  8.87  7 16 0 61 114 1 320518 3722 1.7 23 13 3 11 89%  71 5103 419 31%
c x  8.88  7 16 0 61 114 1 320518 3721 1.7 23 13 3 11 89%  73 4940 419 31%
c -  8.92  6 16 0 62 115 1 322331 2931 1.7 23 13 3 11 89%  73 4940 419 31%
c -  9.09  6 16 0 63 120 1 330205 4337 1.7 23 13 3 10 89%  73 4940 419 31%
c -  9.28  7 16 0 64 123 1 338143 5429 1.7 22 13 3 10 88%  73 4940 419 31%
c -  9.49  7 16 0 65 124 1 346143 5979 1.7 22 13 3 10 88%  73 4940 419 31%
c O  9.50  7 16 0 65 124 1 346780 6436 1.7 22 13 3 10 88%  73 4940 419 31%
c o  9.50  7 16 0 65 124 1 346780 6436 1.7 22 13 3 10 88%  73 4940 419 31%
c -  9.67  7 16 0 66 124 1 354205 6819 1.7 22 13 3 10 88%  73 4940 419 31%
c -  9.87  7 16 0 67 125 1 362329 6768 1.7 22 13 3 10 89%  73 4940 419 31%
c - 10.09  7 16 0 68 125 1 370514 6912 1.7 22 13 3 10 89%  73 4940 419 31%
c u 10.28  7 16 0 68 125 1 377395 10240 1.7 22 13 3 10 89%  73 4940 419 31%
c v 10.32  7 16 0 68 125 1 377395 9113 1.7 22 13 3 10 89%  73 4940 419 31%
c w 10.34  7 16 0 68 125 1 377395 7754 1.7 22 13 3 10 89%  73 4940 419 31%
c x 10.35  7 16 0 68 125 1 377395 7754 1.7 22 13 3 10 89%  73 4921 419 31%
c - 10.37  7 16 0 69 125 1 378761 6196 1.7 22 13 3 10 89%  73 4921 419 31%
c - 10.52  7 16 0 70 125 1 387069 7738 1.7 22 13 3 10 89%  73 4921 419 31%
c
c seconds  switched   rate         size/glue  tier1    binary      remaining
c        MB  reductions conflicts        size   tier2    irredundant
c         level  restarts     redundant     glue    trail      variables
c
c - 10.70  7 16 0 71 126 1 395438 7463 1.6 22 13 3 10 88%  73 4921 419 31%
c B 10.81  7 16 0 71 126 1 399568 9590 1.6 22 13 3 10 89%  73 4920 419 31%
c - 10.92  7 16 0 72 126 1 403864 7784 1.6 22 13 3 10 88%  73 4920 419 31%
c - 11.14  7 16 0 73 126 1 412349 7956 1.6 22 13 3 10 89%  73 4920 419 31%
c - 11.34  7 16 0 74 126 1 420894 7656 1.6 22 13 3 10 89%  73 4920 419 31%
c - 11.52  7 16 0 75 126 1 429496 8448 1.6 22 13 3 10 88%  73 4920 419 31%
c - 11.71  8 16 0 76 126 1 438156 9425 1.6 22 13 3 10 88%  73 4920 419 31%
c u 11.75  8 16 0 76 126 1 439557 9827 1.6 22 13 3 10 88%  73 4920 419 31%
c v 11.79  8 16 0 76 126 1 439557 8556 1.6 22 13 3 10 88%  73 4920 419 31%
c w 11.83  8 16 0 76 126 1 439557 8349 1.6 22 13 3 10 88%  73 4920 419 31%
c o 11.91  8 16 0 76 126 1 439557 8349 1.6 22 13 3 10 88%  73 4920 419 31%
c - 12.04  8 16 0 77 126 1 446873 8213 1.6 22 13 3 10 88%  73 4920 419 31%
c s 12.15  8 16 0 77 126 1 453373 12653 1.6 22 13 3 10 88%  73 4919 419 31%
c e 12.15  8 16 0 77 126 1 453373 12653 1.6 22 13 3 10 88%  69 5007 412 30%
c s 12.15  8 16 0 77 126 1 453373 12653 1.6 22 13 3 10 88%  70 4983 412 30%
c e 12.15  8 16 0 77 126 1 453373 12653 1.6 22 13 3 10 88%  67 4997 411 30%
c - 12.20  8 16 0 78 126 1 455647 7144 1.6 22 13 3 10 88%  67 4997 411 30%
c W 12.22  8 16 0 78 126 1 457152 8043 1.6 22 13 3 10 88%  67 4997 411 30%
c - 12.34  8 16 0 79 129 1 464479 6994 1.6 21 13 3 10 88%  67 4997 411 30%
c - 12.48  8 16 0 80 134 1 473370 7877 1.6 21 13 3 10 88%  67 4997 411 30%
c
c seconds  switched   rate         size/glue  tier1    binary      remaining
c        MB  reductions conflicts        size   tier2    irredundant
c         level  restarts     redundant     glue    trail      variables
c
c - 12.63  8 16 0 81 140 1 482316 8400 1.6 21 13 3 10 88%  67 4997 411 30%
c - 12.81  8 16 0 82 141 1 491318 9039 1.6 21 13 3 10 88%  67 4997 411 30%
c - 12.98  8 16 0 83 147 1 500374 9746 1.6 21 13 3 10 88%  67 4997 411 30%
c u 13.12  8 16 0 83 150 1 507068 13308 1.6 21 13 3 10 88%  67 4997 411 30%
c v 13.15  8 16 0 83 150 1 507068 12579 1.6 21 13 3 10 88%  67 4997 411 30%
c w 13.16 10 16 0 83 150 1 507068 9987 1.6 21 13 3 10 88%  67 4997 411 30%
c x 13.17 10 16 0 83 150 1 507068 9985 1.6 21 13 3 10 88%  67 4943 411 30%
c - 13.22  9 16 0 84 151 1 509485 8036 1.6 21 13 3 10 88%  67 4943 411 30%
c - 13.39  9 16 0 85 156 1 518650 8832 1.6 21 13 3 10 89%  67 4943 411 30%
c I 13.41  8 16 0 85 156 1 519702 9558 1.6 21 13 3 10 89%  67 4943 411 30%
c - 13.54  9 16 0 86 157 1 527869 9105 1.6 21 13 3 10 88%  67 4943 411 30%
c - 13.71  9 16 0 87 157 1 537143 9533 1.6 21 13 3 10 88%  67 4943 411 30%
c - 13.92  9 16 0 88 160 1 546471 9648 1.6 21 13 3 10 88%  67 4943 411 30%
c - 14.08  9 16 0 89 165 1 555851 10017 1.6 21 13 3 10 88%  67 4943 411 30%
c - 14.29  9 16 0 90 171 1 565284 9797 1.6 20 13 3 10 88%  67 4943 411 30%
c - 14.50  9 16 0 91 172 1 574771 10311 1.6 20 13 3 10 88%  67 4943 411 30%
c u 14.63  9 16 0 91 176 1 579955 13058 1.6 20 13 3 10 88%  67 4943 411 30%
c v 14.66  9 16 0 91 176 1 579955 12200 1.6 20 13 3 10 88%  67 4943 411 30%
c w 14.68 10 16 0 91 176 1 579955 11230 1.6 20 13 3 10 88%  67 4943 411 30%
c x 14.69 10 16 0 91 176 1 579955 11230 1.6 20 13 3 10 88%  67 4934 411 30%
c
c seconds  switched   rate          size/glue  tier1    binary      remaining
c        MB  reductions conflicts         size   tier2    irredundant
c         level  restarts      redundant     glue    trail      variables
c
c o 14.69 10 16 0 91 176 1 579955 11230 1.6 20 13 3 10 88%  67 4934 411 30%
c - 14.77  9 16 0 92 179 1 584310 8976 1.6 20 13 3 10 88%  67 4934 411 30%
c B 14.81  9 16 0 92 179 1 587385 10919 1.6 20 13 3 10 88%  67 4934 411 30%
c - 14.93  9 16 0 93 184 1 593902 9717 1.6 20 13 3 10 88%  67 4934 411 30%
c - 15.14  9 16 0 94 187 1 603546 9269 1.6 20 13 3 10 88%  67 4934 411 30%
c - 15.32  9 16 0 95 188 1 613242 9451 1.5 20 13 3 10 88%  67 4934 411 30%
c s 15.40  9 16 0 95 188 1 618495 12641 1.5 20 13 3 10 88%  67 4933 411 30%
c - 15.49  9 16 0 96 188 1 622988 10346 1.5 20 13 3 10 88%  67 4933 411 30%
c - 15.69  9 16 0 97 189 1 632785 10018 1.5 20 13 3 10 88%  67 4933 411 30%
c - 15.88  9 16 0 98 189 1 642635 9071 1.5 20 13 3 10 88%  67 4933 411 30%
c - 16.06  9 16 0 99 189 1 652535 9293 1.5 20 13 3 10 88%  67 4933 411 30%
c u 16.18  9 16 0 99 190 1 658373 11887 1.5 20 13 3 10 88%  67 4933 411 30%
c v 16.21  9 16 0 99 190 1 658373 10708 1.5 20 13 3 10 88%  67 4933 411 30%
c w 16.26 10 16 0 99 190 1 658373 7078 1.5 20 13 3 10 88%  67 4933 411 30%
c W 16.30  8 16 0 99 192 1 660362 8361 1.5 20 13 3 10 88%  67 4933 411 30%
c - 16.34  8 16 0 100 193 1 662484 6190 1.5 20 13 3 10 88%  67 4933 411 30%
c - 16.52  8 16 0 101 199 1 672485 7741 1.5 20 13 3 10 89%  67 4933 411 30%
c - 16.72  8 16 0 102 203 1 682534 8512 1.5 20 13 3 10 89%  67 4933 411 30%
c - 16.94  8 15 0 103 206 1 692633 9914 1.6 20 13 3 10 89%  67 4933 411 30%
c - 17.17  8 16 0 104 211 1 702781 10182 1.6 20 13 3 10 89%  67 4933 411 30%
c
c seconds  switched    rate         size/glue  tier1    binary      remaining
c        MB  reductions  conflicts        size   tier2    irredundant
c         level   restarts     redundant     glue    trail      variables
c
c - 17.37  8 15 0 105 218 1 712979 9861 1.6 21 13 3 10 89%  67 4933 411 30%
c - 17.61  8 15 0 106 219 1 723226 10140 1.6 21 13 3 10 89%  67 4933 411 30%
c - 17.88  8 15 0 107 220 1 733521 10219 1.6 21 13 3 10 89%  67 4933 411 30%
c O 18.03  8 15 0 107 220 1 738790 13142 1.6 21 13 3 10 89%  67 4933 411 30%
c o 18.03  8 15 0 107 220 1 738790 13142 1.6 21 13 3 10 89%  67 4933 411 30%
c u 18.14  8 15 0 107 223 1 742370 14889 1.6 21 13 3 10 90%  67 4933 411 30%
c v 18.19  8 15 0 107 223 1 742370 13659 1.6 21 13 3 10 90%  67 4933 411 30%
c w 18.21 10 15 0 107 223 1 742370 13583 1.6 21 13 3 10 90%  67 4933 411 30%
c x 18.22 10 15 0 107 223 1 742370 13581 1.6 21 13 3 10 90%  67 4931 411 30%
c - 18.26  9 15 0 108 223 1 743866 9575 1.6 21 13 3 10 89%  67 4931 411 30%
c - 18.51  9 15 0 109 229 1 754261 10128 1.6 21 13 3 10 89%  67 4931 411 30%
c - 18.77  8 16 0 110 234 1 764701 9421 1.7 22 13 3 10 89%  67 4931 411 30%
c - 19.01  9 16 0 111 238 1 775191 9766 1.7 22 13 3 10 89%  67 4931 411 30%
c - 19.29  9 15 0 112 243 1 785726 10063 1.7 22 13 3 10 89%  67 4931 411 30%
c - 19.53  9 15 0 113 249 1 796309 10649 1.7 21 13 3 10 89%  67 4931 411 30%
c - 19.82  9 15 0 114 251 1 806939 10973 1.7 21 13 3 10 89%  67 4931 411 30%
c s 20.06  9 15 0 114 251 1 815963 15334 1.7 21 13 3 10 89%  67 4930 411 30%
c - 20.10  9 15 0 115 251 1 817616 10079 1.7 21 13 3 9 89%  67 4930 411 30%
c B 20.23  9 15 0 115 252 1 822828 12943 1.7 21 13 3 9 89%  67 4930 411 30%
c - 20.35 10 15 0 116 252 1 828339 10652 1.7 21 13 3 9 89%  67 4930 411 30%
c
c seconds  switched    rate          size/glue  tier1   binary      remaining
c        MB  reductions  conflicts         size   tier2   irredundant
c         level   restarts      redundant     glue   trail      variables
c
c u 20.45  9 15 0 116 252 1 832013 12369 1.6 21 13 3 9 89%  67 4930 411 30%
c v 20.50 10 15 0 116 252 1 832013 10905 1.6 21 13 3 9 89%  67 4930 411 30%
c w 20.57 10 15 0 116 252 1 832013 9799 1.6 21 13 3 9 89%  67 4930 411 30%
c - 20.97  9 15 0 117 252 1 839109 8121 1.6 21 13 3 9 89%  67 4930 411 30%
c - 21.20  9 16 0 118 252 1 849926 8030 1.6 21 13 3 9 89%  67 4930 411 30%
c - 21.42  9 16 0 119 253 1 860789 8195 1.6 21 13 3 9 89%  67 4930 411 30%
c - 21.64  9 16 0 120 253 1 871697 8701 1.6 21 13 3 9 89%  67 4930 411 30%
c - 21.92  9 16 0 121 253 1 882651 8945 1.6 21 13 3 9 89%  67 4930 411 30%
c - 22.22  9 16 0 122 253 1 893654 9826 1.6 21 13 3 9 89%  67 4930 411 30%
c - 22.52  9 16 0 123 253 1 904700 9815 1.6 21 13 3 9 90%  67 4930 411 30%
c W 22.75  8 16 0 123 253 1 912628 14170 1.6 21 13 3 9 89%  67 4930 411 30%
c o 22.75  8 16 0 123 253 1 912628 14170 1.6 21 13 3 9 89%  67 4930 411 30%
c - 22.83  8 16 0 124 253 1 915790 10033 1.6 21 13 3 9 90%  67 4930 411 30%
c - 23.15  8 16 0 125 254 1 926926 10532 1.6 21 13 3 9 90%  67 4930 411 30%
c u 23.18  8 16 0 125 254 1 927366 10179 1.6 21 13 3 9 90%  67 4930 411 30%
c v 23.22  8 16 0 125 254 1 927366 8894 1.6 21 13 3 9 90%  67 4930 411 30%
c w 23.26  8 16 0 125 254 1 927366 8275 1.6 21 13 3 9 90%  67 4930 411 30%
c - 23.54  8 16 0 126 254 1 938106 8305 1.6 21 13 3 9 90%  67 4930 411 30%
c - 23.80  8 16 0 127 254 1 949330 8405 1.6 21 13 3 9 90%  67 4930 411 30%
c - 24.05  8 16 0 128 254 1 960600 8598 1.6 21 13 3 9 90%  67 4930 411 30%
c
c seconds  switched    rate         size/glue  tier1   binary      remaining
c        MB  reductions  conflicts        size   tier2   irredundant
c         level   restarts     redundant     glue   trail      variables
c
c - 24.30  8 16 0 129 254 1 971914 8968 1.6 21 13 3 9 90%  67 4930 411 30%
c - 24.59  8 16 0 130 254 1 983271 9605 1.6 20 13 3 9 90%  67 4930 411 30%
c - 24.84  8 16 0 131 254 1 994672 11144 1.6 20 13 3 9 89%  67 4930 411 30%
c - 25.09  8 15 0 132 254 1 1006117 10867 1.6 20 13 3 9 89%  67 4930 411 30%
c I 25.14  8 15 0 132 254 1 1008343 11914 1.6 20 13 3 9 89%  67 4930 411 30%
c - 25.33  8 15 0 133 254 1 1017607 11678 1.6 20 13 3 9 89%  67 4930 411 30%
c u 25.58  8 15 0 133 254 1 1028490 17619 1.6 20 13 3 9 89%  67 4930 411 30%
c v 25.64 10 15 0 133 254 1 1028490 16425 1.6 20 13 3 9 89%  67 4930 411 30%
c w 25.66 11 15 0 133 254 1 1028490 12880 1.6 20 13 3 9 89%  67 4930 411 30%
c x 25.67 11 15 0 133 254 1 1028490 12879 1.6 20 13 3 9 89%  67 4927 411 30%
c - 25.69  9 15 0 134 254 1 1029140 9158 1.6 20 13 3 9 89%  67 4927 411 30%
c - 25.89  9 15 0 135 254 1 1040716 10467 1.6 20 13 3 9 89%  67 4927 411 30%
c o 26.01  9 15 0 135 254 1 1047169 15470 1.6 20 13 3 9 89%  67 4927 411 30%
c - 26.11 10 15 0 136 255 1 1052334 11019 1.6 20 13 3 9 89%  67 4927 411 30%
c - 26.31  9 16 0 137 261 1 1063996 11273 1.6 20 13 3 9 89%  67 4927 411 30%
c - 26.53 10 15 0 138 268 1 1075700 10942 1.6 20 13 3 9 89%  67 4927 411 30%
c - 26.77  9 15 0 139 272 1 1087447 11060 1.6 20 13 3 9 89%  67 4927 411 30%
c - 27.02  9 16 0 140 278 1 1099237 11940 1.6 20 13 3 9 88%  67 4927 411 30%
c B 27.29  9 15 0 140 284 1 1110121 18151 1.6 20 13 3 9 88%  67 4927 411 30%
c - 27.31  9 15 0 141 284 1 1111069 12067 1.6 20 13 3 9 88%  67 4927 411 30%
c
c seconds  switched    rate           size/glue  tier1   binary      remaining
c        MB  reductions   conflicts         size   tier2   irredundant
c         level   restarts       redundant     glue   trail      variables
c
c - 27.60  9 16 0 142 285 1 1122943 12939 1.6 20 13 3 9 88%  67 4927 411 30%
c - 27.97  9 16 0 143 286 1 1134860 11099 1.6 20 13 3 9 88%  67 4927 411 30%
c u 28.00  7 16 0 143 286 1 1135461 10986 1.6 20 13 3 9 88%  67 4927 411 30%
c v 28.04  7 16 0 143 286 1 1135461 9546 1.6 20 13 3 9 88%  67 4927 411 30%
c w 28.09  7 16 0 143 286 1 1135461 8984 1.6 20 13 3 9 88%  67 4927 411 30%
c - 28.35  7 16 0 144 292 1 1146818 9815 1.6 21 13 3 9 89%  67 4927 411 30%
c - 28.61  8 16 0 145 299 1 1158818 9967 1.6 21 13 3 9 89%  67 4927 411 30%
c - 28.91  8 16 0 146 303 1 1170859 10340 1.6 20 13 3 9 89%  67 4927 411 30%
c - 29.22  8 16 0 147 310 1 1182943 11223 1.6 21 13 2 9 89%  67 4927 411 30%
c - 29.51  8 15 0 148 315 1 1195067 11133 1.6 20 13 2 9 89%  67 4927 411 30%
c - 29.80  7 15 0 149 316 1 1207232 12252 1.6 20 13 2 9 89%  67 4927 411 30%
c W 30.07  8 15 0 149 317 1 1218107 19250 1.6 21 13 2 9 90%  67 4927 411 30%
c o 30.07  8 15 0 149 317 1 1218107 19250 1.6 21 13 2 9 90%  67 4927 411 30%
c - 30.12  7 15 0 150 317 1 1219439 12152 1.6 21 13 2 9 90%  67 4927 411 30%
c - 30.49  7 16 0 151 317 1 1231686 11083 1.6 21 13 2 9 90%  67 4927 411 30%
c - 30.90  7 16 0 152 317 1 1243974 10518 1.6 21 13 2 9 90%  67 4927 411 30%
c u 31.06  7 15 0 152 317 1 1248336 11841 1.6 21 13 2 9 89%  67 4927 411 30%
c v 31.11  7 15 0 152 317 1 1248336 10557 1.6 21 13 2 9 89%  67 4927 411 30%
c w 31.17  7 15 0 152 317 1 1248336 9468 1.6 21 13 2 9 89%  67 4927 411 30%
c - 31.35  8 16 0 153 323 1 1256303 9267 1.6 21 13 2 9 89%  67 4927 411 30%
c
c seconds  switched    rate           size/glue  tier1   binary      remaining
c        MB  reductions   conflicts         size   tier2   irredundant
c         level   restarts       redundant     glue   trail      variables
c
c - 31.63  8 15 0 154 330 1 1268672 11060 1.6 21 13 2 9 89%  67 4927 411 30%
c - 31.99  7 15 0 155 332 1 1281081 11797 1.6 21 13 2 9 89%  67 4927 411 30%
c - 32.38  7 15 0 156 339 1 1293531 11617 1.6 21 13 2 9 88%  67 4927 411 30%
c - 32.77  7 15 0 157 346 1 1306020 12144 1.7 21 13 2 9 88%  67 4927 411 30%
c - 33.18  9 15 0 158 348 1 1318550 14170 1.7 22 13 2 9 88%  67 4927 411 30%
c - 33.52  9 16 0 159 348 1 1331119 14470 1.8 23 13 2 9 89%  67 4927 411 30%
c O 33.55  9 16 0 159 349 1 1332446 15584 1.8 23 13 2 9 89%  67 4927 411 30%
c - 33.92  9 16 0 160 355 1 1343729 13270 1.8 23 13 2 9 88%  67 4927 411 30%
c - 34.34  7 16 0 161 362 1 1356378 11693 1.7 23 13 2 9 89%  67 4927 411 30%
c u 34.69  8 16 0 161 366 1 1367179 16512 1.7 22 13 2 9 89%  67 4927 411 30%
c v 34.76 10 16 0 161 366 1 1367179 15059 1.7 22 13 2 9 89%  67 4927 411 30%
c w 34.89 11 16 0 161 366 1 1367179 12419 1.7 22 13 2 9 89%  67 4927 411 30%
c o 34.90 11 16 0 161 366 1 1367179 12419 1.7 22 13 2 9 89%  67 4927 411 30%
c - 34.95  8 16 0 162 367 1 1369067 8729 1.7 23 13 2 9 89%  67 4927 411 30%
c - 35.31  9 16 0 163 374 1 1381795 9916 1.7 23 13 2 9 89%  67 4927 411 30%
c - 35.65  9 16 0 164 378 1 1394563 10959 1.7 22 13 2 9 89%  67 4927 411 30%
c - 36.00  8 16 0 165 379 1 1407369 11532 1.7 22 13 2 9 89%  67 4927 411 30%
c - 36.37  9 16 0 166 380 1 1420215 12187 1.7 22 13 2 9 89%  67 4927 411 30%
c - 36.75  8 15 0 167 380 1 1433099 12499 1.7 22 13 2 9 89%  67 4927 411 30%
c - 37.15  9 15 0 168 380 1 1446021 12055 1.7 21 13 2 9 89%  67 4927 411 30%
c
c seconds  switched    rate           size/glue  tier1   binary      remaining
c        MB  reductions   conflicts         size   tier2   irredundant
c         level   restarts       redundant     glue   trail      variables
c
c B 37.36  9 15 0 168 381 1 1453280 15469 1.7 21 13 2 9 89%  67 4927 411 30%
c - 37.50  8 15 0 169 381 1 1458984 12604 1.7 21 13 2 9 89%  67 4927 411 30%
c - 37.84  9 15 0 170 381 1 1471985 11998 1.7 21 13 2 8 90%  67 4927 411 30%
c - 38.12  9 15 0 171 381 1 1485023 11081 1.6 21 13 2 8 90%  67 4927 411 30%
c u 38.31  9 15 0 171 381 1 1492023 15288 1.6 21 13 2 8 89%  67 4927 411 30%
c v 38.36 10 15 0 171 381 1 1492023 13914 1.6 21 13 2 8 89%  67 4927 411 30%
c w 38.42 10 15 0 171 381 1 1492023 11704 1.6 21 13 2 8 89%  67 4927 411 30%
c x 38.44 10 15 0 171 381 1 1492023 11704 1.6 21 13 2 8 89%  67 4925 411 30%
c - 39.00  9 16 0 172 381 1 1498099 9273 1.6 22 13 2 8 90%  67 4925 411 30%
c - 39.34  8 16 0 173 381 1 1511214 10199 1.7 22 13 2 8 90%  67 4925 411 30%
c - 39.73  9 16 0 174 388 1 1524368 10603 1.7 22 13 2 8 90%  67 4925 411 30%
c - 40.06  8 16 0 175 396 1 1537559 12019 1.7 22 13 2 8 89%  67 4925 411 30%
c - 40.37  9 15 0 176 401 1 1550788 12683 1.7 22 13 2 8 90%  67 4925 411 30%
c - 40.74  9 15 0 177 409 1 1564054 13077 1.7 22 13 2 8 90%  67 4925 411 30%
c - 41.17 10 15 0 178 411 1 1577358 13283 1.7 21 13 2 8 90%  67 4925 411 30%
c W 41.26  9 15 0 178 412 1 1580748 15562 1.7 22 13 2 8 90%  67 4925 411 30%
c o 41.26  9 15 0 178 412 1 1580748 15562 1.7 22 13 2 8 90%  67 4925 411 30%
c - 41.56  7 15 0 179 412 1 1590702 13161 1.7 22 13 2 8 90%  67 4925 411 30%
c - 41.96  7 15 0 180 419 1 1604081 12208 1.7 22 13 2 8 90%  67 4925 411 30%
c - 42.40  7 15 0 181 426 1 1617498 11357 1.7 22 13 2 8 91%  67 4925 411 30%
c
c seconds  switched    rate           size/glue  tier1   binary      remaining
c        MB  reductions   conflicts         size   tier2   irredundant
c         level   restarts       redundant     glue   trail      variables
c
c u 42.56  8 15 0 181 427 1 1622940 14573 1.7 22 13 2 8 91%  67 4925 411 30%
c v 42.61  8 15 0 181 427 1 1622940 13129 1.7 22 13 2 8 91%  67 4925 411 30%
c w 42.70 10 15 0 181 427 1 1622940 11134 1.7 22 13 2 8 91%  67 4925 411 30%
c - 42.88  8 15 0 182 430 1 1630951 9710 1.7 23 13 2 8 91%  67 4925 411 30%
c - 43.19  8 16 0 183 438 1 1644442 10266 1.7 22 13 2 8 91%  67 4925 411 30%
c - 43.54  8 15 0 184 442 1 1657969 10746 1.7 22 13 2 8 91%  67 4925 411 30%
c - 43.88  8 15 0 185 443 1 1671535 11533 1.7 22 13 2 8 91%  67 4925 411 30%
c - 44.28  8 15 0 186 444 1 1685136 11143 1.7 22 13 2 8 91%  67 4925 411 30%
c - 44.60  9 15 0 187 444 1 1698775 12176 1.7 22 13 2 8 91%  67 4925 411 30%
c - 44.94  9 15 0 188 447 1 1712449 11104 1.7 22 13 2 8 91%  67 4925 411 30%
c I 45.00  8 15 0 188 449 1 1714987 12490 1.7 22 13 2 8 91%  67 4925 411 30%
c - 45.19  9 15 0 189 455 1 1726160 11384 1.6 21 13 2 8 91%  67 4925 411 30%
c - 45.47  9 15 0 190 459 1 1739908 11040 1.6 21 13 2 8 91%  67 4925 411 30%
c - 45.74  8 15 0 191 466 1 1753692 10733 1.6 21 13 2 8 91%  67 4925 411 30%
c u 45.91  9 15 0 191 471 1 1759990 14243 1.6 21 13 2 8 91%  67 4925 411 30%
c v 45.95  9 15 0 191 471 1 1759990 13039 1.6 21 13 2 8 91%  67 4925 411 30%
c w 46.01 10 15 0 191 471 1 1759990 10426 1.6 21 13 2 8 91%  67 4925 411 30%
c o 46.01 10 15 0 191 471 1 1759990 10426 1.6 21 13 2 8 91%  67 4925 411 30%
c - 46.15  8 15 0 192 474 1 1767512 9025 1.6 21 13 2 8 90%  67 4925 411 30%
c - 46.45  9 15 0 193 475 1 1781368 10245 1.6 21 13 2 8 90%  67 4925 411 30%
c
c seconds  switched    rate           size/glue  tier1   binary      remaining
c        MB  reductions   conflicts         size   tier2   irredundant
c         level   restarts       redundant     glue   trail      variables
c
c - 46.78  9 15 0 194 478 1 1795260 10908 1.6 20 13 2 8 90%  67 4925 411 30%
c - 47.10  9 15 0 195 487 1 1809189 11048 1.6 20 13 2 8 90%  67 4925 411 30%
c - 47.39  9 15 0 196 490 1 1823153 10914 1.5 20 13 2 8 90%  67 4925 411 30%
c - 47.75  9 15 0 197 498 1 1837153 11341 1.5 20 13 2 8 91%  67 4925 411 30%
c - 48.11  9 15 0 198 505 1 1851188 11408 1.5 20 13 2 8 91%  67 4925 411 30%
c B 48.23  8 15 0 198 505 1 1856134 14674 1.5 20 13 2 8 91%  67 4925 411 30%
c - 48.46  9 15 0 199 506 1 1865259 12708 1.6 21 13 2 8 91%  67 4925 411 30%
c - 48.84  9 15 0 200 507 1 1879365 13156 1.6 21 13 2 8 91%  67 4925 411 30%
c - 49.21  8 15 0 201 507 1 1893507 13165 1.7 21 13 2 8 90%  67 4925 411 30%
c u 49.49 10 15 0 201 507 1 1903171 18473 1.7 22 13 2 8 90%  67 4925 411 30%
c v 49.56 10 15 0 201 507 1 1903171 16835 1.7 22 13 2 8 90%  67 4925 411 30%
c w 49.66 11 15 0 201 507 1 1903171 14203 1.7 22 13 2 8 90%  67 4925 411 30%
c - 49.77  8 15 0 202 508 1 1907685 10432 1.7 22 13 2 8 90%  67 4925 411 30%
c - 50.13  9 16 0 203 508 1 1921898 11106 1.6 21 13 2 8 90%  67 4925 411 30%
c - 50.49  9 16 0 204 508 1 1936146 11750 1.7 22 13 2 8 90%  67 4925 411 30%
c - 50.86  8 15 0 205 508 1 1950428 11672 1.6 21 13 2 8 90%  67 4925 411 30%
c - 51.24  9 15 0 206 508 1 1964748 11919 1.6 21 13 2 8 90%  67 4925 411 30%
c - 51.62  8 15 0 207 509 1 1979100 12621 1.6 21 13 2 8 90%  67 4925 411 30%
c - 52.01  8 15 0 208 509 1 1993487 13220 1.6 21 13 2 8 90%  67 4925 411 30%
c W 52.29  8 15 0 208 509 1 2004323 19178 1.6 20 13 2 8 90%  67 4925 411 30%
c
c seconds  switched    rate           size/glue  tier1   binary      remaining
c        MB  reductions   conflicts         size   tier2   irredundant
c         level   restarts       redundant     glue   trail      variables
c
c o 52.29  8 15 0 208 509 1 2004323 19178 1.6 20 13 2 8 90%  67 4925 411 30%
c - 52.39  7 15 0 209 509 1 2007909 12834 1.6 21 13 2 8 90%  67 4925 411 30%
c - 52.78  7 15 0 210 509 1 2022366 11793 1.6 20 13 2 8 90%  67 4925 411 30%
c - 53.15  7 15 0 211 509 1 2036859 12218 1.6 20 13 2 8 90%  67 4925 411 30%
c - 53.50  7 15 0 212 509 1 2051385 13007 1.6 20 13 2 8 89%  67 4925 411 30%
c u 53.55  7 15 0 212 509 1 2052583 13174 1.6 20 13 2 8 89%  67 4925 411 30%
c v 53.61  7 15 0 212 509 1 2052583 11924 1.6 20 13 2 8 89%  67 4925 411 30%
c w 53.66  7 15 0 212 509 1 2052583 11005 1.6 20 13 2 8 89%  67 4925 411 30%
c - 53.96  7 15 0 213 509 1 2065945 11068 1.6 20 13 2 8 89%  67 4925 411 30%
c - 54.28  7 15 0 214 509 1 2080540 10816 1.6 20 13 2 8 90%  67 4925 411 30%
c - 54.61  7 15 0 215 509 1 2095168 11317 1.6 20 13 2 8 89%  67 4925 411 30%
c - 54.94  7 15 0 216 510 1 2109830 11264 1.6 20 13 2 8 90%  67 4925 411 30%
c - 55.29  7 15 0 217 510 1 2124526 11908 1.6 20 13 2 8 90%  67 4925 411 30%
c - 55.65  7 15 0 218 510 1 2139256 12319 1.6 20 13 2 8 90%  67 4925 411 30%
c - 56.01  7 15 0 219 510 1 2154022 12360 1.6 20 13 2 8 90%  67 4925 411 30%
c O 56.15  8 15 0 219 510 1 2159685 15806 1.6 20 13 2 8 90%  67 4925 411 30%
c - 56.43  9 15 0 220 510 1 2168821 13616 1.6 21 13 2 8 90%  67 4925 411 30%
c - 56.90  9 15 0 221 510 1 2183654 13773 1.6 21 13 2 8 90%  67 4925 411 30%
c - 57.34  7 15 0 222 510 1 2198520 13497 1.6 21 13 2 8 89%  67 4925 411 30%
c u 57.65  8 15 0 222 510 1 2208256 18654 1.7 21 13 2 8 89%  67 4925 411 30%
c
c seconds  switched    rate           size/glue  tier1   binary      remaining
c        MB  reductions   conflicts         size   tier2   irredundant
c         level   restarts       redundant     glue   trail      variables
c
c v 57.72 10 15 0 222 510 1 2208256 17020 1.7 21 13 2 8 89%  67 4925 411 30%
c w 57.78 11 15 0 222 510 1 2208256 16861 1.7 21 13 2 8 89%  67 4925 411 30%
c x 57.79 11 15 0 222 510 1 2208256 16858 1.7 21 13 2 8 89%  67 4921 411 30%
c o 57.80 11 15 0 222 510 1 2208256 16858 1.7 21 13 2 8 89%  67 4921 411 30%
c - 57.93  8 15 0 223 510 1 2213420 11914 1.7 21 13 2 8 89%  67 4921 411 30%
c - 58.27  9 15 0 224 510 1 2228354 12121 1.7 21 13 2 8 89%  67 4921 411 30%
c - 58.64  9 15 0 225 510 1 2243321 11845 1.6 21 13 2 8 89%  67 4921 411 30%
c - 59.03  9 15 0 226 510 1 2258323 11777 1.6 21 13 2 8 89%  67 4921 411 30%
c - 59.50  8 15 0 227 510 1 2273356 11994 1.6 21 13 2 8 89%  67 4921 411 30%
c - 59.92 10 15 0 228 510 1 2288423 13817 1.6 21 13 2 8 89%  67 4921 411 30%
c - 60.38 10 15 0 229 510 1 2303522 14325 1.7 21 13 2 8 89%  67 4921 411 30%
c - 60.85 10 15 0 230 510 1 2318654 14849 1.7 22 13 2 8 89%  67 4921 411 30%
c B 60.96 10 15 0 230 510 1 2322348 17773 1.7 22 13 2 8 89%  67 4921 411 30%
c - 61.30 11 15 0 231 510 1 2333820 14354 1.7 22 13 2 8 89%  67 4921 411 30%
c - 61.78  9 15 0 232 510 1 2349018 12662 1.7 22 13 2 8 89%  67 4921 411 30%
c - 62.19  9 15 0 233 510 1 2364250 12062 1.6 21 13 2 8 90%  67 4921 411 30%
c u 62.38  9 15 0 233 513 1 2370245 14464 1.6 21 13 2 8 90%  67 4921 411 30%
c v 62.43  9 15 0 233 513 1 2370245 13205 1.6 21 13 2 8 90%  67 4921 411 30%
c w 62.51  9 15 0 233 513 1 2370245 11414 1.6 21 13 2 8 90%  67 4921 411 30%
c - 62.72  8 15 0 234 518 1 2379515 11031 1.6 21 13 2 8 89%  67 4921 411 30%
c
c seconds  switched    rate           size/glue  tier1   binary      remaining
c        MB  reductions   conflicts         size   tier2   irredundant
c         level   restarts       redundant     glue   trail      variables
c
c - 63.11  9 16 0 235 525 1 2394812 12371 1.7 22 13 2 8 90%  67 4921 411 30%
c - 63.47  8 15 0 236 532 1 2410141 12206 1.7 22 13 2 8 90%  67 4921 411 30%
c - 63.81  8 15 0 237 540 1 2425504 12229 1.7 21 13 2 8 90%  67 4921 411 30%
c - 64.21  9 15 0 238 541 1 2440899 13236 1.6 21 13 2 8 90%  67 4921 411 30%
c - 64.63  8 15 0 239 547 1 2456326 13622 1.6 21 13 2 8 90%  67 4921 411 30%
c - 65.04  9 15 0 240 555 1 2471787 13099 1.6 21 13 2 8 90%  67 4921 411 30%
c - 65.43  9 15 0 241 562 1 2487278 13334 1.6 20 13 2 8 90%  67 4921 411 30%
c W 65.59  8 15 0 241 563 1 2492442 15759 1.6 20 13 2 8 90%  67 4921 411 30%
c o 65.59  8 15 0 241 563 1 2492442 15759 1.6 20 13 2 8 90%  67 4921 411 30%
c - 65.95  7 15 0 242 570 1 2502804 13436 1.6 20 13 2 8 90%  67 4921 411 30%
c - 66.43  7 15 0 243 572 1 2518361 13665 1.6 20 13 2 8 90%  67 4921 411 30%
c s 66.48  7 15 0 243 572 1 2519755 14327 1.6 20 13 2 8 90%  67 4920 411 30%
c - 66.94  7 15 0 244 573 1 2533950 12961 1.6 20 13 2 8 91%  67 4920 411 30%
c u 67.10  8 15 0 244 573 1 2538561 15162 1.6 20 13 2 8 91%  67 4920 411 30%
c v 67.16  8 15 0 244 573 1 2538561 13731 1.6 20 13 2 8 91%  67 4920 411 30%
c w 67.24 10 15 0 244 573 1 2538561 12080 1.6 20 13 2 8 91%  67 4920 411 30%
c - 68.03  9 15 0 245 573 1 2549572 11780 1.6 21 13 2 8 91%  67 4920 411 30%
c - 68.38  9 15 0 246 575 1 2565225 12267 1.6 21 13 2 8 91%  67 4920 411 30%
c - 68.76  9 15 0 247 585 1 2580910 12792 1.6 21 13 2 8 91%  67 4920 411 30%
c - 69.16  9 15 0 248 589 1 2596627 13302 1.6 21 13 2 8 91%  67 4920 411 30%
c
c seconds  switched    rate           size/glue  tier1   binary      remaining
c        MB  reductions   conflicts         size   tier2   irredundant
c         level   restarts       redundant     glue   trail      variables
c
c - 69.54 11 15 0 249 598 1 2612375 13753 1.6 21 13 2 8 91%  67 4920 411 30%
c - 69.92 11 15 0 250 603 1 2628155 14095 1.6 21 13 2 8 91%  67 4920 411 30%
c - 70.33 11 15 0 251 604 1 2643966 15094 1.7 21 12 2 8 90%  67 4920 411 30%
c - 70.84 11 15 0 252 614 1 2659808 15648 1.7 21 12 2 8 90%  67 4920 411 30%
c I 71.17 11 15 0 252 619 1 2670095 23195 1.7 22 12 2 8 90%  67 4920 411 30%
c - 71.29 11 15 0 253 619 1 2675682 14769 1.7 22 12 2 8 90%  67 4920 411 30%
c - 71.66 11 15 0 254 628 1 2691587 14303 1.7 22 13 2 8 90%  67 4920 411 30%
c - 72.04  9 15 0 255 634 1 2707525 13581 1.7 22 12 2 8 90%  67 4920 411 30%
c u 72.21 10 15 0 255 635 1 2713275 16651 1.7 22 12 2 8 90%  67 4920 411 30%
c v 72.27 10 15 0 255 635 1 2713275 15237 1.7 22 12 2 8 90%  67 4920 411 30%
c w 72.36 11 15 0 255 635 1 2713275 12887 1.7 22 12 2 8 90%  67 4920 411 30%
c o 72.36 11 15 0 255 635 1 2713275 12887 1.7 22 12 2 8 90%  67 4920 411 30%
c - 72.55  9 15 0 256 635 1 2723494 11619 1.7 21 13 2 8 90%  67 4920 411 30%
c - 72.89  9 15 0 257 636 1 2739495 12784 1.7 21 13 2 8 90%  67 4920 411 30%
c - 73.27  9 15 0 258 636 1 2755527 12575 1.7 21 13 2 8 90%  67 4920 411 30%
c - 73.63  9 15 0 259 637 1 2771591 13358 1.6 21 13 2 8 89%  67 4920 411 30%
c - 74.00  9 15 0 260 637 1 2787684 13164 1.6 21 13 2 8 89%  67 4920 411 30%
c - 74.42  9 15 0 261 637 1 2803808 13446 1.6 21 13 2 8 89%  67 4920 411 30%
c - 74.82 11 15 0 262 637 1 2819963 14117 1.6 21 13 2 8 89%  67 4920 411 30%
c - 75.18  9 15 0 263 644 1 2836150 13870 1.6 20 13 2 8 89%  67 4920 411 30%
c
c seconds  switched    rate           size/glue  tier1   binary      remaining
c        MB  reductions   conflicts         size   tier2   irredundant
c         level   restarts       redundant     glue   trail      variables
c
c - 75.62  9 15 0 264 652 1 2852368 12508 1.6 20 13 2 8 90%  67 4920 411 30%
c B 75.70  9 15 0 264 652 1 2855430 14178 1.6 20 13 2 8 90%  67 4920 411 30%
c - 76.08  9 15 0 265 659 1 2868617 13423 1.6 20 13 2 8 90%  67 4920 411 30%
c - 76.55  9 15 0 266 667 1 2884895 13552 1.6 20 13 2 8 90%  67 4920 411 30%
c u 76.90 10 15 0 266 668 1 2894417 17311 1.5 20 13 2 8 90%  67 4920 411 30%
c v 76.97 11 15 0 266 668 1 2894417 15890 1.5 20 13 2 8 90%  67 4920 411 30%
c w 77.10 11 15 0 266 668 1 2894417 13216 1.5 20 13 2 8 90%  67 4920 411 30%
c - 77.30  9 15 0 267 668 1 2901206 10530 1.5 20 13 2 8 90%  67 4920 411 30%
c - 77.72  9 15 0 268 675 1 2917546 11763 1.5 20 13 2 8 89%  67 4920 411 30%
c - 78.12  9 15 0 269 683 1 2933917 13017 1.5 20 13 2 8 89%  67 4920 411 30%
c - 78.58  9 15 0 270 690 1 2950318 13973 1.5 19 13 2 8 87%  67 4920 411 30%
c - 79.03 11 15 0 271 698 1 2966750 15479 1.5 19 13 2 8 87%  67 4920 411 30%
c - 79.56 11 15 0 272 699 1 2983213 15471 1.6 19 13 2 8 87%  67 4920 411 30%
c - 79.95 11 15 0 273 700 1 2999707 15516 1.6 20 12 2 8 87%  67 4920 411 30%
c - 80.36 11 14 0 274 700 1 3016230 16594 1.6 20 12 2 8 87%  67 4920 411 30%
c - 80.79 11 15 0 275 707 1 3032782 16672 1.6 20 12 2 8 88%  67 4920 411 30%
c W 81.26 10 15 0 275 715 1 3048570 25625 1.6 20 12 2 8 88%  67 4920 411 30%
c o 81.26 10 15 0 275 715 1 3048570 25625 1.6 20 12 2 8 88%  67 4920 411 30%
c - 81.28 10 15 0 276 715 1 3049366 14883 1.6 20 12 2 8 88%  67 4920 411 30%
c - 81.61 10 15 0 277 722 1 3065979 15628 1.6 20 12 2 8 88%  67 4920 411 30%
c
c seconds  switched    rate           size/glue  tier1   binary      remaining
c        MB  reductions   conflicts         size   tier2   irredundant
c         level   restarts       redundant     glue   trail      variables
c
c u 82.07 10 15 0 277 730 1 3082048 24411 1.6 20 12 2 8 89%  67 4920 411 30%
c v 82.18 10 15 0 277 730 1 3082048 22203 1.6 20 12 2 8 89%  67 4920 411 30%
c w 82.32 10 15 0 277 730 1 3082048 16252 1.6 20 12 2 8 89%  67 4920 411 30%
c - 82.34  8 15 0 278 730 1 3082623 11204 1.6 20 12 2 8 89%  67 4920 411 30%
c - 82.78  8 15 0 279 731 1 3099297 12873 1.6 20 12 2 8 89%  67 4920 411 30%
c - 83.20  8 15 0 280 738 1 3116001 13176 1.6 20 12 2 8 89%  67 4920 411 30%
c - 83.65  8 15 0 281 746 1 3132734 13304 1.6 20 12 2 8 89%  67 4920 411 30%
c - 84.10  8 15 0 282 753 1 3149498 13858 1.6 20 12 2 8 90%  67 4920 411 30%
c - 84.57  8 15 0 283 761 1 3166290 13902 1.6 20 12 2 8 90%  67 4920 411 30%
c - 85.07  8 15 0 284 762 1 3183113 13558 1.6 20 12 2 8 90%  67 4920 411 30%
c - 85.54 10 15 0 285 763 1 3199966 14594 1.6 20 12 2 8 90%  67 4920 411 30%
c - 85.98 10 14 0 286 763 1 3216850 15297 1.6 20 12 2 8 90%  67 4920 411 30%
c - 86.51 10 14 0 287 764 1 3233761 14586 1.6 19 12 2 8 90%  67 4920 411 30%
c O 86.93 10 14 0 287 764 1 3249639 24597 1.6 19 12 2 8 90%  67 4920 411 30%
c - 86.97 10 14 0 288 764 1 3250703 16929 1.6 19 12 2 8 90%  67 4920 411 30%
c - 87.66 10 14 0 289 764 1 3267674 17289 1.6 19 12 2 8 89%  67 4920 411 30%
c u 88.09 10 14 0 289 764 1 3276171 20896 1.6 20 12 2 8 88%  67 4920 411 30%
c v 88.22 10 14 0 289 764 1 3276171 18690 1.6 20 12 2 8 88%  67 4920 411 30%
c w 88.27 10 14 0 289 764 1 3276171 16281 1.6 20 12 2 8 88%  67 4920 411 30%
c x 88.28 10 14 0 289 764 1 3276171 16280 1.6 20 12 2 8 88%  67 4919 411 30%
c
c seconds  switched    rate           size/glue  tier1   binary      remaining
c        MB  reductions   conflicts         size   tier2   irredundant
c         level   restarts       redundant     glue   trail      variables
c
c o 88.28 10 14 0 289 764 1 3276171 16280 1.6 20 12 2 8 88%  67 4919 411 30%
c s 88.28 10 14 0 289 764 1 3276171 16280 1.6 20 12 2 8 88%  67 4917 411 30%
c - 88.57  8 15 0 290 764 1 3284675 12740 1.6 20 12 2 8 89%  67 4917 411 30%
c - 89.12  8 15 0 291 765 1 3301705 13295 1.6 20 12 2 8 89%  67 4917 411 30%
c - 89.65 10 15 0 292 765 1 3318763 13831 1.6 20 12 2 8 90%  67 4917 411 30%
c - 90.18 10 15 0 293 765 1 3335854 14154 1.6 20 13 2 8 90%  67 4917 411 30%
c - 90.70 10 15 0 294 765 1 3352971 13932 1.6 20 13 2 8 90%  67 4917 411 30%
c - 91.18 10 15 0 295 765 1 3370118 13949 1.6 20 12 2 7 91%  67 4917 411 30%
c - 91.78  8 15 0 296 765 1 3387295 13754 1.6 20 12 2 7 91%  67 4917 411 30%
c - 92.34  8 15 0 297 765 1 3404500 13635 1.6 20 12 2 7 91%  67 4917 411 30%
c - 92.88  8 14 0 298 769 1 3421733 14011 1.6 20 12 2 7 91%  67 4917 411 30%
c - 93.41 10 14 0 299 779 1 3438996 14512 1.6 20 12 2 7 91%  67 4917 411 30%
c - 93.92 10 14 0 300 786 1 3456287 14163 1.6 20 12 2 7 91%  67 4917 411 30%
c B 93.99 10 14 0 300 787 1 3458754 15675 1.6 20 12 2 7 91%  67 4917 411 30%
c - 94.37 10 14 0 301 794 1 3473607 15083 1.6 20 12 2 7 91%  67 4917 411 30%
c u 94.50 10 14 0 301 795 1 3476857 16313 1.6 20 12 2 7 91%  67 4917 411 30%
c v 94.60 10 14 0 301 795 1 3476857 14485 1.6 20 12 2 7 91%  67 4917 411 30%
c w 94.67 10 14 0 301 795 1 3476857 13323 1.6 20 12 2 7 91%  67 4917 411 30%
c - 95.05  8 14 0 302 796 1 3490956 12663 1.6 20 12 2 7 91%  67 4917 411 30%
c - 95.52  8 15 0 303 803 1 3508334 13205 1.6 20 12 2 7 91%  67 4917 411 30%
c
c seconds  switched    rate           size/glue  tier1   binary      remaining
c        MB  reductions   conflicts         size   tier2   irredundant
c         level   restarts       redundant     glue   trail      variables
c
c o 95.74  9 15 0 303 808 1 3516483 18087 1.6 20 12 2 7 91%  67 4917 411 30%
c - 95.99  8 15 0 304 811 1 3525741 13813 1.6 20 12 2 7 91%  67 4917 411 30%
c - 96.38  8 14 0 305 818 1 3543179 14302 1.6 20 12 2 7 91%  67 4917 411 30%
c - 96.83 10 14 0 306 826 1 3560643 14818 1.6 19 12 2 7 91%  67 4917 411 30%
c - 97.37 10 14 0 307 827 1 3578136 15139 1.6 20 12 2 7 90%  67 4917 411 30%
c - 97.97 10 14 0 308 828 1 3595657 14718 1.6 19 12 2 7 90%  67 4917 411 30%
c - 98.53 10 14 0 309 828 1 3613207 14812 1.6 19 12 2 7 90%  67 4917 411 30%
c - 99.04 10 14 0 310 839 1 3630786 16062 1.6 19 12 2 7 89%  67 4917 411 30%
c - 99.54 10 14 0 311 845 1 3648392 16452 1.6 19 12 2 7 89%  67 4917 411 30%
c - 100.03 10 14 0 312 856 1 3666027 15402 1.6 19 12 2 7 89%  67 4917 411 30%
c W 100.35 10 14 0 312 858 1 3676037 21200 1.6 19 12 2 7 89%  67 4917 411 30%
c - 100.56 10 14 0 313 859 1 3683690 15794 1.6 19 12 2 7 89%  67 4917 411 30%
c u 100.62 10 14 0 313 859 1 3684113 15412 1.6 19 12 2 7 89%  67 4917 411 30%
c v 100.71 10 14 0 313 859 1 3684113 13466 1.6 19 12 2 7 89%  67 4917 411 30%
c w 100.76 10 14 0 313 859 1 3684113 12913 1.6 19 12 2 7 89%  67 4917 411 30%
c - 101.17 10 14 0 314 864 1 3701382 14423 1.6 19 11 2 7 89%  67 4917 411 30%
c - 101.61 10 14 0 315 873 1 3719102 14580 1.6 19 11 2 7 90%  67 4917 411 30%
c - 102.04  8 14 0 316 880 1 3736850 14425 1.7 19 12 2 7 89%  67 4917 411 30%
c - 102.44  8 14 0 317 889 1 3754626 14148 1.7 19 11 2 7 89%  67 4917 411 30%
c - 102.91  8 14 0 318 890 1 3772430 14313 1.6 19 11 2 7 89%  67 4917 411 30%
c
c seconds   switched    rate           size/glue  tier1   binary      remaining
c         MB  reductions   conflicts         size   tier2   irredundant
c          level   restarts       redundant     glue   trail      variables
c
c - 103.41 10 14 0 319 891 1 3790262 14935 1.6 19 11 2 7 89%  67 4917 411 30%
c - 103.86 10 13 0 320 891 1 3808123 15593 1.6 19 11 2 7 89%  67 4917 411 30%
c - 104.29 10 14 0 321 892 1 3826013 15851 1.6 18 11 2 7 89%  67 4917 411 30%
c - 104.79 10 13 0 322 892 1 3843930 15200 1.6 18 11 2 7 89%  67 4917 411 30%
c - 105.27 10 13 0 323 892 1 3861874 15662 1.6 18 11 2 7 89%  67 4917 411 30%
c - 105.87 10 13 0 324 895 1 3879846 15534 1.6 18 11 2 7 90%  67 4917 411 30%
c - 106.37 10 13 0 325 906 1 3897847 16635 1.6 18 11 2 7 90%  67 4917 411 30%
c u 106.42 10 13 0 325 906 1 3897992 16160 1.6 18 11 2 7 90%  67 4917 411 30%
c v 106.51 10 13 0 325 906 1 3897992 14015 1.6 18 11 2 7 90%  67 4917 411 30%
c w 106.54 10 13 0 325 906 1 3897992 13011 1.6 18 11 2 7 90%  67 4917 411 30%
c o 106.54 10 13 0 325 906 1 3897992 13011 1.6 18 11 2 7 90%  67 4917 411 30%
c I 106.61 10 13 0 325 907 1 3901605 15377 1.6 18 11 2 7 90%  67 4917 411 30%
c - 106.95  8 13 0 326 913 1 3915875 13182 1.6 18 11 2 7 90%  67 4917 411 30%
c - 107.36  8 14 0 327 921 1 3933931 13131 1.6 18 11 2 7 89%  67 4917 411 30%
c - 107.82  8 13 0 328 923 1 3952015 13439 1.6 18 11 2 7 90%  67 4917 411 30%
c - 108.21 10 14 0 329 930 1 3970125 14886 1.6 18 11 2 7 88%  67 4917 411 30%
c - 108.68 10 13 0 330 938 1 3988263 14992 1.6 18 11 2 7 88%  67 4917 411 30%
c - 109.14 10 13 0 331 948 1 4006429 15434 1.5 17 11 2 7 88%  67 4917 411 30%
c - 109.67 10 13 0 332 954 1 4024623 16223 1.6 17 11 2 7 88%  67 4917 411 30%
c - 110.15 10 13 0 333 955 1 4042844 15820 1.6 18 11 2 7 89%  67 4917 411 30%
c
c seconds   switched    rate           size/glue  tier1   binary      remaining
c         MB  reductions   conflicts         size   tier2   irredundant
c          level   restarts       redundant     glue   trail      variables
c
c - 110.59 10 13 0 334 955 1 4061093 15229 1.6 18 11 2 7 88%  67 4917 411 30%
c - 111.15 10 13 0 335 960 1 4079369 15325 1.6 18 11 2 7 88%  67 4917 411 30%
c - 111.67 10 13 0 336 969 1 4097673 15382 1.6 18 11 2 7 89%  67 4917 411 30%
c - 112.16 10 13 0 337 977 1 4116003 16585 1.6 18 11 2 7 89%  67 4917 411 30%
c u 112.27 10 13 0 337 977 1 4118525 17112 1.6 18 11 2 7 89%  67 4917 411 30%
c v 112.35 10 13 0 337 977 1 4118525 14963 1.6 18 11 2 7 89%  67 4917 411 30%
c w 112.39 10 13 0 337 977 1 4118525 13561 1.6 18 11 2 7 89%  67 4917 411 30%
c - 112.95  9 13 0 338 985 1 4134363 13858 1.6 17 11 2 7 89%  67 4917 411 30%
c B 112.99  9 13 0 338 985 1 4135572 14374 1.6 17 11 2 7 89%  67 4917 411 30%
c - 113.52 11 13 0 339 986 1 4152748 15375 1.6 18 11 2 7 89%  67 4917 411 30%
c - 114.10 11 14 0 340 996 1 4171160 15213 1.7 19 11 2 7 89%  67 4917 411 30%
c - 114.68 11 14 0 341 1002 1 4189600 15648 1.7 20 12 2 7 89%  67 4917 411 30%
c - 115.26 11 14 0 342 1014 1 4208066 15585 1.7 20 12 2 7 89%  67 4917 411 30%
c - 115.90 11 14 0 343 1017 1 4226560 15319 1.8 21 12 2 7 89%  67 4917 411 30%
c - 116.48 11 14 0 344 1018 1 4245082 15510 1.8 21 12 2 7 89%  67 4917 411 30%
c - 117.08 11 14 0 345 1018 1 4263629 16190 1.8 21 12 2 7 89%  67 4917 411 30%
c - 117.69 11 14 0 346 1019 1 4282204 17098 1.9 21 12 2 7 90%  67 4917 411 30%
c - 118.27 11 14 0 347 1019 1 4300806 17422 1.8 22 12 2 7 90%  67 4917 411 30%
c - 118.88 11 14 0 348 1019 1 4319434 15948 1.8 21 12 2 7 90%  67 4917 411 30%
c - 119.46 11 14 0 349 1020 1 4338088 16272 1.8 21 12 2 7 90%  67 4917 411 30%
c
c seconds   switched     rate           size/glue  tier1   binary      remaining
c         MB  reductions    conflicts         size   tier2   irredundant
c          level    restarts       redundant     glue   trail      variables
c
c u 119.75 11 14 0 349 1020 1 4345747 20250 1.8 21 12 2 7 90%  67 4917 411 30%
c v 119.84 11 14 0 349 1020 1 4345747 18190 1.8 21 12 2 7 90%  67 4917 411 30%
c w 119.99 11 14 0 349 1020 1 4345747 16027 1.8 21 12 2 7 90%  67 4917 411 30%
c o 119.99 11 14 0 349 1020 1 4345747 16027 1.8 21 12 2 7 90%  67 4917 411 30%
c - 120.23  9 14 0 350 1020 1 4356771 13742 1.8 21 12 2 7 90%  67 4917 411 30%
c - 120.70  9 14 0 351 1020 1 4375481 14492 1.8 21 12 2 7 90%  67 4917 411 30%
c W 120.83  9 14 0 351 1020 1 4378054 16013 1.8 21 12 2 7 90%  67 4917 411 30%
c - 121.28  9 14 0 352 1020 1 4394217 14210 1.7 21 12 2 7 90%  67 4917 411 30%
c - 121.79  9 14 0 353 1020 1 4412979 14264 1.7 20 12 2 7 90%  67 4917 411 30%
c - 122.27 10 14 0 354 1020 1 4431767 15547 1.7 20 12 2 7 89%  67 4917 411 30%
c - 122.90 11 15 0 355 1020 1 4450581 15706 1.6 20 12 2 7 89%  67 4917 411 30%
c - 123.52 11 14 0 356 1021 1 4469422 15597 1.6 20 12 2 7 89%  67 4917 411 30%
c - 124.12 11 14 0 357 1021 1 4488290 15792 1.6 20 12 2 7 89%  67 4917 411 30%
c - 124.68 11 14 0 358 1021 1 4507185 15415 1.6 20 12 2 7 90%  67 4917 411 30%
c - 125.24 11 14 0 359 1021 1 4526106 16135 1.6 20 12 2 7 90%  67 4917 411 30%
c - 125.85 11 15 0 360 1021 1 4545053 16281 1.6 20 12 2 7 90%  67 4917 411 30%
c - 126.44 11 15 0 361 1021 1 4564027 15565 1.6 20 12 2 7 90%  67 4917 411 30%
c u 126.91 11 14 0 361 1021 1 4579689 23260 1.6 20 12 2 7 91%  67 4917 411 30%
c v 127.01 11 14 0 361 1021 1 4579689 21370 1.6 20 12 2 7 91%  67 4917 411 30%
c w 127.17 11 14 0 361 1021 1 4579689 16262 1.6 20 12 2 7 91%  67 4917 411 30%
c
c seconds   switched     rate           size/glue  tier1   binary      remaining
c         MB  reductions    conflicts         size   tier2   irredundant
c          level    restarts       redundant     glue   trail      variables
c
c - 127.27  9 14 0 362 1021 1 4583029 12558 1.6 20 12 2 7 91%  67 4917 411 30%
c - 127.76  9 14 0 363 1021 1 4602056 13911 1.6 20 12 2 7 91%  67 4917 411 30%
c - 128.30  9 14 0 364 1021 1 4621109 14095 1.6 19 12 2 7 91%  67 4917 411 30%
c O 128.53  9 14 0 364 1021 1 4629164 18488 1.6 19 12 2 7 91%  67 4917 411 30%
c o 128.53  9 14 0 364 1021 1 4629164 18488 1.6 19 12 2 7 91%  67 4917 411 30%
c - 128.86 10 14 0 365 1021 1 4640188 15476 1.6 19 12 2 7 91%  67 4917 411 30%
c - 129.47 11 14 0 366 1021 1 4659292 16268 1.6 20 12 2 7 90%  67 4917 411 30%
c - 130.03 11 15 0 367 1021 1 4678423 15578 1.6 20 12 2 7 90%  67 4917 411 30%
c - 130.67 11 14 0 368 1021 1 4697581 15177 1.6 20 12 2 7 90%  67 4917 411 30%
c - 131.29 11 14 0 369 1021 1 4716764 15366 1.6 20 12 2 7 90%  67 4917 411 30%
c - 131.94 11 14 0 370 1022 1 4735974 16359 1.6 20 12 2 7 90%  67 4917 411 30%
c - 132.64 11 14 0 371 1022 1 4755211 16269 1.7 20 12 2 7 90%  67 4917 411 30%
c - 133.26 11 14 0 372 1022 1 4774472 16649 1.7 20 12 2 7 90%  67 4917 411 30%
c - 133.93 11 14 0 373 1022 1 4793760 17785 1.7 21 12 2 7 89%  67 4917 411 30%
c - 134.58 12 14 0 374 1022 1 4813075 18090 1.8 22 12 2 7 90%  67 4917 411 30%
c u 134.90 12 15 0 374 1022 1 4820385 22820 1.8 22 12 2 7 90%  67 4917 411 30%
c v 135.05 12 15 0 374 1022 1 4820385 20203 1.8 22 12 2 7 90%  67 4917 411 30%
c w 135.16 12 15 0 374 1022 1 4820385 17605 1.8 22 12 2 7 90%  67 4917 411 30%
c x 135.17 12 15 0 374 1022 1 4820385 17604 1.8 22 12 2 7 90%  67 4916 411 30%
c - 135.56 12 15 0 375 1022 1 4832414 15377 1.8 22 12 2 7 90%  67 4916 411 30%
c
c seconds   switched     rate           size/glue  tier1   binary      remaining
c         MB  reductions    conflicts         size   tier2   irredundant
c          level    restarts       redundant     glue   trail      variables
c
c - 136.15 12 15 0 376 1022 1 4851778 16846 1.8 22 12 2 7 90%  67 4916 411 30%
c - 136.84 12 15 0 377 1022 1 4871168 16699 1.8 23 12 2 7 90%  67 4916 411 30%
c B 137.43 12 15 0 377 1022 1 4889014 30983 1.9 23 12 2 7 90%  67 4916 411 30%
c - 137.48 12 15 0 378 1022 1 4890585 17447 1.9 23 12 2 7 90%  67 4916 411 30%
c - 138.04 12 16 0 379 1022 1 4910027 17323 1.9 24 13 2 7 90%  67 4916 411 30%
c - 138.65 12 16 0 380 1022 1 4929495 16089 1.9 24 13 2 7 90%  67 4916 411 30%
c - 139.26 12 16 0 381 1022 1 4948988 16126 1.8 24 13 2 7 90%  67 4916 411 30%
c - 139.96 12 16 0 382 1022 1 4968509 16214 1.8 24 13 2 7 90%  67 4916 411 30%
c - 140.60 12 16 0 383 1022 1 4988053 16329 1.8 24 13 2 7 90%  67 4916 411 30%
c - 141.31 12 16 0 384 1022 1 5007623 17440 1.8 24 13 2 7 90%  67 4916 411 30%
c - 142.10 12 16 0 385 1022 1 5027219 17857 1.8 24 13 2 7 91%  67 4916 411 30%
c - 142.78 12 16 0 386 1022 1 5046840 18787 1.9 24 13 2 7 91%  67 4916 411 30%
c - 143.47 12 16 0 387 1022 1 5066486 18441 1.9 25 13 2 7 90%  67 4916 411 30%
c u 143.58 12 16 0 387 1022 1 5067873 18257 1.9 25 13 2 7 90%  67 4916 411 30%
c v 143.69 12 16 0 387 1022 1 5067873 15936 1.9 25 13 2 7 90%  67 4916 411 30%
c w 143.74 12 16 0 387 1022 1 5067873 15421 1.9 25 13 2 7 90%  67 4916 411 30%
c o 143.74 12 16 0 387 1022 1 5067873 15421 1.9 25 13 2 7 90%  67 4916 411 30%
c - 144.23 12 15 0 388 1022 1 5086159 16268 1.9 24 13 2 7 90%  67 4916 411 30%
c - 144.70 12 15 0 389 1022 1 5105857 16560 1.9 23 13 2 7 90%  67 4916 411 30%
c - 145.21 12 15 0 390 1022 1 5125580 15852 1.8 22 12 2 7 90%  67 4916 411 30%
c
c seconds   switched     rate           size/glue  tier1   binary      remaining
c         MB  reductions    conflicts         size   tier2   irredundant
c          level    restarts       redundant     glue   trail      variables
c
c - 145.73 12 15 0 391 1022 1 5145328 16516 1.8 22 12 2 7 90%  67 4916 411 30%
c W 146.07 12 15 0 391 1022 1 5157715 24480 1.8 22 12 2 7 89%  67 4916 411 30%
c - 146.29 12 15 0 392 1022 1 5165102 16965 1.8 21 12 2 7 89%  67 4916 411 30%
c - 146.77 12 14 0 393 1022 1 5184901 17344 1.7 21 12 2 7 90%  67 4916 411 30%
c - 147.31 12 14 0 394 1022 1 5204726 17818 1.7 20 12 2 7 89%  67 4916 411 30%
c - 147.90 12 14 0 395 1022 1 5224575 18593 1.7 20 11 2 7 89%  67 4916 411 30%
c - 148.43 12 14 0 396 1022 1 5244450 18571 1.7 19 11 2 7 89%  67 4916 411 30%
c - 148.95 12 14 0 397 1029 1 5264349 17838 1.7 19 11 2 7 89%  67 4916 411 30%
c - 149.53 12 14 0 398 1037 1 5284274 18502 1.7 19 11 2 7 90%  67 4916 411 30%
c - 150.15 12 14 0 399 1047 1 5304224 18057 1.7 19 12 2 7 90%  67 4916 411 30%
c u 150.79 12 14 0 399 1053 1 5322179 26618 1.6 19 12 2 7 90%  67 4916 411 30%
c v 150.93 12 14 0 399 1053 1 5322179 24309 1.6 19 12 2 7 90%  67 4916 411 30%
c w 151.17 12 14 0 399 1053 1 5322179 20069 1.6 19 12 2 7 90%  67 4916 411 30%
c - 151.25 10 14 0 400 1053 1 5324198 13240 1.6 19 12 2 7 90%  67 4916 411 30%
c - 151.85 10 14 0 401 1059 1 5344198 14464 1.6 19 12 2 7 91%  67 4916 411 30%
c - 152.44 11 14 0 402 1068 1 5364222 15474 1.6 19 12 2 7 91%  67 4916 411 30%
c - 153.10 11 14 0 403 1077 1 5384271 15764 1.6 19 12 2 7 91%  67 4916 411 30%
c - 153.81 11 14 0 404 1084 1 5404345 15879 1.6 19 12 2 7 91%  67 4916 411 30%
c - 154.46 11 14 0 405 1085 1 5424444 17055 1.6 19 12 2 7 91%  67 4916 411 30%
c I 154.82 11 14 0 405 1085 1 5435380 21690 1.6 18 12 2 7 91%  67 4916 411 30%
c
c seconds   switched     rate           size/glue  tier1   binary      remaining
c         MB  reductions    conflicts         size   tier2   irredundant
c          level    restarts       redundant     glue   trail      variables
c
c o 154.82 11 14 0 405 1085 1 5435380 21690 1.6 18 12 2 7 91%  67 4916 411 30%
c - 155.07 11 14 0 406 1085 1 5444570 17909 1.6 18 12 2 7 91%  67 4916 411 30%
c - 155.66 12 13 0 407 1092 1 5464720 19451 1.6 19 11 2 7 90%  67 4916 411 30%
c - 156.30 12 14 0 408 1100 1 5484895 18516 1.6 19 11 2 7 90%  67 4916 411 30%
c - 156.93 12 13 0 409 1113 1 5505095 18544 1.6 19 11 2 7 89%  67 4916 411 30%
c - 157.58 12 13 0 410 1116 1 5525319 19368 1.7 19 11 2 7 89%  67 4916 411 30%
c - 158.23 12 13 0 411 1123 1 5545567 19444 1.7 18 11 2 7 90%  67 4916 411 30%
c - 158.94 12 13 0 412 1131 1 5565840 18696 1.7 18 11 2 7 90%  67 4916 411 30%
c u 159.63 12 13 0 412 1141 1 5583336 25987 1.7 18 11 2 7 90%  67 4916 411 30%
c v 159.81 12 13 0 412 1141 1 5583336 23563 1.7 18 11 2 7 90%  67 4916 411 30%
c w 159.99 12 13 0 412 1141 1 5583336 18708 1.7 18 11 2 7 90%  67 4916 411 30%
c - 160.07 12 13 0 413 1144 1 5586137 15318 1.7 18 11 2 7 90%  67 4916 411 30%
c - 160.71 12 13 0 414 1147 1 5606460 17332 1.6 18 11 2 7 90%  67 4916 411 30%
c - 161.36 12 13 0 415 1148 1 5626807 15754 1.6 18 11 2 7 90%  67 4916 411 30%
c - 162.04 12 13 0 416 1148 1 5647179 15762 1.6 18 11 2 7 90%  67 4916 411 30%
c - 162.77 12 13 0 417 1149 1 5667578 16719 1.6 19 11 2 7 90%  67 4916 411 30%
c - 163.54 12 13 0 418 1149 1 5687998 16094 1.7 19 11 2 7 90%  67 4916 411 30%
c - 164.33 12 13 0 419 1149 1 5708443 16640 1.6 18 11 2 7 90%  67 4916 411 30%
c B 164.77 12 13 0 419 1155 1 5722114 22302 1.6 18 11 2 7 90%  67 4916 411 30%
c - 165.00 12 13 0 420 1158 1 5728913 17122 1.6 18 11 2 7 90%  67 4916 411 30%
c
c seconds   switched     rate           size/glue  tier1   binary      remaining
c         MB  reductions    conflicts         size   tier2   irredundant
c          level    restarts       redundant     glue   trail      variables
c
c - 165.66 12 13 0 421 1166 1 5749407 16867 1.6 19 11 2 7 91%  67 4916 411 30%
c - 166.25 12 13 0 422 1178 1 5769926 16522 1.6 18 11 2 7 91%  67 4916 411 30%
c - 166.90 12 14 0 423 1180 1 5790468 16637 1.6 19 12 2 7 91%  67 4916 411 30%
c - 167.53 12 14 0 424 1189 1 5811034 16558 1.6 19 12 2 7 91%  67 4916 411 30%
c - 168.16 12 14 0 425 1197 1 5831625 16654 1.6 19 12 2 7 91%  67 4916 411 30%
c u 168.94 12 14 0 425 1209 1 5851377 25480 1.6 19 12 2 7 91%  67 4916 411 30%
c v 169.06 12 14 0 425 1209 1 5851377 23407 1.6 19 12 2 7 91%  67 4916 411 30%
c w 169.29 12 14 0 425 1209 1 5851377 17641 1.6 19 12 2 7 91%  67 4916 411 30%
c o 169.29 12 14 0 425 1209 1 5851377 17641 1.6 19 12 2 7 91%  67 4916 411 30%
c - 169.32 10 14 0 426 1209 1 5852240 13758 1.6 19 12 2 7 91%  67 4916 411 30%
c - 170.01 11 13 0 427 1211 1 5872880 16177 1.6 18 11 2 7 91%  67 4916 411 30%
c - 170.68 11 13 0 428 1212 1 5893545 18730 1.6 18 11 2 7 90%  67 4916 411 30%
c - 171.36 12 13 0 429 1215 1 5914233 21403 1.6 18 11 2 7 89%  67 4916 411 30%
c s 171.81 12 12 0 429 1222 1 5927628 27198 1.7 17 10 2 7 89%  68 4903 411 30%
c s 171.81 12 12 0 429 1222 1 5927628 27198 1.7 17 10 2 7 89%  68 4900 411 30%
c - 171.96 12 12 0 430 1226 1 5934945 22338 1.7 17 10 2 7 88%  68 4900 411 30%
c - 172.64 12 13 0 431 1234 1 5955681 21135 1.6 18 11 2 7 86%  68 4900 411 30%
c - 173.34 12 13 0 432 1242 1 5976441 17898 1.6 18 11 2 7 87%  68 4900 411 30%
c - 174.01 12 13 0 433 1246 1 5997225 18098 1.6 18 11 2 7 87%  68 4900 411 30%
c W 174.62 12 13 0 433 1257 1 6018025 29388 1.6 18 11 2 7 88%  68 4900 411 30%
c
c seconds   switched     rate           size/glue  tier1   binary      remaining
c         MB  reductions    conflicts         size   tier2   irredundant
c          level    restarts       redundant     glue   trail      variables
c
c - 174.63 12 13 0 434 1257 1 6018033 18306 1.6 18 11 2 7 88%  68 4900 411 30%
c - 175.25 12 14 0 435 1265 1 6038866 18971 1.7 19 11 2 7 88%  68 4900 411 30%
c - 175.94 12 14 0 436 1274 1 6059722 17901 1.7 19 12 2 7 89%  68 4900 411 30%
c - 176.67 12 14 0 437 1275 1 6080602 18110 1.7 19 12 2 7 88%  68 4900 411 30%
c - 177.34 12 14 0 438 1275 1 6101506 19103 1.7 19 11 2 7 89%  68 4900 411 30%
c - 177.97 12 13 0 439 1276 1 6122434 20483 1.7 19 11 2 7 89%  68 4900 411 30%
c u 178.15 12 14 0 439 1276 1 6126335 21906 1.7 19 11 2 7 89%  68 4900 411 30%
c v 178.27 12 14 0 439 1276 1 6126335 18753 1.7 19 11 2 7 89%  68 4900 411 30%
c w 178.39 12 14 0 439 1276 1 6126335 17128 1.7 19 11 2 7 89%  68 4900 411 30%
c - 178.84 12 14 0 440 1276 1 6143386 17087 1.7 20 11 2 7 89%  68 4900 411 30%
c - 179.47 12 14 0 441 1276 1 6164362 17325 1.7 20 11 2 7 89%  68 4900 411 30%
c - 180.14 12 14 0 442 1277 1 6185362 18580 1.8 20 12 2 7 90%  68 4900 411 30%
c - 180.91 12 14 0 443 1277 1 6206385 19664 1.8 21 11 2 7 90%  68 4900 411 30%
c - 181.54 12 14 0 444 1277 1 6227433 20056 1.8 21 11 2 7 89%  68 4900 411 30%
c - 182.24 12 14 0 445 1277 1 6248505 20774 1.8 21 11 2 7 89%  68 4900 411 30%
c - 183.01 12 13 0 446 1277 1 6269601 22578 1.9 21 11 2 7 89%  68 4900 411 30%
c - 183.71 13 14 0 447 1277 1 6290720 22408 1.9 21 11 2 7 90%  68 4900 411 30%
c - 184.49 13 14 0 448 1282 1 6311862 19174 1.8 21 11 2 7 90%  68 4900 411 30%
c O 184.89 13 14 0 448 1288 1 6323220 25561 1.8 21 12 2 7 90%  68 4900 411 30%
c o 184.89 13 14 0 448 1288 1 6323220 25561 1.8 21 12 2 7 90%  68 4900 411 30%
c
c seconds   switched     rate           size/glue  tier1   binary      remaining
c         MB  reductions    conflicts         size   tier2   irredundant
c          level    restarts       redundant     glue   trail      variables
c
c - 185.28 13 14 0 449 1292 1 6333028 19639 1.8 21 12 2 7 90%  68 4900 411 30%
c - 186.05 13 14 0 450 1302 1 6354218 19619 1.8 21 12 2 7 90%  68 4900 411 30%
c - 186.86 13 14 0 451 1308 1 6375431 19765 1.8 21 12 2 7 90%  68 4900 411 30%
c - 187.73 13 14 0 452 1315 1 6396667 19183 1.7 20 12 2 7 90%  68 4900 411 30%
c u 188.19 13 14 0 452 1321 1 6408341 25029 1.7 20 12 2 7 90%  68 4900 411 30%
c v 188.34 13 14 0 452 1321 1 6408341 22615 1.7 20 12 2 7 90%  68 4900 411 30%
c w 188.65 13 14 0 452 1321 1 6408341 19398 1.7 20 12 2 7 90%  68 4900 411 30%
c - 190.18 23 14 0 453 1323 1 6417928 16069 1.7 20 12 2 7 91%  68 4900 411 30%
c - 190.89 23 14 0 454 1336 1 6439211 16747 1.7 20 12 2 7 91%  68 4900 411 30%
c - 191.49 23 14 0 455 1339 1 6460519 17292 1.7 20 12 2 7 91%  68 4900 411 30%
c - 192.22 23 14 0 456 1340 1 6481849 17084 1.6 19 12 2 7 91%  68 4900 411 30%
c - 192.84 23 13 0 457 1341 1 6503205 18107 1.6 19 11 2 7 91%  68 4900 411 30%
c - 193.54 23 13 0 458 1354 1 6524582 19243 1.7 19 11 2 7 91%  68 4900 411 30%
c - 194.30 23 13 0 459 1362 1 6545982 19143 1.7 19 11 2 7 91%  68 4900 411 30%
c - 195.02 23 13 0 460 1370 1 6567406 18972 1.7 19 11 2 7 91%  68 4900 411 30%
c - 195.75 23 13 0 461 1374 1 6588855 19193 1.7 19 11 2 7 91%  68 4900 411 30%
c - 196.53 23 13 0 462 1386 1 6610325 19693 1.6 18 11 2 7 90%  68 4900 411 30%
c - 197.33 23 13 0 463 1395 1 6631819 19831 1.6 18 11 2 7 90%  68 4900 411 30%
c B 197.58 23 13 0 463 1399 1 6637803 21997 1.6 18 11 2 7 90%  68 4900 411 30%
c o 197.58 23 13 0 463 1399 1 6637803 21997 1.6 18 11 2 7 90%  68 4900 411 30%
c
c seconds   switched     rate           size/glue  tier1   binary      remaining
c         MB  reductions    conflicts         size   tier2   irredundant
c          level    restarts       redundant     glue   trail      variables
c
c - 198.09 23 13 0 464 1402 1 6653337 20208 1.6 18 11 2 7 90%  68 4900 411 30%
c - 198.76 23 14 0 465 1403 1 6674878 20249 1.6 18 12 2 7 90%  68 4900 411 30%
c - 199.51 23 14 0 466 1403 1 6696441 18028 1.5 18 12 2 6 90%  68 4900 411 30%
c u 199.61 23 14 0 466 1403 1 6697333 17411 1.5 18 12 2 6 90%  68 4900 411 30%
c v 199.71 23 14 0 466 1403 1 6697333 15515 1.5 18 12 2 6 90%  68 4900 411 30%
c w 199.72 23 14 0 466 1403 1 6697333 15347 1.5 18 12 2 6 90%  68 4900 411 30%
c - 200.28 23 14 0 467 1404 1 6718029 16084 1.6 19 12 2 6 91%  68 4900 411 30%
c - 200.87 23 14 0 468 1404 1 6739640 15965 1.5 19 12 2 6 91%  68 4900 411 30%
c - 201.42 23 14 0 469 1404 1 6761275 16877 1.6 19 12 2 6 91%  68 4900 411 30%
c - 201.95 23 14 0 470 1416 1 6782931 17251 1.6 19 12 2 6 91%  68 4900 411 30%
c - 202.50 23 14 0 471 1425 1 6804611 17897 1.6 19 12 2 6 91%  68 4900 411 30%
c - 203.11 23 14 0 472 1434 1 6826313 17991 1.6 19 12 2 6 91%  68 4900 411 30%
c - 203.72 23 14 0 473 1436 1 6848038 18395 1.6 20 12 2 6 91%  68 4900 411 30%
c - 204.39 23 14 0 474 1449 1 6869788 17809 1.6 20 12 2 6 91%  68 4900 411 30%
c - 204.96 23 14 0 475 1457 1 6891559 18082 1.6 20 12 2 6 91%  68 4900 411 30%
c - 205.59 23 14 0 476 1466 1 6913355 18391 1.6 19 12 2 6 91%  68 4900 411 30%
c - 206.26 23 14 0 477 1467 1 6935172 18306 1.6 19 12 2 6 91%  68 4900 411 30%
c - 207.06 23 14 0 478 1467 1 6957013 17577 1.6 19 12 2 6 91%  68 4900 411 30%
c W 207.31 23 14 0 478 1467 1 6961880 19911 1.6 19 12 2 6 91%  68 4900 411 30%
c o 207.31 23 14 0 478 1467 1 6961880 19911 1.6 19 12 2 6 91%  68 4900 411 30%
c
c seconds   switched     rate           size/glue  tier1   binary      remaining
c         MB  reductions    conflicts         size   tier2   irredundant
c          level    restarts       redundant     glue   trail      variables
c
c - 207.90 23 14 0 479 1478 1 6978877 18322 1.6 19 12 2 6 91%  68 4900 411 30%
c u 208.48 23 14 0 479 1482 1 6993309 23621 1.6 19 12 2 6 91%  68 4900 411 30%
c v 208.62 23 14 0 479 1482 1 6993309 21451 1.6 19 12 2 6 91%  68 4900 411 30%
c w 208.72 23 14 0 479 1482 1 6993309 17959 1.6 19 12 2 6 91%  68 4900 411 30%
c x 208.73 23 14 0 479 1482 1 6993309 17958 1.6 19 12 2 6 91%  68 4899 411 30%
c s 208.74 23 14 0 479 1482 1 6993309 17958 1.6 19 12 2 6 91%  68 4895 411 30%
c e 208.74 23 14 0 479 1482 1 6993309 17958 1.6 19 12 2 6 91%  66 4922 409 30%
c s 208.74 23 14 0 479 1482 1 6993309 17958 1.6 19 12 2 6 91%  66 4907 409 30%
c e 208.74 23 14 0 479 1482 1 6993309 17958 1.6 19 12 2 6 91%  65 4922 408 30%
c - 209.00 20 14 0 480 1487 1 7000763 14637 1.6 19 12 2 6 91%  65 4922 408 30%
c - 209.66 22 14 0 481 1497 1 7022671 16321 1.6 19 12 2 6 91%  65 4922 408 30%
c - 210.33 22 14 0 482 1499 1 7044603 16921 1.6 19 12 2 6 90%  65 4922 408 30%
c - 211.01 22 14 0 483 1512 1 7066558 17410 1.6 19 12 2 6 91%  65 4922 408 30%
c - 211.71 22 14 0 484 1520 1 7088535 17617 1.6 19 12 2 6 90%  65 4922 408 30%
c - 212.36 22 14 0 485 1529 1 7110535 17399 1.6 19 12 2 6 90%  65 4922 408 30%
c - 213.04 22 13 0 486 1530 1 7132557 17910 1.6 19 11 2 6 90%  65 4922 408 30%
c - 213.88 22 14 0 487 1530 1 7154603 18418 1.6 19 12 2 6 91%  65 4922 408 30%
c - 214.70 22 14 0 488 1531 1 7176672 17914 1.6 19 12 2 6 90%  65 4922 408 30%
c - 215.45 22 14 0 489 1531 1 7198762 17216 1.5 19 12 2 6 89%  65 4922 408 30%
c - 216.19 22 14 0 490 1531 1 7220875 17049 1.5 18 12 2 6 88%  65 4922 408 30%
c
c seconds   switched     rate           size/glue  tier1   binary      remaining
c         MB  reductions    conflicts         size   tier2   irredundant
c          level    restarts       redundant     glue   trail      variables
c
c - 217.08 22 14 0 491 1532 1 7243011 16879 1.5 18 12 2 6 89%  65 4922 408 30%
c - 217.94 22 14 0 492 1532 1 7265169 16889 1.5 18 12 2 6 89%  65 4922 408 30%
c - 218.77 22 14 0 493 1532 1 7287351 17175 1.5 18 12 2 6 89%  65 4922 408 30%
c I 219.09 22 14 0 493 1532 1 7295552 19232 1.5 18 12 2 6 89%  65 4922 408 30%
c o 219.09 22 14 0 493 1532 1 7295552 19232 1.5 18 12 2 6 89%  65 4922 408 30%
c u 219.19 22 14 0 493 1532 1 7296311 18695 1.5 18 12 2 6 90%  65 4922 408 30%
c v 219.29 22 14 0 493 1532 1 7296311 16975 1.5 18 12 2 6 90%  65 4922 408 30%
c w 219.32 22 14 0 493 1532 1 7296311 15532 1.5 18 12 2 6 90%  65 4922 408 30%
c - 219.69 20 14 0 494 1532 1 7309554 14482 1.5 18 12 2 6 90%  65 4922 408 30%
c - 220.35 20 14 0 495 1532 1 7331781 15302 1.5 18 12 2 6 90%  65 4922 408 30%
c - 220.97 21 13 0 496 1532 1 7354030 15604 1.5 17 12 2 6 90%  65 4922 408 30%
c - 221.77 22 13 0 497 1533 1 7376301 16714 1.5 17 11 2 6 91%  65 4922 408 30%
c - 222.45 22 13 0 498 1533 1 7398594 17465 1.6 17 11 2 6 91%  65 4922 408 30%
c - 223.17 22 13 0 499 1533 1 7420910 17366 1.6 17 11 2 6 91%  65 4922 408 30%
c - 223.96 22 12 0 500 1533 1 7443249 18469 1.6 17 11 2 6 91%  65 4922 408 30%
c - 224.79 22 12 0 501 1533 1 7465610 19467 1.6 16 10 2 6 90%  65 4922 408 30%
c - 225.56 22 12 0 502 1533 1 7487993 19997 1.6 16 10 2 6 90%  65 4922 408 30%
c - 226.39 22 11 0 503 1533 1 7510400 19275 1.6 15 10 2 6 91%  66 4922 408 30%
c - 227.10 22 12 0 504 1533 1 7532828 21350 1.7 16 10 2 6 91%  66 4922 408 30%
c - 227.86 22 12 0 505 1533 1 7555278 20518 1.7 16 10 2 6 91%  66 4922 408 30%
c
c seconds   switched     rate           size/glue  tier1   binary      remaining
c         MB  reductions    conflicts         size   tier2   irredundant
c          level    restarts       redundant     glue   trail      variables
c
c - 228.64 22 12 0 506 1533 1 7577750 21306 1.7 17 10 2 6 91%  66 4922 408 30%
c - 229.49 22 12 0 507 1533 1 7600244 20566 1.7 17 10 2 6 91%  66 4922 408 30%
c u 229.78 22 12 0 507 1533 1 7606170 22460 1.7 17 10 2 6 91%  66 4922 408 30%
c v 229.92 22 12 0 507 1533 1 7606170 18437 1.7 17 10 2 6 91%  66 4922 408 30%
c w 229.99 22 12 0 507 1533 1 7606170 17199 1.7 17 10 2 6 91%  66 4922 408 30%
c - 230.56 22 12 0 508 1537 1 7622761 17526 1.7 17 10 2 6 91%  66 4922 408 30%
c B 231.10 22 12 0 508 1546 1 7638925 25043 1.7 17 10 2 6 91%  66 4922 408 30%
c o 231.10 22 12 0 508 1546 1 7638925 25043 1.7 17 10 2 6 91%  66 4922 408 30%
c s 231.22 22 12 0 508 1547 1 7642286 27126 1.7 17 10 2 6 91%  66 4904 408 30%
c e 231.22 22 12 0 508 1547 1 7642286 27126 1.7 17 10 2 6 91%  65 4919 407 30%
c s 231.22 22 12 0 508 1547 1 7642286 27126 1.7 17 10 2 6 91%  65 4913 407 30%
c - 231.31 22 12 0 509 1548 1 7645300 19443 1.7 17 10 2 6 91%  65 4913 407 30%
c - 231.98 22 12 0 510 1559 1 7667862 19814 1.7 17 10 2 6 91%  65 4913 407 30%
c - 232.73 22 13 0 511 1564 1 7690445 17875 1.7 18 11 2 6 91%  65 4913 407 30%
c - 233.41 22 13 0 512 1572 1 7713051 18017 1.6 18 11 2 6 91%  65 4913 407 30%
c - 234.08 22 13 0 513 1582 1 7735679 18259 1.6 18 11 2 6 91%  65 4913 407 30%
c - 234.86 22 13 0 514 1594 1 7758328 18219 1.6 17 11 2 6 91%  65 4913 407 30%
c - 235.61 22 13 0 515 1595 1 7781000 19012 1.6 17 11 2 6 91%  65 4913 407 30%
c - 236.42 22 13 0 516 1596 1 7803696 19348 1.6 17 11 2 6 91%  65 4913 407 30%
c - 237.16 22 13 0 517 1603 1 7826413 19143 1.6 17 11 2 6 91%  65 4913 407 30%
c
c seconds   switched     rate           size/glue  tier1   binary      remaining
c         MB  reductions    conflicts         size   tier2   irredundant
c          level    restarts       redundant     glue   trail      variables
c
c - 237.85 22 12 0 518 1612 1 7849151 20286 1.6 17 10 2 6 90%  65 4913 407 30%
c - 238.62 22 12 0 519 1625 1 7871910 22301 1.7 17 10 2 6 91%  65 4913 407 30%
c - 239.51 22 12 0 520 1627 1 7894692 22252 1.7 18 10 2 6 90%  65 4913 407 30%
c - 240.28 22 12 0 521 1640 1 7917496 21290 1.8 18 10 2 6 90%  65 4913 407 30%
c u 240.59 22 12 0 521 1642 1 7923098 22614 1.8 18 10 2 6 90%  65 4913 407 30%
c v 240.80 22 12 0 521 1642 1 7923098 19742 1.8 18 10 2 6 90%  65 4913 407 30%
c w 240.85 22 12 0 521 1642 1 7923098 18631 1.8 18 10 2 6 90%  65 4913 407 30%
c - 241.42 22 12 0 522 1649 1 7940323 18037 1.7 18 10 2 6 91%  65 4913 407 30%
c - 242.25 22 12 0 523 1658 1 7963170 18938 1.8 18 10 2 6 91%  65 4913 407 30%
c - 242.99 22 12 0 524 1659 1 7986042 20013 1.8 18 10 2 6 91%  65 4913 407 30%
c W 243.24 22 12 0 524 1659 1 7992096 22610 1.7 18 10 2 6 90%  65 4913 407 30%
c o 243.24 22 12 0 524 1659 1 7992096 22610 1.7 18 10 2 6 90%  65 4913 407 30%
c - 243.85 22 12 0 525 1659 1 8008934 20222 1.8 18 11 2 6 91%  65 4913 407 30%
c - 244.55 22 13 0 526 1660 1 8031846 20752 1.7 19 11 2 6 91%  65 4913 407 30%
c - 245.44 22 13 0 527 1660 1 8054780 18759 1.7 19 11 2 6 91%  65 4913 407 30%
c - 246.14 22 13 0 528 1660 1 8077736 19328 1.7 20 11 2 6 91%  65 4913 407 30%
c - 246.85 22 13 0 529 1674 1 8100714 19850 1.7 19 11 2 6 91%  65 4913 407 30%
c - 247.71 22 13 0 530 1683 1 8123715 20333 1.8 20 11 2 6 91%  65 4913 407 30%
c - 248.54 22 13 0 531 1691 1 8146737 19629 1.8 20 11 2 6 91%  65 4913 407 30%
c - 249.45 22 13 0 532 1698 1 8169781 19947 1.7 19 11 2 6 91%  65 4913 407 30%
c
c seconds   switched     rate           size/glue  tier1   binary      remaining
c         MB  reductions    conflicts         size   tier2   irredundant
c          level    restarts       redundant     glue   trail      variables
c
c - 250.16 22 13 0 533 1707 1 8192846 21233 1.7 19 11 2 6 91%  65 4913 407 30%
c - 250.86 22 13 0 534 1720 1 8215932 21299 1.8 19 11 2 6 91%  65 4913 407 30%
c - 251.85 23 13 0 535 1722 1 8239040 23638 1.9 20 11 2 6 91%  65 4913 407 30%
c u 252.30 23 13 0 535 1723 1 8247205 28814 1.9 20 11 2 6 91%  65 4913 407 30%
c v 252.55 23 13 0 535 1723 1 8247205 25411 1.9 20 11 2 6 91%  65 4913 407 30%
c w 252.73 23 13 0 535 1723 1 8247205 22727 1.9 20 11 2 6 91%  65 4913 407 30%
c - 253.24 21 13 0 536 1723 1 8262170 21025 1.9 21 11 2 6 91%  65 4913 407 30%
c - 254.03 22 13 0 537 1730 1 8285322 21378 1.9 21 11 2 6 91%  65 4913 407 30%
c - 254.84 22 13 0 538 1739 1 8308495 20244 1.8 20 11 2 6 91%  65 4913 407 30%
c - 255.72 22 12 0 539 1752 1 8331691 22039 1.8 19 10 2 6 90%  66 4913 407 30%
c s 255.97 22 12 0 539 1753 1 8340096 26115 1.8 18 10 2 6 90%  68 4896 407 30%
c e 255.97 22 12 0 539 1753 1 8340096 26115 1.8 18 10 2 6 90%  68 4912 406 30%
c s 255.97 22 12 0 539 1753 1 8340096 26115 1.8 18 10 2 6 90%  69 4893 406 30%
c - 256.42 22 12 0 540 1754 1 8354908 22744 1.8 18 10 2 6 90%  69 4893 406 30%
c O 256.43 22 12 0 540 1754 1 8355166 22878 1.8 18 10 2 6 90%  69 4893 406 30%
c o 256.43 22 12 0 540 1754 1 8355166 22878 1.8 18 10 2 6 90%  69 4893 406 30%
c - 257.32 22 13 0 541 1768 1 8378146 21701 1.8 19 11 2 6 90%  69 4893 406 30%
c - 258.11 21 13 0 542 1776 1 8401405 21674 1.9 20 11 2 6 90%  69 4893 406 30%
c - 258.86 22 13 0 543 1785 1 8424685 20807 1.8 20 11 2 6 90%  69 4893 406 30%
c - 259.75 22 13 0 544 1786 1 8447987 21244 1.8 21 11 2 6 91%  69 4893 406 30%
c
c seconds   switched     rate           size/glue  tier1   binary      remaining
c         MB  reductions    conflicts         size   tier2   irredundant
c          level    restarts       redundant     glue   trail      variables
c
c - 260.56 22 13 0 545 1786 1 8471310 21095 1.9 21 11 2 6 90%  69 4893 406 30%
c - 261.43 22 13 0 546 1787 1 8494657 21138 1.8 21 11 2 6 91%  69 4893 406 30%
c - 262.21 22 14 0 547 1787 1 8518023 20651 1.8 20 11 2 6 90%  69 4893 406 30%
c - 263.01 22 14 0 548 1788 1 8541411 20835 1.8 20 11 2 6 90%  69 4893 406 30%
c - 263.82 22 13 0 549 1788 1 8564820 20913 1.7 20 11 2 6 90%  69 4893 406 30%
c u 264.39 22 13 0 549 1788 1 8578459 26183 1.7 19 11 2 6 90%  70 4893 406 30%
c v 264.57 22 13 0 549 1788 1 8578459 23043 1.7 19 11 2 6 90%  72 4893 406 30%
c w 264.63 22 13 0 549 1788 1 8578459 18440 1.7 19 11 2 6 90%  72 4893 406 30%
c - 264.94 22 13 0 550 1788 1 8588250 17039 1.7 19 11 2 6 90%  72 4893 406 30%
c - 265.68 22 13 0 551 1788 1 8611703 18993 1.7 18 11 2 6 90%  72 4893 406 30%
c - 266.50 22 13 0 552 1788 1 8635176 18878 1.6 18 11 2 6 91%  72 4893 406 30%
c - 267.27 22 12 0 553 1788 1 8658672 20328 1.6 17 10 2 6 91%  72 4893 406 30%
c - 268.13 22 12 0 554 1797 1 8682189 22162 1.7 17 10 2 6 91%  73 4893 406 30%
c - 268.83 22 12 0 555 1807 1 8705726 22372 1.7 17 10 2 6 90%  73 4893 406 30%
c B 269.58 22 12 0 555 1818 1 8728237 35427 1.7 18 11 2 6 90%  73 4893 406 30%
c o 269.58 22 12 0 555 1818 1 8728237 35427 1.7 18 11 2 6 90%  73 4893 406 30%
c - 269.63 22 12 0 556 1818 1 8729284 21142 1.7 18 11 2 6 90%  73 4893 406 30%
c - 270.35 22 12 0 557 1822 1 8752864 20879 1.7 18 11 2 6 91%  73 4893 406 30%
c - 271.13 22 12 0 558 1834 1 8776464 20861 1.6 17 10 2 6 91%  73 4893 406 30%
c - 271.90 22 12 0 559 1845 1 8800086 22446 1.6 16 10 2 6 90%  74 4893 406 30%
c
c seconds   switched     rate           size/glue  tier1   binary      remaining
c         MB  reductions    conflicts         size   tier2   irredundant
c          level    restarts       redundant     glue   trail      variables
c
c - 272.68 22 12 0 560 1850 1 8823729 22186 1.6 16 10 2 6 90%  74 4893 406 30%
c - 273.38 22 12 0 561 1851 1 8847393 21612 1.6 16 10 2 6 91%  74 4893 406 30%
c - 274.16 22 11 0 562 1856 1 8871079 22419 1.6 15 10 2 6 90%  75 4893 406 30%
c - 274.89 22 11 0 563 1866 1 8894785 22787 1.5 15 10 2 6 91%  75 4893 406 30%
c i 275.49 22 11 0 563 1875 1 8911476 29812 1.5 15 10 2 6 90%  85 4893 403 29%
c u 275.78 22 11 0 563 1879 1 8916997 15723 1.5 14 9 2 6 90% 161 4188 403 29%
c v 275.87 22 11 0 563 1879 1 8916997 14074 1.5 14 9 2 6 90% 161 4188 403 29%
c w 275.93 22 11 0 563 1879 1 8916997 13229 1.5 14 9 2 6 90% 161 4188 403 29%
c d 275.93 22 11 0 563 1879 1 8916997 13229 1.5 14 9 2 6 90% 154 4184 399 29%
c t 275.93 22 11 0 563 1879 1 8916997 13229 1.5 14 9 2 6 90% 148 4184 399 29%
c u 276.00 22 11 0 563 1879 1 8916997 12514 1.5 14 9 2 6 90% 148 4184 399 29%
c v 276.07 22 11 0 563 1879 1 8916997 11683 1.5 14 9 2 6 90% 149 4184 399 29%
c w 276.11 22 11 0 563 1879 1 8916997 11420 1.5 14 9 2 6 90% 149 4184 399 29%
c t 276.11 22 11 0 563 1879 1 8916997 11420 1.5 14 9 2 6 90% 148 4184 399 29%
c - 276.17 20 11 0 564 1879 1 8918512 10522 1.5 14 9 2 6 90% 132 4184 399 29%
c i 276.63 20 11 0 564 1882 1 8932022 15574 1.5 14 9 2 6 90% 144 4184 398 29%
c - 276.96 20 11 0 565 1882 1 8942262 11620 1.5 14 9 2 6 90% 131 4184 398 29%
c i 277.21 20 10 0 565 1885 1 8950052 14858 1.5 14 9 2 6 90% 142 4184 397 29%
c i 277.46 20 10 0 565 1889 1 8957125 17350 1.5 13 9 2 6 90% 154 4184 396 29%
c - 277.77 20 10 0 566 1895 1 8966031 11035 1.6 13 9 2 6 90% 129 4184 396 29%
c
c seconds   switched     rate           size/glue tier1   binary      remaining
c         MB  reductions    conflicts         size  tier2   irredundant
c          level    restarts       redundant    glue   trail      variables
c
c i 277.80 20 10 0 566 1895 1 8966732 11223 1.6 13 9 2 6 90% 138 4184 395 29%
c i 277.96 20 10 0 566 1896 1 8971231 12809 1.6 13 8 2 6 89% 150 4184 394 29%
c i 277.98 20 10 0 566 1896 1 8971637 12888 1.6 13 8 2 6 89% 156 4184 393 29%
c i 278.05 20 10 0 566 1897 1 8973471 13450 1.6 13 8 2 6 89% 166 4184 384 28%
c i 278.08 20 10 0 566 1897 1 8974425 13739 1.6 13 8 2 6 89% 174 4184 383 28%
c i 278.11 20 10 0 566 1897 1 8975118 13929 1.6 13 8 2 6 89% 184 4184 367 27%
c i 278.11 20 10 0 566 1897 1 8975189 13939 1.6 13 8 2 6 89% 189 4184 354 26%
c i 278.11 20 10 0 566 1897 1 8975229 13940 1.6 13 8 2 6 89% 194 4184 342 25%
c i 278.11 20 10 0 566 1897 1 8975250 13940 1.6 13 8 2 6 89% 198 4184 341 25%
c i 278.11 20 10 0 566 1897 1 8975258 13941 1.6 13 8 2 6 89% 201 4184 333 24%
c i 278.11 20 10 0 566 1897 1 8975262 13941 1.6 13 8 2 6 89% 203 4184 309 23%
c i 278.11 20 10 0 566 1897 1 8975264 13941 1.6 13 8 2 6 89% 204 4184 265 19%
c ] 278.11 20 10 0 566 1897 1 8975266 13941 1.6 13 8 2 6 89% 204 4184 169 12%
c 0 278.11 20 0 0 566 1897 0 8975266 13941 0.0 0 0 2 6 0% 204 4184 169 12%
c
c ---- [ result ] ------------------------------------------------------------
c
s UNSATISFIABLE
c
c ---- [ profiling ] ---------------------------------------------------------
c
c         263.73   94.83 %  search
c         263.73   94.83 %  stable
c          14.36    5.16 %  simplify
c          13.96    5.02 %  probe
c          10.86    3.90 %  vivify
c           2.93    1.06 %  sweep
c           1.01    0.36 %  reduce
c           0.36    0.13 %  walking
c           0.11    0.04 %  substitute
c           0.07    0.02 %  eliminate
c           0.04    0.01 %  factor
c           0.02    0.01 %  preprocess
c           0.01    0.00 %  subsume
c           0.01    0.00 %  congruence
c           0.01    0.00 %  transitive
c           0.00    0.00 %  backbone
c           0.00    0.00 %  parse
c           0.00    0.00 %  lucky
c =============================================
c         278.12  100.00 %  total
c
c ---- [ statistics ] --------------------------------------------------------
c
c conflicts:                          8975266            32271.59 per second
c congruent:                               54                4 %  variables
c decisions:                          9534959                1.06 per conflict
c eliminated:                             935               68 %  variables
c factored:                                62                5 %  variables
c iterations:                              17                1 %  variables
c propagations:                    1188977027          4275102    per second
c reductions:                             566            15857    interval
c reordered:                               38           236191    interval
c rephased:                                61           147136    interval
c restarts:                              1897             4731    interval
c strengthened:                          1305                0 %  checks
c substituted:                             88                6 %  variables
c subsumed:                               820                0 %  checks
c switched:                                 0                0    interval
c vivified:                            415201               44 %  checks
c walks:                                   20           448763    interval
c
c ---- [ glue usage ] --------------------------------------------------------
c
c stable glue 2 used 36599600 clauses 22.38% accumulated 69.06% tier1
c stable glue 3 used 18818850 clauses 11.51% accumulated 80.57%
c stable glue 4 used  8350391 clauses  5.11% accumulated 85.67%
c stable glue 5 used  5194277 clauses  3.18% accumulated 88.85%
c stable glue 6 used  3620037 clauses  2.21% accumulated 91.06% tier2
c
c ---- [ resources ] ---------------------------------------------------------
c
c maximum-resident-set-size:        424259584 bytes        405 MB
c process-time:                         4m 38s             278.12 seconds
c
c ---- [ shutting down ] -----------------------------------------------------
c
c exit 20
