c ---- [ banner ] ------------------------------------------------------------
c
c Kissat SAT Solver
c 
c Copyright (c) 2021-2024 Armin Biere University of Freiburg
c Copyright (c) 2019-2021 Armin Biere Johannes Kepler University Linz
c 
c Version 4.0.4 8af8e56f174b778aef3aa45af9f739b2a5f492c2
c gcc (GCC) 15.2.1 20260123 (Red Hat 15.2.1-7) -W -Wall -O3 -DNDEBUG
c Thu Apr 23 06:47:51 PM IST 2026 Linux krishnendu-LN 6.19.12-200.fc43.x86_64 x86_64
c
c ---- [ parsing ] -----------------------------------------------------------
c
c opened and reading DIMACS file:
c
c   /home/krishnendu/Research/fv-invariant-mining/data/circuits/cnf/miter_mult_9bit.cnf
c
c parsed 'p cnf 873 3299' header
c closing input after reading 48449 bytes (47 KB)
c finished parsing after 0.00 seconds
c
c ---- [ options ] -----------------------------------------------------------
c
c --decay=90                       (different from default '50')
c --eliminateeffort=800            (different from default '100')
c
c ---- [ solving ] -----------------------------------------------------------
c
c seconds switched rate     size/glue tier1  binary      remaining
c        MB reductions conflicts size  tier2   irredundant
c         level restarts redundant glue  trail       variables
c
c *  0.00  3 0 0 0  0 0   0   0 0.0 0 0 0 0 0% 1142 2155 870 100%
c (  0.00  3 0 0 0  0 0   0   0 0.0 0 0 0 0 0% 1142 2155 870 100%
c .  0.00  3 0 0 0  0 0   0   0 0.0 0 0 0 0 0% 1138 2155 870 100%
c c  0.00  3 0 0 0  0 0   0   0 0.0 0 0 0 0 0% 1186 2153 836 96%
c d  0.00  3 0 0 0  0 0   0   0 0.0 0 0 0 0 0% 1070 2153 836 96%
c =  0.02  3 0 0 0  0 0   0   0 0.0 0 0 0 0 0% 1084 2141 828 95%
c d  0.02  3 0 0 0  0 0   0   0 0.0 0 0 0 0 0% 1064 2141 828 95%
c f  0.02  4 0 0 0  0 0   0   0 0.0 0 0 0 0 0% 1040 2124 852 98%
c )  0.02  4 0 0 0  0 0   0   0 0.0 0 0 0 0 0% 1040 2124 852 98%
c {  0.02  4 0 0 0  0 0   0   0 0.0 0 0 2 6 0% 1040 2124 852 98%
c -  0.05  4 18 0 1 297 3 1002 460 1.8 20 11 3 14 84% 1052 2124 852 98%
c }  0.05  4 18 1 1 297 3 1002 460 1.8 20 11 3 14 84% 1052 2124 852 98%
c [  0.05  4 0 1 1 297 0 1002 460 0.0 0 0 2 6 0% 1052 2124 852 98%
c B  0.05  4 0 1 1 297 0 1002 460 0.0 0 0 2 6 0% 1052 2124 852 98%
c -  0.06  4 65 1 2 297 1 2002 1212 2.5 19 7 3 10 91% 1053 2124 852 98%
c W  0.06  4 65 1 2 297 1 2005 1215 2.5 19 7 3 10 91% 1053 2124 852 98%
c ]  0.07  4 45 2 2 298 1 2732 1829 2.0 19 9 3 10 90% 1054 2124 852 98%
c {  0.07  4 18 2 2 298 3 2732 1829 1.8 20 11 3 14 84% 1054 2124 852 98%
c -  0.09  4 17 2 3 305 2 3417 2048 2.5 24 10 3 12 85% 1056 2124 852 98%
c u  0.09  4 17 2 3 305 2 3511 1999 2.6 25 10 3 12 85% 1064 2124 852 98%
c
c seconds  switched  rate       size/glue  tier1     binary      remaining
c        MB reductions conflicts      size   tier2     irredundant
c         level restarts   redundant     glue    trail       variables
c
c v  0.10  4 17 2 3 305 2 3511 1955 2.6 25 10 3 12 85% 1064 2124 852 98%
c w  0.10  4 17 2 3 305 2 3511 1955 2.6 25 10 3 12 85% 1064 2124 852 98%
c x  0.10  4 17 2 3 305 2 3511 1955 2.6 25 10 3 12 85% 1074 2075 852 98%
c =  0.12  4 17 2 3 305 2 3511 1955 2.6 25 10 3 12 85% 1104 2074 837 96%
c d  0.12  4 17 2 3 305 2 3511 1955 2.6 25 10 3 12 85% 1059 2074 837 96%
c t  0.12  4 17 2 3 305 2 3511 1955 2.6 25 10 3 12 85% 1051 2074 837 96%
c u  0.12  4 17 2 3 305 2 3511 1907 2.6 25 10 3 12 85% 1051 2074 837 96%
c v  0.13  4 17 2 3 305 2 3511 1858 2.6 25 10 3 12 85% 1051 2074 837 96%
c w  0.13  4 17 2 3 305 2 3511 1857 2.6 25 10 3 12 85% 1051 2074 837 96%
c x  0.13  4 17 2 3 305 2 3511 1857 2.6 25 10 3 12 85% 1052 2070 837 96%
c =  0.13  4 17 2 3 305 2 3511 1857 2.6 25 10 3 12 85% 1056 2068 835 96%
c d  0.13  4 17 2 3 305 2 3511 1857 2.6 25 10 3 12 85% 1051 2068 835 96%
c }  0.14  4 17 3 3 305 2 3733 2058 2.5 23 9 3 12 80% 1055 2068 835 96%
c [  0.14  4 45 3 3 305 1 3733 2058 2.0 19 9 3 10 90% 1055 2068 835 96%
c I  0.15  5 37 3 3 305 1 4264 2547 2.1 18 9 4 11 84% 1055 2068 835 96%
c ]  0.16  5 33 4 3 306 1 4784 3020 2.2 20 9 4 11 85% 1055 2068 835 96%
c {  0.16  5 17 4 3 306 2 4784 3020 2.5 23 9 3 12 80% 1055 2068 835 96%
c -  0.17  5 17 4 4 323 2 5149 2784 2.4 22 9 3 11 81% 1055 2068 835 96%
c }  0.20  5 15 5 4 400 2 7137 4662 2.5 21 8 3 11 67% 1068 2068 835 96%
c [  0.20  5 33 5 4 400 1 7137 4662 2.2 20 9 4 11 85% 1068 2068 835 96%
c
c seconds  switched  rate       size/glue tier1     binary      remaining
c        MB reductions conflicts      size  tier2     irredundant
c         level restarts   redundant    glue    trail       variables
c
c -  0.20  5 33 5 5 400 1 7149 3954 2.2 20 9 4 11 85% 1068 2068 835 96%
c B  0.21  5 27 5 5 400 1 8035 4812 2.3 19 8 4 11 75% 1069 2068 835 96%
c ]  0.24  5 24 6 5 402 1 9322 5924 2.1 19 9 4 11 78% 1071 2068 835 96%
c {  0.24  5 15 6 5 402 2 9322 5924 2.5 21 8 3 11 67% 1071 2068 835 96%
c -  0.24  5 15 6 6 402 2 9386 4843 2.5 21 8 3 10 67% 1071 2068 835 96%
c u  0.27  5 14 6 6 458 2 10830 5750 2.2 19 8 2 9 65% 1082 2068 835 96%
c v  0.27  5 14 6 6 458 2 10830 5728 2.2 19 8 2 9 65% 1082 2068 835 96%
c w  0.28  5 14 6 6 458 2 10830 5726 2.2 19 8 2 9 65% 1082 2068 835 96%
c t  0.30  5 14 6 6 458 2 10830 5726 2.2 19 8 2 9 65% 1078 2068 835 96%
c o  0.30  5 14 6 6 458 2 10830 5726 2.2 19 8 2 9 65% 1078 2068 835 96%
c -  0.31  5 15 6 7 612 2 11835 5181 2.2 18 8 2 9 66% 1080 2068 835 96%
c }  0.34  5 14 7 7 802 2 13391 6455 2.1 17 8 2 9 65% 1082 2068 835 96%
c [  0.34  5 24 7 7 802 1 13391 6455 2.1 19 9 4 11 78% 1082 2068 835 96%
c W  0.35  5 24 7 7 802 1 13565 6623 2.1 19 9 4 11 78% 1082 2068 835 96%
c -  0.36  5 23 7 8 803 1 14481 5503 2.1 19 9 3 10 80% 1083 2068 835 96%
c ]  0.41  5 20 8 8 804 1 17127 7572 1.9 18 9 3 10 82% 1083 2068 835 96%
c {  0.41  5 14 8 8 804 2 17127 7572 2.1 17 8 2 9 65% 1083 2068 835 96%
c -  0.42  5 14 8 9 867 2 17309 5719 2.0 17 9 2 9 66% 1083 2068 835 96%
c s  0.43  5 15 8 9 962 2 17551 5929 2.0 17 9 2 9 66% 1086 2061 835 96%
c e  0.43  5 15 8 9 962 2 17551 5929 2.0 17 9 2 9 66% 325 2498 519 60%
c
c seconds  switched  rate        size/glue tier1   binary      remaining
c        MB reductions conflicts       size  tier2   irredundant
c         level restarts    redundant    glue   trail      variables
c
c 2  0.43  5 15 8 9 962 2 17551 5929 2.0 17 9 2 9 66% 322 2498 519 60%
c s  0.43  5 15 8 9 962 2 17551 5929 2.0 17 9 2 9 66% 323 2430 519 60%
c e  0.43  5 15 8 9 962 2 17551 5929 2.0 17 9 2 9 66% 308 2444 510 58%
c ^  0.43  5 15 8 9 962 2 17551 5929 2.0 17 9 2 9 66% 308 2444 510 58%
c -  0.48  6 15 8 10 1075 2 20311 4011 2.3 20 9 2 9 70% 310 2444 510 58%
c u  0.52  6 15 8 10 1075 2 22181 5473 2.6 21 8 2 9 73% 310 2444 510 58%
c v  0.53  7 15 8 10 1075 2 22181 5420 2.6 21 8 2 9 73% 310 2444 510 58%
c w  0.53  7 15 8 10 1075 2 22181 5401 2.6 21 8 2 9 73% 310 2444 510 58%
c x  0.53  6 15 8 10 1075 2 22181 5399 2.6 21 8 2 9 73% 313 2366 510 58%
c t  0.53  6 15 8 10 1075 2 22181 5399 2.6 21 8 2 9 73% 308 2366 510 58%
c f  0.53  6 15 8 10 1075 2 22181 5399 2.6 21 8 2 9 73% 334 2309 525 60%
c u  0.54  6 15 8 10 1075 2 22181 5361 2.6 21 8 2 9 73% 334 2309 525 60%
c v  0.54  7 15 8 10 1075 2 22181 5309 2.6 21 8 2 9 73% 334 2309 525 60%
c w  0.55  7 15 8 10 1075 2 22181 5290 2.6 21 8 2 9 73% 334 2309 525 60%
c x  0.55  7 15 8 10 1075 2 22181 5290 2.6 21 8 2 9 73% 336 2279 525 60%
c t  0.57  7 15 8 10 1075 2 22181 5290 2.6 21 8 2 9 73% 335 2279 525 60%
c o  0.57  7 15 8 10 1075 2 22181 5290 2.6 21 8 2 9 73% 335 2279 525 60%
c }  0.61  7 14 9 10 1161 2 23286 6290 2.6 21 8 2 9 74% 336 2279 525 60%
c [  0.61  7 20 9 10 1161 1 23286 6290 1.9 18 9 3 10 82% 336 2279 525 60%
c O  0.61  7 20 9 10 1161 1 23286 6290 1.9 18 9 3 10 82% 336 2279 525 60%
c
c seconds  switched    rate        size/glue tier1    binary      remaining
c        MB  reductions  conflicts       size  tier2    irredundant
c         level   restarts    redundant    glue    trail      variables
c
c -  0.61  7 19 9 11 1161 1 23473 5594 1.9 18 9 3 10 82% 337 2279 525 60%
c -  0.68  6 18 9 12 1163 1 26791 6077 2.0 19 10 2 10 82% 337 2279 525 60%
c -  0.75  7 17 9 13 1166 1 30257 5823 2.0 19 10 2 9 83% 337 2279 525 60%
c ]  0.75  7 17 10 13 1166 1 30298 5848 2.0 19 10 2 9 83% 337 2279 525 60%
c {  0.75  7 14 10 13 1166 2 30298 5848 2.6 21 8 2 9 74% 337 2279 525 60%
c -  0.86  7 15 10 14 1832 2 33862 6304 2.5 21 9 2 7 77% 339 2279 525 60%
c s  0.90  7 15 10 14 2043 2 35518 7804 2.4 21 9 2 7 76% 341 2278 525 60%
c e  0.90  7 15 10 14 2043 2 35518 7804 2.4 21 9 2 7 76% 241 2425 455 52%
c s  0.90  7 15 10 14 2043 2 35518 7804 2.4 21 9 2 7 76% 242 2403 455 52%
c e  0.91  7 15 10 14 2043 2 35518 7804 2.4 21 9 2 7 76% 240 2407 453 52%
c ^  0.91  7 15 10 14 2043 2 35518 7804 2.4 21 9 2 7 76% 240 2407 453 52%
c -  0.95  6 15 10 15 2229 2 37605 4882 2.4 21 9 2 7 76% 240 2407 453 52%
c u  0.98  5 15 10 15 2397 2 38312 5021 2.4 21 9 2 7 76% 242 2407 453 52%
c v  0.98  5 15 10 15 2397 2 38312 4892 2.4 21 9 2 7 76% 242 2407 453 52%
c w  0.99  5 15 10 15 2397 2 38312 4857 2.4 21 9 2 7 76% 242 2407 453 52%
c x  0.99  5 15 10 15 2397 2 38312 4844 2.4 21 9 2 7 76% 244 2364 453 52%
c f  0.99  5 15 10 15 2397 2 38312 4844 2.4 21 9 2 7 76% 249 2350 456 52%
c u  1.00  5 15 10 15 2397 2 38312 4690 2.4 21 9 2 7 76% 249 2350 456 52%
c v  1.01  5 15 10 15 2397 2 38312 4471 2.4 21 9 2 7 76% 249 2350 456 52%
c w  1.01  5 15 10 15 2397 2 38312 4438 2.4 21 9 2 7 76% 249 2350 456 52%
c
c seconds   switched    rate        size/glue tier1   binary      remaining
c        MB   reductions  conflicts       size  tier2   irredundant
c         level    restarts    redundant    glue   trail      variables
c
c x  1.01  5 15 10 15 2397 2 38312 4438 2.4 21 9 2 7 76% 249 2350 456 52%
c }  1.03  5 15 11 15 2477 2 38926 5025 2.4 21 9 2 7 76% 249 2350 456 52%
c [  1.03  5 17 11 15 2477 1 38926 5025 2.0 19 10 2 9 83% 249 2350 456 52%
c B  1.03  5 17 11 15 2477 1 38926 5025 2.0 19 10 2 9 83% 249 2350 456 52%
c -  1.07  6 16 11 16 2479 1 41477 5200 2.0 19 10 2 9 83% 249 2350 456 52%
c -  1.14  6 16 11 17 2482 1 45477 5833 1.9 19 10 2 9 84% 249 2350 456 52%
c -  1.22  6 15 11 18 2483 1 49601 5976 1.9 18 10 2 8 85% 249 2350 456 52%
c W  1.25  6 15 11 18 2483 1 51148 7091 1.9 18 10 2 8 85% 249 2350 456 52%
c o  1.25  6 15 11 18 2483 1 51148 7091 1.9 18 10 2 8 85% 249 2350 456 52%
c -  1.28  6 15 11 19 2486 1 53844 6412 1.9 18 10 2 9 86% 249 2350 456 52%
c ]  1.28  6 15 12 19 2486 1 53867 6431 1.9 18 10 2 9 86% 249 2350 456 52%
c {  1.28  6 15 12 19 2486 2 53867 6431 2.4 21 9 2 7 76% 249 2350 456 52%
c -  1.44  7 16 12 20 3307 2 58203 7256 2.3 22 9 2 7 77% 250 2350 456 52%
c u  1.48  7 16 12 20 3431 2 59104 7462 2.3 22 9 2 7 78% 250 2350 456 52%
c v  1.49  7 16 12 20 3431 2 59104 7222 2.3 22 9 2 7 78% 250 2350 456 52%
c w  1.50  7 16 12 20 3431 2 59104 7208 2.3 22 9 2 7 78% 250 2350 456 52%
c =  1.54  7 16 12 20 3431 2 59104 7208 2.3 22 9 2 7 78% 252 2346 454 52%
c d  1.54  7 16 12 20 3431 2 59104 7203 2.3 22 9 2 7 78% 250 2346 454 52%
c u  1.55  7 16 12 20 3431 2 59104 7147 2.3 22 9 2 7 78% 250 2346 454 52%
c v  1.56  7 16 12 20 3431 2 59104 7084 2.3 22 9 2 7 78% 250 2346 454 52%
c
c seconds   switched    rate        size/glue tier1   binary      remaining
c        MB   reductions  conflicts       size  tier2   irredundant
c         level    restarts    redundant    glue   trail      variables
c
c w  1.56  7 16 12 20 3431 2 59104 7074 2.3 22 9 2 7 78% 250 2346 454 52%
c x  1.57  7 16 12 20 3431 2 59104 7071 2.3 22 9 2 7 78% 250 2342 454 52%
c -  1.67  7 16 12 21 3848 2 62676 7689 2.3 22 10 2 6 79% 245 2342 454 52%
c }  1.75  7 16 13 21 4135 2 65347 10162 2.3 22 10 2 6 79% 245 2342 454 52%
c [  1.75  7 15 13 21 4135 1 65347 10162 1.9 18 10 2 9 86% 245 2342 454 52%
c I  1.76  7 15 13 21 4135 1 66052 10855 1.9 19 10 2 9 86% 245 2342 454 52%
c -  1.78  7 15 13 22 4136 1 67258 8996 1.9 19 10 2 9 85% 245 2342 454 52%
c -  1.86  7 15 13 23 4140 1 71948 9014 1.9 18 10 2 9 84% 245 2342 454 52%
c e  1.90  7 14 13 23 4141 1 74727 11131 1.9 18 10 2 9 83% 204 2456 415 48%
c s  1.90  7 14 13 23 4141 1 74727 11131 1.9 18 10 2 9 83% 204 2445 415 48%
c ^  1.90  7 14 13 23 4141 1 74727 11131 1.9 18 10 2 9 83% 204 2445 415 48%
c -  1.94  7 14 13 24 4141 1 76743 5510 1.8 18 10 2 9 84% 204 2445 415 48%
c -  2.02  7 14 13 25 4144 1 81642 6111 1.8 18 10 2 9 84% 204 2445 415 48%
c B  2.05  6 14 13 25 4147 1 83854 7409 1.8 18 10 2 9 84% 204 2445 415 48%
c o  2.06  6 14 13 25 4147 1 83854 7409 1.8 18 10 2 9 84% 204 2445 415 48%
c u  2.08  6 14 13 25 4147 1 84697 7390 1.8 18 10 2 9 84% 205 2445 415 48%
c v  2.09  6 14 13 25 4147 1 84697 7069 1.8 18 10 2 9 84% 205 2445 415 48%
c w  2.10  6 14 13 25 4147 1 84697 5818 1.8 18 10 2 9 84% 205 2445 415 48%
c f  2.15  6 14 13 25 4147 1 84697 5818 1.8 18 10 2 9 84% 210 2425 418 48%
c u  2.16  6 14 13 25 4147 1 84697 5732 1.8 18 10 2 9 84% 210 2425 418 48%
c
c seconds   switched    rate        size/glue  tier1   binary      remaining
c        MB   reductions  conflicts       size   tier2   irredundant
c         level    restarts    redundant     glue   trail      variables
c
c v  2.18  6 14 13 25 4147 1 84697 5304 1.8 18 10 2 9 84% 210 2425 418 48%
c w  2.18  6 14 13 25 4147 1 84697 5041 1.8 18 10 2 9 84% 210 2425 418 48%
c ]  2.19  6 14 14 25 4147 1 85101 5347 1.8 18 10 2 9 85% 210 2425 418 48%
c {  2.19  6 16 14 25 4147 2 85101 5347 2.3 22 10 2 6 79% 210 2425 418 48%
c -  2.22  6 16 14 26 4272 2 86643 4948 2.3 22 10 1 6 79% 211 2425 418 48%
c -  2.34  7 16 14 27 4776 2 91742 7590 2.3 22 10 1 6 79% 211 2425 418 48%
c -  2.48  7 16 14 28 5094 2 96938 9630 2.3 22 10 1 6 79% 211 2425 418 48%
c }  2.54  7 16 15 28 5094 2 99817 12441 2.4 23 9 1 6 80% 211 2425 418 48%
c [  2.54  7 14 15 28 5094 1 99817 12441 1.8 18 10 2 9 85% 211 2425 418 48%
c -  2.60  8 14 15 29 5096 1 102229 11482 1.8 18 10 2 9 85% 211 2425 418 48%
c W  2.65  7 14 15 29 5097 1 104765 13642 1.8 18 10 2 9 85% 211 2425 418 48%
c -  2.71  7 14 15 30 5099 1 107615 10822 1.8 18 10 2 9 85% 211 2425 418 48%
c -  2.81  7 14 15 31 5101 1 113093 8473 1.8 18 10 2 8 85% 211 2425 418 48%
c u  2.85  8 14 15 31 5103 1 115177 9217 1.8 18 10 2 8 86% 212 2425 418 48%
c v  2.86  8 14 15 31 5103 1 115177 8947 1.8 18 10 2 8 86% 212 2425 418 48%
c w  2.87  8 14 15 31 5103 1 115177 8015 1.8 18 10 2 8 86% 212 2425 418 48%
c x  2.87  8 14 15 31 5103 1 115177 8014 1.8 18 10 2 8 86% 212 2402 418 48%
c -  2.94  6 14 15 32 5106 1 118660 6587 1.8 18 10 2 8 86% 212 2402 418 48%
c ]  2.94  6 14 16 32 5106 1 118690 6604 1.8 18 10 2 8 86% 212 2402 418 48%
c {  2.94  6 16 16 32 5106 2 118690 6604 2.4 23 9 1 6 80% 212 2402 418 48%
c
c seconds   switched    rate          size/glue  tier1   binary      remaining
c        MB   reductions  conflicts         size   tier2   irredundant
c         level    restarts      redundant     glue   trail      variables
c
c o  3.08  7 16 16 32 6132 2 123908 10865 2.3 23 10 1 6 80% 213 2402 418 48%
c -  3.10  7 16 16 33 6239 2 124317 8074 2.3 23 10 1 6 80% 213 2402 418 48%
c -  3.24  7 16 16 34 6826 2 130061 9951 2.3 23 10 1 6 81% 213 2402 418 48%
c -  3.43  7 16 16 35 7797 2 135892 11048 2.3 23 10 1 5 82% 213 2402 418 48%
c }  3.46  7 16 17 35 7828 2 137027 11840 2.3 23 10 1 5 82% 213 2402 418 48%
c [  3.46  7 14 17 35 7828 1 137027 11840 1.8 18 10 2 8 86% 213 2402 418 48%
c O  3.46  7 14 17 35 7828 1 137027 11840 1.8 18 10 2 8 86% 213 2402 418 48%
c e  3.49  8 14 17 35 7828 1 137874 12403 1.8 18 10 2 8 86% 154 2576 381 44%
c s  3.49  8 14 17 35 7828 1 137874 12403 1.8 18 10 2 8 86% 156 2525 381 44%
c e  3.49  8 14 17 35 7828 1 137874 12403 1.8 18 10 2 8 86% 153 2535 379 43%
c ^  3.49  8 14 17 35 7828 1 137874 12403 1.8 18 10 2 8 86% 153 2535 379 43%
c -  3.59  7 14 17 36 7831 1 141808 8253 1.8 18 10 2 8 86% 153 2535 379 43%
c -  3.72  7 14 17 37 7834 1 147809 7814 1.7 18 10 2 8 86% 153 2535 379 43%
c u  3.79  8 14 17 37 7836 1 150846 9226 1.7 18 10 2 8 87% 153 2535 379 43%
c v  3.82  8 14 17 37 7836 1 150846 8470 1.7 18 10 2 8 87% 153 2535 379 43%
c w  3.83  8 14 17 37 7836 1 150846 7106 1.7 18 10 2 8 87% 153 2535 379 43%
c t  3.94  8 14 17 37 7836 1 150846 7106 1.7 18 10 2 8 87% 152 2535 379 43%
c -  4.00  6 13 17 38 7838 1 153892 6171 1.7 18 10 2 8 87% 152 2534 379 43%
c -  4.11  7 13 17 39 7841 1 160058 7069 1.7 17 10 2 8 87% 152 2533 379 43%
c ]  4.16  7 13 18 39 7842 1 162616 8417 1.7 17 10 2 8 87% 152 2533 379 43%
c
c seconds   switched    rate         size/glue  tier1   binary      remaining
c        MB   reductions  conflicts        size   tier2   irredundant
c         level    restarts     redundant     glue   trail      variables
c
c {  4.16  7 16 18 39 7842 2 162616 8417 2.3 23 10 1 5 82% 152 2533 379 43%
c -  4.25  7 16 18 40 7892 2 166303 7957 2.3 23 10 1 5 82% 153 2533 379 43%
c -  4.48  7 15 18 41 7897 2 172627 11124 2.4 23 10 1 5 83% 153 2533 379 43%
c -  4.69  8 15 18 42 7905 2 179030 14113 2.5 23 9 1 5 84% 153 2533 379 43%
c }  4.88  8 14 19 42 7909 2 184961 19406 2.6 24 9 1 5 85% 153 2533 379 43%
c [  4.88  8 13 19 42 7909 1 184961 19406 1.7 17 10 2 8 87% 153 2533 379 43%
c B  4.88  8 13 19 42 7909 1 184961 19406 1.7 17 10 2 8 87% 153 2533 379 43%
c o  4.88  8 13 19 42 7909 1 184961 19406 1.7 17 10 2 8 87% 153 2533 379 43%
c -  4.90  9 13 19 43 7909 1 185511 15429 1.7 17 10 2 8 87% 153 2533 379 43%
c u  5.04  9 13 19 43 7914 1 191581 18746 1.7 17 10 2 8 87% 153 2533 379 43%
c v  5.07 10 13 19 43 7914 1 191581 18566 1.7 17 10 2 8 87% 153 2533 379 43%
c w  5.08 10 13 19 43 7914 1 191581 18055 1.7 17 10 2 8 87% 153 2533 379 43%
c x  5.10 10 13 19 43 7914 1 191581 18052 1.7 17 10 2 8 87% 153 2488 379 43%
c t  5.10 10 13 19 43 7914 1 191581 18052 1.7 17 10 2 8 87% 152 2488 379 43%
c -  5.11  8 13 19 44 7914 1 192069 12473 1.7 17 10 2 8 87% 152 2488 379 43%
c -  5.24  7 13 19 45 7917 1 198702 9632 1.7 17 10 2 8 87% 152 2488 379 43%
c -  5.36  7 13 19 46 7921 1 205410 9304 1.7 17 10 2 8 87% 152 2488 379 43%
c -  5.49  7 13 19 47 7923 1 212192 9090 1.7 17 10 2 8 87% 152 2488 379 43%
c W  5.56  6 13 19 47 7923 1 216411 11427 1.7 17 10 2 8 87% 152 2488 379 43%
c -  5.61  6 13 19 48 7925 1 219049 9489 1.7 16 10 2 8 87% 152 2488 379 43%
c
c seconds   switched    rate          size/glue  tier1   binary      remaining
c        MB   reductions  conflicts         size   tier2   irredundant
c         level    restarts      redundant     glue   trail      variables
c
c ]  5.75  7 13 20 48 7929 1 225862 13841 1.7 16 10 2 8 87% 152 2488 379 43%
c {  5.75  7 14 20 48 7929 2 225862 13841 2.6 24 9 1 5 85% 152 2488 379 43%
c -  5.75  7 14 20 49 7929 2 225978 9579 2.6 24 9 1 5 85% 152 2488 379 43%
c s  5.78  7 14 20 49 7937 2 227382 10582 2.6 24 9 1 5 85% 152 2487 379 43%
c e  5.78  7 14 20 49 7937 2 227382 10582 2.6 24 9 1 5 85% 106 2843 328 38%
c s  5.78  7 14 20 49 7937 2 227382 10582 2.6 24 9 1 5 85% 107 2762 328 38%
c e  5.78  7 14 20 49 7937 2 227382 10582 2.6 24 9 1 5 85% 104 2786 325 37%
c ^  5.78  7 14 20 49 7937 2 227382 10582 2.6 24 9 1 5 85% 104 2786 325 37%
c -  5.92  7 14 20 50 8764 2 232979 7734 2.5 23 9 1 5 85% 105 2786 325 37%
c u  6.06  6 14 20 50 9783 2 237830 11073 2.5 23 9 1 5 85% 106 2786 325 37%
c v  6.08  8 14 20 50 9783 2 237830 10380 2.5 23 9 1 5 85% 106 2786 325 37%
c w  6.09  8 14 20 50 9783 2 237830 9390 2.5 23 9 1 5 85% 106 2786 325 37%
c x  6.10  8 14 20 50 9783 2 237830 9387 2.5 23 9 1 5 85% 106 2676 325 37%
c t  6.10  8 14 20 50 9783 2 237830 9387 2.5 23 9 1 5 85% 102 2676 325 37%
c -  6.15  7 14 20 51 9783 2 240052 7951 2.4 23 9 1 5 85% 102 2676 325 37%
c i  6.29  7 14 20 51 9783 2 246989 11495 2.4 22 9 1 5 86% 116 2676 324 37%
c o  6.29  7 14 20 51 9783 2 246989 11495 2.4 22 9 1 5 86% 116 2676 324 37%
c -  6.30  7 14 20 52 9783 2 247194 6054 2.4 22 9 1 5 86%  99 2676 324 37%
c }  6.44  7 14 21 52 10545 2 252602 10427 2.4 22 9 1 5 86%  99 2676 324 37%
c [  6.44  7 13 21 52 10545 1 252602 10427 1.7 16 10 2 8 87%  99 2676 324 37%
c
c seconds   switched     rate          size/glue  tier1   binary      remaining
c        MB   reductions   conflicts         size   tier2   irredundant
c         level    restarts       redundant     glue   trail      variables
c
c I  6.44  7 13 21 52 10545 1 252602 10427 1.7 16 10 2 8 87%  99 2676 324 37%
c -  6.46  7 13 21 53 10546 1 254406 8488 1.7 16 10 2 8 87%  99 2676 324 37%
c -  6.59  7 13 21 54 10551 1 261686 9415 1.6 16 10 2 8 87%  99 2676 324 37%
c -  6.73  7 13 21 55 10554 1 269036 8460 1.6 16 10 2 8 88%  99 2676 324 37%
c -  6.87  7 12 21 56 10558 1 276453 8952 1.6 16 10 2 8 88%  99 2676 324 37%
c -  7.02  7 12 21 57 10559 1 283936 9298 1.6 16 10 2 8 88%  99 2676 324 37%
c ]  7.05  7 12 22 57 10559 1 285115 9860 1.6 16 10 2 8 88%  99 2676 324 37%
c {  7.05  7 14 22 57 10559 2 285115 9860 2.4 22 9 1 5 86%  99 2676 324 37%
c u  7.14  8 13 22 57 10568 2 289172 12066 2.3 21 9 1 5 86%  99 2671 324 37%
c v  7.16  8 13 22 57 10568 2 289172 11096 2.3 21 9 1 5 86%  99 2671 324 37%
c w  7.17  8 13 22 57 10568 2 289172 8501 2.3 21 9 1 5 86%  99 2671 324 37%
c x  7.17  7 13 22 57 10568 2 289172 8499 2.3 21 9 1 5 86% 101 2662 324 37%
c -  7.22  7 13 22 58 10720 2 291485 7838 2.3 21 9 1 5 86% 101 2662 324 37%
c -  7.35  7 13 22 59 11016 2 299101 9779 2.2 20 9 1 5 87% 101 2662 324 37%
c -  7.49  7 13 22 60 11062 2 306782 10757 2.2 20 9 1 5 87% 101 2662 324 37%
c -  7.69  8 13 22 61 11310 2 314527 13815 2.2 20 9 1 5 87% 103 2662 324 37%
c }  7.74  8 13 23 61 11468 2 316631 15201 2.2 20 9 1 5 87% 103 2662 324 37%
c [  7.74  8 12 23 61 11468 1 316631 15201 1.6 16 10 2 8 88% 103 2662 324 37%
c B  7.74  8 12 23 61 11468 1 316631 15201 1.6 16 10 2 8 88% 103 2662 324 37%
c -  7.87  8 12 23 62 11472 1 322337 13614 1.6 16 10 2 8 88% 103 2662 324 37%
c
c seconds   switched     rate          size/glue  tier1   binary      remaining
c        MB   reductions   conflicts         size   tier2   irredundant
c         level    restarts       redundant     glue   trail      variables
c
c -  8.04  8 12 23 63 11476 1 330212 10493 1.6 16 10 2 7 88% 103 2662 324 37%
c -  8.20  8 12 23 64 11481 1 338149 9358 1.6 16 10 2 7 88% 103 2662 324 37%
c s  8.34  8 12 23 64 11482 1 344421 12890 1.6 16 10 2 7 88% 103 2648 324 37%
c e  8.35  8 12 23 64 11482 1 344421 12890 1.6 16 10 2 7 88%  58 3266 276 32%
c s  8.35  8 12 23 64 11482 1 344421 12890 1.6 16 10 2 7 88%  58 3139 276 32%
c e  8.35  8 12 23 64 11482 1 344421 12890 1.6 16 10 2 7 88%  53 3184 273 31%
c !  8.35  8 12 23 64 11482 1 344421 12890 1.6 16 10 2 7 88%  53 3184 273 31%
c o  8.35  8 12 23 64 11482 1 344421 7020 1.6 16 10 2 7 88%  53 3184 273 31%
c ]  8.38  8 12 24 64 11482 1 346080 8018 1.6 16 10 2 7 88%  53 3184 273 31%
c {  8.38  8 13 24 64 11482 2 346080 8018 2.2 20 9 1 5 87%  53 3184 273 31%
c u  8.38  8 13 24 64 11486 2 346125 7750 2.2 20 9 1 5 87%  53 3184 273 31%
c v  8.41  8 13 24 64 11486 2 346125 6414 2.2 20 9 1 5 87%  53 3184 273 31%
c w  8.42  8 13 24 64 11486 2 346125 4756 2.2 20 9 1 5 87%  53 3184 273 31%
c x  8.43  8 13 24 64 11486 2 346125 4749 2.2 20 9 1 5 87%  53 3049 273 31%
c f  8.50  7 13 24 64 11486 2 346125 4749 2.2 20 9 1 5 87%  54 3029 274 31%
c u  8.50  7 13 24 64 11486 2 346125 4695 2.2 20 9 1 5 87%  54 3029 274 31%
c v  8.52  7 13 24 64 11486 2 346125 4282 2.2 20 9 1 5 87%  54 3029 274 31%
c w  8.55  8 13 24 64 11486 2 346125 3801 2.2 20 9 1 5 87%  54 3029 274 31%
c x  8.55  8 13 24 64 11486 2 346125 3801 2.2 20 9 1 5 87%  54 3002 274 31%
c -  8.55  6 13 24 65 11491 2 346150 2798 2.2 20 9 1 5 87%  54 3002 274 31%
c
c seconds   switched     rate         size/glue tier1   binary      remaining
c        MB   reductions   conflicts        size  tier2   irredundant
c         level    restarts      redundant    glue   trail      variables
c
c -  8.67  7 13 24 66 11750 2 354213 7549 2.2 19 9 1 5 84%  54 3002 274 31%
c -  8.85  7 13 24 67 12745 2 362339 10137 2.1 19 9 1 5 84%  54 3002 274 31%
c -  9.05  8 13 24 68 13492 2 370524 11300 2.2 19 9 1 5 85%  54 3002 274 31%
c -  9.29  8 13 24 69 14313 2 378772 13060 2.1 19 9 1 5 84%  54 3002 274 31%
c }  9.41  8 13 25 69 14325 2 382757 16291 2.2 19 9 1 5 84%  55 3002 274 31%
c [  9.41  8 12 25 69 14325 1 382757 16291 1.6 16 10 2 7 88%  55 3002 274 31%
c W  9.41  7 12 25 69 14325 1 382757 16291 1.6 16 10 2 7 88%  55 3002 274 31%
c -  9.49  8 12 25 70 14328 1 387078 13768 1.6 16 10 2 7 88%  55 3002 274 31%
c -  9.67  8 12 25 71 14332 1 395445 12301 1.6 16 10 2 7 88%  55 3002 274 31%
c -  9.85  8 12 25 72 14338 1 403874 10435 1.6 16 10 2 7 88%  55 3002 274 31%
c u  9.94  8 12 25 72 14339 1 407736 11942 1.6 16 10 2 7 88%  55 3002 274 31%
c v  9.97  8 12 25 72 14339 1 407736 11101 1.6 16 10 2 7 88%  55 3002 274 31%
c w  9.98  8 12 25 72 14339 1 407736 8963 1.6 16 10 2 7 88%  55 3002 274 31%
c x  9.99  8 12 25 72 14339 1 407736 8960 1.6 16 10 2 7 88%  57 2986 274 31%
c - 10.09  8 12 25 73 14339 1 412362 7929 1.6 15 10 2 7 88%  57 2986 274 31%
c - 10.24  8 12 25 74 14344 1 420906 8659 1.6 15 10 2 7 89%  58 2986 274 31%
c - 10.37  8 12 25 75 14348 1 429508 9242 1.6 15 10 2 7 89%  58 2986 274 31%
c ] 10.38  8 12 26 75 14349 1 430088 9593 1.6 15 10 2 7 89%  58 2986 274 31%
c { 10.38  8 13 26 75 14349 2 430088 9593 2.2 19 9 1 5 84%  58 2986 274 31%
c o 10.45  8 13 26 75 14351 2 433995 11666 2.1 19 9 1 5 84%  59 2986 274 31%
c
c seconds   switched     rate          size/glue tier1   binary      remaining
c        MB   reductions   conflicts         size  tier2   irredundant
c         level    restarts       redundant    glue   trail      variables
c
c - 10.53  8 13 26 76 14730 2 438169 10180 2.1 19 9 1 5 85%  59 2986 274 31%
c - 10.71  8 12 26 77 14753 1 446886 11957 2.1 18 9 1 5 85%  60 2986 274 31%
c i 10.82  8 12 26 77 14756 1 452767 15198 2.1 18 9 1 5 85%  69 2986 273 31%
c - 10.90  8 12 26 78 14756 1 455661 8905 2.1 18 8 1 5 85%  64 2986 273 31%
c - 11.10  8 12 26 79 15633 1 464492 11646 2.1 18 9 1 5 86%  65 2986 273 31%
c } 11.30  8 12 27 79 16262 1 472307 17010 2.1 18 9 1 5 86%  65 2986 273 31%
c [ 11.30  8 12 27 79 16262 1 472307 17010 1.6 15 10 2 7 89%  65 2986 273 31%
c O 11.30  8 12 27 79 16262 1 472307 17010 1.6 15 10 2 7 89%  65 2986 273 31%
c - 11.33  8 12 27 80 16263 1 473381 13137 1.6 15 10 2 7 89%  65 2986 273 31%
c u 11.39  8 12 27 80 16264 1 475081 13230 1.6 15 10 2 7 89%  69 2799 273 31%
c v 11.41  8 12 27 80 16264 1 475081 12572 1.6 15 10 2 7 89%  69 2799 273 31%
c w 11.43  8 12 27 80 16264 1 475081 12370 1.6 15 10 2 7 89%  69 2799 273 31%
c x 11.44  8 12 27 80 16264 1 475081 12356 1.6 15 10 2 7 89%  76 2707 273 31%
c d 11.44  8 12 27 80 16264 1 475081 12356 1.6 15 10 2 7 89%  74 2707 272 31%
c t 11.44  8 12 27 80 16264 1 475081 12356 1.6 15 10 2 7 89%  70 2707 272 31%
c u 11.45  8 12 27 80 16264 1 475081 12122 1.6 15 10 2 7 89%  73 2707 272 31%
c v 11.49  8 12 27 80 16264 1 475081 11429 1.6 15 10 2 7 89%  74 2707 272 31%
c w 11.50  8 12 27 80 16264 1 475081 11297 1.6 15 10 2 7 89%  74 2707 272 31%
c x 11.51  8 12 27 80 16264 1 475081 11296 1.6 15 10 2 7 89%  74 2674 272 31%
c t 11.51  8 12 27 80 16264 1 475081 11296 1.6 15 10 2 7 89%  73 2674 272 31%
c
c seconds   switched     rate          size/glue  tier1   binary      remaining
c        MB   reductions   conflicts         size   tier2   irredundant
c         level    restarts       redundant     glue   trail      variables
c
c - 11.66  8 12 27 81 16268 1 482325 11122 1.6 15 10 2 7 89%  73 2674 272 31%
c s 11.80  8 12 27 81 16272 1 489513 14660 1.6 15 9 2 7 89%  74 2668 272 31%
c e 11.80  8 12 27 81 16272 1 489513 14660 1.6 15 9 2 7 89%  61 2842 254 29%
c s 11.80  8 12 27 81 16272 1 489513 14660 1.6 15 9 2 7 89%  62 2758 254 29%
c e 11.80  8 12 27 81 16272 1 489513 14660 1.6 15 9 2 7 89%  60 2779 252 29%
c - 11.83  7 12 27 82 16274 1 491325 5198 1.6 15 9 1 7 89%  60 2779 252 29%
c - 11.98  7 11 27 83 16276 1 500380 8060 1.6 15 9 1 7 89%  61 2779 252 29%
c - 12.13  7 11 27 84 16280 1 509491 10437 1.6 14 9 1 7 89%  64 2779 252 29%
c i 12.15  7 11 27 84 16281 1 510707 11005 1.6 14 9 1 7 89%  75 2779 250 29%
c - 12.29  7 11 27 85 16285 1 518657 7484 1.6 14 9 1 7 89%  61 2779 250 29%
c ] 12.37  7 11 28 85 16288 1 523434 9877 1.6 14 9 1 7 89%  63 2779 250 29%
c { 12.37  7 12 28 85 16288 1 523434 9877 2.1 18 9 1 5 86%  63 2779 250 29%
c i 12.41  7 12 28 85 16288 1 525997 11157 2.0 17 8 1 5 86%  75 2779 248 28%
c o 12.41  7 12 28 85 16288 1 525997 11157 2.0 17 8 1 5 86%  75 2779 248 28%
c - 12.45  7 12 28 86 16288 1 527876 5299 2.1 17 8 1 5 86%  71 2779 248 28%
c i 12.52  7 12 28 86 16288 1 532441 8077 2.1 17 8 1 5 86%  85 2779 233 27%
c i 12.53  7 12 28 86 16288 1 533019 8481 2.1 17 8 1 5 86%  96 2779 190 22%
c i 12.53  7 12 28 86 16288 1 533043 8488 2.1 17 8 1 5 86%  99 2778 175 20%
c i 12.53  7 12 28 86 16288 1 533051 8489 2.1 17 8 1 5 86% 103 2777 145 17%
c } 12.53  7 12 28 86 16288 1 533062 8489 2.1 17 8 1 5 86% 105 2777 119 14%
c
c seconds   switched     rate         size/glue tier1   binary      remaining
c        MB   reductions   conflicts        size  tier2   irredundant
c         level    restarts      redundant    glue   trail      variables
c
c 0 12.53  7 12 28 86 16288 1 533062 8489 2.1 17 8 1 5 86% 105 2777 119 14%
c
c ---- [ result ] ------------------------------------------------------------
c
s UNSATISFIABLE
c
c ---- [ profiling ] ---------------------------------------------------------
c
c          11.34   90.47 %  search
c           5.69   45.38 %  focused
c           5.65   45.09 %  stable
c           1.17    9.35 %  simplify
c           1.15    9.16 %  probe
c           0.75    6.00 %  vivify
c           0.35    2.78 %  sweep
c           0.10    0.80 %  reduce
c           0.03    0.24 %  eliminate
c           0.02    0.18 %  substitute
c           0.02    0.17 %  preprocess
c           0.02    0.13 %  factor
c           0.01    0.12 %  walking
c           0.01    0.04 %  subsume
c           0.01    0.04 %  congruence
c           0.00    0.01 %  transitive
c           0.00    0.01 %  backbone
c           0.00    0.00 %  lucky
c           0.00    0.00 %  parse
c =============================================
c          12.53  100.00 %  total
c
c ---- [ statistics ] --------------------------------------------------------
c
c conflicts:                           533062            42522.23 per second
c congruent:                               34                4 %  variables
c decisions:                           694588                1.30 per conflict
c eliminated:                             600               69 %  variables
c factored:                                46                5 %  variables
c iterations:                               9                1 %  variables
c propagations:                      60293543          4809602    per second
c reductions:                              86             6198    interval
c reordered:                               10            53306    interval
c rephased:                                18            29615    interval
c restarts:                             16288               33    interval
c strengthened:                           821                0 %  checks
c substituted:                             60                7 %  variables
c subsumed:                               465                0 %  checks
c switched:                                28            19038    interval
c vivified:                             43349               40 %  checks
c walks:                                    6            88844    interval
c
c ---- [ glue usage ] --------------------------------------------------------
c
c focused glue 1 used 1774613 clauses 55.71% accumulated 55.71% tier1
c focused glue 2 used  692882 clauses 21.75% accumulated 77.46%
c focused glue 3 used  271087 clauses  8.51% accumulated 85.97%
c focused glue 4 used  120416 clauses  3.78% accumulated 89.75%
c focused glue 5 used   72937 clauses  2.29% accumulated 92.04% tier2
c
c stable glue 1   used 1828017 clauses 50.40% accumulated 50.40% tier1
c stable glue 2   used  712247 clauses 19.64% accumulated 70.04%
c stable glue 3-5 used  614900 clauses 16.95% accumulated 87.00%
c stable glue 6   used   93152 clauses  2.57% accumulated 89.57%
c stable glue 7   used   78291 clauses  2.16% accumulated 91.72% tier2
c
c ---- [ resources ] ---------------------------------------------------------
c
c maximum-resident-set-size:        423305216 bytes        404 MB
c process-time:                            13s              12.53 seconds
c
c ---- [ shutting down ] -----------------------------------------------------
c
c exit 20
