c ---- [ banner ] ------------------------------------------------------------
c
c Kissat SAT Solver
c 
c Copyright (c) 2021-2024 Armin Biere University of Freiburg
c Copyright (c) 2019-2021 Armin Biere Johannes Kepler University Linz
c 
c Version 4.0.4 8af8e56f174b778aef3aa45af9f739b2a5f492c2
c gcc (GCC) 15.2.1 20260123 (Red Hat 15.2.1-7) -W -Wall -O3 -DNDEBUG
c Thu Apr 23 06:47:51 PM IST 2026 Linux krishnendu-LN 6.19.12-200.fc43.x86_64 x86_64
c
c ---- [ parsing ] -----------------------------------------------------------
c
c opened and reading DIMACS file:
c
c   /home/krishnendu/Research/fv-invariant-mining/data/circuits/cnf/miter_mult_11bit.cnf
c
c parsed 'p cnf 1368 5184' header
c closing input after reading 82324 bytes (80 KB)
c finished parsing after 0.00 seconds
c
c ---- [ options ] -----------------------------------------------------------
c
c --decay=40                       (different from default '50')
c --eliminateeffort=1600           (different from default '100')
c --stable=2                       (different from default '1')
c
c ---- [ solving ] -----------------------------------------------------------
c
c seconds switched rate     size/glue tier1  binary       remaining
c        MB reductions conflicts size  tier2   irredundant
c         level restarts redundant glue  trail       variables
c
c *  0.00  3 0 0 0  0 0   0   0 0.0 0 0 0 0 0% 1797 3385 1365 100%
c (  0.00  3 0 0 0  0 0   0   0 0.0 0 0 0 0 0% 1797 3385 1365 100%
c .  0.00  3 0 0 0  0 0   0   0 0.0 0 0 0 0 0% 1793 3385 1365 100%
c c  0.00  4 0 0 0  0 0   0   0 0.0 0 0 0 0 0% 1876 3383 1312 96%
c d  0.00  4 0 0 0  0 0   0   0 0.0 0 0 0 0 0% 1688 3383 1312 96%
c =  0.02  4 0 0 0  0 0   0   0 0.0 0 0 0 0 0% 1698 3373 1306 96%
c d  0.02  4 0 0 0  0 0   0   0 0.0 0 0 0 0 0% 1684 3373 1306 96%
c f  0.02  4 0 0 0  0 0   0   0 0.0 0 0 0 0 0% 1653 3352 1334 98%
c )  0.02  4 0 0 0  0 0   0   0 0.0 0 0 0 0 0% 1653 3352 1334 98%
c [  0.02  4 0 0 0  0 0   0   0 0.0 0 0 2 6 0% 1653 3352 1334 98%
c -  0.06  4 20 0 1  0 1 1000 770 3.3 31 10 5 12 89% 1660 3352 1334 98%
c B  0.06  4 20 0 1  0 1 1001 771 3.3 31 10 5 12 89% 1660 3352 1334 98%
c -  0.10  5 18 0 2  1 1 2000 1314 2.6 29 11 4 13 86% 1660 3352 1334 98%
c W  0.10  4 18 0 2  1 1 2002 1315 2.6 29 11 4 13 86% 1660 3352 1334 98%
c u  0.16  5 17 0 2  2 1 3262 2087 2.3 27 12 3 13 85% 1667 3352 1334 98%
c v  0.16  5 17 0 2  2 1 3262 1973 2.3 27 12 3 13 85% 1667 3352 1334 98%
c w  0.16  5 17 0 2  2 1 3262 1915 2.3 27 12 3 13 85% 1667 3352 1334 98%
c x  0.17  5 17 0 2  2 1 3262 1915 2.3 27 12 3 13 85% 1684 3300 1334 98%
c =  0.18  5 17 0 2  2 1 3262 1915 2.3 27 12 3 13 85% 1708 3296 1322 97%
c d  0.19  5 17 0 2  2 1 3262 1915 2.3 27 12 3 13 85% 1671 3296 1322 97%
c
c seconds  switched rate       size/glue  tier1     binary       remaining
c        MB reductions conflicts     size   tier2     irredundant
c         level restarts  redundant     glue    trail       variables
c
c t  0.19  5 17 0 2  2 1 3262 1915 2.3 27 12 3 13 85% 1663 3296 1322 97%
c f  0.19  5 17 0 2  2 1 3262 1915 2.3 27 12 3 13 85% 1661 3296 1324 97%
c u  0.19  5 17 0 2  2 1 3262 1908 2.3 27 12 3 13 85% 1661 3296 1324 97%
c v  0.19  5 17 0 2  2 1 3262 1873 2.3 27 12 3 13 85% 1661 3296 1324 97%
c w  0.20  5 17 0 2  2 1 3262 1805 2.3 27 12 3 13 85% 1661 3296 1324 97%
c x  0.20  5 17 0 2  2 1 3262 1805 2.3 27 12 3 13 85% 1662 3293 1324 97%
c =  0.22  5 17 0 2  2 1 3262 1805 2.3 27 12 3 13 85% 1686 3293 1312 96%
c d  0.22  5 17 0 2  2 1 3262 1805 2.3 27 12 3 13 85% 1650 3293 1312 96%
c -  0.22  5 17 0 3  2 1 3414 1496 2.4 28 12 3 13 86% 1650 3293 1312 96%
c I  0.26  5 17 0 3  3 1 4261 2121 2.3 27 12 3 13 84% 1652 3293 1312 96%
c -  0.27  6 18 0 4  3 1 5147 2220 2.2 27 12 4 13 85% 1654 3293 1312 96%
c -  0.32  6 18 0 5  5 1 7147 3071 2.2 26 12 4 14 86% 1657 3293 1312 96%
c B  0.34  6 18 0 5  5 1 8035 3885 2.1 26 12 4 14 86% 1657 3293 1312 96%
c -  0.37  6 18 0 6  6 1 9383 3913 2.1 26 12 4 14 86% 1658 3293 1312 96%
c u  0.39  5 18 0 6  6 1 10057 4398 2.1 26 13 4 14 86% 1666 3293 1312 96%
c v  0.40  5 18 0 6  6 1 10057 4212 2.1 26 13 4 14 86% 1666 3293 1312 96%
c w  0.41  5 18 0 6  6 1 10057 4179 2.1 26 13 4 14 86% 1666 3293 1312 96%
c t  0.43  5 18 0 6  6 1 10057 4179 2.1 26 13 4 14 86% 1663 3293 1312 96%
c o  0.43  5 18 0 6  6 1 10057 4179 2.1 26 13 4 14 86% 1663 3293 1312 96%
c -  0.47  6 18 0 7  6 1 11833 4187 2.1 26 13 4 14 87% 1664 3293 1312 96%
c
c seconds  switched rate        size/glue  tier1     binary       remaining
c        MB reductions conflicts      size   tier2     irredundant
c         level restarts   redundant     glue    trail       variables
c
c W  0.52  6 18 0 7  8 1 13565 5285 2.0 26 13 4 14 88% 1664 3293 1312 96%
c -  0.54  6 18 0 8  9 1 14479 4247 2.0 26 13 5 14 88% 1666 3293 1312 96%
c s  0.59  6 18 0 8  9 1 16300 5670 2.0 25 13 5 14 88% 1668 3286 1312 96%
c e  0.59  6 18 0 8  9 1 16300 5670 2.0 25 13 5 14 88% 459 3990 804 59%
c s  0.59  6 18 0 8  9 1 16300 5670 2.0 25 13 5 14 88% 466 3897 804 59%
c e  0.59  6 18 0 8  9 1 16300 5670 2.0 25 13 5 14 88% 444 3915 793 58%
c ^  0.59  6 18 0 8  9 1 16300 5670 2.0 25 13 5 14 88% 444 3915 793 58%
c -  0.61  6 18 0 9 10 1 17307 2031 1.9 25 13 4 14 88% 444 3915 793 58%
c -  0.68  6 18 0 10 12 1 20308 3210 1.9 25 13 4 14 88% 444 3915 793 58%
c u  0.69  6 18 0 10 13 1 20606 3343 1.9 25 13 4 14 88% 445 3915 793 58%
c v  0.69  6 18 0 10 13 1 20606 3165 1.9 25 13 4 14 88% 445 3915 793 58%
c w  0.70  7 18 0 10 13 1 20606 2765 1.9 25 13 4 14 88% 445 3915 793 58%
c x  0.71  6 18 0 10 13 1 20606 2765 1.9 25 13 4 14 88% 449 3747 793 58%
c t  0.71  6 18 0 10 13 1 20606 2765 1.9 25 13 4 14 88% 444 3747 793 58%
c f  0.71  6 18 0 10 13 1 20606 2765 1.9 25 13 4 14 88% 480 3667 814 60%
c u  0.71  6 18 0 10 13 1 20606 2756 1.9 25 13 4 14 88% 480 3667 814 60%
c v  0.71  6 18 0 10 13 1 20606 2708 1.9 25 13 4 14 88% 480 3667 814 60%
c w  0.72  6 18 0 10 13 1 20606 2519 1.9 25 13 4 14 88% 480 3667 814 60%
c x  0.73  6 18 0 10 13 1 20606 2519 1.9 25 13 4 14 88% 480 3666 814 60%
c o  0.74  6 18 0 10 13 1 20606 2519 1.9 25 13 4 14 88% 480 3666 814 60%
c
c seconds  switched  rate        size/glue  tier1    binary      remaining
c        MB  reductions conflicts      size   tier2    irredundant
c         level  restarts   redundant     glue    trail      variables
c
c O  0.75  6 18 0 10 13 1 21093 2871 1.9 25 13 4 14 88% 481 3666 814 60%
c -  0.81  6 18 0 11 13 1 23470 3398 1.9 25 13 4 14 88% 482 3666 814 60%
c -  0.92  6 18 0 12 14 1 26787 4250 1.9 25 13 3 14 88% 482 3666 814 60%
c -  1.01  7 18 0 13 14 1 30251 4549 1.9 24 13 3 13 88% 483 3666 814 60%
c B  1.03  7 18 0 13 14 1 30854 4941 1.9 24 13 3 13 88% 483 3666 814 60%
c e  1.08  7 18 0 13 15 1 32960 6507 1.8 24 13 3 13 88% 385 3846 719 53%
c s  1.08  7 18 0 13 15 1 32960 6507 1.8 24 13 3 13 88% 389 3809 719 53%
c e  1.08  7 18 0 13 15 1 32960 6507 1.8 24 13 3 13 88% 383 3819 715 52%
c ^  1.08  7 18 0 13 15 1 32960 6507 1.8 24 13 3 13 88% 383 3819 715 52%
c -  1.10  7 18 0 14 15 1 33857 3117 1.8 24 13 3 13 88% 383 3819 715 52%
c u  1.14  6 18 0 14 17 1 35553 4433 1.8 24 13 3 13 88% 383 3819 715 52%
c v  1.14  6 18 0 14 17 1 35553 4149 1.8 24 13 3 13 88% 383 3819 715 52%
c w  1.16  6 18 0 14 17 1 35553 3861 1.8 24 13 3 13 88% 383 3819 715 52%
c t  1.16  6 18 0 14 17 1 35553 3861 1.8 24 13 3 13 88% 380 3819 715 52%
c f  1.16  6 18 0 14 17 1 35553 3861 1.8 24 13 3 13 88% 398 3780 722 53%
c u  1.17  6 18 0 14 17 1 35553 3848 1.8 24 13 3 13 88% 398 3780 722 53%
c v  1.17  6 18 0 14 17 1 35553 3774 1.8 24 13 3 13 88% 398 3780 722 53%
c w  1.18  7 18 0 14 17 1 35553 3579 1.8 24 13 3 13 88% 398 3780 722 53%
c x  1.19  6 18 0 14 17 1 35553 3578 1.8 24 13 3 13 88% 402 3735 722 53%
c t  1.19  6 18 0 14 17 1 35553 3578 1.8 24 13 3 13 88% 401 3735 722 53%
c
c seconds  switched  rate        size/glue  tier1    binary      remaining
c        MB  reductions conflicts      size   tier2    irredundant
c         level  restarts   redundant     glue    trail      variables
c
c -  1.23  6 18 0 15 18 1 37598 3632 1.8 24 13 3 13 88% 401 3735 722 53%
c -  1.32  7 18 0 16 21 1 41470 4693 1.8 24 13 3 13 88% 402 3735 722 53%
c W  1.35  6 18 0 16 21 1 43078 6051 1.8 24 13 3 13 87% 403 3735 722 53%
c o  1.35  6 18 0 16 21 1 43078 6051 1.8 24 13 3 13 87% 403 3735 722 53%
c -  1.41  6 18 0 17 22 1 45470 5456 1.8 24 14 3 13 88% 403 3735 722 53%
c -  1.52  6 18 0 18 25 1 49593 4971 1.7 24 14 3 13 88% 403 3735 722 53%
c -  1.62  6 18 0 19 28 1 53835 5073 1.7 24 14 3 13 88% 403 3735 722 53%
c u  1.65  6 18 0 19 28 1 54807 5482 1.7 24 14 3 13 89% 403 3735 722 53%
c v  1.66  6 18 0 19 28 1 54807 5063 1.7 24 14 3 13 89% 403 3735 722 53%
c w  1.67  7 18 0 19 28 1 54807 5003 1.7 24 14 3 13 89% 403 3735 722 53%
c x  1.67  7 18 0 19 28 1 54807 5002 1.7 24 14 3 13 89% 403 3732 722 53%
c I  1.80  6 18 0 19 29 1 57983 6935 1.7 24 14 3 13 89% 403 3732 722 53%
c -  1.80  7 18 0 20 29 1 58194 4979 1.7 24 14 3 13 89% 403 3732 722 53%
c -  1.87  7 18 0 21 29 1 62666 5659 1.7 24 14 3 13 89% 404 3732 722 53%
c -  1.96  7 18 0 22 30 1 67249 5622 1.7 24 14 3 13 89% 404 3732 722 53%
c e  2.00  7 18 0 22 30 1 69289 7019 1.7 24 14 3 13 89% 272 4003 649 47%
c s  2.00  7 18 0 22 30 1 69289 7019 1.7 24 14 3 13 89% 272 3970 649 47%
c ^  2.00  7 18 0 22 30 1 69289 7019 1.7 24 14 3 13 89% 272 3970 649 47%
c -  2.04  6 18 0 23 30 1 71939 4033 1.7 23 14 3 13 88% 272 3970 649 47%
c B  2.10  6 18 0 23 30 1 75785 6660 1.7 23 14 3 13 88% 272 3970 649 47%
c
c seconds  switched  rate        size/glue  tier1    binary      remaining
c        MB  reductions conflicts      size   tier2    irredundant
c         level  restarts   redundant     glue    trail      variables
c
c o  2.10  6 18 0 23 30 1 75785 6660 1.7 23 14 3 13 88% 272 3970 649 47%
c -  2.13  6 18 0 24 30 1 76734 5369 1.7 23 14 3 13 88% 272 3970 649 47%
c u  2.17  6 17 0 24 30 1 78497 6328 1.7 23 14 3 13 88% 272 3970 649 47%
c v  2.18  7 17 0 24 30 1 78497 5970 1.7 23 14 3 13 88% 272 3970 649 47%
c w  2.19  7 17 0 24 30 1 78497 4990 1.7 23 14 3 13 88% 272 3970 649 47%
c t  2.19  7 17 0 24 30 1 78497 4990 1.7 23 14 3 13 88% 271 3970 649 47%
c f  2.20  6 17 0 24 30 1 78497 4990 1.7 23 14 3 13 88% 280 3929 654 48%
c u  2.20  6 17 0 24 30 1 78497 4967 1.7 23 14 3 13 88% 280 3929 654 48%
c v  2.21  6 17 0 24 30 1 78497 4853 1.7 23 14 3 13 88% 280 3929 654 48%
c w  2.22  7 17 0 24 30 1 78497 4787 1.7 23 14 3 13 88% 280 3929 654 48%
c x  2.22  7 17 0 24 30 1 78497 4785 1.7 23 14 3 13 88% 280 3895 654 48%
c -  2.29  6 17 0 25 30 1 81632 4766 1.7 23 14 3 13 89% 280 3895 654 48%
c -  2.41  7 17 0 26 34 1 86633 5448 1.7 23 14 3 13 89% 280 3895 654 48%
c -  2.55  7 17 0 27 37 1 91733 6137 1.7 23 14 3 13 89% 280 3895 654 48%
c W  2.68  6 17 0 27 39 1 96696 8927 1.7 23 14 3 13 89% 280 3895 654 48%
c -  2.69  6 17 0 28 40 1 96929 6416 1.7 23 14 3 13 89% 280 3895 654 48%
c -  2.82  6 17 0 29 43 1 102220 6351 1.6 23 14 3 13 89% 280 3895 654 48%
c u  2.94  6 17 0 29 44 1 106747 9170 1.6 23 14 3 13 89% 280 3895 654 48%
c v  2.96  7 17 0 29 44 1 106747 8760 1.6 23 14 3 13 89% 280 3895 654 48%
c w  2.97  8 17 0 29 44 1 106747 8735 1.6 23 14 3 13 89% 280 3895 654 48%
c
c seconds  switched  rate         size/glue  tier1    binary      remaining
c        MB  reductions conflicts       size   tier2    irredundant
c         level  restarts    redundant     glue    trail      variables
c
c x  2.97  8 17 0 29 44 1 106747 8735 1.6 23 14 3 13 89% 280 3894 654 48%
c -  3.00  7 17 0 30 45 1 107605 5877 1.6 23 14 3 13 89% 280 3894 654 48%
c -  3.13  7 17 0 31 45 1 113082 6553 1.6 23 14 3 13 89% 280 3894 654 48%
c -  3.30  7 17 0 32 48 1 118649 5845 1.6 23 14 3 12 89% 280 3894 654 48%
c O  3.37  7 17 0 32 50 1 120921 7092 1.6 23 14 3 12 89% 280 3894 654 48%
c o  3.37  7 17 0 32 50 1 120921 7092 1.6 23 14 3 12 89% 280 3894 654 48%
c -  3.47  7 17 0 33 52 1 124306 5916 1.6 22 14 3 12 89% 280 3894 654 48%
c e  3.57  7 17 0 33 52 1 127717 7426 1.6 22 14 3 12 89% 207 4171 593 43%
c s  3.57  7 17 0 33 52 1 127717 7426 1.6 22 14 3 12 89% 207 4107 593 43%
c e  3.57  7 17 0 33 52 1 127717 7426 1.6 22 14 3 12 89% 204 4114 590 43%
c ^  3.57  7 17 0 33 52 1 127717 7426 1.6 22 14 3 12 89% 204 4114 590 43%
c -  3.64  6 17 0 34 55 1 130050 4609 1.6 22 14 3 12 89% 204 4114 590 43%
c -  3.80  7 17 0 35 58 1 135881 5233 1.6 23 14 3 12 89% 204 4114 590 43%
c u  3.91  7 17 0 35 59 1 139762 6957 1.6 23 14 3 12 89% 204 4114 590 43%
c v  3.93  7 17 0 35 59 1 139762 6334 1.6 23 14 3 12 89% 204 4114 590 43%
c w  3.97  7 17 0 35 59 1 139762 5150 1.6 23 14 3 12 89% 204 4114 590 43%
c =  4.07  7 17 0 35 59 1 139762 5150 1.6 23 14 3 12 89% 208 4108 588 43%
c d  4.07  7 17 0 35 59 1 139762 5147 1.6 23 14 3 12 89% 203 4108 588 43%
c u  4.08  7 17 0 35 59 1 139762 5087 1.6 23 14 3 12 89% 203 4108 588 43%
c v  4.09  7 17 0 35 59 1 139762 4844 1.6 23 14 3 12 89% 203 4108 588 43%
c
c seconds  switched  rate         size/glue  tier1    binary      remaining
c        MB  reductions conflicts       size   tier2    irredundant
c         level  restarts    redundant     glue    trail      variables
c
c w  4.11  7 17 0 35 59 1 139762 4562 1.6 23 14 3 12 89% 203 4108 588 43%
c x  4.12  6 17 0 35 59 1 139762 4558 1.6 23 14 3 12 89% 204 4033 588 43%
c -  4.18  6 17 0 36 60 1 141797 3866 1.6 22 14 3 12 89% 204 4033 588 43%
c -  4.34  6 17 0 37 60 1 147799 5008 1.6 22 14 3 12 89% 204 4033 588 43%
c B  4.36  6 17 0 37 61 1 148661 5373 1.6 22 14 3 12 89% 204 4033 588 43%
c -  4.49  7 17 0 38 61 1 153882 6172 1.6 22 14 3 12 89% 204 4033 588 43%
c -  4.67  7 17 0 39 61 1 160046 6674 1.6 22 14 3 12 89% 204 4033 588 43%
c -  4.85  7 17 0 40 62 1 166290 6910 1.6 22 14 3 11 88% 204 4033 588 43%
c -  5.04  7 17 0 41 62 1 172614 7027 1.6 22 14 3 11 89% 204 4033 588 43%
c u  5.20  7 17 0 41 62 1 177551 8909 1.6 21 14 3 11 89% 204 4033 588 43%
c v  5.23  7 17 0 41 62 1 177551 8422 1.6 21 14 3 11 89% 204 4033 588 43%
c w  5.24  8 17 0 41 62 1 177551 6872 1.6 21 14 3 11 89% 204 4033 588 43%
c x  5.25  6 17 0 41 62 1 177551 6871 1.6 21 14 3 11 89% 205 4025 588 43%
c o  5.38  6 17 0 41 62 1 177551 6871 1.6 21 14 3 11 89% 205 4025 588 43%
c -  5.42  7 17 0 42 62 1 179018 5486 1.6 21 14 3 11 89% 205 4025 588 43%
c W  5.45  6 17 0 42 62 1 180112 6295 1.6 21 14 3 11 89% 205 4025 588 43%
c -  5.59  6 17 0 43 62 1 185498 6319 1.6 21 14 3 11 89% 205 4025 588 43%
c -  5.78  6 17 0 44 62 1 192056 6329 1.6 22 14 3 11 89% 205 4025 588 43%
c -  5.97  7 17 0 45 64 1 198689 6637 1.6 22 14 3 11 88% 206 4025 588 43%
c -  6.15  7 17 0 46 68 1 205397 7160 1.6 22 14 3 11 88% 207 4025 588 43%
c
c seconds  switched  rate         size/glue  tier1    binary      remaining
c        MB  reductions conflicts       size   tier2    irredundant
c         level  restarts    redundant     glue    trail      variables
c
c s  6.31  7 17 0 46 70 1 210505 9675 1.6 22 14 3 11 88% 209 4022 588 43%
c e  6.31  7 17 0 46 70 1 210505 9675 1.6 22 14 3 11 88% 136 4597 507 37%
c s  6.31  7 17 0 46 70 1 210505 9675 1.6 22 14 3 11 88% 136 4452 507 37%
c e  6.31  7 17 0 46 70 1 210505 9675 1.6 22 14 3 11 88% 132 4480 503 37%
c ^  6.31  7 17 0 46 70 1 210505 9675 1.6 22 14 3 11 88% 132 4480 503 37%
c -  6.37  6 17 0 47 72 1 212180 4391 1.6 22 14 3 10 88% 132 4480 503 37%
c I  6.46  6 17 0 47 74 1 215464 5944 1.6 22 14 3 10 88% 133 4480 503 37%
c -  6.51  7 17 0 48 76 1 219035 5830 1.6 22 14 3 10 88% 133 4480 503 37%
c u  6.53  6 17 0 48 76 1 220337 6478 1.6 22 14 3 10 88% 133 4480 503 37%
c v  6.55  6 17 0 48 76 1 220337 5834 1.6 22 14 3 10 88% 133 4480 503 37%
c w  6.59  7 17 0 48 76 1 220337 5056 1.6 22 14 3 10 88% 133 4480 503 37%
c t  6.59  7 17 0 48 76 1 220337 5056 1.6 22 14 3 10 88% 132 4480 503 37%
c -  6.68  7 17 0 49 77 1 225965 5942 1.6 22 14 3 11 88% 132 4480 503 37%
c -  6.81  7 17 0 50 80 1 232965 6621 1.6 22 14 3 11 88% 132 4480 503 37%
c -  6.95  7 17 0 51 84 1 240036 7113 1.6 22 14 3 11 88% 132 4480 503 37%
c -  7.10  7 17 0 52 88 1 247178 7627 1.6 22 14 3 11 88% 132 4480 503 37%
c -  7.26  7 17 0 53 91 1 254392 7632 1.6 22 14 3 11 88% 132 4480 503 37%
c B  7.27  7 17 0 53 91 1 254904 7999 1.6 22 14 3 11 88% 132 4480 503 37%
c o  7.27  7 17 0 53 91 1 254904 7999 1.6 22 14 3 11 88% 132 4480 503 37%
c -  7.43  7 17 0 54 92 1 261672 8344 1.6 22 14 3 11 88% 132 4480 503 37%
c
c seconds  switched  rate          size/glue  tier1    binary      remaining
c        MB  reductions conflicts        size   tier2    irredundant
c         level  restarts     redundant     glue    trail      variables
c
c u  7.59  8 17 0 54 93 1 267594 11382 1.6 22 14 3 11 88% 132 4480 503 37%
c v  7.61  8 17 0 54 93 1 267594 10971 1.6 22 14 3 11 88% 132 4480 503 37%
c w  7.62  8 17 0 54 93 1 267594 10956 1.6 22 14 3 11 88% 132 4480 503 37%
c x  7.63  7 17 0 54 93 1 267594 10955 1.6 22 14 3 11 88% 133 4338 503 37%
c t  7.63  7 17 0 54 93 1 267594 10955 1.6 22 14 3 11 88% 132 4338 503 37%
c -  7.67  7 17 0 55 93 1 269023 7205 1.6 22 14 3 11 88% 132 4338 503 37%
c -  7.86  7 17 0 56 93 1 276439 7507 1.6 22 14 3 11 88% 132 4338 503 37%
c -  8.04  7 17 0 57 96 1 283922 7945 1.6 22 14 3 11 88% 132 4338 503 37%
c -  8.30  7 17 0 58 100 1 291471 7478 1.6 22 14 3 10 89% 132 4338 503 37%
c W  8.53  6 17 0 58 106 1 298616 11451 1.6 22 14 3 10 89% 132 4338 503 37%
c -  8.54  6 17 0 59 106 1 299088 7904 1.6 22 14 3 10 89% 132 4338 503 37%
c -  8.79  7 17 0 60 108 1 306771 8512 1.6 22 13 3 10 89% 132 4338 503 37%
c -  9.01  7 16 0 61 110 1 314517 8669 1.6 22 13 2 10 88% 132 4338 503 37%
c s  9.15  7 16 0 61 113 1 318949 10753 1.6 21 13 2 10 89% 132 4335 503 37%
c e  9.16  7 16 0 61 113 1 318949 10753 1.6 21 13 2 10 89%  93 5244 431 32%
c s  9.16  7 16 0 61 113 1 318949 10753 1.6 21 13 2 10 89%  94 5016 431 32%
c e  9.16  7 16 0 61 113 1 318949 10753 1.6 21 13 2 10 89%  88 5096 424 31%
c !  9.16  7 16 0 61 113 1 318949 10753 1.6 21 13 2 10 89%  88 5096 424 31%
c u  9.20  7 16 0 61 114 1 320228 3896 1.6 21 13 2 10 89%  88 5096 424 31%
c v  9.21  7 16 0 61 114 1 320228 3523 1.6 21 13 2 10 89%  88 5096 424 31%
c
c seconds  switched   rate         size/glue  tier1    binary      remaining
c        MB  reductions conflicts        size   tier2    irredundant
c         level  restarts     redundant     glue    trail      variables
c
c w  9.22  8 16 0 61 114 1 320228 2611 1.6 21 13 2 10 89%  88 5096 424 31%
c x  9.23  7 16 0 61 114 1 320228 2609 1.6 21 13 2 10 89%  90 4923 424 31%
c t  9.37  7 16 0 61 114 1 320228 2609 1.6 21 13 2 10 89%  89 4923 424 31%
c -  9.42  6 16 0 62 115 1 322328 2655 1.6 21 13 2 10 89%  89 4923 424 31%
c -  9.60  6 16 0 63 119 1 330202 4613 1.6 21 13 2 10 89%  89 4923 424 31%
c -  9.79  7 16 0 64 123 1 338140 5525 1.6 21 13 2 10 89%  89 4923 424 31%
c -  9.98  7 16 0 65 124 1 346140 5750 1.6 21 13 2 10 89%  89 4923 424 31%
c O 10.00  7 16 0 65 124 1 346777 6099 1.6 21 13 2 10 89%  89 4923 424 31%
c o 10.00  7 16 0 65 124 1 346777 6099 1.6 21 13 2 10 89%  89 4923 424 31%
c - 10.20  7 16 0 66 124 1 354203 6083 1.6 21 13 2 10 89%  89 4923 424 31%
c - 10.40  7 16 0 67 124 1 362327 6599 1.6 22 13 2 10 90%  89 4923 424 31%
c - 10.61  7 16 0 68 125 1 370512 7362 1.6 22 13 2 10 90%  89 4923 424 31%
c u 10.82  7 16 0 68 125 1 377106 9416 1.6 21 13 2 10 90%  89 4923 424 31%
c v 10.85  8 16 0 68 125 1 377106 8772 1.6 21 13 2 10 90%  89 4923 424 31%
c w 10.87  8 16 0 68 125 1 377106 7725 1.6 21 13 2 10 90%  89 4923 424 31%
c x 10.88  8 16 0 68 125 1 377106 7723 1.6 21 13 2 10 90%  89 4908 424 31%
c - 10.93  7 16 0 69 125 1 378759 6231 1.6 21 13 2 10 90%  89 4908 424 31%
c - 11.16  7 16 0 70 125 1 387065 6930 1.6 21 13 2 10 90%  89 4908 424 31%
c - 11.38  7 16 0 71 126 1 395432 7395 1.6 21 13 2 10 90%  89 4908 424 31%
c B 11.49  7 16 0 71 126 1 399564 9257 1.6 21 13 2 10 90%  89 4908 424 31%
c
c seconds  switched   rate         size/glue  tier1    binary      remaining
c        MB  reductions conflicts        size   tier2    irredundant
c         level  restarts     redundant     glue    trail      variables
c
c - 11.60  7 16 0 72 126 1 403858 7554 1.6 21 13 2 10 90%  89 4908 424 31%
c - 11.81  7 16 0 73 126 1 412343 7805 1.6 21 13 2 10 90%  89 4908 424 31%
c - 12.04  7 16 0 74 126 1 420889 7482 1.6 21 13 2 9 90%  89 4908 424 31%
c - 12.27  7 16 0 75 126 1 429492 7866 1.6 21 13 2 9 90%  89 4908 424 31%
c - 12.49  7 16 0 76 126 1 438152 8088 1.6 21 13 2 9 90%  89 4908 424 31%
c u 12.53  8 16 0 76 126 1 439262 8071 1.6 21 13 2 9 90%  89 4908 424 31%
c v 12.57  8 16 0 76 126 1 439262 6915 1.6 21 13 2 9 90%  89 4908 424 31%
c w 12.62  8 16 0 76 126 1 439262 6356 1.6 21 13 2 9 90%  89 4908 424 31%
c o 12.62  8 16 0 76 126 1 439262 6356 1.6 21 13 2 9 90%  89 4908 424 31%
c - 12.80  7 16 0 77 126 1 446869 6585 1.6 21 13 2 9 90%  89 4908 424 31%
c s 12.95  7 16 0 77 126 1 453481 10199 1.6 21 13 2 9 90%  89 4907 424 31%
c e 12.95  7 16 0 77 126 1 453481 10199 1.6 21 13 2 9 90%  89 4919 423 31%
c s 12.95  7 16 0 77 126 1 453481 10199 1.6 21 13 2 9 90%  89 4917 423 31%
c e 12.95  7 16 0 77 126 1 453481 10199 1.6 21 13 2 9 90%  88 4932 422 31%
c - 13.01  7 16 0 78 126 1 455643 7269 1.6 21 13 2 9 90%  88 4932 422 31%
c W 13.04  7 16 0 78 126 1 457148 8106 1.6 21 13 2 9 90%  88 4932 422 31%
c - 13.24  7 16 0 79 129 1 464474 7652 1.6 21 13 2 9 91%  88 4932 422 31%
c - 13.45  8 16 0 80 133 1 473363 7979 1.6 21 13 2 9 90%  88 4932 422 31%
c - 13.69  7 16 0 81 140 1 482308 7979 1.6 21 13 2 9 91%  88 4932 422 31%
c - 13.95  7 16 0 82 141 1 491309 8295 1.6 20 13 2 9 91%  88 4932 422 31%
c
c seconds  switched   rate         size/glue  tier1   binary      remaining
c        MB  reductions conflicts        size   tier2   irredundant
c         level  restarts     redundant     glue   trail      variables
c
c - 14.22  7 16 0 83 147 1 500364 8084 1.6 20 13 2 9 91%  88 4932 422 31%
c u 14.39  8 16 0 83 149 1 506765 11217 1.6 20 13 2 9 91%  88 4932 422 31%
c v 14.43  8 16 0 83 149 1 506765 10266 1.6 20 13 2 9 91%  88 4932 422 31%
c w 14.45  8 16 0 83 149 1 506765 9237 1.6 20 13 2 9 91%  88 4932 422 31%
c x 14.46  8 16 0 83 149 1 506765 9236 1.6 20 13 2 9 91%  88 4905 422 31%
c - 14.53  7 16 0 84 151 1 509475 6575 1.6 20 13 2 9 91%  88 4905 422 31%
c - 14.74  7 16 0 85 156 1 518641 7050 1.6 20 13 2 9 91%  88 4905 422 31%
c I 14.77  7 16 0 85 156 1 519698 7624 1.6 20 13 2 9 91%  88 4905 422 31%
c - 14.90  7 16 0 86 157 1 527861 7158 1.6 20 13 2 9 91%  88 4905 422 31%
c - 15.07  8 16 0 87 157 1 537136 7058 1.6 20 13 2 9 91%  88 4905 422 31%
c - 15.25  7 16 0 88 160 1 546464 7290 1.6 20 13 2 9 91%  88 4905 422 31%
c - 15.44  7 16 0 89 165 1 555846 7338 1.5 20 13 2 9 91%  88 4905 422 31%
c - 15.66  7 16 0 90 171 1 565279 7697 1.5 20 13 2 9 91%  88 4905 422 31%
c - 15.84  7 16 0 91 172 1 574765 8048 1.5 20 13 2 9 91%  88 4905 422 31%
c u 15.95  7 16 0 91 175 1 579691 10482 1.5 20 13 2 9 91%  89 4905 422 31%
c v 15.99  8 16 0 91 175 1 579691 9404 1.5 20 13 2 9 91%  89 4905 422 31%
c w 16.02  8 16 0 91 175 1 579691 7795 1.5 20 13 2 9 91%  89 4905 422 31%
c = 16.18  9 16 0 91 175 1 579691 7795 1.5 20 13 2 9 91%  89 4901 421 31%
c u 16.19  9 16 0 91 175 1 579691 7646 1.5 20 13 2 9 91%  89 4901 421 31%
c v 16.21  9 16 0 91 175 1 579691 7214 1.5 20 13 2 9 91%  89 4901 421 31%
c
c seconds  switched   rate         size/glue  tier1   binary      remaining
c        MB  reductions conflicts        size   tier2   irredundant
c         level  restarts     redundant     glue   trail      variables
c
c w 16.26  9 16 0 91 175 1 579691 6615 1.5 20 13 2 9 91%  89 4901 421 31%
c o 16.26  9 16 0 91 175 1 579691 6615 1.5 20 13 2 9 91%  89 4901 421 31%
c - 16.34  8 16 0 92 178 1 584305 5844 1.5 20 13 2 9 91%  89 4901 421 31%
c B 16.39  8 16 0 92 179 1 587380 7996 1.5 20 13 2 9 91%  89 4901 421 31%
c - 16.55  8 16 0 93 184 1 593897 7173 1.5 20 13 2 9 91%  89 4901 421 31%
c - 16.78  8 16 0 94 187 1 603541 8260 1.5 20 13 2 9 91%  89 4901 421 31%
c - 17.00  8 16 0 95 188 1 613237 8828 1.5 20 13 2 9 90%  89 4901 421 31%
c s 17.13  8 16 0 95 188 1 618826 12590 1.6 20 13 2 9 90%  89 4896 421 31%
c e 17.13  8 16 0 95 188 1 618826 12590 1.6 20 13 2 9 90%  89 4908 420 31%
c s 17.13  8 16 0 95 188 1 618826 12590 1.6 20 13 2 9 90%  89 4896 420 31%
c - 17.23  8 16 0 96 188 1 622983 9151 1.6 20 13 2 9 90%  89 4896 420 31%
c - 17.48  8 16 0 97 189 1 632780 9437 1.6 20 13 2 9 90%  89 4896 420 31%
c - 17.74  9 16 0 98 189 1 642628 9135 1.6 20 13 2 9 90%  89 4896 420 31%
c - 18.00  8 16 0 99 189 1 652529 9640 1.6 20 13 2 9 90%  89 4896 420 31%
c u 18.14  9 16 0 99 189 1 658136 12697 1.6 20 13 2 9 89%  89 4896 420 31%
c v 18.18  9 16 0 99 189 1 658136 11843 1.6 20 13 2 9 89%  89 4896 420 31%
c w 18.20 10 16 0 99 189 1 658136 10659 1.6 20 13 2 9 89%  89 4896 420 31%
c x 18.21 10 16 0 99 189 1 658136 10659 1.6 20 13 2 9 89%  89 4881 420 31%
c W 18.47  7 16 0 99 191 1 660356 12303 1.6 20 13 2 9 89%  89 4881 420 31%
c - 18.53  7 16 0 100 192 1 662478 8606 1.6 20 13 2 9 89%  89 4881 420 31%
c
c seconds  switched    rate         size/glue  tier1   binary      remaining
c        MB  reductions  conflicts        size   tier2   irredundant
c         level   restarts     redundant     glue   trail      variables
c
c - 18.75  7 16 0 101 198 1 672478 9133 1.6 21 13 2 9 89%  89 4881 420 31%
c - 18.98  7 16 0 102 203 1 682528 9030 1.6 20 13 2 9 89%  89 4881 420 31%
c - 19.21  7 16 0 103 206 1 692627 9606 1.6 20 13 2 9 89%  89 4881 420 31%
c - 19.44  7 16 0 104 211 1 702776 10132 1.6 20 13 3 9 89%  89 4881 420 31%
c - 19.70  7 16 0 105 218 1 712974 10256 1.6 20 13 3 9 89%  89 4881 420 31%
c - 19.98  7 16 0 106 219 1 723223 9760 1.6 20 13 3 9 89%  89 4881 420 31%
c - 20.21  7 15 0 107 220 1 733518 10550 1.6 20 13 3 9 89%  89 4881 420 31%
c O 20.34  7 15 0 107 220 1 738784 13845 1.6 20 13 3 9 89%  89 4881 420 31%
c o 20.34  7 15 0 107 220 1 738784 13845 1.6 20 13 3 9 89%  89 4881 420 31%
c u 20.47  7 15 0 107 222 1 742211 15237 1.6 20 13 3 9 89%  89 4881 420 31%
c v 20.54  8 15 0 107 222 1 742211 14048 1.6 20 13 3 9 89%  89 4881 420 31%
c w 20.57  9 15 0 107 222 1 742211 13988 1.6 20 13 3 9 89%  89 4881 420 31%
c - 20.62  9 15 0 108 223 1 743863 9900 1.6 20 13 3 9 89%  89 4881 420 31%
c - 20.92  9 15 0 109 229 1 754256 9895 1.6 21 13 2 9 89%  89 4881 420 31%
c - 21.23  9 15 0 110 234 1 764697 8858 1.6 21 13 2 9 89%  89 4881 420 31%
c - 21.52  9 15 0 111 237 1 775186 9177 1.6 21 13 2 9 89%  89 4881 420 31%
c - 21.81  9 15 0 112 242 1 785721 10214 1.6 21 13 2 9 90%  89 4881 420 31%
c - 22.10  9 15 0 113 249 1 796305 11053 1.7 21 13 2 9 90%  89 4881 420 31%
c - 22.38  9 15 0 114 251 1 806935 10958 1.7 21 13 2 9 89%  89 4881 420 31%
c s 22.67  9 15 0 114 251 1 816385 16645 1.7 21 12 2 9 90%  89 4880 420 31%
c
c seconds  switched    rate          size/glue  tier1   binary      remaining
c        MB  reductions  conflicts         size   tier2   irredundant
c         level   restarts      redundant     glue   trail      variables
c
c - 22.71  9 15 0 115 251 1 817612 11702 1.7 21 12 2 9 90%  89 4880 420 31%
c B 22.85  9 15 0 115 251 1 822822 14974 1.7 21 12 2 9 90%  89 4880 420 31%
c - 22.99  9 15 0 116 252 1 828336 12779 1.7 21 12 2 9 90%  89 4880 420 31%
c u 23.09  9 15 0 116 252 1 831933 14281 1.7 21 13 2 9 90%  89 4880 420 31%
c v 23.17  9 15 0 116 252 1 831933 12974 1.7 21 13 2 9 90%  89 4880 420 31%
c w 23.22  9 15 0 116 252 1 831933 11553 1.7 21 13 2 9 90%  89 4880 420 31%
c - 23.41  8 15 0 117 252 1 839106 9379 1.7 21 13 2 9 90%  89 4880 420 31%
c - 23.69  9 15 0 118 252 1 849922 9216 1.6 21 13 2 9 90%  89 4880 420 31%
c - 23.96  9 15 0 119 253 1 860785 9724 1.6 21 13 2 9 91%  89 4880 420 31%
c - 24.26  9 15 0 120 253 1 871693 9879 1.6 21 13 2 9 91%  89 4880 420 31%
c - 24.53  9 15 0 121 253 1 882647 10035 1.6 21 13 2 9 91%  89 4880 420 31%
c - 24.83  9 15 0 122 253 1 893647 9910 1.6 20 13 2 9 91%  89 4880 420 31%
c - 25.10  9 15 0 123 253 1 904693 11261 1.6 20 13 2 9 90%  89 4880 420 31%
c W 25.31  9 15 0 123 253 1 912622 16279 1.6 20 13 2 9 90%  89 4880 420 31%
c o 25.31  9 15 0 123 253 1 912622 16279 1.6 20 13 2 9 90%  89 4880 420 31%
c - 25.41  9 15 0 124 253 1 915784 11765 1.6 20 13 2 9 90%  89 4880 420 31%
c - 25.71  8 16 0 125 254 1 926919 12164 1.6 21 13 2 9 90%  89 4880 420 31%
c u 25.74  8 16 0 125 254 1 927370 11777 1.6 21 13 2 9 90%  89 4880 420 31%
c v 25.81  8 16 0 125 254 1 927370 10164 1.6 21 13 2 9 90%  89 4880 420 31%
c w 25.87  8 16 0 125 254 1 927370 9483 1.6 21 13 2 9 90%  89 4880 420 31%
c
c seconds  switched    rate         size/glue  tier1   binary      remaining
c        MB  reductions  conflicts        size   tier2   irredundant
c         level   restarts     redundant     glue   trail      variables
c
c - 26.45  8 16 0 126 254 1 938099 8870 1.6 21 13 2 9 90%  89 4880 420 31%
c - 26.75  9 16 0 127 254 1 949323 9014 1.6 21 13 2 9 91%  89 4880 420 31%
c - 27.02  9 16 0 128 254 1 960592 9771 1.6 21 13 2 9 91%  89 4880 420 31%
c - 27.25  9 16 0 129 254 1 971906 11475 1.6 21 13 2 9 90%  89 4880 420 31%
c - 27.56  9 16 0 130 254 1 983264 11809 1.6 21 13 2 9 90%  89 4880 420 31%
c - 27.86  8 16 0 131 254 1 994665 11454 1.6 21 13 2 9 90%  89 4880 420 31%
c - 28.16  8 16 0 132 254 1 1006110 11329 1.6 21 13 2 9 90%  89 4880 420 31%
c I 28.21  8 16 0 132 254 1 1008337 12505 1.6 21 13 2 9 90%  89 4880 420 31%
c - 28.39  8 16 0 133 254 1 1017599 11785 1.6 21 13 2 9 90%  89 4880 420 31%
c u 28.65  9 16 0 133 254 1 1028583 18693 1.6 21 13 2 9 90%  89 4880 420 31%
c v 28.71 10 16 0 133 254 1 1028583 17779 1.6 21 13 2 9 90%  89 4880 420 31%
c w 28.73 11 16 0 133 254 1 1028583 14256 1.6 21 13 2 9 90%  89 4880 420 31%
c x 28.75 11 16 0 133 254 1 1028583 14254 1.6 21 13 2 9 90%  89 4878 420 31%
c - 28.76 10 16 0 134 254 1 1029131 8472 1.6 21 13 2 9 90%  89 4878 420 31%
c - 29.02 11 16 0 135 254 1 1040708 8923 1.6 21 13 2 9 90%  89 4878 420 31%
c o 29.21 11 16 0 135 254 1 1047792 12651 1.6 21 13 2 9 90%  89 4878 420 31%
c - 29.30 11 16 0 136 254 1 1052326 9054 1.6 21 13 2 9 90%  89 4878 420 31%
c - 29.52 11 16 0 137 261 1 1063990 9703 1.5 21 14 2 9 90%  89 4878 420 31%
c - 29.78 11 16 0 138 268 1 1075694 9581 1.5 21 14 2 9 91%  89 4878 420 31%
c - 30.03 11 16 0 139 271 1 1087442 10167 1.5 21 14 2 9 90%  89 4878 420 31%
c
c seconds  switched    rate           size/glue  tier1   binary      remaining
c        MB  reductions   conflicts         size   tier2   irredundant
c         level   restarts       redundant     glue   trail      variables
c
c - 30.31 11 16 0 140 277 1 1099231 10630 1.5 21 13 2 9 90%  89 4878 420 31%
c B 30.60 11 16 0 140 283 1 1110114 16755 1.5 21 13 2 9 91%  89 4878 420 31%
c - 30.63 11 16 0 141 284 1 1111064 11302 1.5 21 13 2 9 91%  89 4878 420 31%
c - 30.90 10 16 0 142 285 1 1122938 11190 1.5 21 14 2 9 90%  89 4878 420 31%
c - 31.21 11 16 0 143 285 1 1134854 10609 1.5 21 14 2 9 90%  89 4878 420 31%
c u 31.26 11 16 0 143 286 1 1135644 10489 1.5 21 14 2 9 90%  89 4878 420 31%
c v 31.31 11 16 0 143 286 1 1135644 9133 1.5 21 14 2 9 90%  89 4878 420 31%
c w 31.35 11 16 0 143 286 1 1135644 8649 1.5 21 14 2 9 90%  89 4878 420 31%
c - 31.67 11 16 0 144 292 1 1146812 9348 1.5 21 14 2 9 90%  89 4878 420 31%
c - 32.04 11 16 0 145 299 1 1158812 9978 1.5 21 13 2 9 91%  89 4878 420 31%
c - 32.41 10 16 0 146 303 1 1170853 10984 1.5 21 14 2 9 91%  89 4878 420 31%
c - 32.79 10 16 0 147 310 1 1182936 10805 1.6 21 13 2 9 91%  89 4878 420 31%
c - 33.14 10 16 0 148 315 1 1195062 11585 1.6 21 13 2 9 91%  89 4878 420 31%
c - 33.51 10 16 0 149 316 1 1207227 12261 1.6 22 13 2 9 91%  89 4878 420 31%
c W 33.82 11 16 0 149 317 1 1218101 18661 1.6 22 13 2 9 92%  89 4878 420 31%
c o 33.82 11 16 0 149 317 1 1218101 18661 1.6 22 13 2 9 92%  89 4878 420 31%
c - 33.85 10 16 0 150 317 1 1219433 11612 1.6 22 13 2 9 92%  89 4878 420 31%
c - 34.14 10 16 0 151 317 1 1231680 11226 1.6 21 13 2 9 92%  89 4878 420 31%
c - 34.43 11 16 0 152 317 1 1243969 10467 1.6 21 13 2 9 92%  89 4878 420 31%
c u 34.57 11 16 0 152 317 1 1248614 12599 1.6 21 13 2 9 92%  89 4878 420 31%
c
c seconds  switched    rate           size/glue  tier1   binary      remaining
c        MB  reductions   conflicts         size   tier2   irredundant
c         level   restarts       redundant     glue   trail      variables
c
c v 34.61 11 16 0 152 317 1 1248614 11511 1.6 21 13 2 9 92%  89 4878 420 31%
c w 34.69 11 16 0 152 317 1 1248614 9989 1.6 21 13 2 9 92%  89 4878 420 31%
c - 34.86 11 16 0 153 322 1 1256298 9045 1.6 21 13 2 9 92%  89 4878 420 31%
c - 35.16 11 16 0 154 329 1 1268668 9769 1.6 21 13 2 9 92%  89 4878 420 31%
c - 35.43 11 16 0 155 332 1 1281077 10379 1.6 21 13 2 9 92%  89 4878 420 31%
c - 35.76 10 16 0 156 339 1 1293526 10798 1.6 21 13 2 9 92%  89 4878 420 31%
c - 36.08 10 16 0 157 346 1 1306016 10619 1.6 21 13 2 9 92%  89 4878 420 31%
c - 36.40 11 16 0 158 348 1 1318545 11748 1.6 21 13 2 9 91%  89 4878 420 31%
c - 36.74 11 16 0 159 348 1 1331114 13155 1.6 21 13 2 9 91%  89 4878 420 31%
c O 36.77 11 16 0 159 348 1 1332441 14089 1.6 21 13 2 9 91%  89 4878 420 31%
c - 37.09 11 16 0 160 355 1 1343723 14153 1.6 21 13 2 9 91%  89 4878 420 31%
c - 37.46 12 16 0 161 362 1 1356372 13000 1.6 21 13 2 9 91%  89 4878 420 31%
c u 37.83 12 16 0 161 365 1 1367558 19207 1.6 21 13 2 9 90%  89 4878 420 31%
c v 37.93 12 16 0 161 365 1 1367558 17457 1.6 21 13 2 9 90%  89 4878 420 31%
c w 37.98 12 16 0 161 365 1 1367558 15679 1.6 21 13 2 9 90%  89 4878 420 31%
c o 38.34 12 16 0 161 365 1 1367558 15679 1.6 21 13 2 9 90%  89 4878 420 31%
c - 38.40 10 16 0 162 366 1 1369061 10651 1.6 21 13 2 9 90%  89 4878 420 31%
c - 38.75 10 16 0 163 373 1 1381788 11633 1.6 21 13 2 9 91%  89 4878 420 31%
c - 39.12 11 16 0 164 378 1 1394556 12387 1.6 21 13 2 9 91%  89 4878 420 31%
c - 39.45 11 15 0 165 379 1 1407362 13395 1.6 21 13 2 9 91%  89 4878 420 31%
c
c seconds  switched    rate           size/glue  tier1   binary      remaining
c        MB  reductions   conflicts         size   tier2   irredundant
c         level   restarts       redundant     glue   trail      variables
c
c - 39.80 12 15 0 166 380 1 1420208 14375 1.7 21 13 2 9 90%  89 4878 420 31%
c - 40.16 12 15 0 167 380 1 1433092 14371 1.7 21 13 2 9 90%  89 4878 420 31%
c - 40.53 12 15 0 168 380 1 1446014 12918 1.6 21 13 2 9 90%  89 4878 420 31%
c B 40.74 12 15 0 168 381 1 1453276 17958 1.7 21 13 2 9 90%  89 4878 420 31%
c - 40.90 12 15 0 169 381 1 1458975 13554 1.6 21 13 2 9 90%  89 4878 420 31%
c - 41.25 12 15 0 170 381 1 1471976 13824 1.7 21 13 2 9 90%  89 4878 420 31%
c - 41.62 12 15 0 171 381 1 1485016 13339 1.7 21 13 2 9 90%  89 4878 420 31%
c u 41.86 12 15 0 171 381 1 1492506 16940 1.7 21 13 2 9 90%  89 4878 420 31%
c v 41.94 12 15 0 171 381 1 1492506 15475 1.7 21 13 2 9 90%  89 4878 420 31%
c w 42.04 12 15 0 171 381 1 1492506 13764 1.7 21 13 2 9 90%  89 4878 420 31%
c - 42.22 10 15 0 172 381 1 1498092 11500 1.7 21 13 2 9 90%  89 4878 420 31%
c - 42.56 11 15 0 173 381 1 1511206 13163 1.7 21 13 2 9 90%  89 4878 420 31%
c - 42.92 12 15 0 174 388 1 1524359 13502 1.7 21 13 2 9 90%  89 4878 420 31%
c - 43.29 12 15 0 175 395 1 1537550 14386 1.7 21 13 2 9 91%  89 4878 420 31%
c - 43.62 12 15 0 176 399 1 1550778 15052 1.7 21 13 2 9 91%  89 4878 420 31%
c - 43.98 12 15 0 177 407 1 1564045 14436 1.7 21 12 2 9 91%  89 4878 420 31%
c - 44.37 12 15 0 178 411 1 1577351 15561 1.7 21 12 2 9 91%  89 4878 420 31%
c W 44.49 12 15 0 178 412 1 1580744 17625 1.7 21 12 2 9 90%  89 4878 420 31%
c o 44.50 12 15 0 178 412 1 1580744 17625 1.7 21 12 2 9 90%  89 4878 420 31%
c - 44.74 12 15 0 179 412 1 1590692 15808 1.7 21 12 2 9 91%  89 4878 420 31%
c
c seconds  switched    rate           size/glue  tier1   binary      remaining
c        MB  reductions   conflicts         size   tier2   irredundant
c         level   restarts       redundant     glue   trail      variables
c
c - 45.05 12 15 0 180 418 1 1604072 14976 1.7 21 12 2 9 90%  89 4878 420 31%
c - 45.38 12 15 0 181 426 1 1617491 13875 1.7 21 12 2 9 90%  89 4878 420 31%
c u 45.56 12 15 0 181 427 1 1623526 16625 1.7 20 12 2 9 91%  89 4878 420 31%
c v 45.63 12 15 0 181 427 1 1623526 15140 1.7 20 12 2 9 91%  89 4878 420 31%
c w 45.66 12 15 0 181 427 1 1623526 13321 1.7 20 12 2 9 91%  89 4878 420 31%
c x 45.68 12 15 0 181 427 1 1623526 13321 1.7 20 12 2 9 91%  89 4876 420 31%
c e 45.68 12 15 0 181 427 1 1623526 13321 1.7 20 12 2 9 91%  84 4902 418 31%
c s 45.68 12 15 0 181 427 1 1623526 13321 1.7 20 12 2 9 91%  84 4898 418 31%
c - 45.86 10 15 0 182 429 1 1630944 11519 1.7 20 12 2 9 91%  84 4898 418 31%
c - 46.18 11 15 0 183 437 1 1644436 12808 1.6 20 12 2 9 91%  84 4898 418 31%
c - 46.55 11 15 0 184 442 1 1657965 13604 1.6 20 12 2 9 90%  84 4898 418 31%
c - 46.92 12 15 0 185 443 1 1671530 13658 1.6 20 12 2 9 91%  84 4898 418 31%
c - 47.32 12 15 0 186 444 1 1685132 14444 1.6 20 12 2 9 90%  84 4898 418 31%
c - 47.74 12 15 0 187 444 1 1698771 14086 1.6 20 12 2 9 91%  84 4898 418 31%
c - 48.09 12 15 0 188 446 1 1712447 14456 1.6 20 12 2 9 91%  84 4898 418 31%
c I 48.16 12 15 0 188 447 1 1714983 15958 1.6 20 12 2 9 91%  84 4898 418 31%
c - 48.38 12 15 0 189 454 1 1726158 15158 1.6 20 12 2 9 90%  84 4898 418 31%
c - 48.67 12 15 0 190 459 1 1739907 13594 1.6 20 12 2 9 91%  84 4898 418 31%
c - 48.99 12 15 0 191 466 1 1753691 13193 1.6 20 12 2 9 90%  84 4898 418 31%
c u 49.18 12 15 0 191 470 1 1760692 17150 1.6 20 12 2 9 90%  84 4898 418 31%
c
c seconds  switched    rate           size/glue  tier1   binary      remaining
c        MB  reductions   conflicts         size   tier2   irredundant
c         level   restarts       redundant     glue   trail      variables
c
c v 49.25 12 15 0 191 470 1 1760692 15723 1.6 20 12 2 9 90%  84 4898 418 31%
c w 49.36 12 15 0 191 470 1 1760692 13200 1.6 20 12 2 9 90%  84 4898 418 31%
c o 49.36 12 15 0 191 470 1 1760692 13200 1.6 20 12 2 9 90%  84 4898 418 31%
c - 49.50 10 15 0 192 473 1 1767512 11235 1.6 20 13 2 9 91%  84 4898 418 31%
c - 49.80 10 15 0 193 475 1 1781369 12187 1.6 20 13 2 9 91%  84 4898 418 31%
c - 50.12 10 15 0 194 477 1 1795263 12766 1.6 20 13 2 9 91%  84 4898 418 31%
c - 50.41 11 15 0 195 485 1 1809191 14295 1.6 20 13 2 9 90%  84 4898 418 31%
c - 50.74 12 15 0 196 490 1 1823155 14215 1.6 20 13 2 9 90%  84 4898 418 31%
c - 51.08 12 15 0 197 497 1 1837155 14301 1.6 20 13 2 9 90%  84 4898 418 31%
c - 51.50 12 15 0 198 505 1 1851190 14625 1.6 19 13 2 9 90%  84 4898 418 31%
c B 51.63 12 15 0 198 505 1 1856131 16981 1.5 19 13 2 9 90%  84 4898 418 31%
c - 51.91 12 15 0 199 506 1 1865262 14796 1.6 19 12 2 9 90%  84 4898 418 31%
c - 52.30 12 15 0 200 507 1 1879368 15768 1.6 19 12 2 9 90%  84 4898 418 31%
c - 52.73 12 15 0 201 507 1 1893511 14300 1.6 19 12 2 9 90%  84 4898 418 31%
c u 53.05 12 15 0 201 507 1 1903918 19238 1.6 19 12 2 9 90%  84 4898 418 31%
c v 53.14 12 15 0 201 507 1 1903918 17734 1.6 19 12 2 9 90%  84 4898 418 31%
c w 53.24 12 15 0 201 507 1 1903918 15049 1.6 19 12 2 9 90%  84 4898 418 31%
c - 53.34 10 15 0 202 507 1 1907689 10778 1.6 20 13 2 9 90%  84 4898 418 31%
c - 53.71 10 15 0 203 508 1 1921901 12174 1.6 20 13 2 9 90%  84 4898 418 31%
c - 54.07 12 15 0 204 508 1 1936148 12571 1.6 20 13 2 9 90%  84 4898 418 31%
c
c seconds  switched    rate           size/glue  tier1   binary      remaining
c        MB  reductions   conflicts         size   tier2   irredundant
c         level   restarts       redundant     glue   trail      variables
c
c - 54.47 12 15 0 205 508 1 1950430 13357 1.6 20 13 2 9 90%  84 4898 418 31%
c - 54.88 12 15 0 206 508 1 1964748 13256 1.6 20 13 2 9 91%  84 4898 418 31%
c - 55.26 12 15 0 207 509 1 1979100 13806 1.6 20 12 2 9 91%  84 4898 418 31%
c - 55.67 12 15 0 208 509 1 1993487 14460 1.6 20 12 2 9 91%  84 4898 418 31%
c W 55.98 12 15 0 208 509 1 2004319 20290 1.6 20 12 2 9 91%  84 4898 418 31%
c o 55.98 12 15 0 208 509 1 2004319 20290 1.6 20 12 2 9 91%  84 4898 418 31%
c - 56.11 12 15 0 209 509 1 2007909 14727 1.6 20 13 2 9 91%  84 4898 418 31%
c - 56.55 12 15 0 210 509 1 2022365 13303 1.6 20 13 2 9 92%  84 4898 418 31%
c - 56.94 10 15 0 211 509 1 2036857 12770 1.6 20 13 2 9 92%  84 4898 418 31%
c - 57.35 10 15 0 212 509 1 2051383 12449 1.6 20 13 2 8 92%  84 4898 418 31%
c u 57.43 10 15 0 212 509 1 2053376 13041 1.6 20 13 2 8 92%  84 4898 418 31%
c v 57.49 10 15 0 212 509 1 2053376 11876 1.6 20 13 2 8 92%  84 4898 418 31%
c w 57.56 10 15 0 212 509 1 2053376 10923 1.6 20 13 2 8 92%  84 4898 418 31%
c - 58.35  6 15 0 213 509 1 2065944 10828 1.6 20 13 2 8 92%  84 4898 418 31%
c - 58.68  6 15 0 214 509 1 2080540 11827 1.6 20 13 2 8 92%  84 4898 418 31%
c - 59.05  8 15 0 215 509 1 2095169 12480 1.6 20 12 2 8 92%  84 4898 418 31%
c - 59.48  8 15 0 216 510 1 2109832 13113 1.6 20 13 2 8 92%  84 4898 418 31%
c - 59.95  7 15 0 217 510 1 2124531 12564 1.6 21 13 2 8 92%  84 4898 418 31%
c - 60.41  7 15 0 218 510 1 2139261 12495 1.6 21 13 2 8 92%  84 4898 418 31%
c - 60.89  7 15 0 219 510 1 2154027 12941 1.6 21 13 2 8 91%  84 4898 418 31%
c
c seconds  switched    rate           size/glue  tier1   binary      remaining
c        MB  reductions   conflicts         size   tier2   irredundant
c         level   restarts       redundant     glue   trail      variables
c
c O 61.06  7 15 0 219 510 1 2159681 16080 1.6 21 13 2 8 91%  84 4898 418 31%
c - 61.38  8 15 0 220 510 1 2168828 14126 1.7 21 13 2 8 91%  84 4898 418 31%
c - 61.86  8 15 0 221 510 1 2183661 14117 1.7 21 13 2 8 91%  84 4898 418 31%
c - 62.38  8 15 0 222 510 1 2198527 13083 1.7 21 13 2 8 92%  84 4898 418 31%
c u 62.76  9 15 0 222 510 1 2209097 18103 1.7 21 13 2 8 91%  84 4898 418 31%
c v 62.87  9 15 0 222 510 1 2209097 16754 1.7 21 13 2 8 91%  84 4898 418 31%
c w 63.00  9 15 0 222 510 1 2209097 14122 1.7 21 13 2 8 91%  84 4898 418 31%
c o 63.00  9 15 0 222 510 1 2209097 14122 1.7 21 13 2 8 91%  84 4898 418 31%
c - 63.14  8 15 0 223 510 1 2213426 11247 1.7 21 13 2 8 92%  84 4898 418 31%
c - 63.60  9 15 0 224 510 1 2228359 12312 1.7 21 13 2 8 92%  84 4898 418 31%
c - 64.05  9 15 0 225 510 1 2243326 13113 1.7 21 13 2 8 91%  84 4898 418 31%
c - 64.60  9 15 0 226 510 1 2258326 12576 1.7 21 13 2 8 91%  84 4898 418 31%
c - 65.09  9 15 0 227 510 1 2273360 12657 1.7 21 13 2 8 91%  84 4898 418 31%
c - 65.56  9 15 0 228 510 1 2288426 13493 1.7 21 12 2 8 91%  84 4898 418 31%
c - 66.03  9 15 0 229 510 1 2303526 14271 1.7 21 12 2 8 91%  84 4898 418 31%
c - 66.56  9 15 0 230 510 1 2318659 14535 1.7 21 12 2 8 92%  84 4898 418 31%
c B 66.67  9 15 0 230 510 1 2322344 16636 1.7 21 12 2 8 92%  84 4898 418 31%
c - 67.03  9 15 0 231 510 1 2333824 14588 1.7 21 12 2 8 92%  84 4898 418 31%
c - 67.44  9 14 0 232 510 1 2349024 15060 1.7 21 12 2 8 92%  84 4898 418 31%
c - 67.88  9 14 0 233 510 1 2364256 15688 1.8 21 12 2 8 92%  84 4898 418 31%
c
c seconds  switched    rate           size/glue  tier1   binary      remaining
c        MB  reductions   conflicts         size   tier2   irredundant
c         level   restarts       redundant     glue   trail      variables
c
c u 68.14  9 14 0 233 513 1 2371114 18826 1.8 21 12 2 8 92%  84 4898 418 31%
c v 68.27  9 14 0 233 513 1 2371114 17258 1.8 21 12 2 8 92%  84 4898 418 31%
c w 68.41  9 14 0 233 513 1 2371114 14992 1.8 21 12 2 8 92%  84 4898 418 31%
c - 68.65  9 14 0 234 517 1 2379521 13436 1.8 21 12 2 8 92%  84 4898 418 31%
c - 69.06  9 14 0 235 525 1 2394819 14431 1.7 20 12 2 8 91%  84 4898 418 31%
c - 69.49  9 14 0 236 532 1 2410148 14621 1.7 20 12 2 8 91%  84 4898 418 31%
c - 69.89  9 14 0 237 539 1 2425511 14420 1.7 20 12 2 8 91%  84 4898 418 31%
c - 70.28  9 14 0 238 541 1 2440905 14376 1.7 20 12 2 8 91%  84 4898 418 31%
c - 70.68  9 14 0 239 546 1 2456333 14757 1.7 19 12 2 8 91%  84 4898 418 31%
c - 71.11  9 14 0 240 555 1 2471793 14884 1.7 19 11 2 8 91%  84 4898 418 31%
c - 71.53  9 13 0 241 559 1 2487284 16172 1.7 19 11 2 8 91%  84 4898 418 31%
c W 71.72  9 13 0 241 563 1 2492439 19150 1.7 19 11 2 8 91%  84 4898 418 31%
c o 71.72  9 13 0 241 563 1 2492439 19150 1.7 19 11 2 8 91%  84 4898 418 31%
c - 72.07  9 13 0 242 569 1 2502808 16791 1.7 19 11 2 8 91%  84 4898 418 31%
c - 72.57  9 14 0 243 572 1 2518364 15367 1.7 19 11 2 8 92%  84 4898 418 31%
c - 73.08  9 14 0 244 573 1 2533954 15160 1.7 19 11 2 8 92%  84 4898 418 31%
c u 73.27  9 14 0 244 573 1 2539461 17607 1.7 19 11 2 8 92%  84 4898 418 31%
c v 73.38  9 14 0 244 573 1 2539461 15909 1.7 19 11 2 8 92%  84 4898 418 31%
c w 73.43  9 14 0 244 573 1 2539461 14414 1.7 19 11 2 8 92%  84 4898 418 31%
c x 73.44  9 14 0 244 573 1 2539461 14412 1.7 19 11 2 8 92%  84 4880 418 31%
c
c seconds  switched    rate           size/glue  tier1   binary      remaining
c        MB  reductions   conflicts         size   tier2   irredundant
c         level   restarts       redundant     glue   trail      variables
c
c s 73.44  9 14 0 244 573 1 2539461 14412 1.7 19 11 2 8 92%  84 4878 418 31%
c - 73.74 10 14 0 245 573 1 2549574 13221 1.7 19 12 2 8 92%  84 4878 418 31%
c - 74.14 10 14 0 246 573 1 2565228 13749 1.7 19 12 2 8 91%  84 4878 418 31%
c - 74.55 10 14 0 247 583 1 2580912 13746 1.6 19 12 2 8 91%  84 4878 418 31%
c - 75.01 10 14 0 248 588 1 2596629 14302 1.6 19 12 2 8 91%  84 4878 418 31%
c - 75.52 10 14 0 249 597 1 2612377 13928 1.6 19 12 2 8 91%  84 4878 418 31%
c - 75.98 10 14 0 250 603 1 2628156 14214 1.6 20 12 2 8 91%  84 4878 418 31%
c - 76.46 10 14 0 251 604 1 2643967 14613 1.6 20 12 2 8 91%  84 4878 418 31%
c - 76.91 10 14 0 252 611 1 2659809 15180 1.7 20 12 2 8 91%  84 4878 418 31%
c I 77.18 10 14 0 252 618 1 2670091 21727 1.7 20 12 2 8 91%  84 4878 418 31%
c - 77.31 10 14 0 253 619 1 2675684 14745 1.7 20 12 2 8 91%  84 4878 418 31%
c - 77.68 10 15 0 254 626 1 2691590 14320 1.6 20 12 2 8 91%  84 4878 418 31%
c - 78.08  8 15 0 255 634 1 2707527 13787 1.6 20 12 2 8 91%  84 4878 418 31%
c u 78.31  8 15 0 255 635 1 2714302 17189 1.6 20 12 2 8 91%  84 4878 418 31%
c v 78.39  8 15 0 255 635 1 2714302 15653 1.6 20 12 2 8 91%  84 4878 418 31%
c w 78.50  8 15 0 255 635 1 2714302 13161 1.6 20 12 2 8 91%  84 4878 418 31%
c o 78.50  8 15 0 255 635 1 2714302 13161 1.6 20 12 2 8 91%  84 4878 418 31%
c - 78.67  8 15 0 256 635 1 2723496 11901 1.6 20 13 2 8 91%  84 4878 418 31%
c - 79.01  8 15 0 257 636 1 2739497 12994 1.6 20 13 2 8 90%  84 4878 418 31%
c - 79.38  8 15 0 258 636 1 2755529 12836 1.6 20 13 2 8 90%  84 4878 418 31%
c
c seconds  switched    rate           size/glue  tier1   binary      remaining
c        MB  reductions   conflicts         size   tier2   irredundant
c         level   restarts       redundant     glue   trail      variables
c
c - 79.76  8 15 0 259 637 1 2771591 13271 1.6 20 13 2 8 90%  84 4878 418 31%
c - 80.10  8 15 0 260 637 1 2787685 13561 1.5 20 13 2 8 91%  84 4878 418 31%
c - 80.49  9 15 0 261 637 1 2803811 13730 1.6 20 13 2 8 91%  84 4878 418 31%
c - 80.98  9 15 0 262 637 1 2819966 14208 1.6 20 13 2 8 91%  84 4878 418 31%
c - 81.41  9 15 0 263 643 1 2836152 15002 1.6 20 13 2 8 90%  84 4878 418 31%
c - 81.89  9 15 0 264 651 1 2852369 15721 1.6 20 13 2 8 91%  84 4878 418 31%
c B 81.99  9 15 0 264 652 1 2855426 17467 1.6 20 13 2 8 91%  84 4878 418 31%
c - 82.39 10 15 0 265 658 1 2868617 15514 1.6 20 13 2 8 91%  84 4878 418 31%
c - 82.88 10 15 0 266 666 1 2884896 14961 1.6 20 13 2 8 91%  84 4878 418 31%
c u 83.24 10 15 0 266 668 1 2895585 20578 1.6 20 12 2 8 91%  84 4878 418 31%
c v 83.34 10 15 0 266 668 1 2895585 18960 1.6 20 12 2 8 91%  84 4878 418 31%
c w 83.47 10 15 0 266 668 1 2895585 15699 1.6 20 12 2 8 91%  84 4878 418 31%
c - 83.62  8 15 0 267 668 1 2901205 12027 1.6 20 12 2 8 91%  84 4878 418 31%
c - 84.06  8 15 0 268 674 1 2917546 12946 1.6 20 12 2 8 91%  84 4878 418 31%
c - 84.46 10 15 0 269 682 1 2933916 13948 1.6 19 12 2 8 91%  84 4878 418 31%
c o 84.83 10 15 0 269 687 1 2947726 21969 1.6 19 12 2 8 90%  84 4878 418 31%
c - 84.93 10 15 0 270 689 1 2950317 15029 1.6 19 12 2 8 90%  84 4878 418 31%
c - 85.49 10 14 0 271 697 1 2966749 14718 1.6 19 12 2 8 90%  84 4878 418 31%
c - 85.99 10 14 0 272 699 1 2983212 15795 1.6 19 12 2 8 90%  84 4878 418 31%
c - 86.47 10 14 0 273 700 1 2999705 16740 1.6 19 12 2 8 90%  84 4878 418 31%
c
c seconds  switched    rate           size/glue  tier1   binary      remaining
c        MB  reductions   conflicts         size   tier2   irredundant
c         level   restarts       redundant     glue   trail      variables
c
c - 86.95 10 14 0 274 700 1 3016228 18117 1.6 19 12 2 8 89%  84 4878 418 31%
c - 87.44 10 14 0 275 706 1 3032780 18446 1.6 19 12 2 8 90%  84 4878 418 31%
c W 87.93 10 14 0 275 714 1 3048566 28366 1.6 19 12 2 8 90%  84 4878 418 31%
c - 87.96 10 14 0 276 714 1 3049363 17032 1.6 19 12 2 8 90%  84 4878 418 31%
c - 88.44 10 14 0 277 721 1 3065978 14480 1.6 19 12 2 8 90%  84 4878 418 31%
c - 88.85 10 14 0 278 729 1 3082622 14784 1.6 19 12 2 8 91%  84 4878 418 31%
c u 88.91 10 14 0 278 730 1 3083363 14530 1.6 19 12 2 8 91%  84 4878 418 31%
c v 88.99 10 14 0 278 730 1 3083363 13068 1.6 19 12 2 8 91%  84 4878 418 31%
c w 89.06 10 14 0 278 730 1 3083363 12503 1.6 19 12 2 8 91%  84 4878 418 31%
c - 89.49  8 14 0 279 731 1 3099295 12982 1.6 19 12 2 8 91%  84 4878 418 31%
c - 89.87 10 14 0 280 737 1 3115999 13750 1.6 19 12 2 8 91%  84 4878 418 31%
c - 90.25 10 14 0 281 746 1 3132732 14801 1.6 19 12 2 8 91%  84 4878 418 31%
c - 90.65 10 14 0 282 753 1 3149495 15282 1.6 20 12 2 8 91%  84 4878 418 31%
c - 91.08 10 14 0 283 761 1 3166288 16446 1.6 20 12 2 8 90%  84 4878 418 31%
c - 91.53 10 15 0 284 762 1 3183111 17303 1.6 20 12 2 8 89%  84 4878 418 31%
c - 92.05 10 15 0 285 763 1 3199963 15642 1.6 20 12 2 8 90%  84 4878 418 31%
c - 92.61 10 15 0 286 763 1 3216845 14694 1.6 19 12 2 8 90%  84 4878 418 31%
c - 93.17 10 14 0 287 764 1 3233756 14917 1.6 19 12 2 8 90%  84 4878 418 31%
c O 93.66 10 14 0 287 764 1 3249634 24193 1.6 19 12 2 8 90%  84 4878 418 31%
c o 93.66 10 14 0 287 764 1 3249634 24193 1.6 19 12 2 8 90%  84 4878 418 31%
c
c seconds  switched    rate           size/glue  tier1   binary      remaining
c        MB  reductions   conflicts         size   tier2   irredundant
c         level   restarts       redundant     glue   trail      variables
c
c - 93.71 10 14 0 288 764 1 3250698 15791 1.6 19 12 2 8 90%  84 4878 418 31%
c - 94.32 10 15 0 289 764 1 3267668 16563 1.6 20 12 2 8 90%  84 4878 418 31%
c u 94.73 11 15 0 289 764 1 3277638 20977 1.6 20 12 2 8 91%  84 4878 418 31%
c v 94.87 11 15 0 289 764 1 3277638 18980 1.6 20 12 2 8 91%  84 4878 418 31%
c w 95.02 12 15 0 289 764 1 3277638 16734 1.6 20 12 2 8 91%  84 4878 418 31%
c - 95.26 10 15 0 290 764 1 3284668 13064 1.6 20 12 2 8 91%  84 4878 418 31%
c - 95.79 12 14 0 291 765 1 3301698 14284 1.6 20 12 2 8 91%  84 4878 418 31%
c - 96.42 12 14 0 292 765 1 3318757 14949 1.6 20 12 2 8 91%  84 4878 418 31%
c - 97.01 12 15 0 293 765 1 3335845 15240 1.6 20 12 2 8 91%  84 4878 418 31%
c - 97.57 12 14 0 294 765 1 3352962 15383 1.6 20 12 2 8 91%  84 4878 418 31%
c - 98.14 12 14 0 295 765 1 3370110 16932 1.7 20 12 2 8 91%  84 4878 418 31%
c - 98.62 12 14 0 296 765 1 3387286 18681 1.7 20 12 2 8 90%  84 4878 418 31%
c - 99.17 12 15 0 297 765 1 3404492 17651 1.6 20 12 2 8 89%  84 4878 418 31%
c - 99.70 12 15 0 298 767 1 3421727 17498 1.6 20 12 2 8 88%  84 4878 418 31%
c - 100.31 12 15 0 299 778 1 3438989 18120 1.6 20 12 2 8 88%  84 4878 418 31%
c - 100.96 12 15 0 300 783 1 3456280 17979 1.6 20 12 2 8 88%  84 4878 418 31%
c B 101.04 12 14 0 300 785 1 3458750 19132 1.6 20 12 2 8 88%  84 4878 418 31%
c - 101.58 12 15 0 301 793 1 3473600 17398 1.6 20 12 2 8 88%  84 4878 418 31%
c u 101.81 12 15 0 301 795 1 3478475 18827 1.6 20 12 2 8 88%  84 4878 418 31%
c v 101.93 12 15 0 301 795 1 3478475 16835 1.6 20 12 2 8 88%  84 4878 418 31%
c
c seconds   switched    rate           size/glue  tier1   binary      remaining
c         MB  reductions   conflicts         size   tier2   irredundant
c          level   restarts       redundant     glue   trail      variables
c
c w 102.06 12 15 0 301 795 1 3478475 15237 1.6 20 12 2 8 88%  84 4878 418 31%
c - 102.49 12 15 0 302 796 1 3490950 14515 1.6 20 12 2 8 89%  84 4878 418 31%
c - 103.00 12 15 0 303 801 1 3508328 15097 1.6 20 12 2 8 89%  84 4878 418 31%
c - 103.48 12 15 0 304 810 1 3525734 15799 1.6 20 12 2 8 89%  84 4878 418 31%
c - 104.04 12 15 0 305 817 1 3543169 16222 1.7 20 12 2 8 89%  84 4878 418 31%
c - 104.57 12 15 0 306 826 1 3560633 16831 1.7 21 12 2 8 89%  84 4878 418 31%
c - 105.16 12 15 0 307 827 1 3578127 16269 1.7 21 13 2 8 89%  84 4878 418 31%
c - 105.68 12 15 0 308 828 1 3595649 16137 1.6 20 12 2 8 89%  84 4878 418 31%
c - 106.24 12 15 0 309 828 1 3613200 16637 1.6 20 12 2 8 89%  84 4878 418 31%
c - 106.77 12 15 0 310 837 1 3630778 16611 1.6 20 12 2 8 90%  84 4878 418 31%
c - 107.26 12 14 0 311 843 1 3648386 17665 1.6 20 12 2 8 90%  84 4878 418 31%
c - 107.85 12 14 0 312 853 1 3666021 17803 1.6 20 12 2 8 91%  84 4878 418 31%
c W 108.22 12 14 0 312 858 1 3676032 23844 1.6 20 12 2 8 91%  84 4878 418 31%
c o 108.22 12 14 0 312 858 1 3676032 23844 1.6 20 12 2 8 91%  84 4878 418 31%
c - 108.54 12 14 0 313 859 1 3683685 16574 1.6 20 12 2 8 91%  84 4878 418 31%
c u 108.67 12 15 0 313 859 1 3685873 16969 1.6 20 12 2 8 91%  84 4878 418 31%
c v 108.78 12 15 0 313 859 1 3685873 15208 1.6 20 12 2 8 91%  84 4878 418 31%
c w 108.87 12 15 0 313 859 1 3685873 14178 1.6 20 12 2 8 91%  84 4878 418 31%
c - 109.38 10 15 0 314 861 1 3701377 13809 1.6 20 12 2 8 91%  84 4878 418 31%
c - 109.95 12 15 0 315 872 1 3719098 13898 1.6 20 12 2 8 91%  84 4878 418 31%
c
c seconds   switched    rate           size/glue  tier1   binary      remaining
c         MB  reductions   conflicts         size   tier2   irredundant
c          level   restarts       redundant     glue   trail      variables
c
c - 110.48 12 14 0 316 878 1 3736846 15100 1.6 20 12 2 8 91%  84 4878 418 31%
c - 111.04 12 15 0 317 888 1 3754622 16680 1.6 20 12 2 8 91%  84 4878 418 31%
c - 111.59 12 15 0 318 890 1 3772426 16127 1.6 20 12 2 8 91%  84 4878 418 31%
c - 112.22 12 15 0 319 891 1 3790258 16708 1.6 20 12 2 8 90%  84 4878 418 31%
c - 112.79 12 15 0 320 891 1 3808119 17126 1.6 20 12 2 8 91%  84 4878 418 31%
c - 113.30 12 14 0 321 892 1 3826007 16972 1.6 20 12 2 8 90%  84 4878 418 31%
c - 113.78 12 14 0 322 892 1 3843924 17597 1.6 20 12 2 8 90%  84 4878 418 31%
c - 114.29 12 14 0 323 892 1 3861868 17202 1.6 19 12 2 8 90%  84 4878 418 31%
c - 114.80 12 14 0 324 892 1 3879841 16769 1.6 20 12 2 8 90%  84 4878 418 31%
c - 115.29 12 15 0 325 903 1 3897841 17297 1.6 20 12 2 8 89%  84 4878 418 31%
c u 115.40 12 15 0 325 905 1 3899899 17724 1.6 20 12 2 8 89%  84 4878 418 31%
c v 115.51 12 15 0 325 905 1 3899899 15883 1.6 20 12 2 8 89%  84 4878 418 31%
c w 115.60 12 15 0 325 905 1 3899899 14686 1.6 20 12 2 8 89%  84 4878 418 31%
c x 115.61 12 15 0 325 905 1 3899899 14686 1.6 20 12 2 8 89%  84 4871 418 31%
c I 115.66 12 15 0 325 906 1 3901598 15800 1.6 20 12 2 8 89%  84 4871 418 31%
c - 115.97 12 15 0 326 910 1 3915868 14920 1.6 20 13 2 8 89%  84 4871 418 31%
c - 116.45 12 15 0 327 921 1 3933923 15185 1.6 20 13 2 8 90%  84 4871 418 31%
c - 116.93 12 15 0 328 923 1 3952006 14845 1.6 20 13 2 8 90%  84 4871 418 31%
c - 117.49 12 15 0 329 929 1 3970116 15812 1.6 20 13 2 8 90%  84 4871 418 31%
c - 118.00 12 15 0 330 938 1 3988256 16550 1.6 20 13 2 8 89%  84 4871 418 31%
c
c seconds   switched    rate           size/glue  tier1   binary      remaining
c         MB  reductions   conflicts         size   tier2   irredundant
c          level   restarts       redundant     glue   trail      variables
c
c - 118.55 12 15 0 331 945 1 4006422 16361 1.6 20 12 2 8 90%  84 4871 418 31%
c - 119.07 12 15 0 332 953 1 4024616 16741 1.6 20 12 2 8 90%  84 4871 418 31%
c - 119.64 12 15 0 333 954 1 4042838 17589 1.6 20 12 2 8 90%  84 4871 418 31%
c - 120.22 12 15 0 334 955 1 4061086 17838 1.6 20 12 2 8 90%  84 4871 418 31%
c - 120.73 12 14 0 335 957 1 4079361 17468 1.6 20 12 2 8 90%  84 4871 418 31%
c - 121.32 12 14 0 336 968 1 4097664 17316 1.6 20 12 2 8 91%  84 4871 418 31%
c - 121.85 12 14 0 337 975 1 4115994 17598 1.6 19 12 2 8 91%  84 4871 418 31%
c u 122.04 12 14 0 337 977 1 4120634 19618 1.6 19 12 2 8 91%  84 4871 418 31%
c v 122.16 12 14 0 337 977 1 4120634 17860 1.6 19 12 2 8 91%  84 4871 418 31%
c w 122.30 12 14 0 337 977 1 4120634 15687 1.6 19 12 2 8 91%  84 4871 418 31%
c o 122.30 12 14 0 337 977 1 4120634 15687 1.6 19 12 2 8 91%  84 4871 418 31%
c - 122.79 12 14 0 338 984 1 4134351 14928 1.6 20 12 2 8 91%  84 4871 418 31%
c B 122.82 12 14 0 338 985 1 4135564 15630 1.6 20 12 2 8 91%  84 4871 418 31%
c - 123.39 12 14 0 339 986 1 4152735 17734 1.6 19 12 2 8 90%  84 4871 418 31%
c - 124.05 12 14 0 340 993 1 4171147 19034 1.7 19 12 2 8 91%  84 4871 418 31%
c - 124.66 12 14 0 341 1001 1 4189588 19652 1.7 19 11 2 8 91%  84 4871 418 31%
c - 125.38 12 13 0 342 1011 1 4208054 20590 1.7 19 11 2 8 91%  84 4871 418 31%
c - 126.06 12 14 0 343 1017 1 4226549 19977 1.7 19 11 2 8 91%  84 4871 418 31%
c - 126.61 12 14 0 344 1018 1 4245069 20390 1.7 19 11 2 8 89%  84 4871 418 31%
c - 127.26 12 13 0 345 1018 1 4263616 21234 1.7 19 11 2 8 89%  84 4871 418 31%
c
c seconds   switched     rate           size/glue  tier1   binary      remaining
c         MB  reductions    conflicts         size   tier2   irredundant
c          level    restarts       redundant     glue   trail      variables
c
c - 127.91 12 13 0 346 1019 1 4282191 22371 1.7 19 11 2 8 89%  84 4871 418 31%
c - 128.54 12 13 0 347 1019 1 4300793 21691 1.7 19 11 2 8 89%  84 4871 418 31%
c - 129.22 12 13 0 348 1019 1 4319421 21923 1.7 18 11 2 8 90%  84 4871 418 31%
c - 129.91 12 13 0 349 1019 1 4338076 21344 1.7 18 11 2 8 90%  84 4871 418 31%
c u 130.34 12 13 0 349 1020 1 4348061 24800 1.7 18 11 2 8 91%  84 4871 418 31%
c v 130.56 12 13 0 349 1020 1 4348061 22306 1.7 18 11 2 8 91%  84 4871 418 31%
c w 130.75 12 13 0 349 1020 1 4348061 18174 1.7 18 11 2 8 91%  84 4871 418 31%
c - 131.03 12 13 0 350 1020 1 4356758 17389 1.7 18 11 2 8 91%  84 4871 418 31%
c - 131.66 12 12 0 351 1020 1 4375466 20688 1.7 18 10 2 8 91%  84 4871 418 31%
c W 131.79 12 12 0 351 1020 1 4378046 22662 1.7 18 10 2 8 91%  84 4871 418 31%
c o 131.79 12 12 0 351 1020 1 4378046 22662 1.7 18 10 2 8 91%  84 4871 418 31%
c - 132.42 12 13 0 352 1020 1 4394202 20508 1.7 18 11 2 8 92%  84 4871 418 31%
c - 133.09 12 13 0 353 1020 1 4412963 18065 1.7 19 11 2 8 92%  84 4871 418 31%
c - 133.76 12 13 0 354 1020 1 4431751 17241 1.7 19 11 2 8 92%  84 4871 418 31%
c - 134.51 12 13 0 355 1020 1 4450565 18161 1.7 19 11 2 8 92%  84 4871 418 31%
c - 135.17 12 13 0 356 1020 1 4469406 19480 1.7 19 11 2 8 91%  84 4871 418 31%
c - 135.89 12 13 0 357 1021 1 4488273 21054 1.7 19 11 2 8 90%  84 4871 418 31%
c - 136.58 12 13 0 358 1021 1 4507167 20123 1.6 19 11 2 8 91%  84 4871 418 31%
c - 137.21 12 13 0 359 1021 1 4526087 18119 1.6 18 11 2 8 91%  84 4871 418 31%
c - 137.87 12 13 0 360 1021 1 4545036 18528 1.6 18 11 2 8 91%  84 4871 418 31%
c
c seconds   switched     rate           size/glue  tier1   binary      remaining
c         MB  reductions    conflicts         size   tier2   irredundant
c          level    restarts       redundant     glue   trail      variables
c
c - 138.43 12 13 0 361 1021 1 4564009 20114 1.6 18 11 2 8 90%  84 4871 418 31%
c u 139.11 13 13 0 361 1021 1 4582215 29345 1.6 18 11 2 8 89%  84 4871 418 31%
c v 139.30 13 13 0 361 1021 1 4582215 26961 1.6 18 11 2 8 89%  84 4871 418 31%
c w 139.49 17 13 0 361 1021 1 4582215 18193 1.6 18 11 2 8 89%  84 4871 418 31%
c - 140.46 15 13 0 362 1021 1 4583009 14706 1.6 18 11 2 8 90%  84 4871 418 31%
c - 141.02 15 14 0 363 1021 1 4602036 17083 1.6 19 12 2 8 90%  84 4871 418 31%
c - 141.58 15 14 0 364 1021 1 4621088 17159 1.6 19 12 2 8 90%  84 4871 418 31%
c O 141.81 15 14 0 364 1021 1 4629157 22224 1.6 19 12 2 8 89%  84 4871 418 31%
c - 142.23 15 14 0 365 1021 1 4640167 17659 1.6 19 12 2 8 90%  84 4871 418 31%
c - 142.91 15 14 0 366 1021 1 4659271 17231 1.6 19 12 2 8 90%  84 4871 418 31%
c - 143.53 15 14 0 367 1021 1 4678402 17192 1.6 19 12 2 8 90%  84 4871 418 31%
c - 144.18 15 14 0 368 1021 1 4697559 17023 1.6 19 12 2 8 90%  84 4871 418 31%
c - 144.86 15 14 0 369 1021 1 4716742 16697 1.6 19 12 2 8 90%  84 4871 418 31%
c - 145.53 15 14 0 370 1022 1 4735951 17944 1.6 18 12 2 8 91%  84 4871 418 31%
c - 146.23 15 14 0 371 1022 1 4755186 17904 1.5 18 12 2 8 91%  84 4871 418 31%
c - 146.87 15 14 0 372 1022 1 4774448 17523 1.5 18 12 2 8 91%  84 4871 418 31%
c - 147.55 15 14 0 373 1022 1 4793735 17876 1.5 18 12 2 8 91%  84 4871 418 31%
c - 148.17 15 14 0 374 1022 1 4813048 19381 1.5 18 12 2 8 91%  84 4871 418 31%
c u 148.63 16 14 0 374 1022 1 4823128 23552 1.6 18 12 2 8 91%  84 4871 418 31%
c v 148.76 16 14 0 374 1022 1 4823128 21418 1.6 18 12 2 8 91%  84 4871 418 31%
c
c seconds   switched     rate           size/glue  tier1   binary      remaining
c         MB  reductions    conflicts         size   tier2   irredundant
c          level    restarts       redundant     glue   trail      variables
c
c w 149.07 17 14 0 374 1022 1 4823128 17913 1.6 18 12 2 8 91%  84 4871 418 31%
c o 149.07 17 14 0 374 1022 1 4823128 17913 1.6 18 12 2 8 91%  84 4871 418 31%
c - 149.40 15 14 0 375 1022 1 4832387 16115 1.6 18 12 2 8 92%  84 4871 418 31%
c - 150.05 15 14 0 376 1022 1 4851752 18042 1.6 19 12 2 8 91%  84 4871 418 31%
c - 150.78 15 14 0 377 1022 1 4871142 17333 1.6 19 12 2 7 91%  84 4871 418 31%
c B 151.42 15 14 0 377 1022 1 4889007 26329 1.6 20 12 2 7 91%  84 4871 418 31%
c - 151.48 15 14 0 378 1022 1 4890558 16952 1.6 20 12 2 7 91%  84 4871 418 31%
c - 152.23 15 14 0 379 1022 1 4910001 16704 1.6 20 12 2 7 91%  84 4871 418 31%
c - 152.95 15 14 0 380 1022 1 4929469 15831 1.6 20 12 2 7 91%  84 4871 418 31%
c - 153.61 15 14 0 381 1022 1 4948962 16502 1.6 19 12 2 7 91%  84 4871 418 31%
c - 154.34 15 14 0 382 1022 1 4968481 16289 1.6 19 12 2 7 90%  84 4871 418 31%
c - 155.06 15 14 0 383 1022 1 4988025 16649 1.6 19 12 2 7 90%  84 4871 418 31%
c - 155.71 15 14 0 384 1022 1 5007595 17578 1.6 19 12 2 7 90%  84 4871 418 31%
c - 156.41 15 14 0 385 1022 1 5027190 18099 1.6 20 12 2 7 91%  84 4871 418 31%
c - 157.07 15 14 0 386 1022 1 5046811 18229 1.6 20 12 2 7 91%  84 4871 418 31%
c - 157.81 15 14 0 387 1022 1 5066458 19432 1.7 20 12 2 7 91%  84 4871 418 31%
c u 158.06 16 14 0 387 1022 1 5070833 20590 1.7 19 12 2 7 91%  84 4871 418 31%
c v 158.23 16 14 0 387 1022 1 5070833 18370 1.7 19 12 2 7 91%  84 4871 418 31%
c w 158.37 16 14 0 387 1022 1 5070833 16759 1.7 19 12 2 7 91%  84 4871 418 31%
c - 158.88 15 14 0 388 1022 1 5086130 16597 1.7 19 12 2 7 91%  84 4871 418 31%
c
c seconds   switched     rate           size/glue  tier1   binary      remaining
c         MB  reductions    conflicts         size   tier2   irredundant
c          level    restarts       redundant     glue   trail      variables
c
c - 159.54 15 14 0 389 1022 1 5105828 16755 1.6 19 12 2 7 91%  84 4871 418 31%
c - 160.23 15 14 0 390 1022 1 5125551 16562 1.6 19 12 2 7 91%  84 4871 418 31%
c - 160.86 15 14 0 391 1022 1 5145299 16830 1.6 19 12 2 7 91%  84 4871 418 31%
c W 161.34 13 14 0 391 1022 1 5157709 24092 1.6 19 12 2 7 90%  84 4871 418 31%
c o 161.34 13 14 0 391 1022 1 5157709 24092 1.6 19 12 2 7 90%  84 4871 418 31%
c - 161.62 13 14 0 392 1022 1 5165073 17872 1.6 19 12 2 7 90%  84 4871 418 31%
c - 162.23 13 14 0 393 1022 1 5184872 17890 1.6 19 12 2 7 91%  84 4871 418 31%
c - 162.88 13 15 0 394 1022 1 5204696 17416 1.6 20 12 2 7 91%  84 4871 418 31%
c - 163.52 13 14 0 395 1022 1 5224545 17781 1.6 20 12 2 7 90%  84 4871 418 31%
c - 164.14 13 14 0 396 1022 1 5244419 18373 1.6 20 12 2 7 90%  84 4871 418 31%
c - 164.75 13 14 0 397 1026 1 5264318 18065 1.6 19 12 2 7 91%  84 4871 418 31%
c - 165.36 13 14 0 398 1036 1 5284242 18670 1.6 19 12 2 7 90%  84 4871 418 31%
c - 165.94 13 14 0 399 1044 1 5304192 19842 1.6 19 12 2 7 91%  84 4871 418 31%
c - 166.58 13 14 0 400 1052 1 5324167 20234 1.6 19 12 2 7 91%  84 4871 418 31%
c u 166.69 13 14 0 400 1052 1 5325364 19929 1.6 19 12 2 7 91%  84 4871 418 31%
c v 166.84 13 14 0 400 1052 1 5325364 17292 1.6 19 12 2 7 91%  84 4871 418 31%
c w 166.91 13 14 0 400 1052 1 5325364 16414 1.6 19 12 2 7 91%  84 4871 418 31%
c - 167.40 13 14 0 401 1055 1 5344168 16255 1.6 19 12 2 7 90%  84 4871 418 31%
c - 168.02 13 14 0 402 1067 1 5364192 15940 1.6 19 12 2 7 90%  84 4871 418 31%
c - 168.65 13 14 0 403 1075 1 5384242 16225 1.6 19 12 2 7 91%  84 4871 418 31%
c
c seconds   switched     rate           size/glue  tier1   binary      remaining
c         MB  reductions    conflicts         size   tier2   irredundant
c          level    restarts       redundant     glue   trail      variables
c
c - 169.32 13 14 0 404 1083 1 5404316 17680 1.6 19 12 2 7 91%  84 4871 418 31%
c - 169.98 13 14 0 405 1085 1 5424417 17849 1.6 19 12 2 7 91%  84 4871 418 31%
c I 170.35 13 14 0 405 1085 1 5435372 23446 1.6 19 12 2 7 90%  84 4871 418 31%
c - 170.56 13 14 0 406 1085 1 5444542 17129 1.6 19 12 2 7 90%  84 4871 418 31%
c - 171.08 13 15 0 407 1091 1 5464692 16808 1.6 20 13 2 7 91%  84 4871 418 31%
c - 171.61 13 15 0 408 1100 1 5484867 16160 1.6 20 13 2 7 91%  84 4871 418 31%
c - 172.18 13 15 0 409 1110 1 5505067 16228 1.6 20 13 2 7 91%  84 4871 418 31%
c - 172.68 13 15 0 410 1116 1 5525291 17141 1.6 20 13 2 7 91%  84 4871 418 31%
c - 173.25 13 15 0 411 1122 1 5545539 17412 1.6 20 13 2 7 91%  84 4871 418 31%
c - 173.80 13 15 0 412 1131 1 5565813 18119 1.6 20 13 2 7 90%  84 4871 418 31%
c - 174.39 13 15 0 413 1140 1 5586110 16961 1.6 20 13 2 7 91%  84 4871 418 31%
c u 174.49 13 15 0 413 1141 1 5586750 16379 1.6 20 13 2 7 91%  84 4871 418 31%
c v 174.57 13 15 0 413 1141 1 5586750 14530 1.6 20 13 2 7 91%  84 4871 418 31%
c w 174.59 13 15 0 413 1141 1 5586750 14218 1.6 20 13 2 7 91%  84 4871 418 31%
c o 174.59 13 15 0 413 1141 1 5586750 14218 1.6 20 13 2 7 91%  84 4871 418 31%
c - 175.05 13 15 0 414 1147 1 5606432 15804 1.6 20 13 2 7 90%  84 4871 418 31%
c - 175.57 13 15 0 415 1148 1 5626780 16361 1.6 20 13 2 7 89%  84 4871 418 31%
c - 176.15 13 15 0 416 1148 1 5647151 17062 1.6 20 12 2 7 89%  84 4871 418 31%
c - 176.79 13 15 0 417 1149 1 5667548 17690 1.6 19 12 2 7 89%  84 4871 418 31%
c - 177.51 13 14 0 418 1149 1 5687969 18341 1.6 20 12 2 7 90%  84 4871 418 31%
c
c seconds   switched     rate           size/glue  tier1   binary      remaining
c         MB  reductions    conflicts         size   tier2   irredundant
c          level    restarts       redundant     glue   trail      variables
c
c - 178.19 13 14 0 419 1149 1 5708415 18300 1.6 19 12 2 7 90%  84 4871 418 31%
c B 178.62 13 14 0 419 1152 1 5722105 24811 1.6 19 12 2 7 90%  84 4871 418 31%
c - 178.83 13 14 0 420 1156 1 5728884 19437 1.6 19 12 2 7 90%  84 4871 418 31%
c - 179.53 13 14 0 421 1164 1 5749377 19544 1.6 19 12 2 7 89%  84 4871 418 31%
c - 180.27 13 15 0 422 1175 1 5769895 17886 1.6 20 12 2 7 90%  84 4871 418 31%
c - 180.98 13 15 0 423 1180 1 5790437 17286 1.6 20 12 2 7 91%  84 4871 418 31%
c - 181.64 13 15 0 424 1187 1 5811003 17455 1.6 20 13 2 7 91%  84 4871 418 31%
c - 182.26 13 15 0 425 1195 1 5831594 17652 1.6 20 13 2 7 91%  84 4871 418 31%
c - 183.02 13 15 0 426 1206 1 5852210 17903 1.6 20 12 2 7 91%  84 4871 418 31%
c u 183.20 13 15 0 426 1208 1 5855026 18438 1.6 20 12 2 7 92%  84 4871 418 31%
c v 183.31 13 15 0 426 1208 1 5855026 16612 1.6 20 12 2 7 92%  84 4871 418 31%
c w 183.38 13 15 0 426 1208 1 5855026 15722 1.6 20 12 2 7 92%  84 4871 418 31%
c x 183.39 13 15 0 426 1208 1 5855026 15721 1.6 20 12 2 7 92%  84 4870 418 31%
c s 183.39 13 15 0 426 1208 1 5855026 15721 1.6 20 12 2 7 92%  84 4869 418 31%
c - 183.96 13 14 0 427 1211 1 5872849 15769 1.6 20 12 2 7 92%  84 4869 418 31%
c - 184.69 13 14 0 428 1212 1 5893512 16565 1.6 20 12 2 7 92%  84 4869 418 31%
c - 185.38 13 14 0 429 1212 1 5914202 17199 1.6 20 12 2 7 92%  84 4869 418 31%
c - 185.99 13 14 0 430 1224 1 5934915 17592 1.7 20 12 2 7 92%  84 4869 418 31%
c - 186.66 13 14 0 431 1232 1 5955651 17847 1.7 20 12 2 7 92%  84 4869 418 31%
c - 187.33 13 14 0 432 1242 1 5976411 18015 1.7 20 12 2 7 92%  84 4869 418 31%
c
c seconds   switched     rate           size/glue  tier1   binary      remaining
c         MB  reductions    conflicts         size   tier2   irredundant
c          level    restarts       redundant     glue   trail      variables
c
c - 187.95 13 14 0 433 1243 1 5997196 18365 1.7 21 12 2 7 92%  84 4869 418 31%
c - 188.69 13 14 0 434 1256 1 6018005 18370 1.7 21 12 2 7 92%  84 4869 418 31%
c W 188.71 13 14 0 434 1256 1 6018016 18378 1.7 21 12 2 7 92%  84 4869 418 31%
c o 188.71 13 14 0 434 1256 1 6018016 18378 1.7 21 12 2 7 92%  84 4869 418 31%
c - 189.24 13 15 0 435 1264 1 6038838 18878 1.7 21 12 2 7 92%  84 4869 418 31%
c - 189.89 13 15 0 436 1273 1 6059694 17876 1.7 21 13 2 7 92%  84 4869 418 31%
c - 190.53 13 15 0 437 1274 1 6080574 18619 1.7 21 12 2 7 92%  84 4869 418 31%
c - 191.19 13 15 0 438 1275 1 6101479 19638 1.7 21 12 2 7 91%  84 4869 418 31%
c - 191.93 13 15 0 439 1276 1 6122407 19384 1.7 21 12 2 7 92%  84 4869 418 31%
c u 192.28 13 15 0 439 1276 1 6130234 23847 1.7 21 12 2 7 91%  84 4869 418 31%
c v 192.43 13 15 0 439 1276 1 6130234 21650 1.7 21 12 2 7 91%  84 4869 418 31%
c w 192.73 13 15 0 439 1276 1 6130234 19909 1.7 21 12 2 7 91%  84 4869 418 31%
c - 193.21 13 15 0 440 1276 1 6143359 16915 1.7 21 12 2 7 91%  84 4869 418 31%
c - 193.88 13 14 0 441 1276 1 6164335 18459 1.7 20 12 2 7 90%  84 4869 418 31%
c - 194.55 13 14 0 442 1277 1 6185336 19382 1.7 20 12 2 7 90%  84 4869 418 31%
c - 195.26 13 15 0 443 1277 1 6206359 18856 1.7 20 12 2 7 90%  84 4869 418 31%
c - 196.04 13 15 0 444 1277 1 6227407 17460 1.7 21 12 2 7 91%  84 4869 418 31%
c - 196.74 13 14 0 445 1277 1 6248479 17299 1.7 21 12 2 7 91%  84 4869 418 31%
c - 197.51 13 14 0 446 1277 1 6269576 17163 1.7 20 12 2 7 91%  84 4869 418 31%
c - 198.21 13 14 0 447 1277 1 6290695 17581 1.7 20 12 2 7 91%  84 4869 418 31%
c
c seconds   switched     rate           size/glue  tier1   binary      remaining
c         MB  reductions    conflicts         size   tier2   irredundant
c          level    restarts       redundant     glue   trail      variables
c
c - 198.85 13 14 0 448 1278 1 6311838 18603 1.7 20 12 2 7 90%  84 4869 418 31%
c O 199.25 13 14 0 448 1284 1 6323210 24291 1.6 20 12 2 7 90%  84 4869 418 31%
c o 199.25 13 14 0 448 1284 1 6323210 24291 1.6 20 12 2 7 90%  84 4869 418 31%
c - 199.62 13 14 0 449 1291 1 6333004 19372 1.7 20 12 2 7 90%  84 4869 418 31%
c - 200.36 13 14 0 450 1299 1 6354194 19500 1.7 20 12 2 7 91%  84 4869 418 31%
c - 201.13 13 14 0 451 1307 1 6375408 18922 1.7 20 12 2 7 91%  84 4869 418 31%
c - 201.78 13 14 0 452 1311 1 6396645 19527 1.7 21 12 2 7 91%  84 4869 418 31%
c u 202.41 13 14 0 452 1321 1 6412373 27073 1.7 20 12 2 7 91%  84 4869 418 31%
c v 202.59 13 14 0 452 1321 1 6412373 24865 1.7 20 12 2 7 91%  84 4869 418 31%
c w 202.89 13 14 0 452 1321 1 6412373 20527 1.7 20 12 2 7 91%  84 4869 418 31%
c - 203.07 13 14 0 453 1322 1 6417906 15933 1.7 20 12 2 7 91%  84 4869 418 31%
c - 203.75 13 15 0 454 1331 1 6439190 17578 1.7 20 12 2 7 91%  84 4869 418 31%
c - 204.38 13 15 0 455 1339 1 6460497 17784 1.7 20 12 2 7 90%  84 4869 418 31%
c - 205.01 13 15 0 456 1340 1 6481829 18669 1.7 21 12 2 7 90%  84 4869 418 31%
c - 205.61 13 14 0 457 1340 1 6503183 18705 1.7 21 12 2 7 90%  84 4869 418 31%
c - 206.24 13 14 0 458 1350 1 6524560 19964 1.7 21 12 2 7 89%  84 4869 418 31%
c - 206.94 13 15 0 459 1359 1 6545960 20561 1.7 20 12 2 7 89%  84 4869 418 31%
c - 207.71 13 14 0 460 1370 1 6567384 20209 1.6 20 12 2 7 89%  84 4869 418 31%
c - 208.42 13 14 0 461 1371 1 6588832 21077 1.6 20 12 2 7 88%  84 4869 418 31%
c - 209.14 13 14 0 462 1384 1 6610302 21262 1.6 20 12 2 7 89%  84 4869 418 31%
c
c seconds   switched     rate           size/glue  tier1   binary      remaining
c         MB  reductions    conflicts         size   tier2   irredundant
c          level    restarts       redundant     glue   trail      variables
c
c - 209.87 13 14 0 463 1393 1 6631797 19337 1.6 19 12 2 7 89%  84 4869 418 31%
c B 210.04 13 14 0 463 1396 1 6637792 22849 1.6 19 12 2 7 89%  84 4869 418 31%
c o 210.04 13 14 0 463 1396 1 6637792 22849 1.6 19 12 2 7 89%  84 4869 418 31%
c - 210.54 13 14 0 464 1401 1 6653315 20228 1.6 20 12 2 7 90%  84 4869 418 31%
c - 211.19 13 14 0 465 1403 1 6674855 19193 1.6 20 12 2 7 90%  84 4869 418 31%
c - 211.80 13 14 0 466 1403 1 6696419 18266 1.6 19 12 2 7 90%  84 4869 418 31%
c u 212.03 13 14 0 466 1403 1 6701501 20261 1.6 19 12 2 7 90%  84 4869 418 31%
c v 212.14 13 14 0 466 1403 1 6701501 18501 1.6 19 12 2 7 90%  84 4869 418 31%
c w 212.22 13 14 0 466 1403 1 6701501 16567 1.6 19 12 2 7 90%  84 4869 418 31%
c = 213.16 37 14 0 466 1403 1 6701501 16567 1.6 19 12 2 7 90%  84 4857 417 31%
c u 213.24 37 14 0 466 1403 1 6701501 16112 1.6 19 12 2 7 90%  84 4857 417 31%
c v 213.31 37 14 0 466 1403 1 6701501 15320 1.6 19 12 2 7 90%  84 4857 417 31%
c w 213.37 37 14 0 466 1403 1 6701501 14827 1.6 19 12 2 7 90%  84 4857 417 31%
c e 213.38  8 14 0 466 1403 1 6701501 14827 1.6 19 12 2 7 90%  84 4879 415 30%
c s 213.38  8 14 0 466 1403 1 6701501 14827 1.6 19 12 2 7 90%  84 4873 415 30%
c - 213.90 10 14 0 467 1404 1 6718007 14964 1.6 20 12 2 7 91%  84 4873 415 30%
c - 214.54 10 15 0 468 1404 1 6739617 16560 1.6 20 12 2 7 91%  84 4873 415 30%
c - 215.20 10 14 0 469 1404 1 6761251 17156 1.6 20 12 2 7 91%  84 4873 415 30%
c - 215.96 11 14 0 470 1411 1 6782908 17874 1.6 20 12 2 7 91%  84 4873 415 30%
c - 216.64 11 14 0 471 1420 1 6804588 18871 1.6 20 12 2 7 91%  84 4873 415 30%
c
c seconds   switched     rate           size/glue  tier1   binary      remaining
c         MB  reductions    conflicts         size   tier2   irredundant
c          level    restarts       redundant     glue   trail      variables
c
c - 217.42 11 14 0 472 1433 1 6826291 19249 1.6 19 12 2 7 91%  84 4873 415 30%
c - 218.15 11 14 0 473 1435 1 6848016 19119 1.6 19 12 2 7 91%  84 4873 415 30%
c - 218.92 11 14 0 474 1446 1 6869765 19979 1.6 19 12 2 7 91%  84 4873 415 30%
c - 219.64 11 13 0 475 1455 1 6891536 19955 1.6 19 12 2 7 91%  84 4873 415 30%
c - 220.41 11 13 0 476 1465 1 6913330 20202 1.6 18 11 2 7 91%  84 4873 415 30%
c - 221.16 11 13 0 477 1466 1 6935148 21944 1.6 17 11 2 7 91%  84 4873 415 30%
c - 221.90 11 13 0 478 1467 1 6956988 22128 1.6 18 11 2 7 91%  84 4873 415 30%
c W 222.12 11 13 0 478 1467 1 6961868 24641 1.6 18 11 2 7 91%  84 4873 415 30%
c o 222.12 11 13 0 478 1467 1 6961868 24641 1.6 18 11 2 7 91%  84 4873 415 30%
c - 222.65 11 13 0 479 1474 1 6978851 21115 1.7 18 11 2 7 91%  84 4873 415 30%
c u 223.43 11 13 0 479 1482 1 6997729 30608 1.7 19 11 2 7 92%  84 4873 415 30%
c v 223.67 12 13 0 479 1482 1 6997729 27722 1.7 19 11 2 7 92%  84 4873 415 30%
c w 223.94 12 13 0 479 1482 1 6997729 23007 1.7 19 11 2 7 92%  84 4873 415 30%
c - 224.04 12 13 0 480 1482 1 7000738 17461 1.7 19 11 2 7 92%  84 4873 415 30%
c - 224.62 12 14 0 481 1496 1 7022646 18818 1.7 19 12 2 7 92%  84 4873 415 30%
c - 225.26 12 14 0 482 1498 1 7044577 18110 1.7 20 12 2 7 92%  84 4873 415 30%
c - 225.98 12 14 0 483 1508 1 7066531 18466 1.7 20 12 2 7 91%  84 4873 415 30%
c - 226.70 12 14 0 484 1518 1 7088509 18943 1.7 20 12 2 7 91%  84 4873 415 30%
c - 227.36 12 14 0 485 1528 1 7110509 19246 1.7 20 12 2 7 91%  84 4873 415 30%
c - 228.01 12 14 0 486 1530 1 7132531 20209 1.7 19 12 2 7 91%  84 4873 415 30%
c
c seconds   switched     rate           size/glue  tier1   binary      remaining
c         MB  reductions    conflicts         size   tier2   irredundant
c          level    restarts       redundant     glue   trail      variables
c
c - 228.76 12 14 0 487 1530 1 7154577 20681 1.7 20 12 2 7 92%  84 4873 415 30%
c - 229.45 13 14 0 488 1531 1 7176645 19753 1.7 20 12 2 7 91%  84 4873 415 30%
c - 230.17 13 14 0 489 1531 1 7198736 20273 1.7 20 12 2 7 91%  84 4873 415 30%
c - 231.03 13 14 0 490 1531 1 7220850 20454 1.7 20 12 2 7 91%  84 4873 415 30%
c - 231.79 13 14 0 491 1532 1 7242986 20357 1.7 19 12 2 7 91%  84 4873 415 30%
c - 232.59 13 13 0 492 1532 1 7265145 20102 1.7 19 11 2 7 91%  84 4873 415 30%
c - 233.45 13 13 0 493 1532 1 7287326 21561 1.7 19 11 2 7 91%  84 4873 415 30%
c I 233.81 13 13 0 493 1532 1 7295540 25208 1.7 19 11 2 7 92%  84 4873 415 30%
c o 233.81 13 13 0 493 1532 1 7295540 25208 1.7 19 11 2 7 92%  84 4873 415 30%
c u 234.12 13 13 0 493 1532 1 7300827 26885 1.7 19 11 2 7 92%  84 4873 415 30%
c v 234.32 13 13 0 493 1532 1 7300827 24161 1.7 19 11 2 7 92%  84 4873 415 30%
c w 234.58 13 13 0 493 1532 1 7300827 20164 1.7 19 11 2 7 92%  84 4873 415 30%
c - 234.85 13 13 0 494 1532 1 7309529 17513 1.7 19 11 2 7 92%  84 4873 415 30%
c - 235.51 13 14 0 495 1532 1 7331756 18637 1.7 19 12 2 7 92%  84 4873 415 30%
c - 236.28 13 14 0 496 1532 1 7354005 18521 1.6 19 12 2 7 91%  84 4873 415 30%
c - 237.02 13 14 0 497 1533 1 7376277 19338 1.6 19 12 2 7 91%  84 4873 415 30%
c - 237.77 13 14 0 498 1533 1 7398570 19562 1.6 19 12 2 7 92%  84 4873 415 30%
c - 238.44 13 14 0 499 1533 1 7420885 20742 1.7 19 12 2 7 91%  84 4873 415 30%
c - 239.14 13 14 0 500 1533 1 7443223 20959 1.6 19 12 2 7 91%  84 4873 415 30%
c - 239.93 13 14 0 501 1533 1 7465584 20068 1.6 19 11 2 7 91%  84 4873 415 30%
c
c seconds   switched     rate           size/glue  tier1   binary      remaining
c         MB  reductions    conflicts         size   tier2   irredundant
c          level    restarts       redundant     glue   trail      variables
c
c - 240.71 13 13 0 502 1533 1 7487967 21200 1.6 18 11 2 7 91%  84 4873 415 30%
c - 241.51 13 13 0 503 1533 1 7510373 21716 1.7 18 11 2 7 91%  84 4873 415 30%
c - 242.26 13 13 0 504 1533 1 7532801 21132 1.7 18 11 2 7 91%  84 4873 415 30%
c - 242.97 13 13 0 505 1533 1 7555251 21723 1.6 18 11 2 7 91%  84 4873 415 30%
c - 243.64 13 12 0 506 1533 1 7577723 22778 1.6 17 11 2 7 91%  84 4873 415 30%
c - 244.30 13 13 0 507 1533 1 7600217 22917 1.6 18 11 2 7 91%  84 4873 415 30%
c u 244.73 13 13 0 507 1533 1 7610978 28540 1.6 18 11 2 7 91%  84 4873 415 30%
c v 244.92 13 13 0 507 1533 1 7610978 25355 1.6 18 11 2 7 91%  84 4873 415 30%
c w 245.17 13 13 0 507 1533 1 7610978 21472 1.6 18 11 2 7 91%  84 4873 415 30%
c - 246.65 33 13 0 508 1533 1 7622734 17821 1.6 18 11 2 7 90%  84 4873 415 30%
c B 247.13 33 13 0 508 1542 1 7638912 27570 1.6 18 11 2 7 90%  84 4873 415 30%
c o 247.13 33 13 0 508 1542 1 7638912 27570 1.6 18 11 2 7 90%  84 4873 415 30%
c - 247.43 33 13 0 509 1546 1 7645272 19320 1.6 18 11 2 7 90%  84 4873 415 30%
c - 248.25 33 14 0 510 1555 1 7667833 19219 1.6 19 11 2 7 91%  84 4873 415 30%
c - 249.07 33 14 0 511 1563 1 7690416 18081 1.6 19 12 2 7 91%  84 4873 415 30%
c - 249.78 33 14 0 512 1569 1 7713021 18122 1.6 19 12 2 7 91%  84 4873 415 30%
c - 250.64 33 14 0 513 1579 1 7735649 19038 1.6 19 12 2 7 92%  84 4873 415 30%
c - 251.57 33 14 0 514 1591 1 7758298 18840 1.6 19 12 2 7 92%  84 4873 415 30%
c - 252.36 33 14 0 515 1595 1 7780970 19838 1.6 19 12 2 7 91%  84 4873 415 30%
c - 253.12 33 14 0 516 1596 1 7803663 20903 1.6 18 12 2 7 91%  84 4873 415 30%
c
c seconds   switched     rate           size/glue  tier1   binary      remaining
c         MB  reductions    conflicts         size   tier2   irredundant
c          level    restarts       redundant     glue   trail      variables
c
c - 253.84 33 14 0 517 1600 1 7826378 22072 1.6 19 12 2 7 89%  84 4873 415 30%
c - 254.67 33 14 0 518 1611 1 7849116 21720 1.6 18 12 2 7 89%  84 4873 415 30%
c - 255.43 33 13 0 519 1622 1 7871876 22797 1.6 18 11 2 7 88%  84 4873 415 30%
c - 256.20 33 13 0 520 1627 1 7894658 24010 1.6 18 11 2 7 87%  84 4873 415 30%
c - 257.17 33 13 0 521 1636 1 7917461 26570 1.7 18 11 2 7 87%  84 4873 415 30%
c u 257.67 33 13 0 521 1641 1 7928213 30649 1.7 18 11 2 7 88%  84 4873 415 30%
c v 257.95 33 13 0 521 1641 1 7928213 26857 1.7 18 11 2 7 88%  84 4873 415 30%
c w 258.15 33 13 0 521 1641 1 7928213 22392 1.7 18 11 2 7 88%  84 4873 415 30%
c - 258.51 34 13 0 522 1645 1 7940287 20295 1.6 18 11 2 7 88%  84 4873 415 30%
c - 259.20 34 13 0 523 1657 1 7963135 20023 1.6 17 11 2 7 89%  84 4873 415 30%
c - 259.91 34 13 0 524 1658 1 7986004 20488 1.6 17 11 2 7 89%  84 4873 415 30%
c W 260.23 34 13 0 524 1659 1 7992083 23581 1.6 17 11 2 7 89%  84 4873 415 30%
c o 260.23 34 13 0 524 1659 1 7992083 23581 1.6 17 11 2 7 89%  84 4873 415 30%
c - 260.81 34 13 0 525 1659 1 8008896 21641 1.6 17 11 2 7 90%  84 4873 415 30%
c - 261.66 34 13 0 526 1660 1 8031808 21704 1.6 18 11 2 7 90%  84 4873 415 30%
c - 262.59 34 13 0 527 1660 1 8054742 20307 1.6 18 11 2 7 91%  84 4873 415 30%
c - 263.53 34 13 0 528 1660 1 8077699 21030 1.6 18 11 2 7 91%  84 4873 415 30%
c - 264.40 34 13 0 529 1670 1 8100677 22533 1.7 19 11 2 7 91%  84 4873 415 30%
c - 265.32 34 13 0 530 1681 1 8123677 22398 1.7 19 11 2 7 91%  84 4873 415 30%
c - 266.20 34 13 0 531 1690 1 8146698 22168 1.7 18 11 2 7 91%  84 4873 415 30%
c
c seconds   switched     rate           size/glue  tier1   binary      remaining
c         MB  reductions    conflicts         size   tier2   irredundant
c          level    restarts       redundant     glue   trail      variables
c
c - 267.30 34 13 0 532 1694 1 8169741 23423 1.6 18 11 2 7 90%  84 4873 415 30%
c - 268.52 34 12 0 533 1706 1 8192808 24300 1.6 17 10 2 7 89%  84 4873 415 30%
c - 269.48 34 12 0 534 1717 1 8215894 25340 1.6 17 11 2 7 89%  84 4873 415 30%
c - 270.44 34 12 0 535 1722 1 8239002 23961 1.6 17 10 2 7 89%  84 4873 415 30%
c u 271.10 34 12 0 535 1723 1 8252535 30365 1.7 18 10 2 7 89%  84 4873 415 30%
c v 271.36 34 12 0 535 1723 1 8252535 27306 1.7 18 10 2 7 89%  84 4873 415 30%
c w 271.46 34 12 0 535 1723 1 8252535 25477 1.7 18 10 2 7 89%  84 4873 415 30%
c x 271.48 34 12 0 535 1723 1 8252535 25473 1.7 18 10 2 7 89%  84 4870 415 30%
c s 271.48 34 12 0 535 1723 1 8252535 25473 1.7 18 10 2 7 89%  84 4867 415 30%
c - 271.86 34 12 0 536 1723 1 8262132 22425 1.7 18 11 2 7 90%  84 4867 415 30%
c - 272.66 34 13 0 537 1726 1 8285285 23534 1.7 18 11 2 7 89%  84 4867 415 30%
c - 273.48 34 13 0 538 1738 1 8308459 21259 1.6 18 11 2 7 89%  84 4867 415 30%
c - 274.27 34 13 0 539 1749 1 8331653 22352 1.6 17 11 2 7 90%  84 4867 415 30%
c - 275.13 34 12 0 540 1754 1 8354870 22815 1.6 17 10 2 7 90%  84 4867 415 30%
c O 275.14 34 12 0 540 1754 1 8355153 22957 1.6 17 11 2 7 90%  84 4867 415 30%
c o 275.14 34 12 0 540 1754 1 8355153 22957 1.6 17 11 2 7 90%  84 4867 415 30%
c - 276.10 34 13 0 541 1764 1 8378107 23419 1.7 18 11 2 7 90%  84 4867 415 30%
c - 277.00 34 13 0 542 1773 1 8401367 21457 1.7 18 11 2 7 91%  84 4867 415 30%
c - 277.98 34 13 0 543 1784 1 8424647 21256 1.7 18 11 2 7 91%  84 4867 415 30%
c - 278.99 34 13 0 544 1786 1 8447949 21270 1.7 18 11 2 7 91%  84 4867 415 30%
c
c seconds   switched     rate           size/glue  tier1   binary      remaining
c         MB  reductions    conflicts         size   tier2   irredundant
c          level    restarts       redundant     glue   trail      variables
c
c - 279.84 34 13 0 545 1786 1 8471274 21534 1.7 18 11 2 7 91%  84 4867 415 30%
c - 280.60 34 13 0 546 1787 1 8494620 23271 1.7 18 11 2 7 91%  84 4867 415 30%
c - 281.45 34 13 0 547 1787 1 8517987 25517 1.7 19 11 2 7 91%  84 4867 415 30%
c - 282.45 32 13 0 548 1787 1 8541375 24038 1.7 19 11 2 7 91%  84 4867 415 30%
c - 283.38 34 13 0 549 1788 1 8564784 23668 1.8 19 11 2 7 91%  84 4867 415 30%
c u 284.36 34 13 0 549 1788 1 8584038 33542 1.8 20 11 2 7 91%  84 4867 415 30%
c v 284.65 34 13 0 549 1788 1 8584038 30398 1.8 20 11 2 7 91%  84 4867 415 30%
c w 285.06 34 13 0 549 1788 1 8584038 25416 1.8 20 11 2 7 91%  84 4867 415 30%
c - 285.21 34 13 0 550 1788 1 8588215 19799 1.8 20 11 2 7 91%  84 4867 415 30%
c - 286.14 34 13 0 551 1788 1 8611668 22627 1.8 19 11 2 7 91%  84 4867 415 30%
c - 287.16 34 13 0 552 1788 1 8635142 22693 1.8 19 11 2 7 92%  84 4867 415 30%
c - 288.14 34 13 0 553 1788 1 8658636 21995 1.8 19 11 2 7 91%  84 4867 415 30%
c - 289.23 34 13 0 554 1794 1 8682152 22535 1.7 19 11 2 7 91%  84 4867 415 30%
c - 290.24 34 12 0 555 1803 1 8705689 23921 1.7 18 11 2 7 91%  84 4867 415 30%
c B 290.98 34 13 0 555 1816 1 8728223 37183 1.7 19 11 2 7 92%  84 4867 415 30%
c o 290.98 34 13 0 555 1816 1 8728223 37183 1.7 19 11 2 7 92%  84 4867 415 30%
c - 291.04 34 13 0 556 1817 1 8729248 24396 1.7 19 11 2 7 92%  84 4867 415 30%
c - 291.84 34 13 0 557 1819 1 8752827 24342 1.7 19 11 2 7 92%  84 4867 415 30%
c - 292.77 34 13 0 558 1832 1 8776427 26074 1.8 19 11 2 7 92%  84 4867 415 30%
c - 293.65 32 13 0 559 1841 1 8800050 25532 1.8 19 11 2 7 91%  84 4867 415 30%
c
c seconds   switched     rate           size/glue  tier1   binary      remaining
c         MB  reductions    conflicts         size   tier2   irredundant
c          level    restarts       redundant     glue   trail      variables
c
c - 294.53 34 13 0 560 1850 1 8823693 23624 1.7 19 11 2 7 91%  84 4867 415 30%
c - 295.30 34 13 0 561 1851 1 8847359 25516 1.7 18 11 2 7 91%  84 4867 415 30%
c - 296.11 34 13 0 562 1851 1 8871046 27223 1.7 18 11 2 7 89%  84 4867 415 30%
c - 296.96 34 13 0 563 1865 1 8894752 26208 1.7 18 11 2 7 88%  84 4867 415 30%
c - 297.80 34 13 0 564 1874 1 8918480 26852 1.7 18 11 2 7 88%  84 4867 415 30%
c u 298.10 34 13 0 564 1877 1 8922725 27599 1.7 18 11 2 7 89%  84 4867 415 30%
c v 298.36 34 13 0 564 1877 1 8922725 24071 1.7 18 11 2 7 89%  84 4867 415 30%
c w 298.53 34 13 0 564 1877 1 8922725 22081 1.7 18 11 2 7 89%  84 4867 415 30%
c - 299.10 34 13 0 565 1882 1 8942228 22025 1.7 18 11 2 7 89%  84 4867 415 30%
c - 299.84 34 13 0 566 1889 1 8965998 22371 1.7 18 11 2 7 89%  84 4867 415 30%
c - 300.60 34 13 0 567 1900 1 8989789 22472 1.7 18 11 2 7 90%  84 4867 415 30%
c - 301.41 34 13 0 568 1912 1 9013602 23862 1.7 18 11 2 7 90%  84 4867 415 30%
c - 302.22 34 13 0 569 1914 1 9037435 24255 1.6 18 11 2 7 90%  84 4867 415 30%
c - 303.07 34 13 0 570 1914 1 9061288 23762 1.6 18 11 2 7 91%  84 4867 415 30%
c - 303.86 34 13 0 571 1915 1 9085163 24840 1.6 18 11 2 7 90%  84 4867 415 30%
c - 304.64 34 13 0 572 1915 1 9109059 25384 1.6 18 11 2 7 90%  84 4867 415 30%
c W 304.74 34 13 0 572 1915 1 9111392 26589 1.6 18 11 2 7 91%  84 4867 415 30%
c o 304.74 34 13 0 572 1915 1 9111392 26589 1.6 18 11 2 7 91%  84 4867 415 30%
c - 305.62 34 13 0 573 1915 1 9132975 25129 1.6 18 11 2 7 91%  84 4867 415 30%
c - 306.53 34 13 0 574 1929 1 9156913 24136 1.6 18 11 2 7 91%  84 4867 415 30%
c
c seconds   switched     rate           size/glue  tier1   binary      remaining
c         MB  reductions    conflicts         size   tier2   irredundant
c          level    restarts       redundant     glue   trail      variables
c
c - 307.39 34 13 0 575 1938 1 9180872 23969 1.6 18 11 2 7 90%  84 4867 415 30%
c - 308.22 34 14 0 576 1946 1 9204851 24092 1.6 19 11 2 7 91%  84 4867 415 30%
c - 309.10 34 14 0 577 1953 1 9228852 23401 1.6 19 12 2 7 91%  84 4867 415 30%
c - 309.88 34 14 0 578 1964 1 9252873 23210 1.6 19 12 2 7 91%  84 4867 415 30%
c u 310.58 34 14 0 578 1974 1 9268595 30648 1.6 19 12 2 7 91%  84 4867 415 30%
c v 310.81 34 14 0 578 1974 1 9268595 28066 1.6 19 12 2 7 91%  84 4867 415 30%
c w 311.09 34 14 0 578 1974 1 9268595 22878 1.6 19 12 2 7 91%  84 4867 415 30%
c - 312.77 41 14 0 579 1976 1 9276915 19503 1.6 19 12 2 7 91%  84 4867 415 30%
c - 313.53 41 13 0 580 1978 1 9300977 22486 1.7 19 11 2 7 91%  84 4867 415 30%
c - 314.35 41 13 0 581 1978 1 9325061 24502 1.7 18 11 2 7 91%  84 4867 415 30%
c - 315.11 41 13 0 582 1989 1 9349165 26897 1.7 18 11 2 7 91%  84 4867 415 30%
c - 315.85 41 13 0 583 2000 1 9373289 26172 1.7 18 11 2 7 91%  84 4867 415 30%
c - 316.63 41 12 0 584 2008 1 9397434 26596 1.7 17 10 2 7 91%  84 4867 415 30%
c - 317.46 41 12 0 585 2015 1 9421601 28942 1.7 17 10 2 7 91%  84 4867 415 30%
c s 317.59 41 12 0 585 2016 1 9425929 31375 1.7 17 10 2 7 91%  85 4865 415 30%
c - 318.36 41 12 0 586 2024 1 9445788 29527 1.7 17 10 2 7 91%  85 4865 415 30%
c - 319.27 41 12 0 587 2038 1 9469995 27279 1.7 17 10 2 7 91%  85 4865 415 30%
c - 320.04 41 12 0 588 2040 1 9494223 26750 1.7 16 10 2 7 91%  85 4865 415 30%
c I 320.41 41 11 0 588 2041 1 9504755 30944 1.7 16 10 2 7 92%  85 4865 415 30%
c o 320.41 41 11 0 588 2041 1 9504755 30944 1.7 16 10 2 7 92%  85 4865 415 30%
c
c seconds   switched     rate           size/glue  tier1   binary      remaining
c         MB  reductions    conflicts         size   tier2   irredundant
c          level    restarts       redundant     glue   trail      variables
c
c - 320.83 41 11 0 589 2041 1 9518474 26468 1.6 16 10 2 7 91%  85 4865 415 30%
c - 321.72 41 11 0 590 2042 1 9542743 26316 1.6 16 10 2 7 91%  85 4865 415 30%
c - 322.57 41 11 0 591 2042 1 9567032 26288 1.7 16 10 2 7 91%  85 4865 415 30%
c - 323.35 41 11 0 592 2042 1 9591342 28253 1.7 16 10 2 7 91%  86 4865 415 30%
c - 324.18 41 11 0 593 2043 1 9615675 27604 1.7 16 10 2 7 91%  86 4865 415 30%
c u 324.54 41 11 0 593 2043 1 9621651 29285 1.7 16 10 2 7 91% 163 4865 415 30%
c v 324.74 41 11 0 593 2043 1 9621651 24497 1.7 16 10 2 7 91%  95 4865 415 30%
c w 324.87 41 11 0 593 2043 1 9621651 21378 1.7 16 10 2 7 91%  95 4865 415 30%
c t 324.87 41 11 0 593 2043 1 9621651 21378 1.7 16 10 2 7 91%  94 4865 415 30%
c - 325.47 41 11 0 594 2043 1 9640027 22465 1.7 16 10 2 7 91%  94 4865 415 30%
c - 326.38 41 11 0 595 2043 1 9664400 25992 1.7 15 9 2 7 91%  95 4865 415 30%
c - 327.26 41 11 0 596 2043 1 9688794 28265 1.6 15 9 2 7 91%  95 4865 415 30%
c i 327.96 41 11 0 596 2043 1 9710996 38385 1.6 14 9 2 7 91% 104 4865 414 30%
c - 328.05 41 11 0 597 2043 1 9713208 15818 1.6 14 9 2 7 90%  89 4865 414 30%
c - 328.97 41 11 0 598 2044 1 9737641 20498 1.7 15 9 2 7 90%  89 4865 414 30%
c - 330.01 41 11 0 599 2044 1 9762095 23829 1.7 15 9 2 7 90%  89 4865 414 30%
c - 330.95 41 11 0 600 2044 1 9786571 26127 1.7 16 9 2 7 91%  89 4865 414 30%
c - 331.99 41 11 0 601 2044 1 9811065 27607 1.7 16 9 2 7 91%  89 4865 414 30%
c - 333.01 41 11 0 602 2044 1 9835582 30434 1.7 15 9 2 7 91%  90 4865 414 30%
c - 333.95 41 10 0 603 2044 1 9860118 32778 1.8 15 9 2 7 90%  93 4865 414 30%
c
c seconds   switched     rate           size/glue tier1   binary      remaining
c         MB  reductions    conflicts         size  tier2   irredundant
c          level    restarts       redundant    glue   trail      variables
c
c i 334.11 41 10 0 603 2044 1 9863881 34079 1.7 15 8 2 7 90% 106 4865 413 30%
c i 334.66 41 10 0 603 2044 1 9874784 38251 1.7 15 8 2 7 90% 113 4865 412 30%
c - 335.17 41 10 0 604 2044 1 9884675 20951 1.7 14 8 2 7 90%  92 4865 412 30%
c i 335.34 41 10 0 604 2044 1 9888365 22114 1.7 14 8 2 7 90% 102 4865 410 30%
c i 335.53 41 10 0 604 2044 1 9892177 23287 1.7 14 8 2 7 90% 115 4865 405 30%
c i 335.71 41 10 0 604 2044 1 9896133 24886 1.7 14 8 2 7 90% 124 4865 389 28%
c i 335.78 41 10 0 604 2044 1 9897505 25344 1.7 14 8 2 7 90% 131 4865 383 28%
c i 335.82 41 10 0 604 2044 1 9898463 25538 1.7 14 8 2 7 90% 142 4865 375 27%
c i 335.84 41 10 0 604 2044 1 9898924 25613 1.7 14 8 2 7 90% 151 4865 360 26%
c i 335.85 41 10 0 604 2044 1 9898975 25624 1.7 14 8 2 7 90% 151 4865 358 26%
c i 335.85 41 10 0 604 2044 1 9899079 25633 1.7 14 8 2 7 90% 158 4865 291 21%
c i 335.85 41 10 0 604 2044 1 9899095 25633 1.7 14 8 2 7 90% 162 4865 278 20%
c i 335.85 41 10 0 604 2044 1 9899099 25633 1.7 14 8 2 7 90% 165 4865 265 19%
c i 335.85 41 10 0 604 2044 1 9899100 25633 1.7 14 8 2 7 90% 165 4865 143 10%
c i 335.85 41 10 0 604 2044 1 9899102 25633 1.7 14 8 2 7 90% 166 4865 139 10%
c ] 335.85 41 10 0 604 2044 1 9899104 25633 1.7 14 8 2 7 90% 166 4865  1 0%
c 0 335.85 41 0 0 604 2044 0 9899104 25633 0.0 0 0 2 6 0% 166 4865  1 0%
c
c ---- [ result ] ------------------------------------------------------------
c
s UNSATISFIABLE
c
c ---- [ profiling ] ---------------------------------------------------------
c
c         312.83   93.14 %  search
c         312.83   93.14 %  stable
c          23.00    6.85 %  simplify
c          22.35    6.65 %  probe
c          15.71    4.68 %  vivify
c           6.45    1.92 %  sweep
c           1.28    0.38 %  reduce
c           0.61    0.18 %  walking
c           0.12    0.04 %  substitute
c           0.07    0.02 %  eliminate
c           0.04    0.01 %  factor
c           0.02    0.01 %  preprocess
c           0.01    0.00 %  subsume
c           0.01    0.00 %  congruence
c           0.01    0.00 %  transitive
c           0.00    0.00 %  backbone
c           0.00    0.00 %  parse
c           0.00    0.00 %  lucky
c =============================================
c         335.85  100.00 %  total
c
c ---- [ statistics ] --------------------------------------------------------
c
c conflicts:                          9899104            29474.40 per second
c congruent:                               53                4 %  variables
c decisions:                         10377192                1.05 per conflict
c eliminated:                             926               68 %  variables
c factored:                                63                5 %  variables
c iterations:                              16                1 %  variables
c propagations:                    1281882894          3816783    per second
c reductions:                             604            16389    interval
c reordered:                               40           247478    interval
c rephased:                                63           157129    interval
c restarts:                              2044             4843    interval
c strengthened:                          1140                0 %  checks
c substituted:                             84                6 %  variables
c subsumed:                               636                0 %  checks
c switched:                                 0                0    interval
c vivified:                            473388               45 %  checks
c walks:                                   21           471386    interval
c
c ---- [ glue usage ] --------------------------------------------------------
c
c stable glue 2   used 36814596 clauses 22.57% accumulated 64.99% tier1
c stable glue 3   used 20689456 clauses 12.69% accumulated 77.68%
c stable glue 4-5 used 15000479 clauses  9.20% accumulated 86.88%
c stable glue 6   used  4530404 clauses  2.78% accumulated 89.65%
c stable glue 7   used  3204385 clauses  1.96% accumulated 91.62% tier2
c
c ---- [ resources ] ---------------------------------------------------------
c
c maximum-resident-set-size:        428707840 bytes        409 MB
c process-time:                         5m 36s             335.85 seconds
c
c ---- [ shutting down ] -----------------------------------------------------
c
c exit 20
