c ---- [ banner ] ------------------------------------------------------------
c
c Kissat SAT Solver
c 
c Copyright (c) 2021-2024 Armin Biere University of Freiburg
c Copyright (c) 2019-2021 Armin Biere Johannes Kepler University Linz
c 
c Version 4.0.4 8af8e56f174b778aef3aa45af9f739b2a5f492c2
c gcc (GCC) 15.2.1 20260123 (Red Hat 15.2.1-7) -W -Wall -O3 -DNDEBUG
c Thu Apr 23 06:47:51 PM IST 2026 Linux krishnendu-LN 6.19.12-200.fc43.x86_64 x86_64
c
c ---- [ parsing ] -----------------------------------------------------------
c
c opened and reading DIMACS file:
c
c   /home/krishnendu/Research/fv-invariant-mining/data/circuits/cnf/miter_mult_8bit.cnf
c
c parsed 'p cnf 679 2553' header
c closing input after reading 37235 bytes (36 KB)
c finished parsing after 0.00 seconds
c
c ---- [ options ] -----------------------------------------------------------
c
c --decay=30                       (different from default '50')
c --eliminateeffort=1600           (different from default '100')
c --stable=2                       (different from default '1')
c
c ---- [ solving ] -----------------------------------------------------------
c
c seconds switched rate     size/glue tier1 binary      remaining
c        MB reductions conflicts size  tier2  irredundant
c         level restarts redundant glue  trail      variables
c
c *  0.00  3 0 0 0  0 0   0   0 0.0 0 0 0 0 0% 887 1664 676 100%
c (  0.00  3 0 0 0  0 0   0   0 0.0 0 0 0 0 0% 887 1664 676 100%
c .  0.00  3 0 0 0  0 0   0   0 0.0 0 0 0 0 0% 883 1664 676 100%
c c  0.00  3 0 0 0  0 0   0   0 0.0 0 0 0 0 0% 919 1662 649 96%
c d  0.00  3 0 0 0  0 0   0   0 0.0 0 0 0 0 0% 829 1662 649 96%
c =  0.02  3 0 0 0  0 0   0   0 0.0 0 0 0 0 0% 843 1650 641 95%
c d  0.02  3 0 0 0  0 0   0   0 0.0 0 0 0 0 0% 823 1650 641 95%
c f  0.02  3 0 0 0  0 0   0   0 0.0 0 0 0 0 0% 812 1635 662 98%
c )  0.02  3 0 0 0  0 0   0   0 0.0 0 0 0 0 0% 812 1635 662 98%
c [  0.02  3 0 0 0  0 0   0   0 0.0 0 0 2 6 0% 812 1635 662 98%
c -  0.04  4 12 0 1  0 1 1002 863 3.4 24 7 4 9 90% 816 1635 662 98%
c B  0.04  4 12 0 1  0 1 1002 863 3.4 24 7 4 9 90% 816 1635 662 98%
c -  0.05  4 12 0 2  1 1 2002 1596 2.7 21 8 4 10 90% 817 1635 662 98%
c W  0.05  4 12 0 2  1 1 2005 1599 2.7 21 8 4 10 90% 817 1635 662 98%
c -  0.08  4 11 0 3  2 1 3416 2059 2.5 20 8 4 9 89% 817 1635 662 98%
c u  0.08  4 11 0 3  2 1 3668 2159 2.5 20 8 4 9 88% 821 1635 662 98%
c v  0.09  4 11 0 3  2 1 3668 1921 2.5 20 8 4 9 88% 821 1635 662 98%
c w  0.09  4 11 0 3  2 1 3668 1902 2.5 20 8 4 9 88% 821 1635 662 98%
c x  0.09  4 11 0 3  2 1 3668 1901 2.5 20 8 4 9 88% 826 1608 662 98%
c =  0.11  4 11 0 3  2 1 3668 1901 2.5 20 8 4 9 88% 868 1606 641 95%
c
c seconds  switched rate       size/glue tier1   binary      remaining
c        MB reductions conflicts     size  tier2   irredundant
c         level restarts  redundant    glue   trail      variables
c
c d  0.11  4 11 0 3  2 1 3668 1901 2.5 20 8 4 9 88% 806 1606 641 95%
c t  0.11  4 11 0 3  2 1 3668 1901 2.5 20 8 4 9 88% 802 1606 641 95%
c u  0.11  4 11 0 3  2 1 3668 1885 2.5 20 8 4 9 88% 802 1606 641 95%
c v  0.11  4 11 0 3  2 1 3668 1614 2.5 20 8 4 9 88% 802 1606 641 95%
c w  0.11  4 11 0 3  2 1 3668 1458 2.5 20 8 4 9 88% 802 1606 641 95%
c x  0.12  4 11 0 3  2 1 3668 1457 2.5 20 8 4 9 88% 802 1603 641 95%
c I  0.14  4 11 0 3  3 1 4265 1846 2.5 19 8 4 9 88% 802 1602 641 95%
c -  0.15  4 11 0 4  3 1 5148 2147 2.4 19 8 4 9 88% 802 1602 641 95%
c -  0.18  4 11 0 5  5 1 7149 2902 2.2 18 8 4 10 88% 807 1602 641 95%
c B  0.19  4 11 0 5  5 1 8036 3488 2.1 18 8 4 10 88% 807 1602 641 95%
c -  0.22  5 11 0 6  6 1 9386 3574 2.0 17 8 4 10 88% 809 1602 641 95%
c u  0.25  5 11 0 6  6 1 11316 4838 2.0 17 9 4 10 88% 814 1602 641 95%
c v  0.26  5 11 0 6  6 1 11316 4712 2.0 17 9 4 10 88% 814 1602 641 95%
c w  0.26  5 11 0 6  6 1 11316 4143 2.0 17 9 4 10 88% 814 1602 641 95%
c t  0.26  5 11 0 6  6 1 11316 4143 2.0 17 9 4 10 88% 810 1602 641 95%
c o  0.26  5 11 0 6  6 1 11316 4143 2.0 17 9 4 10 88% 810 1602 641 95%
c -  0.27  5 11 0 7  6 1 11836 3440 1.9 17 9 4 10 88% 810 1602 641 95%
c W  0.31  5 11 0 7  8 1 13566 4429 1.9 17 9 4 10 89% 810 1602 641 95%
c -  0.33  5 11 0 8  9 1 14482 3647 1.9 16 9 3 9 89% 810 1602 641 95%
c -  0.39  5 11 0 9 10 1 17311 3939 1.9 16 9 3 9 89% 811 1602 641 95%
c
c seconds  switched rate        size/glue tier1   binary      remaining
c        MB reductions conflicts      size  tier2   irredundant
c         level restarts   redundant    glue   trail      variables
c
c s  0.41  5 11 0 9 11 1 18331 4424 1.8 16 9 3 9 89% 811 1600 641 95%
c e  0.41  5 11 0 9 11 1 18331 4424 1.8 16 9 3 9 89% 252 1905 399 59%
c s  0.41  5 11 0 9 11 1 18331 4424 1.8 16 9 3 9 89% 255 1845 399 59%
c e  0.41  5 11 0 9 11 1 18331 4424 1.8 16 9 3 9 89% 237 1863 391 58%
c ^  0.41  5 11 0 9 11 1 18331 4424 1.8 16 9 3 9 89% 237 1863 391 58%
c -  0.44  5 11 0 10 12 1 20311 2437 1.8 16 9 3 9 89% 237 1863 391 58%
c O  0.46  5 11 0 10 13 1 21095 3039 1.8 16 9 3 9 89% 237 1863 391 58%
c u  0.50  5 11 0 10 13 1 23187 4239 1.8 16 9 3 9 89% 237 1863 391 58%
c v  0.51  5 11 0 10 13 1 23187 3762 1.8 16 9 3 9 89% 237 1863 391 58%
c w  0.51  5 11 0 10 13 1 23187 3394 1.8 16 9 3 9 89% 237 1863 391 58%
c x  0.51  5 11 0 10 13 1 23187 3393 1.8 16 9 3 9 89% 239 1798 391 58%
c =  0.54  5 11 0 10 13 1 23187 3393 1.8 16 9 3 9 89% 239 1794 390 58%
c t  0.54  5 11 0 10 13 1 23187 3370 1.8 16 9 3 9 89% 237 1794 390 58%
c f  0.54  5 11 0 10 13 1 23187 3370 1.8 16 9 3 9 89% 263 1737 405 60%
c u  0.54  5 11 0 10 13 1 23187 3352 1.8 16 9 3 9 89% 263 1737 405 60%
c v  0.55  5 11 0 10 13 1 23187 3221 1.8 16 9 3 9 89% 263 1737 405 60%
c w  0.55  5 11 0 10 13 1 23187 3016 1.8 16 9 3 9 89% 263 1737 405 60%
c x  0.55  5 11 0 10 13 1 23187 3016 1.8 16 9 3 9 89% 263 1733 405 60%
c o  0.58  5 11 0 10 13 1 23187 3016 1.8 16 9 3 9 89% 263 1733 405 60%
c -  0.59  5 11 0 11 13 1 23475 2530 1.8 16 9 3 9 89% 262 1733 405 60%
c
c seconds  switched  rate        size/glue tier1   binary      remaining
c        MB  reductions conflicts      size  tier2   irredundant
c         level  restarts   redundant    glue   trail      variables
c
c -  0.63  5 11 0 12 14 1 26791 3816 1.8 16 9 3 9 89% 263 1733 405 60%
c -  0.68  5 11 0 13 14 1 30255 4611 1.8 16 9 3 9 89% 264 1733 405 60%
c B  0.70  5 11 0 13 14 1 30857 5021 1.8 16 9 3 9 89% 264 1733 405 60%
c -  0.75  6 11 0 14 15 1 33862 5335 1.8 16 9 3 9 89% 264 1733 405 60%
c e  0.80  6 11 0 14 18 1 37149 7402 1.8 15 9 3 9 89% 200 1833 356 53%
c s  0.80  6 11 0 14 18 1 37149 7402 1.8 15 9 3 9 89% 202 1813 356 53%
c ^  0.80  6 11 0 14 18 1 37149 7402 1.8 15 9 3 9 89% 202 1813 356 53%
c -  0.81  6 11 0 15 18 1 37603 3867 1.8 15 9 3 9 89% 202 1813 356 53%
c u  0.84  6 11 0 15 20 1 40084 5654 1.8 15 9 3 9 89% 202 1813 356 53%
c v  0.85  6 11 0 15 20 1 40084 4957 1.8 15 9 3 9 89% 202 1813 356 53%
c w  0.86  6 11 0 15 20 1 40084 4754 1.8 15 9 3 9 89% 202 1813 356 53%
c -  0.88  6 11 0 16 21 1 41476 4605 1.8 15 9 3 9 88% 202 1813 356 53%
c W  0.90  6 11 0 16 21 1 43079 5810 1.8 15 9 3 9 88% 202 1813 356 53%
c -  0.95  6 11 0 17 22 1 45477 6090 1.8 15 9 3 9 88% 202 1813 356 53%
c -  1.02  6 11 0 18 25 1 49600 7411 1.8 15 8 3 9 88% 202 1813 356 53%
c -  1.09  6 11 0 19 28 1 53843 7883 1.8 15 8 3 9 88% 202 1813 356 53%
c I  1.15  6 11 0 19 29 1 57984 10370 1.8 15 8 3 9 87% 203 1813 356 53%
c o  1.15  6 11 0 19 29 1 57984 10370 1.8 15 8 3 9 87% 203 1813 356 53%
c -  1.16  6 11 0 20 29 1 58201 7739 1.8 15 8 3 8 88% 203 1813 356 53%
c u  1.21  7 11 0 20 29 1 61806 9651 1.8 15 8 3 8 88% 204 1813 356 53%
c
c seconds  switched  rate        size/glue tier1   binary      remaining
c        MB  reductions conflicts      size  tier2   irredundant
c         level  restarts   redundant    glue   trail      variables
c
c v  1.22  7 11 0 20 29 1 61806 9066 1.8 15 8 3 8 88% 204 1813 356 53%
c w  1.22  7 11 0 20 29 1 61806 8637 1.8 15 8 3 8 88% 204 1813 356 53%
c x  1.23  7 11 0 20 29 1 61806 8636 1.8 15 8 3 8 88% 204 1781 356 53%
c =  1.26  7 11 0 20 29 1 61806 8636 1.8 15 8 3 8 88% 206 1779 355 52%
c d  1.27  7 11 0 20 29 1 61806 8636 1.8 15 8 3 8 88% 204 1779 355 52%
c t  1.27  7 11 0 20 29 1 61806 8636 1.8 15 8 3 8 88% 203 1779 355 52%
c u  1.27  7 11 0 20 29 1 61806 8521 1.8 15 8 3 8 88% 203 1779 355 52%
c v  1.28  6 11 0 20 29 1 61806 8256 1.8 15 8 3 8 88% 205 1779 355 52%
c w  1.28  7 11 0 20 29 1 61806 8043 1.8 15 8 3 8 88% 205 1779 355 52%
c x  1.29  7 11 0 20 29 1 61806 8042 1.8 15 8 3 8 88% 205 1776 355 52%
c t  1.33  7 11 0 20 29 1 61806 8042 1.8 15 8 3 8 88% 203 1776 355 52%
c -  1.34  7 11 0 21 29 1 62673 5808 1.8 15 8 3 8 88% 203 1776 355 52%
c -  1.42  7 11 0 22 30 1 67255 5903 1.8 15 8 3 8 88% 203 1776 355 52%
c -  1.49  7 11 0 23 30 1 71945 6500 1.8 15 8 3 8 88% 203 1776 355 52%
c B  1.55  6 10 0 23 30 1 75786 8900 1.8 15 8 3 8 88% 204 1776 355 52%
c -  1.57  6 10 0 24 30 1 76740 7422 1.8 15 8 3 8 88% 204 1776 355 52%
c s  1.60  7 10 0 24 30 1 78241 8098 1.8 14 8 3 8 88% 209 1767 355 52%
c e  1.60  7 10 0 24 30 1 78241 8098 1.8 14 8 3 8 88% 178 1850 327 48%
c s  1.60  7 10 0 24 30 1 78241 8098 1.8 14 8 3 8 88% 179 1830 327 48%
c e  1.60  7 10 0 24 30 1 78241 8098 1.8 14 8 3 8 88% 179 1832 326 48%
c
c seconds  switched  rate        size/glue tier1   binary      remaining
c        MB  reductions conflicts      size  tier2   irredundant
c         level  restarts   redundant    glue   trail      variables
c
c ^  1.60  7 10 0 24 30 1 78241 8098 1.8 14 8 3 8 88% 179 1832 326 48%
c i  1.65  7 10 0 24 30 1 81427 6381 1.8 14 8 3 8 88% 188 1832 325 48%
c -  1.65  6 10 0 25 30 1 81639 2161 1.8 14 8 3 8 88% 171 1816 325 48%
c -  1.74  6 10 0 26 34 1 86639 3746 1.8 14 8 2 8 88% 173 1816 325 48%
c i  1.75  6 10 0 26 35 1 87598 3979 1.7 14 8 2 8 88% 185 1816 320 47%
c u  1.77  6 10 0 26 36 1 88616 1908 1.7 14 8 2 8 88% 265 1629 320 47%
c v  1.77  6 10 0 26 36 1 88616 1547 1.7 14 8 2 8 88% 270 1629 320 47%
c w  1.78  6 10 0 26 36 1 88616 1329 1.7 14 8 2 8 88% 270 1629 320 47%
c d  1.78  6 10 0 26 36 1 88616 1329 1.7 14 8 2 8 88% 243 1614 304 45%
c t  1.78  6 10 0 26 36 1 88616 1329 1.7 14 8 2 8 88% 227 1614 304 45%
c f  1.78  6 10 0 26 36 1 88616 1329 1.7 14 8 2 8 88% 228 1608 305 45%
c u  1.78  5 10 0 26 36 1 88616 1221 1.7 14 8 2 8 88% 208 1608 305 45%
c v  1.79  5 10 0 26 36 1 88616 1012 1.7 14 8 2 8 88% 208 1608 305 45%
c w  1.79  5 10 0 26 36 1 88616 962 1.7 14 8 2 8 88% 208 1608 305 45%
c x  1.79  5 10 0 26 36 1 88616 960 1.7 14 8 2 8 88% 216 1515 305 45%
c =  1.84  5 10 0 26 36 1 88616 960 1.7 14 8 2 8 88% 222 1514 302 45%
c d  1.84  5 10 0 26 36 1 88616 960 1.7 14 8 2 8 88% 212 1514 302 45%
c t  1.84  5 10 0 26 36 1 88616 960 1.7 14 8 2 8 88% 204 1514 302 45%
c o  1.84  5 10 0 26 36 1 88616 960 1.7 14 8 2 8 88% 204 1514 302 45%
c -  1.88  5 10 0 27 37 1 91739 2335 1.7 13 8 2 8 88% 204 1514 302 45%
c
c seconds  switched  rate        size/glue tier1   binary      remaining
c        MB  reductions conflicts      size  tier2   irredundant
c         level  restarts   redundant    glue   trail      variables
c
c W  1.94  5 10 0 27 40 1 96697 4893 1.7 13 8 2 8 88% 206 1514 302 45%
c -  1.94  5 10 0 28 40 1 96936 4796 1.7 13 8 2 8 88% 206 1514 302 45%
c i  2.02  6 10 0 28 43 1 102074 7287 1.7 13 8 2 8 88% 214 1514 284 42%
c -  2.03  6 10 0 29 43 1 102228 3480 1.7 13 8 2 8 88% 171 1514 284 42%
c i  2.06  6 10 0 29 44 1 104590 4444 1.7 13 8 2 8 88% 179 1514 283 42%
c i  2.09  6 9 0 29 45 1 107351 5557 1.7 13 7 2 8 88% 189 1514 281 41%
c i  2.10  6 9 0 29 45 1 107521 5600 1.7 13 7 2 8 88% 196 1514 271 40%
c i  2.10  6 9 0 29 45 1 107554 5609 1.7 13 7 2 8 88% 203 1514 249 37%
c i  2.10  6 9 0 29 45 1 107560 5609 1.7 13 7 2 8 88% 205 1514 242 36%
c i  2.10  6 9 0 29 45 1 107561 5609 1.7 13 7 2 8 88% 205 1514 239 35%
c i  2.10  6 9 0 29 45 1 107564 5609 1.7 13 7 2 8 88% 207 1514 236 35%
c ]  2.10  6 9 0 29 45 1 107567 5609 1.7 13 7 2 8 88% 208 1514 190 28%
c 0  2.10  6 0 0 29 45 0 107567 5609 0.0 0 0 2 6 0% 208 1514 190 28%
c
c ---- [ result ] ------------------------------------------------------------
c
s UNSATISFIABLE
c
c ---- [ profiling ] ---------------------------------------------------------
c
c           1.71   81.23 %  search
c           1.71   81.23 %  stable
c           0.38   18.15 %  probe
c           0.38   17.88 %  simplify
c           0.23   10.96 %  sweep
c           0.14    6.45 %  vivify
c           0.02    0.87 %  reduce
c           0.02    0.86 %  preprocess
c           0.01    0.38 %  eliminate
c           0.01    0.33 %  substitute
c           0.00    0.21 %  factor
c           0.00    0.21 %  walking
c           0.00    0.13 %  congruence
c           0.00    0.07 %  subsume
c           0.00    0.04 %  transitive
c           0.00    0.02 %  backbone
c           0.00    0.01 %  lucky
c           0.00    0.01 %  parse
c =============================================
c           2.10  100.00 %  total
c
c ---- [ statistics ] --------------------------------------------------------
c
c conflicts:                           107567            51208.19 per second
c congruent:                               27                4 %  variables
c decisions:                           115851                1.08 per conflict
c eliminated:                             328               48 %  variables
c factored:                                37                5 %  variables
c iterations:                              11                2 %  variables
c propagations:                      14682434          6989698    per second
c reductions:                              29             3709    interval
c reordered:                                4            26892    interval
c rephased:                                11             9779    interval
c restarts:                                45             2390    interval
c strengthened:                           140                0 %  checks
c substituted:                             75               11 %  variables
c subsumed:                               101                0 %  checks
c switched:                                 0                0    interval
c vivified:                             11364               43 %  checks
c walks:                                    4            26892    interval
c
c ---- [ glue usage ] --------------------------------------------------------
c
c stable glue 2   used 132277 clauses 18.97% accumulated 53.94% tier1
c stable glue 3   used  93863 clauses 13.46% accumulated 67.41%
c stable glue 4-5 used  95603 clauses 13.71% accumulated 81.12%
c stable glue 6   used  33324 clauses  4.78% accumulated 85.90%
c stable glue 7   used  29109 clauses  4.17% accumulated 90.07% tier2
c
c ---- [ resources ] ---------------------------------------------------------
c
c maximum-resident-set-size:        419086336 bytes        400 MB
c process-time:                             2s               2.10 seconds
c
c ---- [ shutting down ] -----------------------------------------------------
c
c exit 20
