c ---- [ banner ] ------------------------------------------------------------
c
c Kissat SAT Solver
c 
c Copyright (c) 2021-2024 Armin Biere University of Freiburg
c Copyright (c) 2019-2021 Armin Biere Johannes Kepler University Linz
c 
c Version 4.0.4 8af8e56f174b778aef3aa45af9f739b2a5f492c2
c gcc (GCC) 15.2.1 20260123 (Red Hat 15.2.1-7) -W -Wall -O3 -DNDEBUG
c Thu Apr 23 06:47:51 PM IST 2026 Linux krishnendu-LN 6.19.12-200.fc43.x86_64 x86_64
c
c ---- [ parsing ] -----------------------------------------------------------
c
c opened and reading DIMACS file:
c
c   /home/krishnendu/Research/fv-invariant-mining/data/circuits/cnf/miter_mult_10bit.cnf
c
c parsed 'p cnf 1113 4205' header
c closing input after reading 64864 bytes (63 KB)
c finished parsing after 0.00 seconds
c
c ---- [ options ] -----------------------------------------------------------
c
c --decay=130                      (different from default '50')
c --eliminateeffort=400            (different from default '100')
c
c ---- [ solving ] -----------------------------------------------------------
c
c seconds switched rate     size/glue tier1  binary       remaining
c        MB reductions conflicts size  tier2   irredundant
c         level restarts redundant glue  trail       variables
c
c *  0.00  3 0 0 0  0 0   0   0 0.0 0 0 0 0 0% 1458 2745 1110 100%
c (  0.00  3 0 0 0  0 0   0   0 0.0 0 0 0 0 0% 1458 2745 1110 100%
c .  0.00  3 0 0 0  0 0   0   0 0.0 0 0 0 0 0% 1454 2745 1110 100%
c c  0.00  3 0 0 0  0 0   0   0 0.0 0 0 0 0 0% 1518 2743 1067 96%
c d  0.00  3 0 0 0  0 0   0   0 0.0 0 0 0 0 0% 1368 2743 1067 96%
c =  0.02  3 0 0 0  0 0   0   0 0.0 0 0 0 0 0% 1372 2736 1064 96%
c d  0.02  3 0 0 0  0 0   0   0 0.0 0 0 0 0 0% 1367 2736 1064 96%
c f  0.02  4 0 0 0  0 0   0   0 0.0 0 0 0 0 0% 1339 2718 1086 98%
c )  0.02  4 0 0 0  0 0   0   0 0.0 0 0 0 0 0% 1339 2718 1086 98%
c {  0.02  4 0 0 0  0 0   0   0 0.0 0 0 2 6 0% 1339 2718 1086 98%
c -  0.04  4 19 0 1 92 2 1001 588 2.7 28 10 4 14 83% 1345 2718 1086 98%
c }  0.04  4 19 1 1 92 2 1001 588 2.7 28 10 4 14 83% 1345 2718 1086 98%
c [  0.04  4 0 1 1 92 0 1001 588 0.0 0 0 2 6 0% 1345 2718 1086 98%
c B  0.04  4 0 1 1 92 0 1001 588 0.0 0 0 2 6 0% 1345 2718 1086 98%
c ]  0.06  4 53 2 1 92 1 1988 1492 2.6 25 10 3 12 83% 1353 2718 1086 98%
c {  0.07  4 19 2 1 92 2 1988 1492 2.7 28 10 4 14 83% 1353 2718 1086 98%
c -  0.07  4 20 2 2 92 2 2001 1371 2.7 28 10 4 14 83% 1353 2718 1086 98%
c }  0.09  4 24 3 2 93 2 2988 2305 3.0 28 9 3 12 80% 1360 2718 1086 98%
c [  0.09  4 53 3 2 93 1 2988 2305 2.6 25 10 3 12 83% 1360 2718 1086 98%
c W  0.09  4 53 3 2 93 1 2988 2305 2.6 25 10 3 12 83% 1360 2718 1086 98%
c
c seconds  switched rate       size/glue  tier1     binary       remaining
c        MB reductions conflicts     size   tier2     irredundant
c         level restarts  redundant     glue    trail       variables
c
c u  0.10  4 44 3 2 93 1 3371 2447 2.5 25 10 3 12 84% 1361 2718 1086 98%
c v  0.11  5 44 3 2 93 1 3371 2411 2.5 25 10 3 12 84% 1361 2718 1086 98%
c w  0.11  5 44 3 2 93 1 3371 2367 2.5 25 10 3 12 84% 1361 2718 1086 98%
c x  0.11  5 44 3 2 93 1 3371 2367 2.5 25 10 3 12 84% 1375 2672 1086 98%
c =  0.13  5 44 3 2 93 1 3371 2367 2.5 25 10 3 12 84% 1405 2665 1071 96%
c d  0.13  5 44 3 2 93 1 3371 2367 2.5 25 10 3 12 84% 1360 2665 1071 96%
c t  0.13  5 44 3 2 93 1 3371 2367 2.5 25 10 3 12 84% 1351 2665 1071 96%
c f  0.13  5 44 3 2 93 1 3371 2367 2.5 25 10 3 12 84% 1347 2665 1075 97%
c u  0.13  5 44 3 2 93 1 3371 2338 2.5 25 10 3 12 84% 1347 2665 1075 97%
c v  0.14  5 44 3 2 93 1 3371 2233 2.5 25 10 3 12 84% 1347 2665 1075 97%
c w  0.14  5 44 3 2 93 1 3371 2224 2.5 25 10 3 12 84% 1347 2665 1075 97%
c x  0.14  5 44 3 2 93 1 3371 2224 2.5 25 10 3 12 84% 1347 2663 1075 97%
c =  0.16  5 44 3 2 93 1 3371 2224 2.5 25 10 3 12 84% 1351 2663 1073 96%
c d  0.16  5 44 3 2 93 1 3371 2224 2.5 25 10 3 12 84% 1345 2663 1073 96%
c -  0.16  5 43 3 3 93 1 3415 1856 2.4 25 10 3 12 84% 1345 2663 1073 96%
c ]  0.17  5 35 4 3 93 1 3958 2333 2.5 26 11 3 12 85% 1347 2663 1073 96%
c {  0.17  5 24 4 3 93 2 3958 2333 3.0 28 9 3 12 80% 1347 2663 1073 96%
c -  0.20  5 23 4 4 209 2 5148 2790 2.9 27 9 2 11 80% 1351 2663 1073 96%
c }  0.23  5 21 5 4 245 2 6310 3871 2.8 26 9 2 11 81% 1360 2663 1073 96%
c [  0.23  5 35 5 4 245 1 6310 3871 2.5 26 11 3 12 85% 1360 2663 1073 96%
c
c seconds  switched  rate       size/glue  tier1     binary       remaining
c        MB reductions conflicts      size   tier2     irredundant
c         level restarts   redundant     glue    trail       variables
c
c I  0.23  5 35 5 4 245 1 6310 3871 2.5 26 11 3 12 85% 1360 2663 1073 96%
c -  0.25  5 30 5 5 245 1 7151 3659 2.3 27 11 3 13 88% 1361 2663 1073 96%
c -  0.28  6 24 5 6 247 1 9387 4372 2.0 24 12 3 13 86% 1362 2663 1073 96%
c B  0.29  6 23 5 6 247 1 10081 4985 2.0 23 11 3 13 85% 1363 2663 1073 96%
c o  0.29  6 23 5 6 247 1 10081 4985 2.0 23 11 3 13 85% 1363 2663 1073 96%
c ]  0.30  6 23 6 6 247 1 10205 5092 2.0 23 11 3 13 86% 1363 2663 1073 96%
c {  0.30  6 21 6 6 247 2 10205 5092 2.8 26 9 2 11 81% 1363 2663 1073 96%
c c  0.30  5 21 6 6 275 2 10399 5242 2.8 26 9 2 11 80% 1371 2663 1072 96%
c d  0.30  5 21 6 6 275 2 10399 5242 2.8 26 9 2 11 80% 1369 2663 1072 96%
c u  0.30  5 21 6 6 275 2 10399 5000 2.8 26 9 2 11 80% 1369 2663 1072 96%
c v  0.31  5 21 6 6 275 2 10399 4977 2.8 26 9 2 11 80% 1369 2663 1072 96%
c w  0.31  5 21 6 6 275 2 10399 4965 2.8 26 9 2 11 80% 1369 2663 1072 96%
c =  0.32  5 21 6 6 275 2 10399 4965 2.8 26 9 2 11 80% 1379 2659 1067 96%
c d  0.32  5 21 6 6 275 2 10399 4955 2.8 26 9 2 11 80% 1365 2659 1067 96%
c t  0.32  5 21 6 6 275 2 10399 4955 2.8 26 9 2 11 80% 1362 2659 1067 96%
c u  0.32  5 21 6 6 275 2 10399 4922 2.8 26 9 2 11 80% 1364 2659 1067 96%
c v  0.33  5 21 6 6 275 2 10399 4875 2.8 26 9 2 11 80% 1364 2659 1067 96%
c w  0.33  5 21 6 6 275 2 10399 4857 2.8 26 9 2 11 80% 1364 2659 1067 96%
c x  0.33  5 21 6 6 275 2 10399 4857 2.8 26 9 2 11 80% 1364 2637 1067 96%
c t  0.35  5 21 6 6 275 2 10399 4857 2.8 26 9 2 11 80% 1363 2637 1067 96%
c
c seconds  switched  rate        size/glue tier1     binary       remaining
c        MB reductions conflicts       size  tier2     irredundant
c         level restarts    redundant    glue    trail       variables
c
c -  0.37  5 20 6 7 490 2 11836 4732 2.5 24 9 2 10 79% 1363 2637 1067 96%
c i  0.38  5 20 6 7 549 2 12241 4998 2.5 23 9 2 10 78% 1367 2637 1066 96%
c }  0.41  5 19 7 7 811 2 14274 6720 2.3 21 9 2 10 77% 1373 2637 1066 96%
c [  0.41  5 23 7 7 811 1 14274 6720 2.0 23 11 3 13 86% 1373 2637 1066 96%
c -  0.41  5 23 7 8 811 1 14481 5223 2.0 23 11 3 13 86% 1372 2637 1066 96%
c W  0.44  5 22 7 8 812 1 15612 6139 1.9 22 11 3 13 85% 1375 2633 1066 96%
c e  0.46  5 21 7 8 813 1 16852 7268 1.9 22 12 3 13 85% 393 3206 648 58%
c 2  0.46  5 21 7 8 813 1 16852 7268 1.9 22 12 3 13 85% 392 3206 648 58%
c s  0.46  5 21 7 8 813 1 16852 7268 1.9 22 12 3 13 85% 397 3126 648 58%
c e  0.46  5 21 7 8 813 1 16852 7268 1.9 22 12 3 13 85% 386 3136 642 58%
c ^  0.46  5 21 7 8 813 1 16852 7268 1.9 22 12 3 13 85% 386 3136 642 58%
c -  0.47  5 21 7 9 813 1 17310 2321 1.9 22 12 4 13 84% 386 3136 642 58%
c ]  0.49  5 21 8 9 814 1 18511 3428 1.9 21 12 4 13 81% 386 3136 642 58%
c {  0.49  5 19 8 9 814 2 18511 3428 2.3 21 9 2 10 77% 386 3136 642 58%
c -  0.53  5 19 8 10 1207 2 20311 3778 2.2 22 10 2 11 79% 386 3136 642 58%
c o  0.55  5 19 8 10 1341 2 20851 3835 2.1 21 10 2 11 80% 386 3136 642 58%
c u  0.56  5 19 8 10 1343 2 21311 4088 2.2 22 10 2 11 80% 386 3136 642 58%
c v  0.57  5 19 8 10 1343 2 21311 3673 2.2 22 10 2 11 80% 386 3136 642 58%
c w  0.58  5 19 8 10 1343 2 21311 3612 2.2 22 10 2 11 80% 386 3136 642 58%
c t  0.58  5 19 8 10 1343 2 21311 3612 2.2 22 10 2 11 80% 382 3136 642 58%
c
c seconds  switched    rate        size/glue  tier1    binary      remaining
c        MB  reductions  conflicts       size   tier2    irredundant
c         level   restarts    redundant     glue    trail      variables
c
c f  0.58  5 19 8 10 1343 2 21311 3612 2.2 22 10 2 11 80% 457 2981 679 61%
c u  0.58  5 19 8 10 1343 2 21311 3590 2.2 22 10 2 11 80% 457 2981 679 61%
c v  0.59  5 19 8 10 1343 2 21311 3423 2.2 22 10 2 11 80% 457 2981 679 61%
c w  0.60  5 19 8 10 1343 2 21311 3400 2.2 22 10 2 11 80% 457 2981 679 61%
c -  0.67  6 19 8 11 1396 2 23475 4603 2.2 22 10 2 10 78% 460 2981 679 61%
c }  0.69  6 19 9 11 1410 2 24670 5733 2.3 22 10 2 10 78% 460 2981 679 61%
c [  0.69  6 21 9 11 1410 1 24670 5733 1.9 21 12 4 13 81% 460 2981 679 61%
c O  0.69  6 21 9 11 1410 1 24670 5733 1.9 21 12 4 13 81% 460 2981 679 61%
c -  0.75  6 20 9 12 1412 1 26792 5865 2.0 23 12 3 12 82% 460 2981 679 61%
c ]  0.84  7 19 10 12 1414 1 29863 8710 2.2 25 11 3 12 84% 461 2981 679 61%
c {  0.84  7 19 10 12 1414 2 29863 8710 2.3 22 10 2 10 78% 461 2981 679 61%
c -  0.86  7 19 10 13 1510 2 30256 6840 2.3 22 10 2 10 78% 463 2980 679 61%
c -  0.96  7 19 10 14 1730 2 33862 7974 2.3 23 10 2 9 78% 468 2979 679 61%
c s  0.97  7 19 10 14 1730 2 34095 8194 2.3 23 10 2 9 79% 468 2966 679 61%
c e  0.97  7 19 10 14 1730 2 34095 8194 2.3 23 10 2 9 79% 345 3147 596 54%
c s  0.97  7 19 10 14 1730 2 34095 8194 2.3 23 10 2 9 79% 347 3097 596 54%
c e  0.97  7 19 10 14 1730 2 34095 8194 2.3 23 10 2 9 79% 346 3099 595 54%
c ^  0.97  7 19 10 14 1730 2 34095 8194 2.3 23 10 2 9 79% 346 3099 595 54%
c u  1.03  7 19 10 14 1899 2 36719 5424 2.4 23 10 2 9 79% 348 3099 595 54%
c v  1.04  7 19 10 14 1899 2 36719 5290 2.4 23 10 2 9 79% 348 3099 595 54%
c
c seconds   switched    rate        size/glue  tier1   binary      remaining
c        MB   reductions  conflicts       size   tier2   irredundant
c         level    restarts    redundant     glue   trail      variables
c
c w  1.05  7 19 10 14 1899 2 36719 5194 2.4 23 10 2 9 79% 348 3099 595 54%
c x  1.05  7 19 10 14 1899 2 36719 5192 2.4 23 10 2 9 79% 348 2990 595 54%
c t  1.05  7 19 10 14 1899 2 36719 5192 2.4 23 10 2 9 79% 345 2990 595 54%
c f  1.05  6 19 10 14 1899 2 36719 5192 2.4 23 10 2 9 79% 357 2954 603 54%
c u  1.06  7 19 10 14 1899 2 36719 5125 2.4 23 10 2 9 79% 357 2954 603 54%
c v  1.08  7 19 10 14 1899 2 36719 4914 2.4 23 10 2 9 79% 357 2954 603 54%
c w  1.08  7 19 10 14 1899 2 36719 4832 2.4 23 10 2 9 79% 357 2954 603 54%
c -  1.11  7 19 10 15 2062 2 37603 4451 2.3 23 10 2 9 79% 357 2954 603 54%
c }  1.14  7 19 11 15 2127 2 38491 5270 2.4 23 10 2 9 79% 359 2954 603 54%
c [  1.14  7 19 11 15 2127 1 38491 5270 2.2 25 11 3 12 84% 359 2954 603 54%
c B  1.14  7 19 11 15 2127 1 38491 5270 2.2 25 11 3 12 84% 359 2954 603 54%
c -  1.18  7 19 11 16 2129 1 41475 6297 2.1 24 11 2 12 83% 359 2954 603 54%
c -  1.26  7 20 11 17 2132 1 45476 7056 2.0 23 11 2 12 83% 360 2954 603 54%
c -  1.35  7 19 11 18 2133 1 49599 7179 2.0 23 12 2 12 83% 360 2954 603 54%
c W  1.38  6 19 11 18 2133 1 50713 7964 2.0 23 12 2 12 84% 360 2954 603 54%
c o  1.38  6 19 11 18 2133 1 50713 7964 2.0 23 12 2 12 84% 360 2954 603 54%
c ]  1.42  6 19 12 18 2136 1 52986 9652 1.9 23 12 2 12 84% 360 2954 603 54%
c {  1.42  6 19 12 18 2136 2 52986 9652 2.4 23 10 2 9 79% 360 2954 603 54%
c -  1.45  7 19 12 19 2156 2 53842 7424 2.4 24 10 2 8 80% 360 2954 603 54%
c u  1.54  7 18 12 19 2253 2 56684 9816 2.5 24 10 2 8 79% 364 2954 603 54%
c
c seconds   switched    rate        size/glue  tier1   binary      remaining
c        MB   reductions  conflicts       size   tier2   irredundant
c         level    restarts    redundant     glue   trail      variables
c
c v  1.55  7 18 12 19 2253 2 56684 9749 2.5 24 10 2 8 79% 364 2954 603 54%
c w  1.56  7 18 12 19 2253 2 56684 9732 2.5 24 10 2 8 79% 364 2954 603 54%
c x  1.56  8 18 12 19 2253 2 56684 9732 2.5 24 10 2 8 79% 364 2949 603 54%
c t  1.61  8 18 12 19 2253 2 56684 9732 2.5 24 10 2 8 79% 363 2949 603 54%
c -  1.66  7 18 12 20 2253 2 58201 9170 2.5 24 10 1 7 78% 363 2949 603 54%
c -  1.79  7 17 12 21 2572 2 62674 10097 2.4 23 10 1 6 79% 365 2949 603 54%
c }  1.84  7 17 13 21 2572 2 64466 11288 2.4 23 9 1 6 80% 366 2949 603 54%
c [  1.84  7 19 13 21 2572 1 64466 11288 1.9 23 12 2 12 84% 366 2949 603 54%
c I  1.87  7 18 13 21 2573 1 65619 11999 1.9 22 12 2 12 84% 366 2949 603 54%
c -  1.91  7 18 13 22 2574 1 67257 9967 1.9 22 12 2 11 84% 366 2949 603 54%
c e  2.01  7 18 13 22 2577 1 71615 13189 1.9 22 12 2 11 85% 260 3160 541 49%
c s  2.01  7 18 13 22 2577 1 71615 13189 1.9 22 12 2 11 85% 261 3133 541 49%
c ^  2.01  7 18 13 22 2577 1 71615 13189 1.9 22 12 2 11 85% 261 3133 541 49%
c -  2.02  6 18 13 23 2577 1 71947 4699 1.9 22 12 2 11 85% 261 3133 541 49%
c -  2.12  6 18 13 24 2578 1 76743 5617 1.8 22 12 2 11 86% 261 3133 541 49%
c u  2.21  6 17 13 24 2582 1 81246 8031 1.8 21 12 2 11 86% 261 3133 541 49%
c v  2.23  6 17 13 24 2582 1 81246 7226 1.8 21 12 2 11 86% 261 3133 541 49%
c w  2.24  8 17 13 24 2582 1 81246 5487 1.8 21 12 2 11 86% 261 3133 541 49%
c f  2.24  6 17 13 24 2582 1 81246 5487 1.8 21 12 2 11 86% 263 3126 542 49%
c u  2.24  7 17 13 24 2582 1 81246 5423 1.8 21 12 2 11 86% 263 3126 542 49%
c
c seconds   switched    rate        size/glue  tier1    binary      remaining
c        MB   reductions  conflicts       size   tier2    irredundant
c         level    restarts    redundant     glue    trail      variables
c
c v  2.26  7 17 13 24 2582 1 81246 5001 1.8 21 12 2 11 86% 263 3126 542 49%
c w  2.28  7 17 13 24 2582 1 81246 4810 1.8 21 12 2 11 86% 263 3126 542 49%
c o  2.28  7 17 13 24 2582 1 81246 4810 1.8 21 12 2 11 86% 263 3126 542 49%
c -  2.29  7 17 13 25 2582 1 81642 3760 1.8 21 12 2 10 86% 263 3126 542 49%
c ]  2.29  7 17 14 25 2582 1 81681 3793 1.8 21 12 2 10 86% 263 3126 542 49%
c {  2.29  7 17 14 25 2582 2 81681 3793 2.4 23 9 1 6 80% 263 3126 542 49%
c -  2.41  8 17 14 26 3038 2 86643 6581 2.4 23 10 1 6 81% 264 3126 542 49%
c -  2.53  8 17 14 27 3167 2 91742 9482 2.5 23 9 1 5 81% 265 3126 542 49%
c }  2.68  8 17 15 27 4046 2 96396 13425 2.4 23 10 1 5 80% 267 3126 542 49%
c [  2.68  8 17 15 27 4046 1 96396 13425 1.8 21 12 2 10 86% 267 3126 542 49%
c B  2.68  8 17 15 27 4046 1 96396 13425 1.8 21 12 2 10 86% 267 3126 542 49%
c -  2.70  8 17 15 28 4046 1 96940 10401 1.8 21 12 2 10 86% 267 3126 542 49%
c -  2.83  8 17 15 29 4050 1 102231 8960 1.8 21 12 2 10 87% 267 3126 542 49%
c -  2.96  8 17 15 30 4052 1 107617 7377 1.8 21 12 2 9 87% 267 3126 542 49%
c u  3.03  8 16 15 30 4054 1 110471 8726 1.8 21 12 2 9 87% 267 3126 542 49%
c v  3.05  8 16 15 30 4054 1 110471 8335 1.8 21 12 2 9 87% 267 3126 542 49%
c w  3.05  8 16 15 30 4054 1 110471 7627 1.8 21 12 2 9 87% 267 3126 542 49%
c x  3.06  7 16 15 30 4054 1 110471 7627 1.8 21 12 2 9 87% 270 3084 542 49%
c t  3.06  7 16 15 30 4054 1 110471 7627 1.8 21 12 2 9 87% 269 3084 542 49%
c -  3.11  7 16 15 31 4056 1 113096 6054 1.8 21 12 2 9 87% 269 3084 542 49%
c
c seconds   switched    rate         size/glue  tier1   binary      remaining
c        MB   reductions  conflicts        size   tier2   irredundant
c         level    restarts     redundant     glue   trail      variables
c
c ]  3.12  7 16 16 31 4056 1 113596 6373 1.8 21 12 2 9 87% 269 3084 542 49%
c {  3.12  7 17 16 31 4056 2 113596 6373 2.4 23 10 1 5 80% 269 3084 542 49%
c -  3.28  8 17 16 32 4916 2 118663 7919 2.4 23 10 1 5 81% 269 3084 542 49%
c o  3.36  7 17 16 32 5156 2 121403 10336 2.4 24 10 1 5 81% 270 3084 542 49%
c -  3.47  8 18 16 33 5881 2 124319 9561 2.3 24 10 1 5 81% 270 3084 542 49%
c -  3.65  8 18 16 34 6596 2 130063 10755 2.4 24 10 1 4 82% 270 3084 542 49%
c }  3.69  8 18 17 34 6596 2 131935 12544 2.4 25 10 1 4 82% 270 3084 542 49%
c [  3.69  8 16 17 34 6596 1 131935 12544 1.8 21 12 2 9 87% 270 3084 542 49%
c W  3.70  7 16 17 34 6596 1 131935 12544 1.8 21 12 2 9 87% 270 3084 542 49%
c e  3.71  7 16 17 34 6596 1 132198 12759 1.8 21 12 2 9 87% 194 3340 488 44%
c s  3.71  7 16 17 34 6596 1 132198 12759 1.8 21 12 2 9 87% 195 3269 488 44%
c ^  3.71  7 16 17 34 6596 1 132198 12759 1.8 21 12 2 9 87% 195 3269 488 44%
c -  3.80  7 16 17 35 6598 1 135894 7362 1.7 21 12 1 9 87% 195 3269 488 44%
c -  3.93  8 16 17 36 6602 1 141810 7066 1.7 20 12 1 9 87% 195 3269 488 44%
c u  4.01  8 16 17 36 6603 1 144683 8367 1.7 20 12 1 9 87% 195 3269 488 44%
c v  4.04  8 16 17 36 6603 1 144683 7139 1.7 20 12 1 9 87% 195 3269 488 44%
c w  4.06  8 16 17 36 6603 1 144683 6083 1.7 20 12 1 9 87% 195 3269 488 44%
c t  4.17  8 16 17 36 6603 1 144683 6083 1.7 20 12 1 9 87% 194 3269 488 44%
c -  4.24  7 16 17 37 6605 1 147810 5515 1.7 21 12 1 9 87% 194 3269 488 44%
c -  4.36  8 16 17 38 6609 1 153892 6792 1.7 21 12 1 9 87% 195 3269 488 44%
c
c seconds   switched    rate         size/glue  tier1   binary      remaining
c        MB   reductions  conflicts        size   tier2   irredundant
c         level    restarts     redundant     glue   trail      variables
c
c O  4.41  8 16 17 38 6609 1 156160 8395 1.7 21 12 1 9 87% 195 3269 488 44%
c ]  4.46  7 16 18 38 6610 1 158043 9439 1.7 21 12 1 9 87% 195 3269 488 44%
c {  4.46  7 18 18 38 6610 2 158043 9439 2.4 25 10 1 4 82% 195 3269 488 44%
c -  4.52  7 18 18 39 7004 2 160056 7669 2.4 25 10 1 4 82% 197 3269 488 44%
c -  4.70  8 17 18 40 7082 2 166300 10251 2.5 26 10 1 4 83% 197 3269 488 44%
c -  4.91  8 17 18 41 7206 2 172627 13345 2.6 26 10 1 4 84% 197 3269 488 44%
c o  5.08  9 16 18 41 7297 2 177472 17664 2.7 26 10 1 4 84% 197 3269 488 44%
c -  5.14  9 16 18 42 7647 2 179030 14766 2.7 26 10 1 4 84% 199 3269 488 44%
c }  5.19  9 16 19 42 7913 2 180388 15612 2.6 26 10 1 4 84% 200 3269 488 44%
c [  5.19  9 16 19 42 7913 1 180388 15612 1.7 21 12 1 9 87% 200 3269 488 44%
c u  5.34  9 16 19 42 7915 1 183729 18184 1.8 21 12 1 9 87% 200 3269 488 44%
c v  5.36 10 16 19 42 7915 1 183729 17906 1.8 21 12 1 9 87% 200 3269 488 44%
c w  5.37 11 16 19 42 7915 1 183729 17877 1.8 21 12 1 9 87% 200 3269 488 44%
c x  5.38  9 16 19 42 7915 1 183729 17874 1.8 21 12 1 9 87% 202 3191 488 44%
c t  5.39  9 16 19 42 7915 1 183729 17874 1.8 21 12 1 9 87% 201 3191 488 44%
c B  5.39  9 16 19 42 7915 1 183901 18037 1.8 21 12 1 9 87% 201 3191 488 44%
c -  5.44  9 16 19 43 7916 1 185512 13385 1.8 21 12 1 8 87% 201 3191 488 44%
c -  5.59  8 16 19 44 7919 1 192072 10762 1.8 21 12 1 8 87% 201 3191 488 44%
c -  5.75  8 16 19 45 7924 1 198706 7739 1.8 21 12 1 8 87% 201 3191 488 44%
c -  5.87  7 16 19 46 7927 1 205416 7244 1.7 21 12 1 8 87% 201 3191 488 44%
c
c seconds   switched    rate         size/glue  tier1   binary      remaining
c        MB   reductions  conflicts        size   tier2   irredundant
c         level    restarts     redundant     glue   trail      variables
c
c -  6.00  7 16 19 47 7927 1 212198 6908 1.7 21 12 1 8 88% 201 3191 488 44%
c ]  6.01  7 16 20 47 7927 1 212688 7265 1.7 21 12 1 8 88% 201 3191 488 44%
c {  6.01  7 16 20 47 7927 2 212688 7265 2.6 26 10 1 4 84% 201 3191 488 44%
c s  6.18  8 16 20 47 9061 2 217994 11757 2.5 26 10 1 4 84% 201 3190 488 44%
c e  6.19  8 16 20 47 9061 2 217994 11757 2.5 26 10 1 4 84% 129 3761 408 37%
c s  6.19  8 16 20 47 9061 2 217994 11757 2.5 26 10 1 4 84% 129 3621 408 37%
c e  6.19  8 16 20 47 9061 2 217994 11757 2.5 26 10 1 4 84% 125 3649 404 36%
c ^  6.19  8 16 20 47 9061 2 217994 11757 2.5 26 10 1 4 84% 125 3649 404 36%
c -  6.22  7 16 20 48 9178 2 219055 4464 2.6 26 10 1 4 84% 125 3649 404 36%
c -  6.42  7 16 20 49 9673 2 225983 7924 2.6 26 10 1 4 85% 126 3649 404 36%
c u  6.50  7 16 20 49 9673 2 228079 9303 2.6 26 10 1 4 86% 127 3649 404 36%
c v  6.52  8 16 20 49 9673 2 228079 8481 2.6 26 10 1 4 86% 127 3649 404 36%
c w  6.54  8 16 20 49 9673 2 228079 7961 2.6 26 10 1 4 86% 127 3649 404 36%
c x  6.54  7 16 20 49 9673 2 228079 7952 2.6 26 10 1 4 86% 132 3503 404 36%
c t  6.54  7 16 20 49 9673 2 228079 7952 2.6 26 10 1 4 86% 131 3503 404 36%
c -  6.67  8 16 20 50 10099 2 232983 9427 2.6 26 10 1 4 85% 131 3503 404 36%
c o  6.83  8 16 20 50 10809 2 238116 13300 2.5 26 10 1 4 86% 131 3503 404 36%
c }  6.87  8 16 21 50 10927 2 239427 14449 2.5 26 10 1 4 86% 131 3503 404 36%
c [  6.87  8 16 21 50 10927 1 239427 14449 1.7 21 12 1 8 88% 131 3503 404 36%
c W  6.88  7 16 21 50 10927 1 239427 14449 1.7 21 12 1 8 88% 131 3503 404 36%
c
c seconds   switched     rate         size/glue  tier1   binary      remaining
c        MB   reductions   conflicts        size   tier2   irredundant
c         level    restarts      redundant     glue   trail      variables
c
c -  6.89  7 16 21 51 10927 1 240059 9461 1.7 21 12 1 8 88% 131 3503 404 36%
c -  7.03  7 16 21 52 10932 1 247201 8133 1.7 20 12 1 8 88% 131 3503 404 36%
c -  7.16  7 16 21 53 10936 1 254413 7367 1.7 20 12 1 8 88% 131 3503 404 36%
c -  7.28  7 16 21 54 10940 1 261695 7693 1.7 20 12 1 8 88% 131 3503 404 36%
c -  7.42  7 16 21 55 10941 1 269043 7609 1.7 20 12 1 8 88% 131 3503 404 36%
c I  7.52  7 16 21 55 10944 1 274779 11749 1.7 20 12 1 8 88% 131 3503 404 36%
c -  7.55  7 16 21 56 10945 1 276459 7543 1.7 20 12 1 8 88% 131 3503 404 36%
c u  7.57  7 16 21 56 10945 1 277178 7667 1.7 20 12 1 8 88% 131 3503 404 36%
c v  7.59  7 16 21 56 10945 1 277178 6700 1.7 20 12 1 8 88% 131 3503 404 36%
c w  7.60  7 16 21 56 10945 1 277178 6633 1.7 20 12 1 8 88% 131 3503 404 36%
c x  7.60  7 16 21 56 10945 1 277178 6631 1.7 20 12 1 8 88% 131 3476 404 36%
c -  7.72  7 16 21 57 10948 1 283942 6925 1.7 20 12 1 8 88% 131 3476 404 36%
c ]  7.75  7 16 22 57 10949 1 285675 8140 1.7 20 12 1 8 88% 131 3476 404 36%
c {  7.75  7 16 22 57 10949 2 285675 8140 2.5 26 10 1 4 86% 131 3476 404 36%
c -  7.84  7 16 22 58 11527 2 291492 8101 2.4 25 10 1 4 85% 131 3476 404 36%
c -  7.92  7 16 22 59 11679 2 299110 11876 2.4 24 10 1 4 81% 131 3476 404 36%
c -  8.06  8 16 22 60 12285 2 306791 13656 2.4 23 10 1 4 81% 131 3476 404 36%
c o  8.10  8 16 22 60 12652 2 308944 15149 2.3 23 10 1 4 82% 131 3476 404 36%
c -  8.22  8 16 22 61 13390 2 314537 11814 2.3 23 10 1 4 82% 131 3476 404 36%
c }  8.27  8 16 23 61 13649 2 317192 13689 2.2 23 10 1 4 82% 131 3476 404 36%
c
c seconds   switched     rate          size/glue  tier1   binary      remaining
c        MB   reductions   conflicts         size   tier2   irredundant
c         level    restarts       redundant     glue   trail      variables
c
c [  8.27  8 16 23 61 13649 1 317192 13689 1.7 20 12 1 8 88% 131 3476 404 36%
c B  8.27  8 16 23 61 13649 1 317192 13689 1.7 20 12 1 8 88% 131 3476 404 36%
c -  8.38  8 16 23 62 13653 1 322347 10439 1.7 20 12 2 8 88% 131 3476 404 36%
c s  8.54  8 15 23 62 13656 1 329978 15328 1.7 20 12 2 8 88% 131 3475 404 36%
c e  8.54  8 15 23 62 13656 1 329978 15328 1.7 20 12 2 8 88%  80 4218 346 31%
c s  8.54  8 15 23 62 13656 1 329978 15328 1.7 20 12 2 8 88%  81 4026 346 31%
c e  8.55  8 15 23 62 13656 1 329978 15328 1.7 20 12 2 8 88%  75 4100 340 31%
c !  8.55  8 15 23 62 13656 1 329978 15328 1.7 20 12 2 8 88%  75 4100 340 31%
c -  8.55  6 15 23 63 13656 1 330222 5227 1.7 20 12 2 8 88%  75 4100 340 31%
c u  8.58  7 15 23 63 13658 1 331663 6036 1.7 20 12 2 8 88%  75 4100 340 31%
c v  8.59  7 15 23 63 13658 1 331663 5146 1.7 20 12 2 8 88%  75 4100 340 31%
c w  8.61  7 15 23 63 13658 1 331663 4455 1.7 20 12 2 8 88%  75 4100 340 31%
c x  8.62  7 15 23 63 13658 1 331663 4443 1.7 20 12 2 8 88%  79 3886 340 31%
c t  8.62  7 15 23 63 13658 1 331663 4443 1.7 20 12 2 8 88%  77 3886 340 31%
c -  8.73  6 15 23 64 13662 1 338160 5237 1.6 20 12 2 8 88%  77 3886 340 31%
c -  8.87  7 15 23 65 13663 1 346160 6253 1.6 20 12 2 8 88%  77 3886 340 31%
c ]  8.88  7 15 24 65 13663 1 346690 6649 1.6 20 12 2 8 88%  77 3886 340 31%
c {  8.88  7 16 24 65 13663 2 346690 6649 2.2 23 10 1 4 82%  77 3886 340 31%
c -  9.05  7 16 24 66 14198 2 354222 9103 2.2 23 10 1 5 82%  77 3886 340 31%
c -  9.27  8 16 24 67 15368 2 362346 10690 2.2 23 10 1 5 82%  77 3886 340 31%
c
c seconds   switched     rate          size/glue  tier1   binary      remaining
c        MB   reductions   conflicts         size   tier2   irredundant
c         level    restarts       redundant     glue   trail      variables
c
c -  9.51  8 16 24 68 16311 2 370531 11912 2.2 23 10 1 4 83%  77 3886 340 31%
c -  9.72  8 16 24 69 16311 2 378777 15043 2.3 23 10 1 4 83%  77 3886 340 31%
c }  9.84  8 15 25 69 16311 2 383368 18952 2.3 23 10 1 4 84%  77 3886 340 31%
c [  9.84  8 15 25 69 16311 1 383368 18952 1.6 20 12 2 8 88%  77 3886 340 31%
c W  9.84  8 15 25 69 16311 1 383368 18952 1.6 20 12 2 8 88%  77 3886 340 31%
c -  9.93  8 15 25 70 16313 1 387083 16089 1.6 20 12 2 8 88%  77 3886 340 31%
c u 10.03  8 15 25 70 16316 1 390699 17215 1.6 19 12 2 8 88%  78 3886 340 31%
c v 10.06  9 15 25 70 16316 1 390699 16737 1.6 19 12 2 8 88%  78 3886 340 31%
c w 10.08 11 15 25 70 16316 1 390699 15547 1.6 19 12 2 8 88%  78 3886 340 31%
c x 10.09 10 15 25 70 16316 1 390699 15542 1.6 19 12 2 8 88%  79 3848 340 31%
c t 10.22 10 15 25 70 16316 1 390699 15542 1.6 19 12 2 8 88%  77 3848 340 31%
c o 10.22 10 15 25 70 16316 1 390699 15542 1.6 19 12 2 8 88%  77 3848 340 31%
c - 10.34  9 15 25 71 16317 1 395450 11774 1.6 19 12 2 8 88%  77 3848 340 31%
c - 10.51  9 15 25 72 16323 1 403877 9446 1.6 19 12 2 8 89%  77 3848 340 31%
c - 10.71  9 15 25 73 16325 1 412363 8650 1.6 19 12 2 8 89%  77 3848 340 31%
c - 10.92  9 15 25 74 16329 1 420908 8107 1.6 19 12 2 8 89%  77 3848 340 31%
c ] 11.01  9 15 26 74 16332 1 425079 10670 1.6 19 12 2 8 89%  77 3848 340 31%
c { 11.01  9 15 26 74 16332 2 425079 10670 2.3 23 10 1 4 84%  77 3848 340 31%
c - 11.10  9 15 26 75 16723 2 429511 9623 2.3 23 10 1 4 84%  77 3848 340 31%
c - 11.33  9 16 26 76 18213 2 438172 11399 2.2 23 10 1 4 84%  77 3848 340 31%
c
c seconds   switched     rate          size/glue  tier1   binary      remaining
c        MB   reductions   conflicts         size   tier2   irredundant
c         level    restarts       redundant     glue   trail      variables
c
c - 11.60 10 15 26 77 18254 2 446889 14593 2.3 23 10 1 4 85%  77 3848 340 31%
c u 11.88 11 15 26 77 18254 2 455283 20895 2.3 23 10 1 4 86%  77 3848 340 31%
c v 11.91 11 15 26 77 18254 2 455283 20401 2.3 23 10 1 4 86%  77 3848 340 31%
c w 11.93 12 15 26 77 18254 2 455283 20368 2.3 23 10 1 4 86%  77 3848 340 31%
c x 11.94 13 15 26 77 18254 2 455283 20366 2.3 23 10 1 4 86%  77 3837 340 31%
c - 11.96 10 15 26 78 18325 2 455664 16278 2.3 23 10 1 4 86%  77 3837 340 31%
c - 12.24 10 15 26 79 19463 2 464495 16796 2.3 24 10 1 4 86%  78 3835 340 31%
c } 12.32 10 15 27 79 19844 2 467297 19112 2.3 24 10 1 4 86%  78 3835 340 31%
c [ 12.32 10 15 27 79 19844 1 467297 19112 1.6 19 12 2 8 89%  78 3835 340 31%
c O 12.32 10 15 27 79 19844 1 467297 19112 1.6 19 12 2 8 89%  78 3835 340 31%
c s 12.38 10 15 27 79 19845 1 469172 20391 1.6 19 12 2 8 89%  78 3831 340 31%
c e 12.38  9 15 27 79 19845 1 469172 20391 1.6 19 12 2 8 89%  64 3934 332 30%
c s 12.38  9 15 27 79 19845 1 469172 20391 1.6 19 12 2 8 89%  64 3879 332 30%
c - 12.49 10 15 27 80 19848 1 473384 13230 1.6 19 12 2 8 89%  64 3879 332 30%
c - 12.69  9 15 27 81 19853 1 482328 11155 1.6 19 12 2 7 89%  64 3879 332 30%
c - 12.89  9 14 27 82 19857 1 491328 9519 1.6 19 12 2 7 89%  64 3879 332 30%
c - 13.12  9 14 27 83 19859 1 500383 9263 1.6 19 12 2 7 89%  64 3879 332 30%
c - 13.34  9 14 27 84 19865 1 509494 9471 1.7 19 11 2 7 89%  64 3879 332 30%
c ] 13.51  9 14 28 84 19870 1 518104 15052 1.7 19 11 2 7 89%  64 3879 332 30%
c { 13.51  9 15 28 84 19870 2 518104 15052 2.3 24 10 1 4 86%  64 3879 332 30%
c
c seconds   switched     rate          size/glue  tier1   binary      remaining
c        MB   reductions   conflicts         size   tier2   irredundant
c         level    restarts       redundant     glue   trail      variables
c
c o 13.51  9 15 28 84 19878 2 518144 15079 2.3 24 10 1 4 86%  64 3879 332 30%
c - 13.53  9 15 28 85 19997 2 518659 10077 2.3 24 10 1 4 86%  64 3879 332 30%
c u 13.76 10 15 28 85 20567 2 525455 15128 2.3 24 10 1 4 87%  64 3879 332 30%
c v 13.81 10 15 28 85 20567 2 525455 13005 2.3 24 10 1 4 87%  64 3879 332 30%
c w 13.85 10 15 28 85 20567 2 525455 11810 2.3 24 10 1 4 87%  64 3879 332 30%
c - 13.92  9 15 28 86 20909 2 527879 9377 2.3 24 10 1 4 87%  64 3879 332 30%
c - 14.17  9 16 28 87 21733 2 537152 11507 2.3 24 10 1 4 86%  64 3879 332 30%
c - 14.44  9 16 28 88 22529 2 546480 12452 2.3 24 10 1 4 86%  64 3879 332 30%
c - 14.71 10 16 28 89 23941 2 555860 13153 2.3 24 11 1 4 87%  64 3879 332 30%
c - 15.03 10 16 28 90 24720 2 565293 13784 2.3 24 11 1 4 87%  64 3879 332 30%
c } 15.05  9 16 29 90 24720 2 566243 14593 2.3 24 11 1 4 87%  64 3879 332 30%
c [ 15.05  9 14 29 90 24720 1 566243 14593 1.7 19 11 2 7 89%  64 3879 332 30%
c B 15.05  9 14 29 90 24720 1 566243 14593 1.7 19 11 2 7 89%  64 3879 332 30%
c - 15.24  9 14 29 91 24726 1 574780 12708 1.7 19 12 2 7 90%  64 3879 332 30%
c - 15.44  9 14 29 92 24731 1 584320 10433 1.7 19 12 1 7 90%  64 3879 332 30%
c - 15.61  9 14 29 93 24734 1 593911 9790 1.7 19 12 1 7 90%  64 3879 332 30%
c u 15.76  8 14 29 93 24737 1 601164 13361 1.7 19 12 1 7 90%  64 3879 332 30%
c v 15.80  8 14 29 93 24737 1 601164 12162 1.7 19 12 1 7 90%  64 3879 332 30%
c w 15.82  8 14 29 93 24737 1 601164 10467 1.7 19 12 1 7 90%  64 3879 332 30%
c x 15.83  8 14 29 93 24737 1 601164 10465 1.7 19 12 1 7 90%  64 3827 332 30%
c
c seconds   switched     rate         size/glue  tier1   binary      remaining
c        MB   reductions   conflicts        size   tier2   irredundant
c         level    restarts      redundant     glue   trail      variables
c
c - 15.87  8 14 29 94 24738 1 603555 7578 1.7 19 11 1 7 90%  64 3827 332 30%
c - 16.05  8 14 29 95 24743 1 613250 8321 1.6 19 12 1 7 90%  64 3827 332 30%
c - 16.26  8 14 29 96 24748 1 622996 8775 1.6 19 11 1 7 90%  64 3827 332 30%
c W 16.28  8 14 29 96 24749 1 623827 9466 1.6 19 11 1 7 90%  64 3827 332 30%
c o 16.29  8 14 29 96 24749 1 623827 9466 1.6 19 11 1 7 90%  64 3827 332 30%
c - 16.46  8 14 29 97 24750 1 632795 9159 1.6 19 12 1 7 90%  64 3827 332 30%
c s 16.60  8 14 29 97 24750 1 640971 14329 1.6 19 12 1 7 90%  64 3825 332 30%
c - 16.65  8 14 29 98 24750 1 642644 8815 1.6 19 12 1 7 90%  64 3825 332 30%
c ] 16.65  8 14 30 98 24750 1 642808 8939 1.6 19 12 1 7 90%  64 3825 332 30%
c { 16.65  8 16 30 98 24750 2 642808 8939 2.3 24 11 1 4 87%  64 3825 332 30%
c - 16.90  8 16 30 99 25704 2 652543 11252 2.3 24 11 1 4 87%  64 3825 332 30%
c - 17.15  8 16 30 100 26269 2 662492 13443 2.3 24 11 1 4 87%  64 3825 332 30%
c - 17.41  9 15 30 101 26649 2 672492 14638 2.3 24 11 1 4 87%  64 3825 332 30%
c - 17.70  9 15 30 102 27105 2 682541 15601 2.3 24 11 1 4 88%  64 3825 332 30%
c u 17.72  9 15 30 102 27105 2 682770 15024 2.3 24 11 1 4 88%  64 3825 332 30%
c v 17.76  9 15 30 102 27105 2 682770 14245 2.3 24 11 1 4 88%  64 3825 332 30%
c w 17.77  9 15 30 102 27105 2 682770 13621 2.3 24 11 1 4 88%  64 3825 332 30%
c x 17.78  9 15 30 102 27105 2 682770 13621 2.3 24 11 1 4 88%  64 3815 332 30%
c - 18.08  9 15 30 103 27933 2 692641 14025 2.3 24 11 1 4 88%  64 3815 332 30%
c } 18.21  9 15 31 103 28676 2 697242 17496 2.2 24 11 1 4 88%  64 3815 332 30%
c
c seconds   switched      rate          size/glue  tier1   binary      remaining
c        MB   reductions    conflicts         size   tier2   irredundant
c         level     restarts       redundant     glue   trail      variables
c
c [ 18.21  9 14 31 103 28676 1 697242 17496 1.6 19 12 1 7 90%  64 3815 332 30%
c I 18.21  9 14 31 103 28676 1 697242 17496 1.6 19 12 1 7 90%  64 3815 332 30%
c - 18.31  8 14 31 104 28680 1 702789 13514 1.6 19 12 1 7 90%  64 3815 332 30%
c - 18.49  8 14 31 105 28685 1 712988 11984 1.6 19 12 1 7 90%  64 3815 332 30%
c - 18.70  8 14 31 106 28690 1 723235 10919 1.6 19 12 1 7 90%  64 3815 332 30%
c - 18.93  8 14 31 107 28693 1 733530 10267 1.6 19 12 1 7 89%  64 3815 332 30%
c - 19.16  8 14 31 108 28699 1 743874 11085 1.6 19 12 1 7 89%  64 3815 332 30%
c - 19.39  8 14 31 109 28704 1 754266 10908 1.6 19 12 1 7 89%  64 3815 332 30%
c - 19.62  8 14 31 110 28706 1 764706 11491 1.6 19 11 1 7 89%  64 3815 332 30%
c B 19.62  8 14 31 110 28706 1 764924 11697 1.6 19 11 1 7 89%  64 3815 332 30%
c o 19.62  8 14 31 110 28706 1 764924 11697 1.6 19 11 1 7 89%  64 3815 332 30%
c ] 19.65  8 14 32 110 28706 1 766842 13169 1.6 19 11 1 7 89%  64 3815 332 30%
c { 19.65  8 15 32 110 28706 2 766842 13169 2.2 24 11 1 4 88%  64 3815 332 30%
c u 19.77  8 16 32 110 28943 2 770223 15424 2.2 24 11 1 4 88%  64 3815 332 30%
c v 19.82  8 16 32 110 28943 2 770223 13341 2.2 24 11 1 4 88%  64 3815 332 30%
c w 19.85  8 16 32 110 28943 2 770223 12243 2.2 24 11 1 4 88%  64 3815 332 30%
c - 20.00  8 16 32 111 29540 2 775194 11120 2.2 24 11 1 4 88%  64 3815 332 30%
c - 20.29  9 16 32 112 29756 2 785729 14666 2.2 24 11 1 4 87%  64 3815 332 30%
c - 20.59  9 16 32 113 30604 2 796312 16212 2.2 24 11 1 4 86%  64 3815 332 30%
c - 20.98  9 16 32 114 31306 2 806943 17461 2.2 23 11 1 4 86%  64 3815 332 30%
c
c seconds   switched      rate          size/glue  tier1   binary      remaining
c        MB   reductions    conflicts         size   tier2   irredundant
c         level     restarts       redundant     glue   trail      variables
c
c - 21.31  9 16 32 115 32024 2 817620 17840 2.2 23 11 1 4 86%  65 3815 332 30%
c } 21.68  9 16 33 115 32561 2 827946 27107 2.2 24 11 1 4 86%  65 3815 332 30%
c [ 21.68  9 14 33 115 32561 1 827946 27107 1.6 19 11 1 7 89%  65 3815 332 30%
c - 21.70  9 14 33 116 32561 1 828346 19247 1.6 19 11 1 7 89%  65 3815 332 30%
c W 21.90  9 14 33 116 32567 1 837900 26988 1.6 19 11 1 7 90%  65 3815 332 30%
c - 21.94  9 14 33 117 32567 1 839117 18295 1.6 19 11 1 7 90%  65 3815 332 30%
c s 22.12  9 14 33 117 32573 1 846478 22329 1.6 19 11 1 7 90%  65 3814 332 30%
c - 22.21  8 14 33 118 32574 1 849933 14061 1.6 19 11 1 7 90%  65 3814 332 30%
c - 22.46  8 14 33 119 32576 1 860795 12459 1.6 19 11 1 7 90%  65 3814 332 30%
c u 22.56  8 14 33 119 32578 1 863548 12624 1.6 18 11 1 7 90%  65 3814 332 30%
c v 22.61  8 14 33 119 32578 1 863548 10580 1.6 18 11 1 7 90%  65 3814 332 30%
c w 22.64  8 14 33 119 32578 1 863548 9544 1.6 18 11 1 7 90%  65 3814 332 30%
c x 22.65  8 14 33 119 32578 1 863548 9540 1.6 18 11 1 7 90%  65 3812 332 30%
c t 22.98 10 14 33 119 32578 1 863548 9540 1.6 18 11 1 7 90%  63 3812 332 30%
c - 23.19 10 14 33 120 32582 1 871703 9203 1.6 18 11 1 7 90%  63 3812 332 30%
c - 23.47 10 14 33 121 32589 1 882659 10126 1.6 18 11 1 7 90%  63 3812 332 30%
c - 23.72 10 14 33 122 32591 1 893660 10435 1.6 18 11 1 7 90%  63 3812 332 30%
c - 24.01 10 13 33 123 32591 1 904705 10998 1.6 18 11 1 7 90%  63 3812 332 30%
c ] 24.15 10 13 34 123 32594 1 912482 16284 1.6 18 11 1 7 89%  63 3812 332 30%
c { 24.15 10 16 34 123 32594 2 912482 16284 2.2 24 11 1 4 86%  63 3812 332 30%
c
c seconds   switched      rate          size/glue  tier1   binary      remaining
c        MB   reductions    conflicts         size   tier2   irredundant
c         level     restarts       redundant     glue   trail      variables
c
c o 24.19 10 16 34 123 32627 2 914686 17789 2.2 24 11 1 4 86%  63 3812 332 30%
c - 24.23 10 16 34 124 32699 2 915795 12365 2.2 23 11 1 4 86%  63 3812 332 30%
c - 24.54 10 16 34 125 33232 1 926930 13653 2.2 24 11 1 4 86%  63 3812 332 30%
c - 24.81 10 15 34 126 33348 1 938110 13342 2.2 23 11 1 4 86%  63 3812 332 30%
c - 25.25 10 15 34 127 33350 1 949335 16172 2.2 22 10 1 4 86%  63 3812 332 30%
c - 25.66 11 14 34 128 33350 1 960605 18997 2.2 22 10 1 4 87%  63 3812 332 30%
c u 25.77 11 14 34 128 33350 1 962831 19586 2.2 22 10 1 4 87%  63 3812 332 30%
c v 25.87 11 14 34 128 33350 1 962831 17723 2.2 22 10 1 4 87%  63 3812 332 30%
c w 25.90 11 14 34 128 33350 1 962831 17294 2.2 22 10 1 4 87%  63 3812 332 30%
c - 26.24 11 14 34 129 34090 1 971918 17611 2.2 22 10 1 4 87%  63 3812 332 30%
c } 26.54 11 14 35 129 34607 1 980628 24623 2.2 22 10 1 4 86%  63 3812 332 30%
c [ 26.54 11 13 35 129 34607 1 980628 24623 1.6 18 11 1 7 89%  63 3812 332 30%
c O 26.54 11 13 35 129 34607 1 980628 24623 1.6 18 11 1 7 89%  63 3812 332 30%
c - 26.63 11 14 35 130 34609 1 983276 17540 1.6 18 11 1 7 89%  63 3812 332 30%
c - 27.01 11 13 35 131 34615 1 994677 15855 1.6 18 11 1 7 89%  63 3812 332 30%
c - 27.37 10 13 35 132 34621 1 1006122 13011 1.7 18 11 1 6 90%  63 3812 332 30%
c - 27.71 10 13 35 133 34625 1 1017611 13419 1.7 19 11 1 6 90%  63 3812 332 30%
c - 27.98 11 13 35 134 34631 1 1029144 13291 1.8 19 11 1 6 90%  63 3812 332 30%
c - 28.26 11 13 35 135 34636 1 1040719 12235 1.8 19 11 1 6 90%  63 3812 332 30%
c - 28.55 11 13 35 136 34637 1 1052338 12055 1.7 19 11 1 6 90%  63 3812 332 30%
c
c seconds   switched      rate           size/glue  tier1   binary      remaining
c        MB   reductions     conflicts         size   tier2   irredundant
c         level     restarts        redundant     glue   trail      variables
c
c - 28.82 11 13 35 137 34639 1 1063999 12140 1.7 19 11 1 6 90%  63 3812 332 30%
c B 28.84 11 13 35 137 34639 1 1064666 12524 1.7 19 11 1 6 90%  63 3812 332 30%
c o 28.84 11 13 35 137 34639 1 1064666 12524 1.7 19 11 1 6 90%  63 3812 332 30%
c ] 28.90 11 13 36 137 34641 1 1067245 14285 1.7 19 11 1 6 90%  63 3812 332 30%
c { 28.90 11 14 36 137 34641 1 1067245 14285 2.2 22 10 1 4 86%  63 3812 332 30%
c u 28.95 11 14 36 137 34737 1 1068123 14096 2.2 22 10 1 4 86%  63 3812 332 30%
c v 29.01 11 14 36 137 34737 1 1068123 12359 2.2 22 10 1 4 86%  63 3812 332 30%
c w 29.10 11 14 36 137 34737 1 1068123 10718 2.2 22 10 1 4 86%  63 3812 332 30%
c - 29.31 11 14 36 138 35603 1 1075703 11251 2.2 22 10 1 4 86%  63 3812 332 30%
c - 29.65 11 15 36 139 37185 1 1087450 13625 2.1 22 10 1 4 86%  63 3812 332 30%
c - 29.98 11 15 36 140 38009 1 1099240 16089 2.2 22 10 1 4 86%  63 3812 332 30%
c - 30.32 11 15 36 141 38713 1 1111072 17751 2.2 22 10 1 4 86%  63 3812 332 30%
c - 30.70 11 15 36 142 39925 1 1122946 17873 2.1 22 10 1 4 86%  63 3812 332 30%
c - 31.11 11 15 36 143 42168 2 1134863 17554 2.1 22 11 1 4 86%  63 3812 332 30%
c } 31.36 11 15 37 143 42309 2 1142801 23477 2.1 22 10 1 4 87%  63 3812 332 30%
c [ 31.36 11 13 37 143 42309 1 1142801 23477 1.7 19 11 1 6 90%  63 3812 332 30%
c - 31.50 11 13 37 144 42311 1 1146821 18037 1.7 19 11 1 6 90%  63 3812 332 30%
c W 31.75 11 13 37 144 42315 1 1154467 22281 1.8 19 11 1 6 90%  64 3812 332 30%
c - 31.85 11 13 37 145 42318 1 1158822 18002 1.7 19 11 1 6 90%  64 3812 332 30%
c - 32.15 10 13 37 146 42323 1 1170864 15737 1.7 19 11 1 6 90%  64 3812 332 30%
c
c seconds   switched      rate           size/glue  tier1   binary      remaining
c        MB   reductions     conflicts         size   tier2   irredundant
c         level     restarts        redundant     glue   trail      variables
c
c u 32.38 10 13 37 146 42326 1 1179494 19985 1.7 19 11 1 6 90%  71 3812 332 30%
c v 32.44 10 13 37 146 42326 1 1179494 18999 1.7 19 11 1 6 90%  68 3812 332 30%
c w 32.47 10 13 37 146 42326 1 1179494 16113 1.7 19 11 1 6 90%  68 3812 332 30%
c x 32.48 10 13 37 146 42326 1 1179494 16106 1.7 19 11 1 6 90%  68 3790 332 30%
c t 32.48 10 13 37 146 42326 1 1179494 16106 1.7 19 11 1 6 90%  66 3790 332 30%
c - 32.55 11 13 37 147 42329 1 1182947 10866 1.7 19 11 1 6 90%  66 3790 332 30%
c - 32.82 11 13 37 148 42336 1 1195072 11115 1.7 18 11 1 6 90%  66 3790 332 30%
c - 33.13 11 13 37 149 42338 1 1207238 11368 1.7 18 11 1 6 90%  66 3790 332 30%
c - 33.43 11 13 37 150 42339 1 1219445 11686 1.7 18 11 1 6 91%  66 3790 332 30%
c - 33.74 11 13 37 151 42345 1 1231692 12023 1.7 18 11 1 6 91%  66 3790 332 30%
c ] 33.75 11 13 38 151 42345 1 1232064 12240 1.7 18 11 1 6 91%  66 3790 332 30%
c { 33.75 11 15 38 151 42345 2 1232064 12240 2.1 22 10 1 4 87%  66 3790 332 30%
c - 34.00 11 14 38 152 42349 1 1243981 12512 2.1 21 10 1 4 87%  66 3790 332 30%
c o 34.12 11 14 38 152 42359 1 1249031 15341 2.1 21 10 1 4 87%  66 3790 332 30%
c - 34.24 11 14 38 153 42557 1 1256309 14240 2.0 21 10 1 4 87%  66 3790 332 30%
c - 34.47 11 14 38 154 43180 1 1268680 15378 2.0 20 10 1 4 87%  66 3790 332 30%
c - 34.75 11 14 38 155 43439 1 1281090 15015 2.0 20 10 1 4 88%  66 3790 332 30%
c - 35.01 11 14 38 156 44303 1 1293541 14943 1.9 20 10 1 4 88%  66 3790 332 30%
c u 35.12 11 14 38 156 44434 1 1297104 16301 1.9 19 10 1 4 88%  66 3790 332 30%
c v 35.20 11 14 38 156 44434 1 1297104 14127 1.9 19 10 1 4 88%  66 3790 332 30%
c
c seconds   switched      rate           size/glue  tier1   binary      remaining
c        MB   reductions     conflicts         size   tier2   irredundant
c         level     restarts        redundant     glue   trail      variables
c
c w 35.23 11 14 38 156 44434 1 1297104 12594 1.9 19 10 1 4 88%  66 3790 332 30%
c - 35.40 11 14 38 157 45036 1 1306031 12081 1.9 19 10 1 4 88%  66 3790 332 30%
c } 35.58 11 14 39 157 45219 1 1315397 17958 1.9 19 10 1 4 89%  66 3790 332 30%
c [ 35.58 11 13 39 157 45219 1 1315397 17958 1.7 18 11 1 6 91%  66 3790 332 30%
c I 35.58 11 13 39 157 45219 1 1315397 17958 1.7 18 11 1 6 91%  66 3790 332 30%
c - 35.66 11 13 39 158 45221 1 1318560 12639 1.7 17 11 1 6 91%  66 3790 332 30%
c - 35.94 11 13 39 159 45228 1 1331129 12789 1.7 18 11 1 6 91%  66 3790 332 30%
c - 36.26 11 13 39 160 45233 1 1343739 12481 1.6 17 11 1 6 91%  66 3790 332 30%
c - 36.56 11 13 39 161 45239 1 1356388 12599 1.6 17 11 1 6 91%  66 3790 332 30%
c s 36.74 11 13 39 161 45244 1 1364782 18081 1.6 17 11 1 6 90%  66 3789 332 30%
c e 36.74 11 13 39 161 45244 1 1364782 18081 1.6 17 11 1 6 90%  62 3807 331 30%
c - 36.84 11 13 39 162 45247 1 1369078 12468 1.6 17 11 1 6 90%  62 3807 331 30%
c - 37.12 11 13 39 163 45249 1 1381806 12667 1.6 17 11 1 6 91%  62 3807 331 30%
c ] 37.29 11 13 40 163 45249 1 1389070 17317 1.6 17 11 1 6 91%  62 3807 331 30%
c { 37.29 11 14 40 163 45249 1 1389070 17317 1.9 19 10 1 4 89%  62 3807 331 30%
c - 37.44 11 14 40 164 45894 1 1394574 13955 1.9 19 10 1 4 89%  62 3807 331 30%
c o 37.63 11 14 40 164 46234 1 1402213 19919 1.9 19 10 1 4 89%  62 3807 331 30%
c - 37.76 11 13 40 165 46371 1 1407381 15810 1.9 19 10 1 4 89%  62 3807 331 30%
c - 38.10 11 13 40 166 46873 1 1420227 16592 1.9 19 10 1 4 89%  62 3807 331 30%
c u 38.15 11 13 40 166 47012 1 1420933 16638 1.9 19 10 1 4 89%  62 3807 331 30%
c
c seconds   switched      rate           size/glue  tier1   binary      remaining
c        MB   reductions     conflicts         size   tier2   irredundant
c         level     restarts        redundant     glue   trail      variables
c
c v 38.20 11 13 40 166 47012 1 1420933 15598 1.9 19 10 1 4 89%  62 3807 331 30%
c w 38.22 11 13 40 166 47012 1 1420933 15085 1.9 19 10 1 4 89%  62 3807 331 30%
c x 38.23 11 13 40 166 47012 1 1420933 15084 1.9 19 10 1 4 89%  64 3790 331 30%
c t 38.24 11 13 40 166 47012 1 1420933 15084 1.9 19 10 1 4 89%  62 3790 331 30%
c - 38.54 11 13 40 167 47606 1 1433112 15639 1.9 19 10 1 4 89%  62 3790 331 30%
c - 38.87 11 13 40 168 47607 1 1446034 16976 1.9 18 10 1 4 89%  62 3790 331 30%
c - 39.25 11 13 40 169 49095 1 1458995 18780 1.9 19 10 1 4 89%  63 3790 331 30%
c - 39.63 11 13 40 170 49664 1 1471995 18746 1.9 19 10 1 4 89%  63 3790 331 30%
c } 39.88 11 13 41 170 50236 1 1480542 24708 1.9 19 10 1 4 90%  64 3790 331 30%
c [ 39.88 11 13 41 170 50236 1 1480542 24708 1.6 17 11 1 6 91%  64 3790 331 30%
c B 39.88 11 13 41 170 50236 1 1480542 24708 1.6 17 11 1 6 91%  64 3790 331 30%
c - 39.98 11 13 41 171 50239 1 1485034 19029 1.6 17 11 1 6 90%  64 3790 331 30%
c - 40.30 11 13 41 172 50247 1 1498111 18102 1.7 18 10 1 6 90%  64 3790 331 30%
c - 40.61 11 13 41 173 50250 1 1511226 15995 1.7 17 10 1 6 90%  64 3790 331 30%
c - 40.85 10 12 41 174 50257 1 1524379 15523 1.7 17 10 1 6 88%  64 3790 331 30%
c - 41.11 10 13 41 175 50264 1 1537570 14485 1.7 18 10 1 6 86%  64 3790 331 30%
c - 41.41 11 13 41 176 50266 1 1550800 14342 1.7 18 10 1 6 86%  64 3790 331 30%
c u 41.45 11 13 41 176 50266 1 1551036 13745 1.7 18 10 1 6 86%  64 3790 331 30%
c v 41.52 11 13 41 176 50266 1 1551036 11261 1.7 18 10 1 6 86%  64 3790 331 30%
c w 41.55 11 13 41 176 50266 1 1551036 10715 1.7 18 10 1 6 86%  64 3790 331 30%
c
c seconds   switched      rate           size/glue  tier1   binary      remaining
c        MB   reductions     conflicts         size   tier2   irredundant
c         level     restarts        redundant     glue   trail      variables
c
c - 41.85 10 13 41 177 50268 1 1564066 11951 1.7 18 10 1 6 87%  64 3790 331 30%
c - 42.17 11 13 41 178 50276 1 1577370 11756 1.7 18 10 1 6 87%  64 3790 331 30%
c ] 42.33 11 13 42 178 50280 1 1584112 15662 1.7 18 10 1 6 87%  64 3790 331 30%
c { 42.33 11 13 42 178 50280 1 1584112 15662 1.9 19 10 1 4 90%  64 3790 331 30%
c o 42.37 11 13 42 178 50537 1 1585595 16602 1.9 19 10 1 4 90%  64 3790 331 30%
c - 42.53 11 13 42 179 51590 1 1590711 13509 1.9 19 10 1 4 89%  64 3790 331 30%
c - 42.84 11 13 42 180 52022 1 1604090 14492 1.9 19 10 1 4 90%  64 3790 331 30%
c - 43.22 10 13 42 181 52901 1 1617507 15570 1.9 19 10 1 4 90%  64 3790 331 30%
c - 43.60 11 13 42 182 53924 1 1630960 16606 1.9 19 10 1 4 90%  64 3790 331 30%
c - 43.93 11 13 42 183 54349 1 1644450 16994 1.8 18 10 1 4 90%  64 3790 331 30%
c - 44.27 11 12 42 184 54366 1 1657978 16965 1.8 18 10 1 4 89%  64 3790 331 30%
c - 44.65 11 12 42 185 54677 1 1671542 18590 1.8 17 10 1 4 89%  65 3790 331 30%
c s 45.00 11 12 42 185 54807 1 1680942 23207 1.8 17 9 1 4 89%  65 3778 331 30%
c e 45.00 11 12 42 185 54807 1 1680942 23207 1.8 17 9 1 4 89%  64 3795 330 30%
c } 45.10 11 12 43 185 55508 1 1684085 25531 1.8 17 10 1 4 89%  64 3795 330 30%
c [ 45.10 11 13 43 185 55508 1 1684085 25531 1.7 18 10 1 6 87%  64 3795 330 30%
c W 45.10 11 13 43 185 55508 1 1684085 25531 1.7 18 10 1 6 87%  64 3795 330 30%
c - 45.13 11 13 43 186 55509 1 1685144 18777 1.7 18 10 1 6 87%  64 3795 330 30%
c u 45.24 11 13 43 186 55510 1 1687449 19177 1.7 18 10 1 6 88%  64 3795 330 30%
c v 45.33 11 13 43 186 55510 1 1687449 15800 1.7 18 10 1 6 88%  64 3795 330 30%
c
c seconds   switched      rate           size/glue  tier1   binary      remaining
c        MB   reductions     conflicts         size   tier2   irredundant
c         level     restarts        redundant     glue   trail      variables
c
c w 45.40 11 13 43 186 55510 1 1687449 12744 1.7 18 10 1 6 88%  64 3795 330 30%
c = 45.81 16 13 43 186 55510 1 1687449 12744 1.7 18 10 1 6 88%  68 3774 327 29%
c d 45.82 16 13 43 186 55510 1 1687449 12643 1.7 18 10 1 6 88%  63 3774 327 29%
c u 45.85 16 13 43 186 55510 1 1687449 12443 1.7 18 10 1 6 88%  63 3774 327 29%
c v 45.91 16 13 43 186 55510 1 1687449 11457 1.7 18 10 1 6 88%  63 3774 327 29%
c w 45.96 16 13 43 186 55510 1 1687449 10707 1.7 18 10 1 6 88%  63 3774 327 29%
c x 45.97 16 13 43 186 55510 1 1687449 10695 1.7 18 10 1 6 88%  63 3758 327 29%
c - 46.23 15 13 43 187 55517 1 1698783 11388 1.7 18 11 1 6 88%  62 3757 327 29%
c - 46.54 16 13 43 188 55522 1 1712457 11960 1.7 18 11 1 6 88%  62 3757 327 29%
c - 46.85 16 13 43 189 55529 1 1726169 12663 1.7 18 11 1 6 88%  62 3756 327 29%
c - 47.16 16 13 43 190 55536 1 1739917 12645 1.7 18 11 1 6 88%  62 3756 327 29%
c - 47.47 16 13 43 191 55538 1 1753701 13674 1.7 18 11 1 6 88%  62 3756 327 29%
c - 47.81 16 13 43 192 55540 1 1767521 14237 1.7 17 10 1 6 88%  62 3756 327 29%
c - 48.14 16 13 43 193 55548 1 1781377 14421 1.7 17 10 1 6 88%  62 3756 327 29%
c - 48.49 16 12 43 194 55553 1 1795270 14825 1.7 17 10 1 6 88%  62 3756 327 29%
c ] 48.52 16 12 44 194 55553 1 1796378 15474 1.7 17 10 1 6 88%  62 3756 327 29%
c { 48.52 16 12 44 194 55553 1 1796378 15474 1.8 17 10 1 4 89%  62 3756 327 29%
c o 48.69 16 12 44 194 55594 1 1803401 19650 1.8 17 9 1 4 89%  62 3756 327 29%
c - 48.89 16 12 44 195 56769 1 1809198 16589 1.8 17 10 1 4 89%  62 3756 327 29%
c - 49.31 16 13 44 196 58626 1 1823164 18024 1.8 17 10 1 4 89%  62 3756 327 29%
c
c seconds   switched      rate           size/glue  tier1   binary      remaining
c        MB   reductions     conflicts         size   tier2   irredundant
c         level     restarts        redundant     glue   trail      variables
c
c u 49.55 16 13 44 196 58770 1 1830450 21694 1.8 17 10 1 4 89%  62 3756 327 29%
c v 49.66 16 13 44 196 58770 1 1830450 19521 1.8 17 10 1 4 89%  62 3756 327 29%
c w 49.70 16 13 44 196 58770 1 1830450 16765 1.8 17 10 1 4 89%  62 3756 327 29%
c - 49.88 15 13 44 197 59127 1 1837165 15120 1.7 17 10 1 4 89%  62 3756 327 29%
c - 50.25 16 12 44 198 59603 1 1851200 17948 1.8 17 10 1 4 89%  62 3756 327 29%
c - 50.63 16 13 44 199 60770 1 1865272 19292 1.8 17 10 1 4 89%  62 3756 327 29%
c - 51.02 16 12 44 200 61031 1 1879379 20091 1.8 17 9 1 4 89%  64 3756 327 29%
c i 51.11 16 12 44 200 61031 1 1882972 21835 1.8 17 9 1 4 89%  78 3756 326 29%
c - 51.48 16 12 44 201 61878 1 1893521 16353 1.8 17 9 1 4 89%  59 3756 326 29%
c } 51.88 16 12 45 201 63125 1 1905209 25002 1.8 17 10 1 4 89%  59 3756 326 29%
c [ 51.88 16 12 45 201 63125 1 1905209 25002 1.7 17 10 1 6 88%  59 3756 326 29%
c O 51.88 16 12 45 201 63125 1 1905209 25002 1.7 17 10 1 6 88%  59 3756 326 29%
c - 51.96 16 13 45 202 63127 1 1907699 18807 1.7 17 10 1 6 88%  59 3756 326 29%
c - 52.36 16 13 45 203 63135 1 1921911 17672 1.7 17 10 1 6 89%  59 3756 326 29%
c - 52.73 16 13 45 204 63139 1 1936158 16976 1.7 17 10 1 6 89%  59 3756 326 29%
c - 53.13 16 13 45 205 63147 1 1950443 16801 1.7 18 10 1 6 89%  59 3756 326 29%
c - 53.59 16 13 45 206 63154 1 1964760 17191 1.7 18 10 1 6 89%  59 3756 326 29%
c - 54.02 16 12 45 207 63155 1 1979113 18513 1.7 17 10 1 6 89%  59 3756 326 29%
c u 54.08 16 12 45 207 63155 1 1979869 18022 1.7 17 10 1 6 89%  65 3561 326 29%
c v 54.18 16 12 45 207 63155 1 1979869 16132 1.7 17 10 1 6 89%  65 3561 326 29%
c
c seconds   switched      rate           size/glue  tier1   binary      remaining
c        MB   reductions     conflicts         size   tier2   irredundant
c         level     restarts        redundant     glue   trail      variables
c
c w 54.21 16 12 45 207 63155 1 1979869 15745 1.7 17 10 1 6 89%  65 3561 326 29%
c x 54.22 16 12 45 207 63155 1 1979869 15739 1.7 17 10 1 6 89%  65 3528 326 29%
c - 54.60 16 12 45 208 63161 1 1993500 16452 1.7 17 10 1 6 89%  65 3528 326 29%
c - 55.01 15 12 45 209 63169 1 2007925 15626 1.7 17 10 1 6 89%  65 3528 326 29%
c ] 55.14 15 12 46 209 63170 1 2012880 18150 1.7 17 10 1 6 89%  65 3528 326 29%
c { 55.14 15 12 46 209 63170 1 2012880 18150 1.8 17 10 1 4 89%  65 3528 326 29%
c o 55.30 15 12 46 209 63186 1 2018744 20931 1.8 17 9 1 4 89%  65 3528 326 29%
c - 55.42 16 12 46 210 63449 1 2022383 17202 1.8 17 9 1 4 89%  65 3528 326 29%
c - 55.83 16 12 46 211 64101 1 2036874 19591 1.8 17 9 1 4 89%  65 3528 326 29%
c s 55.84 16 12 46 211 64112 1 2037326 19943 1.8 17 9 1 4 89%  65 3525 326 29%
c e 55.84 16 12 46 211 64112 1 2037326 19943 1.8 17 9 1 4 89%  62 3647 317 29%
c s 55.84 16 12 46 211 64112 1 2037326 19943 1.8 17 9 1 4 89%  62 3590 317 29%
c e 55.84 16 12 46 211 64112 1 2037326 19943 1.8 17 9 1 4 89%  59 3630 314 28%
c - 56.29 16 12 46 212 64739 1 2051399 20191 1.9 17 9 1 4 89%  59 3630 314 28%
c - 56.70 16 12 46 213 65577 1 2065960 21143 1.8 17 9 1 4 89%  60 3630 314 28%
c - 57.14 16 12 46 214 66134 1 2080554 21483 1.8 17 9 1 4 89%  61 3630 314 28%
c - 57.56 16 12 46 215 67049 1 2095183 21850 1.8 16 9 1 4 89%  62 3630 314 28%
c - 58.03 16 12 46 216 67566 1 2109845 24898 1.9 17 9 1 4 89%  62 3630 314 28%
c - 58.48 16 11 46 217 67908 1 2124542 25110 1.9 17 9 1 4 89%  64 3630 314 28%
c i 58.65 16 11 46 217 67908 1 2130539 27924 1.9 16 9 1 4 89%  79 3630 313 28%
c
c seconds   switched      rate           size/glue tier1   binary      remaining
c        MB   reductions     conflicts         size  tier2   irredundant
c         level     restarts        redundant    glue   trail      variables
c
c } 58.67 16 11 47 217 67945 1 2130924 28233 1.9 16 9 1 4 89%  79 3630 313 28%
c [ 58.67 16 12 47 217 67945 1 2130924 28233 1.7 17 10 1 6 89%  79 3630 313 28%
c B 58.67 16 12 47 217 67945 1 2130924 28233 1.7 17 10 1 6 89%  79 3630 313 28%
c u 58.90 16 12 47 217 67950 1 2137339 23139 1.7 17 10 1 6 89%  99 3419 313 28%
c v 58.99 16 12 47 217 67950 1 2137339 21764 1.7 17 10 1 6 89% 102 3419 313 28%
c w 59.03 16 12 47 217 67950 1 2137339 20746 1.7 17 10 1 6 89% 102 3419 313 28%
c x 59.05 16 12 47 217 67950 1 2137339 20716 1.7 17 10 1 6 89% 105 3306 313 28%
c t 59.57 21 12 47 217 67950 1 2137339 20716 1.7 17 10 1 6 89% 102 3306 313 28%
c - 59.63 19 12 47 218 67951 1 2139273 15251 1.7 17 10 1 6 89%  83 3306 313 28%
c - 60.05 20 12 47 219 67958 1 2154038 16205 1.7 16 10 1 6 89%  83 3306 313 28%
c - 60.43 20 12 47 220 67963 1 2168836 17222 1.7 16 10 1 6 89%  84 3306 313 28%
c - 60.82 20 11 47 221 67972 1 2183669 18152 1.7 16 9 1 6 90%  84 3306 313 28%
c - 61.23 20 11 47 222 67975 1 2198536 18875 1.7 15 9 1 6 90%  87 3306 313 28%
c i 61.37 20 11 47 222 67975 1 2203262 21053 1.7 15 9 1 6 90%  98 3306 312 28%
c - 61.64 19 11 47 223 67976 1 2213435 14666 1.7 15 9 1 6 89%  89 3306 312 28%
c - 62.06 20 11 47 224 67985 1 2228368 17474 1.7 15 9 1 6 89%  90 3306 312 28%
c i 62.35 20 10 47 224 67990 1 2239578 23070 1.7 14 9 1 6 89% 102 3306 308 28%
c o 62.35 20 10 47 224 67990 1 2239578 23070 1.7 14 9 1 6 89% 102 3306 308 28%
c - 62.46 19 10 47 225 67990 1 2243335 12209 1.7 14 9 1 6 89%  87 3306 308 28%
c ] 62.73 19 10 48 225 67996 1 2252707 17189 1.7 14 8 1 6 90%  89 3306 308 28%
c
c seconds   switched      rate           size/glue tier1   binary      remaining
c        MB   reductions     conflicts         size  tier2   irredundant
c         level     restarts        redundant    glue   trail      variables
c
c { 62.73 19 11 48 225 67996 1 2252707 17189 1.9 16 9 1 4 89%  89 3306 308 28%
c - 62.88 20 11 48 226 67996 1 2258335 16192 1.9 16 9 1 4 89%  93 3306 308 28%
c i 62.97 20 11 48 226 67996 1 2262326 18368 1.9 16 8 1 4 89% 108 3306 303 27%
c i 63.11 20 11 48 226 67996 1 2266504 21310 1.9 16 8 1 4 89% 121 3306 302 27%
c - 63.34 20 11 48 227 68021 1 2273369 15352 1.9 16 8 1 4 89% 178 2680 302 27%
c i 63.44 20 11 48 227 68021 1 2277285 18366 1.9 16 8 1 4 89% 180 2680 301 27%
c i 63.53 20 11 48 227 68023 1 2279946 20057 2.0 16 8 1 4 89% 193 2680 300 27%
c i 63.59 20 11 48 227 68023 1 2281335 21040 2.0 16 8 1 4 89% 203 2680 299 27%
c i 63.62 20 11 48 227 68023 1 2282066 21525 2.0 16 8 1 4 89% 211 2680 298 27%
c i 63.65 20 11 48 227 68023 1 2282959 21952 2.0 16 8 1 4 89% 217 2680 293 26%
c i 63.66 20 11 48 227 68023 1 2283113 22039 2.0 16 8 1 4 89% 220 2680 292 26%
c i 63.67 20 11 48 227 68023 1 2283266 22120 2.0 16 8 1 4 89% 225 2680 291 26%
c i 63.67 20 11 48 227 68023 1 2283267 22120 2.0 16 8 1 4 89% 225 2680 278 25%
c i 63.67 20 11 48 227 68023 1 2283306 22125 2.0 16 8 1 4 89% 230 2680 244 22%
c i 63.67 20 11 48 227 68023 1 2283347 22135 2.0 16 8 1 4 89% 237 2680 242 22%
c i 63.67 20 11 48 227 68023 1 2283375 22143 2.0 16 8 1 4 89% 242 2680 232 21%
c i 63.67 20 11 48 227 68023 1 2283384 22144 2.0 16 8 1 4 89% 244 2680 138 12%
c i 63.67 20 11 48 227 68023 1 2283386 22144 2.0 16 8 1 4 89% 245 2680 96 9%
c i 63.67 20 11 48 227 68023 1 2283388 22143 2.0 16 8 1 4 89% 246 2680 94 8%
c } 63.67 20 11 48 227 68023 1 2283390 22143 2.0 16 8 1 4 89% 246 2680  3 0%
c
c seconds   switched      rate           size/glue tier1   binary    remaining
c        MB   reductions     conflicts         size  tier2   irredundant
c         level     restarts        redundant    glue   trail     variables
c
c 0 63.67 20 11 48 227 68023 1 2283390 22143 2.0 16 8 1 4 89% 246 2680  3 0%
c
c ---- [ result ] ------------------------------------------------------------
c
s UNSATISFIABLE
c
c ---- [ profiling ] ---------------------------------------------------------
c
c          58.89   92.48 %  search
c          30.03   47.16 %  focused
c          28.86   45.33 %  stable
c           4.76    7.48 %  simplify
c           4.69    7.37 %  probe
c           2.96    4.65 %  vivify
c           1.64    2.58 %  sweep
c           0.36    0.57 %  reduce
c           0.05    0.08 %  eliminate
c           0.05    0.08 %  substitute
c           0.04    0.07 %  walking
c           0.03    0.05 %  factor
c           0.02    0.03 %  preprocess
c           0.01    0.01 %  subsume
c           0.01    0.01 %  congruence
c           0.00    0.01 %  transitive
c           0.00    0.00 %  backbone
c           0.00    0.00 %  lucky
c           0.00    0.00 %  parse
c =============================================
c          63.67  100.00 %  total
c
c ---- [ statistics ] --------------------------------------------------------
c
c conflicts:                          2283390            35860.41 per second
c congruent:                               44                4 %  variables
c decisions:                          2845929                1.25 per conflict
c eliminated:                             794               71 %  variables
c factored:                                72                6 %  variables
c iterations:                              22                2 %  variables
c propagations:                     247979151          3894487    per second
c reductions:                             227            10059    interval
c reordered:                               20           114170    interval
c rephased:                                31            73658    interval
c restarts:                             68023               34    interval
c strengthened:                          1035                0 %  checks
c substituted:                             70                6 %  variables
c subsumed:                               700                0 %  checks
c switched:                                48            47571    interval
c vivified:                            131537               40 %  checks
c walks:                                   10           228339    interval
c
c ---- [ glue usage ] --------------------------------------------------------
c
c focused glue 1 used 12931701 clauses 64.74% accumulated 64.74% tier1
c focused glue 2 used  3600341 clauses 18.02% accumulated 82.77%
c focused glue 3 used  1234410 clauses  6.18% accumulated 88.95%
c focused glue 4 used   578005 clauses  2.89% accumulated 91.84% tier2
c
c stable glue 1   used 12505367 clauses 59.08% accumulated 59.08% tier1
c stable glue 2   used  3674998 clauses 17.36% accumulated 76.44%
c stable glue 3-4 used  2238169 clauses 10.57% accumulated 87.01%
c stable glue 5   used   573933 clauses  2.71% accumulated 89.73%
c stable glue 6   used   407980 clauses  1.93% accumulated 91.65% tier2
c
c ---- [ resources ] ---------------------------------------------------------
c
c maximum-resident-set-size:        225984512 bytes        216 MB
c process-time:                          1m 4s              63.67 seconds
c
c ---- [ shutting down ] -----------------------------------------------------
c
c exit 20
