c ---- [ banner ] ------------------------------------------------------------
c
c Kissat SAT Solver
c 
c Copyright (c) 2021-2024 Armin Biere University of Freiburg
c Copyright (c) 2019-2021 Armin Biere Johannes Kepler University Linz
c 
c Version 4.0.4 8af8e56f174b778aef3aa45af9f739b2a5f492c2
c gcc (GCC) 15.2.1 20260123 (Red Hat 15.2.1-7) -W -Wall -O3 -DNDEBUG
c Thu Apr 23 06:47:51 PM IST 2026 Linux krishnendu-LN 6.19.12-200.fc43.x86_64 x86_64
c
c ---- [ parsing ] -----------------------------------------------------------
c
c opened and reading DIMACS file:
c
c   /home/krishnendu/Research/fv-invariant-mining/data/circuits/cnf/miter_mult_10bit.cnf
c
c parsed 'p cnf 1113 4205' header
c closing input after reading 64864 bytes (63 KB)
c finished parsing after 0.00 seconds
c
c ---- [ options ] -----------------------------------------------------------
c
c --decay=1                        (different from default '50')
c --eliminateeffort=300            (different from default '100')
c
c ---- [ solving ] -----------------------------------------------------------
c
c seconds switched rate     size/glue tier1  binary       remaining
c        MB reductions conflicts size  tier2   irredundant
c         level restarts redundant glue  trail       variables
c
c *  0.00  3 0 0 0  0 0   0   0 0.0 0 0 0 0 0% 1458 2745 1110 100%
c (  0.00  3 0 0 0  0 0   0   0 0.0 0 0 0 0 0% 1458 2745 1110 100%
c .  0.00  3 0 0 0  0 0   0   0 0.0 0 0 0 0 0% 1454 2745 1110 100%
c c  0.00  3 0 0 0  0 0   0   0 0.0 0 0 0 0 0% 1518 2743 1067 96%
c d  0.00  3 0 0 0  0 0   0   0 0.0 0 0 0 0 0% 1368 2743 1067 96%
c =  0.02  3 0 0 0  0 0   0   0 0.0 0 0 0 0 0% 1372 2736 1064 96%
c d  0.02  3 0 0 0  0 0   0   0 0.0 0 0 0 0 0% 1367 2736 1064 96%
c f  0.02  4 0 0 0  0 0   0   0 0.0 0 0 0 0 0% 1339 2718 1086 98%
c )  0.02  4 0 0 0  0 0   0   0 0.0 0 0 0 0 0% 1339 2718 1086 98%
c {  0.02  4 0 0 0  0 0   0   0 0.0 0 0 2 6 0% 1339 2718 1086 98%
c -  0.04  4 19 0 1 92 2 1001 588 2.7 28 10 4 14 83% 1345 2718 1086 98%
c }  0.04  4 19 1 1 92 2 1001 588 2.7 28 10 4 14 83% 1345 2718 1086 98%
c [  0.04  4 0 1 1 92 0 1001 588 0.0 0 0 2 6 0% 1345 2718 1086 98%
c B  0.04  4 0 1 1 92 0 1001 588 0.0 0 0 2 6 0% 1345 2718 1086 98%
c ]  0.06  4 52 2 1 92 1 1867 1385 2.5 27 11 3 13 86% 1347 2718 1086 98%
c {  0.06  4 19 2 1 92 2 1867 1385 2.7 28 10 4 14 83% 1347 2718 1086 98%
c -  0.06  4 22 2 2 92 2 2002 1449 2.7 27 10 4 13 82% 1353 2718 1086 98%
c }  0.09  4 27 3 2 93 2 2869 2226 2.8 27 9 3 11 83% 1358 2718 1086 98%
c [  0.09  4 52 3 2 93 1 2869 2226 2.5 27 11 3 13 86% 1358 2718 1086 98%
c W  0.09  4 52 3 2 93 1 2869 2226 2.5 27 11 3 13 86% 1358 2718 1086 98%
c
c seconds  switched rate       size/glue  tier1     binary       remaining
c        MB reductions conflicts     size   tier2     irredundant
c         level restarts  redundant     glue    trail       variables
c
c u  0.11  4 38 3 2 93 1 3371 2523 2.5 29 11 3 13 90% 1358 2718 1086 98%
c v  0.11  5 38 3 2 93 1 3371 2403 2.5 29 11 3 13 90% 1358 2718 1086 98%
c w  0.11  5 38 3 2 93 1 3371 2378 2.5 29 11 3 13 90% 1358 2718 1086 98%
c x  0.12  5 38 3 2 93 1 3371 2377 2.5 29 11 3 13 90% 1372 2677 1086 98%
c =  0.13  5 38 3 2 93 1 3371 2377 2.5 29 11 3 13 90% 1402 2670 1071 96%
c d  0.13  5 38 3 2 93 1 3371 2377 2.5 29 11 3 13 90% 1357 2670 1071 96%
c t  0.13  5 38 3 2 93 1 3371 2377 2.5 29 11 3 13 90% 1344 2670 1071 96%
c f  0.13  5 38 3 2 93 1 3371 2377 2.5 29 11 3 13 90% 1340 2670 1075 97%
c u  0.14  5 38 3 2 93 1 3371 2354 2.5 29 11 3 13 90% 1340 2670 1075 97%
c v  0.14  5 38 3 2 93 1 3371 2281 2.5 29 11 3 13 90% 1340 2670 1075 97%
c w  0.14  5 38 3 2 93 1 3371 2261 2.5 29 11 3 13 90% 1340 2670 1075 97%
c x  0.15  5 38 3 2 93 1 3371 2261 2.5 29 11 3 13 90% 1340 2667 1075 97%
c =  0.16  5 38 3 2 93 1 3371 2261 2.5 29 11 3 13 90% 1344 2667 1073 96%
c d  0.16  5 38 3 2 93 1 3371 2261 2.5 29 11 3 13 90% 1338 2667 1073 96%
c -  0.16  5 38 3 3 93 1 3417 1808 2.5 29 12 2 12 90% 1338 2667 1073 96%
c ]  0.18  5 32 4 3 93 1 3872 2149 2.5 29 12 2 12 91% 1338 2667 1073 96%
c {  0.18  5 27 4 3 93 2 3872 2149 2.8 27 9 3 11 83% 1338 2667 1073 96%
c -  0.21  5 24 4 4 183 2 5149 2583 2.7 25 9 3 10 80% 1352 2667 1073 96%
c }  0.23  5 22 5 4 199 2 6226 3634 3.1 28 9 3 10 81% 1355 2667 1073 96%
c [  0.23  5 32 5 4 199 1 6226 3634 2.5 29 12 2 12 91% 1355 2667 1073 96%
c
c seconds  switched  rate       size/glue  tier1     binary       remaining
c        MB reductions conflicts      size   tier2     irredundant
c         level restarts   redundant     glue    trail       variables
c
c I  0.23  5 32 5 4 199 1 6226 3634 2.5 29 12 2 12 91% 1355 2667 1073 96%
c -  0.25  5 27 5 5 199 1 7149 3721 2.4 27 11 3 12 93% 1355 2667 1073 96%
c -  0.28  6 21 5 6 201 1 9386 4804 2.4 24 10 3 12 95% 1355 2667 1073 96%
c ]  0.29  6 20 6 6 201 1 9873 5259 2.4 24 10 3 12 95% 1355 2667 1073 96%
c {  0.29  6 22 6 6 201 2 9873 5259 3.1 28 9 3 10 81% 1355 2667 1073 96%
c u  0.30  5 22 6 6 218 2 10398 5572 3.1 27 9 3 10 82% 1362 2667 1073 96%
c v  0.31  5 22 6 6 218 2 10398 5542 3.1 27 9 3 10 82% 1362 2667 1073 96%
c w  0.31  5 22 6 6 218 2 10398 5541 3.1 27 9 3 10 82% 1362 2667 1073 96%
c =  0.31  5 22 6 6 218 2 10398 5541 3.1 27 9 3 10 82% 1374 2663 1067 96%
c d  0.31  5 22 6 6 218 2 10398 5533 3.1 27 9 3 10 82% 1357 2663 1067 96%
c t  0.31  5 22 6 6 218 2 10398 5533 3.1 27 9 3 10 82% 1356 2663 1067 96%
c u  0.32  5 22 6 6 218 2 10398 5490 3.1 27 9 3 10 82% 1356 2663 1067 96%
c v  0.32  5 22 6 6 218 2 10398 5463 3.1 27 9 3 10 82% 1356 2663 1067 96%
c w  0.32  5 22 6 6 218 2 10398 5460 3.1 27 9 3 10 82% 1356 2663 1067 96%
c x  0.32  5 22 6 6 218 2 10398 5459 3.1 27 9 3 10 82% 1356 2649 1067 96%
c o  0.34  5 22 6 6 218 2 10398 5459 3.1 27 9 3 10 82% 1356 2649 1067 96%
c -  0.37  6 21 6 7 476 2 11836 5324 2.8 25 9 3 10 80% 1358 2649 1067 96%
c }  0.41  6 21 7 7 1019 3 13943 7116 2.4 22 9 3 10 79% 1368 2649 1067 96%
c [  0.41  6 20 7 7 1019 1 13943 7116 2.4 24 10 3 12 95% 1368 2649 1067 96%
c B  0.41  6 20 7 7 1019 1 13943 7116 2.4 24 10 3 12 95% 1368 2649 1067 96%
c
c seconds  switched   rate        size/glue  tier1     binary       remaining
c        MB reductions  conflicts       size   tier2     irredundant
c         level  restarts    redundant     glue    trail       variables
c
c -  0.42  6 20 7 8 1019 1 14482 5756 2.3 23 10 3 12 95% 1368 2649 1067 96%
c e  0.48  6 18 7 8 1021 1 16851 7513 2.1 23 11 3 12 94% 380 3215 650 58%
c s  0.48  6 18 7 8 1021 1 16851 7513 2.1 23 11 3 12 94% 383 3121 650 58%
c e  0.48  6 18 7 8 1021 1 16851 7513 2.1 23 11 3 12 94% 356 3145 636 57%
c ^  0.48  6 18 7 8 1021 1 16851 7513 2.1 23 11 3 12 94% 356 3145 636 57%
c ]  0.49  6 18 8 8 1021 1 17247 3304 2.1 23 11 3 12 94% 356 3145 636 57%
c {  0.49  6 21 8 8 1021 3 17247 3304 2.4 22 9 3 10 79% 356 3145 636 57%
c -  0.49  6 21 8 9 1037 3 17311 2524 2.4 22 9 3 11 79% 357 3145 636 57%
c -  0.55  6 20 8 10 1222 2 20312 4329 2.5 24 9 2 10 81% 361 3145 636 57%
c u  0.57  6 20 8 10 1222 2 21308 5026 2.6 24 9 2 10 81% 364 3145 636 57%
c v  0.58  7 20 8 10 1222 2 21308 4868 2.6 24 9 2 10 81% 364 3145 636 57%
c w  0.59  7 20 8 10 1222 2 21308 4819 2.6 24 9 2 10 81% 364 3145 636 57%
c t  0.59  7 20 8 10 1222 2 21308 4819 2.6 24 9 2 10 81% 360 3145 636 57%
c f  0.59  6 20 8 10 1222 2 21308 4819 2.6 24 9 2 10 81% 412 3039 662 60%
c u  0.59  5 20 8 10 1222 2 21308 4781 2.6 24 9 2 10 81% 412 3039 662 60%
c v  0.60  5 20 8 10 1222 2 21308 4522 2.6 24 9 2 10 81% 412 3039 662 60%
c w  0.61  5 20 8 10 1222 2 21308 4429 2.6 24 9 2 10 81% 412 3039 662 60%
c o  0.64  6 20 8 10 1222 2 21308 4429 2.6 24 9 2 10 81% 412 3039 662 60%
c }  0.69  6 20 9 10 1614 3 23406 6373 2.5 24 10 2 10 81% 414 3039 662 60%
c [  0.69  6 18 9 10 1614 1 23406 6373 2.1 23 11 3 12 94% 414 3039 662 60%
c
c seconds  switched    rate        size/glue  tier1    binary      remaining
c        MB  reductions  conflicts       size   tier2    irredundant
c         level   restarts    redundant     glue    trail      variables
c
c W  0.69  6 18 9 10 1614 1 23406 6373 2.1 23 11 3 12 94% 414 3039 662 60%
c -  0.70  6 18 9 11 1614 1 23475 5214 2.1 23 11 3 12 94% 414 3039 662 60%
c -  0.76  6 17 9 12 1616 1 26792 5741 2.0 22 11 2 12 93% 414 3039 662 60%
c ]  0.82  6 16 10 12 1619 1 29931 7866 1.9 21 11 2 12 93% 414 3039 662 60%
c {  0.82  6 20 10 12 1619 3 29931 7866 2.5 24 10 2 10 81% 414 3039 662 60%
c -  0.83  6 20 10 13 1625 3 30257 6223 2.5 24 9 2 10 81% 414 3039 662 60%
c -  0.92  7 20 10 14 1735 2 33862 7833 2.5 24 9 2 9 78% 415 3039 662 60%
c s  0.93  7 19 10 14 1751 2 34113 8063 2.5 24 9 2 9 79% 416 3022 662 60%
c e  0.93  7 19 10 14 1751 2 34113 8063 2.5 24 9 2 9 79% 335 3146 606 54%
c 2  0.93  7 19 10 14 1751 2 34113 8063 2.5 24 9 2 9 79% 334 3146 606 54%
c s  0.93  7 19 10 14 1751 2 34113 8063 2.5 24 9 2 9 79% 335 3098 606 54%
c e  0.93  7 19 10 14 1751 2 34113 8063 2.5 24 9 2 9 79% 332 3102 605 54%
c ^  0.93  7 19 10 14 1751 2 34113 8063 2.5 24 9 2 9 79% 332 3102 605 54%
c u  1.01  7 20 10 14 2051 2 36709 6276 2.6 24 9 2 9 79% 333 3101 605 54%
c v  1.02  7 20 10 14 2051 2 36709 6147 2.6 24 9 2 9 79% 333 3101 605 54%
c w  1.02  7 20 10 14 2051 2 36709 6081 2.6 24 9 2 9 79% 333 3101 605 54%
c x  1.03  7 20 10 14 2051 2 36709 6076 2.6 24 9 2 9 79% 336 2983 605 54%
c t  1.03  7 20 10 14 2051 2 36709 6076 2.6 24 9 2 9 79% 333 2983 605 54%
c f  1.03  7 20 10 14 2051 2 36709 6076 2.6 24 9 2 9 79% 334 2979 606 54%
c u  1.04  7 20 10 14 2051 2 36709 5757 2.6 24 9 2 9 79% 334 2979 606 54%
c
c seconds   switched    rate        size/glue tier1   binary      remaining
c        MB   reductions  conflicts       size  tier2   irredundant
c         level    restarts    redundant    glue   trail      variables
c
c v  1.05  7 20 10 14 2051 2 36709 5568 2.6 24 9 2 9 79% 334 2979 606 54%
c w  1.06  7 20 10 14 2051 2 36709 5512 2.6 24 9 2 9 79% 334 2979 606 54%
c -  1.08  6 20 10 15 2251 2 37604 4740 2.5 24 10 2 9 79% 334 2979 606 54%
c }  1.11  6 20 11 15 2401 2 38559 5604 2.5 24 10 2 9 79% 335 2979 606 54%
c [  1.11  6 16 11 15 2401 1 38559 5604 1.9 21 11 2 12 93% 335 2979 606 54%
c O  1.11  6 16 11 15 2401 1 38559 5604 1.9 21 11 2 12 93% 335 2979 606 54%
c -  1.17  6 16 11 16 2403 1 41476 5650 1.9 21 11 2 11 90% 335 2979 606 54%
c -  1.30  7 15 11 17 2406 1 45477 5249 1.9 21 11 2 10 91% 335 2979 606 54%
c ]  1.35  7 15 12 17 2407 1 46912 5847 1.9 21 11 2 10 91% 335 2979 606 54%
c {  1.35  7 20 12 17 2407 2 46912 5847 2.5 24 10 2 9 79% 335 2979 606 54%
c o  1.37  7 19 12 17 2443 2 47582 6314 2.5 24 10 2 9 79% 337 2979 606 54%
c -  1.42  7 20 12 18 2746 3 49601 5996 2.4 24 10 2 8 78% 339 2979 606 54%
c -  1.55  7 19 12 19 3152 2 53844 7592 2.5 25 10 1 7 79% 339 2979 606 54%
c u  1.64  7 19 12 19 3257 2 56671 9781 2.6 25 10 1 7 79% 341 2979 606 54%
c v  1.66  7 19 12 19 3257 2 56671 9642 2.6 25 10 1 7 79% 341 2979 606 54%
c w  1.67  7 19 12 19 3257 2 56671 9607 2.6 25 10 1 7 79% 341 2979 606 54%
c x  1.67  7 19 12 19 3257 2 56671 9607 2.6 25 10 1 7 79% 341 2968 606 54%
c =  1.74  7 19 12 19 3257 2 56671 9607 2.6 25 10 1 7 79% 343 2966 605 54%
c d  1.74  7 19 12 19 3257 2 56671 9607 2.6 25 10 1 7 79% 341 2966 605 54%
c u  1.75  6 19 12 19 3257 2 56671 9553 2.6 25 10 1 7 79% 341 2966 605 54%
c
c seconds   switched    rate        size/glue  tier1   binary      remaining
c        MB   reductions  conflicts       size   tier2   irredundant
c         level    restarts    redundant     glue   trail      variables
c
c v  1.78  6 19 12 19 3257 2 56671 9320 2.6 25 10 1 7 79% 341 2966 605 54%
c w  1.79  6 19 12 19 3257 2 56671 9246 2.6 25 10 1 7 79% 341 2966 605 54%
c -  1.85  6 19 12 20 3562 2 58203 8153 2.6 25 10 1 6 79% 341 2966 605 54%
c }  1.85  6 19 13 20 3612 2 58393 8313 2.6 25 10 1 6 79% 341 2966 605 54%
c [  1.85  6 15 13 20 3612 1 58393 8313 1.9 21 11 2 10 91% 341 2966 605 54%
c B  1.85  6 15 13 20 3612 1 58393 8313 1.9 21 11 2 10 91% 341 2966 605 54%
c -  1.94  6 15 13 21 3615 1 62675 7744 1.9 21 11 2 10 91% 341 2966 605 54%
c -  2.04  6 15 13 22 3618 1 67259 6159 1.9 21 11 1 10 91% 342 2966 605 54%
c W  2.12  6 15 13 22 3618 1 70616 8211 1.8 21 11 1 10 92% 342 2966 605 54%
c s  2.13  6 15 13 22 3619 1 71653 8857 1.8 21 11 1 10 91% 342 2965 605 54%
c e  2.14  6 15 13 22 3619 1 71653 8857 1.8 21 11 1 10 91% 246 3191 527 47%
c s  2.14  6 15 13 22 3619 1 71653 8857 1.8 21 11 1 10 91% 246 3165 527 47%
c e  2.14  6 15 13 22 3619 1 71653 8857 1.8 21 11 1 10 91% 244 3168 526 47%
c ^  2.14  6 15 13 22 3619 1 71653 8857 1.8 21 11 1 10 91% 244 3168 526 47%
c -  2.14  5 15 13 23 3620 1 71950 3884 1.8 21 11 1 10 91% 244 3168 526 47%
c ]  2.19  5 14 14 23 3622 1 75209 5752 1.8 20 11 1 10 90% 244 3168 526 47%
c {  2.19  5 19 14 23 3622 2 75209 5752 2.6 25 10 1 6 79% 244 3168 526 47%
c -  2.23  6 19 14 24 3740 2 76745 5495 2.6 25 10 1 6 79% 244 3168 526 47%
c o  2.36  6 18 14 24 3745 2 80574 9038 2.6 25 10 1 6 81% 244 3168 526 47%
c u  2.39  6 18 14 24 3919 2 81240 9352 2.6 25 10 1 6 81% 245 3168 526 47%
c
c seconds   switched    rate        size/glue  tier1   binary      remaining
c        MB   reductions  conflicts       size   tier2   irredundant
c         level    restarts    redundant     glue   trail      variables
c
c v  2.42  6 18 14 24 3919 2 81240 8930 2.6 25 10 1 6 81% 245 3168 526 47%
c w  2.43  6 18 14 24 3919 2 81240 8815 2.6 25 10 1 6 81% 245 3168 526 47%
c =  2.49  7 18 14 24 3919 2 81240 8815 2.6 25 10 1 6 81% 245 3160 525 47%
c f  2.50  7 18 14 24 3919 2 81240 8752 2.6 25 10 1 6 81% 248 3146 527 47%
c u  2.50  7 18 14 24 3919 2 81240 8716 2.6 25 10 1 6 81% 248 3146 527 47%
c v  2.52  7 18 14 24 3919 2 81240 8614 2.6 25 10 1 6 81% 248 3146 527 47%
c w  2.52  7 18 14 24 3919 2 81240 8541 2.6 25 10 1 6 81% 248 3146 527 47%
c x  2.53  7 18 14 24 3919 2 81240 8539 2.6 25 10 1 6 81% 251 3113 527 47%
c t  2.60  7 18 14 24 3919 2 81240 8539 2.6 25 10 1 6 81% 250 3113 527 47%
c -  2.61  7 18 14 25 4013 2 81643 7433 2.6 25 10 1 5 81% 250 3113 527 47%
c -  2.77  7 18 14 26 5046 2 86644 8459 2.5 25 10 1 5 82% 252 3113 527 47%
c }  2.86  7 18 15 26 5146 2 89924 11490 2.5 25 10 1 5 82% 256 3113 527 47%
c [  2.86  7 14 15 26 5146 1 89924 11490 1.8 20 11 1 10 90% 256 3113 527 47%
c I  2.86  7 14 15 26 5146 1 89924 11490 1.8 20 11 1 10 90% 256 3113 527 47%
c -  2.89  7 14 15 27 5147 1 91743 8716 1.8 20 11 2 10 90% 256 3113 527 47%
c -  3.00  7 14 15 28 5151 1 96941 8508 1.8 20 11 2 10 90% 256 3113 527 47%
c -  3.12  7 14 15 29 5152 1 102234 7517 1.8 20 11 2 10 89% 256 3113 527 47%
c -  3.24  7 14 15 30 5157 1 107621 7169 1.7 20 11 2 9 89% 256 3113 527 47%
c B  3.24  7 14 15 30 5157 1 107727 7257 1.7 20 11 2 9 89% 256 3113 527 47%
c ]  3.27  7 14 16 30 5158 1 109774 8972 1.7 20 11 2 9 89% 256 3113 527 47%
c
c seconds   switched    rate         size/glue  tier1   binary      remaining
c        MB   reductions  conflicts        size   tier2   irredundant
c         level    restarts     redundant     glue   trail      variables
c
c {  3.27  7 18 16 30 5158 2 109774 8972 2.5 25 10 1 5 82% 256 3113 527 47%
c u  3.29  7 18 16 30 5271 2 110502 9318 2.5 25 10 1 5 82% 256 3113 527 47%
c v  3.32  7 18 16 30 5271 2 110502 8501 2.5 25 10 1 5 82% 256 3113 527 47%
c w  3.33  8 18 16 30 5271 2 110502 8349 2.5 25 10 1 5 82% 256 3113 527 47%
c t  3.33  8 18 16 30 5271 2 110502 8349 2.5 25 10 1 5 82% 255 3113 527 47%
c -  3.41  8 18 16 31 5313 2 113098 7951 2.6 25 10 1 5 82% 255 3113 527 47%
c -  3.56  8 17 16 32 5565 2 118666 9900 2.6 26 10 1 5 83% 255 3113 527 47%
c o  3.62  8 17 16 32 5827 2 120626 11636 2.6 26 10 1 5 83% 255 3113 527 47%
c -  3.74  8 17 16 33 6092 2 124322 11651 2.7 26 10 1 5 83% 256 3113 527 47%
c }  3.88  8 17 17 33 6828 2 128112 15035 2.6 26 10 1 5 83% 258 3113 527 47%
c [  3.88  8 14 17 33 6828 1 128112 15035 1.7 20 11 2 9 89% 258 3113 527 47%
c W  3.90  8 14 17 33 6828 1 128640 15415 1.7 20 11 2 9 89% 258 3113 527 47%
c -  3.93  8 14 17 34 6829 1 130067 11717 1.7 20 11 2 10 89% 258 3113 527 47%
c s  3.96  8 14 17 34 6830 1 132182 13192 1.7 20 11 2 10 88% 258 3110 527 47%
c e  3.96  8 14 17 34 6830 1 132182 13192 1.7 20 11 2 10 88% 158 3387 471 42%
c s  3.96  8 14 17 34 6830 1 132182 13192 1.7 20 11 2 10 88% 160 3296 471 42%
c e  3.96  8 14 17 34 6830 1 132182 13192 1.7 20 11 2 10 88% 160 3300 470 42%
c ^  3.96  8 14 17 34 6830 1 132182 13192 1.7 20 11 2 10 88% 160 3300 470 42%
c -  4.02  8 14 17 35 6833 1 135897 8367 1.7 20 11 2 10 86% 160 3300 470 42%
c -  4.11  8 14 17 36 6836 1 141816 8468 1.7 19 11 2 10 84% 160 3300 470 42%
c
c seconds   switched    rate         size/glue  tier1    binary      remaining
c        MB   reductions  conflicts        size   tier2    irredundant
c         level    restarts     redundant     glue    trail      variables
c
c u  4.16  8 14 17 36 6838 1 144688 9614 1.7 19 11 2 10 83% 160 3300 470 42%
c v  4.18  8 14 17 36 6838 1 144688 9029 1.7 19 11 2 10 83% 160 3300 470 42%
c w  4.19  8 14 17 36 6838 1 144688 8995 1.7 19 11 2 10 83% 160 3300 470 42%
c x  4.20  8 14 17 36 6838 1 144688 8990 1.7 19 11 2 10 83% 160 3227 470 42%
c -  4.35  8 14 17 37 6840 1 147817 8207 1.7 19 11 2 10 82% 160 3227 470 42%
c O  4.43  8 14 17 37 6842 1 152866 11519 1.7 19 11 2 10 81% 160 3227 470 42%
c -  4.45  8 14 17 38 6842 1 153901 8459 1.7 19 11 2 10 81% 160 3227 470 42%
c ]  4.52  8 14 18 38 6842 1 158206 11813 1.7 19 11 2 10 80% 160 3227 470 42%
c {  4.52  8 17 18 38 6842 2 158206 11813 2.6 26 10 1 5 83% 160 3227 470 42%
c -  4.58  8 17 18 39 7056 2 160065 9022 2.6 26 10 1 5 83% 163 3227 470 42%
c -  4.77  8 17 18 40 7056 2 166310 11673 2.8 27 10 1 5 82% 164 3227 470 42%
c -  4.97  9 17 18 41 7426 2 172634 13516 2.8 27 10 1 4 83% 166 3227 470 42%
c o  4.98  9 17 18 41 7427 2 172779 13597 2.8 27 10 1 4 83% 167 3227 470 42%
c -  5.25  9 17 18 42 8127 2 179039 13294 2.7 27 10 1 4 82% 167 3227 470 42%
c }  5.30  9 16 19 42 8127 2 180551 14682 2.8 27 10 1 4 82% 167 3227 470 42%
c [  5.30  9 14 19 42 8127 1 180551 14682 1.7 19 11 2 10 80% 167 3227 470 42%
c B  5.30  9 14 19 42 8127 1 180607 14731 1.7 19 11 2 10 80% 167 3227 470 42%
c u  5.40  9 14 19 42 8129 1 183876 16664 1.7 19 11 2 10 81% 168 3227 470 42%
c v  5.42  9 14 19 42 8129 1 183876 16421 1.7 19 11 2 10 81% 168 3227 470 42%
c w  5.44 11 14 19 42 8129 1 183876 16320 1.7 19 11 2 10 81% 168 3227 470 42%
c
c seconds   switched    rate          size/glue  tier1    binary      remaining
c        MB   reductions  conflicts         size   tier2    irredundant
c         level    restarts      redundant     glue    trail      variables
c
c x  5.45 10 14 19 42 8129 1 183876 16319 1.7 19 11 2 10 81% 169 3199 470 42%
c -  5.48 10 14 19 43 8130 1 185520 11594 1.7 19 11 2 10 81% 169 3199 470 42%
c -  5.63  8 14 19 44 8133 1 192078 9624 1.7 19 11 1 10 82% 169 3199 470 42%
c -  5.74  9 14 19 45 8138 1 198712 8912 1.7 19 11 1 10 83% 169 3199 470 42%
c -  5.88  9 14 19 46 8141 1 205422 8030 1.7 19 11 1 9 84% 169 3199 470 42%
c W  6.00  8 14 19 46 8141 1 212058 11606 1.7 19 11 1 9 84% 169 3199 470 42%
c -  6.00  8 14 19 47 8141 1 212205 7653 1.7 19 11 1 9 84% 169 3199 470 42%
c e  6.09  8 14 19 47 8145 1 217994 11129 1.7 19 11 1 9 84% 104 3711 398 36%
c s  6.09  8 14 19 47 8145 1 217994 11129 1.7 19 11 1 9 84% 105 3563 398 36%
c e  6.10  8 14 19 47 8145 1 217994 11129 1.7 19 11 1 9 84%  98 3621 389 35%
c ^  6.10  8 14 19 47 8145 1 217994 11129 1.7 19 11 1 9 84%  98 3621 389 35%
c -  6.12  7 14 19 48 8146 1 219060 3655 1.7 19 11 1 10 84%  98 3621 389 35%
c ]  6.22  7 14 20 48 8148 1 224090 6888 1.7 19 11 1 10 85%  98 3621 389 35%
c {  6.22  7 16 20 48 8148 2 224090 6888 2.8 27 10 1 4 82%  98 3621 389 35%
c -  6.28  7 17 20 49 8589 2 225988 5625 2.7 27 10 1 4 82%  98 3621 389 35%
c u  6.34  7 17 20 49 9054 2 228277 7257 2.7 27 10 1 4 82% 100 3621 389 35%
c v  6.35  7 17 20 49 9054 2 228277 6721 2.7 27 10 1 4 82% 100 3621 389 35%
c w  6.38  7 17 20 49 9054 2 228277 5700 2.7 27 10 1 4 82% 100 3621 389 35%
c x  6.38  7 17 20 49 9054 2 228277 5695 2.7 27 10 1 4 82% 101 3461 389 35%
c t  6.38  7 17 20 49 9054 2 228277 5695 2.7 27 10 1 4 82% 100 3461 389 35%
c
c seconds   switched    rate         size/glue  tier1   binary      remaining
c        MB   reductions  conflicts        size   tier2   irredundant
c         level    restarts     redundant     glue   trail      variables
c
c o  6.50  8 17 20 49 9319 2 232804 9885 2.7 27 10 1 4 82% 100 3461 389 35%
c -  6.51  8 17 20 50 9360 2 232988 7779 2.7 27 10 1 4 82% 100 3461 389 35%
c -  6.73  8 17 20 51 10559 2 240060 9696 2.6 26 10 1 4 83% 100 3461 389 35%
c -  6.94  8 17 20 52 11359 2 247201 10364 2.5 26 10 1 4 83% 100 3461 389 35%
c }  7.03  8 17 21 52 11439 2 250831 13718 2.6 26 10 1 4 83% 100 3461 389 35%
c [  7.03  8 14 21 52 11439 1 250831 13718 1.7 19 11 1 10 85% 100 3461 389 35%
c I  7.03  8 14 21 52 11439 1 250831 13718 1.7 19 11 1 10 85% 100 3461 389 35%
c -  7.09  8 14 21 53 11441 1 254413 10454 1.7 19 11 1 9 85% 100 3461 389 35%
c -  7.23  8 14 21 54 11445 1 261693 9387 1.7 19 11 1 9 86% 100 3461 389 35%
c -  7.38  8 14 21 55 11450 1 269041 7685 1.7 19 11 1 9 86% 100 3461 389 35%
c -  7.53  8 13 21 56 11453 1 276457 6859 1.7 19 11 1 9 87% 100 3461 389 35%
c u  7.55  8 13 21 56 11453 1 277541 7083 1.7 19 11 1 9 87% 100 3461 389 35%
c v  7.57  8 13 21 56 11453 1 277541 6146 1.7 19 11 1 9 87% 100 3461 389 35%
c w  7.59  8 13 21 56 11453 1 277541 4886 1.7 19 11 1 9 87% 100 3461 389 35%
c x  7.59  8 13 21 56 11453 1 277541 4884 1.7 19 11 1 9 87% 100 3445 389 35%
c -  7.76  7 13 21 57 11454 1 283940 4986 1.6 18 11 1 9 87% 100 3445 389 35%
c ]  7.85  7 13 22 57 11458 1 289618 7719 1.6 18 11 1 9 88% 100 3445 389 35%
c {  7.85  7 17 22 57 11458 2 289618 7719 2.6 26 10 1 4 83% 100 3445 389 35%
c -  7.88  7 17 22 58 11568 2 291489 6167 2.5 26 10 1 4 83% 100 3445 389 35%
c -  7.97  7 17 22 59 11874 2 299104 9918 2.5 25 10 1 4 80% 101 3444 389 35%
c
c seconds   switched     rate          size/glue  tier1   binary      remaining
c        MB   reductions   conflicts         size   tier2   irredundant
c         level    restarts       redundant     glue   trail      variables
c
c -  8.09  8 16 22 60 11874 2 306785 14648 2.5 24 10 1 5 75% 101 3444 389 35%
c -  8.20  8 15 22 61 11874 2 314530 17599 2.4 22 9 1 5 71% 101 3444 389 35%
c o  8.21  8 15 22 61 11875 2 314748 17771 2.4 22 9 1 5 71% 102 3444 389 35%
c }  8.36  8 15 23 61 13035 2 321134 22592 2.3 22 9 1 5 72% 102 3444 389 35%
c [  8.36  8 13 23 61 13035 1 321134 22592 1.6 18 11 1 9 88% 102 3444 389 35%
c B  8.36  8 13 23 61 13035 1 321134 22592 1.6 18 11 1 9 88% 102 3444 389 35%
c -  8.40  8 13 23 62 13036 1 322343 16043 1.6 18 11 1 9 88% 102 3444 389 35%
c -  8.59  8 13 23 63 13041 1 330217 10604 1.6 18 11 1 9 88% 102 3444 389 35%
c s  8.59  8 13 23 63 13041 1 330246 10619 1.6 18 11 1 9 88% 102 3428 389 35%
c e  8.59  8 13 23 63 13041 1 330246 10619 1.6 18 11 1 9 88%  51 4113 322 29%
c s  8.59  8 13 23 63 13041 1 330246 10619 1.6 18 11 1 9 88%  51 3885 322 29%
c e  8.60  8 13 23 63 13041 1 330246 10619 1.6 18 11 1 9 88%  37 3633 282 25%
c !  8.60  8 13 23 63 13041 1 330246 10619 1.6 18 11 1 9 88%  37 3633 282 25%
c u  8.63  8 13 23 63 13041 1 332182 4349 1.6 18 11 1 9 88%  37 3633 282 25%
c v  8.64  8 13 23 63 13041 1 332182 3596 1.6 18 11 1 9 88%  37 3633 282 25%
c w  8.65  8 13 23 63 13041 1 332182 2917 1.6 18 11 1 9 88%  37 3633 282 25%
c f  8.65  8 13 23 63 13041 1 332182 2917 1.6 18 11 1 9 88%  41 3579 284 26%
c u  8.65  8 13 23 63 13041 1 332182 2849 1.6 18 11 1 9 88%  41 3579 284 26%
c v  8.66  8 13 23 63 13041 1 332182 2645 1.6 18 11 1 9 88%  41 3579 284 26%
c w  8.67  8 13 23 63 13041 1 332182 2464 1.6 18 11 1 9 88%  41 3579 284 26%
c
c seconds   switched     rate         size/glue  tier1   binary      remaining
c        MB   reductions   conflicts        size   tier2   irredundant
c         level    restarts      redundant     glue   trail      variables
c
c x  8.67  8 13 23 63 13041 1 332182 2458 1.6 18 11 1 9 88%  41 3433 284 26%
c -  8.75  7 13 23 64 13045 1 338155 2929 1.6 18 11 1 9 89%  41 3433 284 26%
c -  8.87  7 13 23 65 13049 1 346155 3781 1.6 18 11 1 9 89%  41 3433 284 26%
c ]  8.99  7 13 24 65 13049 1 353002 6407 1.6 18 11 1 9 89%  41 3433 284 26%
c {  8.99  7 15 24 65 13049 2 353002 6407 2.3 22 9 1 5 72%  41 3433 284 26%
c -  9.01  7 15 24 66 13315 2 354217 4830 2.3 22 9 1 5 72%  41 3433 284 26%
c -  9.19  8 15 24 67 14156 2 362341 8493 2.4 23 10 1 5 74%  41 3433 284 26%
c -  9.40  8 15 24 68 14169 2 370526 12024 2.4 23 10 1 5 77%  41 3433 284 26%
c -  9.62  8 15 24 69 14837 2 378773 11082 2.3 22 10 1 5 78%  41 3433 284 26%
c -  9.82  8 15 24 70 16378 2 387079 9838 2.3 22 10 1 5 79%  41 3433 284 26%
c }  9.87  8 15 25 70 16572 2 389680 11912 2.2 22 10 1 5 79%  41 3433 284 26%
c [  9.87  8 13 25 70 16572 1 389680 11912 1.6 18 11 1 9 89%  41 3433 284 26%
c W  9.88  8 13 25 70 16572 1 389680 11912 1.6 18 11 1 9 89%  41 3433 284 26%
c u  9.94  8 13 25 70 16574 1 392498 12659 1.6 18 11 1 9 89%  41 3433 284 26%
c v  9.97  8 13 25 70 16574 1 392498 11472 1.6 18 11 1 9 89%  41 3433 284 26%
c w  9.98  8 13 25 70 16574 1 392498 11128 1.6 18 11 1 9 89%  41 3433 284 26%
c x  9.99  8 13 25 70 16574 1 392498 11124 1.6 18 11 1 9 89%  41 3390 284 26%
c - 10.05  8 13 25 71 16576 1 395446 7768 1.6 18 11 1 9 89%  41 3390 284 26%
c - 10.19  8 13 25 72 16580 1 403873 7166 1.5 17 11 1 9 89%  41 3390 284 26%
c - 10.33  7 13 25 73 16585 1 412358 6142 1.5 17 11 1 9 89%  41 3390 284 26%
c
c seconds   switched     rate         size/glue  tier1   binary      remaining
c        MB   reductions   conflicts        size   tier2   irredundant
c         level    restarts      redundant     glue   trail      variables
c
c - 10.47  8 13 25 74 16586 1 420903 6725 1.5 17 11 1 9 89%  41 3390 284 26%
c - 10.63  8 13 25 75 16592 1 429505 7278 1.5 17 11 1 9 89%  41 3390 284 26%
c O 10.76  8 13 25 75 16596 1 437841 11326 1.5 17 11 1 9 90%  41 3390 284 26%
c o 10.76  8 13 25 75 16596 1 437841 11326 1.5 17 11 1 9 90%  41 3390 284 26%
c - 10.77  8 13 25 76 16596 1 438166 7109 1.5 17 11 1 9 90%  41 3390 284 26%
c ] 10.78  8 13 26 76 16596 1 438849 7607 1.5 17 11 1 9 90%  41 3390 284 26%
c { 10.78  8 15 26 76 16596 2 438849 7607 2.2 22 10 1 5 79%  41 3390 284 26%
c - 10.97  8 15 26 77 17462 2 446883 9620 2.3 22 10 1 5 80%  41 3390 284 26%
c - 11.18  8 15 26 78 18368 2 455658 12031 2.2 22 10 1 5 81%  41 3390 284 26%
c u 11.27  8 15 26 78 18699 2 458514 13999 2.2 23 10 1 5 81%  41 3390 284 26%
c v 11.30  8 15 26 78 18699 2 458514 13335 2.2 23 10 1 5 81%  41 3390 284 26%
c w 11.31 10 15 26 78 18699 2 458514 12550 2.2 23 10 1 5 81%  41 3390 284 26%
c x 11.32 10 15 26 78 18699 2 458514 12550 2.2 23 10 1 5 81%  41 3382 284 26%
c = 11.46 11 15 26 78 18699 2 458514 12550 2.2 23 10 1 5 81%  41 3382 283 25%
c u 11.47 11 15 26 78 18699 2 458514 12423 2.2 23 10 1 5 81%  41 3358 283 25%
c v 11.52 12 15 26 78 18699 2 458514 11337 2.2 23 10 1 5 81%  41 3358 283 25%
c w 11.54 12 15 26 78 18699 2 458514 11153 2.2 23 10 1 5 81%  41 3358 283 25%
c - 11.70  9 16 26 79 19724 2 464489 10229 2.2 23 10 1 4 81%  40 3358 283 25%
c e 11.88 10 16 26 79 20369 2 472373 17239 2.2 23 10 1 4 82%  36 3420 274 25%
c s 11.88 10 16 26 79 20369 2 472373 17239 2.2 23 10 1 4 82%  36 3361 274 25%
c
c seconds   switched     rate          size/glue  tier1   binary      remaining
c        MB   reductions   conflicts         size   tier2   irredundant
c         level    restarts       redundant     glue   trail      variables
c
c e 11.88 10 16 26 79 20369 2 472373 17239 2.2 23 10 1 4 82%  35 3373 271 24%
c - 11.92 10 16 26 80 20552 2 473377 11686 2.2 23 10 1 4 82%  35 3373 271 24%
c } 12.10 11 16 27 80 21261 2 481067 18521 2.2 23 10 1 4 83%  35 3373 271 24%
c [ 12.10 11 13 27 80 21261 1 481067 18521 1.5 17 11 1 9 90%  35 3373 271 24%
c - 12.15 11 13 27 81 21262 1 482321 13827 1.5 17 11 1 9 90%  35 3373 271 24%
c B 12.31 11 13 27 81 21267 1 490628 17993 1.6 18 11 1 9 91%  35 3373 271 24%
c - 12.33 10 13 27 82 21267 1 491322 10753 1.6 18 11 1 8 90%  35 3373 271 24%
c - 12.49 10 13 27 83 21273 1 500378 7903 1.6 18 11 1 8 91%  35 3373 271 24%
c - 12.65  9 13 27 84 21275 1 509489 6481 1.6 18 11 1 8 91%  35 3373 271 24%
c - 12.79  9 13 27 85 21279 1 518655 6784 1.5 17 11 1 8 91%  35 3373 271 24%
c - 12.94  9 13 27 86 21284 1 527874 6628 1.5 17 11 1 8 91%  35 3373 271 24%
c u 12.99  9 13 27 86 21286 1 530323 7387 1.5 17 11 1 8 91%  35 3373 271 24%
c v 13.00  9 13 27 86 21286 1 530323 6511 1.5 17 11 1 8 91%  35 3373 271 24%
c w 13.03 10 13 27 86 21286 1 530323 5113 1.5 17 11 1 8 91%  35 3373 271 24%
c x 13.04 10 13 27 86 21286 1 530323 5110 1.5 17 11 1 8 91%  35 3324 271 24%
c o 13.20 10 13 27 86 21286 1 530323 5110 1.5 17 11 1 8 91%  35 3324 271 24%
c ] 13.30 10 13 28 86 21289 1 535809 7884 1.6 17 11 1 8 91%  35 3324 271 24%
c { 13.30 10 16 28 86 21289 2 535809 7884 2.2 23 10 1 4 83%  35 3324 271 24%
c - 13.32 10 16 28 87 21289 2 537147 5267 2.2 23 10 1 4 83%  35 3324 271 24%
c - 13.48 11 15 28 88 21818 2 546474 8090 2.1 22 10 1 5 83%  35 3324 271 24%
c
c seconds   switched     rate          size/glue  tier1   binary      remaining
c        MB   reductions   conflicts         size   tier2   irredundant
c         level    restarts       redundant     glue   trail      variables
c
c - 13.70 11 16 28 89 22974 2 555855 10508 2.1 22 11 1 5 83%  35 3324 271 24%
c - 13.95 11 15 28 90 23010 2 565289 12846 2.2 22 10 1 4 84%  35 3324 271 24%
c - 14.21 12 15 28 91 23493 2 574776 16351 2.2 23 10 1 4 85%  35 3324 271 24%
c } 14.47 13 15 29 91 24314 2 583947 24072 2.2 23 10 1 4 85%  35 3324 271 24%
c [ 14.47 13 13 29 91 24314 1 583947 24072 1.6 17 11 1 8 91%  35 3324 271 24%
c W 14.48 11 13 29 91 24314 1 583947 24072 1.6 17 11 1 8 91%  35 3324 271 24%
c - 14.49 11 13 29 92 24314 1 584315 16799 1.6 17 11 1 8 91%  35 3324 271 24%
c - 14.70 11 13 29 93 24320 1 593906 12962 1.6 17 11 1 8 92%  35 3324 271 24%
c - 14.87  9 13 29 94 24326 1 603549 10246 1.6 17 11 1 8 92%  35 3324 271 24%
c u 14.97 10 13 29 94 24327 1 608041 11373 1.5 17 11 1 8 92%  35 3324 271 24%
c v 15.01 10 13 29 94 24327 1 608041 10421 1.5 17 11 1 8 92%  35 3324 271 24%
c w 15.03 10 13 29 94 24327 1 608041 8273 1.5 17 11 1 8 92%  35 3324 271 24%
c x 15.04 10 13 29 94 24327 1 608041 8271 1.5 17 11 1 8 92%  35 3320 271 24%
c - 15.12  9 13 29 95 24328 1 613244 6616 1.5 17 11 1 8 91%  35 3320 271 24%
c - 15.29 10 13 29 96 24334 1 622990 7627 1.5 17 11 1 8 92%  35 3320 271 24%
c - 15.46  9 13 29 97 24338 1 632790 7113 1.5 17 11 1 7 92%  35 3320 271 24%
c - 15.63  9 12 29 98 24343 1 642639 6571 1.5 16 11 1 7 92%  35 3320 271 24%
c ] 15.68  9 13 30 98 24343 1 646352 8410 1.5 16 11 1 7 92%  35 3320 271 24%
c { 15.68  9 15 30 98 24343 2 646352 8410 2.2 23 10 1 4 85%  35 3320 271 24%
c o 15.69  9 15 30 98 24354 2 646792 8713 2.2 23 10 1 4 85%  35 3320 271 24%
c
c seconds   switched     rate         size/glue  tier1   binary      remaining
c        MB   reductions   conflicts        size   tier2   irredundant
c         level    restarts      redundant     glue   trail      variables
c
c e 15.72  9 15 30 98 24652 2 648310 9906 2.2 23 10 1 4 85%  34 3367 268 24%
c s 15.72  9 15 30 98 24652 2 648310 9906 2.2 23 10 1 4 85%  34 3340 268 24%
c - 15.81 10 15 30 99 25354 2 652539 7965 2.2 23 10 1 4 86%  34 3340 268 24%
c - 16.04 10 16 30 100 27133 2 662489 9599 2.1 23 11 1 4 86%  34 3340 268 24%
c - 16.26 10 16 30 101 27549 2 672489 11900 2.2 23 11 1 4 86%  34 3340 268 24%
c - 16.50 10 15 30 102 27549 2 682539 14985 2.2 23 10 1 4 86%  34 3340 268 24%
c u 16.75 11 15 30 102 28056 2 691649 22581 2.3 24 10 1 4 87%  34 3340 268 24%
c v 16.80 11 15 30 102 28056 2 691649 21849 2.3 24 10 1 4 87%  34 3340 268 24%
c w 16.83 11 15 30 102 28056 2 691649 21508 2.3 24 10 1 4 87%  34 3340 268 24%
c - 16.87 11 15 30 103 28254 2 692638 15820 2.3 24 10 1 4 87%  34 3340 268 24%
c } 17.11 11 15 31 103 29011 2 700787 22936 2.3 24 10 1 4 87%  34 3340 268 24%
c [ 17.11 11 13 31 103 29011 1 700787 22936 1.5 16 11 1 7 92%  34 3340 268 24%
c I 17.11 11 13 31 103 29011 1 700787 22936 1.5 16 11 1 7 92%  34 3340 268 24%
c - 17.14 11 13 31 104 29012 1 702787 14958 1.5 16 11 1 7 92%  34 3340 268 24%
c - 17.32 10 13 31 105 29017 1 712985 12159 1.5 16 11 1 7 92%  34 3340 268 24%
c - 17.52 10 13 31 106 29024 1 723233 9364 1.5 17 11 1 7 92%  34 3340 268 24%
c - 17.69 10 13 31 107 29025 1 733528 9090 1.5 17 11 1 7 91%  34 3340 268 24%
c - 17.87 10 13 31 108 29032 1 743872 8664 1.5 17 11 1 7 91%  34 3340 268 24%
c - 18.04 10 13 31 109 29039 1 754264 8630 1.5 17 11 1 7 91%  34 3340 268 24%
c - 18.21 10 12 31 110 29040 1 764704 9233 1.5 16 11 1 7 91%  34 3340 268 24%
c
c seconds   switched      rate          size/glue  tier1   binary      remaining
c        MB   reductions    conflicts         size   tier2   irredundant
c         level     restarts       redundant     glue   trail      variables
c
c B 18.29 10 12 31 110 29041 1 768469 10959 1.5 16 11 1 7 91%  34 3340 268 24%
c o 18.29 10 12 31 110 29041 1 768469 10959 1.5 16 11 1 7 91%  34 3340 268 24%
c ] 18.36 10 12 32 110 29041 1 771909 12031 1.5 16 10 1 7 91%  34 3340 268 24%
c { 18.36 10 15 32 110 29041 2 771909 12031 2.3 24 10 1 4 87%  34 3340 268 24%
c - 18.43 10 15 32 111 29243 2 775192 10713 2.3 24 10 1 4 87%  34 3340 268 24%
c u 18.56 10 15 32 111 29243 2 781120 13589 2.2 23 10 1 4 87%  34 3340 268 24%
c v 18.60 10 15 32 111 29243 2 781120 12113 2.2 23 10 1 4 87%  34 3340 268 24%
c w 18.61 10 15 32 111 29243 2 781120 8192 2.2 23 10 1 4 87%  34 3340 268 24%
c x 18.62 10 15 32 111 29243 2 781120 8178 2.2 23 10 1 4 87%  34 3314 268 24%
c = 18.81 16 15 32 111 29243 2 781120 8178 2.2 23 10 1 4 87%  36 3312 267 24%
c d 18.81 16 15 32 111 29243 2 781120 8178 2.2 23 10 1 4 87%  34 3312 267 24%
c u 18.82 16 15 32 111 29243 2 781120 8083 2.2 23 10 1 4 87%  34 3312 267 24%
c v 18.85 16 15 32 111 29243 2 781120 7255 2.2 23 10 1 4 87%  34 3312 267 24%
c w 18.89 16 15 32 111 29243 2 781120 6623 2.2 23 10 1 4 87%  34 3312 267 24%
c x 18.89 16 15 32 111 29243 2 781120 6617 2.2 23 10 1 4 87%  34 3290 267 24%
c - 18.99  8 15 32 112 29251 2 785728 8188 2.3 23 10 1 4 87%  34 3290 267 24%
c - 19.28  8 15 32 113 29758 2 796313 12457 2.3 24 10 1 4 88%  34 3290 267 24%
c - 19.64  8 15 32 114 31750 2 806943 13386 2.3 24 10 1 4 88%  34 3290 267 24%
c - 19.94  9 15 32 115 32571 2 817620 13758 2.3 24 10 1 4 87%  34 3288 267 24%
c - 20.22  9 15 32 116 32571 2 828343 16577 2.4 24 10 1 4 88%  34 3288 267 24%
c
c seconds   switched      rate          size/glue  tier1   binary      remaining
c        MB   reductions    conflicts         size   tier2   irredundant
c         level     restarts       redundant     glue   trail      variables
c
c } 20.33  9 15 33 116 32571 2 833014 21047 2.4 25 10 1 4 88%  34 3288 267 24%
c [ 20.33  9 12 33 116 32571 1 833014 21047 1.5 16 10 1 7 91%  34 3288 267 24%
c - 20.44  9 12 33 117 32575 1 839114 16529 1.6 16 10 1 7 92%  34 3288 267 24%
c W 20.49  9 12 33 117 32577 1 841444 17499 1.6 16 10 1 7 92%  34 3288 267 24%
c - 20.65  9 12 33 118 32581 1 849930 13734 1.6 16 10 1 7 92%  34 3288 267 24%
c s 20.82  9 12 33 118 32585 1 858644 17753 1.5 16 10 1 7 92%  36 3268 267 24%
c e 20.82  9 12 33 118 32585 1 858644 17753 1.5 16 10 1 7 92%  31 3303 264 24%
c s 20.82  9 12 33 118 32585 1 858644 17753 1.5 16 10 1 7 92%  31 3283 264 24%
c e 20.82  9 12 33 118 32585 1 858644 17753 1.5 16 10 1 7 92%  29 3316 262 24%
c - 20.86  8 12 33 119 32585 1 860793 11179 1.5 16 10 1 7 92%  29 3316 262 24%
c - 21.06  8 12 33 120 32590 1 871701 10174 1.5 16 10 1 7 91%  29 3316 262 24%
c u 21.17  8 12 33 120 32592 1 876833 12200 1.5 16 11 1 7 91%  29 3316 262 24%
c v 21.22  8 12 33 120 32592 1 876833 10235 1.5 16 11 1 7 91%  29 3316 262 24%
c w 21.24  8 12 33 120 32592 1 876833 9141 1.5 16 11 1 7 91%  29 3316 262 24%
c x 21.25  8 12 33 120 32592 1 876833 9131 1.5 16 11 1 7 91%  29 3292 262 24%
c - 21.63 12 12 33 121 32596 1 882655 7756 1.5 16 11 1 7 91%  29 3292 262 24%
c - 21.82 12 12 33 122 32600 1 893657 9065 1.5 16 10 1 7 90%  29 3292 262 24%
c - 22.04 12 12 33 123 32601 1 904702 9213 1.6 16 11 1 7 90%  29 3292 262 24%
c ] 22.21 12 12 34 123 32601 1 913325 12330 1.5 16 11 1 7 90%  29 3292 262 24%
c { 22.21 12 15 34 123 32601 2 913325 12330 2.4 25 10 1 4 88%  29 3292 262 24%
c
c seconds   switched      rate         size/glue  tier1   binary      remaining
c        MB   reductions    conflicts        size   tier2   irredundant
c         level     restarts      redundant     glue   trail      variables
c
c - 22.26 12 15 34 124 32602 2 915793 8440 2.4 24 10 1 4 88%  29 3292 262 24%
c o 22.29 12 15 34 124 32642 2 917464 9439 2.4 24 10 1 4 88%  29 3292 262 24%
c - 22.51 13 15 34 125 32648 2 926929 13989 2.5 25 10 1 4 89%  29 3292 262 24%
c - 22.87 13 15 34 126 34302 2 938109 15914 2.5 25 10 1 4 88%  29 3292 262 24%
c - 23.21 13 15 34 127 35334 2 949333 15421 2.5 25 10 1 4 88%  29 3292 262 24%
c - 23.59 13 15 34 128 36025 1 960602 17418 2.5 25 10 1 4 88%  29 3292 262 24%
c - 23.98 13 15 34 129 37235 1 971915 17381 2.4 25 10 1 4 88%  29 3292 262 24%
c u 24.28 13 15 34 129 37758 1 978655 21516 2.4 24 10 1 4 88%  29 3292 262 24%
c v 24.34 13 15 34 129 37758 1 978655 21133 2.4 24 10 1 4 88%  29 3292 262 24%
c w 24.36 13 15 34 129 37758 1 978655 20740 2.4 24 10 1 4 88%  29 3292 262 24%
c x 24.38 13 15 34 129 37758 1 978655 20739 2.4 24 10 1 4 88%  29 3277 262 24%
c } 24.48 13 15 35 129 38142 1 981472 22674 2.4 24 10 1 4 88%  30 3276 262 24%
c [ 24.48 13 12 35 129 38142 1 981472 22674 1.5 16 11 1 7 90%  30 3276 262 24%
c O 24.48 13 12 35 129 38142 1 981472 22674 1.5 16 11 1 7 90%  30 3276 262 24%
c - 24.54 13 12 35 130 38143 1 983273 15392 1.5 16 11 1 7 90%  30 3276 262 24%
c - 24.81 12 12 35 131 38149 1 994674 13651 1.5 16 11 1 7 90%  30 3276 262 24%
c - 25.09 13 12 35 132 38156 1 1006120 11694 1.5 16 11 1 7 91%  30 3276 262 24%
c - 25.35 13 12 35 133 38159 1 1017610 11417 1.5 16 10 1 7 91%  30 3276 262 24%
c - 25.60 13 12 35 134 38166 1 1029142 10183 1.5 16 10 1 6 91%  30 3276 262 24%
c - 25.84 13 12 35 135 38171 1 1040717 9904 1.5 16 10 1 6 91%  30 3276 262 24%
c
c seconds   switched      rate          size/glue  tier1   binary      remaining
c        MB   reductions     conflicts        size   tier2   irredundant
c         level     restarts       redundant     glue   trail      variables
c
c - 26.06 13 12 35 136 38172 1 1052335 8688 1.5 16 11 1 6 91%  30 3276 262 24%
c - 26.28 13 12 35 137 38173 1 1063997 8042 1.5 16 11 1 6 91%  30 3276 262 24%
c B 26.31 13 12 35 137 38174 1 1065509 8627 1.5 16 11 1 6 91%  30 3276 262 24%
c o 26.31 13 12 35 137 38174 1 1065509 8627 1.5 16 11 1 6 91%  30 3276 262 24%
c - 26.46 11 12 35 138 38179 1 1075701 7710 1.5 16 11 1 6 92%  30 3276 262 24%
c u 26.64 12 12 35 138 38186 1 1086722 12447 1.5 16 11 1 6 92%  31 3276 262 24%
c v 26.68 12 12 35 138 38186 1 1086722 11297 1.5 16 11 1 6 92%  31 3276 262 24%
c w 26.73 12 12 35 138 38186 1 1086722 7926 1.5 16 11 1 6 92%  31 3276 262 24%
c - 26.75 11 12 35 139 38186 1 1087448 5389 1.5 16 11 1 6 92%  31 3276 262 24%
c ] 26.76 11 12 36 139 38187 1 1088404 5808 1.5 16 11 1 6 92%  31 3276 262 24%
c { 26.76 11 15 36 139 38187 1 1088404 5808 2.4 24 10 1 4 88%  31 3276 262 24%
c - 26.96 12 15 36 140 38980 1 1099237 8607 2.3 24 10 1 4 87%  31 3276 262 24%
c s 27.08 12 14 36 140 38983 1 1105243 12771 2.3 23 10 1 4 87%  31 3269 262 24%
c e 27.08 12 14 36 140 38983 1 1105243 12771 2.3 23 10 1 4 87%  30 3284 261 23%
c s 27.08 12 14 36 140 38983 1 1105243 12771 2.3 23 10 1 4 87%  30 3275 261 23%
c - 27.23 12 15 36 141 39393 1 1111069 11270 2.3 23 10 1 4 87%  30 3275 261 23%
c - 27.51 12 15 36 142 40298 1 1122943 13305 2.3 23 10 1 4 88%  30 3275 261 23%
c - 27.79 13 14 36 143 40466 1 1134861 14858 2.4 24 10 1 4 88%  30 3275 261 23%
c - 28.09 13 14 36 144 41283 1 1146819 16065 2.4 24 10 1 4 88%  30 3275 261 23%
c - 28.44 13 14 36 145 43379 2 1158820 16182 2.3 24 10 1 4 88%  30 3275 261 23%
c
c seconds   switched      rate           size/glue  tier1   binary      remaining
c        MB   reductions     conflicts         size   tier2   irredundant
c         level     restarts        redundant     glue   trail      variables
c
c } 28.58 13 15 37 145 43969 2 1163960 19916 2.3 23 10 1 4 88%  30 3275 261 23%
c [ 28.58 13 12 37 145 43969 1 1163960 19916 1.5 16 11 1 6 92%  30 3275 261 23%
c W 28.58 13 12 37 145 43969 1 1163960 19916 1.5 16 11 1 6 92%  30 3275 261 23%
c - 28.73 12 12 37 146 43974 1 1170861 13984 1.5 16 11 1 6 92%  30 3275 261 23%
c - 28.98 13 12 37 147 43981 1 1182945 11707 1.5 16 11 1 6 92%  30 3275 261 23%
c - 29.23 13 12 37 148 43983 1 1195069 9198 1.5 16 11 1 6 92%  30 3275 261 23%
c u 29.35 13 12 37 148 43987 1 1201020 11531 1.5 16 11 1 6 92%  30 3275 261 23%
c v 29.38 13 12 37 148 43987 1 1201020 9953 1.5 16 11 1 6 92%  30 3275 261 23%
c w 29.43 13 12 37 148 43987 1 1201020 8017 1.5 16 11 1 6 92%  30 3275 261 23%
c x 29.44 13 12 37 148 43987 1 1201020 8017 1.5 16 11 1 6 92%  30 3255 261 23%
c - 29.87 11 12 37 149 43990 1 1207234 6802 1.5 15 11 1 6 92%  30 3255 261 23%
c - 30.09 11 12 37 150 43997 1 1219440 7554 1.5 15 11 1 6 92%  30 3255 261 23%
c - 30.29 12 12 37 151 43999 1 1231687 8169 1.5 15 10 1 6 92%  30 3255 261 23%
c - 30.49 12 12 37 152 43999 1 1243976 8695 1.5 15 10 1 6 92%  30 3255 261 23%
c ] 30.70 12 12 38 152 44006 1 1255700 14160 1.5 15 10 1 6 92%  30 3255 261 23%
c { 30.70 12 15 38 152 44006 2 1255700 14160 2.3 23 10 1 4 88%  30 3255 261 23%
c - 30.71 12 14 38 153 44012 2 1256306 8606 2.3 23 10 1 4 88%  30 3255 261 23%
c o 30.81 12 14 38 153 44172 1 1261492 11926 2.3 23 10 1 4 88%  30 3255 261 23%
c - 30.97 12 14 38 154 44467 1 1268677 11037 2.2 23 10 1 4 88%  30 3255 261 23%
c - 31.22 13 14 38 155 45062 1 1281086 12616 2.2 22 10 1 4 89%  30 3255 261 23%
c
c seconds   switched      rate           size/glue  tier1   binary      remaining
c        MB   reductions     conflicts         size   tier2   irredundant
c         level     restarts        redundant     glue   trail      variables
c
c - 31.48 13 14 38 156 45377 1 1293535 13068 2.2 22 10 1 4 89%  30 3255 261 23%
c - 31.75 13 14 38 157 45838 1 1306024 13094 2.1 21 10 1 4 89%  30 3255 261 23%
c - 32.02 13 14 38 158 46582 1 1318553 13262 2.0 20 10 1 4 89%  30 3255 261 23%
c u 32.10 13 14 38 158 46720 1 1321761 14779 2.0 20 10 1 4 89%  30 3255 261 23%
c v 32.15 13 14 38 158 46720 1 1321761 12634 2.0 20 10 1 4 89%  30 3255 261 23%
c w 32.21 13 14 38 158 46720 1 1321761 10589 2.0 20 10 1 4 89%  30 3255 261 23%
c - 32.40 13 14 38 159 46890 1 1331123 12192 2.0 20 10 1 4 88%  30 3255 261 23%
c } 32.54 13 14 39 159 46893 1 1339033 19344 2.1 21 10 1 4 88%  30 3255 261 23%
c [ 32.54 13 12 39 159 46893 1 1339033 19344 1.5 15 10 1 6 92%  30 3255 261 23%
c I 32.54 13 12 39 159 46893 1 1339033 19344 1.5 15 10 1 6 92%  30 3255 261 23%
c - 32.66 13 12 39 160 46896 1 1343734 15213 1.5 15 10 1 6 92%  30 3255 261 23%
c - 32.95 13 12 39 161 46903 1 1356384 14183 1.5 15 10 1 6 92%  30 3255 261 23%
c - 33.21 12 12 39 162 46907 1 1369072 12250 1.5 15 10 1 6 93%  30 3255 261 23%
c - 33.46 13 12 39 163 46914 1 1381799 11380 1.5 15 10 1 6 93%  30 3255 261 23%
c e 33.62 13 12 39 163 46919 1 1390180 16004 1.5 16 10 1 6 92%  29 3264 258 23%
c s 33.62 13 12 39 163 46919 1 1390180 16004 1.5 16 10 1 6 92%  29 3252 258 23%
c e 33.62 13 12 39 163 46919 1 1390180 16004 1.5 16 10 1 6 92%  29 3251 257 23%
c - 33.72 13 12 39 164 46921 1 1394566 10487 1.5 16 10 1 6 92%  29 3251 257 23%
c - 33.99 13 12 39 165 46923 1 1407373 10578 1.5 16 10 1 6 92%  29 3251 257 23%
c ] 34.13 13 12 40 165 46923 1 1414265 13730 1.6 15 10 1 6 92%  29 3251 257 23%
c
c seconds   switched      rate           size/glue  tier1   binary      remaining
c        MB   reductions     conflicts         size   tier2   irredundant
c         level     restarts        redundant     glue   trail      variables
c
c { 34.13 13 14 40 165 46923 1 1414265 13730 2.1 21 10 1 4 88%  29 3251 257 23%
c o 34.15 13 14 40 165 47080 1 1415085 14314 2.1 21 10 1 4 88%  29 3251 257 23%
c - 34.29 13 14 40 166 47678 1 1420219 11674 2.1 20 10 1 4 88%  29 3251 257 23%
c - 34.61 13 14 40 167 48532 1 1433103 14037 2.1 20 10 1 4 88%  29 3251 257 23%
c - 34.96 13 14 40 168 49142 1 1446025 15974 2.1 21 10 1 4 88%  29 3251 257 23%
c u 35.07 13 14 40 168 49302 1 1448885 16983 2.1 20 10 1 4 88%  29 3251 257 23%
c v 35.16 13 14 40 168 49302 1 1448885 14703 2.1 20 10 1 4 88%  29 3251 257 23%
c w 35.21 13 14 40 168 49302 1 1448885 12433 2.1 20 10 1 4 88%  29 3251 257 23%
c - 35.48 12 14 40 169 51102 1 1458987 13518 2.1 21 10 1 4 88%  29 3251 257 23%
c - 35.78 13 14 40 170 51989 1 1471987 14638 2.1 21 10 1 4 88%  29 3251 257 23%
c - 36.12 13 14 40 171 52610 1 1485025 15362 2.0 20 10 1 4 88%  29 3251 257 23%
c - 36.47 13 13 40 172 53234 1 1498102 16681 2.0 19 10 1 4 88%  31 3251 257 23%
c } 36.64 13 13 41 172 53792 1 1505737 21775 2.0 19 10 1 4 88%  32 3251 257 23%
c [ 36.64 13 12 41 172 53792 1 1505737 21775 1.6 15 10 1 6 92%  32 3251 257 23%
c B 36.64 13 12 41 172 53792 1 1505737 21775 1.6 15 10 1 6 92%  32 3251 257 23%
c - 36.77 13 12 41 173 53796 1 1511216 16954 1.5 15 10 1 6 92%  32 3251 257 23%
c - 37.09 12 12 41 174 53804 1 1524371 14786 1.5 15 10 1 6 91%  32 3251 257 23%
c - 37.37 13 11 41 175 53806 1 1537562 13521 1.6 15 10 1 6 90%  32 3251 257 23%
c - 37.67 13 11 41 176 53813 1 1550791 13419 1.6 15 10 1 6 91%  32 3251 257 23%
c - 37.92 13 11 41 177 53821 1 1564058 13261 1.6 15 10 1 6 91%  33 3251 257 23%
c
c seconds   switched      rate           size/glue  tier1   binary      remaining
c        MB   reductions     conflicts         size   tier2   irredundant
c         level     restarts        redundant     glue   trail      variables
c
c - 38.22 13 12 41 178 53822 1 1577362 12007 1.5 15 10 1 6 91%  33 3251 257 23%
c d 38.31 13 12 41 178 53822 1 1582462 13062 1.6 15 10 1 6 91%  37 3070 256 23%
c u 38.34 13 12 41 178 53822 1 1582462 12343 1.6 15 10 1 6 91%  37 3070 256 23%
c v 38.37 13 12 41 178 53822 1 1582462 10879 1.6 15 10 1 6 91%  37 3070 256 23%
c w 38.43 13 12 41 178 53822 1 1582462 8980 1.6 15 10 1 6 91%  37 3070 256 23%
c x 38.44 13 12 41 178 53822 1 1582462 8970 1.6 15 10 1 6 91%  37 3019 256 23%
c t 38.44 13 12 41 178 53822 1 1582462 8970 1.6 15 10 1 6 91%  36 3019 256 23%
c u 38.46 13 12 41 178 53822 1 1582462 8822 1.6 15 10 1 6 91%  36 3019 256 23%
c v 38.48 13 12 41 178 53822 1 1582462 8341 1.6 15 10 1 6 91%  36 3019 256 23%
c w 38.52 13 12 41 178 53822 1 1582462 7402 1.6 15 10 1 6 91%  36 3019 256 23%
c o 38.92 15 12 41 178 53822 1 1582462 7402 1.6 15 10 1 6 91%  36 3019 256 23%
c - 39.07 14 12 41 179 53825 1 1590704 7111 1.6 15 10 1 6 91%  31 3019 256 23%
c - 39.31 15 12 41 180 53832 1 1604084 7956 1.6 15 10 1 6 91%  31 3019 256 23%
c ] 39.43 15 11 42 180 53836 1 1611314 11132 1.6 15 10 1 6 92%  31 3019 256 23%
c { 39.43 15 13 42 180 53836 1 1611314 11132 2.0 19 10 1 4 88%  31 3019 256 23%
c - 39.54 15 13 42 181 53836 1 1617501 9826 2.0 19 10 1 4 88%  31 3019 256 23%
c - 39.93 15 13 42 182 54451 1 1630954 14695 2.1 20 10 1 4 88%  31 3019 256 23%
c - 40.27 16 13 42 183 54692 1 1644447 17108 2.1 20 9 1 4 89%  31 3019 256 23%
c - 40.65 16 13 42 184 55916 1 1657974 17399 2.1 20 10 1 4 88%  31 3019 256 23%
c - 41.02 16 13 42 185 57518 1 1671538 16848 2.0 20 10 1 4 88%  31 3019 256 23%
c
c seconds   switched      rate           size/glue  tier1   binary      remaining
c        MB   reductions     conflicts         size   tier2   irredundant
c         level     restarts        redundant     glue   trail      variables
c
c - 41.40 16 14 42 186 58887 1 1685139 16973 2.0 20 10 1 4 88%  31 3019 256 23%
c - 41.73 16 13 42 187 59155 1 1698777 17223 2.0 19 10 1 4 88%  32 3019 256 23%
c } 41.98 16 13 43 187 59204 1 1711287 25164 2.0 19 10 1 4 88%  32 3019 256 23%
c [ 41.98 16 11 43 187 59204 1 1711287 25164 1.6 15 10 1 6 92%  32 3019 256 23%
c W 42.00 16 11 43 187 59204 1 1711287 25164 1.6 15 10 1 6 92%  32 3019 256 23%
c - 42.04 16 12 43 188 59205 1 1712452 17328 1.6 15 10 1 6 92%  32 3019 256 23%
c s 42.09 16 12 43 188 59206 1 1715010 18563 1.5 15 10 1 6 92%  32 3016 256 23%
c e 42.09 16 12 43 188 59206 1 1715010 18563 1.5 15 10 1 6 92%  27 3089 249 22%
c s 42.09 16 12 43 188 59206 1 1715010 18563 1.5 15 10 1 6 92%  27 3061 249 22%
c u 42.33 16 12 43 188 59211 1 1724193 20810 1.5 15 10 1 6 92%  27 3061 249 22%
c v 42.40 16 12 43 188 59211 1 1724193 19264 1.5 15 10 1 6 92%  27 3061 249 22%
c w 42.43 16 12 43 188 59211 1 1724193 16962 1.5 15 10 1 6 92%  27 3061 249 22%
c x 42.44 16 12 43 188 59211 1 1724193 16956 1.5 15 10 1 6 92%  27 3025 249 22%
c - 42.49 14 12 43 189 59213 1 1726164 12561 1.5 15 10 1 6 92%  27 3025 249 22%
c - 42.76 15 11 43 190 59218 1 1739912 11686 1.5 15 10 1 6 92%  27 3025 249 22%
c - 43.02 15 11 43 191 59225 1 1753696 11695 1.5 15 10 1 6 91%  28 3025 249 22%
c - 43.30 15 11 43 192 59232 1 1767518 11819 1.5 15 10 1 6 91%  28 3025 249 22%
c - 43.61 15 11 43 193 59234 1 1781375 11519 1.5 14 9 1 6 91%  28 3025 249 22%
c - 43.91 15 11 43 194 59236 1 1795268 12414 1.5 14 9 1 6 91%  29 3025 249 22%
c - 44.23 15 11 43 195 59244 1 1809196 13113 1.5 14 9 1 6 91%  29 3025 249 22%
c
c seconds   switched      rate           size/glue tier1   binary      remaining
c        MB   reductions     conflicts         size  tier2   irredundant
c         level     restarts        redundant    glue   trail      variables
c
c ] 44.49 15 11 44 195 59249 1 1819657 16772 1.5 14 9 1 6 91%  29 3025 249 22%
c { 44.49 15 13 44 195 59249 1 1819657 16772 2.0 19 10 1 4 88%  29 3025 249 22%
c - 44.56 15 13 44 196 59249 1 1823160 12931 2.0 19 9 1 4 88%  30 3025 249 22%
c i 44.79 15 12 44 196 59249 1 1835159 19995 1.9 18 9 1 4 88%  43 3025 248 22%
c o 44.79 15 12 44 196 59249 1 1835159 19995 1.9 18 9 1 4 88%  43 3025 248 22%
c - 44.84 15 12 44 197 59623 1 1837160 9367 1.9 18 9 1 4 87%  41 3025 248 22%
c - 45.19 15 12 44 198 61269 1 1851197 13032 1.9 18 9 1 4 87%  43 3024 248 22%
c - 45.55 15 13 44 199 62606 1 1865269 16036 1.9 18 9 1 4 87%  43 3024 248 22%
c u 45.75 15 13 44 199 62876 1 1872589 19801 1.9 18 9 1 4 88%  82 2833 248 22%
c v 45.82 15 13 44 199 62876 1 1872589 18130 1.9 18 9 1 4 88%  81 2833 248 22%
c w 45.85 15 13 44 199 62876 1 1872589 16513 1.9 18 9 1 4 88%  81 2833 248 22%
c x 45.87 15 13 44 199 62876 1 1872589 16486 1.9 18 9 1 4 88%  86 2655 248 22%
c d 45.87 15 13 44 199 62876 1 1872589 16484 1.9 18 9 1 4 88%  82 2655 246 22%
c t 45.87 15 13 44 199 62876 1 1872589 16484 1.9 18 9 1 4 88%  73 2655 246 22%
c u 45.90 15 13 44 199 62876 1 1872589 16196 1.9 18 9 1 4 88%  73 2655 246 22%
c v 45.98 15 13 44 199 62876 1 1872589 14497 1.9 18 9 1 4 88%  76 2655 246 22%
c w 46.02 15 13 44 199 62876 1 1872589 14129 1.9 18 9 1 4 88%  76 2655 246 22%
c x 46.03 15 13 44 199 62876 1 1872589 14128 1.9 18 9 1 4 88%  76 2632 246 22%
c t 46.03 15 13 44 199 62876 1 1872589 14128 1.9 18 9 1 4 88%  73 2632 246 22%
c - 46.21 14 13 44 200 62976 1 1879375 13710 2.0 18 9 1 4 88%  73 2632 246 22%
c
c seconds   switched      rate           size/glue tier1   binary      remaining
c        MB   reductions     conflicts         size  tier2   irredundant
c         level     restarts        redundant    glue   trail      variables
c
c - 46.53 15 12 44 201 63272 1 1893517 17251 2.0 18 9 1 4 88%  73 2632 246 22%
c - 46.94 16 12 44 202 63996 1 1907695 19285 2.0 18 9 1 4 89%  74 2632 246 22%
c - 47.33 16 12 44 203 65448 1 1921908 19146 2.0 18 9 1 4 89%  74 2632 246 22%
c } 47.48 16 12 45 203 65725 1 1928488 23787 2.0 18 9 1 4 89%  74 2632 246 22%
c [ 47.48 16 11 45 203 65725 1 1928488 23787 1.5 14 9 1 6 91%  74 2632 246 22%
c O 47.48 16 11 45 203 65725 1 1928488 23787 1.5 14 9 1 6 91%  74 2632 246 22%
c - 47.66 16 11 45 204 65730 1 1936156 17617 1.5 14 9 1 6 91%  74 2632 246 22%
c - 47.97 14 11 45 205 65738 1 1950439 13985 1.5 14 9 1 5 90%  74 2632 246 22%
c - 48.30 15 11 45 206 65742 1 1964757 11835 1.5 14 9 1 5 91%  74 2632 246 22%
c - 48.60 15 11 45 207 65751 1 1979109 11080 1.5 14 9 1 5 91%  74 2632 246 22%
c - 48.91 15 11 45 208 65754 1 1993499 11662 1.5 14 9 1 5 92%  75 2632 246 22%
c - 49.23 15 11 45 209 65755 1 2007921 11899 1.5 14 9 1 5 92%  76 2632 246 22%
c i 49.47 15 10 45 209 65761 1 2018159 16882 1.6 14 9 1 5 92%  87 2632 238 21%
c o 49.47 15 10 45 209 65761 1 2018159 16882 1.6 14 9 1 5 92%  87 2632 238 21%
c - 49.56 14 10 45 210 65762 1 2022378 8180 1.6 14 9 1 5 92%  89 2632 238 21%
c d 49.73 14 10 45 210 65768 1 2030801 11247 1.6 14 9 1 5 92% 118 2273 237 21%
c d 49.73 14 10 45 210 65768 1 2030801 11044 1.6 14 9 1 5 92% 101 2238 230 21%
c u 49.75 14 10 45 210 65768 1 2030801 9979 1.6 14 9 1 5 92%  97 2238 230 21%
c v 49.79 14 10 45 210 65768 1 2030801 8483 1.6 14 9 1 5 92%  97 2238 230 21%
c w 49.82 14 10 45 210 65768 1 2030801 6308 1.6 14 9 1 5 92%  97 2238 230 21%
c
c seconds   switched      rate          size/glue tier1   binary      remaining
c        MB   reductions     conflicts        size  tier2   irredundant
c         level     restarts       redundant    glue   trail      variables
c
c x 49.82 14 10 45 210 65768 1 2030801 6264 1.6 14 9 1 5 92% 103 2054 230 21%
c d 49.82 14 10 45 210 65768 1 2030801 6261 1.6 14 9 1 5 92% 101 2054 229 21%
c t 49.82 14 10 45 210 65768 1 2030801 6261 1.6 14 9 1 5 92%  94 2054 229 21%
c u 49.84 14 10 45 210 65768 1 2030801 5811 1.6 14 9 1 5 92%  95 2054 229 21%
c v 49.86 14 10 45 210 65768 1 2030801 4999 1.6 14 9 1 5 92%  95 2054 229 21%
c w 49.88 14 10 45 210 65768 1 2030801 4697 1.6 14 9 1 5 92%  95 2054 229 21%
c x 49.88 14 10 45 210 65768 1 2030801 4693 1.6 14 9 1 5 92%  96 2003 229 21%
c = 50.32 19 10 45 210 65768 1 2030801 4693 1.6 14 9 1 5 92%  98 1990 227 20%
c d 50.33 19 10 45 210 65768 1 2030801 4329 1.6 14 9 1 5 92%  95 1990 227 20%
c t 50.33 19 10 45 210 65768 1 2030801 4329 1.6 14 9 1 5 92%  94 1990 227 20%
c i 50.43 20 10 45 210 65770 1 2036513 6356 1.6 13 9 1 5 92% 104 1990 226 20%
c - 50.43 18 10 45 211 65770 1 2036870 3965 1.6 13 9 1 5 92% 107 1866 226 20%
c ] 50.60 19 10 46 211 65773 1 2045520 8661 1.6 13 9 1 5 92% 108 1866 226 20%
c { 50.60 19 12 46 211 65773 1 2045520 8661 2.0 18 9 1 4 89% 108 1866 226 20%
c - 50.72 19 12 46 212 65773 1 2051396 8152 2.0 18 9 1 4 88% 110 1866 226 20%
c i 50.73 19 12 46 212 65773 1 2052162 8463 2.0 18 9 1 4 88% 118 1866 223 20%
c i 50.92 19 12 46 212 65774 1 2061144 15744 2.0 17 9 1 4 88% 130 1864 219 20%
c i 50.94 19 12 46 212 65774 1 2061777 16263 2.0 17 9 1 4 88% 140 1864 218 20%
c i 50.95 19 12 46 212 65774 1 2062141 16408 2.0 17 9 1 4 88% 148 1864 214 19%
c i 50.95 19 12 46 212 65774 1 2062165 16414 2.0 17 9 1 4 88% 151 1864 203 18%
c
c seconds   switched      rate           size/glue tier1   binary      remaining
c        MB   reductions     conflicts         size  tier2   irredundant
c         level     restarts        redundant    glue   trail      variables
c
c i 50.95 19 12 46 212 65774 1 2062197 16426 2.0 17 9 1 4 88% 155 1863 198 18%
c i 50.95 19 12 46 212 65774 1 2062218 16428 2.0 17 9 1 4 88% 160 1863 99 9%
c i 50.95 19 12 46 212 65774 1 2062222 16428 2.0 17 9 1 4 88% 162 1863 81 7%
c } 50.95 19 12 46 212 65774 1 2062226 16428 2.0 17 9 1 4 88% 164 1863 50 4%
c 0 50.95 19 12 46 212 65774 1 2062226 16428 2.0 17 9 1 4 88% 164 1863 50 4%
c
c ---- [ result ] ------------------------------------------------------------
c
s UNSATISFIABLE
c
c ---- [ profiling ] ---------------------------------------------------------
c
c          45.63   89.57 %  search
c          23.58   46.28 %  focused
c          22.05   43.29 %  stable
c           5.30   10.39 %  simplify
c           5.20   10.21 %  probe
c           2.74    5.38 %  vivify
c           2.36    4.64 %  sweep
c           0.31    0.60 %  reduce
c           0.06    0.12 %  walking
c           0.05    0.11 %  substitute
c           0.05    0.10 %  eliminate
c           0.03    0.07 %  factor
c           0.02    0.04 %  preprocess
c           0.01    0.02 %  subsume
c           0.01    0.01 %  congruence
c           0.00    0.01 %  transitive
c           0.00    0.00 %  backbone
c           0.00    0.00 %  parse
c           0.00    0.00 %  lucky
c =============================================
c          50.95  100.00 %  total
c
c ---- [ statistics ] --------------------------------------------------------
c
c conflicts:                          2062226            40475.39 per second
c congruent:                               43                4 %  variables
c decisions:                          2598727                1.26 per conflict
c eliminated:                             844               76 %  variables
c factored:                                57                5 %  variables
c iterations:                              12                1 %  variables
c propagations:                     199807177          3921624    per second
c reductions:                             212             9727    interval
c reordered:                               19           108538    interval
c rephased:                                30            68741    interval
c restarts:                             65774               31    interval
c strengthened:                          1082                0 %  checks
c substituted:                             82                7 %  variables
c subsumed:                               849                0 %  checks
c switched:                                46            44831    interval
c vivified:                            137533               42 %  checks
c walks:                                   10           206223    interval
c
c ---- [ glue usage ] --------------------------------------------------------
c
c focused glue 1 used 9575972 clauses 65.77% accumulated 65.77% tier1
c focused glue 2 used 2392576 clauses 16.43% accumulated 82.20%
c focused glue 3 used  848676 clauses  5.83% accumulated 88.03%
c focused glue 4 used  413925 clauses  2.84% accumulated 90.87% tier2
c
c stable glue 1 used 10384689 clauses 60.79% accumulated 60.79% tier1
c stable glue 2 used  2926214 clauses 17.13% accumulated 77.92%
c stable glue 3 used  1186070 clauses  6.94% accumulated 84.86%
c stable glue 4 used   566667 clauses  3.32% accumulated 88.18%
c stable glue 5 used   366500 clauses  2.15% accumulated 90.33% tier2
c
c ---- [ resources ] ---------------------------------------------------------
c
c maximum-resident-set-size:        225984512 bytes        216 MB
c process-time:                            51s              50.95 seconds
c
c ---- [ shutting down ] -----------------------------------------------------
c
c exit 20
