c ---- [ banner ] ------------------------------------------------------------
c
c Kissat SAT Solver
c 
c Copyright (c) 2021-2024 Armin Biere University of Freiburg
c Copyright (c) 2019-2021 Armin Biere Johannes Kepler University Linz
c 
c Version 4.0.4 8af8e56f174b778aef3aa45af9f739b2a5f492c2
c gcc (GCC) 15.2.1 20260123 (Red Hat 15.2.1-7) -W -Wall -O3 -DNDEBUG
c Thu Apr 23 06:47:51 PM IST 2026 Linux krishnendu-LN 6.19.12-200.fc43.x86_64 x86_64
c
c ---- [ parsing ] -----------------------------------------------------------
c
c opened and reading DIMACS file:
c
c   /home/krishnendu/Research/fv-invariant-mining/data/circuits/cnf/miter_mult_10bit.cnf
c
c parsed 'p cnf 1113 4205' header
c closing input after reading 64864 bytes (63 KB)
c finished parsing after 0.00 seconds
c
c ---- [ options ] -----------------------------------------------------------
c
c --decay=140                      (different from default '50')
c --eliminateeffort=1500           (different from default '100')
c --stable=2                       (different from default '1')
c
c ---- [ solving ] -----------------------------------------------------------
c
c seconds switched rate     size/glue tier1  binary       remaining
c        MB reductions conflicts size  tier2   irredundant
c         level restarts redundant glue  trail       variables
c
c *  0.00  3 0 0 0  0 0   0   0 0.0 0 0 0 0 0% 1458 2745 1110 100%
c (  0.00  3 0 0 0  0 0   0   0 0.0 0 0 0 0 0% 1458 2745 1110 100%
c .  0.00  3 0 0 0  0 0   0   0 0.0 0 0 0 0 0% 1454 2745 1110 100%
c c  0.00  3 0 0 0  0 0   0   0 0.0 0 0 0 0 0% 1518 2743 1067 96%
c d  0.00  3 0 0 0  0 0   0   0 0.0 0 0 0 0 0% 1368 2743 1067 96%
c =  0.02  3 0 0 0  0 0   0   0 0.0 0 0 0 0 0% 1372 2736 1064 96%
c d  0.02  3 0 0 0  0 0   0   0 0.0 0 0 0 0 0% 1367 2736 1064 96%
c f  0.02  4 0 0 0  0 0   0   0 0.0 0 0 0 0 0% 1339 2718 1086 98%
c )  0.02  4 0 0 0  0 0   0   0 0.0 0 0 0 0 0% 1339 2718 1086 98%
c [  0.02  4 0 0 0  0 0   0   0 0.0 0 0 2 6 0% 1339 2718 1086 98%
c -  0.04  4 15 0 1  0 1 1001 766 4.4 33 8 3 9 89% 1350 2718 1086 98%
c B  0.04  4 15 0 1  0 1 1001 766 4.4 33 8 3 9 89% 1350 2718 1086 98%
c -  0.06  4 16 0 2  1 1 2001 1385 2.7 27 10 4 12 88% 1351 2718 1086 98%
c W  0.06  4 16 0 2  1 1 2002 1386 2.7 27 10 4 12 88% 1351 2718 1086 98%
c c  0.09  4 16 0 2  2 1 3371 2470 2.3 25 11 4 13 89% 1354 2718 1084 97%
c d  0.09  4 16 0 2  2 1 3371 2470 2.3 25 11 4 13 89% 1350 2718 1084 97%
c u  0.09  4 16 0 2  2 1 3371 2394 2.3 25 11 4 13 89% 1351 2718 1084 97%
c v  0.10  4 16 0 2  2 1 3371 2264 2.3 25 11 4 13 89% 1351 2718 1084 97%
c w  0.10  5 16 0 2  2 1 3371 1887 2.3 25 11 4 13 89% 1351 2718 1084 97%
c x  0.10  5 16 0 2  2 1 3371 1887 2.3 25 11 4 13 89% 1364 2677 1084 97%
c
c seconds  switched rate       size/glue  tier1     binary       remaining
c        MB reductions conflicts     size   tier2     irredundant
c         level restarts  redundant     glue    trail       variables
c
c =  0.12  5 16 0 2  2 1 3371 1887 2.3 25 11 4 13 89% 1394 2670 1069 96%
c d  0.12  5 16 0 2  2 1 3371 1887 2.3 25 11 4 13 89% 1349 2670 1069 96%
c t  0.12  5 16 0 2  2 1 3371 1887 2.3 25 11 4 13 89% 1339 2670 1069 96%
c f  0.12  5 16 0 2  2 1 3371 1887 2.3 25 11 4 13 89% 1335 2670 1073 96%
c u  0.12  4 16 0 2  2 1 3371 1869 2.3 25 11 4 13 89% 1341 2670 1073 96%
c v  0.12  4 16 0 2  2 1 3371 1817 2.3 25 11 4 13 89% 1341 2670 1073 96%
c w  0.13  4 16 0 2  2 1 3371 1771 2.3 25 11 4 13 89% 1341 2670 1073 96%
c x  0.13  4 16 0 2  2 1 3371 1771 2.3 25 11 4 13 89% 1341 2664 1073 96%
c -  0.15  4 16 0 3  2 1 3416 1386 2.3 25 11 4 13 89% 1341 2664 1073 96%
c I  0.17  4 16 0 3  3 1 4261 2023 2.1 24 11 4 13 88% 1341 2664 1073 96%
c -  0.18  5 16 0 4  3 1 5149 2308 2.2 24 11 4 13 88% 1343 2664 1073 96%
c -  0.22  5 16 0 5  5 1 7149 3318 2.2 24 11 5 13 89% 1347 2664 1073 96%
c B  0.24  5 16 0 5  5 1 8032 4070 2.2 24 11 5 13 88% 1348 2664 1073 96%
c -  0.27  5 16 0 6  6 1 9386 4014 2.1 24 11 5 13 88% 1348 2664 1073 96%
c u  0.29  5 16 0 6  6 1 10396 4767 2.1 24 12 5 13 88% 1352 2664 1073 96%
c v  0.30  5 16 0 6  6 1 10396 4674 2.1 24 12 5 13 88% 1352 2664 1073 96%
c w  0.30  6 16 0 6  6 1 10396 4661 2.1 24 12 5 13 88% 1352 2664 1073 96%
c t  0.30  6 16 0 6  6 1 10396 4661 2.1 24 12 5 13 88% 1351 2664 1073 96%
c o  0.30  6 16 0 6  6 1 10396 4661 2.1 24 12 5 13 88% 1351 2664 1073 96%
c -  0.33  6 16 0 7  6 1 11835 4502 2.0 23 12 5 13 88% 1355 2664 1073 96%
c
c seconds  switched rate        size/glue  tier1     binary       remaining
c        MB reductions conflicts      size   tier2     irredundant
c         level restarts   redundant     glue    trail       variables
c
c W  0.36  5 16 0 7  8 1 13562 5871 2.0 23 12 5 13 88% 1357 2664 1073 96%
c -  0.39  5 16 0 8  9 1 14480 4966 2.0 23 12 5 13 88% 1358 2664 1073 96%
c e  0.43  5 16 0 8 10 1 16852 6989 2.0 23 12 5 13 88% 399 3201 653 59%
c s  0.44  5 16 0 8 10 1 16852 6989 2.0 23 12 5 13 88% 402 3115 653 59%
c e  0.44  5 16 0 8 10 1 16852 6989 2.0 23 12 5 13 88% 381 3133 645 58%
c ^  0.44  5 16 0 8 10 1 16852 6989 2.0 23 12 5 13 88% 381 3133 645 58%
c -  0.44  5 16 0 9 10 1 17309 2002 2.0 23 12 4 13 88% 381 3133 645 58%
c -  0.49  5 16 0 10 12 1 20310 3668 1.9 23 12 4 13 88% 381 3133 645 58%
c O  0.50  5 16 0 10 13 1 21090 4200 1.9 22 12 4 13 87% 381 3133 645 58%
c o  0.50  5 16 0 10 13 1 21090 4200 1.9 22 12 4 13 87% 381 3133 645 58%
c u  0.51  5 16 0 10 13 1 21302 4124 1.9 22 12 4 13 87% 382 3133 645 58%
c v  0.51  5 16 0 10 13 1 21302 3947 1.9 22 12 4 13 87% 382 3133 645 58%
c w  0.51  5 16 0 10 13 1 21302 2786 1.9 22 12 4 13 87% 382 3133 645 58%
c x  0.52  5 16 0 10 13 1 21302 2786 1.9 22 12 4 13 87% 389 3008 645 58%
c t  0.52  5 16 0 10 13 1 21302 2786 1.9 22 12 4 13 87% 385 3008 645 58%
c f  0.52  5 16 0 10 13 1 21302 2786 1.9 22 12 4 13 87% 417 2939 663 60%
c u  0.53  5 16 0 10 13 1 21302 2780 1.9 22 12 4 13 87% 417 2939 663 60%
c v  0.53  5 16 0 10 13 1 21302 2720 1.9 22 12 4 13 87% 417 2939 663 60%
c w  0.54  5 16 0 10 13 1 21302 2649 1.9 22 12 4 13 87% 417 2939 663 60%
c x  0.54  5 16 0 10 13 1 21302 2649 1.9 22 12 4 13 87% 417 2936 663 60%
c
c seconds  switched  rate        size/glue  tier1    binary      remaining
c        MB  reductions conflicts      size   tier2    irredundant
c         level  restarts   redundant     glue    trail      variables
c
c -  0.59  6 16 0 11 13 1 23473 3442 2.0 23 12 4 12 87% 418 2936 663 60%
c -  0.66  6 16 0 12 14 1 26790 4218 2.0 23 12 4 12 87% 420 2936 663 60%
c -  0.74  6 16 0 13 14 1 30255 4619 1.9 23 12 3 12 87% 420 2936 663 60%
c B  0.76  6 16 0 13 14 1 30851 5051 1.9 23 12 3 12 87% 420 2936 663 60%
c -  0.82  6 16 0 14 15 1 33860 5484 1.9 22 12 3 12 87% 420 2936 663 60%
c e  0.83  6 16 0 14 16 1 34102 5639 1.9 22 12 3 12 87% 327 3087 586 53%
c s  0.83  6 16 0 14 16 1 34102 5639 1.9 22 12 3 12 87% 329 3064 586 53%
c e  0.83  6 16 0 14 16 1 34102 5639 1.9 22 12 3 12 87% 328 3066 585 53%
c ^  0.83  6 16 0 14 16 1 34102 5639 1.9 22 12 3 12 87% 328 3066 585 53%
c u  0.88  6 16 0 14 17 1 36774 4859 1.9 22 12 3 12 87% 328 3066 585 53%
c v  0.89  7 16 0 14 17 1 36774 4515 1.9 22 12 3 12 87% 328 3066 585 53%
c w  0.90  7 16 0 14 17 1 36774 3170 1.9 22 12 3 12 87% 328 3066 585 53%
c f  0.90  6 16 0 14 17 1 36774 3170 1.9 22 12 3 12 87% 339 3040 590 53%
c u  0.90  6 16 0 14 17 1 36774 3150 1.9 22 12 3 12 87% 339 3040 590 53%
c v  0.91  6 16 0 14 17 1 36774 2987 1.9 22 12 3 12 87% 339 3040 590 53%
c w  0.92  6 16 0 14 17 1 36774 2735 1.9 22 12 3 12 87% 339 3040 590 53%
c x  0.92  6 16 0 14 17 1 36774 2735 1.9 22 12 3 12 87% 342 3010 590 53%
c =  0.95  6 16 0 14 17 1 36774 2735 1.9 22 12 3 12 87% 344 3006 589 53%
c d  0.95  6 16 0 14 17 1 36774 2734 1.9 22 12 3 12 87% 341 3006 589 53%
c t  0.95  6 16 0 14 17 1 36774 2734 1.9 22 12 3 12 87% 340 3006 589 53%
c
c seconds  switched  rate        size/glue  tier1    binary      remaining
c        MB  reductions conflicts      size   tier2    irredundant
c         level  restarts   redundant     glue    trail      variables
c
c -  0.97  6 16 0 15 18 1 37601 2685 1.9 22 12 3 12 87% 340 3006 589 53%
c -  1.04  6 16 0 16 21 1 41473 4469 1.9 22 12 3 12 87% 340 3006 589 53%
c W  1.08  6 16 0 16 21 1 43074 5680 1.9 22 12 3 12 87% 341 3006 589 53%
c o  1.08  6 16 0 16 21 1 43074 5680 1.9 22 12 3 12 87% 341 3006 589 53%
c -  1.13  6 16 0 17 22 1 45474 5470 1.9 22 12 3 12 87% 341 3006 589 53%
c -  1.22  6 16 0 18 25 1 49597 6071 1.9 22 12 3 12 87% 341 3006 589 53%
c -  1.31  6 16 0 19 28 1 53840 6270 1.9 22 12 3 11 86% 341 3006 589 53%
c u  1.38  6 16 0 19 28 1 56704 8201 1.9 22 12 3 11 86% 341 3006 589 53%
c v  1.39  7 16 0 19 28 1 56704 7982 1.9 22 12 3 11 86% 341 3006 589 53%
c w  1.40  8 16 0 19 28 1 56704 7970 1.9 22 12 3 11 86% 341 3006 589 53%
c x  1.40  8 16 0 19 28 1 56704 7969 1.9 22 12 3 11 86% 341 3001 589 53%
c I  1.44  7 16 0 19 29 1 57978 8765 1.9 22 12 3 11 86% 341 3001 589 53%
c -  1.44  7 16 0 20 29 1 58198 6229 1.9 22 12 3 11 86% 342 3001 589 53%
c -  1.51  6 16 0 21 29 1 62671 6622 1.9 22 12 3 11 87% 342 3001 589 53%
c -  1.58  7 16 0 22 30 1 67254 6250 1.8 22 12 3 11 87% 342 3001 589 53%
c e  1.67  7 16 0 22 30 1 71715 10001 1.8 22 12 3 11 86% 230 3229 528 47%
c s  1.67  7 16 0 22 30 1 71715 10001 1.8 22 12 3 11 86% 230 3203 528 47%
c ^  1.67  7 16 0 22 30 1 71715 10001 1.8 22 12 3 11 86% 230 3203 528 47%
c -  1.67  6 16 0 23 30 1 71945 3824 1.8 22 12 3 11 86% 230 3203 528 47%
c B  1.75  7 16 0 23 30 1 75781 6997 1.8 22 12 3 11 87% 230 3203 528 47%
c
c seconds  switched  rate        size/glue  tier1    binary      remaining
c        MB  reductions conflicts      size   tier2    irredundant
c         level  restarts   redundant     glue    trail      variables
c
c o  1.75  7 16 0 23 30 1 75781 6997 1.8 22 12 3 11 87% 230 3203 528 47%
c -  1.77  6 16 0 24 30 1 76741 4979 1.8 22 12 3 11 87% 230 3203 528 47%
c u  1.86  7 16 0 24 30 1 81229 7696 1.8 22 12 3 11 87% 231 3203 528 47%
c v  1.88  7 16 0 24 30 1 81229 7166 1.8 22 12 3 11 87% 231 3203 528 47%
c w  1.88  7 16 0 24 30 1 81229 6338 1.8 22 12 3 11 87% 231 3203 528 47%
c =  1.93  7 16 0 24 30 1 81229 6338 1.8 22 12 3 11 87% 233 3201 527 47%
c d  1.93  7 16 0 24 30 1 81229 6338 1.8 22 12 3 11 87% 231 3201 527 47%
c t  1.93  7 16 0 24 30 1 81229 6338 1.8 22 12 3 11 87% 230 3201 527 47%
c f  1.94  6 16 0 24 30 1 81229 6338 1.8 22 12 3 11 87% 238 3159 532 48%
c u  1.94  6 16 0 24 30 1 81229 6290 1.8 22 12 3 11 87% 238 3159 532 48%
c v  1.95  7 16 0 24 30 1 81229 6050 1.8 22 12 3 11 87% 238 3159 532 48%
c w  1.95  7 16 0 24 30 1 81229 6038 1.8 22 12 3 11 87% 238 3159 532 48%
c x  1.96  7 16 0 24 30 1 81229 6037 1.8 22 12 3 11 87% 238 3138 532 48%
c -  2.02  6 16 0 25 30 1 81639 4548 1.8 22 12 3 11 87% 238 3138 532 48%
c -  2.12  6 16 0 26 34 1 86639 5349 1.8 22 12 3 11 87% 239 3138 532 48%
c -  2.23  7 16 0 27 37 1 91739 6111 1.8 22 12 3 11 87% 239 3138 532 48%
c W  2.35  6 16 0 27 39 1 96693 9381 1.8 22 12 3 11 87% 240 3138 532 48%
c -  2.36  6 16 0 28 40 1 96936 6711 1.8 22 12 3 11 87% 241 3138 532 48%
c -  2.50  6 16 0 29 43 1 102228 7170 1.8 22 12 3 11 87% 241 3138 532 48%
c -  2.63  7 16 0 30 45 1 107614 7695 1.8 22 12 2 11 87% 241 3138 532 48%
c
c seconds  switched  rate         size/glue  tier1    binary      remaining
c        MB  reductions conflicts       size   tier2    irredundant
c         level  restarts    redundant     glue    trail      variables
c
c u  2.71  6 16 0 30 45 1 110471 9908 1.9 22 12 2 11 87% 242 3138 532 48%
c v  2.72  7 16 0 30 45 1 110471 9585 1.9 22 12 2 11 87% 242 3138 532 48%
c w  2.73  8 16 0 30 45 1 110471 9569 1.9 22 12 2 11 87% 242 3138 532 48%
c x  2.73  8 16 0 30 45 1 110471 9569 1.9 22 12 2 11 87% 242 3135 532 48%
c t  2.73  8 16 0 30 45 1 110471 9569 1.9 22 12 2 11 87% 241 3135 532 48%
c -  2.79  7 16 0 31 45 1 113092 7134 1.9 22 12 2 10 87% 241 3135 532 48%
c -  2.93  7 16 0 32 48 1 118659 7245 1.9 23 12 2 10 87% 241 3135 532 48%
c O  2.96  7 16 0 32 50 1 120918 9114 1.9 23 12 2 10 87% 241 3135 532 48%
c o  2.96  7 16 0 32 50 1 120918 9114 1.9 23 12 2 10 87% 241 3135 532 48%
c -  3.04  7 16 0 33 52 1 124317 7523 1.9 23 12 2 10 87% 241 3135 532 48%
c -  3.17  7 16 0 34 55 1 130062 7274 1.9 22 12 2 10 87% 241 3135 532 48%
c e  3.22  7 16 0 34 56 1 132184 8631 1.9 22 12 2 10 87% 177 3347 486 44%
c s  3.22  7 16 0 34 56 1 132184 8631 1.9 22 12 2 10 87% 178 3283 486 44%
c e  3.22  7 16 0 34 56 1 132184 8631 1.9 22 12 2 10 87% 176 3292 484 44%
c ^  3.22  7 16 0 34 56 1 132184 8631 1.9 22 12 2 10 87% 176 3292 484 44%
c -  3.31  6 16 0 35 58 1 135892 5927 1.8 22 12 2 10 87% 176 3292 484 44%
c -  3.44  7 16 0 36 60 1 141810 7060 1.8 22 12 2 10 86% 176 3292 484 44%
c u  3.52  6 16 0 36 60 1 144645 7959 1.8 22 12 2 10 86% 177 3292 484 44%
c v  3.54  7 16 0 36 60 1 144645 7047 1.8 22 12 2 10 86% 177 3292 484 44%
c w  3.55  7 16 0 36 60 1 144645 5909 1.8 22 12 2 10 86% 177 3292 484 44%
c
c seconds  switched  rate         size/glue  tier1    binary      remaining
c        MB  reductions conflicts       size   tier2    irredundant
c         level  restarts    redundant     glue    trail      variables
c
c =  3.64  7 16 0 36 60 1 144645 5909 1.8 22 12 2 10 86% 179 3286 482 43%
c d  3.64  7 16 0 36 60 1 144645 5790 1.8 22 12 2 10 86% 177 3286 482 43%
c t  3.64  7 16 0 36 60 1 144645 5790 1.8 22 12 2 10 86% 175 3286 482 43%
c u  3.65  7 16 0 36 60 1 144645 5673 1.8 22 12 2 10 86% 175 3286 482 43%
c v  3.66  7 16 0 36 60 1 144645 5269 1.8 22 12 2 10 86% 175 3286 482 43%
c w  3.67  7 16 0 36 60 1 144645 5218 1.8 22 12 2 10 86% 175 3286 482 43%
c x  3.68  6 16 0 36 60 1 144645 5213 1.8 22 12 2 10 86% 178 3201 482 43%
c t  3.76  6 16 0 36 60 1 144645 5213 1.8 22 12 2 10 86% 176 3201 482 43%
c -  3.84  6 16 0 37 60 1 147811 5122 1.8 21 12 2 10 86% 176 3201 482 43%
c B  3.86  6 16 0 37 61 1 148658 5704 1.8 21 12 2 10 86% 176 3200 482 43%
c -  3.97  7 15 0 38 61 1 153894 6588 1.8 21 12 2 10 86% 176 3200 482 43%
c -  4.11  7 15 0 39 61 1 160059 8085 1.8 21 12 2 10 86% 176 3200 482 43%
c -  4.25  7 15 0 40 62 1 166303 8629 1.8 21 12 2 10 86% 176 3200 482 43%
c -  4.40  7 15 0 41 62 1 172627 8063 1.8 21 12 2 9 86% 176 3200 482 43%
c -  4.54  7 15 0 42 62 1 179031 8867 1.8 21 12 2 9 86% 176 3200 482 43%
c W  4.56  6 15 0 42 62 1 180109 9562 1.8 21 12 2 9 86% 176 3200 482 43%
c o  4.56  6 15 0 42 62 1 180109 9562 1.8 21 12 2 9 86% 176 3200 482 43%
c u  4.66  8 15 0 42 62 1 183852 11470 1.8 21 12 2 9 86% 176 3200 482 43%
c v  4.68  8 15 0 42 62 1 183852 11086 1.8 21 12 2 9 86% 176 3200 482 43%
c w  4.69  9 15 0 42 62 1 183852 10083 1.8 21 12 2 9 86% 176 3200 482 43%
c
c seconds  switched  rate          size/glue  tier1   binary      remaining
c        MB  reductions conflicts        size   tier2   irredundant
c         level  restarts     redundant     glue   trail      variables
c
c x  4.70  9 15 0 42 62 1 183852 10082 1.8 21 12 2 9 86% 176 3195 482 43%
c -  4.74  8 15 0 43 62 1 185512 7566 1.8 21 12 2 9 86% 176 3195 482 43%
c -  4.88  8 15 0 44 62 1 192070 7373 1.8 21 12 2 9 86% 176 3195 482 43%
c -  5.02  8 15 0 45 64 1 198704 7143 1.8 21 12 2 9 87% 176 3194 482 43%
c -  5.17  8 15 0 46 68 1 205413 7530 1.8 21 12 2 9 87% 176 3194 482 43%
c -  5.32  8 15 0 47 72 1 212196 7986 1.8 21 12 2 9 87% 177 3194 482 43%
c I  5.40  8 15 0 47 74 1 215461 10339 1.8 21 12 2 9 87% 177 3194 482 43%
c e  5.44  8 15 0 47 75 1 217964 12148 1.8 21 12 2 9 87% 116 3696 411 37%
c s  5.44  8 15 0 47 75 1 217964 12148 1.8 21 12 2 9 87% 117 3561 411 37%
c e  5.44  8 15 0 47 75 1 217964 12148 1.8 21 12 2 9 87% 112 3586 407 37%
c ^  5.44  8 15 0 47 75 1 217964 12148 1.8 21 12 2 9 87% 112 3586 407 37%
c -  5.46  7 15 0 48 76 1 219051 4150 1.8 21 12 2 9 87% 112 3586 407 37%
c -  5.59  7 15 0 49 77 1 225979 5208 1.8 21 12 2 9 87% 112 3586 407 37%
c u  5.63  8 15 0 49 77 1 228246 6271 1.8 21 12 2 9 87% 112 3586 407 37%
c v  5.65  8 15 0 49 77 1 228246 5578 1.8 21 12 2 9 87% 112 3586 407 37%
c w  5.67  8 15 0 49 77 1 228246 4380 1.8 21 12 2 9 87% 112 3586 407 37%
c -  5.83  7 15 0 50 80 1 232979 4989 1.8 21 12 2 9 87% 112 3586 407 37%
c -  5.97  8 15 0 51 84 1 240050 6320 1.7 21 12 2 9 87% 112 3586 407 37%
c -  6.12  7 15 0 52 88 1 247192 7631 1.7 20 12 2 9 87% 112 3586 407 37%
c -  6.27  8 15 0 53 91 1 254404 8447 1.7 20 12 2 9 87% 112 3586 407 37%
c
c seconds  switched  rate         size/glue  tier1   binary      remaining
c        MB  reductions conflicts       size   tier2   irredundant
c         level  restarts    redundant     glue   trail      variables
c
c B  6.28  8 15 0 53 91 1 254902 8877 1.7 20 12 2 9 87% 112 3586 407 37%
c o  6.28  8 15 0 53 91 1 254902 8877 1.7 20 12 2 9 87% 112 3586 407 37%
c -  6.43  8 15 0 54 92 1 261684 8345 1.7 20 12 2 9 87% 112 3586 407 37%
c -  6.58  8 15 0 55 93 1 269032 8106 1.7 20 12 2 9 87% 112 3586 407 37%
c -  6.73  8 15 0 56 93 1 276449 8411 1.7 20 12 2 9 87% 112 3586 407 37%
c u  6.75  7 15 0 56 93 1 277205 8416 1.7 20 12 2 9 87% 112 3586 407 37%
c v  6.78  8 15 0 56 93 1 277205 7603 1.7 20 12 2 9 87% 112 3586 407 37%
c w  6.79  8 15 0 56 93 1 277205 6937 1.7 20 12 2 9 87% 112 3586 407 37%
c x  6.79  8 15 0 56 93 1 277205 6932 1.7 20 12 2 9 87% 112 3462 407 37%
c -  6.94  8 15 0 57 96 1 283933 7450 1.7 20 12 2 9 87% 112 3462 407 37%
c -  7.10  8 15 0 58 100 1 291484 7993 1.7 20 12 2 9 87% 112 3462 407 37%
c W  7.26  7 15 0 58 106 1 298615 12693 1.7 20 12 2 9 88% 112 3462 407 37%
c -  7.27  7 15 0 59 106 1 299102 8433 1.7 20 12 2 9 88% 112 3462 407 37%
c -  7.40  8 15 0 60 108 1 306784 9800 1.7 20 12 2 9 87% 112 3462 407 37%
c -  7.56  8 15 0 61 110 1 314530 11082 1.7 20 12 2 9 87% 112 3462 407 37%
c -  7.75  8 15 0 62 115 1 322340 10833 1.7 20 12 2 9 87% 112 3462 407 37%
c o  7.83  8 15 0 62 117 1 326193 13445 1.8 20 12 2 9 87% 112 3462 407 37%
c -  7.95  8 15 0 63 119 1 330215 10732 1.7 20 12 2 9 87% 112 3462 407 37%
c s  7.95  8 15 0 63 119 1 330320 10786 1.7 20 12 2 9 87% 112 3457 407 37%
c e  7.96  8 15 0 63 119 1 330320 10786 1.7 20 12 2 9 87%  72 4177 352 32%
c
c seconds  switched   rate          size/glue  tier1   binary      remaining
c        MB  reductions conflicts         size   tier2   irredundant
c         level  restarts      redundant     glue   trail      variables
c
c s  7.96  8 15 0 63 119 1 330320 10786 1.7 20 12 2 9 87%  72 4008 352 32%
c e  7.96  8 15 0 63 119 1 330320 10786 1.7 20 12 2 9 87%  71 4045 349 31%
c !  7.96  8 15 0 63 119 1 330320 10786 1.7 20 12 2 9 87%  71 4045 349 31%
c u  8.00  8 15 0 63 121 1 331772 5867 1.7 20 12 2 9 87%  71 4045 349 31%
c v  8.02  8 15 0 63 121 1 331772 5159 1.7 20 12 2 9 87%  71 4045 349 31%
c w  8.04  8 15 0 63 121 1 331772 4306 1.7 20 12 2 9 87%  71 4045 349 31%
c x  8.04  8 15 0 63 121 1 331772 4302 1.7 20 12 2 9 87%  72 3880 349 31%
c f  8.05  8 15 0 63 121 1 331772 4302 1.7 20 12 2 9 87%  72 3852 350 31%
c u  8.05  8 15 0 63 121 1 331772 4227 1.7 20 12 2 9 87%  72 3852 350 31%
c v  8.07  8 15 0 63 121 1 331772 3941 1.7 20 12 2 9 87%  72 3852 350 31%
c w  8.08  8 15 0 63 121 1 331772 3697 1.7 20 12 2 9 87%  72 3852 350 31%
c x  8.09  8 15 0 63 121 1 331772 3696 1.7 20 12 2 9 87%  72 3840 350 31%
c -  8.33  7 15 0 64 123 1 338153 5063 1.7 20 12 2 9 87%  72 3840 350 31%
c -  8.48  7 15 0 65 124 1 346154 6428 1.7 20 12 2 9 87%  72 3840 350 31%
c O  8.50  7 15 0 65 124 1 346777 6776 1.7 20 12 2 9 87%  72 3840 350 31%
c -  8.65  8 15 0 66 124 1 354216 7201 1.7 20 12 2 9 87%  72 3840 350 31%
c -  8.80  8 15 0 67 125 1 362341 7645 1.7 20 12 2 9 87%  72 3840 350 31%
c -  8.98  8 14 0 68 125 1 370526 8295 1.7 20 12 2 9 87%  73 3840 350 31%
c -  9.18  8 14 0 69 125 1 378773 8664 1.7 20 11 2 9 87%  73 3840 350 31%
c -  9.37  8 14 0 70 125 1 387080 9418 1.7 19 11 2 9 87%  73 3840 350 31%
c
c seconds  switched   rate          size/glue  tier1   binary      remaining
c        MB  reductions conflicts         size   tier2   irredundant
c         level  restarts      redundant     glue   trail      variables
c
c u  9.46  8 14 0 70 125 1 390933 10762 1.7 19 11 2 9 87%  73 3840 350 31%
c v  9.50  8 14 0 70 125 1 390933 9847 1.7 19 11 2 9 87%  73 3840 350 31%
c w  9.51  9 14 0 70 125 1 390933 7623 1.7 19 11 2 9 87%  73 3840 350 31%
c -  9.62  8 14 0 71 126 1 395447 7168 1.7 19 11 2 9 87%  73 3840 350 31%
c B  9.69  8 14 0 71 126 1 399565 9761 1.7 19 11 2 9 87%  73 3840 350 31%
c -  9.80  8 14 0 72 126 1 403873 8384 1.7 19 11 2 9 87%  73 3840 350 31%
c -  9.98  8 14 0 73 126 1 412360 8745 1.7 19 11 2 9 87%  73 3840 350 31%
c - 10.19  8 14 0 74 126 1 420904 8932 1.7 20 11 2 9 87%  73 3840 350 31%
c - 10.37  8 14 0 75 126 1 429506 8919 1.7 20 11 2 8 87%  73 3840 350 31%
c - 10.55  8 14 0 76 126 1 438167 9561 1.7 20 11 2 8 88%  73 3840 350 31%
c - 10.74  8 14 0 77 126 1 446884 10120 1.8 20 11 2 8 88%  73 3840 350 31%
c u 10.95  9 14 0 77 126 1 455550 15289 1.8 20 11 2 8 88%  73 3840 350 31%
c v 10.97  9 14 0 77 126 1 455550 14898 1.8 20 11 2 8 88%  73 3840 350 31%
c w 10.99  9 14 0 77 126 1 455550 13995 1.8 20 11 2 8 88%  73 3840 350 31%
c x 11.00  9 14 0 77 126 1 455550 13991 1.8 20 11 2 8 88%  73 3835 350 31%
c o 11.00  9 14 0 77 126 1 455550 13991 1.8 20 11 2 8 88%  73 3835 350 31%
c - 11.01  8 14 0 78 126 1 455659 9744 1.8 20 11 2 8 88%  73 3835 350 31%
c W 11.04  7 14 0 78 126 1 457150 10699 1.8 20 11 2 8 88%  73 3835 350 31%
c - 11.22  7 14 0 79 129 1 464490 9630 1.8 20 11 2 8 88%  73 3835 350 31%
c e 11.34  7 14 0 79 133 1 469831 12781 1.7 20 11 2 8 88%  65 3950 342 31%
c
c seconds  switched   rate          size/glue  tier1   binary      remaining
c        MB  reductions conflicts         size   tier2   irredundant
c         level  restarts      redundant     glue   trail      variables
c
c s 11.34  7 14 0 79 133 1 469831 12781 1.7 20 11 2 8 88%  65 3902 342 31%
c - 11.42  7 14 0 80 134 1 473379 8796 1.8 20 11 2 8 88%  65 3902 342 31%
c - 11.62  7 14 0 81 140 1 482323 9671 1.8 20 11 2 8 88%  65 3902 342 31%
c - 11.86  7 14 0 82 141 1 491323 10128 1.8 20 11 2 8 88%  65 3902 342 31%
c - 12.08  7 14 0 83 147 1 500379 10468 1.8 20 11 2 8 88%  65 3902 342 31%
c - 12.27  8 14 0 84 151 1 509491 11538 1.8 20 11 2 8 88%  65 3902 342 31%
c - 12.47  8 14 0 85 156 1 518657 11688 1.8 20 11 2 8 88%  65 3902 342 31%
c I 12.49  8 14 0 85 156 1 519700 12431 1.8 20 11 2 8 88%  65 3902 342 31%
c u 12.60  8 14 0 85 156 1 525739 15919 1.8 20 11 2 8 88%  65 3902 342 31%
c v 12.65  8 14 0 85 156 1 525739 14924 1.8 20 11 2 8 88%  65 3902 342 31%
c w 12.68  9 14 0 85 156 1 525739 13707 1.8 20 11 2 8 88%  65 3902 342 31%
c - 12.71  9 14 0 86 157 1 527877 8916 1.8 20 11 2 8 88%  65 3902 342 31%
c - 12.89  9 14 0 87 157 1 537152 8612 1.8 20 11 2 8 88%  65 3902 342 31%
c - 13.06  9 14 0 88 160 1 546480 9434 1.8 20 11 2 8 88%  65 3902 342 31%
c - 13.25  9 14 0 89 165 1 555861 10170 1.8 19 11 2 8 88%  65 3902 342 31%
c - 13.45  9 14 0 90 171 1 565294 10547 1.7 19 11 2 8 88%  65 3902 342 31%
c - 13.67  9 14 0 91 172 1 574780 11005 1.7 19 11 2 8 88%  65 3902 342 31%
c - 13.90  9 14 0 92 178 1 584320 12015 1.7 19 11 2 8 88%  65 3902 342 31%
c B 13.96  9 14 0 92 179 1 587384 14022 1.7 19 11 2 8 88%  65 3902 342 31%
c o 13.96  9 14 0 92 179 1 587384 14022 1.7 19 11 2 8 88%  65 3902 342 31%
c
c seconds  switched   rate          size/glue  tier1   binary      remaining
c        MB  reductions conflicts         size   tier2   irredundant
c         level  restarts      redundant     glue   trail      variables
c
c - 14.14  9 14 0 93 184 1 593913 12152 1.7 19 11 2 8 88%  65 3902 342 31%
c u 14.36  9 14 0 93 187 1 601375 16558 1.7 19 11 2 8 88%  65 3902 342 31%
c v 14.41  9 14 0 93 187 1 601375 15714 1.7 19 11 2 8 88%  65 3902 342 31%
c w 14.43  9 14 0 93 187 1 601375 14614 1.7 19 11 2 8 88%  65 3902 342 31%
c = 14.61 15 14 0 93 187 1 601375 14614 1.7 19 11 2 8 88%  65 3902 341 31%
c u 14.63 15 14 0 93 187 1 601375 14312 1.7 19 11 2 8 88%  65 3893 341 31%
c v 14.66 15 14 0 93 187 1 601375 13472 1.7 19 11 2 8 88%  65 3893 341 31%
c w 14.68 15 14 0 93 187 1 601375 13278 1.7 19 11 2 8 88%  65 3893 341 31%
c x 14.69 15 14 0 93 187 1 601375 13277 1.7 19 11 2 8 88%  65 3863 341 31%
c - 14.73  7 14 0 94 187 1 603557 9413 1.7 19 11 2 8 88%  64 3863 341 31%
c - 14.96  8 14 0 95 188 1 613252 9501 1.7 19 11 2 8 88%  64 3863 341 31%
c - 15.18  8 14 0 96 188 1 622998 10530 1.7 19 11 2 8 88%  64 3863 341 31%
c - 15.40  8 14 0 97 189 1 632795 11354 1.7 19 11 2 8 88%  64 3863 341 31%
c s 15.59  8 14 0 97 189 1 641462 17486 1.8 19 11 2 8 88%  64 3862 341 31%
c s 15.59  8 14 0 97 189 1 641462 17486 1.8 19 11 2 8 88%  64 3861 341 31%
c - 15.63  8 14 0 98 189 1 642643 11934 1.8 19 11 2 8 88%  64 3861 341 31%
c - 15.87  8 14 0 99 189 1 652542 12660 1.8 19 11 2 8 87%  64 3861 341 31%
c W 16.07  8 14 0 99 191 1 660360 17668 1.8 19 11 2 8 87%  64 3861 341 31%
c - 16.12  8 14 0 100 192 1 662493 13295 1.8 19 11 2 8 87%  64 3861 341 31%
c - 16.34  8 14 0 101 198 1 672494 13726 1.8 19 11 2 8 87%  64 3861 341 31%
c
c seconds  switched    rate          size/glue  tier1   binary      remaining
c        MB  reductions  conflicts         size   tier2   irredundant
c         level   restarts      redundant     glue   trail      variables
c
c - 16.57  8 14 0 102 203 1 682543 13793 1.8 20 11 2 8 87%  64 3861 341 31%
c u 16.60  8 14 0 102 203 1 682857 13152 1.8 20 11 2 8 87%  64 3861 341 31%
c v 16.66  8 14 0 102 203 1 682857 11849 1.8 20 11 2 8 87%  64 3861 341 31%
c w 16.68  8 14 0 102 203 1 682857 11082 1.8 20 11 2 8 87%  64 3861 341 31%
c - 17.08 10 14 0 103 206 1 692642 11607 1.8 20 11 2 8 87%  64 3861 341 31%
c - 17.28 11 13 0 104 211 1 702790 13089 1.8 20 11 2 8 87%  64 3861 341 31%
c - 17.50 11 13 0 105 218 1 712989 14419 1.8 20 11 2 8 87%  64 3861 341 31%
c - 17.71 11 13 0 106 219 1 723236 14043 1.8 19 11 2 8 87%  64 3861 341 31%
c - 17.92 11 13 0 107 220 1 733531 13231 1.8 19 11 2 8 87%  64 3861 341 31%
c O 18.03 11 13 0 107 220 1 738789 16806 1.8 19 11 2 8 87%  64 3861 341 31%
c o 18.03 11 13 0 107 220 1 738789 16806 1.8 19 11 2 8 87%  64 3861 341 31%
c - 18.15 11 13 0 108 223 1 743875 13528 1.8 19 11 2 8 87%  64 3861 341 31%
c - 18.41 11 13 0 109 229 1 754268 13084 1.8 19 11 2 8 87%  64 3861 341 31%
c - 18.71 11 13 0 110 234 1 764709 13320 1.8 19 11 2 8 87%  64 3861 341 31%
c u 18.89 11 13 0 110 235 1 770142 15162 1.7 18 11 2 8 87%  64 3861 341 31%
c v 18.93 12 13 0 110 235 1 770142 14462 1.7 18 11 2 8 87%  64 3861 341 31%
c w 18.94 12 13 0 110 235 1 770142 12856 1.7 18 11 2 8 87%  64 3861 341 31%
c x 18.95 12 13 0 110 235 1 770142 12855 1.7 18 11 2 8 87%  64 3857 341 31%
c - 19.12 12 13 0 111 237 1 775198 11298 1.7 18 11 2 8 87%  64 3857 341 31%
c - 19.42 12 13 0 112 242 1 785733 10501 1.7 18 11 2 8 88%  64 3857 341 31%
c
c seconds  switched    rate          size/glue  tier1   binary      remaining
c        MB  reductions  conflicts         size   tier2   irredundant
c         level   restarts      redundant     glue   trail      variables
c
c - 19.67 12 13 0 113 249 1 796316 10677 1.7 18 11 2 8 88%  64 3857 341 31%
c - 19.96 12 13 0 114 251 1 806947 10590 1.7 18 11 2 8 88%  64 3857 341 31%
c - 20.23 12 13 0 115 251 1 817625 11419 1.7 18 11 2 8 88%  64 3857 341 31%
c B 20.39 12 13 0 115 251 1 822827 14109 1.7 18 11 2 8 88%  64 3857 341 31%
c - 20.50 12 13 0 116 252 1 828348 11562 1.7 18 11 2 7 88%  64 3857 341 31%
c - 20.75 12 13 0 117 252 1 839119 12061 1.7 18 11 2 7 88%  64 3857 341 31%
c - 21.04 12 13 0 118 252 1 849935 12095 1.7 18 11 2 7 88%  64 3857 341 31%
c - 21.35 12 13 0 119 253 1 860799 12611 1.6 18 11 2 7 88%  64 3857 341 31%
c u 21.43 12 13 0 119 253 1 863305 13612 1.7 18 11 2 7 88%  64 3857 341 31%
c v 21.51 12 13 0 119 253 1 863305 11730 1.7 18 11 2 7 88%  64 3857 341 31%
c w 21.54 12 13 0 119 253 1 863305 11341 1.7 18 11 2 7 88%  64 3857 341 31%
c o 21.54 12 13 0 119 253 1 863305 11341 1.7 18 11 2 7 88%  64 3857 341 31%
c - 21.73 12 13 0 120 253 1 871708 10276 1.6 18 11 2 7 89%  64 3857 341 31%
c - 21.99 12 13 0 121 253 1 882662 11339 1.6 18 11 2 7 89%  64 3857 341 31%
c - 22.24 12 13 0 122 253 1 893662 11774 1.6 18 11 2 7 89%  64 3857 341 31%
c - 22.52 12 13 0 123 253 1 904707 12171 1.7 18 11 2 7 89%  64 3857 341 31%
c W 22.69  7 13 0 123 253 1 912627 17440 1.7 18 10 2 7 89%  64 3857 341 31%
c - 22.76  8 13 0 124 253 1 915797 13362 1.7 18 10 2 7 89%  64 3857 341 31%
c - 23.02  8 13 0 125 254 1 926932 13803 1.7 18 10 2 7 89%  64 3857 341 31%
c - 23.27  8 13 0 126 254 1 938114 13446 1.7 17 10 2 7 89%  64 3857 341 31%
c
c seconds  switched    rate          size/glue  tier1   binary      remaining
c        MB  reductions  conflicts         size   tier2   irredundant
c         level   restarts      redundant     glue   trail      variables
c
c - 23.52  8 12 0 127 254 1 949338 14187 1.7 17 10 2 7 89%  64 3857 341 31%
c - 23.76  8 13 0 128 254 1 960608 14296 1.7 17 10 2 7 89%  64 3857 341 31%
c u 23.83  8 13 0 128 254 1 962398 14709 1.7 17 10 2 7 89%  64 3857 341 31%
c v 23.91  8 13 0 128 254 1 962398 12395 1.7 17 10 2 7 89%  64 3857 341 31%
c w 23.93  8 13 0 128 254 1 962398 11315 1.7 17 10 2 7 89%  64 3857 341 31%
c - 24.40 11 13 0 129 254 1 971921 10427 1.7 18 10 2 7 89%  64 3857 341 31%
c - 24.64 12 13 0 130 254 1 983279 11190 1.7 18 10 2 7 89%  64 3857 341 31%
c - 24.89 12 13 0 131 254 1 994681 12171 1.7 18 10 2 7 89%  64 3857 341 31%
c - 25.14 12 13 0 132 254 1 1006126 12786 1.7 18 10 2 7 89%  64 3857 341 31%
c I 25.20 12 13 0 132 254 1 1008341 14197 1.7 18 10 2 7 89%  64 3857 341 31%
c o 25.20 12 13 0 132 254 1 1008341 14197 1.7 18 10 2 7 89%  64 3857 341 31%
c - 25.36 12 13 0 133 254 1 1017615 12643 1.7 18 10 2 7 89%  64 3857 341 31%
c - 25.58 12 13 0 134 254 1 1029147 12039 1.7 18 11 2 7 89%  64 3857 341 31%
c - 25.81 12 13 0 135 254 1 1040723 12011 1.7 18 11 2 7 89%  64 3857 341 31%
c - 26.03 12 13 0 136 254 1 1052341 12702 1.7 18 11 2 7 89%  64 3857 341 31%
c - 26.26 12 13 0 137 261 1 1064002 13013 1.7 18 11 2 7 89%  64 3857 341 31%
c u 26.36 12 13 0 137 264 1 1067492 14485 1.7 18 11 2 7 89%  64 3857 341 31%
c v 26.40 12 13 0 137 264 1 1067492 13651 1.7 18 11 2 7 89%  64 3857 341 31%
c w 26.41 12 13 0 137 264 1 1067492 12342 1.7 18 11 2 7 89%  64 3857 341 31%
c x 26.42 12 13 0 137 264 1 1067492 12340 1.7 18 11 2 7 89%  64 3856 341 31%
c
c seconds  switched    rate           size/glue  tier1   binary      remaining
c        MB  reductions   conflicts         size   tier2   irredundant
c         level   restarts       redundant     glue   trail      variables
c
c - 26.60 12 13 0 138 268 1 1075707 11481 1.7 18 11 2 7 89%  64 3856 341 31%
c s 26.86 12 13 0 138 271 1 1086937 18044 1.7 17 11 2 7 89%  64 3855 341 31%
c - 26.87 12 13 0 139 271 1 1087456 12632 1.7 17 11 2 7 89%  64 3855 341 31%
c - 27.14 12 13 0 140 278 1 1099246 13237 1.7 17 11 2 7 89%  64 3855 341 31%
c B 27.38 12 13 0 140 283 1 1110120 20158 1.7 17 10 2 7 89%  64 3855 341 31%
c - 27.41 12 13 0 141 284 1 1111080 13629 1.7 17 11 2 7 89%  64 3855 341 31%
c - 27.69 12 13 0 142 285 1 1122954 14159 1.7 18 11 2 7 89%  64 3855 341 31%
c - 28.04 11 13 0 143 285 1 1134871 13266 1.7 18 11 2 7 89%  64 3855 341 31%
c - 28.40 12 13 0 144 292 1 1146829 13579 1.7 18 11 2 7 89%  64 3855 341 31%
c - 28.74 12 13 0 145 299 1 1158829 14063 1.7 18 11 2 7 89%  64 3855 341 31%
c - 29.03 12 13 0 146 303 1 1170870 14298 1.7 17 11 2 7 89%  64 3855 341 31%
c u 29.25  8 13 0 146 307 1 1178658 17880 1.7 17 11 2 7 89%  64 3855 341 31%
c v 29.34  9 13 0 146 307 1 1178658 16576 1.7 17 11 2 7 89%  64 3855 341 31%
c w 29.38  9 13 0 146 307 1 1178658 13803 1.7 17 11 2 7 89%  64 3855 341 31%
c o 29.38  9 13 0 146 307 1 1178658 13803 1.7 17 11 2 7 89%  64 3855 341 31%
c - 29.49  9 13 0 147 310 1 1182953 11994 1.7 17 10 2 7 89%  64 3855 341 31%
c - 29.82  9 13 0 148 315 1 1195077 12981 1.7 18 11 2 7 89%  64 3855 341 31%
c - 30.14  9 13 0 149 316 1 1207245 12757 1.7 18 10 2 7 89%  64 3855 341 31%
c W 30.41  9 13 0 149 317 1 1218108 19451 1.7 17 10 2 7 88%  64 3855 341 31%
c - 30.45  9 13 0 150 317 1 1219452 13861 1.7 17 10 2 7 88%  64 3855 341 31%
c
c seconds  switched    rate           size/glue  tier1   binary      remaining
c        MB  reductions   conflicts         size   tier2   irredundant
c         level   restarts       redundant     glue   trail      variables
c
c - 30.78  9 13 0 151 317 1 1231699 14424 1.7 18 10 2 7 88%  64 3855 341 31%
c - 31.14  8 13 0 152 317 1 1243987 13743 1.7 17 10 2 7 89%  64 3855 341 31%
c - 31.45  9 13 0 153 323 1 1256315 14173 1.7 17 10 2 7 89%  64 3855 341 31%
c - 31.74  9 13 0 154 330 1 1268684 14377 1.7 17 11 2 7 88%  64 3855 341 31%
c - 32.03  9 13 0 155 332 1 1281094 14746 1.7 17 10 2 7 88%  64 3855 341 31%
c - 32.33  9 13 0 156 339 1 1293543 15620 1.7 17 10 2 7 88%  64 3855 341 31%
c u 32.44  9 13 0 156 340 1 1295960 15912 1.7 17 10 2 7 88%  64 3855 341 31%
c v 32.54  9 13 0 156 340 1 1295960 13556 1.7 17 10 2 7 88%  64 3855 341 31%
c w 32.58  9 13 0 156 340 1 1295960 12288 1.7 17 10 2 7 88%  64 3855 341 31%
c - 32.79  8 13 0 157 346 1 1306034 12710 1.7 18 10 2 7 88%  64 3855 341 31%
c - 33.09  9 13 0 158 348 1 1318563 14446 1.7 18 10 2 7 88%  64 3855 341 31%
c - 33.39  9 13 0 159 348 1 1331132 15900 1.8 18 10 2 7 88%  64 3855 341 31%
c O 33.42  9 13 0 159 349 1 1332448 16947 1.8 18 10 2 7 88%  64 3855 341 31%
c o 33.42  9 13 0 159 349 1 1332448 16947 1.8 18 10 2 7 88%  64 3855 341 31%
c - 33.73  9 13 0 160 355 1 1343742 16297 1.8 18 10 2 7 88%  64 3855 341 31%
c - 34.09  9 13 0 161 362 1 1356392 14828 1.8 18 10 2 7 88%  64 3855 341 31%
c - 34.46  8 13 0 162 366 1 1369081 14232 1.8 18 10 2 7 89%  64 3855 341 31%
c - 34.82  9 13 0 163 374 1 1381808 14825 1.7 18 10 2 7 89%  64 3855 341 31%
c - 35.18  9 13 0 164 378 1 1394578 15581 1.7 18 10 2 7 89%  64 3855 341 31%
c - 35.54  9 13 0 165 379 1 1407384 15639 1.7 18 10 2 7 89%  64 3855 341 31%
c
c seconds  switched    rate           size/glue  tier1   binary      remaining
c        MB  reductions   conflicts         size   tier2   irredundant
c         level   restarts       redundant     glue   trail      variables
c
c u 35.93  9 13 0 165 380 1 1419464 21756 1.7 18 10 2 7 89%  64 3855 341 31%
c v 36.02  9 13 0 165 380 1 1419464 20361 1.7 18 10 2 7 89%  64 3855 341 31%
c w 36.06 10 13 0 165 380 1 1419464 16380 1.7 18 10 2 7 89%  64 3855 341 31%
c - 36.40 13 13 0 166 380 1 1420230 12550 1.7 18 10 2 7 89%  64 3855 341 31%
c - 36.72 13 12 0 167 380 1 1433114 13995 1.7 17 10 2 7 89%  64 3855 341 31%
c - 37.01 13 12 0 168 380 1 1446036 15240 1.7 17 10 2 7 89%  64 3855 341 31%
c B 37.17 13 12 0 168 381 1 1453281 20030 1.7 17 10 2 7 89%  64 3855 341 31%
c - 37.35 14 12 0 169 381 1 1458998 16296 1.7 17 10 2 7 89%  64 3855 341 31%
c - 37.71 14 13 0 170 381 1 1471999 15511 1.7 17 10 2 7 89%  64 3855 341 31%
c - 38.06 13 13 0 171 381 1 1485038 14315 1.7 17 10 2 7 89%  64 3855 341 31%
c - 38.41 13 13 0 172 381 1 1498114 14406 1.7 17 10 2 7 89%  64 3855 341 31%
c - 38.75 14 13 0 173 381 1 1511228 14634 1.7 17 10 2 7 89%  64 3855 341 31%
c - 39.04 14 13 0 174 388 1 1524381 15015 1.7 17 10 2 7 89%  64 3855 341 31%
c - 39.36 14 12 0 175 396 1 1537573 16608 1.7 17 10 2 7 88%  64 3855 341 31%
c u 39.71 14 12 0 175 399 1 1549204 23303 1.7 17 10 2 7 88%  64 3855 341 31%
c v 39.77 14 12 0 175 399 1 1549204 21893 1.7 17 10 2 7 88%  64 3855 341 31%
c w 39.80 14 12 0 175 399 1 1549204 19216 1.7 17 10 2 7 88%  64 3855 341 31%
c x 39.82 14 12 0 175 399 1 1549204 19214 1.7 17 10 2 7 88%  64 3849 341 31%
c o 39.82 14 12 0 175 399 1 1549204 19214 1.7 17 10 2 7 88%  64 3849 341 31%
c s 39.82 14 12 0 175 399 1 1549204 19214 1.7 17 10 2 7 88%  64 3847 341 31%
c
c seconds  switched    rate           size/glue  tier1   binary      remaining
c        MB  reductions   conflicts         size   tier2   irredundant
c         level   restarts       redundant     glue   trail      variables
c
c e 39.82 14 12 0 175 399 1 1549204 19214 1.7 17 10 2 7 88%  62 3862 340 31%
c s 39.82 14 12 0 175 399 1 1549204 19214 1.7 17 10 2 7 88%  62 3860 340 31%
c - 39.86 13 12 0 176 400 1 1550801 15029 1.7 17 10 2 7 88%  62 3860 340 31%
c - 40.20 14 12 0 177 408 1 1564067 16336 1.7 17 10 2 7 88%  62 3860 340 31%
c - 40.55 14 12 0 178 411 1 1577372 17556 1.7 17 10 2 7 88%  62 3860 340 31%
c W 40.63 14 12 0 178 412 1 1580750 19637 1.7 17 10 2 7 88%  62 3860 340 31%
c - 40.92 14 12 0 179 412 1 1590714 18402 1.7 17 10 2 7 89%  62 3860 340 31%
c - 41.24 14 12 0 180 419 1 1604094 18722 1.7 17 10 2 7 89%  62 3860 340 31%
c - 41.59 14 12 0 181 426 1 1617510 18707 1.7 17 10 2 7 89%  62 3860 340 31%
c - 41.95 14 12 0 182 430 1 1630963 18327 1.7 17 10 2 7 89%  62 3860 340 31%
c - 42.31 14 12 0 183 438 1 1644453 18897 1.7 17 10 2 7 89%  62 3860 340 31%
c - 42.65 14 12 0 184 442 1 1657981 20152 1.7 16 10 2 7 89%  62 3860 340 31%
c - 42.97 14 12 0 185 443 1 1671546 20903 1.7 16 9 2 7 88%  63 3860 340 31%
c - 43.36 14 12 0 186 444 1 1685148 20925 1.7 16 9 2 7 88%  63 3860 340 31%
c u 43.43 14 12 0 186 444 1 1685282 19302 1.7 16 9 2 7 88%  64 3860 340 31%
c v 43.54 14 12 0 186 444 1 1685282 15515 1.7 16 9 2 7 88%  64 3860 340 31%
c w 43.57 14 12 0 186 444 1 1685282 14023 1.7 16 9 2 7 88%  64 3860 340 31%
c t 43.58 14 12 0 186 444 1 1685282 14023 1.7 16 9 2 7 88%  63 3860 340 31%
c - 43.95 14 11 0 187 444 1 1698786 16156 1.7 16 9 2 7 88%  63 3860 340 31%
c - 44.33 14 11 0 188 447 1 1712461 19105 1.7 16 9 2 7 88%  64 3860 340 31%
c
c seconds  switched    rate           size/glue tier1   binary      remaining
c        MB  reductions   conflicts         size  tier2   irredundant
c         level   restarts       redundant    glue   trail      variables
c
c I 44.39 14 11 0 188 448 1 1714989 20813 1.7 16 9 2 7 87%  64 3860 340 31%
c o 44.39 14 11 0 188 448 1 1714989 20813 1.7 16 9 2 7 87%  64 3860 340 31%
c - 44.60 14 12 0 189 454 1 1726172 19139 1.7 16 9 2 7 87%  64 3860 340 31%
c - 44.92 14 12 0 190 459 1 1739919 17705 1.7 16 10 2 7 87%  64 3860 340 31%
c - 45.22 14 12 0 191 466 1 1753703 18042 1.7 16 10 2 7 87%  64 3860 340 31%
c - 45.58 14 12 0 192 474 1 1767524 18422 1.7 16 10 2 7 87%  64 3860 340 31%
c - 45.97 14 12 0 193 475 1 1781380 18200 1.7 17 10 2 7 87%  64 3860 340 31%
c - 46.35 14 12 0 194 478 1 1795273 18370 1.7 17 10 2 7 88%  64 3860 340 31%
c - 46.74 14 12 0 195 486 1 1809201 19032 1.7 17 10 2 7 88%  64 3860 340 31%
c - 47.10 14 12 0 196 490 1 1823166 19474 1.7 16 10 2 7 88%  64 3860 340 31%
c u 47.29 14 12 0 196 493 1 1827675 20965 1.7 16 10 2 7 88%  66 3860 340 31%
c v 47.39 14 12 0 196 493 1 1827675 18633 1.7 16 10 2 7 88%  66 3860 340 31%
c w 47.43 14 12 0 196 493 1 1827675 17342 1.7 16 10 2 7 88%  66 3860 340 31%
c t 47.43 14 12 0 196 493 1 1827675 17342 1.7 16 10 2 7 88%  65 3860 340 31%
c - 47.68 14 12 0 197 497 1 1837166 16558 1.7 17 10 2 7 88%  65 3860 340 31%
c - 48.03 14 12 0 198 505 1 1851201 16819 1.7 17 10 2 7 88%  65 3860 340 31%
c B 48.14 14 12 0 198 505 1 1856136 20003 1.7 17 10 2 7 88%  65 3860 340 31%
c s 48.36 14 12 0 198 506 1 1864667 26261 1.7 17 10 2 7 88%  66 3846 340 31%
c e 48.36 14 12 0 198 506 1 1864667 26261 1.7 17 10 2 7 88%  65 3862 339 30%
c s 48.36 14 12 0 198 506 1 1864667 26261 1.7 17 10 2 7 88%  65 3854 339 30%
c
c seconds  switched    rate           size/glue  tier1   binary      remaining
c        MB  reductions   conflicts         size   tier2   irredundant
c         level   restarts       redundant     glue   trail      variables
c
c - 48.38 14 12 0 199 506 1 1865272 17848 1.7 17 10 2 7 88%  65 3854 339 30%
c - 48.80 14 12 0 200 507 1 1879379 18917 1.7 17 10 2 7 88%  65 3854 339 30%
c - 49.23 14 12 0 201 507 1 1893521 20112 1.7 17 10 2 7 88%  65 3854 339 30%
c - 49.66 14 12 0 202 508 1 1907701 19317 1.7 17 10 2 6 89%  65 3854 339 30%
c - 50.09 14 12 0 203 508 1 1921913 19186 1.7 16 10 2 6 89%  65 3854 339 30%
c - 50.47 14 12 0 204 508 1 1936161 20009 1.7 16 9 2 6 89%  66 3854 339 30%
c - 50.83 14 12 0 205 508 1 1950444 20966 1.7 16 9 2 6 87%  66 3854 339 30%
c - 51.27 14 12 0 206 508 1 1964761 19636 1.7 16 9 2 6 87%  66 3854 339 30%
c u 51.74 14 12 0 206 509 1 1976425 22676 1.7 16 9 2 6 87%  93 3854 339 30%
c v 51.85 14 12 0 206 509 1 1976425 18011 1.7 16 9 2 6 87%  90 3854 339 30%
c w 51.91 14 12 0 206 509 1 1976425 16557 1.7 16 9 2 6 87%  90 3854 339 30%
c t 51.91 14 12 0 206 509 1 1976425 16557 1.7 16 9 2 6 87%  88 3854 339 30%
c o 51.91 14 12 0 206 509 1 1976425 16557 1.7 16 9 2 6 87%  88 3854 339 30%
c - 51.97 13 11 0 207 509 1 1979113 14448 1.7 16 9 2 6 87%  88 3854 339 30%
c - 52.31 13 11 0 208 509 1 1993500 19118 1.7 15 9 2 6 87%  89 3854 339 30%
c W 52.59 14 11 0 208 509 1 2004324 25827 1.7 15 9 2 6 88%  90 3854 339 30%
c - 52.68 14 11 0 209 509 1 2007922 21504 1.7 15 9 2 6 88%  90 3854 339 30%
c - 52.96 14 11 0 210 509 1 2022378 20762 1.7 15 9 2 6 88%  90 3854 339 30%
c - 53.29 14 11 0 211 509 1 2036870 19783 1.7 15 9 2 6 87%  91 3854 339 30%
c i 53.47 14 11 0 211 509 1 2045470 25380 1.7 15 9 2 6 87% 104 3854 336 30%
c
c seconds  switched    rate           size/glue tier1   binary      remaining
c        MB  reductions   conflicts         size  tier2   irredundant
c         level   restarts       redundant    glue   trail      variables
c
c i 53.57 14 11 0 211 509 1 2050115 28655 1.7 15 9 2 6 87% 115 3854 325 29%
c - 53.61 13 11 0 212 509 1 2051396 9926 1.7 15 9 2 6 87% 140 3854 325 29%
c - 53.98 13 11 0 213 509 1 2065957 14101 1.7 15 9 2 6 88% 144 3854 325 29%
c i 54.01 13 11 0 213 509 1 2067385 14817 1.7 15 8 2 6 88% 148 3854 316 28%
c - 54.33 14 11 0 214 509 1 2080551 13698 1.7 15 8 2 6 87% 143 3854 316 28%
c i 54.36 14 11 0 214 509 1 2082322 14858 1.7 15 8 2 6 87% 149 3854 315 28%
c i 54.39 14 11 0 214 509 1 2083245 15395 1.7 15 8 2 6 87% 153 3854 314 28%
c i 54.46 14 10 0 214 509 1 2085107 16101 1.7 14 8 2 6 87% 158 3854 263 24%
c i 54.46 14 10 0 214 509 1 2085204 16128 1.7 14 8 2 6 87% 161 3854 227 20%
c i 54.46 14 10 0 214 509 1 2085221 16130 1.7 14 8 2 6 87% 162 3854 184 17%
c ] 54.46 14 10 0 214 509 1 2085229 16129 1.7 14 8 2 6 87% 164 3854  1 0%
c 0 54.46 14 0 0 214 509 0 2085229 16129 0.0 0 0 2 6 0% 164 3854  1 0%
c
c ---- [ result ] ------------------------------------------------------------
c
s UNSATISFIABLE
c
c ---- [ profiling ] ---------------------------------------------------------
c
c          49.88   91.58 %  search
c          49.88   91.58 %  stable
c           4.57    8.39 %  simplify
c           4.49    8.25 %  probe
c           2.90    5.32 %  vivify
c           1.51    2.76 %  sweep
c           0.32    0.58 %  reduce
c           0.05    0.09 %  walking
c           0.05    0.09 %  substitute
c           0.04    0.08 %  eliminate
c           0.03    0.05 %  factor
c           0.02    0.03 %  preprocess
c           0.01    0.01 %  congruence
c           0.01    0.01 %  subsume
c           0.00    0.01 %  transitive
c           0.00    0.00 %  backbone
c           0.00    0.00 %  lucky
c           0.00    0.00 %  parse
c =============================================
c          54.46  100.00 %  total
c
c ---- [ statistics ] --------------------------------------------------------
c
c conflicts:                          2085229            38288.04 per second
c congruent:                               45                4 %  variables
c decisions:                          2265566                1.09 per conflict
c eliminated:                             758               68 %  variables
c factored:                                55                5 %  variables
c iterations:                               9                1 %  variables
c propagations:                     229125088          4207092    per second
c reductions:                             214             9744    interval
c reordered:                               18           115846    interval
c rephased:                                35            59578    interval
c restarts:                               509             4097    interval
c strengthened:                           827                0 %  checks
c substituted:                             65                6 %  variables
c subsumed:                               577                0 %  checks
c switched:                                 0                0    interval
c vivified:                            150616               47 %  checks
c walks:                                   12           173769    interval
c
c ---- [ glue usage ] --------------------------------------------------------
c
c stable glue 2 used 6544631 clauses 21.28% accumulated 65.38% tier1
c stable glue 3 used 4082953 clauses 13.28% accumulated 78.66%
c stable glue 4 used 1754404 clauses  5.71% accumulated 84.36%
c stable glue 5 used 1089685 clauses  3.54% accumulated 87.91%
c stable glue 6 used  745750 clauses  2.43% accumulated 90.33% tier2
c
c ---- [ resources ] ---------------------------------------------------------
c
c maximum-resident-set-size:        383602688 bytes        366 MB
c process-time:                            54s              54.46 seconds
c
c ---- [ shutting down ] -----------------------------------------------------
c
c exit 20
