c ---- [ banner ] ------------------------------------------------------------
c
c Kissat SAT Solver
c 
c Copyright (c) 2021-2024 Armin Biere University of Freiburg
c Copyright (c) 2019-2021 Armin Biere Johannes Kepler University Linz
c 
c Version 4.0.4 8af8e56f174b778aef3aa45af9f739b2a5f492c2
c gcc (GCC) 15.2.1 20260123 (Red Hat 15.2.1-7) -W -Wall -O3 -DNDEBUG
c Thu Apr 23 06:47:51 PM IST 2026 Linux krishnendu-LN 6.19.12-200.fc43.x86_64 x86_64
c
c ---- [ parsing ] -----------------------------------------------------------
c
c opened and reading DIMACS file:
c
c   /home/krishnendu/Research/fv-invariant-mining/data/circuits/cnf/miter_mult_10bit.cnf
c
c parsed 'p cnf 1113 4205' header
c closing input after reading 64864 bytes (63 KB)
c finished parsing after 0.00 seconds
c
c ---- [ options ] -----------------------------------------------------------
c
c --decay=20                       (different from default '50')
c --stable=2                       (different from default '1')
c
c ---- [ solving ] -----------------------------------------------------------
c
c seconds switched rate     size/glue tier1  binary       remaining
c        MB reductions conflicts size  tier2   irredundant
c         level restarts redundant glue  trail       variables
c
c *  0.00  3 0 0 0  0 0   0   0 0.0 0 0 0 0 0% 1458 2745 1110 100%
c (  0.00  3 0 0 0  0 0   0   0 0.0 0 0 0 0 0% 1458 2745 1110 100%
c .  0.00  3 0 0 0  0 0   0   0 0.0 0 0 0 0 0% 1454 2745 1110 100%
c c  0.00  3 0 0 0  0 0   0   0 0.0 0 0 0 0 0% 1518 2743 1067 96%
c d  0.00  3 0 0 0  0 0   0   0 0.0 0 0 0 0 0% 1368 2743 1067 96%
c =  0.02  3 0 0 0  0 0   0   0 0.0 0 0 0 0 0% 1372 2736 1064 96%
c d  0.02  3 0 0 0  0 0   0   0 0.0 0 0 0 0 0% 1367 2736 1064 96%
c f  0.02  4 0 0 0  0 0   0   0 0.0 0 0 0 0 0% 1339 2718 1086 98%
c )  0.02  4 0 0 0  0 0   0   0 0.0 0 0 0 0 0% 1339 2718 1086 98%
c [  0.02  4 0 0 0  0 0   0   0 0.0 0 0 2 6 0% 1339 2718 1086 98%
c -  0.05  4 15 0 1  0 1 1003 744 3.4 26 8 3 10 87% 1345 2718 1086 98%
c B  0.05  4 15 0 1  0 1 1003 744 3.4 26 8 3 10 87% 1345 2718 1086 98%
c -  0.07  4 16 0 2  1 1 2003 1256 2.2 23 10 5 14 89% 1346 2718 1086 98%
c W  0.07  4 16 0 2  1 1 2005 1257 2.2 23 10 5 14 89% 1346 2718 1086 98%
c u  0.10  4 16 0 2  2 1 3371 2140 2.1 23 11 5 14 89% 1348 2718 1086 98%
c v  0.11  4 16 0 2  2 1 3371 2015 2.1 23 11 5 14 89% 1348 2718 1086 98%
c w  0.11  5 16 0 2  2 1 3371 1620 2.1 23 11 5 14 89% 1348 2718 1086 98%
c x  0.11  5 16 0 2  2 1 3371 1620 2.1 23 11 5 14 89% 1362 2679 1086 98%
c =  0.13  5 16 0 2  2 1 3371 1620 2.1 23 11 5 14 89% 1392 2672 1071 96%
c d  0.13  5 16 0 2  2 1 3371 1620 2.1 23 11 5 14 89% 1347 2672 1071 96%
c
c seconds  switched rate       size/glue  tier1     binary       remaining
c        MB reductions conflicts     size   tier2     irredundant
c         level restarts  redundant     glue    trail       variables
c
c t  0.13  5 16 0 2  2 1 3371 1620 2.1 23 11 5 14 89% 1340 2672 1071 96%
c f  0.13  5 16 0 2  2 1 3371 1620 2.1 23 11 5 14 89% 1336 2672 1075 97%
c u  0.13  5 16 0 2  2 1 3371 1594 2.1 23 11 5 14 89% 1336 2672 1075 97%
c v  0.13  5 16 0 2  2 1 3371 1516 2.1 23 11 5 14 89% 1336 2672 1075 97%
c w  0.14  5 16 0 2  2 1 3371 1419 2.1 23 11 5 14 89% 1336 2672 1075 97%
c x  0.14  5 16 0 2  2 1 3371 1419 2.1 23 11 5 14 89% 1336 2672 1075 97%
c =  0.16  5 16 0 2  2 1 3371 1419 2.1 23 11 5 14 89% 1340 2672 1073 96%
c d  0.16  5 16 0 2  2 1 3371 1419 2.1 23 11 5 14 89% 1334 2672 1073 96%
c -  0.16  5 16 0 3  2 1 3418 1176 2.1 23 11 5 13 89% 1334 2672 1073 96%
c I  0.17  5 16 0 3  3 1 4266 1806 2.0 22 11 5 14 89% 1335 2672 1073 96%
c -  0.18  5 16 0 4  3 1 5150 2204 1.9 22 11 5 14 88% 1337 2672 1073 96%
c -  0.22  5 16 0 5  5 1 7150 3123 1.8 21 12 6 14 87% 1338 2672 1073 96%
c B  0.24  5 16 0 5  5 1 8039 3783 1.8 21 12 6 14 88% 1339 2672 1073 96%
c -  0.27  5 16 0 6  6 1 9387 3756 1.8 21 12 6 14 87% 1339 2672 1073 96%
c u  0.29  4 16 0 6  6 1 10397 4425 1.8 21 12 5 14 88% 1348 2672 1073 96%
c v  0.30  5 16 0 6  6 1 10397 4243 1.8 21 12 5 14 88% 1349 2672 1073 96%
c w  0.30  5 16 0 6  6 1 10397 4238 1.8 21 12 5 14 88% 1349 2672 1073 96%
c =  0.31  5 16 0 6  6 1 10397 4238 1.8 21 12 5 14 88% 1361 2668 1067 96%
c d  0.31  5 16 0 6  6 1 10397 4232 1.8 21 12 5 14 88% 1344 2668 1067 96%
c t  0.31  5 16 0 6  6 1 10397 4232 1.8 21 12 5 14 88% 1341 2668 1067 96%
c
c seconds  switched rate        size/glue  tier1     binary       remaining
c        MB reductions conflicts      size   tier2     irredundant
c         level restarts   redundant     glue    trail       variables
c
c u  0.31  5 16 0 6  6 1 10397 4211 1.8 21 12 5 14 88% 1342 2668 1067 96%
c v  0.31  5 16 0 6  6 1 10397 4143 1.8 21 12 5 14 88% 1342 2668 1067 96%
c w  0.32  5 16 0 6  6 1 10397 4137 1.8 21 12 5 14 88% 1342 2668 1067 96%
c x  0.32  5 16 0 6  6 1 10397 4137 1.8 21 12 5 14 88% 1342 2657 1067 96%
c t  0.33  5 16 0 6  6 1 10397 4137 1.8 21 12 5 14 88% 1341 2657 1067 96%
c o  0.33  5 16 0 6  6 1 10397 4137 1.8 21 12 5 14 88% 1341 2657 1067 96%
c -  0.38  5 16 0 7  6 1 11837 3605 1.7 21 12 4 14 89% 1341 2657 1067 96%
c W  0.44  5 16 0 7  8 1 13569 4390 1.7 21 12 4 14 90% 1342 2657 1067 96%
c -  0.48  5 16 0 8  9 1 14484 3024 1.7 21 12 3 13 90% 1342 2657 1067 96%
c e  0.55  5 16 0 8 10 1 16851 4604 1.7 21 12 3 13 90% 399 3196 666 60%
c 2  0.55  5 16 0 8 10 1 16851 4604 1.7 21 12 3 13 90% 398 3196 666 60%
c s  0.55  5 16 0 8 10 1 16851 4604 1.7 21 12 3 13 90% 401 3131 666 60%
c e  0.55  5 16 0 8 10 1 16851 4604 1.7 21 12 3 13 90% 371 3161 656 59%
c ^  0.55  5 16 0 8 10 1 16851 4604 1.7 21 12 3 13 90% 371 3161 656 59%
c -  0.56  5 16 0 9 10 1 17313 1481 1.7 21 12 3 13 90% 371 3161 656 59%
c -  0.62  5 16 0 10 12 1 20313 2757 1.7 21 12 3 13 90% 372 3161 656 59%
c O  0.64  5 16 0 10 13 1 21097 3340 1.7 21 12 3 13 90% 373 3161 656 59%
c o  0.64  5 16 0 10 13 1 21097 3340 1.7 21 12 3 13 90% 373 3161 656 59%
c u  0.64  5 16 0 10 13 1 21310 3286 1.7 21 12 3 13 90% 374 3161 656 59%
c v  0.65  5 16 0 10 13 1 21310 3140 1.7 21 12 3 13 90% 374 3161 656 59%
c
c seconds  switched  rate        size/glue  tier1    binary      remaining
c        MB  reductions conflicts      size   tier2    irredundant
c         level  restarts   redundant     glue    trail      variables
c
c w  0.67  6 16 0 10 13 1 21310 2428 1.7 21 12 3 13 90% 374 3161 656 59%
c t  0.67  6 16 0 10 13 1 21310 2428 1.7 21 12 3 13 90% 372 3161 656 59%
c f  0.67  5 16 0 10 13 1 21310 2428 1.7 21 12 3 13 90% 418 3066 680 61%
c u  0.67  5 16 0 10 13 1 21310 2419 1.7 21 12 3 13 90% 418 3066 680 61%
c v  0.67  5 16 0 10 13 1 21310 2363 1.7 21 12 3 13 90% 418 3066 680 61%
c w  0.69  5 16 0 10 13 1 21310 1918 1.7 21 12 3 13 90% 418 3066 680 61%
c -  0.78  5 16 0 11 13 1 23476 2305 1.7 21 12 3 13 90% 418 3066 680 61%
c -  0.85  5 16 0 12 14 1 26793 3568 1.7 21 12 3 13 90% 418 3066 680 61%
c -  0.93  6 16 0 13 14 1 30258 4816 1.8 22 12 3 13 90% 419 3066 680 61%
c B  0.94  6 16 0 13 14 1 30859 5150 1.8 22 12 3 13 90% 419 3066 680 61%
c -  1.02  6 15 0 14 15 1 33863 5136 1.8 22 12 3 12 90% 419 3066 680 61%
c s  1.02  6 15 0 14 16 1 34086 5292 1.8 22 12 3 12 90% 419 3057 680 61%
c e  1.02  6 15 0 14 16 1 34086 5292 1.8 22 12 3 12 90% 329 3198 610 55%
c s  1.03  6 15 0 14 16 1 34086 5292 1.8 22 12 3 12 90% 333 3134 610 55%
c e  1.03  6 15 0 14 16 1 34086 5292 1.8 22 12 3 12 90% 329 3140 607 55%
c ^  1.03  6 15 0 14 16 1 34086 5292 1.8 22 12 3 12 90% 329 3140 607 55%
c u  1.07  6 15 0 14 17 1 36685 4397 1.8 22 12 3 12 90% 329 3140 607 55%
c v  1.08  7 15 0 14 17 1 36685 4191 1.8 22 12 3 12 90% 329 3140 607 55%
c w  1.09  7 15 0 14 17 1 36685 3075 1.8 22 12 3 12 90% 329 3140 607 55%
c x  1.09  6 15 0 14 17 1 36685 3073 1.8 22 12 3 12 90% 336 3005 607 55%
c
c seconds  switched  rate        size/glue  tier1    binary      remaining
c        MB  reductions conflicts      size   tier2    irredundant
c         level  restarts   redundant     glue    trail      variables
c
c t  1.09  6 15 0 14 17 1 36685 3073 1.8 22 12 3 12 90% 334 3005 607 55%
c f  1.09  6 15 0 14 17 1 36685 3073 1.8 22 12 3 12 90% 344 2983 611 55%
c u  1.10  6 15 0 14 17 1 36685 3056 1.8 22 12 3 12 90% 344 2983 611 55%
c v  1.10  6 15 0 14 17 1 36685 2941 1.8 22 12 3 12 90% 344 2983 611 55%
c w  1.12  6 15 0 14 17 1 36685 2402 1.8 22 12 3 12 90% 344 2983 611 55%
c -  1.14  6 15 0 15 18 1 37605 2453 1.8 21 12 3 12 90% 344 2983 611 55%
c -  1.22  6 15 0 16 21 1 41477 4532 1.8 21 12 3 12 90% 345 2983 611 55%
c W  1.26  6 15 0 16 21 1 43081 5748 1.8 21 12 3 12 90% 346 2983 611 55%
c o  1.26  6 15 0 16 21 1 43081 5748 1.8 21 12 3 12 90% 346 2983 611 55%
c -  1.31  6 15 0 17 22 1 45478 5681 1.8 21 12 3 12 90% 346 2983 611 55%
c -  1.42  6 15 0 18 25 1 49601 6056 1.8 22 12 2 12 90% 346 2983 611 55%
c -  1.51  6 15 0 19 28 1 53844 5980 1.8 22 12 2 11 90% 346 2983 611 55%
c u  1.58  6 15 0 19 28 1 56634 7256 1.8 21 12 2 11 91% 346 2983 611 55%
c v  1.59  7 15 0 19 28 1 56634 7122 1.8 21 12 2 11 91% 346 2983 611 55%
c w  1.60  7 15 0 19 28 1 56634 7116 1.8 21 12 2 11 91% 346 2983 611 55%
c x  1.60  7 15 0 19 28 1 56634 7116 1.8 21 12 2 11 91% 346 2981 611 55%
c =  1.65  7 15 0 19 28 1 56634 7116 1.8 21 12 2 11 91% 348 2981 610 55%
c d  1.65  7 15 0 19 28 1 56634 7116 1.8 21 12 2 11 91% 346 2981 610 55%
c u  1.66  6 15 0 19 28 1 56634 7092 1.8 21 12 2 11 91% 346 2981 610 55%
c v  1.68  6 15 0 19 28 1 56634 6805 1.8 21 12 2 11 91% 346 2981 610 55%
c
c seconds  switched  rate        size/glue  tier1    binary      remaining
c        MB  reductions conflicts      size   tier2    irredundant
c         level  restarts   redundant     glue    trail      variables
c
c w  1.68  6 15 0 19 28 1 56634 6796 1.8 21 12 2 11 91% 346 2981 610 55%
c I  1.72  6 15 0 19 29 1 57986 7541 1.8 21 12 2 11 91% 346 2981 610 55%
c -  1.72  6 15 0 20 29 1 58202 5754 1.8 21 12 2 11 91% 346 2980 610 55%
c -  1.79  6 15 0 21 29 1 62674 5892 1.8 21 12 2 11 91% 346 2980 610 55%
c -  1.86  6 15 0 22 30 1 67257 5731 1.8 21 12 2 11 91% 346 2978 610 55%
c e  1.93  6 15 0 22 30 1 71564 8708 1.8 21 12 2 11 91% 228 3231 526 47%
c s  1.93  6 15 0 22 30 1 71564 8708 1.8 21 12 2 11 91% 228 3212 526 47%
c e  1.93  6 15 0 22 30 1 71564 8708 1.8 21 12 2 11 91% 228 3214 525 47%
c ^  1.93  6 15 0 22 30 1 71564 8708 1.8 21 12 2 11 91% 228 3214 525 47%
c -  1.93  6 15 0 23 30 1 71948 2839 1.8 21 12 2 11 91% 228 3214 525 47%
c B  1.99  6 15 0 23 30 1 75789 5644 1.8 21 12 2 11 91% 228 3214 525 47%
c o  1.99  6 15 0 23 30 1 75789 5644 1.8 21 12 2 11 91% 228 3214 525 47%
c -  2.01  6 15 0 24 30 1 76744 4555 1.8 21 12 2 11 91% 228 3214 525 47%
c u  2.11  6 14 0 24 30 1 81177 6272 1.8 21 12 2 11 91% 228 3214 525 47%
c v  2.12  6 14 0 24 30 1 81177 5965 1.8 21 12 2 11 91% 228 3214 525 47%
c w  2.13  6 14 0 24 30 1 81177 5870 1.8 21 12 2 11 91% 228 3214 525 47%
c f  2.18  6 14 0 24 30 1 81177 5870 1.8 21 12 2 11 91% 236 3175 530 48%
c u  2.19  6 14 0 24 30 1 81177 5855 1.8 21 12 2 11 91% 236 3175 530 48%
c v  2.20  6 14 0 24 30 1 81177 5719 1.8 21 12 2 11 91% 236 3175 530 48%
c w  2.20  6 14 0 24 30 1 81177 5683 1.8 21 12 2 11 91% 236 3175 530 48%
c
c seconds  switched  rate        size/glue  tier1    binary      remaining
c        MB  reductions conflicts      size   tier2    irredundant
c         level  restarts   redundant     glue    trail      variables
c
c x  2.21  6 14 0 24 30 1 81177 5683 1.8 21 12 2 11 91% 238 3141 530 48%
c -  2.22  6 14 0 25 30 1 81642 4558 1.8 21 12 2 11 91% 238 3141 530 48%
c -  2.33  6 14 0 26 34 1 86643 4797 1.8 21 12 2 11 91% 239 3141 530 48%
c -  2.42  6 14 0 27 37 1 91742 5694 1.8 21 12 2 11 91% 240 3141 530 48%
c W  2.53  6 14 0 27 39 1 96700 8882 1.8 21 12 2 11 91% 240 3141 530 48%
c -  2.53  6 14 0 28 40 1 96939 6541 1.8 21 12 2 11 91% 240 3141 530 48%
c -  2.63  6 14 0 29 43 1 102230 6997 1.8 20 12 2 11 91% 240 3141 530 48%
c -  2.72  6 14 0 30 45 1 107615 7170 1.8 20 12 2 11 90% 240 3141 530 48%
c u  2.78  6 14 0 30 45 1 110416 9064 1.8 20 12 2 11 90% 240 3141 530 48%
c v  2.81  6 14 0 30 45 1 110416 8626 1.8 20 12 2 11 90% 240 3141 530 48%
c w  2.82  7 14 0 30 45 1 110416 8578 1.8 20 12 2 11 90% 240 3141 530 48%
c -  2.86  7 14 0 31 45 1 113092 7400 1.7 20 12 2 11 90% 240 3141 530 48%
c -  2.97  7 14 0 32 48 1 118659 7291 1.7 20 12 2 11 90% 240 3141 530 48%
c O  3.01  7 14 0 32 50 1 120925 8864 1.7 20 12 2 11 90% 240 3141 530 48%
c o  3.01  7 14 0 32 50 1 120925 8864 1.7 20 12 2 11 90% 240 3141 530 48%
c -  3.10  7 14 0 33 52 1 124315 7405 1.7 20 12 2 11 90% 240 3141 530 48%
c -  3.25  7 14 0 34 55 1 130059 7685 1.7 20 12 2 11 90% 240 3141 530 48%
c s  3.30  7 14 0 34 56 1 132007 8587 1.7 20 12 2 11 90% 240 3140 530 48%
c e  3.30  7 14 0 34 56 1 132007 8587 1.7 20 12 2 11 90% 177 3369 479 43%
c s  3.30  7 14 0 34 56 1 132007 8587 1.7 20 12 2 11 90% 181 3300 479 43%
c
c seconds  switched  rate         size/glue  tier1    binary      remaining
c        MB  reductions conflicts       size   tier2    irredundant
c         level  restarts    redundant     glue    trail      variables
c
c e  3.30  7 14 0 34 56 1 132007 8587 1.7 20 12 2 11 90% 180 3304 478 43%
c ^  3.30  7 14 0 34 56 1 132007 8587 1.7 20 12 2 11 90% 180 3304 478 43%
c -  3.37  7 14 0 35 58 1 135890 6628 1.7 20 11 2 11 90% 183 3304 478 43%
c -  3.48  7 14 0 36 60 1 141809 7947 1.7 20 11 2 11 90% 183 3304 478 43%
c u  3.54  7 14 0 36 60 1 144582 9335 1.7 20 11 2 11 90% 183 3304 478 43%
c v  3.56  7 14 0 36 60 1 144582 9022 1.7 20 11 2 11 90% 183 3304 478 43%
c w  3.57  7 14 0 36 60 1 144582 7907 1.7 20 11 2 11 90% 183 3304 478 43%
c x  3.57  7 14 0 36 60 1 144582 7906 1.7 20 11 2 11 90% 184 3237 478 43%
c t  3.66  7 14 0 36 60 1 144582 7906 1.7 20 11 2 11 90% 183 3237 478 43%
c -  3.72  7 14 0 37 60 1 147810 7093 1.7 20 12 2 11 90% 183 3237 478 43%
c B  3.74  7 14 0 37 61 1 148666 7709 1.7 20 12 2 11 90% 183 3237 478 43%
c -  3.80  7 14 0 38 61 1 153895 8225 1.7 20 12 2 11 89% 184 3237 478 43%
c -  3.92  7 15 0 39 61 1 160061 8290 1.7 20 12 2 11 88% 185 3237 478 43%
c -  4.04  7 15 0 40 62 1 166307 8138 1.7 20 12 2 11 88% 185 3237 478 43%
c -  4.17  7 15 0 41 62 1 172631 7965 1.7 20 12 2 11 87% 185 3237 478 43%
c -  4.33  7 15 0 42 62 1 179034 8456 1.7 20 12 2 11 87% 185 3237 478 43%
c W  4.36  7 15 0 42 62 1 180117 9115 1.7 20 12 2 11 87% 185 3237 478 43%
c o  4.36  7 15 0 42 62 1 180117 9115 1.7 20 12 2 11 87% 185 3237 478 43%
c u  4.44  7 15 0 42 62 1 183708 11146 1.7 20 12 2 11 87% 185 3237 478 43%
c v  4.46  7 15 0 42 62 1 183708 10759 1.7 20 12 2 11 87% 185 3237 478 43%
c
c seconds  switched  rate         size/glue  tier1    binary      remaining
c        MB  reductions conflicts       size   tier2    irredundant
c         level  restarts    redundant     glue    trail      variables
c
c w  4.47  7 15 0 42 62 1 183708 9403 1.7 20 12 2 11 87% 185 3237 478 43%
c x  4.48  7 15 0 42 62 1 183708 9401 1.7 20 12 2 11 87% 185 3229 478 43%
c t  4.48  7 15 0 42 62 1 183708 9401 1.7 20 12 2 11 87% 184 3229 478 43%
c -  4.52  7 15 0 43 62 1 185515 7752 1.7 20 12 2 11 88% 184 3229 478 43%
c -  4.67  7 15 0 44 62 1 192073 7322 1.7 20 12 2 10 88% 184 3229 478 43%
c -  4.83  7 15 0 45 63 1 198706 7411 1.7 20 12 2 10 88% 184 3229 478 43%
c -  4.98  7 15 0 46 68 1 205415 7933 1.7 20 12 2 10 88% 184 3229 478 43%
c -  5.13  7 14 0 47 72 1 212197 8002 1.7 19 12 2 10 88% 184 3229 478 43%
c I  5.20  7 14 0 47 74 1 215470 9728 1.7 19 12 2 10 89% 184 3229 478 43%
c e  5.24  7 14 0 47 75 1 217722 11418 1.7 19 12 2 10 89% 122 3710 405 36%
c s  5.25  7 14 0 47 75 1 217722 11418 1.7 19 12 2 10 89% 124 3536 405 36%
c e  5.25  7 14 0 47 75 1 217722 11418 1.7 19 12 2 10 89% 117 3588 398 36%
c ^  5.25  7 14 0 47 75 1 217722 11418 1.7 19 12 2 10 89% 117 3588 398 36%
c -  5.26  6 15 0 48 76 1 219052 4018 1.7 19 12 2 10 89% 117 3588 398 36%
c -  5.37  6 15 0 49 77 1 225980 4977 1.6 20 12 2 10 89% 117 3588 398 36%
c u  5.41  7 15 0 49 77 1 228011 6008 1.6 19 12 2 10 89% 117 3588 398 36%
c v  5.42  7 15 0 49 77 1 228011 5503 1.6 19 12 2 10 89% 117 3588 398 36%
c w  5.46  7 15 0 49 77 1 228011 3886 1.6 19 12 2 10 89% 117 3588 398 36%
c -  5.53  6 15 0 50 80 1 232981 4311 1.6 20 12 2 10 89% 117 3588 398 36%
c -  5.65  7 15 0 51 84 1 240052 5525 1.6 20 12 2 10 89% 117 3588 398 36%
c
c seconds  switched  rate         size/glue  tier1    binary      remaining
c        MB  reductions conflicts       size   tier2    irredundant
c         level  restarts    redundant     glue    trail      variables
c
c -  5.79  7 15 0 52 88 1 247193 6886 1.6 20 12 2 10 89% 117 3588 398 36%
c -  5.93  7 15 0 53 91 1 254404 7815 1.6 20 12 2 10 89% 117 3588 398 36%
c B  5.94  7 15 0 53 91 1 254912 8137 1.6 20 12 2 10 89% 117 3588 398 36%
c o  5.94  7 15 0 53 91 1 254912 8137 1.6 20 12 2 10 89% 117 3588 398 36%
c -  6.08  7 15 0 54 92 1 261685 8187 1.6 20 12 2 10 90% 117 3588 398 36%
c -  6.26  7 14 0 55 93 1 269034 7963 1.6 19 12 2 10 90% 117 3588 398 36%
c -  6.40  7 14 0 56 93 1 276451 8203 1.6 19 12 2 10 90% 117 3588 398 36%
c u  6.42  7 14 0 56 93 1 276955 8148 1.6 19 12 2 10 90% 117 3588 398 36%
c v  6.45  7 14 0 56 93 1 276955 7554 1.6 19 12 2 10 90% 117 3588 398 36%
c w  6.46  7 14 0 56 93 1 276955 7184 1.6 19 12 2 10 90% 117 3588 398 36%
c x  6.46  7 14 0 56 93 1 276955 7182 1.6 19 12 2 10 90% 118 3453 398 36%
c -  6.59  7 14 0 57 96 1 283935 7976 1.6 19 12 2 10 91% 118 3453 398 36%
c -  6.73  7 14 0 58 100 1 291485 8811 1.6 19 12 2 10 91% 118 3453 398 36%
c W  6.86  7 14 0 58 105 1 298624 13851 1.6 19 12 2 10 91% 118 3453 398 36%
c -  6.87  7 14 0 59 106 1 299101 9432 1.6 19 12 2 10 91% 118 3453 398 36%
c -  7.01  7 14 0 60 108 1 306783 9041 1.6 19 12 2 10 91% 118 3453 398 36%
c -  7.17  7 14 0 61 110 1 314528 8513 1.6 19 12 2 10 91% 118 3453 398 36%
c -  7.31  7 14 0 62 115 1 322339 9277 1.6 19 12 2 10 91% 118 3453 398 36%
c s  7.47  7 14 0 62 119 1 330044 14350 1.6 19 12 2 10 90% 118 3451 398 36%
c e  7.47  7 14 0 62 119 1 330044 14350 1.6 19 12 2 10 90%  76 4106 347 31%
c
c seconds  switched   rate          size/glue  tier1    binary      remaining
c        MB  reductions conflicts         size   tier2    irredundant
c         level  restarts      redundant     glue    trail      variables
c
c s  7.47  7 14 0 62 119 1 330044 14350 1.6 19 12 2 10 90%  76 3934 347 31%
c e  7.47  7 14 0 62 119 1 330044 14350 1.6 19 12 2 10 90%  74 4000 342 31%
c !  7.47  7 14 0 62 119 1 330044 14350 1.6 19 12 2 10 90%  74 4000 342 31%
c o  7.47  7 14 0 62 119 1 330044 6737 1.6 19 12 2 10 90%  74 4000 342 31%
c -  7.48  6 14 0 63 119 1 330214 4197 1.6 19 12 2 10 90%  74 4000 342 31%
c u  7.50  6 14 0 63 120 1 331529 4854 1.6 19 12 2 10 90%  74 4000 342 31%
c v  7.51  6 14 0 63 120 1 331529 3840 1.6 19 12 2 10 90%  74 4000 342 31%
c w  7.52  6 14 0 63 120 1 331529 2728 1.6 19 12 2 10 90%  74 4000 342 31%
c x  7.53  6 14 0 63 120 1 331529 2725 1.6 19 12 2 10 90%  75 3854 342 31%
c -  7.77  6 14 0 64 123 1 338151 3785 1.6 19 12 2 10 90%  75 3854 342 31%
c -  7.92  6 14 0 65 124 1 346152 4997 1.6 19 12 2 10 90%  75 3854 342 31%
c O  7.93  6 14 0 65 124 1 346786 5319 1.6 19 12 2 10 90%  75 3854 342 31%
c -  8.06  7 14 0 66 124 1 354214 6258 1.6 19 12 2 10 90%  75 3854 342 31%
c -  8.22  7 14 0 67 124 1 362338 6775 1.6 19 12 2 10 90%  75 3854 342 31%
c -  8.39  7 14 0 68 125 1 370523 7398 1.6 18 12 2 10 90%  75 3854 342 31%
c -  8.57  7 14 0 69 125 1 378772 8100 1.6 18 12 2 10 91%  75 3854 342 31%
c -  8.76  7 14 0 70 125 1 387079 8170 1.6 18 11 2 10 91%  75 3854 342 31%
c u  8.84  7 14 0 70 125 1 390647 9287 1.6 18 11 2 10 91%  75 3854 342 31%
c v  8.87  7 14 0 70 125 1 390647 8754 1.6 18 11 2 10 91%  75 3854 342 31%
c w  8.88  7 14 0 70 125 1 390647 6666 1.6 18 11 2 10 91%  75 3854 342 31%
c
c seconds  switched   rate         size/glue  tier1    binary      remaining
c        MB  reductions conflicts        size   tier2    irredundant
c         level  restarts     redundant     glue    trail      variables
c
c x  8.89  7 14 0 70 125 1 390647 6665 1.6 18 11 2 10 91%  75 3836 342 31%
c -  8.99  7 14 0 71 126 1 395445 6421 1.6 18 11 2 10 91%  75 3836 342 31%
c B  9.07  7 14 0 71 126 1 399573 8507 1.6 18 11 2 10 91%  75 3836 342 31%
c -  9.14  7 14 0 72 126 1 403871 7943 1.6 18 11 2 10 91%  75 3836 342 31%
c -  9.30  7 14 0 73 126 1 412356 8412 1.6 18 11 2 10 91%  75 3836 342 31%
c -  9.44  7 14 0 74 126 1 420900 8631 1.6 18 11 2 10 91%  75 3836 342 31%
c -  9.59  7 14 0 75 126 1 429502 9739 1.6 18 11 2 10 91%  75 3836 342 31%
c -  9.75  7 14 0 76 126 1 438163 10587 1.6 18 11 2 10 91%  75 3836 342 31%
c -  9.90  8 14 0 77 126 1 446881 10652 1.6 18 11 2 10 91%  75 3836 342 31%
c u 10.06  8 13 0 77 126 1 455268 14150 1.6 17 11 2 10 91%  75 3836 342 31%
c v 10.10  8 13 0 77 126 1 455268 13320 1.6 17 11 2 10 91%  75 3836 342 31%
c w 10.12 10 13 0 77 126 1 455268 9135 1.6 17 11 2 10 91%  75 3836 342 31%
c o 10.12 10 13 0 77 126 1 455268 9135 1.6 17 11 2 10 91%  75 3836 342 31%
c - 10.12  8 13 0 78 126 1 455657 6569 1.6 17 11 2 10 91%  75 3836 342 31%
c W 10.14  8 13 0 78 126 1 457158 7334 1.5 17 11 2 10 92%  75 3836 342 31%
c - 10.26  8 14 0 79 129 1 464489 7320 1.5 17 11 2 10 92%  75 3836 342 31%
c e 10.35  8 14 0 79 133 1 469785 10163 1.5 17 11 2 10 92%  73 3884 339 30%
c s 10.35  8 14 0 79 133 1 469785 10163 1.5 17 11 2 10 92%  73 3851 339 30%
c e 10.35  8 14 0 79 133 1 469785 10163 1.5 17 11 2 10 92%  71 3872 337 30%
c - 10.41  8 14 0 80 133 1 473378 7150 1.5 17 11 2 10 92%  71 3872 337 30%
c
c seconds  switched   rate         size/glue  tier1    binary      remaining
c        MB  reductions conflicts        size   tier2    irredundant
c         level  restarts     redundant     glue    trail      variables
c
c - 10.55  8 14 0 81 140 1 482323 8666 1.5 17 11 2 10 91%  71 3872 337 30%
c - 10.71  8 14 0 82 141 1 491324 8133 1.5 17 11 2 9 92%  71 3872 337 30%
c - 10.89  8 14 0 83 147 1 500379 7127 1.5 17 11 2 9 92%  71 3872 337 30%
c - 11.05  8 13 0 84 151 1 509489 8277 1.5 17 11 2 9 91%  71 3872 337 30%
c - 11.21  8 13 0 85 155 1 518655 8606 1.5 17 11 2 9 91%  71 3872 337 30%
c I 11.22  8 13 0 85 156 1 519709 9173 1.5 17 11 2 9 91%  71 3872 337 30%
c u 11.32  8 13 0 85 156 1 525450 11757 1.5 17 11 2 9 91%  71 3872 337 30%
c v 11.35  8 13 0 85 156 1 525450 10935 1.5 17 11 2 9 91%  71 3872 337 30%
c w 11.36  8 13 0 85 156 1 525450 8046 1.5 17 11 2 9 91%  71 3872 337 30%
c x 11.37  8 13 0 85 156 1 525450 8041 1.5 17 11 2 9 91%  71 3840 337 30%
c - 11.41  8 13 0 86 157 1 527875 6092 1.5 17 11 2 9 91%  71 3840 337 30%
c - 11.57  8 13 0 87 157 1 537148 7891 1.5 17 11 2 9 91%  71 3840 337 30%
c - 11.74  8 13 0 88 160 1 546475 9741 1.5 17 11 2 9 91%  71 3840 337 30%
c - 11.91  8 13 0 89 165 1 555855 9810 1.5 17 11 2 9 91%  71 3840 337 30%
c - 12.09  8 13 0 90 171 1 565288 8125 1.5 17 11 2 9 91%  71 3840 337 30%
c - 12.28  8 13 0 91 172 1 574774 8301 1.5 16 11 2 9 91%  71 3840 337 30%
c - 12.47  8 13 0 92 178 1 584313 9326 1.5 16 11 2 9 92%  71 3840 337 30%
c B 12.52  8 13 0 92 179 1 587391 11128 1.5 16 11 2 9 92%  71 3840 337 30%
c o 12.52  8 13 0 92 179 1 587391 11128 1.5 16 11 2 9 92%  71 3840 337 30%
c - 12.62  8 13 0 93 184 1 593904 9685 1.5 16 11 2 9 91%  71 3840 337 30%
c
c seconds  switched   rate          size/glue  tier1   binary      remaining
c        MB  reductions conflicts         size   tier2   irredundant
c         level  restarts      redundant     glue   trail      variables
c
c u 12.77  8 13 0 93 187 1 601258 14202 1.5 16 11 2 9 91%  71 3840 337 30%
c v 12.80  8 13 0 93 187 1 601258 13245 1.5 16 11 2 9 91%  71 3840 337 30%
c w 12.82 10 13 0 93 187 1 601258 12405 1.5 16 11 2 9 91%  71 3840 337 30%
c x 12.83 10 13 0 93 187 1 601258 12403 1.5 16 11 2 9 91%  71 3830 337 30%
c - 12.87  9 13 0 94 187 1 603547 8518 1.5 16 11 2 9 91%  71 3830 337 30%
c - 13.06  9 13 0 95 188 1 613243 8865 1.5 16 11 2 9 91%  71 3830 337 30%
c - 13.23  9 13 0 96 188 1 622990 9114 1.5 16 11 2 9 91%  71 3830 337 30%
c - 13.41  9 13 0 97 189 1 632788 8447 1.5 16 11 2 9 91%  71 3830 337 30%
c s 13.55  9 13 0 97 189 1 641585 12959 1.5 16 11 2 9 91%  71 3829 337 30%
c e 13.55  9 13 0 97 189 1 641585 12959 1.5 16 11 2 9 91%  67 3849 336 30%
c - 13.58  9 13 0 98 189 1 642637 8997 1.5 16 11 2 9 91%  67 3849 336 30%
c - 13.76  9 13 0 99 189 1 652537 10341 1.5 16 11 2 9 90%  67 3849 336 30%
c W 13.91  8 13 0 99 191 1 660366 13971 1.5 16 11 2 9 91%  67 3849 336 30%
c - 13.95  8 13 0 100 192 1 662486 9997 1.5 16 11 2 9 91%  67 3849 336 30%
c - 14.14  8 13 0 101 198 1 672487 8349 1.5 16 11 2 9 90%  67 3849 336 30%
c - 14.35  8 13 0 102 203 1 682536 7517 1.4 16 11 2 9 90%  67 3849 336 30%
c u 14.37  8 13 0 102 203 1 682831 7213 1.4 16 11 2 9 90%  67 3849 336 30%
c v 14.40  8 13 0 102 203 1 682831 5913 1.4 16 11 2 9 90%  67 3849 336 30%
c w 14.41  8 13 0 102 203 1 682831 5349 1.4 16 11 2 9 90%  67 3849 336 30%
c - 14.77  9 13 0 103 206 1 692636 5893 1.4 16 11 2 9 91%  67 3849 336 30%
c
c seconds  switched    rate         size/glue  tier1   binary      remaining
c        MB  reductions  conflicts        size   tier2   irredundant
c         level   restarts     redundant     glue   trail      variables
c
c - 14.98 10 13 0 104 211 1 702785 6920 1.4 16 11 2 9 91%  67 3849 336 30%
c - 15.18 10 13 0 105 218 1 712984 8079 1.5 17 11 2 9 91%  67 3849 336 30%
c - 15.40 10 13 0 106 219 1 723230 8583 1.5 17 11 2 9 91%  67 3849 336 30%
c - 15.64 10 13 0 107 220 1 733525 9250 1.5 17 11 2 9 91%  67 3849 336 30%
c O 15.76 10 13 0 107 220 1 738796 11897 1.5 17 11 2 9 91%  67 3849 336 30%
c o 15.76 10 13 0 107 220 1 738796 11897 1.5 17 11 2 9 91%  67 3849 336 30%
c - 15.87 10 13 0 108 223 1 743870 9996 1.5 17 11 2 9 91%  67 3849 336 30%
c - 16.08 10 13 0 109 229 1 754262 9234 1.5 17 11 2 9 91%  67 3849 336 30%
c - 16.31 10 13 0 110 234 1 764702 9613 1.5 17 11 2 9 91%  67 3849 336 30%
c u 16.46 10 13 0 110 235 1 770150 10931 1.5 16 11 2 9 91%  67 3849 336 30%
c v 16.50 10 13 0 110 235 1 770150 9822 1.5 16 11 2 9 91%  67 3849 336 30%
c w 16.52 10 13 0 110 235 1 770150 7333 1.5 16 11 2 9 91%  67 3849 336 30%
c x 16.53 10 13 0 110 235 1 770150 7332 1.5 16 11 2 9 91%  67 3832 336 30%
c - 16.61 10 13 0 111 237 1 775191 7080 1.5 17 11 2 9 91%  67 3832 336 30%
c - 16.80 10 13 0 112 242 1 785726 8297 1.5 17 11 2 9 92%  67 3832 336 30%
c - 17.01 10 13 0 113 249 1 796309 9508 1.5 17 11 2 9 91%  67 3832 336 30%
c - 17.25 10 13 0 114 251 1 806940 9305 1.5 16 11 2 9 91%  67 3832 336 30%
c - 17.48 10 13 0 115 251 1 817617 9423 1.5 16 11 2 9 91%  67 3832 336 30%
c B 17.58 10 13 0 115 252 1 822834 11661 1.5 16 11 2 9 91%  67 3832 336 30%
c - 17.70 10 13 0 116 252 1 828340 10628 1.5 16 11 2 9 90%  67 3832 336 30%
c
c seconds  switched    rate          size/glue  tier1   binary      remaining
c        MB  reductions  conflicts         size   tier2   irredundant
c         level   restarts      redundant     glue   trail      variables
c
c - 17.94 10 13 0 117 252 1 839110 10689 1.5 16 11 2 9 91%  67 3832 336 30%
c s 18.09 10 13 0 117 252 1 846863 14283 1.5 16 11 2 9 91%  67 3830 336 30%
c - 18.16 10 13 0 118 252 1 849926 11411 1.5 16 11 2 9 91%  67 3830 336 30%
c - 18.40 10 13 0 119 253 1 860788 12147 1.5 16 11 2 9 91%  67 3830 336 30%
c u 18.46 10 13 0 119 253 1 863398 12906 1.5 16 11 2 9 91%  67 3830 336 30%
c v 18.52 10 13 0 119 253 1 863398 11524 1.5 16 11 2 9 91%  67 3830 336 30%
c w 18.57 10 13 0 119 253 1 863398 8386 1.5 16 11 2 9 91%  67 3830 336 30%
c o 18.57 10 13 0 119 253 1 863398 8386 1.5 16 11 2 9 91%  67 3830 336 30%
c - 18.71 10 13 0 120 253 1 871697 7975 1.5 16 11 2 9 91%  67 3830 336 30%
c - 18.91 10 13 0 121 253 1 882652 8473 1.5 16 11 2 9 91%  67 3830 336 30%
c - 19.13 10 13 0 122 253 1 893652 8954 1.5 16 11 2 9 91%  67 3830 336 30%
c - 19.35 10 13 0 123 253 1 904697 9084 1.5 16 11 2 9 91%  67 3830 336 30%
c W 19.51 10 13 0 123 253 1 912635 14102 1.5 16 11 2 9 91%  67 3830 336 30%
c - 19.57 10 13 0 124 253 1 915787 10558 1.5 16 11 2 9 91%  67 3830 336 30%
c - 19.76 10 13 0 125 254 1 926923 10860 1.5 16 11 2 9 90%  67 3830 336 30%
c - 19.98 10 13 0 126 254 1 938104 11716 1.5 16 11 2 9 90%  67 3830 336 30%
c - 20.22 10 13 0 127 254 1 949329 12820 1.5 17 11 2 9 90%  67 3830 336 30%
c - 20.46 10 13 0 128 254 1 960598 14121 1.5 17 11 2 9 89%  67 3830 336 30%
c u 20.52 10 13 0 128 254 1 962591 14804 1.5 17 11 2 9 89%  67 3830 336 30%
c v 20.58 10 13 0 128 254 1 962591 13200 1.5 17 11 2 9 89%  67 3830 336 30%
c
c seconds  switched    rate          size/glue  tier1   binary      remaining
c        MB  reductions  conflicts         size   tier2   irredundant
c         level   restarts      redundant     glue   trail      variables
c
c w 20.62 10 13 0 128 254 1 962591 12687 1.5 17 11 2 9 89%  67 3830 336 30%
c - 20.79 10 13 0 129 254 1 971912 12202 1.5 16 11 2 9 87%  67 3830 336 30%
c - 21.05 10 13 0 130 254 1 983269 12837 1.5 16 11 2 9 87%  67 3830 336 30%
c - 21.32 10 13 0 131 254 1 994670 12686 1.5 16 11 2 9 88%  67 3830 336 30%
c - 21.58 10 13 0 132 254 1 1006115 13120 1.5 16 11 2 9 88%  67 3830 336 30%
c I 21.63 10 13 0 132 254 1 1008350 14151 1.5 16 11 2 9 88%  67 3830 336 30%
c o 21.63 10 13 0 132 254 1 1008350 14151 1.5 16 11 2 9 88%  67 3830 336 30%
c - 21.83 10 13 0 133 254 1 1017605 12837 1.5 16 11 2 9 88%  67 3830 336 30%
c - 22.07 10 13 0 134 254 1 1029138 11897 1.5 16 11 2 9 89%  67 3830 336 30%
c - 22.33 10 12 0 135 254 1 1040713 9795 1.5 16 11 2 8 89%  67 3830 336 30%
c - 22.56 10 12 0 136 254 1 1052331 10401 1.5 16 10 2 8 90%  67 3830 336 30%
c - 22.82 10 12 0 137 261 1 1063992 12124 1.5 16 10 2 8 90%  67 3830 336 30%
c u 22.93 10 12 0 137 264 1 1067788 13014 1.5 16 10 2 8 90%  67 3830 336 30%
c v 22.99 10 12 0 137 264 1 1067788 11046 1.5 16 10 2 8 90%  67 3830 336 30%
c w 23.01 10 12 0 137 264 1 1067788 8056 1.5 16 10 2 8 90%  67 3830 336 30%
c x 23.02 10 12 0 137 264 1 1067788 8055 1.5 16 10 2 8 90%  67 3827 336 30%
c - 23.18 10 12 0 138 268 1 1075696 7727 1.5 16 10 2 8 90%  67 3827 336 30%
c s 23.43 10 12 0 138 271 1 1087378 12570 1.5 15 10 2 8 90%  67 3825 336 30%
c - 23.44 10 12 0 139 271 1 1087443 8443 1.5 15 10 2 8 90%  67 3825 336 30%
c - 23.69 10 12 0 140 278 1 1099232 9386 1.5 16 10 2 8 91%  67 3825 336 30%
c
c seconds  switched    rate           size/glue  tier1   binary      remaining
c        MB  reductions   conflicts         size   tier2   irredundant
c         level   restarts       redundant     glue   trail      variables
c
c B 23.90 10 12 0 140 283 1 1110128 14815 1.5 16 10 2 8 91%  67 3825 336 30%
c - 23.92 10 12 0 141 284 1 1111065 9506 1.5 16 10 2 8 91%  67 3825 336 30%
c - 24.17 10 12 0 142 285 1 1122939 9657 1.5 16 11 2 8 91%  67 3825 336 30%
c - 24.37 10 12 0 143 285 1 1134855 9984 1.5 16 11 2 8 90%  67 3825 336 30%
c - 24.61 10 13 0 144 292 1 1146813 10443 1.5 16 11 2 8 90%  67 3825 336 30%
c - 24.87 10 12 0 145 299 1 1158814 10530 1.5 16 11 2 8 90%  67 3825 336 30%
c - 25.13 10 12 0 146 303 1 1170855 12153 1.5 16 11 2 8 89%  67 3825 336 30%
c u 25.37 10 12 0 146 307 1 1179070 16425 1.5 16 11 2 8 89%  67 3825 336 30%
c v 25.44 10 12 0 146 307 1 1179070 14797 1.5 16 11 2 8 89%  67 3825 336 30%
c w 25.50 10 12 0 146 307 1 1179070 13608 1.5 16 11 2 8 89%  67 3825 336 30%
c o 25.50 10 12 0 146 307 1 1179070 13608 1.5 16 11 2 8 89%  67 3825 336 30%
c - 25.57 10 13 0 147 310 1 1182939 9942 1.5 16 11 2 8 89%  67 3825 336 30%
c - 25.82 10 13 0 148 315 1 1195063 8764 1.5 16 11 2 8 90%  67 3825 336 30%
c - 26.07 10 13 0 149 316 1 1207228 8844 1.5 16 11 2 8 90%  67 3825 336 30%
c W 26.33 10 13 0 149 317 1 1218114 13077 1.5 16 11 2 8 90%  67 3825 336 30%
c - 26.36 10 13 0 150 317 1 1219434 9069 1.5 16 11 2 8 90%  67 3825 336 30%
c - 26.62 10 13 0 151 317 1 1231682 10283 1.5 16 11 2 8 90%  67 3825 336 30%
c - 26.92 10 13 0 152 317 1 1243971 10415 1.5 16 11 2 8 90%  67 3825 336 30%
c - 27.21 10 13 0 153 323 1 1256299 11021 1.5 16 11 2 8 90%  67 3825 336 30%
c - 27.48 10 12 0 154 330 1 1268668 11235 1.5 16 11 2 8 90%  67 3825 336 30%
c
c seconds  switched    rate           size/glue  tier1   binary      remaining
c        MB  reductions   conflicts         size   tier2   irredundant
c         level   restarts       redundant     glue   trail      variables
c
c - 27.76 10 12 0 155 332 1 1281077 11579 1.5 16 11 2 8 91%  67 3825 336 30%
c - 28.05 10 12 0 156 339 1 1293527 11580 1.5 16 10 2 8 91%  67 3825 336 30%
c u 28.14 10 12 0 156 341 1 1296503 12765 1.5 16 11 2 8 91%  67 3825 336 30%
c v 28.20 10 12 0 156 341 1 1296503 10947 1.5 16 11 2 8 91%  67 3825 336 30%
c w 28.27 10 12 0 156 341 1 1296503 8737 1.5 16 11 2 8 91%  67 3825 336 30%
c = 28.55 15 12 0 156 341 1 1296503 8737 1.5 16 11 2 8 91%  71 3821 334 30%
c d 28.55 15 12 0 156 341 1 1296503 8737 1.5 16 11 2 8 91%  67 3821 334 30%
c u 28.57 15 12 0 156 341 1 1296503 8578 1.5 16 11 2 8 91%  67 3821 334 30%
c v 28.62 15 12 0 156 341 1 1296503 7880 1.5 16 11 2 8 91%  67 3821 334 30%
c w 28.67 15 12 0 156 341 1 1296503 7394 1.5 16 11 2 8 91%  67 3821 334 30%
c - 28.86  7 12 0 157 346 1 1306017 7979 1.5 16 11 2 8 91%  67 3818 334 30%
c - 29.13  7 12 0 158 348 1 1318547 9048 1.5 16 11 2 8 91%  67 3818 334 30%
c - 29.39  7 12 0 159 348 1 1331116 9490 1.5 16 11 2 8 91%  67 3818 334 30%
c O 29.42  7 12 0 159 349 1 1332454 10088 1.5 16 11 2 8 91%  67 3817 334 30%
c o 29.42  7 12 0 159 349 1 1332454 10088 1.5 16 11 2 8 91%  67 3817 334 30%
c - 29.70  7 12 0 160 355 1 1343727 9707 1.5 16 11 2 8 91%  67 3817 334 30%
c - 30.00  8 12 0 161 362 1 1356376 11076 1.5 16 10 2 8 91%  67 3817 334 30%
c s 30.19  8 12 0 161 363 1 1364791 14522 1.5 16 10 2 8 91%  67 3813 334 30%
c s 30.19  8 12 0 161 363 1 1364791 14522 1.5 16 10 2 8 91%  67 3812 334 30%
c - 30.30  8 12 0 162 366 1 1369064 11531 1.5 16 10 2 8 91%  67 3812 334 30%
c
c seconds  switched    rate           size/glue  tier1   binary      remaining
c        MB  reductions   conflicts         size   tier2   irredundant
c         level   restarts       redundant     glue   trail      variables
c
c - 30.55  8 12 0 163 374 1 1381793 11784 1.5 16 10 2 8 91%  67 3812 334 30%
c - 30.82  8 12 0 164 378 1 1394562 11629 1.5 15 10 2 8 91%  67 3812 334 30%
c - 31.11  8 12 0 165 379 1 1407369 12162 1.5 15 10 2 8 91%  67 3812 334 30%
c u 31.44  8 12 0 165 380 1 1420165 17031 1.5 15 10 2 8 91%  67 3812 334 30%
c v 31.51  8 12 0 165 380 1 1420165 15472 1.5 15 10 2 8 91%  67 3812 334 30%
c w 31.53  8 12 0 165 380 1 1420165 13848 1.5 15 10 2 8 91%  67 3812 334 30%
c x 31.54  8 12 0 165 380 1 1420165 13847 1.5 15 10 2 8 91%  67 3794 334 30%
c - 31.55  8 12 0 166 380 1 1420214 10196 1.5 15 10 2 8 91%  67 3794 334 30%
c - 31.83  8 12 0 167 380 1 1433099 11351 1.5 15 10 2 8 91%  67 3794 334 30%
c - 32.13  8 12 0 168 380 1 1446022 11549 1.5 15 10 2 8 91%  67 3794 334 30%
c B 32.28  8 12 0 168 381 1 1453287 14940 1.5 15 10 2 8 90%  67 3794 334 30%
c - 32.42  8 12 0 169 381 1 1458984 11994 1.5 15 10 2 8 90%  67 3794 334 30%
c - 32.70  8 12 0 170 381 1 1471984 13360 1.5 15 10 2 8 90%  67 3794 334 30%
c - 32.99  7 12 0 171 381 1 1485022 13439 1.5 15 10 2 8 90%  67 3794 334 30%
c - 33.31  8 12 0 172 381 1 1498098 12161 1.5 15 10 2 8 90%  67 3794 334 30%
c - 33.67  8 12 0 173 381 1 1511212 11643 1.5 15 10 2 8 90%  67 3794 334 30%
c - 34.04  8 12 0 174 388 1 1524364 12802 1.5 15 10 2 8 90%  68 3794 334 30%
c - 34.32  8 12 0 175 396 1 1537555 13524 1.5 15 10 2 8 91%  68 3794 334 30%
c u 34.65  8 12 0 175 400 1 1550219 17056 1.5 15 10 2 8 91%  75 3794 334 30%
c v 34.72  8 12 0 175 400 1 1550219 13978 1.5 15 10 2 8 91% 167 3794 334 30%
c
c seconds  switched    rate          size/glue  tier1   binary      remaining
c        MB  reductions   conflicts        size   tier2   irredundant
c         level   restarts      redundant     glue   trail      variables
c
c w 34.78  8 12 0 175 400 1 1550219 9168 1.5 15 10 2 8 91%  75 3794 334 30%
c o 35.14 13 12 0 175 400 1 1550219 9168 1.5 15 10 2 8 91%  75 3794 334 30%
c - 35.15 13 12 0 176 401 1 1550783 7437 1.5 15 10 2 8 91%  75 3794 334 30%
c - 35.40 13 12 0 177 409 1 1564049 9611 1.5 15 10 2 8 91%  75 3794 334 30%
c - 35.66 13 11 0 178 411 1 1577354 10876 1.5 15 10 2 8 91%  75 3794 334 30%
c W 35.75 13 11 0 178 412 1 1580756 12017 1.5 15 10 2 8 91%  75 3794 334 30%
c - 35.97 13 11 0 179 412 1 1590695 12225 1.5 14 10 2 8 91%  76 3794 334 30%
c - 36.27 13 11 0 180 419 1 1604074 13466 1.5 14 9 2 8 91%  76 3794 334 30%
c - 36.59 13 11 0 181 426 1 1617490 14608 1.5 14 9 2 8 91%  77 3794 334 30%
c i 36.91 13 10 0 181 430 1 1630873 19118 1.5 13 9 2 8 91%  93 3794 333 30%
c - 36.92 11 10 0 182 430 1 1630943 6250 1.5 13 9 2 7 91%  67 3794 333 30%
c - 37.09 12 11 0 183 438 1 1644433 10165 1.5 14 9 2 7 88%  67 3794 333 30%
c - 37.30 13 11 0 184 442 1 1657960 13165 1.6 14 9 2 7 85%  67 3794 333 30%
c - 37.49 13 10 0 185 443 1 1671525 14827 1.7 15 9 2 7 83%  67 3794 333 30%
c s 37.65 13 10 0 185 444 1 1680817 19767 1.7 15 9 2 7 82%  68 3598 333 30%
c e 37.65 13 10 0 185 444 1 1680817 19767 1.7 15 9 2 7 82%  68 3612 332 30%
c s 37.65 13 10 0 185 444 1 1680817 19767 1.7 15 9 2 7 82%  68 3608 332 30%
c e 37.65 13 10 0 185 444 1 1680817 19767 1.7 15 9 2 7 82%  68 3624 331 30%
c - 37.75 13 10 0 186 444 1 1685126 15138 1.7 15 9 2 7 82%  68 3624 331 30%
c u 37.81 13 11 0 186 444 1 1686547 15093 1.7 15 9 2 7 82%  74 3619 331 30%
c
c seconds  switched    rate           size/glue tier1   binary      remaining
c        MB  reductions   conflicts         size  tier2   irredundant
c         level   restarts       redundant    glue   trail      variables
c
c v 37.89 13 11 0 186 444 1 1686547 10822 1.7 15 9 2 7 82%  74 3619 331 30%
c w 37.94 13 11 0 186 444 1 1686547 8778 1.7 15 9 2 7 82%  74 3619 331 30%
c t 37.94 13 11 0 186 444 1 1686547 8778 1.7 15 9 2 7 82%  72 3619 331 30%
c - 38.23 12 11 0 187 444 1 1698766 9990 1.6 15 9 2 7 83%  72 3619 331 30%
c - 38.56 13 11 0 188 447 1 1712440 11662 1.6 15 9 2 7 83%  72 3619 331 30%
c I 38.62 13 11 0 188 449 1 1714995 13012 1.6 15 9 2 7 83%  72 3619 331 30%
c o 38.62 13 11 0 188 449 1 1714995 13012 1.6 15 9 2 7 83%  72 3619 331 30%
c - 38.84 13 11 0 189 454 1 1726153 12910 1.6 15 9 2 7 83%  72 3619 331 30%
c - 39.14 13 11 0 190 459 1 1739900 12712 1.6 15 9 2 7 83%  72 3619 331 30%
c - 39.47 13 11 0 191 466 1 1753686 13367 1.6 14 9 2 7 84%  72 3619 331 30%
c - 39.82 13 11 0 192 474 1 1767508 14072 1.6 14 9 2 7 85%  72 3619 331 30%
c - 40.15 13 11 0 193 475 1 1781365 13824 1.6 14 9 2 7 86%  72 3619 331 30%
c - 40.45 13 11 0 194 478 1 1795257 14894 1.6 14 9 2 7 86%  73 3619 331 30%
c - 40.78 13 11 0 195 486 1 1809185 15121 1.6 14 9 2 7 86%  74 3619 331 30%
c - 41.12 13 10 0 196 490 1 1823149 15751 1.6 13 9 2 7 87%  76 3619 331 30%
c i 41.25 13 10 0 196 493 1 1828441 18105 1.6 13 9 2 7 87%  85 3619 330 30%
c u 41.32 13 10 0 196 495 1 1830356 9137 1.6 13 9 2 7 87%  89 3389 330 30%
c v 41.36 13 10 0 196 495 1 1830356 8017 1.6 13 9 2 7 87%  89 3389 330 30%
c w 41.39 13 10 0 196 495 1 1830356 7575 1.6 13 9 2 7 87%  89 3389 330 30%
c - 41.55 13 10 0 197 497 1 1837149 7636 1.5 13 9 2 7 87%  76 3389 330 30%
c
c seconds  switched    rate          size/glue tier1   binary      remaining
c        MB  reductions   conflicts        size  tier2   irredundant
c         level   restarts      redundant    glue   trail      variables
c
c - 41.88 13 10 0 198 505 1 1851184 9724 1.5 13 9 2 7 88%  76 3389 330 30%
c B 42.01 13 10 0 198 505 1 1856142 11400 1.5 13 9 2 7 88%  76 3389 330 30%
c - 42.23 13 10 0 199 506 1 1865256 11753 1.5 13 9 2 7 89%  77 3389 330 30%
c - 42.59 13 10 0 200 507 1 1879363 13532 1.5 13 9 2 7 89%  77 3389 330 30%
c - 42.97 13 10 0 201 507 1 1893507 13430 1.5 13 9 2 7 89%  78 3389 330 30%
c - 43.30 13 10 0 202 508 1 1907684 13843 1.5 13 8 2 7 90%  78 3389 330 30%
c - 43.68 13 10 0 203 508 1 1921897 15547 1.5 13 8 2 7 89%  80 3389 330 30%
c i 43.75 13 10 0 203 508 1 1924109 16620 1.5 13 8 2 7 89%  86 3389 328 29%
c o 43.75 13 10 0 203 508 1 1924109 16620 1.5 13 8 2 7 89%  86 3389 328 29%
c - 44.06 13 10 0 204 508 1 1936146 10389 1.5 13 8 2 7 89%  75 3389 328 29%
c - 44.38 13 10 0 205 508 1 1950429 13395 1.6 13 8 2 7 90%  76 3389 328 29%
c i 44.66 13 10 0 205 508 1 1962072 18785 1.6 12 8 2 7 89%  88 3389 327 29%
c - 44.73 13 10 0 206 508 1 1964746 10099 1.6 12 8 2 7 89%  85 3389 327 29%
c i 44.86 13 9 0 206 508 1 1970158 13022 1.6 12 8 2 7 89%  96 3389 326 29%
c i 44.95 13 9 0 206 509 1 1973409 14623 1.6 12 8 2 7 89% 107 3389 325 29%
c i 45.03 13 9 0 206 509 1 1976146 15603 1.6 12 8 2 7 89% 117 3389 324 29%
c i 45.06 13 9 0 206 509 1 1976995 15927 1.6 12 8 2 7 89% 125 3389 314 28%
c i 45.07 13 9 0 206 509 1 1977037 15934 1.6 12 8 2 7 89% 130 3389 310 28%
c i 45.07 13 9 0 206 509 1 1977073 15937 1.6 12 8 2 7 89% 135 3389 307 28%
c i 45.07 13 9 0 206 509 1 1977089 15938 1.6 12 8 2 7 89% 138 3389 301 27%
c
c seconds switched    rate           size/glue tier1   binary      remaining
c        MB reductions   conflicts         size  tier2   irredundant
c         level  restarts       redundant    glue   trail      variables
c
c i 45.07 13 9 0 206 509 1 1977096 15939 1.6 12 8 2 7 89% 140 3389 284 26%
c i 45.07 13 9 0 206 509 1 1977103 15940 1.6 12 8 2 7 89% 142 3389 283 25%
c i 45.07 13 9 0 206 509 1 1977105 15939 1.6 12 8 2 7 89% 143 3389 230 21%
c ] 45.07 13 9 0 206 509 1 1977108 15939 1.6 12 8 2 7 89% 144 3389  0 0%
c 0 45.07 13 0 0 206 509 0 1977108 15939 0.0 0 0 2 6 0% 144 3389  0 0%
c
c ---- [ result ] ------------------------------------------------------------
c
s UNSATISFIABLE
c
c ---- [ profiling ] ---------------------------------------------------------
c
c          41.53   92.15 %  search
c          41.53   92.15 %  stable
c           3.52    7.80 %  simplify
c           3.45    7.66 %  probe
c           2.16    4.79 %  vivify
c           1.22    2.71 %  sweep
c           0.25    0.55 %  reduce
c           0.04    0.10 %  eliminate
c           0.04    0.09 %  walking
c           0.04    0.09 %  substitute
c           0.02    0.05 %  factor
c           0.02    0.05 %  preprocess
c           0.01    0.02 %  subsume
c           0.01    0.01 %  congruence
c           0.00    0.01 %  transitive
c           0.00    0.00 %  backbone
c           0.00    0.00 %  parse
c           0.00    0.00 %  lucky
c =============================================
c          45.07  100.00 %  total
c
c ---- [ statistics ] --------------------------------------------------------
c
c conflicts:                          1977108            43866.20 per second
c congruent:                               43                4 %  variables
c decisions:                          2072849                1.05 per conflict
c eliminated:                             765               69 %  variables
c factored:                                59                5 %  variables
c iterations:                              15                1 %  variables
c propagations:                     243128944          5394315    per second
c reductions:                             206             9598    interval
c reordered:                               18           109839    interval
c rephased:                                34            58150    interval
c restarts:                               509             3884    interval
c strengthened:                           910                0 %  checks
c substituted:                             71                6 %  variables
c subsumed:                               610                0 %  checks
c switched:                                 0                0    interval
c vivified:                            132729               49 %  checks
c walks:                                   11           179737    interval
c
c ---- [ glue usage ] --------------------------------------------------------
c
c stable glue 2   used 5979967 clauses 23.07% accumulated 63.78% tier1
c stable glue 3   used 3357379 clauses 12.95% accumulated 76.73%
c stable glue 4-5 used 2527368 clauses  9.75% accumulated 86.48%
c stable glue 6   used  648878 clauses  2.50% accumulated 88.98%
c stable glue 7   used  507159 clauses  1.96% accumulated 90.94% tier2
c
c ---- [ resources ] ---------------------------------------------------------
c
c maximum-resident-set-size:        377647104 bytes        360 MB
c process-time:                            45s              45.07 seconds
c
c ---- [ shutting down ] -----------------------------------------------------
c
c exit 20
