c ---- [ banner ] ------------------------------------------------------------
c
c Kissat SAT Solver
c 
c Copyright (c) 2021-2024 Armin Biere University of Freiburg
c Copyright (c) 2019-2021 Armin Biere Johannes Kepler University Linz
c 
c Version 4.0.4 8af8e56f174b778aef3aa45af9f739b2a5f492c2
c gcc (GCC) 15.2.1 20260123 (Red Hat 15.2.1-7) -W -Wall -O3 -DNDEBUG
c Thu Apr 23 06:47:51 PM IST 2026 Linux krishnendu-LN 6.19.12-200.fc43.x86_64 x86_64
c
c ---- [ parsing ] -----------------------------------------------------------
c
c opened and reading DIMACS file:
c
c   /home/krishnendu/Research/fv-invariant-mining/data/circuits/cnf/miter_mult_9bit.cnf
c
c parsed 'p cnf 873 3299' header
c closing input after reading 48449 bytes (47 KB)
c finished parsing after 0.00 seconds
c
c ---- [ options ] -----------------------------------------------------------
c
c --decay=70                       (different from default '50')
c
c ---- [ solving ] -----------------------------------------------------------
c
c seconds switched rate     size/glue tier1  binary      remaining
c        MB reductions conflicts size  tier2   irredundant
c         level restarts redundant glue  trail       variables
c
c *  0.00  3 0 0 0  0 0   0   0 0.0 0 0 0 0 0% 1142 2155 870 100%
c (  0.00  3 0 0 0  0 0   0   0 0.0 0 0 0 0 0% 1142 2155 870 100%
c .  0.00  3 0 0 0  0 0   0   0 0.0 0 0 0 0 0% 1138 2155 870 100%
c c  0.00  3 0 0 0  0 0   0   0 0.0 0 0 0 0 0% 1186 2153 836 96%
c d  0.00  3 0 0 0  0 0   0   0 0.0 0 0 0 0 0% 1070 2153 836 96%
c =  0.02  3 0 0 0  0 0   0   0 0.0 0 0 0 0 0% 1084 2141 828 95%
c d  0.02  3 0 0 0  0 0   0   0 0.0 0 0 0 0 0% 1064 2141 828 95%
c f  0.02  4 0 0 0  0 0   0   0 0.0 0 0 0 0 0% 1040 2124 852 98%
c )  0.02  4 0 0 0  0 0   0   0 0.0 0 0 0 0 0% 1040 2124 852 98%
c {  0.02  4 0 0 0  0 0   0   0 0.0 0 0 2 6 0% 1040 2124 852 98%
c -  0.04  4 18 0 1 297 3 1002 460 1.8 20 11 3 14 84% 1052 2124 852 98%
c }  0.04  4 18 1 1 297 3 1002 460 1.8 20 11 3 14 84% 1052 2124 852 98%
c [  0.04  4 0 1 1 297 0 1002 460 0.0 0 0 2 6 0% 1052 2124 852 98%
c B  0.04  4 0 1 1 297 0 1002 460 0.0 0 0 2 6 0% 1052 2124 852 98%
c -  0.06  4 64 1 2 297 1 2003 1222 2.4 18 7 3 10 91% 1053 2124 852 98%
c W  0.06  4 64 1 2 297 1 2003 1222 2.4 18 7 3 10 91% 1053 2124 852 98%
c ]  0.07  4 43 2 2 298 1 2764 1898 2.3 19 8 4 10 89% 1055 2124 852 98%
c {  0.07  4 18 2 2 298 3 2764 1898 1.8 20 11 3 14 84% 1055 2124 852 98%
c -  0.09  4 16 2 3 302 2 3417 2015 2.1 22 10 2 12 85% 1059 2124 852 98%
c c  0.09  4 16 2 3 302 2 3512 2101 2.2 22 10 2 12 85% 1067 2124 850 97%
c
c seconds  switched  rate       size/glue  tier1     binary      remaining
c        MB reductions conflicts      size   tier2     irredundant
c         level restarts   redundant     glue    trail       variables
c
c d  0.09  4 16 2 3 302 2 3512 2101 2.2 22 10 2 12 85% 1063 2124 850 97%
c u  0.09  4 16 2 3 302 2 3512 1986 2.2 22 10 2 12 85% 1063 2124 850 97%
c v  0.10  4 16 2 3 302 2 3512 1888 2.2 22 10 2 12 85% 1063 2124 850 97%
c w  0.10  4 16 2 3 302 2 3512 1888 2.2 22 10 2 12 85% 1063 2124 850 97%
c x  0.10  4 16 2 3 302 2 3512 1887 2.2 22 10 2 12 85% 1073 2073 850 97%
c =  0.11  4 16 2 3 302 2 3512 1887 2.2 22 10 2 12 85% 1099 2072 837 96%
c d  0.11  4 16 2 3 302 2 3512 1887 2.2 22 10 2 12 85% 1060 2072 837 96%
c t  0.11  4 16 2 3 302 2 3512 1887 2.2 22 10 2 12 85% 1050 2072 837 96%
c u  0.12  4 16 2 3 302 2 3512 1855 2.2 22 10 2 12 85% 1056 2072 837 96%
c v  0.12  4 16 2 3 302 2 3512 1818 2.2 22 10 2 12 85% 1056 2072 837 96%
c w  0.12  4 16 2 3 302 2 3512 1817 2.2 22 10 2 12 85% 1056 2072 837 96%
c x  0.12  4 16 2 3 302 2 3512 1817 2.2 22 10 2 12 85% 1057 2066 837 96%
c =  0.13  4 16 2 3 302 2 3512 1817 2.2 22 10 2 12 85% 1061 2064 835 96%
c d  0.13  4 16 2 3 302 2 3512 1817 2.2 22 10 2 12 85% 1056 2064 835 96%
c t  0.13  4 16 2 3 302 2 3512 1817 2.2 22 10 2 12 85% 1055 2064 835 96%
c }  0.14  4 16 3 3 302 2 3766 2061 2.4 23 10 2 12 84% 1055 2064 835 96%
c [  0.14  4 43 3 3 302 1 3766 2061 2.3 19 8 4 10 89% 1055 2064 835 96%
c I  0.15  4 36 3 3 302 1 4262 2538 2.5 20 8 4 10 88% 1057 2064 835 96%
c ]  0.16  4 31 4 3 303 1 4955 3170 2.4 20 9 3 10 89% 1057 2064 835 96%
c {  0.16  4 16 4 3 303 2 4955 3170 2.4 23 10 2 12 84% 1057 2064 835 96%
c
c seconds  switched  rate       size/glue  tier1     binary      remaining
c        MB reductions conflicts      size   tier2     irredundant
c         level restarts   redundant     glue    trail       variables
c
c -  0.16  4 16 4 4 303 2 5151 2729 2.4 23 10 3 11 84% 1057 2064 835 96%
c -  0.21  5 16 4 5 355 2 7151 3712 2.7 26 9 2 9 86% 1058 2064 835 96%
c }  0.22  5 15 5 5 355 2 7308 3862 2.8 26 9 2 9 86% 1060 2064 835 96%
c [  0.22  5 31 5 5 355 1 7308 3862 2.4 20 9 3 10 89% 1060 2064 835 96%
c B  0.24  5 27 5 5 355 1 8034 4567 2.6 23 9 3 10 90% 1060 2064 835 96%
c -  0.26  5 24 5 6 357 1 9387 4403 2.4 22 9 3 10 90% 1060 2064 835 96%
c ]  0.27  5 23 6 6 357 1 9979 4930 2.3 22 9 3 10 90% 1061 2064 835 96%
c {  0.27  5 15 6 6 357 2 9979 4930 2.8 26 9 2 9 86% 1061 2064 835 96%
c o  0.28  5 15 6 6 371 2 10159 5077 2.7 26 9 2 9 86% 1061 2064 835 96%
c u  0.29  6 16 6 6 427 2 10831 5446 2.6 25 9 2 9 86% 1062 2064 835 96%
c v  0.30  6 16 6 6 427 2 10831 5422 2.6 25 9 2 9 86% 1062 2064 835 96%
c w  0.30  6 16 6 6 427 2 10831 5400 2.6 25 9 2 9 86% 1062 2064 835 96%
c t  0.32  6 16 6 6 427 2 10831 5400 2.6 25 9 2 9 86% 1060 2064 835 96%
c -  0.33  6 16 6 7 548 2 11836 4598 2.4 23 9 2 10 86% 1061 2064 835 96%
c }  0.37  6 16 7 7 716 2 14049 6584 2.3 22 9 2 10 85% 1063 2064 835 96%
c [  0.37  6 23 7 7 716 1 14049 6584 2.3 22 9 3 10 90% 1063 2064 835 96%
c W  0.38  5 23 7 7 716 1 14049 6584 2.3 22 9 3 10 90% 1063 2064 835 96%
c -  0.39  5 22 7 8 716 1 14482 5113 2.3 21 10 3 10 89% 1063 2064 835 96%
c -  0.44  5 19 7 9 718 1 17311 5503 2.1 20 10 3 10 89% 1065 2064 835 96%
c e  0.45  5 19 7 9 718 1 17551 5727 2.1 20 10 3 10 89% 310 2488 508 58%
c
c seconds  switched  rate        size/glue  tier1    binary      remaining
c        MB reductions conflicts       size   tier2    irredundant
c         level restarts    redundant     glue    trail      variables
c
c 2  0.45  5 19 7 9 718 1 17551 5727 2.1 20 10 3 10 89% 308 2488 508 58%
c s  0.45  5 19 7 9 718 1 17551 5727 2.1 20 10 3 10 89% 313 2419 508 58%
c e  0.45  5 19 7 9 718 1 17551 5727 2.1 20 10 3 10 89% 305 2427 503 58%
c ^  0.45  5 19 7 9 718 1 17551 5727 2.1 20 10 3 10 89% 305 2427 503 58%
c ]  0.46  5 19 8 9 719 1 18173 2202 2.1 20 10 3 10 89% 305 2427 503 58%
c {  0.46  5 16 8 9 719 2 18173 2202 2.3 22 9 2 10 85% 305 2427 503 58%
c -  0.50  5 16 8 10 1057 2 20312 3083 2.2 21 10 2 10 82% 306 2427 503 58%
c u  0.55  5 16 8 10 1057 2 22194 4567 2.3 21 9 2 10 80% 308 2427 503 58%
c v  0.56  5 16 8 10 1057 2 22194 4493 2.3 21 9 2 10 80% 308 2427 503 58%
c w  0.56  5 16 8 10 1057 2 22194 4442 2.3 21 9 2 10 80% 308 2427 503 58%
c x  0.56  5 16 8 10 1057 2 22194 4439 2.3 21 9 2 10 80% 313 2332 503 58%
c t  0.56  5 16 8 10 1057 2 22194 4439 2.3 21 9 2 10 80% 308 2332 503 58%
c f  0.56  5 16 8 10 1057 2 22194 4439 2.3 21 9 2 10 80% 350 2240 525 60%
c u  0.56  5 16 8 10 1057 2 22194 4268 2.3 21 9 2 10 80% 350 2240 525 60%
c v  0.57  5 16 8 10 1057 2 22194 4092 2.3 21 9 2 10 80% 350 2240 525 60%
c w  0.57  5 16 8 10 1057 2 22194 4057 2.3 21 9 2 10 80% 350 2240 525 60%
c x  0.58  5 16 8 10 1057 2 22194 4057 2.3 21 9 2 10 80% 350 2231 525 60%
c =  0.60  5 16 8 10 1057 2 22194 4057 2.3 21 9 2 10 80% 350 2229 524 60%
c o  0.60  5 16 8 10 1057 2 22194 4043 2.3 21 9 2 10 80% 350 2229 524 60%
c -  0.62  6 16 8 11 1125 2 23475 4450 2.3 21 9 2 9 80% 348 2229 524 60%
c
c seconds  switched    rate        size/glue tier1   binary      remaining
c        MB  reductions  conflicts       size  tier2   irredundant
c         level   restarts    redundant    glue   trail      variables
c
c }  0.64  6 16 9 11 1162 2 24333 5263 2.4 22 9 2 9 80% 349 2229 524 60%
c [  0.64  6 19 9 11 1162 1 24333 5263 2.1 20 10 3 10 89% 349 2229 524 60%
c O  0.64  6 19 9 11 1162 1 24333 5263 2.1 20 10 3 10 89% 349 2229 524 60%
c -  0.69  6 18 9 12 1164 1 26792 5731 2.1 20 10 2 10 87% 350 2229 524 60%
c ]  0.77  6 17 10 12 1166 1 30199 8174 2.0 20 10 2 10 87% 351 2229 524 60%
c {  0.77  6 16 10 12 1166 2 30199 8174 2.4 22 9 2 9 80% 351 2229 524 60%
c -  0.77  6 16 10 13 1166 2 30257 5829 2.4 22 9 2 9 80% 351 2229 524 60%
c -  0.87  7 16 10 14 1365 2 33862 7065 2.5 23 9 2 8 80% 356 2228 524 60%
c s  0.92  7 16 10 14 1369 2 35541 8630 2.5 23 9 2 8 81% 357 2227 524 60%
c e  0.92  7 16 10 14 1369 2 35541 8630 2.5 23 9 2 8 81% 254 2391 447 51%
c s  0.92  7 16 10 14 1369 2 35541 8630 2.5 23 9 2 8 81% 255 2367 447 51%
c e  0.92  7 16 10 14 1369 2 35541 8630 2.5 23 9 2 8 81% 253 2370 445 51%
c ^  0.92  7 16 10 14 1369 2 35541 8630 2.5 23 9 2 8 81% 253 2370 445 51%
c -  0.97  6 16 10 15 1575 2 37603 4664 2.5 23 9 1 7 81% 254 2369 445 51%
c u  0.99  6 16 10 15 1575 2 38363 5084 2.6 23 9 1 7 81% 254 2369 445 51%
c v  1.00  7 16 10 15 1575 2 38363 4883 2.6 23 9 1 7 81% 254 2369 445 51%
c w  1.01  7 16 10 15 1575 2 38363 4852 2.6 23 9 1 7 81% 254 2369 445 51%
c =  1.05  7 16 10 15 1575 2 38363 4852 2.6 23 9 1 7 81% 256 2367 444 51%
c d  1.05  7 16 10 15 1575 2 38363 4852 2.6 23 9 1 7 81% 254 2367 444 51%
c t  1.05  7 16 10 15 1575 2 38363 4852 2.6 23 9 1 7 81% 252 2367 444 51%
c
c seconds   switched    rate        size/glue tier1   binary      remaining
c        MB   reductions  conflicts       size  tier2   irredundant
c         level    restarts    redundant    glue   trail      variables
c
c f  1.05  6 16 10 15 1575 2 38363 4852 2.6 23 9 1 7 81% 260 2344 449 51%
c u  1.05  6 16 10 15 1575 2 38363 4821 2.6 23 9 1 7 81% 260 2344 449 51%
c v  1.07  6 16 10 15 1575 2 38363 4673 2.6 23 9 1 7 81% 260 2344 449 51%
c w  1.07  6 16 10 15 1575 2 38363 4647 2.6 23 9 1 7 81% 260 2344 449 51%
c x  1.07  6 16 10 15 1575 2 38363 4644 2.6 23 9 1 7 81% 261 2311 449 51%
c }  1.13  6 16 11 15 1677 2 38826 5021 2.6 23 9 1 7 81% 261 2311 449 51%
c [  1.13  6 17 11 15 1677 1 38826 5021 2.0 20 10 2 10 87% 261 2311 449 51%
c B  1.13  6 17 11 15 1677 1 38826 5021 2.0 20 10 2 10 87% 261 2311 449 51%
c -  1.17  6 16 11 16 1679 1 41475 5218 2.0 20 10 2 9 86% 261 2310 449 51%
c o  1.20  6 16 11 16 1680 1 42946 6421 2.0 20 10 2 9 87% 261 2310 449 51%
c -  1.24  6 16 11 17 1682 1 45476 5711 2.0 20 10 2 10 87% 261 2310 449 51%
c -  1.31  6 15 11 18 1683 1 49599 5557 1.9 20 10 2 9 88% 261 2310 449 51%
c W  1.34  6 15 11 18 1683 1 51049 6499 1.9 19 10 2 9 88% 261 2310 449 51%
c ]  1.37  6 15 12 18 1685 1 52734 7754 1.9 19 10 2 9 88% 261 2310 449 51%
c {  1.37  6 16 12 18 1685 2 52734 7754 2.6 23 9 1 7 81% 261 2310 449 51%
c -  1.41  7 16 12 19 1968 2 53841 6156 2.5 23 9 1 7 81% 261 2310 449 51%
c -  1.52  7 15 12 20 1989 2 58199 8202 2.7 24 9 1 7 84% 261 2310 449 51%
c u  1.56  7 15 12 20 2158 2 59191 8886 2.7 24 9 1 7 84% 262 2310 449 51%
c v  1.57  8 15 12 20 2158 2 59191 8813 2.7 24 9 1 7 84% 262 2310 449 51%
c w  1.58  8 15 12 20 2158 2 59191 8737 2.7 24 9 1 7 84% 262 2310 449 51%
c
c seconds   switched    rate        size/glue tier1   binary      remaining
c        MB   reductions  conflicts       size  tier2   irredundant
c         level    restarts    redundant    glue   trail      variables
c
c x  1.58  8 15 12 20 2158 2 59191 8737 2.7 24 9 1 7 84% 262 2306 449 51%
c -  1.69  7 15 12 21 2731 2 62672 9347 2.7 24 9 1 6 83% 262 2306 449 51%
c }  1.74  8 16 13 21 3111 2 64213 10655 2.6 24 9 1 6 83% 262 2306 449 51%
c [  1.74  8 15 13 21 3111 1 64213 10655 1.9 19 10 2 9 88% 262 2306 449 51%
c I  1.78  7 15 13 21 3112 1 65954 11867 1.9 19 10 2 9 88% 262 2306 449 51%
c -  1.80  7 15 13 22 3113 1 67254 8440 1.9 19 10 2 9 88% 262 2306 449 51%
c -  1.88  8 15 13 23 3116 1 71944 7850 1.8 19 10 2 9 88% 262 2306 449 51%
c e  1.94  7 15 13 23 3117 1 74813 9994 1.8 19 10 2 9 88% 204 2421 416 48%
c s  1.94  7 15 13 23 3117 1 74813 9994 1.8 19 10 2 9 88% 204 2419 416 48%
c ^  1.94  7 15 13 23 3117 1 74813 9994 1.8 19 10 2 9 88% 204 2419 416 48%
c o  1.94  7 15 13 23 3117 1 74813 6426 1.8 19 10 2 9 88% 204 2419 416 48%
c -  1.97  6 15 13 24 3118 1 76739 5307 1.8 19 10 2 9 88% 204 2419 416 48%
c -  2.04  7 14 13 25 3121 1 81639 5672 1.8 19 10 2 9 87% 204 2419 416 48%
c B  2.07  7 14 13 25 3123 1 83756 7128 1.8 18 10 2 9 87% 205 2419 416 48%
c u  2.09  7 14 13 25 3124 1 84824 7717 1.8 18 10 2 9 87% 205 2419 416 48%
c v  2.11  7 14 13 25 3124 1 84824 7156 1.8 18 10 2 9 87% 205 2419 416 48%
c w  2.12  7 14 13 25 3124 1 84824 6142 1.8 18 10 2 9 87% 205 2419 416 48%
c t  2.18  7 14 13 25 3124 1 84824 6142 1.8 18 10 2 9 87% 204 2419 416 48%
c f  2.18  6 14 13 25 3124 1 84824 6142 1.8 18 10 2 9 87% 208 2405 418 48%
c u  2.18  6 14 13 25 3124 1 84824 6105 1.8 18 10 2 9 87% 208 2405 418 48%
c
c seconds   switched    rate        size/glue  tier1   binary      remaining
c        MB   reductions  conflicts       size   tier2   irredundant
c         level    restarts    redundant     glue   trail      variables
c
c v  2.19  7 14 13 25 3124 1 84824 5716 1.8 18 10 2 9 87% 208 2405 418 48%
c w  2.20  7 14 13 25 3124 1 84824 5619 1.8 18 10 2 9 87% 208 2405 418 48%
c x  2.20  7 14 13 25 3124 1 84824 5619 1.8 18 10 2 9 87% 208 2381 418 48%
c ]  2.21  7 14 14 25 3124 1 85511 6050 1.8 18 10 2 9 87% 208 2381 418 48%
c {  2.21  7 16 14 25 3124 2 85511 6050 2.6 24 9 1 6 83% 208 2381 418 48%
c -  2.24  7 16 14 26 3276 2 86639 5104 2.6 24 9 1 6 83% 208 2381 418 48%
c -  2.35  7 15 14 27 3587 2 91739 7773 2.6 24 9 1 6 83% 209 2381 418 48%
c -  2.50  7 15 14 28 4022 2 96936 10004 2.6 24 9 1 6 83% 209 2381 418 48%
c }  2.58  7 15 15 28 4095 2 100227 12971 2.6 24 9 1 6 84% 209 2381 418 48%
c [  2.58  7 14 15 28 4095 1 100227 12971 1.8 18 10 2 9 87% 209 2381 418 48%
c -  2.63  8 14 15 29 4096 1 102228 11934 1.8 19 10 2 9 87% 209 2381 418 48%
c W  2.69  7 14 15 29 4098 1 104667 14153 1.9 19 10 2 9 87% 209 2381 418 48%
c -  2.75  8 14 15 30 4100 1 107615 12127 1.9 19 10 2 9 87% 209 2381 418 48%
c -  2.87  8 14 15 31 4102 1 113092 10738 1.9 19 10 2 9 88% 209 2381 418 48%
c u  2.94  8 14 15 31 4104 1 115396 11833 1.9 19 10 2 9 88% 209 2381 418 48%
c v  2.96  8 14 15 31 4104 1 115396 11730 1.9 19 10 2 9 88% 209 2381 418 48%
c w  2.97  8 14 15 31 4104 1 115396 11687 1.9 19 10 2 9 88% 209 2381 418 48%
c x  2.97  8 14 15 31 4104 1 115396 11687 1.9 19 10 2 9 88% 209 2380 418 48%
c o  2.97  8 14 15 31 4104 1 115396 11687 1.9 19 10 2 9 88% 209 2380 418 48%
c ]  3.01  8 14 16 31 4106 1 117840 13373 1.9 19 10 2 9 88% 209 2380 418 48%
c
c seconds   switched    rate          size/glue tier1   binary      remaining
c        MB   reductions  conflicts         size  tier2   irredundant
c         level    restarts      redundant    glue   trail      variables
c
c {  3.01  8 15 16 31 4106 2 117840 13373 2.6 24 9 1 6 84% 209 2380 418 48%
c -  3.04  8 15 16 32 4311 2 118659 9493 2.6 24 9 1 5 84% 209 2380 418 48%
c -  3.22  8 15 16 33 5352 2 124316 10296 2.5 24 9 1 5 84% 210 2380 418 48%
c -  3.37  8 15 16 34 5352 2 130060 12991 2.6 24 9 1 5 84% 210 2380 418 48%
c -  3.57  8 15 16 35 5858 2 135890 15086 2.6 24 9 1 5 84% 210 2380 418 48%
c }  3.58  8 15 17 35 5930 2 136178 15339 2.6 24 9 1 5 84% 210 2380 418 48%
c [  3.58  8 14 17 35 5930 1 136178 15339 1.9 19 10 2 9 88% 210 2380 418 48%
c O  3.58  8 14 17 35 5930 1 136178 15339 1.9 19 10 2 9 88% 210 2380 418 48%
c e  3.63  8 14 17 35 5931 1 138066 16604 1.9 19 10 2 9 88% 146 2593 375 43%
c s  3.63  8 14 17 35 5931 1 138066 16604 1.9 19 10 2 9 88% 146 2539 375 43%
c e  3.63  8 14 17 35 5931 1 138066 16604 1.9 19 10 2 9 88% 144 2548 373 43%
c ^  3.63  8 14 17 35 5931 1 138066 16604 1.9 19 10 2 9 88% 144 2548 373 43%
c -  3.70  8 14 17 36 5934 1 141807 8238 1.8 19 10 2 8 88% 144 2548 373 43%
c -  3.81  8 14 17 37 5936 1 147807 7760 1.8 19 10 2 8 87% 144 2548 373 43%
c u  3.88  8 14 17 37 5939 1 151125 9125 1.8 19 10 2 8 88% 144 2548 373 43%
c v  3.92  8 14 17 37 5939 1 151125 8259 1.8 19 10 2 8 88% 144 2548 373 43%
c w  3.93  8 14 17 37 5939 1 151125 7004 1.8 19 10 2 8 88% 144 2548 373 43%
c -  4.08  6 14 17 38 5941 1 153890 6523 1.8 18 10 2 8 87% 144 2548 373 43%
c -  4.19  7 14 17 39 5943 1 160055 7733 1.8 18 10 2 8 86% 144 2548 373 43%
c B  4.27  7 13 17 39 5944 1 163919 10014 1.8 18 10 2 8 86% 144 2548 373 43%
c
c seconds   switched    rate         size/glue  tier1   binary      remaining
c        MB   reductions  conflicts        size   tier2   irredundant
c         level    restarts     redundant     glue   trail      variables
c
c -  4.31  7 13 17 40 5944 1 166300 8623 1.8 18 10 2 8 86% 144 2548 373 43%
c ]  4.32  7 13 18 40 5944 1 166428 8732 1.8 18 10 2 8 86% 144 2548 373 43%
c {  4.32  7 15 18 40 5944 2 166428 8732 2.6 24 9 1 5 84% 144 2548 373 43%
c o  4.32  7 15 18 40 5961 2 166498 8784 2.6 24 9 1 5 84% 144 2548 373 43%
c -  4.50  7 15 18 41 6127 2 172626 11759 2.7 24 9 1 5 85% 145 2548 373 43%
c -  4.68  8 14 18 42 6322 2 179029 13325 2.7 24 9 1 5 85% 146 2548 373 43%
c -  4.89  8 14 18 43 6458 2 185510 13023 2.6 23 9 1 5 85% 149 2548 373 43%
c }  5.00  8 14 19 43 6731 2 188773 15444 2.6 23 9 1 5 85% 149 2548 373 43%
c [  5.00  8 13 19 43 6731 1 188773 15444 1.8 18 10 2 8 86% 149 2548 373 43%
c u  5.11  8 13 19 43 6733 1 191847 17610 1.8 18 10 2 8 86% 149 2548 373 43%
c v  5.13  9 13 19 43 6733 1 191847 17185 1.8 18 10 2 8 86% 149 2548 373 43%
c w  5.15  9 13 19 43 6733 1 191847 17035 1.8 18 10 2 8 86% 149 2548 373 43%
c x  5.16  8 13 19 43 6733 1 191847 17029 1.8 18 10 2 8 86% 150 2493 373 43%
c t  5.16  8 13 19 43 6733 1 191847 17029 1.8 18 10 2 8 86% 149 2493 373 43%
c -  5.16  8 13 19 44 6733 1 192068 13448 1.8 18 10 2 8 86% 149 2493 373 43%
c W  5.23  7 13 19 44 6736 1 195369 15673 1.8 18 10 2 8 86% 149 2493 373 43%
c -  5.29  7 13 19 45 6737 1 198702 12472 1.8 18 10 2 8 86% 149 2493 373 43%
c -  5.43  8 13 19 46 6741 1 205411 9708 1.8 18 10 2 8 87% 149 2493 373 43%
c -  5.57  8 13 19 47 6744 1 212193 9343 1.8 18 10 2 8 87% 149 2493 373 43%
c -  5.72  8 13 19 48 6745 1 219049 9343 1.8 18 10 2 8 87% 149 2493 373 43%
c
c seconds   switched    rate          size/glue  tier1   binary      remaining
c        MB   reductions  conflicts         size   tier2   irredundant
c         level    restarts      redundant     glue   trail      variables
c
c ]  5.79  8 13 20 48 6746 1 222494 11225 1.8 18 10 2 8 87% 149 2493 373 43%
c {  5.79  8 14 20 48 6746 2 222494 11225 2.6 23 9 1 5 85% 149 2493 373 43%
c -  5.90  8 14 20 49 7637 2 225979 10272 2.5 22 9 1 4 85% 150 2493 373 43%
c o  5.92  8 14 20 49 7864 2 226813 10921 2.5 22 9 1 4 85% 150 2493 373 43%
c e  5.95  8 14 20 49 8056 2 227551 11544 2.5 22 9 1 4 85%  90 2957 311 36%
c 2  5.95  8 14 20 49 8056 2 227551 11544 2.5 22 9 1 4 85%  89 2957 311 36%
c s  5.95  8 14 20 49 8056 2 227551 11544 2.5 22 9 1 4 85%  91 2845 311 36%
c e  5.95  8 14 20 49 8056 2 227551 11544 2.5 22 9 1 4 85%  84 2885 306 35%
c ^  5.95  8 14 20 49 8056 2 227551 11544 2.5 22 9 1 4 85%  84 2885 306 35%
c -  6.07  8 14 20 50 8567 2 232980 8136 2.5 22 9 1 4 85%  84 2885 306 35%
c u  6.20  7 14 20 50 9326 2 238089 11744 2.4 22 9 1 4 85%  85 2885 306 35%
c v  6.22  8 14 20 50 9326 2 238089 11280 2.4 22 9 1 4 85%  85 2885 306 35%
c w  6.23  8 14 20 50 9326 2 238089 11067 2.4 22 9 1 4 85%  85 2885 306 35%
c x  6.24  8 14 20 50 9326 2 238089 11063 2.4 22 9 1 4 85%  86 2746 306 35%
c t  6.24  8 14 20 50 9326 2 238089 11063 2.4 22 9 1 4 85%  85 2746 306 35%
c -  6.30  8 14 20 51 9583 2 240052 9382 2.4 22 9 1 4 85%  85 2746 306 35%
c -  6.49  8 14 20 52 10234 2 247194 10616 2.4 22 9 1 4 85%  85 2746 306 35%
c }  6.54  8 14 21 52 10528 2 249234 12365 2.4 22 9 1 4 85%  85 2746 306 35%
c [  6.54  8 13 21 52 10528 1 249234 12365 1.8 18 10 2 8 87%  85 2746 306 35%
c I  6.54  8 13 21 52 10528 1 249234 12365 1.8 18 10 2 8 87%  85 2746 306 35%
c
c seconds   switched     rate          size/glue  tier1   binary      remaining
c        MB   reductions   conflicts         size   tier2   irredundant
c         level    restarts       redundant     glue   trail      variables
c
c -  6.61  8 13 21 53 10532 1 254405 10713 1.7 18 10 2 8 87%  85 2746 306 35%
c -  6.73  8 13 21 54 10535 1 261685 9213 1.7 17 10 2 8 87%  85 2746 306 35%
c -  6.84  7 13 21 55 10540 1 269034 8649 1.7 17 10 2 8 87%  85 2746 306 35%
c -  6.98  8 13 21 56 10542 1 276450 8922 1.7 17 10 2 8 88%  85 2746 306 35%
c -  7.10  8 13 21 57 10544 1 283936 9894 1.7 17 10 2 8 87%  85 2746 306 35%
c B  7.19  8 13 21 57 10548 1 288674 12853 1.7 17 10 2 8 88%  85 2746 306 35%
c u  7.21  8 13 21 57 10548 1 289266 12842 1.7 17 10 2 8 88%  85 2746 306 35%
c v  7.23  8 13 21 57 10548 1 289266 12310 1.7 17 10 2 8 88%  85 2746 306 35%
c w  7.24  9 13 21 57 10548 1 289266 10577 1.7 17 10 2 8 88%  85 2746 306 35%
c x  7.25  9 13 21 57 10548 1 289266 10577 1.7 17 10 2 8 88%  85 2728 306 35%
c ]  7.25  7 13 22 57 10548 1 289277 10586 1.7 17 10 2 8 88%  85 2728 306 35%
c {  7.25  7 14 22 57 10548 2 289277 10586 2.4 22 9 1 4 85%  85 2728 306 35%
c -  7.29  8 14 22 58 10812 2 291485 8977 2.3 22 9 1 5 85%  85 2728 306 35%
c o  7.40  8 14 22 58 11158 2 297887 13267 2.3 21 9 1 5 86%  85 2728 306 35%
c -  7.42  8 14 22 59 11295 2 299100 9634 2.3 21 9 1 5 86%  85 2728 306 35%
c -  7.54  8 14 22 60 11714 2 306783 10407 2.2 21 9 1 5 86%  85 2728 306 35%
c -  7.68  8 14 22 61 11932 2 314529 11476 2.1 20 9 1 5 86%  85 2728 306 35%
c }  7.81  8 14 23 61 12241 2 320796 15771 2.1 20 9 1 5 86%  85 2728 306 35%
c [  7.81  8 13 23 61 12241 1 320796 15771 1.7 17 10 2 8 88%  85 2728 306 35%
c -  7.84  8 13 23 62 12242 1 322339 12538 1.7 17 10 2 8 88%  85 2728 306 35%
c
c seconds   switched     rate          size/glue  tier1   binary      remaining
c        MB   reductions   conflicts         size   tier2   irredundant
c         level    restarts       redundant     glue   trail      variables
c
c -  7.99  8 13 23 63 12247 1 330214 11854 1.7 17 10 2 8 87%  85 2728 306 35%
c W  8.03  7 13 23 63 12247 1 332385 13046 1.6 17 10 2 8 87%  85 2728 306 35%
c -  8.14  8 13 23 64 12251 1 338153 9661 1.6 17 10 2 7 87%  85 2728 306 35%
c e  8.26  8 13 23 64 12254 1 344060 13469 1.6 16 10 2 7 87%  55 3218 267 31%
c s  8.26  8 13 23 64 12254 1 344060 13469 1.6 16 10 2 7 87%  55 3038 267 31%
c e  8.26  8 13 23 64 12254 1 344060 13469 1.6 16 10 2 7 87%  52 3092 263 30%
c !  8.26  8 13 23 64 12254 1 344060 13469 1.6 16 10 2 7 87%  52 3092 263 30%
c u  8.31  7 13 23 64 12255 1 346048 9411 1.6 17 10 2 7 87%  52 3092 263 30%
c v  8.34  7 13 23 64 12255 1 346048 7841 1.6 17 10 2 7 87%  52 3092 263 30%
c w  8.36  8 13 23 64 12255 1 346048 5071 1.6 17 10 2 7 87%  52 3092 263 30%
c f  8.40  7 13 23 64 12255 1 346048 5071 1.6 17 10 2 7 87%  53 3072 264 30%
c u  8.40  7 13 23 64 12255 1 346048 5008 1.6 17 10 2 7 87%  53 3072 264 30%
c v  8.42  7 13 23 64 12255 1 346048 4497 1.6 17 10 2 7 87%  53 3072 264 30%
c w  8.44  8 13 23 64 12255 1 346048 4065 1.6 17 10 2 7 87%  53 3072 264 30%
c x  8.45  8 13 23 64 12255 1 346048 4062 1.6 17 10 2 7 87%  54 2966 264 30%
c t  8.45  8 13 23 64 12255 1 346048 4062 1.6 17 10 2 7 87%  53 2966 264 30%
c -  8.45  6 13 23 65 12255 1 346153 3045 1.6 17 10 2 7 87%  53 2966 264 30%
c ]  8.53  7 13 24 65 12255 1 351676 6411 1.6 17 10 2 7 87%  53 2966 264 30%
c {  8.53  7 14 24 65 12255 2 351676 6411 2.1 20 9 1 5 86%  53 2966 264 30%
c -  8.58  7 14 24 66 12358 2 354217 5295 2.1 20 9 1 5 86%  53 2966 264 30%
c
c seconds   switched     rate         size/glue tier1   binary      remaining
c        MB   reductions   conflicts        size  tier2   irredundant
c         level    restarts      redundant    glue   trail      variables
c
c -  8.73  7 14 24 67 12892 2 362341 8078 2.1 20 9 1 5 86%  53 2966 264 30%
c -  8.91  8 13 24 68 12911 2 370528 11625 2.2 20 9 1 5 86%  53 2966 264 30%
c -  9.07  8 13 24 69 12929 2 378776 14685 2.3 20 9 1 5 86%  53 2966 264 30%
c o  9.10  8 13 24 69 12930 2 380209 15918 2.3 20 9 1 5 86%  53 2966 264 30%
c -  9.29  9 13 24 70 13641 2 387083 15245 2.3 20 9 1 5 86%  53 2966 264 30%
c }  9.32  8 13 25 70 13819 2 388353 16124 2.3 20 9 1 5 86%  53 2966 264 30%
c [  9.32  8 13 25 70 13819 1 388353 16124 1.6 17 10 2 7 87%  53 2966 264 30%
c O  9.32  8 13 25 70 13819 1 388353 16124 1.6 17 10 2 7 87%  53 2966 264 30%
c -  9.49  8 13 25 71 13824 1 395449 13893 1.6 17 10 2 7 88%  53 2966 264 30%
c -  9.68  7 12 25 72 13828 1 403876 12033 1.7 16 10 2 7 88%  53 2966 264 30%
c u  9.78  8 12 25 72 13831 1 407786 13525 1.7 16 10 2 7 88%  53 2966 264 30%
c v  9.82  8 12 25 72 13831 1 407786 12729 1.7 16 10 2 7 88%  53 2966 264 30%
c w  9.83  8 12 25 72 13831 1 407786 11398 1.7 16 10 2 7 88%  53 2966 264 30%
c x  9.84  8 12 25 72 13831 1 407786 11395 1.7 16 10 2 7 88%  53 2953 264 30%
c -  9.93  8 12 25 73 13832 1 412362 9737 1.7 16 10 2 7 88%  53 2953 264 30%
c - 10.10  8 12 25 74 13833 1 420908 10249 1.7 16 10 2 7 88%  53 2953 264 30%
c ] 10.12  8 12 26 74 13834 1 422153 10728 1.7 16 10 2 7 88%  53 2953 264 30%
c { 10.12  8 13 26 74 13834 2 422153 10728 2.3 20 9 1 5 86%  53 2953 264 30%
c - 10.30  8 13 26 75 14390 2 429510 12757 2.2 20 9 1 5 86%  55 2952 264 30%
c - 10.47  8 13 26 76 14578 1 438172 13538 2.2 20 9 1 5 86%  55 2952 264 30%
c
c seconds   switched     rate          size/glue tier1   binary      remaining
c        MB   reductions   conflicts         size  tier2   irredundant
c         level    restarts       redundant    glue   trail      variables
c
c - 10.67  8 13 26 77 14581 1 446889 16009 2.3 20 9 1 5 87%  55 2952 264 30%
c - 10.86  8 12 26 78 14866 1 455663 17722 2.2 19 9 1 5 87%  57 2952 264 30%
c } 11.13  9 12 27 78 15772 1 464371 24081 2.2 19 9 1 5 87%  57 2952 264 30%
c [ 11.13  9 12 27 78 15772 1 464371 24081 1.7 16 10 2 7 88%  57 2952 264 30%
c B 11.13  9 12 27 78 15772 1 464371 24081 1.7 16 10 2 7 88%  57 2952 264 30%
c - 11.14  8 12 27 79 15772 1 464495 17566 1.7 16 10 2 7 88%  57 2952 264 30%
c - 11.35  9 12 27 80 15778 1 473385 16146 1.7 16 10 2 7 89%  57 2952 264 30%
c u 11.42  8 12 27 80 15778 1 475269 16225 1.7 16 10 2 7 89%  68 2952 264 30%
c v 11.47  8 12 27 80 15778 1 475269 14929 1.7 16 10 2 7 89%  70 2952 264 30%
c w 11.49  8 12 27 80 15778 1 475269 14257 1.7 16 10 2 7 89%  71 2952 264 30%
c t 11.49  8 12 27 80 15778 1 475269 14257 1.7 16 10 2 7 89%  69 2952 264 30%
c o 11.49  8 12 27 80 15778 1 475269 14257 1.7 16 10 2 7 89%  69 2952 264 30%
c - 11.63  7 12 27 81 15783 1 482329 12656 1.7 16 9 2 7 89%  70 2952 264 30%
c s 11.78  8 12 27 81 15786 1 489858 16752 1.6 15 9 2 7 88%  75 2874 264 30%
c e 11.78  7 12 27 81 15786 1 489858 16752 1.6 15 9 2 7 88%  64 2988 255 29%
c s 11.78  7 12 27 81 15786 1 489858 16752 1.6 15 9 2 7 88%  64 2922 255 29%
c e 11.78  7 12 27 81 15786 1 489858 16752 1.6 15 9 2 7 88%  62 2938 254 29%
c - 11.81  8 12 27 82 15786 1 491329 11874 1.6 15 9 2 7 88%  62 2938 254 29%
c - 11.97  8 11 27 83 15789 1 500384 11381 1.6 15 9 2 7 89%  63 2938 254 29%
c - 12.14  8 11 27 84 15793 1 509496 12092 1.6 15 9 2 7 89%  65 2937 254 29%
c
c seconds   switched     rate          size/glue tier1   binary      remaining
c        MB   reductions   conflicts         size  tier2   irredundant
c         level    restarts       redundant    glue   trail      variables
c
c i 12.14  7 11 27 84 15794 1 509772 12174 1.6 15 9 2 7 89%  71 2937 253 29%
c ] 12.22  7 11 28 84 15796 1 513123 13720 1.6 15 9 2 7 89%  71 2937 253 29%
c { 12.22  7 12 28 84 15796 1 513123 13720 2.2 19 9 1 5 87%  71 2937 253 29%
c - 12.34  8 12 28 85 15908 1 518665 9322 2.2 19 9 1 5 87%  56 2937 253 29%
c - 12.58  8 12 28 86 16142 1 527885 14023 2.3 19 9 1 5 87%  57 2937 253 29%
c - 12.80  8 12 28 87 16212 1 537158 15919 2.2 19 8 1 5 88%  59 2937 253 29%
c i 12.88  8 12 28 87 16212 1 540389 17547 2.2 18 8 1 5 88%  69 2937 252 29%
c - 13.05  9 11 28 88 16226 1 546485 12959 2.2 18 8 1 5 88%  65 2937 252 29%
c i 13.07  8 11 28 88 16226 1 547376 13434 2.2 18 8 1 5 88%  71 2937 251 29%
c u 13.12  8 11 28 88 16226 1 548497 11984 2.3 18 8 1 5 88% 129 2582 251 29%
c v 13.17  8 11 28 88 16226 1 548497 10938 2.3 18 8 1 5 88% 129 2582 251 29%
c w 13.18  8 11 28 88 16226 1 548497 10547 2.3 18 8 1 5 88% 129 2582 251 29%
c x 13.19  8 11 28 88 16226 1 548497 10520 2.3 18 8 1 5 88% 151 2300 251 29%
c d 13.19  8 11 28 88 16226 1 548497 10518 2.3 18 8 1 5 88% 149 2300 250 29%
c t 13.19  8 11 28 88 16226 1 548497 10518 2.3 18 8 1 5 88% 137 2300 250 29%
c u 13.21  8 11 28 88 16226 1 548497 10157 2.3 18 8 1 5 88% 142 2300 250 29%
c v 13.26  8 11 28 88 16226 1 548497 8293 2.3 18 8 1 5 88% 148 2300 250 29%
c w 13.27  8 11 28 88 16226 1 548497 7812 2.3 18 8 1 5 88% 148 2300 250 29%
c x 13.28  8 11 28 88 16226 1 548497 7803 2.3 18 8 1 5 88% 154 2205 250 29%
c = 13.47  7 11 28 88 16226 1 548497 7803 2.3 18 8 1 5 88% 160 2169 246 28%
c
c seconds   switched     rate         size/glue tier1   binary      remaining
c        MB   reductions   conflicts        size  tier2   irredundant
c         level    restarts      redundant    glue   trail      variables
c
c d 13.47  7 11 28 88 16226 1 548497 7158 2.3 18 8 1 5 88% 158 2169 246 28%
c t 13.47  7 11 28 88 16226 1 548497 7158 2.3 18 8 1 5 88% 150 2169 246 28%
c i 13.51  7 11 28 88 16227 1 550393 8313 2.2 18 8 1 5 88% 153 2169 233 27%
c i 13.52  7 11 28 88 16227 1 550686 8509 2.2 18 8 1 5 88% 158 2169 231 26%
c i 13.53  7 11 28 88 16227 1 550875 8567 2.2 18 8 1 5 88% 164 2169 229 26%
c i 13.53  7 11 28 88 16227 1 551163 8706 2.2 18 8 1 5 88% 169 2169 218 25%
c i 13.53  7 11 28 88 16227 1 551223 8729 2.2 18 8 1 5 88% 174 2169 173 20%
c } 13.53  7 11 28 88 16227 1 551278 8762 2.2 18 8 1 5 88% 180 2169 108 12%
c 0 13.53  7 11 28 88 16227 1 551278 8762 2.2 18 8 1 5 88% 180 2169 108 12%
c
c ---- [ result ] ------------------------------------------------------------
c
s UNSATISFIABLE
c
c ---- [ profiling ] ---------------------------------------------------------
c
c          12.02   88.78 %  search
c           6.48   47.91 %  focused
c           5.53   40.87 %  stable
c           1.50   11.08 %  simplify
c           1.47   10.87 %  probe
c           0.87    6.44 %  vivify
c           0.55    4.07 %  sweep
c           0.11    0.83 %  reduce
c           0.03    0.21 %  eliminate
c           0.02    0.17 %  substitute
c           0.02    0.14 %  factor
c           0.02    0.13 %  preprocess
c           0.02    0.12 %  walking
c           0.01    0.04 %  subsume
c           0.00    0.04 %  congruence
c           0.00    0.01 %  transitive
c           0.00    0.01 %  backbone
c           0.00    0.00 %  lucky
c           0.00    0.00 %  parse
c =============================================
c          13.53  100.00 %  total
c
c ---- [ statistics ] --------------------------------------------------------
c
c conflicts:                           551278            40727.27 per second
c congruent:                               36                4 %  variables
c decisions:                           709652                1.29 per conflict
c eliminated:                             609               70 %  variables
c factored:                                54                6 %  variables
c iterations:                               9                1 %  variables
c propagations:                      60568907          4474704    per second
c reductions:                              88             6265    interval
c reordered:                               10            55128    interval
c rephased:                                19            29015    interval
c restarts:                             16227               34    interval
c strengthened:                           740                0 %  checks
c substituted:                             61                7 %  variables
c subsumed:                               573                0 %  checks
c switched:                                28            19688    interval
c vivified:                             49240               44 %  checks
c walks:                                    6            91880    interval
c
c ---- [ glue usage ] --------------------------------------------------------
c
c focused glue 1 used 2105756 clauses 57.33% accumulated 57.33% tier1
c focused glue 2 used  778660 clauses 21.20% accumulated 78.52%
c focused glue 3 used  286163 clauses  7.79% accumulated 86.31%
c focused glue 4 used  132761 clauses  3.61% accumulated 89.93%
c focused glue 5 used   80776 clauses  2.20% accumulated 92.13% tier2
c
c stable glue 2   used 741741 clauses 20.62% accumulated 69.95% tier1
c stable glue 3   used 319037 clauses  8.87% accumulated 78.81%
c stable glue 4-5 used 299224 clauses  8.32% accumulated 87.13%
c stable glue 6   used  91346 clauses  2.54% accumulated 89.67%
c stable glue 7   used  72807 clauses  2.02% accumulated 91.69% tier2
c
c ---- [ resources ] ---------------------------------------------------------
c
c maximum-resident-set-size:        424259584 bytes        405 MB
c process-time:                            14s              13.53 seconds
c
c ---- [ shutting down ] -----------------------------------------------------
c
c exit 20
