c ---- [ banner ] ------------------------------------------------------------
c
c Kissat SAT Solver
c 
c Copyright (c) 2021-2024 Armin Biere University of Freiburg
c Copyright (c) 2019-2021 Armin Biere Johannes Kepler University Linz
c 
c Version 4.0.4 8af8e56f174b778aef3aa45af9f739b2a5f492c2
c gcc (GCC) 15.2.1 20260123 (Red Hat 15.2.1-7) -W -Wall -O3 -DNDEBUG
c Thu Apr 23 06:47:51 PM IST 2026 Linux krishnendu-LN 6.19.12-200.fc43.x86_64 x86_64
c
c ---- [ parsing ] -----------------------------------------------------------
c
c opened and reading DIMACS file:
c
c   /home/krishnendu/Research/fv-invariant-mining/data/circuits/cnf/miter_mult_9bit.cnf
c
c parsed 'p cnf 873 3299' header
c closing input after reading 48449 bytes (47 KB)
c finished parsing after 0.00 seconds
c
c ---- [ options ] -----------------------------------------------------------
c
c --eliminateeffort=1600           (different from default '100')
c --stable=2                       (different from default '1')
c
c ---- [ solving ] -----------------------------------------------------------
c
c seconds switched rate     size/glue tier1  binary      remaining
c        MB reductions conflicts size  tier2   irredundant
c         level restarts redundant glue  trail       variables
c
c *  0.00  3 0 0 0  0 0   0   0 0.0 0 0 0 0 0% 1142 2155 870 100%
c (  0.00  3 0 0 0  0 0   0   0 0.0 0 0 0 0 0% 1142 2155 870 100%
c .  0.00  3 0 0 0  0 0   0   0 0.0 0 0 0 0 0% 1138 2155 870 100%
c c  0.00  3 0 0 0  0 0   0   0 0.0 0 0 0 0 0% 1186 2153 836 96%
c d  0.00  3 0 0 0  0 0   0   0 0.0 0 0 0 0 0% 1070 2153 836 96%
c =  0.02  3 0 0 0  0 0   0   0 0.0 0 0 0 0 0% 1084 2141 828 95%
c d  0.02  3 0 0 0  0 0   0   0 0.0 0 0 0 0 0% 1064 2141 828 95%
c f  0.02  3 0 0 0  0 0   0   0 0.0 0 0 0 0 0% 1040 2124 852 98%
c )  0.02  3 0 0 0  0 0   0   0 0.0 0 0 0 0 0% 1040 2124 852 98%
c [  0.02  3 0 0 0  0 0   0   0 0.0 0 0 2 6 0% 1040 2124 852 98%
c -  0.04  4 13 0 1  0 1 1000 807 3.5 25 7 5 9 84% 1052 2124 852 98%
c B  0.04  4 13 0 1  0 1 1002 809 3.5 25 7 5 9 84% 1052 2124 852 98%
c -  0.07  4 13 0 2  1 1 2000 1181 2.5 21 9 4 9 88% 1053 2124 852 98%
c W  0.07  4 13 0 2  1 1 2003 1183 2.5 21 9 4 9 88% 1053 2124 852 98%
c -  0.11  4 12 0 3  2 1 3415 1404 2.1 19 9 3 9 87% 1056 2124 852 98%
c u  0.12  4 12 0 3  2 1 3511 1351 2.1 19 9 3 9 87% 1060 2124 852 98%
c v  0.12  4 12 0 3  2 1 3511 1178 2.1 19 9 3 9 87% 1060 2124 852 98%
c w  0.12  4 12 0 3  2 1 3511 937 2.1 19 9 3 9 87% 1060 2124 852 98%
c x  0.12  4 12 0 3  2 1 3511 937 2.1 19 9 3 9 87% 1070 2073 852 98%
c =  0.14  4 12 0 3  2 1 3511 937 2.1 19 9 3 9 87% 1100 2072 837 96%
c
c seconds  switched rate      size/glue tier1    binary      remaining
c        MB reductions conflicts    size  tier2    irredundant
c         level restarts  redundant   glue   trail       variables
c
c d  0.14  4 12 0 3  2 1 3511 937 2.1 19 9 3 9 87% 1055 2072 837 96%
c t  0.14  4 12 0 3  2 1 3511 937 2.1 19 9 3 9 87% 1049 2072 837 96%
c u  0.14  4 12 0 3  2 1 3511 925 2.1 19 9 3 9 87% 1049 2072 837 96%
c v  0.15  4 12 0 3  2 1 3511 828 2.1 19 9 3 9 87% 1049 2072 837 96%
c w  0.15  4 12 0 3  2 1 3511 802 2.1 19 9 3 9 87% 1049 2072 837 96%
c x  0.15  4 12 0 3  2 1 3511 802 2.1 19 9 3 9 87% 1049 2071 837 96%
c =  0.16  4 12 0 3  2 1 3511 802 2.1 19 9 3 9 87% 1053 2069 835 96%
c d  0.16  4 12 0 3  2 1 3511 802 2.1 19 9 3 9 87% 1048 2069 835 96%
c I  0.17  4 12 0 3  3 1 4262 1341 2.1 19 9 3 9 88% 1049 2069 835 96%
c -  0.19  4 13 0 4  4 1 5148 1532 2.1 19 9 3 9 88% 1051 2068 835 96%
c -  0.21  4 13 0 5  5 1 7148 2448 2.0 19 9 3 10 87% 1056 2068 835 96%
c B  0.23  4 13 0 5  5 1 8033 3055 2.0 19 10 3 10 87% 1056 2068 835 96%
c -  0.26  4 13 0 6  6 1 9384 2852 1.9 19 10 3 11 88% 1057 2068 835 96%
c u  0.29  4 13 0 6  6 1 10831 3622 1.9 19 10 3 11 89% 1062 2068 835 96%
c v  0.30  4 13 0 6  6 1 10831 3473 1.9 19 10 3 11 89% 1062 2068 835 96%
c w  0.30  5 13 0 6  6 1 10831 3469 1.9 19 10 3 11 89% 1062 2068 835 96%
c t  0.32  5 13 0 6  6 1 10831 3469 1.9 19 10 3 11 89% 1060 2068 835 96%
c o  0.32  5 13 0 6  6 1 10831 3469 1.9 19 10 3 11 89% 1060 2068 835 96%
c -  0.34  5 13 0 7  6 1 11833 3099 1.8 19 10 3 11 89% 1060 2068 835 96%
c W  0.38  4 13 0 7  8 1 13563 4338 1.8 19 10 3 11 90% 1061 2068 835 96%
c
c seconds  switched rate        size/glue  tier1     binary      remaining
c        MB reductions conflicts      size   tier2     irredundant
c         level restarts   redundant     glue    trail       variables
c
c -  0.39  4 13 0 8  9 1 14480 3919 1.8 19 10 3 11 90% 1062 2068 835 96%
c -  0.44  5 14 0 9 10 1 17308 4525 1.8 19 10 3 11 89% 1063 2068 835 96%
c s  0.45  5 14 0 9 11 1 17551 4698 1.8 19 10 3 11 89% 1064 2063 835 96%
c e  0.45  5 14 0 9 11 1 17551 4698 1.8 19 10 3 11 89% 312 2486 509 58%
c 2  0.45  5 14 0 9 11 1 17551 4698 1.8 19 10 3 11 89% 310 2486 509 58%
c s  0.45  5 14 0 9 11 1 17551 4698 1.8 19 10 3 11 89% 314 2420 509 58%
c e  0.45  5 14 0 9 11 1 17551 4698 1.8 19 10 3 11 89% 302 2431 503 58%
c ^  0.45  5 14 0 9 11 1 17551 4698 1.8 19 10 3 11 89% 302 2431 503 58%
c -  0.49  5 14 0 10 12 1 20308 2760 1.7 19 11 3 11 89% 302 2431 503 58%
c O  0.50  5 14 0 10 13 1 21092 3387 1.7 19 11 3 11 88% 302 2431 503 58%
c o  0.50  5 14 0 10 13 1 21092 3387 1.7 19 11 3 11 88% 302 2431 503 58%
c u  0.52  5 14 0 10 13 1 22191 3720 1.7 18 11 3 11 89% 303 2431 503 58%
c v  0.53  5 14 0 10 13 1 22191 3533 1.7 18 11 3 11 89% 303 2431 503 58%
c w  0.53  6 14 0 10 13 1 22191 3360 1.7 18 11 3 11 89% 303 2431 503 58%
c x  0.53  6 14 0 10 13 1 22191 3360 1.7 18 11 3 11 89% 307 2348 503 58%
c t  0.54  6 14 0 10 13 1 22191 3360 1.7 18 11 3 11 89% 304 2348 503 58%
c f  0.54  6 14 0 10 13 1 22191 3360 1.7 18 11 3 11 89% 346 2261 524 60%
c u  0.54  6 14 0 10 13 1 22191 3349 1.7 18 11 3 11 89% 346 2261 524 60%
c v  0.54  6 14 0 10 13 1 22191 3250 1.7 18 11 3 11 89% 346 2261 524 60%
c w  0.55  6 14 0 10 13 1 22191 2969 1.7 18 11 3 11 89% 346 2261 524 60%
c
c seconds  switched  rate        size/glue  tier1    binary      remaining
c        MB  reductions conflicts      size   tier2    irredundant
c         level  restarts   redundant     glue    trail      variables
c
c x  0.55  6 14 0 10 13 1 22191 2969 1.7 18 11 3 11 89% 346 2258 524 60%
c =  0.57  6 14 0 10 13 1 22191 2969 1.7 18 11 3 11 89% 346 2254 523 60%
c -  0.59  6 14 0 11 13 1 23470 2896 1.7 18 11 3 11 89% 345 2254 523 60%
c -  0.66  6 14 0 12 14 1 26786 3734 1.7 18 11 3 11 88% 346 2254 523 60%
c -  0.73  6 14 0 13 14 1 30250 4557 1.7 18 11 3 11 88% 346 2254 523 60%
c B  0.74  6 14 0 13 14 1 30855 4907 1.7 18 11 3 11 88% 346 2254 523 60%
c -  0.80  6 13 0 14 15 1 33857 4909 1.7 18 10 3 10 88% 346 2254 523 60%
c e  0.84  6 13 0 14 17 1 35539 5880 1.7 18 10 3 10 88% 261 2389 459 53%
c s  0.84  6 13 0 14 17 1 35539 5880 1.7 18 10 3 10 88% 262 2361 459 53%
c e  0.84  6 13 0 14 17 1 35539 5880 1.7 18 10 3 10 88% 254 2373 454 52%
c ^  0.84  6 13 0 14 17 1 35539 5880 1.7 18 10 3 10 88% 254 2373 454 52%
c -  0.87  6 13 0 15 18 1 37598 4489 1.7 18 10 3 10 87% 254 2373 454 52%
c u  0.89  5 13 0 15 19 1 38338 4810 1.7 18 10 3 10 87% 254 2373 454 52%
c v  0.90  5 13 0 15 19 1 38338 4393 1.7 18 10 3 10 87% 254 2373 454 52%
c w  0.90  5 13 0 15 19 1 38338 4320 1.7 18 10 3 10 87% 254 2373 454 52%
c f  0.94  5 13 0 15 19 1 38338 4320 1.7 18 10 3 10 87% 261 2352 458 53%
c u  0.94  5 13 0 15 19 1 38338 4301 1.7 18 10 3 10 87% 261 2352 458 53%
c v  0.95  5 13 0 15 19 1 38338 4163 1.7 18 10 3 10 87% 261 2352 458 53%
c w  0.95  5 13 0 15 19 1 38338 2943 1.7 18 10 3 10 87% 261 2352 458 53%
c x  0.95  5 13 0 15 19 1 38338 2943 1.7 18 10 3 10 87% 261 2311 458 53%
c
c seconds  switched  rate        size/glue  tier1    binary      remaining
c        MB  reductions conflicts      size   tier2    irredundant
c         level  restarts   redundant     glue    trail      variables
c
c -  1.01  6 13 0 16 21 1 41470 4098 1.7 18 10 3 10 86% 261 2311 458 53%
c W  1.04  6 13 0 16 21 1 43077 5330 1.7 18 10 3 10 86% 261 2311 458 53%
c o  1.04  6 13 0 16 21 1 43077 5330 1.7 18 10 3 10 86% 261 2311 458 53%
c -  1.09  6 13 0 17 22 1 45470 5142 1.7 17 10 3 10 86% 262 2311 458 53%
c -  1.16  6 13 0 18 25 1 49593 5624 1.7 17 10 3 10 86% 262 2311 458 53%
c -  1.24  6 13 0 19 28 1 53836 6185 1.7 17 10 3 10 86% 262 2311 458 53%
c I  1.31  6 13 0 19 29 1 57981 9024 1.7 17 10 3 10 86% 262 2311 458 53%
c -  1.31  6 13 0 20 29 1 58197 6887 1.7 17 10 3 10 86% 262 2311 458 53%
c u  1.33  6 13 0 20 29 1 59166 7364 1.7 17 10 3 10 86% 262 2311 458 53%
c v  1.34  7 13 0 20 29 1 59166 7076 1.7 17 10 3 10 86% 262 2311 458 53%
c w  1.34  7 13 0 20 29 1 59166 6392 1.7 17 10 3 10 86% 262 2311 458 53%
c x  1.35  7 13 0 20 29 1 59166 6392 1.7 17 10 3 10 86% 262 2310 458 53%
c =  1.39  7 13 0 20 29 1 59166 6392 1.7 17 10 3 10 86% 264 2308 457 52%
c d  1.39  7 13 0 20 29 1 59166 6392 1.7 17 10 3 10 86% 262 2308 457 52%
c t  1.39  7 13 0 20 29 1 59166 6392 1.7 17 10 3 10 86% 261 2308 457 52%
c u  1.39  7 13 0 20 29 1 59166 6349 1.7 17 10 3 10 86% 261 2308 457 52%
c v  1.41  7 13 0 20 29 1 59166 5988 1.7 17 10 3 10 86% 261 2308 457 52%
c w  1.42  7 13 0 20 29 1 59166 5309 1.7 17 10 3 10 86% 261 2308 457 52%
c -  1.51  7 13 0 21 29 1 62669 5789 1.7 17 10 3 10 86% 261 2308 457 52%
c -  1.59  7 13 0 22 30 1 67251 6348 1.7 17 10 3 10 86% 261 2308 457 52%
c
c seconds  switched  rate        size/glue  tier1    binary      remaining
c        MB  reductions conflicts      size   tier2    irredundant
c         level  restarts   redundant     glue    trail      variables
c
c -  1.68  7 13 0 23 30 1 71942 7394 1.7 17 10 3 10 85% 261 2308 457 52%
c e  1.74  7 13 0 23 30 1 74800 9486 1.7 17 10 3 10 85% 209 2429 419 48%
c s  1.74  7 13 0 23 30 1 74800 9486 1.7 17 10 3 10 85% 209 2414 419 48%
c ^  1.74  7 13 0 23 30 1 74800 9486 1.7 17 10 3 10 85% 209 2414 419 48%
c o  1.74  7 13 0 23 30 1 74800 4393 1.7 17 10 3 10 85% 209 2414 419 48%
c B  1.75  7 13 0 23 30 1 75783 5120 1.7 17 10 3 10 85% 209 2414 419 48%
c -  1.77  7 13 0 24 30 1 76738 4507 1.7 17 10 3 10 85% 209 2414 419 48%
c -  1.90  7 13 0 25 30 1 81636 5470 1.7 17 10 3 9 85% 209 2414 419 48%
c u  1.96  6 13 0 25 33 1 84798 7044 1.7 17 10 3 9 85% 209 2414 419 48%
c v  1.97  6 13 0 25 33 1 84798 6702 1.7 17 10 3 9 85% 209 2414 419 48%
c w  1.98  6 13 0 25 33 1 84798 5534 1.7 17 10 3 9 85% 209 2414 419 48%
c x  1.98  6 13 0 25 33 1 84798 5534 1.7 17 10 3 9 85% 209 2401 419 48%
c t  1.98  6 13 0 25 33 1 84798 5534 1.7 17 10 3 9 85% 208 2401 419 48%
c -  2.01  6 13 0 26 34 1 86636 4969 1.7 17 10 3 9 85% 208 2401 419 48%
c -  2.11  7 13 0 27 37 1 91735 6116 1.7 17 10 3 9 86% 208 2401 419 48%
c W  2.20  6 13 0 27 39 1 96694 9193 1.7 17 10 3 9 86% 209 2401 419 48%
c -  2.21  6 13 0 28 40 1 96932 7438 1.7 17 10 3 9 86% 209 2401 419 48%
c -  2.31  6 13 0 29 43 1 102223 7837 1.7 17 10 3 9 86% 210 2401 419 48%
c -  2.40  6 13 0 30 45 1 107608 7370 1.7 17 10 3 9 85% 210 2401 419 48%
c -  2.50  7 13 0 31 45 1 113085 7671 1.7 17 10 3 9 85% 210 2401 419 48%
c
c seconds  switched  rate         size/glue  tier1   binary      remaining
c        MB  reductions conflicts       size   tier2   irredundant
c         level  restarts    redundant     glue   trail      variables
c
c u  2.55  7 13 0 31 46 1 115331 8547 1.7 17 10 3 9 85% 210 2401 419 48%
c v  2.57  7 13 0 31 46 1 115331 8047 1.7 17 10 3 9 85% 210 2401 419 48%
c w  2.58  7 13 0 31 46 1 115331 6743 1.7 17 10 3 9 85% 210 2401 419 48%
c t  2.64  7 13 0 31 46 1 115331 6743 1.7 17 10 3 9 85% 209 2401 419 48%
c o  2.64  7 13 0 31 46 1 115331 6743 1.7 17 10 3 9 85% 209 2401 419 48%
c -  2.70  6 13 0 32 48 1 118653 5990 1.7 17 10 3 9 86% 209 2401 419 48%
c O  2.73  6 13 0 32 50 1 120922 7780 1.7 17 10 3 9 86% 209 2401 419 48%
c -  2.81  7 13 0 33 52 1 124310 6672 1.7 17 10 3 9 85% 209 2401 419 48%
c -  2.95  7 13 0 34 55 1 130054 6715 1.7 17 10 3 9 86% 209 2401 419 48%
c -  3.09  7 13 0 35 59 1 135885 6992 1.7 17 10 3 9 86% 209 2401 419 48%
c e  3.14  7 13 0 35 59 1 138053 8145 1.7 17 10 3 9 86% 126 2678 363 42%
c s  3.14  7 13 0 35 59 1 138053 8145 1.7 17 10 3 9 86% 129 2594 363 42%
c e  3.14  7 13 0 35 59 1 138053 8145 1.7 17 10 3 9 86% 124 2611 359 41%
c ^  3.14  7 13 0 35 59 1 138053 8145 1.7 17 10 3 9 86% 124 2611 359 41%
c -  3.20  6 13 0 36 60 1 141801 5120 1.7 17 10 3 9 86% 124 2611 359 41%
c -  3.31  7 13 0 37 60 1 147802 6310 1.7 17 10 3 9 86% 124 2611 359 41%
c B  3.33  7 13 0 37 61 1 148663 6790 1.7 17 10 3 9 86% 124 2611 359 41%
c u  3.37  7 13 0 37 61 1 151010 7779 1.7 17 10 3 9 86% 125 2611 359 41%
c v  3.40  7 13 0 37 61 1 151010 6975 1.7 17 10 3 9 86% 125 2611 359 41%
c w  3.41  7 13 0 37 61 1 151010 5697 1.7 17 10 3 9 86% 125 2611 359 41%
c
c seconds  switched  rate         size/glue  tier1   binary      remaining
c        MB  reductions conflicts       size   tier2   irredundant
c         level  restarts    redundant     glue   trail      variables
c
c f  3.41  6 13 0 37 61 1 151010 5697 1.7 17 10 3 9 86% 127 2600 360 41%
c u  3.42  7 13 0 37 61 1 151010 5634 1.7 17 10 3 9 86% 127 2600 360 41%
c v  3.44  7 13 0 37 61 1 151010 5141 1.7 17 10 3 9 86% 127 2600 360 41%
c w  3.44  7 13 0 37 61 1 151010 4723 1.7 17 10 3 9 86% 127 2600 360 41%
c x  3.45  7 13 0 37 61 1 151010 4720 1.7 17 10 3 9 86% 130 2524 360 41%
c t  3.45  7 13 0 37 61 1 151010 4720 1.7 17 10 3 9 86% 129 2524 360 41%
c -  3.49  6 13 0 38 61 1 153884 4629 1.7 17 10 3 9 86% 130 2524 360 41%
c -  3.58  7 13 0 39 61 1 160048 5680 1.7 17 10 3 9 86% 130 2524 360 41%
c -  3.68  7 13 0 40 62 1 166292 6817 1.7 17 10 3 9 86% 130 2524 360 41%
c -  3.80  7 13 0 41 62 1 172616 7304 1.7 17 10 2 9 86% 130 2524 360 41%
c -  3.93  7 13 0 42 62 1 179019 7838 1.6 17 10 2 9 86% 130 2524 360 41%
c W  3.95  6 13 0 42 62 1 180114 8613 1.6 17 10 2 9 86% 130 2524 360 41%
c o  3.95  6 13 0 42 62 1 180114 8613 1.6 17 10 2 9 86% 130 2524 360 41%
c -  4.06  6 13 0 43 62 1 185500 8562 1.6 17 10 2 9 87% 130 2524 360 41%
c u  4.18  7 13 0 43 62 1 191832 11781 1.6 17 10 2 9 87% 130 2524 360 41%
c v  4.20  8 13 0 43 62 1 191832 11249 1.6 17 10 2 9 87% 130 2524 360 41%
c w  4.21  8 13 0 43 62 1 191832 9579 1.6 17 10 2 9 87% 130 2524 360 41%
c =  4.29  8 13 0 43 62 1 191832 9579 1.6 17 10 2 9 87% 132 2524 359 41%
c d  4.29  8 13 0 43 62 1 191832 9578 1.6 17 10 2 9 87% 130 2524 359 41%
c u  4.30  6 13 0 43 62 1 191832 9511 1.6 17 10 2 9 87% 131 2524 359 41%
c
c seconds  switched  rate         size/glue  tier1   binary      remaining
c        MB  reductions conflicts       size   tier2   irredundant
c         level  restarts    redundant     glue   trail      variables
c
c v  4.32  6 13 0 43 62 1 191832 9219 1.6 17 10 2 9 87% 131 2524 359 41%
c w  4.32  6 13 0 43 62 1 191832 9179 1.6 17 10 2 9 87% 131 2524 359 41%
c x  4.33  6 13 0 43 62 1 191832 9173 1.6 17 10 2 9 87% 131 2504 359 41%
c t  4.33  6 13 0 43 62 1 191832 9173 1.6 17 10 2 9 87% 130 2504 359 41%
c -  4.34  6 13 0 44 62 1 192059 6594 1.6 17 10 2 9 87% 130 2504 359 41%
c -  4.45  6 13 0 45 64 1 198693 7720 1.6 17 10 2 9 87% 130 2504 359 41%
c -  4.58  6 13 0 46 68 1 205402 9191 1.6 17 10 2 9 87% 130 2504 359 41%
c -  4.70  6 12 0 47 72 1 212185 10054 1.6 16 10 2 9 87% 130 2504 359 41%
c I  4.76  6 12 0 47 74 1 215466 12013 1.6 16 10 2 9 87% 130 2504 359 41%
c -  4.81  6 12 0 48 76 1 219042 10090 1.6 16 10 2 9 87% 130 2504 359 41%
c -  4.95  6 12 0 49 77 1 225971 10097 1.6 16 10 2 9 87% 130 2504 359 41%
c s  4.97  6 12 0 49 77 1 227299 11170 1.6 16 10 2 9 87% 130 2502 359 41%
c e  4.97  6 12 0 49 77 1 227299 11170 1.6 16 10 2 9 87%  98 2817 312 36%
c s  4.97  6 12 0 49 77 1 227299 11170 1.6 16 10 2 9 87%  98 2750 312 36%
c e  4.98  6 12 0 49 77 1 227299 11170 1.6 16 10 2 9 87%  96 2761 310 36%
c ^  4.98  6 12 0 49 77 1 227299 11170 1.6 16 10 2 9 87%  96 2761 310 36%
c -  5.07  6 12 0 50 80 1 232971 6986 1.6 16 10 2 9 86%  96 2761 310 36%
c u  5.16  6 12 0 50 83 1 238098 10204 1.6 16 10 2 9 86%  96 2761 310 36%
c v  5.17  6 12 0 50 83 1 238098 9666 1.6 16 10 2 9 86%  96 2761 310 36%
c w  5.18  6 12 0 50 83 1 238098 8666 1.6 16 10 2 9 86%  96 2761 310 36%
c
c seconds  switched  rate         size/glue  tier1   binary      remaining
c        MB  reductions conflicts       size   tier2   irredundant
c         level  restarts    redundant     glue   trail      variables
c
c x  5.19  6 12 0 50 83 1 238098 8663 1.6 16 10 2 9 86%  99 2680 310 36%
c t  5.23  6 12 0 50 83 1 238098 8663 1.6 16 10 2 9 86%  98 2680 310 36%
c -  5.27  6 12 0 51 84 1 240043 6586 1.6 16 10 2 8 86%  98 2680 310 36%
c -  5.39  6 12 0 52 88 1 247187 7813 1.6 16 10 2 8 86%  98 2680 310 36%
c -  5.51  6 12 0 53 91 1 254398 8251 1.6 16 10 2 8 86%  98 2680 310 36%
c B  5.52  6 12 0 53 91 1 254907 8525 1.6 16 10 2 8 86%  98 2680 310 36%
c o  5.52  6 12 0 53 91 1 254907 8525 1.6 16 10 2 8 86%  98 2680 310 36%
c -  5.65  6 12 0 54 92 1 261678 9263 1.6 16 10 2 8 86%  98 2680 310 36%
c -  5.79  6 12 0 55 93 1 269027 9321 1.6 16 10 2 8 86%  98 2680 310 36%
c -  5.94  6 12 0 56 93 1 276445 9600 1.6 16 10 2 8 86%  98 2680 310 36%
c -  6.08  6 12 0 57 97 1 283928 9698 1.6 16 10 2 8 86%  98 2680 310 36%
c u  6.20  6 12 0 57 100 1 289441 11915 1.6 16 10 2 8 86%  98 2680 310 36%
c v  6.22  6 12 0 57 100 1 289441 10346 1.6 16 10 2 8 86%  98 2680 310 36%
c w  6.23  6 12 0 57 100 1 289441 8369 1.6 16 10 2 8 86%  98 2680 310 36%
c x  6.24  6 12 0 57 100 1 289441 8368 1.6 16 10 2 8 86%  99 2662 310 36%
c -  6.28  6 12 0 58 100 1 291477 6730 1.6 16 10 2 8 86%  99 2662 310 36%
c W  6.40  6 12 0 58 106 1 298618 10968 1.6 16 10 2 8 86%  99 2662 310 36%
c -  6.41  6 12 0 59 106 1 299093 7984 1.6 16 10 2 8 86%  99 2662 310 36%
c -  6.56  6 12 0 60 108 1 306776 8163 1.6 16 10 2 8 86%  99 2662 310 36%
c -  6.71  6 12 0 61 110 1 314521 9397 1.6 15 10 2 8 86%  99 2662 310 36%
c
c seconds  switched   rate          size/glue tier1   binary      remaining
c        MB  reductions conflicts         size  tier2   irredundant
c         level  restarts      redundant    glue   trail      variables
c
c -  6.86  6 12 0 62 115 1 322333 10699 1.6 15 9 2 8 86%  99 2662 310 36%
c -  7.02  6 12 0 63 120 1 330208 11717 1.6 15 9 2 8 86% 100 2662 310 36%
c -  7.18  7 12 0 64 123 1 338145 11597 1.6 15 9 2 8 86% 100 2662 310 36%
c s  7.31  7 11 0 64 123 1 344563 15104 1.6 15 9 2 8 86% 101 2660 310 36%
c e  7.32  7 11 0 64 123 1 344563 15104 1.6 15 9 2 8 86%  59 3194 268 31%
c s  7.32  7 11 0 64 123 1 344563 15104 1.6 15 9 2 8 86%  59 3051 268 31%
c e  7.32  7 11 0 64 123 1 344563 15104 1.6 15 9 2 8 86%  50 3135 262 30%
c !  7.32  7 11 0 64 123 1 344563 15104 1.6 15 9 2 8 86%  50 3135 262 30%
c o  7.32  7 11 0 64 123 1 344563 8538 1.6 15 9 2 8 86%  50 3135 262 30%
c -  7.34  6 11 0 65 124 1 346145 6655 1.6 15 9 2 8 86%  50 3135 262 30%
c u  7.35  6 11 0 65 124 1 346402 6353 1.6 15 9 2 8 86%  50 3135 262 30%
c v  7.38  6 11 0 65 124 1 346402 4784 1.6 15 9 2 8 86%  50 3135 262 30%
c w  7.39  6 11 0 65 124 1 346402 4009 1.6 15 9 2 8 86%  50 3135 262 30%
c f  7.39  6 11 0 65 124 1 346402 4009 1.6 15 9 2 8 86%  51 3108 263 30%
c u  7.40  6 11 0 65 124 1 346402 3887 1.6 15 9 2 8 86%  51 3108 263 30%
c v  7.41  6 11 0 65 124 1 346402 2806 1.6 15 9 2 8 86%  51 3108 263 30%
c w  7.41  6 11 0 65 124 1 346402 2720 1.6 15 9 2 8 86%  51 3108 263 30%
c x  7.42  6 11 0 65 124 1 346402 2713 1.6 15 9 2 8 86%  53 2955 263 30%
c =  7.54  8 11 0 65 124 1 346402 2713 1.6 15 9 2 8 86%  55 2943 262 30%
c d  7.54  8 11 0 65 124 1 346402 2629 1.6 15 9 2 8 86%  52 2943 262 30%
c
c seconds  switched   rate         size/glue tier1   binary      remaining
c        MB  reductions conflicts        size  tier2   irredundant
c         level  restarts     redundant    glue   trail      variables
c
c O  7.55  8 11 0 65 124 1 346783 2831 1.6 15 9 2 8 86%  52 2943 262 30%
c -  7.68  8 11 0 66 124 1 354208 5284 1.6 15 9 2 8 86%  52 2943 262 30%
c -  7.81  9 11 0 67 125 1 362333 8245 1.6 15 9 2 8 86%  53 2943 262 30%
c i  7.85  9 11 0 67 125 1 364729 9202 1.6 14 9 2 8 86%  60 2943 261 30%
c -  7.95  8 11 0 68 125 1 370518 5004 1.6 15 9 2 8 85%  54 2943 261 30%
c -  8.08  9 11 0 69 125 1 378765 7491 1.6 15 9 2 8 85%  54 2943 261 30%
c -  8.22  9 11 0 70 125 1 387074 9667 1.6 15 9 2 8 85%  54 2943 261 30%
c -  8.36  9 11 0 71 126 1 395440 10935 1.6 14 9 2 8 85%  54 2943 261 30%
c B  8.43  9 11 0 71 126 1 399570 13063 1.6 14 9 2 8 85%  55 2943 261 30%
c -  8.51  9 11 0 72 126 1 403866 11516 1.6 14 9 2 8 85%  55 2943 261 30%
c u  8.61  9 11 0 72 126 1 408222 12930 1.6 14 9 2 8 85% 106 2762 261 30%
c v  8.63  9 11 0 72 126 1 408222 10753 1.6 14 9 2 8 85% 106 2762 261 30%
c w  8.64  9 11 0 72 126 1 408222 9123 1.6 14 9 2 8 85% 106 2762 261 30%
c x  8.65  9 11 0 72 126 1 408222 9112 1.6 14 9 2 8 85% 117 2582 261 30%
c d  8.65  9 11 0 72 126 1 408222 9112 1.6 14 9 2 8 85% 115 2582 260 30%
c t  8.65  9 11 0 72 126 1 408222 9112 1.6 14 9 2 8 85% 106 2582 260 30%
c u  8.66  9 11 0 72 126 1 408222 8826 1.6 14 9 2 8 85% 107 2582 260 30%
c v  8.69  9 11 0 72 126 1 408222 8090 1.6 14 9 2 8 85% 111 2582 260 30%
c w  8.70  9 11 0 72 126 1 408222 7024 1.6 14 9 2 8 85% 111 2582 260 30%
c x  8.70  9 11 0 72 126 1 408222 7024 1.6 14 9 2 8 85% 111 2563 260 30%
c
c seconds  switched   rate         size/glue tier1   binary      remaining
c        MB  reductions conflicts        size  tier2   irredundant
c         level  restarts     redundant    glue   trail      variables
c
c t  8.83  9 11 0 72 126 1 408222 7024 1.6 14 9 2 8 85% 108 2563 260 30%
c -  8.90  9 11 0 73 126 1 412352 6870 1.6 14 9 2 8 85% 108 2563 260 30%
c -  9.03  9 11 0 74 126 1 420898 8587 1.6 14 9 2 8 85% 108 2563 260 30%
c -  9.18  9 11 0 75 126 1 429500 9704 1.6 14 9 2 8 85% 109 2563 260 30%
c -  9.34  9 11 0 76 126 1 438161 10769 1.5 14 9 2 8 85% 110 2563 260 30%
c i  9.44  9 11 0 76 126 1 444052 13853 1.5 14 9 2 8 85% 118 2563 258 30%
c o  9.44  9 11 0 76 126 1 444052 13853 1.5 14 9 2 8 85% 118 2563 258 30%
c -  9.49  8 11 0 77 126 1 446879 5179 1.5 14 9 2 7 85% 101 2563 258 30%
c -  9.63  9 11 0 78 126 1 455653 7977 1.5 13 9 2 7 85% 103 2563 258 30%
c W  9.66  9 11 0 78 126 1 457155 8800 1.5 13 9 2 7 85% 103 2374 258 30%
c -  9.79  9 11 0 79 129 1 464485 10330 1.6 13 9 2 7 85% 103 2374 258 30%
c -  9.97  9 11 0 80 134 1 473373 11913 1.6 13 9 2 7 84% 106 2374 258 30%
c i  9.99  9 11 0 80 134 1 473969 12084 1.6 13 9 2 7 84% 116 2374 253 29%
c i 10.03  9 11 0 80 136 1 475572 12728 1.6 13 8 2 7 84% 125 2374 246 28%
c i 10.04  9 10 0 80 136 1 476257 12975 1.6 13 8 2 7 84% 133 2374 245 28%
c i 10.05  9 10 0 80 136 1 476603 13081 1.6 13 8 2 7 84% 141 2374 243 28%
c i 10.05  9 10 0 80 136 1 476787 13126 1.6 13 8 2 7 84% 150 2374 238 27%
c i 10.05  9 10 0 80 136 1 476866 13139 1.6 13 8 2 7 84% 156 2374 233 27%
c i 10.06  9 10 0 80 136 1 476924 13153 1.6 13 8 2 7 84% 160 2374 232 27%
c i 10.06  9 10 0 80 136 1 476960 13157 1.6 13 8 2 7 84% 164 2374 225 26%
c
c seconds  switched   rate          size/glue tier1   binary      remaining
c        MB  reductions conflicts         size  tier2   irredundant
c         level  restarts      redundant    glue   trail      variables
c
c i 10.06  9 10 0 80 136 1 476988 13161 1.6 13 8 2 7 84% 168 2374 222 25%
c i 10.06  9 10 0 80 136 1 476990 13161 1.6 13 8 2 7 84% 169 2374 221 25%
c i 10.06  9 10 0 80 136 1 476994 13160 1.6 13 8 2 7 84% 171 2374 198 23%
c i 10.06  9 10 0 80 136 1 476995 13160 1.6 13 8 2 7 84% 171 2374 141 16%
c i 10.06  9 10 0 80 136 1 476997 13160 1.6 13 8 2 7 84% 172 2374 64 7%
c ] 10.06  9 10 0 80 136 1 476999 13160 1.6 13 8 2 7 84% 172 2374 46 5%
c 0 10.06  9 0 0 80 136 0 476999 13160 0.0 0 0 2 6 0% 172 2374 46 5%
c
c ---- [ result ] ------------------------------------------------------------
c
s UNSATISFIABLE
c
c ---- [ profiling ] ---------------------------------------------------------
c
c           8.74   86.88 %  search
c           8.74   86.88 %  stable
c           1.30   12.91 %  simplify
c           1.28   12.70 %  probe
c           0.64    6.33 %  sweep
c           0.60    5.94 %  vivify
c           0.08    0.75 %  reduce
c           0.02    0.25 %  eliminate
c           0.02    0.20 %  preprocess
c           0.02    0.19 %  substitute
c           0.02    0.16 %  factor
c           0.02    0.16 %  walking
c           0.00    0.05 %  congruence
c           0.00    0.04 %  subsume
c           0.00    0.02 %  transitive
c           0.00    0.01 %  backbone
c           0.00    0.00 %  lucky
c           0.00    0.00 %  parse
c =============================================
c          10.06  100.00 %  total
c
c ---- [ statistics ] --------------------------------------------------------
c
c conflicts:                           476999            47421.85 per second
c congruent:                               34                4 %  variables
c decisions:                           515661                1.08 per conflict
c eliminated:                             596               68 %  variables
c factored:                                51                6 %  variables
c iterations:                              16                2 %  variables
c propagations:                      55398209          5507529    per second
c reductions:                              80             5962    interval
c reordered:                                9            53000    interval
c rephased:                                20            23850    interval
c restarts:                               136             3507    interval
c strengthened:                           647                0 %  checks
c substituted:                             62                7 %  variables
c subsumed:                               402                0 %  checks
c switched:                                 0                0    interval
c vivified:                             49522               46 %  checks
c walks:                                    7            68143    interval
c
c ---- [ glue usage ] --------------------------------------------------------
c
c stable glue 2   used 1007460 clauses 20.90% accumulated 58.07% tier1
c stable glue 3   used  670817 clauses 13.92% accumulated 71.99%
c stable glue 4-5 used  601524 clauses 12.48% accumulated 84.47%
c stable glue 6   used  160262 clauses  3.33% accumulated 87.79%
c stable glue 7   used  126396 clauses  2.62% accumulated 90.42% tier2
c
c ---- [ resources ] ---------------------------------------------------------
c
c maximum-resident-set-size:        423501824 bytes        404 MB
c process-time:                            10s              10.06 seconds
c
c ---- [ shutting down ] -----------------------------------------------------
c
c exit 20
