c ---- [ banner ] ------------------------------------------------------------
c
c Kissat SAT Solver
c 
c Copyright (c) 2021-2024 Armin Biere University of Freiburg
c Copyright (c) 2019-2021 Armin Biere Johannes Kepler University Linz
c 
c Version 4.0.4 8af8e56f174b778aef3aa45af9f739b2a5f492c2
c gcc (GCC) 15.2.1 20260123 (Red Hat 15.2.1-7) -W -Wall -O3 -DNDEBUG
c Thu Apr 23 06:47:51 PM IST 2026 Linux krishnendu-LN 6.19.12-200.fc43.x86_64 x86_64
c
c ---- [ parsing ] -----------------------------------------------------------
c
c opened and reading DIMACS file:
c
c   /home/krishnendu/Research/fv-invariant-mining/data/circuits/cnf/miter_mult_10bit.cnf
c
c parsed 'p cnf 1113 4205' header
c closing input after reading 64864 bytes (63 KB)
c finished parsing after 0.00 seconds
c
c ---- [ options ] -----------------------------------------------------------
c
c --decay=180                      (different from default '50')
c --eliminateeffort=500            (different from default '100')
c
c ---- [ solving ] -----------------------------------------------------------
c
c seconds switched rate     size/glue tier1  binary       remaining
c        MB reductions conflicts size  tier2   irredundant
c         level restarts redundant glue  trail       variables
c
c *  0.00  3 0 0 0  0 0   0   0 0.0 0 0 0 0 0% 1458 2745 1110 100%
c (  0.00  3 0 0 0  0 0   0   0 0.0 0 0 0 0 0% 1458 2745 1110 100%
c .  0.00  3 0 0 0  0 0   0   0 0.0 0 0 0 0 0% 1454 2745 1110 100%
c c  0.00  3 0 0 0  0 0   0   0 0.0 0 0 0 0 0% 1518 2743 1067 96%
c d  0.00  3 0 0 0  0 0   0   0 0.0 0 0 0 0 0% 1368 2743 1067 96%
c =  0.02  3 0 0 0  0 0   0   0 0.0 0 0 0 0 0% 1372 2736 1064 96%
c d  0.02  3 0 0 0  0 0   0   0 0.0 0 0 0 0 0% 1367 2736 1064 96%
c f  0.02  4 0 0 0  0 0   0   0 0.0 0 0 0 0 0% 1339 2718 1086 98%
c )  0.02  4 0 0 0  0 0   0   0 0.0 0 0 0 0 0% 1339 2718 1086 98%
c {  0.02  4 0 0 0  0 0   0   0 0.0 0 0 2 6 0% 1339 2718 1086 98%
c -  0.04  4 19 0 1 92 2 1001 588 2.7 28 10 4 14 83% 1345 2718 1086 98%
c }  0.04  4 19 1 1 92 2 1001 588 2.7 28 10 4 14 83% 1345 2718 1086 98%
c [  0.04  4 0 1 1 92 0 1001 588 0.0 0 0 2 6 0% 1345 2718 1086 98%
c B  0.04  4 0 1 1 92 0 1001 588 0.0 0 0 2 6 0% 1345 2718 1086 98%
c -  0.06  4 55 1 2 92 1 2001 1290 2.4 24 10 3 11 82% 1350 2718 1086 98%
c W  0.06  4 55 1 2 92 1 2004 1293 2.4 24 10 3 11 82% 1350 2718 1086 98%
c ]  0.06  4 52 2 2 93 1 2087 1368 2.4 24 10 3 11 82% 1350 2718 1086 98%
c {  0.06  4 19 2 2 93 2 2087 1368 2.7 28 10 4 14 83% 1350 2718 1086 98%
c }  0.09  4 17 3 2 159 2 3088 2242 3.0 30 10 3 12 84% 1355 2718 1086 98%
c [  0.09  4 52 3 2 159 1 3088 2242 2.4 24 10 3 11 82% 1355 2718 1086 98%
c
c seconds  switched  rate       size/glue  tier1     binary       remaining
c        MB reductions conflicts      size   tier2     irredundant
c         level restarts   redundant     glue    trail       variables
c
c u  0.10  4 45 3 2 159 1 3371 2324 2.7 27 10 3 11 84% 1357 2718 1086 98%
c v  0.10  5 45 3 2 159 1 3371 2304 2.7 27 10 3 11 84% 1357 2718 1086 98%
c w  0.11  5 45 3 2 159 1 3371 2293 2.7 27 10 3 11 84% 1357 2718 1086 98%
c x  0.11  5 45 3 2 159 1 3371 2293 2.7 27 10 3 11 84% 1371 2674 1086 98%
c =  0.12  5 45 3 2 159 1 3371 2293 2.7 27 10 3 11 84% 1401 2667 1071 96%
c d  0.12  5 45 3 2 159 1 3371 2293 2.7 27 10 3 11 84% 1356 2667 1071 96%
c t  0.12  5 45 3 2 159 1 3371 2293 2.7 27 10 3 11 84% 1347 2667 1071 96%
c f  0.12  5 45 3 2 159 1 3371 2293 2.7 27 10 3 11 84% 1344 2667 1074 97%
c u  0.13  5 45 3 2 159 1 3371 2260 2.7 27 10 3 11 84% 1344 2667 1074 97%
c v  0.13  5 45 3 2 159 1 3371 2203 2.7 27 10 3 11 84% 1344 2667 1074 97%
c w  0.13  5 45 3 2 159 1 3371 2197 2.7 27 10 3 11 84% 1344 2667 1074 97%
c x  0.14  5 45 3 2 159 1 3371 2197 2.7 27 10 3 11 84% 1344 2666 1074 97%
c =  0.15  5 45 3 2 159 1 3371 2197 2.7 27 10 3 11 84% 1348 2666 1072 96%
c d  0.15  5 45 3 2 159 1 3371 2197 2.7 27 10 3 11 84% 1342 2666 1072 96%
c -  0.15  5 44 3 3 159 1 3416 1756 2.7 27 10 3 11 84% 1342 2666 1072 96%
c I  0.17  5 34 3 3 160 1 4264 2544 2.9 28 10 3 11 86% 1342 2666 1072 96%
c ]  0.17  5 31 4 3 160 1 4723 2955 2.8 28 10 3 11 87% 1342 2666 1072 96%
c {  0.17  5 17 4 3 160 2 4723 2955 3.0 30 10 3 12 84% 1342 2666 1072 96%
c -  0.18  5 17 4 4 193 2 5148 2682 2.9 29 10 3 11 85% 1343 2666 1072 96%
c }  0.23  5 18 5 4 379 2 7075 4434 2.9 28 10 2 11 83% 1354 2666 1072 96%
c
c seconds  switched  rate       size/glue  tier1     binary       remaining
c        MB reductions conflicts      size   tier2     irredundant
c         level restarts   redundant     glue    trail       variables
c
c [  0.23  5 31 5 4 379 1 7075 4434 2.8 28 10 3 11 87% 1354 2666 1072 96%
c -  0.24  5 31 5 5 379 1 7149 3556 2.8 28 10 3 11 88% 1354 2666 1072 96%
c B  0.26  5 26 5 5 379 1 8036 4367 2.9 28 10 3 11 87% 1355 2666 1072 96%
c -  0.28  5 23 5 6 381 1 9385 4328 2.7 26 10 3 11 87% 1355 2666 1072 96%
c u  0.30  5 22 5 6 381 1 10396 4964 2.5 26 10 3 11 88% 1364 2666 1072 96%
c v  0.31  5 22 5 6 381 1 10396 4914 2.5 26 10 3 11 88% 1364 2666 1072 96%
c w  0.31  5 22 5 6 381 1 10396 4911 2.5 26 10 3 11 88% 1364 2666 1072 96%
c =  0.32  5 22 5 6 381 1 10396 4911 2.5 26 10 3 11 88% 1374 2662 1067 96%
c d  0.32  5 22 5 6 381 1 10396 4905 2.5 26 10 3 11 88% 1360 2662 1067 96%
c t  0.32  5 22 5 6 381 1 10396 4905 2.5 26 10 3 11 88% 1359 2662 1067 96%
c u  0.32  5 22 5 6 381 1 10396 4877 2.5 26 10 3 11 88% 1359 2662 1067 96%
c v  0.32  5 22 5 6 381 1 10396 4818 2.5 26 10 3 11 88% 1359 2662 1067 96%
c w  0.33  5 22 5 6 381 1 10396 4816 2.5 26 10 3 11 88% 1359 2662 1067 96%
c x  0.33  5 22 5 6 381 1 10396 4816 2.5 26 10 3 11 88% 1359 2643 1067 96%
c o  0.35  5 22 5 6 381 1 10396 4816 2.5 26 10 3 11 88% 1359 2643 1067 96%
c ]  0.35  5 22 6 6 381 1 10794 5155 2.5 26 10 3 11 89% 1359 2643 1067 96%
c {  0.35  5 18 6 6 381 2 10794 5155 2.9 28 10 2 11 83% 1359 2643 1067 96%
c -  0.37  5 18 6 7 567 2 11834 4351 2.6 26 10 2 10 83% 1364 2643 1067 96%
c i  0.38  5 18 6 7 664 2 12663 5032 2.6 25 10 2 10 83% 1375 2643 1066 96%
c -  0.41  5 19 6 8 796 2 14479 4685 2.4 23 10 3 11 81% 1387 2643 1066 96%
c
c seconds  switched  rate        size/glue tier1     binary       remaining
c        MB reductions conflicts       size  tier2     irredundant
c         level restarts    redundant    glue    trail       variables
c
c }  0.41  5 18 7 8 796 2 14863 5028 2.4 23 9 3 11 79% 1389 2643 1066 96%
c [  0.41  5 22 7 8 796 1 14863 5028 2.5 26 10 3 11 89% 1389 2643 1066 96%
c W  0.41  5 22 7 8 796 1 14863 5028 2.5 26 10 3 11 89% 1389 2639 1066 96%
c e  0.45  5 20 7 8 797 1 16852 6705 2.3 24 10 3 11 88% 387 3234 649 58%
c 2  0.45  5 20 7 8 797 1 16852 6705 2.3 24 10 3 11 88% 386 3234 649 58%
c s  0.45  5 20 7 8 797 1 16852 6705 2.3 24 10 3 11 88% 388 3139 649 58%
c e  0.45  5 20 7 8 797 1 16852 6705 2.3 24 10 3 11 88% 356 3169 635 57%
c ^  0.45  5 20 7 8 797 1 16852 6705 2.3 24 10 3 11 88% 356 3169 635 57%
c -  0.45  5 20 7 9 798 1 17308 1937 2.3 24 11 3 11 88% 357 3169 635 57%
c ]  0.49  5 19 8 9 800 1 20122 4329 2.1 23 11 3 11 89% 357 3169 635 57%
c {  0.49  5 18 8 9 800 2 20122 4329 2.4 23 9 3 11 79% 357 3169 635 57%
c -  0.50  5 18 8 10 824 2 20309 3378 2.4 23 10 3 10 79% 357 3169 635 57%
c u  0.52  5 17 8 10 843 2 21308 3955 2.5 23 9 3 10 80% 359 3169 635 57%
c v  0.53  5 17 8 10 843 2 21308 3864 2.5 23 9 3 10 80% 359 3169 635 57%
c w  0.53  5 17 8 10 843 2 21308 3855 2.5 23 9 3 10 80% 359 3169 635 57%
c t  0.53  5 17 8 10 843 2 21308 3855 2.5 23 9 3 10 80% 354 3169 635 57%
c f  0.53  5 17 8 10 843 2 21308 3855 2.5 23 9 3 10 80% 427 3021 671 60%
c u  0.54  5 17 8 10 843 2 21308 3795 2.5 23 9 3 10 80% 427 3021 671 60%
c v  0.55  5 17 8 10 843 2 21308 3697 2.5 23 9 3 10 80% 427 3021 671 60%
c w  0.55  5 17 8 10 843 2 21308 3677 2.5 23 9 3 10 80% 427 3021 671 60%
c
c seconds  switched   rate        size/glue tier1    binary      remaining
c        MB  reductions conflicts       size  tier2    irredundant
c         level  restarts    redundant    glue    trail      variables
c
c o  0.57  5 17 8 10 843 2 21308 3677 2.5 23 9 3 10 80% 427 3021 671 60%
c -  0.62  6 17 8 11 865 2 23472 4985 2.8 25 9 2 9 82% 427 3021 671 60%
c }  0.70  7 17 9 11 1163 2 26281 7519 3.0 27 9 2 9 82% 431 3021 671 60%
c [  0.70  7 19 9 11 1163 1 26281 7519 2.1 23 11 3 11 89% 431 3021 671 60%
c O  0.70  7 19 9 11 1163 1 26281 7519 2.1 23 11 3 11 89% 431 3021 671 60%
c -  0.71  7 19 9 12 1163 1 26789 6502 2.1 23 11 3 11 89% 431 3021 671 60%
c -  0.80  7 18 9 13 1165 1 30254 6147 2.0 23 11 2 11 88% 432 3021 671 60%
c ]  0.84  7 18 10 13 1167 1 32417 7884 2.0 23 11 2 11 88% 432 3021 671 60%
c {  0.84  7 17 10 13 1167 2 32417 7884 3.0 27 9 2 9 82% 432 3021 671 60%
c -  0.89  7 18 10 14 1477 2 33859 5954 2.9 26 9 2 8 82% 435 3021 671 60%
c s  0.90  7 18 10 14 1534 2 34095 6170 2.9 26 9 2 8 82% 438 3006 671 60%
c e  0.90  7 18 10 14 1534 2 34095 6170 2.9 26 9 2 8 82% 363 3127 602 54%
c s  0.90  7 18 10 14 1534 2 34095 6170 2.9 26 9 2 8 82% 370 3068 602 54%
c e  0.90  7 18 10 14 1534 2 34095 6170 2.9 26 9 2 8 82% 358 3082 598 54%
c ^  0.90  7 18 10 14 1534 2 34095 6170 2.9 26 9 2 8 82% 358 3082 598 54%
c u  0.95  7 19 10 14 1644 2 36709 4948 2.8 25 9 2 8 79% 358 3082 598 54%
c v  0.96  7 19 10 14 1644 2 36709 4713 2.8 25 9 2 8 79% 358 3082 598 54%
c w  0.96  7 19 10 14 1644 2 36709 4624 2.8 25 9 2 8 79% 358 3082 598 54%
c x  0.96  7 19 10 14 1644 2 36709 4621 2.8 25 9 2 8 79% 362 2947 598 54%
c t  0.97  7 19 10 14 1644 2 36709 4621 2.8 25 9 2 8 79% 354 2947 598 54%
c
c seconds   switched    rate        size/glue tier1   binary      remaining
c        MB   reductions  conflicts       size  tier2   irredundant
c         level    restarts    redundant    glue   trail      variables
c
c -  0.98  6 19 10 15 1692 2 37601 4443 2.7 25 9 2 8 77% 356 2947 598 54%
c }  1.05  7 17 11 15 1692 2 41044 7604 2.8 24 9 2 8 74% 359 2947 598 54%
c [  1.05  7 18 11 15 1692 1 41044 7604 2.0 23 11 2 11 88% 359 2947 598 54%
c B  1.05  7 18 11 15 1692 1 41044 7604 2.0 23 11 2 11 88% 359 2947 598 54%
c -  1.05  7 18 11 16 1692 1 41473 7215 2.0 23 11 2 11 88% 359 2947 598 54%
c -  1.12  7 18 11 17 1695 1 45473 7729 1.9 22 12 2 11 88% 360 2947 598 54%
c o  1.15  7 18 11 17 1697 1 47248 9097 1.9 22 12 2 11 88% 361 2947 598 54%
c -  1.20  7 18 11 18 1698 1 49597 6822 1.9 22 12 2 11 88% 361 2947 598 54%
c ]  1.26  7 17 12 18 1698 1 52785 9296 1.9 22 12 2 11 88% 361 2947 598 54%
c {  1.26  7 17 12 18 1698 2 52785 9296 2.8 24 9 2 8 74% 361 2947 598 54%
c -  1.30  7 18 12 19 1974 2 53840 7534 2.8 24 9 2 7 75% 361 2947 598 54%
c u  1.42  7 17 12 19 2617 2 56684 8799 2.6 24 9 2 7 77% 361 2947 598 54%
c v  1.43  7 17 12 19 2617 2 56684 8575 2.6 24 9 2 7 77% 361 2947 598 54%
c w  1.44  8 17 12 19 2617 2 56684 8535 2.6 24 9 2 7 77% 361 2947 598 54%
c -  1.50  7 18 12 20 3016 2 58198 7244 2.6 24 9 1 6 77% 361 2947 598 54%
c -  1.64  7 18 12 21 3386 2 62671 9077 2.6 25 9 1 5 77% 364 2946 598 54%
c }  1.70  7 18 13 21 3791 2 64265 10508 2.6 25 10 1 5 78% 367 2946 598 54%
c [  1.70  7 17 13 21 3791 1 64265 10508 1.9 22 12 2 11 88% 367 2946 598 54%
c W  1.70  6 17 13 21 3791 1 64265 10508 1.9 22 12 2 11 88% 367 2946 598 54%
c -  1.76  7 17 13 22 3793 1 67254 9872 1.9 22 12 2 11 88% 367 2946 598 54%
c
c seconds   switched    rate         size/glue  tier1    binary      remaining
c        MB   reductions  conflicts        size   tier2    irredundant
c         level    restarts     redundant     glue    trail      variables
c
c s  1.86  7 17 13 22 3796 1 71624 13237 1.8 22 12 2 11 88% 367 2941 598 54%
c e  1.87  7 17 13 22 3796 1 71624 13237 1.8 22 12 2 11 88% 265 3152 534 48%
c s  1.87  7 17 13 22 3796 1 71624 13237 1.8 22 12 2 11 88% 266 3120 534 48%
c e  1.87  7 17 13 22 3796 1 71624 13237 1.8 22 12 2 11 88% 266 3122 533 48%
c ^  1.87  7 17 13 22 3796 1 71624 13237 1.8 22 12 2 11 88% 266 3122 533 48%
c -  1.87  6 17 13 23 3796 1 71947 5075 1.8 22 12 2 10 87% 266 3122 533 48%
c -  1.97  7 17 13 24 3798 1 76742 5796 1.9 22 12 2 10 87% 268 3122 533 48%
c o  1.99  7 17 13 24 3799 1 77630 6315 1.9 22 12 2 10 88% 268 3122 533 48%
c I  2.02  7 17 13 24 3800 1 79170 7141 1.8 22 12 2 10 88% 268 3122 533 48%
c u  2.06  7 17 13 24 3801 1 81250 8521 1.8 22 12 2 10 88% 269 3122 533 48%
c v  2.07  7 17 13 24 3801 1 81250 8049 1.8 22 12 2 10 88% 269 3122 533 48%
c w  2.08  7 17 13 24 3801 1 81250 7689 1.8 22 12 2 10 88% 269 3122 533 48%
c x  2.08  6 17 13 24 3801 1 81250 7687 1.8 22 12 2 10 88% 270 3077 533 48%
c t  2.15  6 17 13 24 3801 1 81250 7687 1.8 22 12 2 10 88% 268 3077 533 48%
c f  2.15  6 17 13 24 3801 1 81250 7687 1.8 22 12 2 10 88% 270 3070 534 48%
c u  2.16  6 17 13 24 3801 1 81250 7648 1.8 22 12 2 10 88% 270 3070 534 48%
c v  2.17  6 17 13 24 3801 1 81250 7279 1.8 22 12 2 10 88% 270 3070 534 48%
c w  2.18  8 17 13 24 3801 1 81250 7205 1.8 22 12 2 10 88% 270 3070 534 48%
c x  2.18  8 17 13 24 3801 1 81250 7205 1.8 22 12 2 10 88% 270 3068 534 48%
c -  2.19  7 17 13 25 3801 1 81641 5208 1.8 22 12 2 10 88% 272 3068 534 48%
c
c seconds   switched    rate        size/glue  tier1    binary      remaining
c        MB   reductions  conflicts       size   tier2    irredundant
c         level    restarts    redundant     glue    trail      variables
c
c ]  2.25  7 17 14 25 3804 1 85955 8867 1.8 22 12 2 10 87% 272 3068 534 48%
c {  2.25  7 18 14 25 3804 2 85955 8867 2.6 25 10 1 5 78% 272 3068 534 48%
c -  2.27  7 18 14 26 3976 2 86641 6179 2.5 25 10 1 5 78% 272 3068 534 48%
c -  2.42  8 18 14 27 4718 2 91741 7885 2.5 25 10 1 5 79% 273 3068 534 48%
c -  2.59  8 18 14 28 5507 2 96938 9595 2.4 25 10 1 5 78% 277 3068 534 48%
c }  2.69  8 18 15 28 5721 2 100671 13172 2.5 25 10 1 5 79% 277 3068 534 48%
c [  2.69  8 17 15 28 5721 1 100671 13172 1.8 22 12 2 10 87% 277 3068 534 48%
c B  2.69  8 17 15 28 5721 1 100671 13172 1.8 22 12 2 10 87% 277 3068 534 48%
c -  2.72  8 17 15 29 5722 1 102230 11091 1.8 22 12 2 10 87% 277 3068 534 48%
c -  2.83  8 17 15 30 5726 1 107616 10701 1.8 22 12 2 10 87% 278 3068 534 48%
c u  2.90  8 17 15 30 5727 1 110546 12774 1.8 22 12 2 10 87% 280 3068 534 48%
c v  2.92  8 17 15 30 5727 1 110546 12362 1.8 22 12 2 10 87% 280 3068 534 48%
c w  2.93  9 17 15 30 5727 1 110546 12298 1.8 22 12 2 10 87% 280 3068 534 48%
c t  2.93  9 17 15 30 5727 1 110546 12298 1.8 22 12 2 10 87% 279 3068 534 48%
c -  2.98  8 17 15 31 5728 1 113093 8768 1.8 22 12 2 10 88% 279 3068 534 48%
c -  3.11  8 17 15 32 5732 1 118661 8745 1.8 22 12 2 10 88% 279 3068 534 48%
c W  3.18  7 17 15 32 5734 1 121582 10988 1.8 22 12 2 10 88% 279 3068 534 48%
c o  3.18  7 17 15 32 5734 1 121582 10988 1.8 22 12 2 10 88% 279 3068 534 48%
c ]  3.18  7 17 16 32 5734 1 121757 11057 1.8 22 12 2 10 88% 279 3068 534 48%
c {  3.18  7 18 16 32 5734 2 121757 11057 2.5 25 10 1 5 79% 279 3068 534 48%
c
c seconds   switched    rate         size/glue  tier1   binary      remaining
c        MB   reductions  conflicts        size   tier2   irredundant
c         level    restarts     redundant     glue   trail      variables
c
c -  3.27  8 18 16 33 6202 2 124318 9324 2.5 25 10 1 5 79% 281 3068 534 48%
c -  3.46  8 18 16 34 6955 2 130063 11030 2.5 26 11 1 4 80% 281 3068 534 48%
c s  3.53  8 18 16 34 7182 2 132223 12942 2.5 26 11 1 4 80% 282 3066 534 48%
c e  3.53  8 18 16 34 7182 2 132223 12942 2.5 26 11 1 4 80% 174 3360 474 43%
c s  3.53  8 18 16 34 7182 2 132223 12942 2.5 26 11 1 4 80% 174 3295 474 43%
c e  3.53  8 18 16 34 7182 2 132223 12942 2.5 26 11 1 4 80% 172 3303 472 42%
c ^  3.53  8 18 16 34 7182 2 132223 12942 2.5 26 11 1 4 80% 172 3303 472 42%
c -  3.62  8 18 16 35 7195 2 135894 9760 2.5 26 10 1 4 81% 172 3303 472 42%
c }  3.73  8 18 17 35 7197 2 140094 13780 2.6 26 10 1 4 82% 172 3303 472 42%
c [  3.73  8 17 17 35 7197 1 140094 13780 1.8 22 12 2 10 88% 172 3303 472 42%
c -  3.78  8 17 17 36 7198 1 141811 13588 1.8 22 12 2 10 88% 172 3303 472 42%
c u  3.88  8 17 17 36 7200 1 144768 15701 1.9 23 12 2 10 88% 175 3303 472 42%
c v  3.90  9 17 17 36 7200 1 144768 15589 1.9 23 12 2 10 88% 175 3303 472 42%
c w  3.91 10 17 17 36 7200 1 144768 15534 1.9 23 12 2 10 88% 175 3303 472 42%
c x  3.92  8 17 17 36 7200 1 144768 15528 1.9 23 12 2 10 88% 178 3214 472 42%
c t  3.92  8 17 17 36 7200 1 144768 15528 1.9 23 12 2 10 88% 174 3214 472 42%
c O  3.95  9 17 17 36 7201 1 145807 16486 1.9 23 12 2 10 88% 174 3214 472 42%
c -  4.01  9 17 17 37 7202 1 147811 12953 1.9 23 12 2 9 88% 174 3214 472 42%
c -  4.17  8 17 17 38 7205 1 153894 10169 1.9 23 12 2 9 88% 175 3214 472 42%
c -  4.33  8 16 17 39 7209 1 160059 8077 1.9 23 12 2 9 88% 175 3214 472 42%
c
c seconds   switched    rate         size/glue  tier1   binary      remaining
c        MB   reductions  conflicts        size   tier2   irredundant
c         level    restarts     redundant     glue   trail      variables
c
c ]  4.34  8 16 18 39 7209 1 160482 8382 1.9 23 12 2 9 88% 175 3214 472 42%
c {  4.34  8 18 18 39 7209 2 160482 8382 2.6 26 10 1 4 82% 175 3214 472 42%
c -  4.51  8 18 18 40 7508 2 166303 10218 2.6 26 10 1 4 81% 177 3214 472 42%
c -  4.69  8 17 18 41 7812 2 172628 12778 2.6 25 10 1 4 82% 177 3214 472 42%
c -  4.85  8 16 18 42 7812 2 179031 14119 2.6 25 10 1 4 83% 177 3214 472 42%
c }  4.95  8 16 19 42 7812 2 182827 17145 2.6 25 10 1 4 83% 177 3214 472 42%
c [  4.95  8 16 19 42 7812 1 182827 17145 1.9 23 12 2 9 88% 177 3214 472 42%
c B  4.95  8 16 19 42 7812 1 182827 17145 1.9 23 12 2 9 88% 177 3214 472 42%
c o  4.95  8 16 19 42 7812 1 182827 17145 1.9 23 12 2 9 88% 177 3214 472 42%
c u  4.99  8 16 19 42 7813 1 183955 17246 1.9 22 12 2 9 88% 179 3214 472 42%
c v  5.01  9 16 19 42 7813 1 183955 16931 1.9 22 12 2 9 88% 179 3214 472 42%
c w  5.03 10 16 19 42 7813 1 183955 16102 1.9 22 12 2 9 88% 179 3214 472 42%
c x  5.04 10 16 19 42 7813 1 183955 16101 1.9 22 12 2 9 88% 179 3204 472 42%
c t  5.16 10 16 19 42 7813 1 183955 16101 1.9 22 12 2 9 88% 177 3204 472 42%
c -  5.19  8 16 19 43 7814 1 185512 12800 1.9 22 12 2 9 88% 177 3204 472 42%
c -  5.32  8 16 19 44 7818 1 192069 11254 1.8 22 12 2 9 88% 177 3204 472 42%
c -  5.45  8 16 19 45 7821 1 198704 9210 1.8 22 12 2 9 88% 177 3204 472 42%
c -  5.58  8 16 19 46 7825 1 205413 8957 1.8 22 12 2 9 88% 177 3204 472 42%
c -  5.72  8 16 19 47 7826 1 212200 9409 1.8 22 12 2 9 88% 177 3204 472 42%
c W  5.76  7 16 19 47 7826 1 214278 11215 1.8 22 12 2 9 88% 177 3204 472 42%
c
c seconds   switched    rate          size/glue  tier1   binary      remaining
c        MB   reductions  conflicts         size   tier2   irredundant
c         level    restarts      redundant     glue   trail      variables
c
c ]  5.77  7 16 20 47 7826 1 214873 11696 1.8 22 12 2 9 88% 177 3204 472 42%
c {  5.77  7 16 20 47 7826 2 214873 11696 2.6 25 10 1 4 83% 177 3204 472 42%
c s  5.88  8 16 20 47 8629 2 217974 14230 2.5 25 10 1 4 83% 177 3203 472 42%
c e  5.89  8 16 20 47 8629 2 217974 14230 2.5 25 10 1 4 83% 118 3685 400 36%
c s  5.89  8 16 20 47 8629 2 217974 14230 2.5 25 10 1 4 83% 119 3549 400 36%
c e  5.89  8 16 20 47 8629 2 217974 14230 2.5 25 10 1 4 83% 113 3588 394 35%
c ^  5.89  8 16 20 47 8629 2 217974 14230 2.5 25 10 1 4 83% 113 3588 394 35%
c -  5.91  7 16 20 48 8904 2 219055 4962 2.5 25 10 1 4 84% 113 3588 394 35%
c -  6.07  7 16 20 49 9640 2 225983 8260 2.5 24 10 1 4 82% 114 3588 394 35%
c u  6.15  8 17 20 49 10153 2 228327 9761 2.4 24 10 1 4 83% 114 3588 394 35%
c v  6.18  8 17 20 49 10153 2 228327 8679 2.4 24 10 1 4 83% 114 3588 394 35%
c w  6.20  8 17 20 49 10153 2 228327 8075 2.4 24 10 1 4 83% 114 3588 394 35%
c -  6.30  7 16 20 50 10749 2 232983 8809 2.4 24 10 1 4 81% 114 3588 394 35%
c -  6.46  8 16 20 51 11693 2 240054 9975 2.3 24 10 1 4 80% 115 3588 394 35%
c }  6.50  8 16 21 51 12027 2 241613 11195 2.3 24 10 1 4 80% 115 3588 394 35%
c [  6.50  8 16 21 51 12027 1 241613 11195 1.8 22 12 2 9 88% 115 3588 394 35%
c -  6.61  8 16 21 52 12031 1 247197 9908 1.8 22 12 2 9 88% 115 3588 394 35%
c I  6.65  8 16 21 52 12032 1 249629 11692 1.8 22 12 2 9 88% 115 3588 394 35%
c o  6.65  8 16 21 52 12032 1 249629 11692 1.8 22 12 2 9 88% 115 3588 394 35%
c -  6.72  8 16 21 53 12034 1 254410 9175 1.8 22 12 2 9 88% 115 3588 394 35%
c
c seconds   switched     rate         size/glue  tier1   binary      remaining
c        MB   reductions   conflicts        size   tier2   irredundant
c         level    restarts      redundant     glue   trail      variables
c
c -  6.84  8 16 21 54 12039 1 261690 9126 1.8 22 12 2 9 88% 115 3588 394 35%
c -  6.97  8 16 21 55 12041 1 269039 9363 1.8 22 12 2 9 88% 115 3588 394 35%
c -  7.13  8 16 21 56 12043 1 276457 9928 1.8 22 12 2 9 88% 115 3588 394 35%
c u  7.15  7 16 21 56 12044 1 277279 10061 1.8 22 12 2 9 88% 116 3588 394 35%
c v  7.17  8 16 21 56 12044 1 277279 9115 1.8 22 12 2 9 88% 116 3588 394 35%
c w  7.18  8 16 21 56 12044 1 277279 9067 1.8 22 12 2 9 88% 116 3588 394 35%
c x  7.18  8 16 21 56 12044 1 277279 9048 1.8 22 12 2 9 88% 116 3456 394 35%
c ]  7.25  8 16 22 56 12046 1 279776 10747 1.8 22 12 2 9 88% 116 3456 394 35%
c {  7.25  8 16 22 56 12046 2 279776 10747 2.3 24 10 1 4 80% 116 3456 394 35%
c -  7.32  8 16 22 57 12407 2 283940 10552 2.3 23 10 1 4 80% 117 3456 394 35%
c -  7.48  8 16 22 58 12793 2 291490 12440 2.2 23 10 1 4 81% 117 3456 394 35%
c -  7.75  8 16 22 59 12795 2 299105 12465 2.2 22 10 1 4 82% 117 3456 394 35%
c -  8.01  8 15 22 60 12795 2 306786 12711 2.2 21 10 1 4 82% 117 3456 394 35%
c }  8.15  8 15 23 60 12795 2 311293 15040 2.1 21 10 1 4 82% 117 3456 394 35%
c [  8.15  8 16 23 60 12795 1 311293 15040 1.8 22 12 2 9 88% 117 3456 394 35%
c B  8.15  8 16 23 60 12795 1 311293 15040 1.8 22 12 2 9 88% 117 3456 394 35%
c -  8.22  8 16 23 61 12797 1 314533 13231 1.8 22 12 2 9 88% 117 3456 394 35%
c -  8.39  8 16 23 62 12801 1 322343 11862 1.8 21 12 2 9 88% 117 3456 394 35%
c -  8.55  8 16 23 63 12807 1 330217 10246 1.8 21 12 2 9 88% 117 3456 394 35%
c s  8.55  8 16 23 63 12807 1 330316 10330 1.8 21 12 2 9 88% 117 3451 394 35%
c
c seconds   switched     rate          size/glue  tier1   binary      remaining
c        MB   reductions   conflicts         size   tier2   irredundant
c         level    restarts       redundant     glue   trail      variables
c
c e  8.56  8 16 23 63 12807 1 330316 10330 1.8 21 12 2 9 88%  71 4090 343 31%
c s  8.56  8 16 23 63 12807 1 330316 10330 1.8 21 12 2 9 88%  71 3921 343 31%
c e  8.56  8 16 23 63 12807 1 330316 10330 1.8 21 12 2 9 88%  69 3946 341 31%
c !  8.56  8 16 23 63 12807 1 330316 10330 1.8 21 12 2 9 88%  69 3946 341 31%
c o  8.56  8 16 23 63 12807 1 330316 5471 1.8 21 12 2 9 88%  69 3946 341 31%
c u  8.60  8 16 23 63 12808 1 331851 5795 1.7 21 12 2 9 88%  69 3946 341 31%
c v  8.62  8 16 23 63 12808 1 331851 4884 1.7 21 12 2 9 88%  69 3946 341 31%
c w  8.63  8 16 23 63 12808 1 331851 4153 1.7 21 12 2 9 88%  69 3946 341 31%
c x  8.64  8 16 23 63 12808 1 331851 4142 1.7 21 12 2 9 88%  70 3800 341 31%
c f  8.64  8 16 23 63 12808 1 331851 4142 1.7 21 12 2 9 88%  70 3778 342 31%
c u  8.65  8 16 23 63 12808 1 331851 4068 1.7 21 12 2 9 88%  70 3778 342 31%
c v  8.66  8 16 23 63 12808 1 331851 3820 1.7 21 12 2 9 88%  70 3778 342 31%
c w  8.67  8 16 23 63 12808 1 331851 3513 1.7 21 12 2 9 88%  70 3778 342 31%
c x  8.68  8 16 23 63 12808 1 331851 3513 1.7 21 12 2 9 88%  70 3748 342 31%
c -  8.79  7 15 23 64 12809 1 338154 4524 1.7 21 12 2 9 89%  70 3748 342 31%
c -  8.93  7 15 23 65 12811 1 346154 6083 1.7 21 12 2 9 89%  70 3748 342 31%
c -  9.08  7 15 23 66 12816 1 354217 6809 1.7 21 12 2 8 89%  70 3748 342 31%
c W  9.10  7 15 23 66 12816 1 355005 7263 1.7 21 12 2 8 89%  70 3748 342 31%
c -  9.25  7 15 23 67 12821 1 362343 7022 1.7 21 12 2 8 89%  70 3748 342 31%
c ]  9.28  7 15 24 67 12822 1 363797 7710 1.7 21 12 2 8 89%  70 3748 342 31%
c
c seconds   switched     rate         size/glue  tier1   binary      remaining
c        MB   reductions   conflicts        size   tier2   irredundant
c         level    restarts      redundant     glue   trail      variables
c
c {  9.28  7 15 24 67 12822 2 363797 7710 2.1 21 10 1 4 82%  70 3748 342 31%
c -  9.46  8 15 24 68 14183 2 370529 8129 2.1 21 10 1 4 83%  70 3748 342 31%
c -  9.68  8 15 24 69 15270 2 378776 9411 2.1 21 10 1 4 83%  70 3748 342 31%
c -  9.91  8 16 24 70 16985 2 387082 10623 2.0 21 11 1 4 83%  70 3748 342 31%
c u 10.03  8 16 24 70 17774 2 391245 13398 2.0 21 11 1 4 84%  70 3748 342 31%
c v 10.06  8 16 24 70 17774 2 391245 12501 2.0 21 11 1 4 84%  70 3748 342 31%
c w 10.07  9 16 24 70 17774 2 391245 12378 2.0 21 11 1 4 84%  70 3748 342 31%
c x 10.08  9 16 24 70 17774 2 391245 12375 2.0 21 11 1 4 84%  70 3746 342 31%
c - 10.29  8 16 24 71 17876 2 395449 10275 2.0 22 11 1 4 84%  70 3746 342 31%
c } 10.43  8 15 25 71 17897 2 400474 14697 2.1 22 11 1 4 85%  70 3746 342 31%
c [ 10.43  8 15 25 71 17897 1 400474 14697 1.7 21 12 2 8 89%  70 3746 342 31%
c O 10.49  8 15 25 71 17899 1 403166 17112 1.8 21 12 2 8 89%  70 3746 342 31%
c - 10.51  9 15 25 72 17899 1 403875 12665 1.8 21 12 2 8 89%  70 3746 342 31%
c - 10.75  9 15 25 73 17903 1 412360 12131 1.7 21 12 2 8 90%  70 3746 342 31%
c - 10.94  9 15 25 74 17909 1 420904 9239 1.7 21 12 2 8 90%  70 3746 342 31%
c - 11.12  8 15 25 75 17911 1 429507 9072 1.7 21 12 2 8 90%  70 3746 342 31%
c - 11.31  8 15 25 76 17915 1 438167 9499 1.8 21 12 2 8 90%  70 3746 342 31%
c ] 11.43  8 15 26 76 17918 1 443664 13229 1.8 21 12 2 8 90%  70 3746 342 31%
c { 11.43  8 15 26 76 17918 2 443664 13229 2.1 22 11 1 4 85%  70 3746 342 31%
c o 11.44  8 15 26 76 17923 2 444482 13847 2.1 22 11 1 4 85%  70 3746 342 31%
c
c seconds   switched     rate          size/glue  tier1   binary      remaining
c        MB   reductions   conflicts         size   tier2   irredundant
c         level    restarts       redundant     glue   trail      variables
c
c - 11.50  9 15 26 77 17930 2 446885 10861 2.1 22 10 1 4 85%  70 3746 342 31%
c - 11.72  8 15 26 78 18262 2 455660 13063 2.2 22 10 1 4 85%  70 3746 342 31%
c u 11.74  9 15 26 78 18262 2 456123 12936 2.2 22 10 1 4 85%  70 3746 342 31%
c v 11.79  9 15 26 78 18262 2 456123 11606 2.2 22 10 1 4 85%  70 3746 342 31%
c w 11.81  9 15 26 78 18262 2 456123 11033 2.2 22 10 1 4 85%  70 3746 342 31%
c - 12.04  9 15 26 79 19188 2 464494 12744 2.2 23 11 1 4 86%  70 3746 342 31%
c s 12.22  9 15 26 79 19345 2 470386 18338 2.2 23 10 1 4 86%  70 3740 342 31%
c e 12.23  8 15 26 79 19345 2 470386 18338 2.2 23 10 1 4 86%  66 3847 334 30%
c s 12.23  8 15 26 79 19345 2 470386 18338 2.2 23 10 1 4 86%  66 3823 334 30%
c - 12.33  9 15 26 80 19487 2 473383 12612 2.3 24 10 1 4 87%  66 3823 334 30%
c - 12.60  9 15 26 81 19487 2 482328 16293 2.4 24 10 1 4 87%  66 3823 334 30%
c } 12.72  9 15 27 81 19965 2 485882 19272 2.4 24 10 1 4 87%  67 3823 334 30%
c [ 12.72  9 15 27 81 19965 1 485882 19272 1.8 21 12 2 8 90%  67 3823 334 30%
c B 12.72  9 15 27 81 19965 1 485882 19272 1.8 21 12 2 8 90%  67 3823 334 30%
c - 12.82 10 15 27 82 19969 1 491330 16046 1.8 21 12 2 8 90%  67 3823 334 30%
c - 12.99  8 15 27 83 19974 1 500385 12302 1.7 21 12 2 8 90%  67 3823 334 30%
c - 13.16  8 15 27 84 19978 1 509497 10134 1.7 20 12 2 8 90%  67 3823 334 30%
c - 13.34  8 15 27 85 19979 1 518663 9738 1.7 20 12 2 8 90%  67 3823 334 30%
c u 13.49  9 15 27 85 19985 1 526584 14330 1.7 20 12 2 8 90%  67 3823 334 30%
c v 13.53  9 15 27 85 19985 1 526584 13458 1.7 20 12 2 8 90%  67 3823 334 30%
c
c seconds   switched     rate          size/glue  tier1   binary      remaining
c        MB   reductions   conflicts         size   tier2   irredundant
c         level    restarts       redundant     glue   trail      variables
c
c w 13.54  9 15 27 85 19985 1 526584 10452 1.7 20 12 2 8 90%  67 3823 334 30%
c x 13.55  9 15 27 85 19985 1 526584 10444 1.7 20 12 2 8 90%  67 3789 334 30%
c - 13.58  8 15 27 86 19986 1 527882 7955 1.7 20 12 2 8 90%  67 3789 334 30%
c - 13.78  8 14 27 87 19991 1 537155 8670 1.7 20 12 2 8 90%  67 3789 334 30%
c W 13.92  7 14 27 87 19994 1 543466 12084 1.7 20 12 2 8 90%  67 3789 334 30%
c o 13.92  7 14 27 87 19994 1 543466 12084 1.7 20 12 2 8 90%  67 3789 334 30%
c ] 13.94  7 14 28 87 19994 1 544512 12665 1.7 20 12 2 8 90%  67 3789 334 30%
c { 13.94  7 15 28 87 19994 2 544512 12665 2.4 24 10 1 4 87%  67 3789 334 30%
c - 13.99  8 15 28 88 20414 2 546482 9111 2.3 24 10 1 4 87%  67 3789 334 30%
c - 14.23  8 15 28 89 21599 2 555862 11964 2.3 24 11 1 4 87%  67 3789 334 30%
c - 14.50  8 16 28 90 22408 2 565295 14357 2.2 24 11 1 4 86%  67 3789 334 30%
c - 14.76  9 16 28 91 22707 2 574782 17288 2.2 23 10 1 4 84%  67 3789 334 30%
c - 15.05  9 16 28 92 24253 2 584321 17466 2.2 24 11 1 4 85%  67 3789 334 30%
c } 15.28 10 16 29 92 24583 2 592650 25262 2.3 24 11 1 4 85%  67 3789 334 30%
c [ 15.28 10 14 29 92 24583 1 592650 25262 1.7 20 12 2 8 90%  67 3789 334 30%
c - 15.32  9 14 29 93 24584 1 593912 17538 1.7 20 12 2 8 90%  67 3789 334 30%
c u 15.59  9 14 29 93 24589 1 602567 22305 1.7 20 12 2 8 90%  67 3789 334 30%
c v 15.62 11 14 29 93 24589 1 602567 21822 1.7 20 12 2 8 90%  67 3789 334 30%
c w 15.64 12 14 29 93 24589 1 602567 21710 1.7 20 12 2 8 90%  67 3789 334 30%
c x 15.66 12 14 29 93 24589 1 602567 21708 1.7 20 12 2 8 90%  67 3775 334 30%
c
c seconds   switched     rate          size/glue  tier1   binary      remaining
c        MB   reductions   conflicts         size   tier2   irredundant
c         level    restarts       redundant     glue   trail      variables
c
c - 15.69 10 14 29 94 24589 1 603556 14403 1.7 20 12 2 8 90%  67 3775 334 30%
c I 15.74 10 15 29 94 24591 1 606016 16295 1.7 20 12 2 8 90%  67 3775 334 30%
c - 15.87  9 15 29 95 24596 1 613251 11585 1.7 20 12 2 8 90%  67 3775 334 30%
c - 16.07  9 15 29 96 24597 1 622997 10117 1.7 20 12 2 8 90%  67 3775 334 30%
c - 16.26  9 14 29 97 24603 1 632795 10371 1.7 20 12 2 8 90%  67 3775 334 30%
c e 16.45  9 14 29 97 24608 1 642568 17480 1.7 20 12 2 8 90%  67 3791 333 30%
c s 16.45  9 14 29 97 24608 1 642568 17480 1.7 20 12 2 8 90%  67 3779 333 30%
c - 16.45  9 14 29 98 24608 1 642643 11090 1.7 20 12 2 8 90%  67 3779 333 30%
c - 16.63  9 14 29 99 24612 1 652542 10748 1.7 19 12 2 8 90%  67 3779 333 30%
c ] 16.80  9 14 30 99 24613 1 660803 16034 1.7 19 12 2 8 90%  67 3779 333 30%
c { 16.80  9 16 30 99 24613 2 660803 16034 2.3 24 11 1 4 85%  67 3779 333 30%
c o 16.80  9 16 30 99 24621 2 660842 16071 2.3 24 11 1 4 85%  67 3779 333 30%
c - 16.86  9 16 30 100 24993 2 662491 11138 2.3 24 11 1 4 85%  67 3779 333 30%
c - 17.15  9 16 30 101 25891 2 672492 13463 2.2 24 11 1 4 86%  67 3779 333 30%
c - 17.45 10 16 30 102 26411 2 682542 16151 2.2 24 11 1 4 86%  67 3779 333 30%
c u 17.51 10 16 30 102 26411 2 684341 16101 2.2 23 11 1 4 86%  67 3779 333 30%
c v 17.57 10 16 30 102 26411 2 684341 14310 2.2 23 11 1 4 86%  67 3779 333 30%
c w 17.60 10 16 30 102 26411 2 684341 14049 2.2 23 11 1 4 86%  67 3779 333 30%
c - 17.81 10 16 30 103 26858 2 692642 15810 2.2 23 11 1 4 86%  67 3779 333 30%
c - 18.09 10 16 30 104 27842 2 702790 16629 2.2 23 11 1 4 86%  67 3779 333 30%
c
c seconds   switched      rate          size/glue  tier1   binary      remaining
c        MB   reductions    conflicts         size   tier2   irredundant
c         level     restarts       redundant     glue   trail      variables
c
c - 18.35 10 15 30 105 28352 2 712988 16867 2.2 23 11 1 4 86%  67 3779 333 30%
c } 18.40 10 15 31 105 28374 2 715239 18842 2.2 23 11 1 4 86%  67 3779 333 30%
c [ 18.40 10 14 31 105 28374 1 715239 18842 1.7 19 12 2 8 90%  67 3779 333 30%
c B 18.40 10 14 31 105 28374 1 715239 18842 1.7 19 12 2 8 90%  67 3779 333 30%
c - 18.63 10 14 31 106 28379 1 723235 16196 1.7 20 12 1 8 90%  67 3779 333 30%
c - 18.89  9 14 31 107 28385 1 733531 13866 1.7 20 12 1 8 90%  67 3779 333 30%
c - 19.15 10 14 31 108 28388 1 743875 12366 1.7 19 12 1 7 90%  67 3779 333 30%
c - 19.39 10 14 31 109 28394 1 754268 12509 1.7 19 11 1 7 90%  67 3779 333 30%
c - 19.65 10 14 31 110 28399 1 764708 12705 1.7 19 11 1 7 90%  67 3779 333 30%
c u 19.87 10 14 31 110 28402 1 771914 16131 1.7 19 11 1 7 90%  67 3779 333 30%
c v 19.91 10 14 31 110 28402 1 771914 14833 1.7 19 11 1 7 90%  67 3779 333 30%
c w 19.93 10 14 31 110 28402 1 771914 12394 1.7 19 11 1 7 90%  67 3779 333 30%
c x 19.94 10 14 31 110 28402 1 771914 12394 1.7 19 11 1 7 90%  67 3772 333 30%
c o 19.95 10 14 31 110 28402 1 771914 12394 1.7 19 11 1 7 90%  67 3772 333 30%
c ] 19.98  9 14 32 110 28403 1 773644 13605 1.7 19 11 1 7 90%  67 3772 333 30%
c { 19.98  9 15 32 110 28403 2 773644 13605 2.2 23 11 1 4 86%  67 3772 333 30%
c - 20.02  9 15 32 111 28511 2 775197 10515 2.2 23 11 1 4 86%  67 3772 333 30%
c - 20.29 10 15 32 112 29384 2 785732 12967 2.2 23 11 1 4 86%  67 3772 333 30%
c - 20.56 10 15 32 113 29384 2 796315 15414 2.2 23 10 1 4 87%  67 3772 333 30%
c - 20.92 10 15 32 114 31185 2 806947 17035 2.2 23 11 1 4 87%  67 3772 333 30%
c
c seconds   switched      rate          size/glue  tier1   binary      remaining
c        MB   reductions    conflicts         size   tier2   irredundant
c         level     restarts       redundant     glue   trail      variables
c
c - 21.27 10 15 32 115 32703 2 817624 16652 2.1 23 11 1 4 87%  67 3772 333 30%
c - 21.50 10 15 32 116 33079 2 828347 16354 2.1 22 11 1 4 87%  67 3772 333 30%
c } 21.64 10 15 33 116 33096 2 834749 22259 2.2 23 11 1 4 87%  67 3772 333 30%
c [ 21.64 10 14 33 116 33096 1 834749 22259 1.7 19 11 1 7 90%  67 3772 333 30%
c W 21.65  9 14 33 116 33096 1 834749 22259 1.7 19 11 1 7 90%  67 3772 333 30%
c - 21.78  9 14 33 117 33099 1 839117 15886 1.7 19 11 1 7 90%  67 3772 333 30%
c e 22.04  9 14 33 117 33104 1 848444 21533 1.7 19 11 1 7 90%  65 3801 331 30%
c s 22.04  9 14 33 117 33104 1 848444 21533 1.7 19 11 1 7 90%  65 3776 331 30%
c - 22.08  8 14 33 118 33105 1 849933 14187 1.7 19 11 1 7 90%  65 3776 331 30%
c - 22.35  8 14 33 119 33110 1 860796 12780 1.7 19 11 1 7 90%  65 3776 331 30%
c u 22.48  8 14 33 119 33110 1 865396 14771 1.7 19 11 1 7 90%  65 3776 331 30%
c v 22.55  8 14 33 119 33110 1 865396 12660 1.7 19 11 1 7 90%  65 3776 331 30%
c w 22.59  8 14 33 119 33110 1 865396 11229 1.7 19 11 1 7 90%  65 3776 331 30%
c = 22.88 10 14 33 119 33110 1 865396 11229 1.7 19 11 1 7 90%  67 3762 329 30%
c d 22.88 10 14 33 119 33110 1 865396 11176 1.7 19 11 1 7 90%  65 3762 329 30%
c u 22.90 10 14 33 119 33110 1 865396 10984 1.7 19 11 1 7 90%  65 3762 329 30%
c v 22.94 10 14 33 119 33110 1 865396 10298 1.7 19 11 1 7 90%  65 3762 329 30%
c w 23.01 10 14 33 119 33110 1 865396 9444 1.7 19 11 1 7 90%  65 3762 329 30%
c - 23.15 10 14 33 120 33114 1 871705 8939 1.7 19 11 1 7 90%  63 3762 329 30%
c - 23.42 10 14 33 121 33120 1 882659 10166 1.7 19 11 1 7 90%  63 3762 329 30%
c
c seconds   switched      rate          size/glue  tier1   binary      remaining
c        MB   reductions    conflicts         size   tier2   irredundant
c         level     restarts       redundant     glue   trail      variables
c
c - 23.65 10 14 33 122 33125 1 893659 10983 1.7 19 11 1 7 90%  63 3762 329 30%
c ] 23.82 10 14 34 122 33126 1 902211 17148 1.7 19 11 1 7 90%  63 3762 329 30%
c { 23.82 10 15 34 122 33126 2 902211 17148 2.2 23 11 1 4 87%  63 3762 329 30%
c o 23.87 10 15 34 122 33192 2 903902 18114 2.1 23 11 1 4 87%  63 3762 329 30%
c - 23.90 10 15 34 123 33254 2 904705 11308 2.1 23 11 1 4 87%  63 3762 329 30%
c - 24.29 10 15 34 124 33642 2 915796 12081 2.2 23 11 1 4 88%  63 3762 329 30%
c - 24.57 10 15 34 125 33785 1 926931 11489 2.1 23 11 1 4 89%  63 3762 329 30%
c - 24.89 10 14 34 126 33952 1 938112 12031 2.1 22 11 1 4 89%  63 3762 329 30%
c - 25.22 10 14 34 127 34677 1 949338 14024 2.1 22 11 1 4 88%  63 3762 329 30%
c - 25.54 11 14 34 128 34879 1 960607 15594 2.1 22 10 1 4 88%  64 3762 329 30%
c u 25.72 11 14 34 128 34884 1 964881 18876 2.2 23 10 1 4 88%  64 3762 329 30%
c v 25.78 11 14 34 128 34884 1 964881 18090 2.2 23 10 1 4 88%  64 3762 329 30%
c w 25.80 11 14 34 128 34884 1 964881 17303 2.2 23 10 1 4 88%  64 3762 329 30%
c x 25.82 11 14 34 128 34884 1 964881 17297 2.2 23 10 1 4 88%  64 3754 329 30%
c } 26.04 11 14 35 128 34889 1 970357 22357 2.2 23 10 1 4 88%  64 3754 329 30%
c [ 26.04 11 14 35 128 34889 1 970357 22357 1.7 19 11 1 7 90%  64 3754 329 30%
c O 26.04 11 14 35 128 34889 1 970357 22357 1.7 19 11 1 7 90%  64 3754 329 30%
c - 26.11 11 14 35 129 34890 1 971920 16234 1.7 19 11 1 7 90%  64 3754 329 30%
c - 26.47 11 13 35 130 34896 1 983277 16346 1.8 19 11 1 7 90%  64 3754 329 30%
c - 26.77 10 13 35 131 34902 1 994679 14200 1.8 19 11 1 7 90%  64 3754 329 30%
c
c seconds   switched      rate           size/glue  tier1   binary      remaining
c        MB   reductions     conflicts         size   tier2   irredundant
c         level     restarts        redundant     glue   trail      variables
c
c - 27.06 10 13 35 132 34906 1 1006124 14002 1.8 19 11 1 7 89%  64 3754 329 30%
c - 27.33 10 13 35 133 34913 1 1017613 14266 1.8 19 11 1 7 89%  64 3754 329 30%
c - 27.63 11 13 35 134 34918 1 1029147 13731 1.8 19 11 1 7 89%  64 3754 329 30%
c - 27.92 11 13 35 135 34919 1 1040722 13847 1.8 19 11 1 7 89%  64 3754 329 30%
c - 28.21 11 13 35 136 34919 1 1052341 13106 1.8 19 11 1 6 89%  64 3754 329 30%
c ] 28.22 11 13 36 136 34920 1 1052652 13282 1.8 19 11 1 6 89%  64 3754 329 30%
c { 28.22 11 14 36 136 34920 1 1052652 13282 2.2 23 10 1 4 88%  64 3754 329 30%
c o 28.25 11 14 36 136 34925 1 1053818 13989 2.2 22 10 1 4 88%  64 3754 329 30%
c - 28.56 11 14 36 137 36096 1 1064002 14693 2.1 22 10 1 4 88%  64 3754 329 30%
c u 28.78 11 15 36 137 36962 1 1070428 18659 2.1 22 11 1 4 88%  64 3754 329 30%
c v 28.88 11 15 36 137 36962 1 1070428 16856 2.1 22 11 1 4 88%  64 3754 329 30%
c w 28.92 11 15 36 137 36962 1 1070428 16719 2.1 22 11 1 4 88%  64 3754 329 30%
c - 29.42 17 15 36 138 37676 1 1075707 13879 2.1 22 11 1 4 88%  64 3754 329 30%
c - 29.79 18 15 36 139 38438 1 1087455 15386 2.1 22 11 1 4 88%  64 3754 329 30%
c - 30.14 18 14 36 140 38846 1 1099244 16189 2.2 23 11 1 4 88%  64 3754 329 30%
c - 30.48 18 14 36 141 38852 1 1111076 18339 2.2 23 10 1 4 89%  64 3754 329 30%
c - 30.82 18 14 36 142 38853 1 1122950 20690 2.3 23 10 1 4 89%  64 3754 329 30%
c } 30.99 18 14 37 142 39422 1 1128208 24813 2.3 23 10 1 4 89%  65 3754 329 30%
c [ 30.99 18 13 37 142 39422 1 1128208 24813 1.8 19 11 1 6 89%  65 3754 329 30%
c B 30.99 18 13 37 142 39422 1 1128208 24813 1.8 19 11 1 6 89%  65 3754 329 30%
c
c seconds   switched      rate           size/glue  tier1   binary      remaining
c        MB   reductions     conflicts         size   tier2   irredundant
c         level     restarts        redundant     glue   trail      variables
c
c - 31.16 18 13 37 143 39427 1 1134867 20076 1.8 19 11 1 6 89%  65 3754 329 30%
c - 31.40 18 13 37 144 39434 1 1146825 17029 1.7 19 11 1 6 89%  65 3754 329 30%
c - 31.66 17 13 37 145 39436 1 1158825 13367 1.7 19 11 1 6 90%  65 3754 329 30%
c - 31.90 18 13 37 146 39443 1 1170866 12157 1.7 18 11 1 6 90%  65 3754 329 30%
c u 32.18  8 13 37 146 39450 1 1182067 18435 1.7 18 11 1 6 90%  65 3754 329 30%
c v 32.24  8 13 37 146 39450 1 1182067 16644 1.7 18 11 1 6 90%  65 3754 329 30%
c w 32.31  9 13 37 146 39450 1 1182067 12711 1.7 18 11 1 6 90%  65 3754 329 30%
c - 32.33  9 13 37 147 39450 1 1182949 9126 1.7 18 11 1 6 90%  65 3754 329 30%
c - 32.57  9 13 37 148 39452 1 1195074 10617 1.7 18 11 1 6 90%  65 3754 329 30%
c - 32.85  9 13 37 149 39452 1 1207240 10437 1.7 18 11 1 6 90%  65 3754 329 30%
c o 33.07  9 13 37 149 39458 1 1216450 15061 1.7 18 11 1 6 91%  65 3754 329 30%
c W 33.11  9 13 37 149 39458 1 1218008 15860 1.7 18 11 1 6 91%  65 3754 329 30%
c - 33.14  9 13 37 150 39459 1 1219446 10828 1.7 18 11 1 6 91%  65 3754 329 30%
c - 33.37  9 13 37 151 39466 1 1231694 11591 1.7 18 11 1 6 90%  65 3754 329 30%
c ] 33.46  9 13 38 151 39467 1 1235729 13698 1.7 18 11 1 6 90%  65 3754 329 30%
c { 33.46  9 14 38 151 39467 1 1235729 13698 2.3 23 10 1 4 89%  65 3754 329 30%
c - 33.62  9 14 38 152 40196 1 1243982 12413 2.3 22 10 1 4 89%  65 3754 329 30%
c - 34.09  9 13 38 153 40346 1 1256311 16992 2.4 23 10 1 4 90%  65 3754 329 30%
c - 34.57 10 13 38 154 40649 1 1268682 20681 2.5 24 9 1 4 90%  65 3754 329 30%
c i 34.89 10 13 38 154 41246 1 1279222 27006 2.5 23 9 1 4 90%  74 3754 328 29%
c
c seconds   switched      rate           size/glue tier1   binary      remaining
c        MB   reductions     conflicts         size  tier2   irredundant
c         level     restarts        redundant    glue   trail      variables
c
c - 34.95 10 13 38 155 41493 1 1281092 19666 2.4 23 9 1 4 90%  59 3754 328 29%
c - 35.22 10 13 38 156 43013 1 1293542 17296 2.3 22 10 1 4 90%  59 3754 328 29%
c u 35.39 10 13 38 156 43810 1 1299861 20605 2.3 22 10 1 4 90%  60 3753 328 29%
c v 35.50 10 13 38 156 43810 1 1299861 19321 2.3 22 10 1 4 90%  60 3753 328 29%
c w 35.54 10 13 38 156 43810 1 1299861 18273 2.3 22 10 1 4 90%  60 3753 328 29%
c - 35.67  8 13 38 157 43844 1 1306031 13595 2.2 22 10 1 4 89%  60 3753 328 29%
c - 35.93  9 13 38 158 45577 1 1318561 14042 2.2 21 10 1 4 89%  60 3753 328 29%
c } 35.94  9 13 39 158 45683 1 1319064 14407 2.2 21 10 1 4 89%  60 3753 328 29%
c [ 35.94  9 13 39 158 45683 1 1319064 14407 1.7 18 11 1 6 90%  60 3753 328 29%
c I 35.94  9 13 39 158 45683 1 1319064 14407 1.7 18 11 1 6 90%  60 3753 328 29%
c - 36.18  9 13 39 159 45689 1 1331130 14076 1.7 18 11 1 6 90%  60 3753 328 29%
c - 36.44  9 13 39 160 45697 1 1343740 13213 1.7 18 11 1 6 90%  60 3753 328 29%
c - 36.72  9 13 39 161 45701 1 1356390 13247 1.7 18 11 1 6 90%  60 3753 328 29%
c s 36.97  9 13 39 161 45707 1 1367805 20844 1.7 18 11 1 6 90%  60 3751 328 29%
c s 36.97  9 13 39 161 45707 1 1367805 20844 1.7 18 11 1 6 90%  60 3749 328 29%
c o 36.97  9 13 39 161 45707 1 1367805 20844 1.7 18 11 1 6 90%  60 3749 328 29%
c - 37.00  9 13 39 162 45708 1 1369079 13985 1.7 18 11 1 6 90%  60 3749 328 29%
c - 37.28  9 13 39 163 45712 1 1381807 14275 1.7 17 10 1 6 90%  60 3749 328 29%
c - 37.57  9 13 39 164 45713 1 1394575 14049 1.7 17 10 1 6 90%  60 3749 328 29%
c - 37.88  9 13 39 165 45719 1 1407381 13331 1.6 17 10 1 6 90%  60 3749 328 29%
c
c seconds   switched      rate           size/glue  tier1   binary      remaining
c        MB   reductions     conflicts         size   tier2   irredundant
c         level     restarts        redundant     glue   trail      variables
c
c - 38.16  9 13 39 166 45726 1 1420226 13738 1.6 17 10 1 6 90%  60 3749 328 29%
c B 38.18  9 13 39 166 45726 1 1420841 14064 1.6 17 10 1 6 90%  60 3749 328 29%
c u 38.28  9 13 39 166 45727 1 1423916 15680 1.6 17 10 1 6 90%  60 3749 328 29%
c v 38.33  9 13 39 166 45727 1 1423916 14108 1.6 17 10 1 6 90%  60 3749 328 29%
c w 38.36  9 13 39 166 45727 1 1423916 13022 1.6 17 10 1 6 90%  60 3749 328 29%
c x 38.37  9 13 39 166 45727 1 1423916 13018 1.6 17 10 1 6 90%  60 3739 328 29%
c ] 38.40  9 13 40 166 45727 1 1424938 13557 1.6 17 10 1 6 90%  60 3739 328 29%
c { 38.40  9 13 40 166 45727 1 1424938 13557 2.2 21 10 1 4 89%  60 3739 328 29%
c - 38.63  8 13 40 167 46315 1 1433110 14074 2.2 21 10 1 4 89%  60 3739 328 29%
c - 39.02  9 14 40 168 48620 1 1446033 15501 2.1 21 10 1 4 89%  60 3739 328 29%
c - 39.40  9 14 40 169 50079 1 1458996 16567 2.1 21 10 1 4 89%  60 3739 328 29%
c - 39.78 10 14 40 170 50390 1 1471996 19240 2.2 22 10 1 4 89%  60 3739 328 29%
c - 40.15 10 14 40 171 50513 1 1485034 21409 2.4 23 10 1 4 90%  60 3739 328 29%
c - 40.56 10 14 40 172 51802 1 1498111 20829 2.3 23 10 1 4 90%  60 3739 328 29%
c - 41.03 10 14 40 173 53270 1 1511226 19597 2.2 22 10 1 4 89%  60 3739 328 29%
c } 41.16 10 14 41 173 53445 1 1516411 22381 2.2 22 10 1 4 89%  60 3739 328 29%
c [ 41.16 10 13 41 173 53445 1 1516411 22381 1.6 17 10 1 6 90%  60 3739 328 29%
c - 41.38 10 12 41 174 53450 1 1524378 19206 1.7 17 10 1 6 90%  60 3739 328 29%
c W 41.49 10 13 41 174 53452 1 1528828 22311 1.7 17 10 1 6 90%  60 3739 328 29%
c o 41.50 10 13 41 174 53452 1 1528828 22311 1.7 17 10 1 6 90%  60 3739 328 29%
c
c seconds   switched      rate           size/glue  tier1   binary      remaining
c        MB   reductions     conflicts         size   tier2   irredundant
c         level     restarts        redundant     glue   trail      variables
c
c - 41.71 10 13 41 175 53458 1 1537570 16851 1.7 17 10 1 6 90%  60 3739 328 29%
c - 41.99  8 13 41 176 53461 1 1550798 15513 1.7 17 11 1 6 90%  60 3739 328 29%
c u 42.09  8 13 41 176 53463 1 1554312 16814 1.7 17 11 1 6 90%  60 3739 328 29%
c v 42.19  8 13 41 176 53463 1 1554312 14181 1.7 17 11 1 6 90%  60 3739 328 29%
c w 42.25  8 13 41 176 53463 1 1554312 12884 1.7 17 11 1 6 90%  60 3739 328 29%
c - 42.81 19 13 41 177 53469 1 1564064 11893 1.6 17 11 1 6 90%  60 3739 328 29%
c - 43.09 19 13 41 178 53474 1 1577369 13165 1.6 17 11 1 6 89%  60 3739 328 29%
c - 43.44 19 13 41 179 53475 1 1590711 13470 1.6 17 11 1 6 90%  60 3739 328 29%
c - 43.77 19 13 41 180 53480 1 1604091 13461 1.6 17 11 1 6 90%  60 3739 328 29%
c - 44.12 19 13 41 181 53488 1 1617507 14084 1.6 17 10 1 6 90%  60 3739 328 29%
c - 44.42 19 13 41 182 53490 1 1630960 14664 1.6 17 11 1 6 90%  60 3739 328 29%
c ] 44.47 19 13 42 182 53493 1 1633462 16455 1.6 17 11 1 6 90%  60 3739 328 29%
c { 44.47 19 14 42 182 53493 1 1633462 16455 2.2 22 10 1 4 89%  60 3739 328 29%
c - 44.78 18 14 42 183 54247 1 1644450 15254 2.1 21 10 1 4 89%  60 3739 328 29%
c - 45.28 20 14 42 184 54260 1 1657979 19327 2.2 22 10 1 4 89%  60 3739 328 29%
c - 45.72 20 14 42 185 55880 1 1671543 21281 2.2 22 10 1 4 89%  60 3739 328 29%
c e 46.28 20 14 42 185 56689 1 1684766 32764 2.2 22 10 1 4 88%  59 3750 327 29%
c s 46.28 20 14 42 185 56689 1 1684766 32764 2.2 22 10 1 4 88%  59 3742 327 29%
c - 46.30 20 14 42 186 56770 1 1685144 22525 2.2 22 10 1 4 88%  59 3742 327 29%
c u 46.52 20 14 42 186 57269 1 1691043 25105 2.2 22 10 1 4 88%  59 3742 327 29%
c
c seconds   switched      rate           size/glue  tier1   binary      remaining
c        MB   reductions     conflicts         size   tier2   irredundant
c         level     restarts        redundant     glue   trail      variables
c
c v 46.65 20 14 42 186 57269 1 1691043 23743 2.2 22 10 1 4 88%  59 3742 327 29%
c w 46.70 20 14 42 186 57269 1 1691043 22262 2.2 22 10 1 4 88%  59 3742 327 29%
c - 46.93 20 14 42 187 57864 1 1698782 19610 2.1 22 10 1 4 88%  59 3742 327 29%
c o 47.05 20 14 42 187 57892 1 1703430 22416 2.1 21 10 1 4 88%  59 3742 327 29%
c - 47.41 20 14 42 188 58101 1 1712456 20332 2.1 21 10 1 4 88%  59 3742 327 29%
c - 47.86 20 13 42 189 58473 1 1726168 20566 2.1 20 10 1 4 89%  59 3742 327 29%
c } 48.08 20 14 43 189 59462 1 1733435 25440 2.0 20 10 1 4 88%  60 3742 327 29%
c [ 48.08 20 13 43 189 59462 1 1733435 25440 1.6 17 11 1 6 90%  60 3742 327 29%
c O 48.08 20 13 43 189 59462 1 1733435 25440 1.6 17 11 1 6 90%  60 3742 327 29%
c - 48.26 20 13 43 190 59467 1 1739915 20218 1.6 17 11 1 6 90%  60 3742 327 29%
c - 48.64 20 13 43 191 59474 1 1753700 18481 1.6 17 10 1 6 90%  60 3742 327 29%
c - 48.98 18 13 43 192 59478 1 1767520 16763 1.6 17 10 1 6 89%  60 3742 327 29%
c - 49.35 18 13 43 193 59486 1 1781377 16414 1.6 17 10 1 6 89%  60 3742 327 29%
c - 49.73 18 13 43 194 59491 1 1795269 15946 1.6 17 10 1 6 89%  60 3742 327 29%
c - 50.15 19 12 43 195 59492 1 1809197 14663 1.6 16 10 1 6 89%  60 3742 327 29%
c - 50.52 18 12 43 196 59498 1 1823161 15317 1.6 17 10 1 6 90%  60 3742 327 29%
c u 50.83 19 12 43 196 59505 1 1834166 20017 1.6 16 10 1 6 90%  63 3742 327 29%
c v 50.93 19 12 43 196 59505 1 1834166 17584 1.6 16 10 1 6 90%  65 3742 327 29%
c w 50.99 19 12 43 196 59505 1 1834166 12722 1.6 16 10 1 6 90%  65 3742 327 29%
c - 51.10 19 12 43 197 59506 1 1837161 11781 1.6 16 10 1 6 90%  66 3742 327 29%
c
c seconds   switched      rate           size/glue  tier1   binary      remaining
c        MB   reductions     conflicts         size   tier2   irredundant
c         level     restarts        redundant     glue   trail      variables
c
c - 51.57 19 12 43 198 59510 1 1851197 13711 1.6 16 10 1 6 90%  66 3742 327 29%
c ] 51.62 19 12 44 198 59512 1 1853631 15834 1.6 16 10 1 6 89%  66 3742 327 29%
c { 51.62 19 14 44 198 59512 1 1853631 15834 2.0 20 10 1 4 88%  66 3742 327 29%
c - 51.88 19 14 44 199 59975 1 1865270 16702 2.0 20 10 1 4 86%  66 3742 327 29%
c - 52.25 20 14 44 200 61640 1 1879377 17895 2.0 20 10 1 4 86%  66 3742 327 29%
c o 52.36 20 14 44 200 62358 1 1883439 21050 2.0 20 10 1 4 86%  66 3742 327 29%
c - 52.68 20 14 44 201 63326 1 1893519 18428 2.0 20 10 1 4 87%  66 3742 327 29%
c - 53.19 20 14 44 202 64007 1 1907696 22305 2.1 21 10 1 4 87%  66 3742 327 29%
c - 53.71 21 14 44 203 64007 1 1921908 28016 2.3 22 10 1 4 88%  66 3742 327 29%
c - 54.21 21 13 44 204 64007 1 1936155 30337 2.5 23 9 1 4 89%  66 3742 327 29%
c - 54.79 21 13 44 205 65939 1 1950438 27692 2.4 22 9 1 4 89%  66 3742 327 29%
c } 55.16 21 13 45 205 66740 1 1962463 36536 2.3 22 10 1 4 89%  66 3742 327 29%
c [ 55.16 21 12 45 205 66740 1 1962463 36536 1.6 16 10 1 6 89%  66 3742 327 29%
c B 55.16 21 12 45 205 66740 1 1962463 36536 1.6 16 10 1 6 89%  66 3742 327 29%
c - 55.22 19 12 45 206 66742 1 1964756 24295 1.6 16 10 1 6 89%  66 3742 327 29%
c - 55.61 20 12 45 207 66750 1 1979108 21813 1.7 17 10 1 6 89%  66 3742 327 29%
c u 55.78 20 12 45 207 66753 1 1983656 23675 1.7 17 10 1 6 89%  72 3742 327 29%
c v 55.95 20 12 45 207 66753 1 1983656 21496 1.7 17 10 1 6 89%  72 3742 327 29%
c w 56.00 20 12 45 207 66753 1 1983656 20144 1.7 17 10 1 6 89%  72 3742 327 29%
c t 56.00 20 12 45 207 66753 1 1983656 20144 1.7 17 10 1 6 89%  69 3742 327 29%
c
c seconds   switched      rate           size/glue  tier1   binary      remaining
c        MB   reductions     conflicts         size   tier2   irredundant
c         level     restarts        redundant     glue   trail      variables
c
c - 56.25 18 12 45 208 66754 1 1993496 15652 1.7 17 10 1 6 89%  69 3742 327 29%
c - 56.62 19 12 45 209 66762 1 2007919 15140 1.6 17 10 1 6 90%  69 3742 327 29%
c - 56.99 19 12 45 210 66769 1 2022375 15559 1.6 16 10 1 6 90%  69 3742 327 29%
c - 57.37 19 12 45 211 66770 1 2036867 16614 1.6 16 10 1 6 90%  69 3742 327 29%
c s 57.52 19 12 45 211 66770 1 2042026 19250 1.6 16 10 1 6 90%  71 3709 327 29%
c s 57.52 19 12 45 211 66770 1 2042026 19250 1.6 16 10 1 6 90%  71 3702 327 29%
c e 57.52 19 12 45 211 66770 1 2042026 19250 1.6 16 10 1 6 90%  71 3718 326 29%
c - 57.79 19 12 45 212 66776 1 2051392 16986 1.6 16 10 1 6 90%  71 3718 326 29%
c - 58.19 20 12 45 213 66784 1 2065952 17374 1.6 16 10 1 6 90%  72 3717 326 29%
c - 58.58 20 12 45 214 66788 1 2080546 17182 1.6 16 10 1 6 90%  72 3717 326 29%
c W 58.83 20 11 45 214 66793 1 2089931 22203 1.6 15 9 1 6 90%  72 3717 326 29%
c o 58.83 20 11 45 214 66793 1 2089931 22203 1.6 15 9 1 6 90%  72 3717 326 29%
c ] 58.91 20 12 46 214 66795 1 2092769 23863 1.6 16 10 1 6 90%  72 3717 326 29%
c { 58.91 20 13 46 214 66795 1 2092769 23863 2.3 22 10 1 4 89%  72 3717 326 29%
c - 58.97 20 13 46 215 66811 1 2095175 17229 2.3 22 9 1 4 89%  72 3717 326 29%
c - 59.38 20 13 46 216 67149 1 2109837 18774 2.3 21 9 1 4 89%  72 3717 326 29%
c - 59.79 20 12 46 217 67150 1 2124534 20549 2.2 20 9 1 4 89%  75 3717 326 29%
c - 60.21 20 12 46 218 67151 1 2139264 22237 2.1 19 9 1 4 89%  79 3717 326 29%
c u 60.27 20 12 46 218 67151 1 2139622 21180 2.1 19 9 1 4 89% 114 3717 326 29%
c v 60.36 20 12 46 218 67151 1 2139622 16412 2.1 19 9 1 4 89% 115 3717 326 29%
c
c seconds   switched      rate           size/glue tier1   binary      remaining
c        MB   reductions     conflicts         size  tier2   irredundant
c         level     restarts        redundant    glue   trail      variables
c
c w 60.39 20 12 46 218 67151 1 2139622 11553 2.1 19 9 1 4 89% 117 3717 326 29%
c x 60.41 20 12 46 218 67151 1 2139622 11523 2.1 19 9 1 4 89% 121 3516 326 29%
c t 60.41 20 12 46 218 67151 1 2139622 11523 2.1 19 9 1 4 89%  91 3516 326 29%
c - 60.77 18 12 46 219 67786 1 2154028 15651 2.1 18 9 1 4 89%  92 3516 326 29%
c i 61.08 19 11 46 219 67802 1 2165928 22221 2.1 18 8 1 4 89% 109 3516 325 29%
c - 61.17 19 11 46 220 68081 1 2168827 12992 2.1 18 9 1 4 89%  91 3516 325 29%
c - 61.63 18 12 46 221 70397 1 2183659 15954 2.0 18 9 1 4 89%  92 3516 325 29%
c - 62.17 20 12 46 222 71618 1 2198525 19261 2.0 18 9 1 4 89%  92 3516 325 29%
c i 62.41 20 12 46 222 72425 1 2206619 24516 2.0 18 9 1 4 89% 102 3516 322 29%
c } 62.54 20 12 47 222 72959 1 2210814 27204 2.0 18 9 1 4 89% 102 3516 322 29%
c [ 62.54 20 12 47 222 72959 1 2210814 27204 1.6 16 10 1 6 90% 102 3516 322 29%
c - 62.62 20 11 47 223 72961 1 2213424 18206 1.6 15 9 1 6 90%  98 3516 322 29%
c I 62.91 20 11 47 223 72967 1 2224170 23414 1.6 15 9 1 6 90%  98 3516 322 29%
c - 63.02 20 11 47 224 72970 1 2228358 18940 1.6 15 9 1 6 90%  98 3516 322 29%
c - 63.45 20 11 47 225 72973 1 2243325 19087 1.6 15 9 1 6 91%  99 3516 322 29%
c - 63.89 20 11 47 226 72983 1 2258325 18992 1.6 14 9 1 6 91% 102 3516 322 29%
c i 64.05 20 11 47 226 72986 1 2263247 21187 1.6 14 9 1 6 91% 114 3516 321 29%
c - 64.37 18 11 47 227 72988 1 2273358 15981 1.6 14 9 1 6 90% 116 3516 321 29%
c i 64.58 19 10 47 227 72989 1 2279697 18866 1.6 14 9 1 6 91% 130 3516 319 29%
c i 64.59 19 10 47 227 72989 1 2280234 19031 1.6 14 9 1 6 91% 139 3516 318 29%
c
c seconds   switched      rate           size/glue tier1   binary      remaining
c        MB   reductions     conflicts         size  tier2   irredundant
c         level     restarts        redundant    glue   trail      variables
c
c i 64.61 19 10 47 227 72989 1 2280718 19219 1.6 14 9 1 6 91% 144 3516 303 27%
c i 64.61 19 10 47 227 72989 1 2280888 19316 1.6 14 9 1 6 90% 152 3516 302 27%
c i 64.62 19 10 47 227 72989 1 2280956 19321 1.6 14 8 1 6 91% 160 3516 301 27%
c i 64.62 19 10 47 227 72989 1 2281002 19329 1.6 14 8 1 6 91% 166 3516 296 27%
c i 64.62 19 10 47 227 72989 1 2281028 19334 1.6 14 8 1 6 91% 170 3516 286 26%
c i 64.62 19 10 47 227 72989 1 2281034 19335 1.6 14 8 1 6 90% 172 3516 265 24%
c i 64.62 19 10 47 227 72989 1 2281035 19335 1.6 14 8 1 6 90% 172 3516 249 22%
c i 64.62 19 10 47 227 72989 1 2281041 19335 1.6 14 8 1 6 90% 174 3516 92 8%
c i 64.62 19 10 47 227 72989 1 2281043 19333 1.6 14 8 1 6 90% 175 3516 68 6%
c ] 64.62 19 10 47 227 72989 1 2281045 19333 1.6 14 8 1 6 90% 175 3516  1 0%
c 0 64.62 19 12 47 227 72989 1 2281045 19333 2.0 18 9 1 4 89% 175 3516  1 0%
c
c ---- [ result ] ------------------------------------------------------------
c
s UNSATISFIABLE
c
c ---- [ profiling ] ---------------------------------------------------------
c
c          59.90   92.69 %  search
c          30.55   47.28 %  focused
c          29.35   45.42 %  stable
c           4.70    7.27 %  simplify
c           4.61    7.14 %  probe
c           3.16    4.90 %  vivify
c           1.36    2.10 %  sweep
c           0.38    0.58 %  reduce
c           0.06    0.09 %  walking
c           0.05    0.08 %  substitute
c           0.05    0.08 %  eliminate
c           0.03    0.04 %  factor
c           0.02    0.03 %  preprocess
c           0.01    0.01 %  subsume
c           0.01    0.01 %  congruence
c           0.00    0.01 %  transitive
c           0.00    0.00 %  backbone
c           0.00    0.00 %  parse
c           0.00    0.00 %  lucky
c =============================================
c          64.62  100.00 %  total
c
c ---- [ statistics ] --------------------------------------------------------
c
c conflicts:                          2281045            35299.36 per second
c congruent:                               43                4 %  variables
c decisions:                          2902224                1.27 per conflict
c eliminated:                             775               70 %  variables
c factored:                                63                6 %  variables
c iterations:                              17                2 %  variables
c propagations:                     242586869          3754051    per second
c reductions:                             227            10049    interval
c reordered:                               20           114052    interval
c rephased:                                33            69123    interval
c restarts:                             72989               31    interval
c strengthened:                           971                0 %  checks
c substituted:                             68                6 %  variables
c subsumed:                               690                0 %  checks
c switched:                                47            48533    interval
c vivified:                            141089               42 %  checks
c walks:                                   11           207368    interval
c
c ---- [ glue usage ] --------------------------------------------------------
c
c focused glue 1 used 13296521 clauses 67.09% accumulated 67.09% tier1
c focused glue 2 used  3401730 clauses 17.16% accumulated 84.25%
c focused glue 3 used  1080080 clauses  5.45% accumulated 89.70%
c focused glue 4 used   503034 clauses  2.54% accumulated 92.24% tier2
c
c stable glue 1 used 13651661 clauses 60.72% accumulated 60.72% tier1
c stable glue 2 used  3718041 clauses 16.54% accumulated 77.26%
c stable glue 3 used  1465595 clauses  6.52% accumulated 83.78%
c stable glue 4 used   837254 clauses  3.72% accumulated 87.50%
c stable glue 5 used   568012 clauses  2.53% accumulated 90.03% tier2
c
c ---- [ resources ] ---------------------------------------------------------
c
c maximum-resident-set-size:        386359296 bytes        368 MB
c process-time:                          1m 5s              64.62 seconds
c
c ---- [ shutting down ] -----------------------------------------------------
c
c exit 20
