c ---- [ banner ] ------------------------------------------------------------
c
c Kissat SAT Solver
c 
c Copyright (c) 2021-2024 Armin Biere University of Freiburg
c Copyright (c) 2019-2021 Armin Biere Johannes Kepler University Linz
c 
c Version 4.0.4 8af8e56f174b778aef3aa45af9f739b2a5f492c2
c gcc (GCC) 15.2.1 20260123 (Red Hat 15.2.1-7) -W -Wall -O3 -DNDEBUG
c Thu Apr 23 06:47:51 PM IST 2026 Linux krishnendu-LN 6.19.12-200.fc43.x86_64 x86_64
c
c ---- [ parsing ] -----------------------------------------------------------
c
c opened and reading DIMACS file:
c
c   /home/krishnendu/Research/fv-invariant-mining/data/circuits/cnf/miter_mult_10bit.cnf
c
c parsed 'p cnf 1113 4205' header
c closing input after reading 64864 bytes (63 KB)
c finished parsing after 0.00 seconds
c
c ---- [ options ] -----------------------------------------------------------
c
c --decay=120                      (different from default '50')
c --eliminateeffort=1800           (different from default '100')
c --stable=2                       (different from default '1')
c
c ---- [ solving ] -----------------------------------------------------------
c
c seconds switched rate     size/glue tier1  binary       remaining
c        MB reductions conflicts size  tier2   irredundant
c         level restarts redundant glue  trail       variables
c
c *  0.00  3 0 0 0  0 0   0   0 0.0 0 0 0 0 0% 1458 2745 1110 100%
c (  0.00  3 0 0 0  0 0   0   0 0.0 0 0 0 0 0% 1458 2745 1110 100%
c .  0.00  3 0 0 0  0 0   0   0 0.0 0 0 0 0 0% 1454 2745 1110 100%
c c  0.00  3 0 0 0  0 0   0   0 0.0 0 0 0 0 0% 1518 2743 1067 96%
c d  0.00  3 0 0 0  0 0   0   0 0.0 0 0 0 0 0% 1368 2743 1067 96%
c =  0.02  3 0 0 0  0 0   0   0 0.0 0 0 0 0 0% 1372 2736 1064 96%
c d  0.02  3 0 0 0  0 0   0   0 0.0 0 0 0 0 0% 1367 2736 1064 96%
c f  0.02  4 0 0 0  0 0   0   0 0.0 0 0 0 0 0% 1339 2718 1086 98%
c )  0.02  4 0 0 0  0 0   0   0 0.0 0 0 0 0 0% 1339 2718 1086 98%
c [  0.02  4 0 0 0  0 0   0   0 0.0 0 0 2 6 0% 1339 2718 1086 98%
c -  0.04  4 16 0 1  0 1 1000 839 4.1 33 8 4 10 86% 1348 2718 1086 98%
c B  0.04  4 16 0 1  0 1 1001 840 4.1 33 8 4 10 86% 1348 2718 1086 98%
c -  0.06  4 15 0 2  1 1 2000 1638 3.4 24 7 3 9 59% 1366 2718 1086 98%
c W  0.06  4 15 0 2  1 1 2003 1641 3.4 24 7 3 9 59% 1366 2718 1086 98%
c u  0.09  4 16 0 2  2 1 3371 2775 2.6 24 9 3 11 69% 1373 2718 1086 98%
c v  0.09  4 16 0 2  2 1 3371 2711 2.6 24 9 3 11 69% 1373 2718 1086 98%
c w  0.10  5 16 0 2  2 1 3371 2670 2.6 24 9 3 11 69% 1373 2718 1086 98%
c x  0.10  5 16 0 2  2 1 3371 2670 2.6 24 9 3 11 69% 1387 2655 1086 98%
c =  0.12  5 16 0 2  2 1 3371 2670 2.6 24 9 3 11 69% 1417 2648 1071 96%
c d  0.12  5 16 0 2  2 1 3371 2670 2.6 24 9 3 11 69% 1372 2648 1071 96%
c
c seconds  switched rate       size/glue tier1     binary       remaining
c        MB reductions conflicts     size  tier2     irredundant
c         level restarts  redundant    glue    trail       variables
c
c t  0.12  5 16 0 2  2 1 3371 2670 2.6 24 9 3 11 69% 1364 2648 1071 96%
c f  0.12  5 16 0 2  2 1 3371 2670 2.6 24 9 3 11 69% 1360 2648 1075 97%
c u  0.12  5 16 0 2  2 1 3371 2640 2.6 24 9 3 11 69% 1361 2648 1075 97%
c v  0.12  5 16 0 2  2 1 3371 2539 2.6 24 9 3 11 69% 1361 2648 1075 97%
c w  0.12  5 16 0 2  2 1 3371 2484 2.6 24 9 3 11 69% 1361 2648 1075 97%
c x  0.13  5 16 0 2  2 1 3371 2484 2.6 24 9 3 11 69% 1361 2647 1075 97%
c =  0.14  5 16 0 2  2 1 3371 2484 2.6 24 9 3 11 69% 1365 2647 1073 96%
c d  0.14  5 16 0 2  2 1 3371 2484 2.6 24 9 3 11 69% 1359 2647 1073 96%
c -  0.14  5 16 0 3  2 1 3415 1944 2.6 24 9 3 11 70% 1359 2647 1073 96%
c I  0.16  5 16 0 3  3 1 4262 2614 2.4 24 10 3 11 74% 1359 2647 1073 96%
c -  0.18  5 17 0 4  3 1 5148 2510 2.2 22 10 3 13 76% 1361 2647 1073 96%
c -  0.21  5 17 0 5  5 1 7148 3411 2.1 21 10 3 13 76% 1364 2647 1073 96%
c B  0.22  5 17 0 5  5 1 8034 4182 2.0 21 11 3 13 76% 1365 2647 1073 96%
c -  0.25  5 17 0 6  6 1 9385 3883 1.9 21 11 3 13 77% 1365 2647 1073 96%
c u  0.28  5 17 0 6  6 1 10396 4426 1.8 20 11 3 13 78% 1372 2647 1073 96%
c v  0.28  5 17 0 6  6 1 10396 4258 1.8 20 11 3 13 78% 1372 2647 1073 96%
c w  0.29  5 17 0 6  6 1 10396 4235 1.8 20 11 3 13 78% 1372 2647 1073 96%
c =  0.29  5 17 0 6  6 1 10396 4235 1.8 20 11 3 13 78% 1384 2643 1067 96%
c d  0.29  5 17 0 6  6 1 10396 4234 1.8 20 11 3 13 78% 1367 2643 1067 96%
c u  0.29  5 17 0 6  6 1 10396 4211 1.8 20 11 3 13 78% 1367 2643 1067 96%
c
c seconds  switched rate        size/glue  tier1     binary       remaining
c        MB reductions conflicts      size   tier2     irredundant
c         level restarts   redundant     glue    trail       variables
c
c v  0.30  5 17 0 6  6 1 10396 4149 1.8 20 11 3 13 78% 1367 2643 1067 96%
c w  0.30  5 17 0 6  6 1 10396 4134 1.8 20 11 3 13 78% 1367 2643 1067 96%
c x  0.30  5 17 0 6  6 1 10396 4134 1.8 20 11 3 13 78% 1367 2630 1067 96%
c o  0.32  5 17 0 6  6 1 10396 4134 1.8 20 11 3 13 78% 1367 2630 1067 96%
c -  0.35  5 17 0 7  6 1 11835 4188 1.9 21 11 3 13 79% 1368 2630 1067 96%
c W  0.39  5 17 0 7  8 1 13565 5612 1.9 21 11 3 13 80% 1370 2630 1067 96%
c -  0.42  5 17 0 8  9 1 14482 4606 1.9 21 11 3 12 80% 1370 2630 1067 96%
c e  0.48  5 16 0 8 10 1 16852 6497 1.9 22 11 3 12 81% 371 3222 652 59%
c s  0.48  5 16 0 8 10 1 16852 6497 1.9 22 11 3 12 81% 374 3142 652 59%
c e  0.48  5 16 0 8 10 1 16852 6497 1.9 22 11 3 12 81% 361 3154 644 58%
c ^  0.48  5 16 0 8 10 1 16852 6497 1.9 22 11 3 12 81% 361 3154 644 58%
c -  0.49  5 16 0 9 10 1 17310 1639 1.9 22 11 3 12 81% 361 3154 644 58%
c -  0.55  5 16 0 10 12 1 20314 3008 1.9 22 11 3 12 82% 363 3154 644 58%
c O  0.56  5 16 0 10 13 1 21093 3605 1.9 21 11 3 12 82% 363 3154 644 58%
c o  0.56  5 16 0 10 13 1 21093 3605 1.9 21 11 3 12 82% 363 3154 644 58%
c u  0.57  5 16 0 10 13 1 21309 3498 1.9 21 11 3 12 82% 363 3154 644 58%
c v  0.57  5 16 0 10 13 1 21309 3270 1.9 21 11 3 12 82% 363 3154 644 58%
c w  0.59  6 16 0 10 13 1 21309 2541 1.9 21 11 3 12 82% 363 3154 644 58%
c t  0.59  6 16 0 10 13 1 21309 2541 1.9 21 11 3 12 82% 361 3154 644 58%
c f  0.59  5 16 0 10 13 1 21309 2541 1.9 21 11 3 12 82% 408 3052 670 60%
c
c seconds  switched  rate        size/glue  tier1    binary      remaining
c        MB  reductions conflicts      size   tier2    irredundant
c         level  restarts   redundant     glue    trail      variables
c
c u  0.59  5 16 0 10 13 1 21309 2527 1.9 21 11 3 12 82% 408 3052 670 60%
c v  0.59  5 16 0 10 13 1 21309 2447 1.9 21 11 3 12 82% 408 3052 670 60%
c w  0.61  5 16 0 10 13 1 21309 2216 1.9 21 11 3 12 82% 408 3052 670 60%
c -  0.68  6 16 0 11 13 1 23476 2934 1.9 22 12 3 12 83% 411 3052 670 60%
c -  0.75  6 16 0 12 14 1 26792 3878 1.9 22 12 3 12 83% 412 3052 670 60%
c -  0.83  6 16 0 13 14 1 30257 4456 1.9 22 12 3 11 83% 412 3052 670 60%
c B  0.84  6 16 0 13 14 1 30855 4826 1.9 22 12 3 11 83% 412 3052 670 60%
c -  0.90  6 16 0 14 15 1 33862 5060 1.9 22 12 3 11 83% 414 3052 670 60%
c s  0.91  6 16 0 14 16 1 34101 5237 1.9 22 12 3 11 83% 414 3038 670 60%
c e  0.91  6 16 0 14 16 1 34101 5237 1.9 22 12 3 11 83% 330 3172 608 55%
c s  0.91  6 16 0 14 16 1 34101 5237 1.9 22 12 3 11 83% 333 3107 608 55%
c e  0.91  6 16 0 14 16 1 34101 5237 1.9 22 12 3 11 83% 331 3110 606 54%
c ^  0.91  6 16 0 14 16 1 34101 5237 1.9 22 12 3 11 83% 331 3110 606 54%
c u  0.96  6 16 0 14 17 1 36702 4632 1.9 22 12 3 11 83% 333 3110 606 54%
c v  0.97  6 16 0 14 17 1 36702 4331 1.9 22 12 3 11 83% 333 3110 606 54%
c w  0.98  7 16 0 14 17 1 36702 4306 1.9 22 12 3 11 83% 333 3110 606 54%
c x  0.98  7 16 0 14 17 1 36702 4303 1.9 22 12 3 11 83% 333 2996 606 54%
c t  0.98  7 16 0 14 17 1 36702 4303 1.9 22 12 3 11 83% 332 2996 606 54%
c f  0.98  6 16 0 14 17 1 36702 4303 1.9 22 12 3 11 83% 334 2988 608 55%
c u  0.98  6 16 0 14 17 1 36702 4279 1.9 22 12 3 11 83% 334 2988 608 55%
c
c seconds  switched  rate        size/glue  tier1    binary      remaining
c        MB  reductions conflicts      size   tier2    irredundant
c         level  restarts   redundant     glue    trail      variables
c
c v  0.99  7 16 0 14 17 1 36702 4163 1.9 22 12 3 11 83% 334 2988 608 55%
c w  1.00  7 16 0 14 17 1 36702 3485 1.9 22 12 3 11 83% 334 2988 608 55%
c -  1.02  7 16 0 15 18 1 37603 3116 1.9 22 12 3 11 83% 334 2988 608 55%
c -  1.09  7 17 0 16 21 1 41475 4521 1.9 22 12 3 11 83% 335 2988 608 55%
c W  1.12  6 17 0 16 21 1 43077 5823 1.8 22 12 3 11 83% 336 2988 608 55%
c o  1.12  6 17 0 16 21 1 43077 5823 1.8 22 12 3 11 83% 336 2988 608 55%
c -  1.18  6 17 0 17 22 1 45477 4921 1.8 22 12 3 11 83% 336 2988 608 55%
c -  1.27  6 17 0 18 25 1 49600 5403 1.8 22 12 3 11 83% 336 2988 608 55%
c -  1.37  6 17 0 19 28 1 53843 5859 1.8 22 12 2 11 84% 336 2988 608 55%
c u  1.43  6 17 0 19 28 1 56655 7765 1.8 22 12 2 11 84% 336 2988 608 55%
c v  1.44  7 17 0 19 28 1 56655 7529 1.8 22 12 2 11 84% 336 2988 608 55%
c w  1.45  8 17 0 19 28 1 56655 7388 1.8 22 12 2 11 84% 336 2988 608 55%
c x  1.46  7 17 0 19 28 1 56655 7387 1.8 22 12 2 11 84% 338 2979 608 55%
c =  1.50  7 17 0 19 28 1 56655 7387 1.8 22 12 2 11 84% 340 2977 607 55%
c d  1.50  7 17 0 19 28 1 56655 7387 1.8 22 12 2 11 84% 338 2977 607 55%
c t  1.50  7 17 0 19 28 1 56655 7387 1.8 22 12 2 11 84% 336 2977 607 55%
c u  1.51  6 17 0 19 28 1 56655 7335 1.8 22 12 2 11 84% 337 2977 607 55%
c v  1.52  6 17 0 19 28 1 56655 6870 1.8 22 12 2 11 84% 337 2977 607 55%
c w  1.53  8 17 0 19 28 1 56655 6792 1.8 22 12 2 11 84% 337 2977 607 55%
c I  1.56  7 17 0 19 29 1 57982 7733 1.8 22 12 2 11 84% 338 2977 607 55%
c
c seconds  switched  rate        size/glue  tier1    binary      remaining
c        MB  reductions conflicts      size   tier2    irredundant
c         level  restarts   redundant     glue    trail      variables
c
c -  1.56  7 17 0 20 29 1 58202 5275 1.8 22 12 2 11 84% 338 2977 607 55%
c -  1.63  7 17 0 21 29 1 62675 6144 1.8 22 12 2 11 85% 339 2977 607 55%
c -  1.72  7 16 0 22 30 1 67257 6714 1.8 22 12 2 11 85% 341 2977 607 55%
c s  1.81  7 16 0 22 30 1 71629 9915 1.8 22 12 2 11 85% 341 2975 607 55%
c e  1.81  7 16 0 22 30 1 71629 9915 1.8 22 12 2 11 85% 225 3227 526 47%
c s  1.81  7 16 0 22 30 1 71629 9915 1.8 22 12 2 11 85% 225 3207 526 47%
c e  1.81  7 16 0 22 30 1 71629 9915 1.8 22 12 2 11 85% 225 3205 525 47%
c ^  1.81  7 16 0 22 30 1 71629 9915 1.8 22 12 2 11 85% 225 3205 525 47%
c -  1.82  7 16 0 23 30 1 71947 3686 1.8 22 12 2 11 85% 225 3205 525 47%
c B  1.88  7 16 0 23 30 1 75784 7035 1.8 22 12 2 11 85% 225 3205 525 47%
c o  1.88  7 16 0 23 30 1 75784 7035 1.8 22 12 2 11 85% 225 3205 525 47%
c -  1.90  7 16 0 24 30 1 76742 5203 1.8 22 12 2 11 85% 225 3205 525 47%
c u  1.99  7 16 0 24 30 1 81218 8374 1.8 22 12 2 11 85% 226 3205 525 47%
c v  2.00  8 16 0 24 30 1 81218 7974 1.8 22 12 2 11 85% 226 3205 525 47%
c w  2.01  8 16 0 24 30 1 81218 7902 1.8 22 12 2 11 85% 226 3205 525 47%
c f  2.06  6 16 0 24 30 1 81218 7902 1.8 22 12 2 11 85% 229 3190 527 47%
c u  2.06  7 16 0 24 30 1 81218 7874 1.8 22 12 2 11 85% 229 3190 527 47%
c v  2.07  7 16 0 24 30 1 81218 7743 1.8 22 12 2 11 85% 229 3190 527 47%
c w  2.08  8 16 0 24 30 1 81218 7733 1.8 22 12 2 11 85% 229 3190 527 47%
c x  2.08  7 16 0 24 30 1 81218 7733 1.8 22 12 2 11 85% 231 3148 527 47%
c
c seconds  switched  rate        size/glue  tier1    binary      remaining
c        MB  reductions conflicts      size   tier2    irredundant
c         level  restarts   redundant     glue    trail      variables
c
c -  2.10  7 16 0 25 30 1 81641 5457 1.8 22 12 2 11 85% 231 3148 527 47%
c -  2.20  7 16 0 26 34 1 86642 6321 1.8 22 12 2 11 85% 232 3148 527 47%
c -  2.32  7 16 0 27 37 1 91744 6596 1.8 21 12 2 10 85% 232 3148 527 47%
c W  2.42  7 16 0 27 39 1 96696 9858 1.8 21 12 2 10 85% 232 3148 527 47%
c -  2.42  7 16 0 28 40 1 96942 7022 1.8 21 12 2 10 85% 232 3148 527 47%
c -  2.53  7 16 0 29 43 1 102233 7351 1.8 21 12 2 10 85% 232 3148 527 47%
c -  2.64  7 16 0 30 45 1 107619 7310 1.8 21 12 2 10 85% 232 3148 527 47%
c u  2.72  8 16 0 30 45 1 110455 8849 1.8 21 12 2 10 85% 233 3148 527 47%
c v  2.74  8 16 0 30 45 1 110455 8349 1.8 21 12 2 10 85% 233 3148 527 47%
c w  2.75  8 16 0 30 45 1 110455 7565 1.8 21 12 2 10 85% 233 3148 527 47%
c -  2.82  8 16 0 31 45 1 113096 6859 1.8 21 12 2 10 85% 233 3148 527 47%
c -  2.94  8 16 0 32 48 1 118664 8145 1.8 21 12 2 10 86% 233 3148 527 47%
c O  3.00  8 16 0 32 50 1 120923 10056 1.8 21 12 2 10 86% 233 3148 527 47%
c o  3.00  8 16 0 32 50 1 120923 10056 1.8 21 12 2 10 86% 233 3148 527 47%
c -  3.08  8 16 0 33 52 1 124322 8847 1.8 21 12 2 10 86% 233 3148 527 47%
c -  3.22  8 15 0 34 55 1 130067 8823 1.8 21 12 2 10 86% 233 3148 527 47%
c s  3.27  8 15 0 34 56 1 132106 10208 1.8 21 12 2 10 86% 233 3146 527 47%
c e  3.27  8 15 0 34 56 1 132106 10208 1.8 21 12 2 10 86% 155 3410 469 42%
c s  3.27  8 15 0 34 56 1 132106 10208 1.8 21 12 2 10 86% 157 3350 469 42%
c e  3.27  8 15 0 34 56 1 132106 10208 1.8 21 12 2 10 86% 155 3355 468 42%
c
c seconds  switched  rate          size/glue  tier1    binary      remaining
c        MB  reductions conflicts        size   tier2    irredundant
c         level  restarts     redundant     glue    trail      variables
c
c ^  3.27  8 15 0 34 56 1 132106 10208 1.8 21 12 2 10 86% 155 3355 468 42%
c -  3.36  7 15 0 35 58 1 135898 5761 1.8 21 12 2 10 86% 155 3355 468 42%
c -  3.49  7 15 0 36 60 1 141815 5732 1.8 21 12 2 9 86% 155 3355 468 42%
c u  3.57  7 15 0 36 60 1 144623 6750 1.8 21 12 2 9 87% 155 3355 468 42%
c v  3.59  7 15 0 36 60 1 144623 6126 1.8 21 12 2 9 87% 155 3355 468 42%
c w  3.60  8 15 0 36 60 1 144623 5352 1.8 21 12 2 9 87% 155 3355 468 42%
c x  3.60  7 15 0 36 60 1 144623 5351 1.8 21 12 2 9 87% 156 3284 468 42%
c =  3.69  7 15 0 36 60 1 144623 5351 1.8 21 12 2 9 87% 156 3276 467 42%
c t  3.69  7 15 0 36 60 1 144623 5265 1.8 21 12 2 9 87% 155 3276 467 42%
c u  3.70  7 15 0 36 60 1 144623 5172 1.8 21 12 2 9 87% 155 3276 467 42%
c v  3.72  7 15 0 36 60 1 144623 4644 1.8 21 12 2 9 87% 155 3276 467 42%
c w  3.73  7 15 0 36 60 1 144623 4582 1.8 21 12 2 9 87% 155 3276 467 42%
c x  3.73  7 15 0 36 60 1 144623 4582 1.8 21 12 2 9 87% 155 3261 467 42%
c -  3.81  6 15 0 37 60 1 147816 4596 1.8 21 12 2 9 87% 155 3261 467 42%
c B  3.83  6 15 0 37 61 1 148663 5003 1.8 21 12 2 9 87% 155 3261 467 42%
c -  3.94  7 15 0 38 61 1 153899 5552 1.8 21 12 2 9 87% 156 3261 467 42%
c -  4.08  7 15 0 39 61 1 160065 6016 1.8 21 12 2 9 87% 156 3261 467 42%
c -  4.22  7 15 0 40 62 1 166309 6124 1.8 21 12 2 9 87% 156 3261 467 42%
c -  4.37  8 15 0 41 62 1 172633 6464 1.7 21 12 2 9 87% 156 3261 467 42%
c -  4.53  8 15 0 42 62 1 179036 7396 1.8 21 12 2 9 87% 156 3261 467 42%
c
c seconds  switched  rate         size/glue  tier1   binary      remaining
c        MB  reductions conflicts       size   tier2   irredundant
c         level  restarts    redundant     glue   trail      variables
c
c W  4.56  7 15 0 42 62 1 180113 8314 1.8 21 12 2 9 87% 156 3261 467 42%
c o  4.56  7 15 0 42 62 1 180113 8314 1.8 21 12 2 9 87% 156 3261 467 42%
c u  4.64  7 15 0 42 62 1 183756 10519 1.8 21 12 2 9 87% 156 3261 467 42%
c v  4.67  8 15 0 42 62 1 183756 9932 1.8 21 12 2 9 87% 156 3261 467 42%
c w  4.69  8 15 0 42 62 1 183756 9688 1.8 21 12 2 9 87% 156 3261 467 42%
c -  4.82  8 15 0 43 62 1 185517 6811 1.8 21 12 2 9 87% 156 3261 467 42%
c -  4.94  8 15 0 44 62 1 192075 7089 1.8 21 12 2 9 87% 156 3261 467 42%
c -  5.07  7 15 0 45 64 1 198709 7246 1.8 21 12 2 9 87% 156 3261 467 42%
c -  5.18  8 15 0 46 68 1 205417 7184 1.8 21 12 2 9 87% 156 3261 467 42%
c -  5.30  8 15 0 47 72 1 212199 7711 1.8 21 12 2 9 87% 156 3261 467 42%
c I  5.36  8 15 0 47 74 1 215468 9955 1.8 21 12 2 9 87% 156 3261 467 42%
c s  5.39  8 15 0 47 75 1 217718 11855 1.8 21 12 2 9 87% 156 3259 467 42%
c e  5.39  8 15 0 47 75 1 217718 11855 1.8 21 12 2 9 87% 107 3719 404 36%
c s  5.39  8 15 0 47 75 1 217718 11855 1.8 21 12 2 9 87% 108 3569 404 36%
c e  5.39  8 15 0 47 75 1 217718 11855 1.8 21 12 2 9 87% 103 3604 399 36%
c ^  5.39  8 15 0 47 75 1 217718 11855 1.8 21 12 2 9 87% 103 3604 399 36%
c -  5.41  7 15 0 48 76 1 219054 4555 1.8 21 12 2 9 87% 103 3604 399 36%
c -  5.51  7 15 0 49 77 1 225983 5764 1.7 21 12 2 9 87% 103 3604 399 36%
c u  5.54  7 15 0 49 77 1 228052 6917 1.7 20 12 2 9 87% 103 3604 399 36%
c v  5.56  8 15 0 49 77 1 228052 6295 1.7 20 12 2 9 87% 103 3604 399 36%
c
c seconds  switched  rate         size/glue  tier1   binary      remaining
c        MB  reductions conflicts       size   tier2   irredundant
c         level  restarts    redundant     glue   trail      variables
c
c w  5.57  8 15 0 49 77 1 228052 5506 1.7 20 12 2 9 87% 103 3604 399 36%
c x  5.57  7 15 0 49 77 1 228052 5498 1.7 20 12 2 9 87% 104 3487 399 36%
c -  5.64  7 15 0 50 80 1 232984 5259 1.7 20 12 2 9 87% 104 3487 399 36%
c -  5.74  8 15 0 51 84 1 240056 6403 1.7 20 12 2 9 87% 104 3487 399 36%
c -  5.85  8 15 0 52 88 1 247197 7217 1.7 20 12 2 9 88% 104 3487 399 36%
c -  5.97  8 15 0 53 91 1 254408 7774 1.7 20 12 2 9 88% 104 3487 399 36%
c B  5.98  8 15 0 53 91 1 254908 8125 1.7 20 12 2 9 88% 104 3487 399 36%
c o  5.98  8 15 0 53 91 1 254908 8125 1.7 20 12 2 9 88% 104 3487 399 36%
c -  6.12  8 15 0 54 92 1 261688 8453 1.7 20 12 2 9 88% 104 3487 399 36%
c -  6.27  8 15 0 55 93 1 269036 8147 1.7 20 12 2 9 88% 104 3487 399 36%
c -  6.42  8 15 0 56 93 1 276452 8344 1.7 20 12 2 9 88% 104 3487 399 36%
c u  6.45  8 15 0 56 93 1 277247 8341 1.7 20 12 2 9 88% 104 3487 399 36%
c v  6.47  8 15 0 56 93 1 277247 7768 1.7 20 12 2 9 88% 104 3487 399 36%
c w  6.47  8 15 0 56 93 1 277247 7171 1.7 20 12 2 9 88% 104 3487 399 36%
c x  6.48  7 15 0 56 93 1 277247 7170 1.7 20 12 2 9 88% 105 3477 399 36%
c -  6.62  8 15 0 57 96 1 283935 7788 1.7 20 12 2 9 88% 105 3477 399 36%
c -  6.78  8 15 0 58 100 1 291486 8736 1.7 20 12 2 9 88% 105 3477 399 36%
c W  6.95  7 15 0 58 106 1 298619 13336 1.7 20 12 2 9 88% 105 3477 399 36%
c -  6.97  7 15 0 59 106 1 299101 9115 1.7 20 12 2 9 88% 105 3477 399 36%
c -  7.13  8 14 0 60 108 1 306783 8883 1.7 20 11 2 9 88% 105 3477 399 36%
c
c seconds  switched   rate         size/glue  tier1   binary      remaining
c        MB  reductions conflicts        size   tier2   irredundant
c         level  restarts     redundant     glue   trail      variables
c
c -  7.28  8 14 0 61 110 1 314528 9367 1.7 20 11 2 9 88% 105 3477 399 36%
c -  7.45  8 14 0 62 115 1 322341 10210 1.7 19 11 2 9 88% 105 3477 399 36%
c s  7.63  8 14 0 62 119 1 330029 14340 1.7 19 11 2 9 88% 105 3476 399 36%
c e  7.64  8 14 0 62 119 1 330029 14340 1.7 19 11 2 9 88%  67 4260 339 30%
c s  7.64  8 14 0 62 119 1 330029 14340 1.7 19 11 2 9 88%  67 4039 339 30%
c e  7.64  8 14 0 62 119 1 330029 14340 1.7 19 11 2 9 88%  57 4145 332 30%
c !  7.64  8 14 0 62 119 1 330029 14340 1.7 19 11 2 9 88%  57 4145 332 30%
c o  7.64  8 14 0 62 119 1 330029 6471 1.7 19 11 2 9 88%  57 4145 332 30%
c -  7.64  7 14 0 63 119 1 330216 5056 1.7 19 11 2 9 88%  57 4145 332 30%
c u  7.68  7 14 0 63 121 1 331793 5707 1.7 19 11 2 9 88%  57 4145 332 30%
c v  7.69  7 14 0 63 121 1 331793 4919 1.7 19 11 2 9 88%  57 4145 332 30%
c w  7.71  7 14 0 63 121 1 331793 3307 1.7 19 11 2 9 88%  57 4145 332 30%
c -  7.86  7 14 0 64 123 1 338154 4556 1.7 19 11 2 9 88%  57 4145 332 30%
c -  7.99  8 14 0 65 124 1 346155 6228 1.7 19 11 2 9 88%  57 4145 332 30%
c O  8.01  8 14 0 65 124 1 346781 6515 1.7 19 11 2 9 88%  57 4145 332 30%
c -  8.20  8 14 0 66 124 1 354217 6809 1.7 19 11 2 9 88%  57 4145 332 30%
c -  8.34  7 14 0 67 125 1 362341 7439 1.7 19 11 2 9 88%  57 4145 332 30%
c -  8.50  8 14 0 68 125 1 370527 8248 1.7 19 11 2 9 88%  57 4145 332 30%
c -  8.68  8 14 0 69 125 1 378774 9463 1.7 19 11 2 9 88%  57 4145 332 30%
c -  8.88  8 14 0 70 125 1 387081 8848 1.7 19 11 2 8 88%  57 4145 332 30%
c
c seconds  switched   rate         size/glue  tier1   binary      remaining
c        MB  reductions conflicts        size   tier2   irredundant
c         level  restarts     redundant     glue   trail      variables
c
c u  8.96  8 14 0 70 125 1 390276 9810 1.7 19 11 2 8 88%  57 4145 332 30%
c v  8.99  8 14 0 70 125 1 390276 9192 1.7 19 11 2 8 88%  57 4145 332 30%
c w  9.00  9 14 0 70 125 1 390276 8227 1.7 19 11 2 8 88%  57 4145 332 30%
c x  9.01  9 14 0 70 125 1 390276 8217 1.7 19 11 2 8 88%  57 3986 332 30%
c -  9.11  8 14 0 71 126 1 395448 7168 1.7 19 11 2 8 88%  57 3986 332 30%
c B  9.19  8 14 0 71 126 1 399569 9163 1.7 19 11 2 8 88%  57 3986 332 30%
c -  9.28  8 14 0 72 126 1 403875 7807 1.7 19 11 2 8 88%  57 3986 332 30%
c -  9.44  8 14 0 73 126 1 412360 7418 1.7 19 11 2 8 88%  57 3986 332 30%
c -  9.61  8 14 0 74 126 1 420904 7310 1.7 19 11 2 8 88%  57 3986 332 30%
c -  9.80  8 14 0 75 126 1 429506 7641 1.6 18 11 2 8 88%  57 3986 332 30%
c -  9.99  8 14 0 76 126 1 438167 7915 1.6 18 11 2 8 88%  57 3986 332 30%
c - 10.16  8 14 0 77 126 1 446884 8165 1.6 18 11 2 8 89%  57 3986 332 30%
c u 10.31  8 14 0 77 126 1 454551 11862 1.6 18 11 2 8 89%  58 3986 332 30%
c v 10.34  9 14 0 77 126 1 454551 10897 1.6 18 11 2 8 89%  58 3986 332 30%
c w 10.35  9 14 0 77 126 1 454551 9493 1.6 18 11 2 8 89%  58 3986 332 30%
c x 10.36  9 14 0 77 126 1 454551 9491 1.6 18 11 2 8 89%  58 3959 332 30%
c o 10.36  9 14 0 77 126 1 454551 9491 1.6 18 11 2 8 89%  58 3959 332 30%
c - 10.39  8 14 0 78 126 1 455658 7084 1.6 18 11 2 8 89%  58 3959 332 30%
c W 10.42  7 14 0 78 126 1 457154 7972 1.6 18 11 2 8 89%  58 3959 332 30%
c - 10.57  8 14 0 79 129 1 464489 7992 1.6 18 11 2 8 89%  58 3959 332 30%
c
c seconds  switched   rate          size/glue  tier1   binary      remaining
c        MB  reductions conflicts         size   tier2   irredundant
c         level  restarts      redundant     glue   trail      variables
c
c e 10.65  8 14 0 79 133 1 469081 10965 1.6 18 11 2 8 89%  55 3978 330 30%
c s 10.65  8 14 0 79 133 1 469081 10965 1.6 18 11 2 8 89%  55 3963 330 30%
c - 10.74  8 14 0 80 134 1 473377 7855 1.6 18 11 2 8 89%  55 3963 330 30%
c - 10.91  8 14 0 81 140 1 482322 7592 1.6 18 11 2 8 89%  55 3963 330 30%
c - 11.08  8 14 0 82 141 1 491322 7725 1.6 18 11 2 8 89%  55 3963 330 30%
c - 11.27  8 14 0 83 147 1 500377 8042 1.6 18 11 2 8 89%  55 3963 330 30%
c - 11.46  8 14 0 84 151 1 509487 8304 1.6 18 11 2 8 89%  55 3963 330 30%
c - 11.66  8 14 0 85 156 1 518654 8783 1.6 18 11 2 8 89%  55 3963 330 30%
c I 11.67  8 14 0 85 156 1 519705 9347 1.6 18 11 2 8 89%  55 3963 330 30%
c u 11.75  8 14 0 85 156 1 524429 12334 1.6 18 11 2 8 89%  55 3963 330 30%
c v 11.80  9 14 0 85 156 1 524429 10962 1.6 18 11 2 8 89%  55 3963 330 30%
c w 11.81  9 14 0 85 156 1 524429 9493 1.6 18 11 2 8 89%  55 3963 330 30%
c - 11.86  8 14 0 86 157 1 527873 7586 1.6 18 11 2 8 89%  55 3963 330 30%
c - 12.00  8 14 0 87 157 1 537146 7730 1.6 18 11 2 8 89%  55 3963 330 30%
c - 12.14  8 14 0 88 160 1 546473 7990 1.6 18 11 2 8 89%  55 3963 330 30%
c - 12.29  8 14 0 89 165 1 555855 8711 1.6 18 11 2 8 89%  55 3963 330 30%
c - 12.43  8 14 0 90 171 1 565290 9287 1.6 18 11 2 8 89%  55 3963 330 30%
c - 12.60  8 14 0 91 172 1 574777 8645 1.6 18 11 2 8 89%  55 3963 330 30%
c - 12.76  8 14 0 92 179 1 584316 9523 1.6 18 11 2 8 89%  55 3963 330 30%
c B 12.82  8 14 0 92 179 1 587387 11273 1.6 18 11 2 8 89%  55 3963 330 30%
c
c seconds  switched   rate          size/glue  tier1   binary      remaining
c        MB  reductions conflicts         size   tier2   irredundant
c         level  restarts      redundant     glue   trail      variables
c
c o 12.82  8 14 0 92 179 1 587387 11273 1.6 18 11 2 8 89%  55 3963 330 30%
c - 12.94  8 14 0 93 184 1 593908 10380 1.6 18 11 2 8 89%  55 3963 330 30%
c u 13.07  8 14 0 93 186 1 599908 13702 1.6 18 11 2 8 89%  55 3963 330 30%
c v 13.10  9 14 0 93 186 1 599908 12986 1.6 18 11 2 8 89%  55 3963 330 30%
c w 13.11  9 14 0 93 186 1 599908 12164 1.6 18 11 2 8 89%  55 3963 330 30%
c x 13.12  9 14 0 93 186 1 599908 12163 1.6 18 11 2 8 89%  55 3949 330 30%
c = 13.24  9 14 0 93 186 1 599908 12163 1.6 18 11 2 8 89%  55 3925 329 30%
c u 13.26  9 14 0 93 186 1 599908 11771 1.6 18 11 2 8 89%  55 3925 329 30%
c v 13.30  9 14 0 93 186 1 599908 10759 1.6 18 11 2 8 89%  55 3925 329 30%
c w 13.31  9 14 0 93 186 1 599908 9812 1.6 18 11 2 8 89%  55 3925 329 30%
c - 13.39  8 14 0 94 187 1 603552 7943 1.6 18 11 2 8 89%  55 3925 329 30%
c - 13.59  8 14 0 95 188 1 613247 8694 1.6 18 11 2 8 89%  55 3925 329 30%
c - 13.79  8 14 0 96 188 1 622993 8949 1.6 18 11 2 8 89%  55 3925 329 30%
c - 13.97  8 14 0 97 189 1 632790 9757 1.6 18 11 2 8 89%  55 3925 329 30%
c s 14.11  8 14 0 97 189 1 640358 14344 1.6 17 11 2 8 89%  55 3923 329 30%
c e 14.11  8 14 0 97 189 1 640358 14344 1.6 17 11 2 8 89%  53 3963 326 29%
c s 14.12  8 14 0 97 189 1 640358 14344 1.6 17 11 2 8 89%  53 3956 326 29%
c - 14.17  8 14 0 98 189 1 642638 9960 1.6 18 11 2 8 89%  53 3956 326 29%
c - 14.40  8 14 0 99 189 1 652538 10825 1.6 18 11 2 8 89%  53 3956 326 29%
c W 14.57  7 14 0 99 192 1 660362 16113 1.6 18 11 2 8 89%  53 3956 326 29%
c
c seconds  switched    rate          size/glue  tier1   binary      remaining
c        MB  reductions  conflicts         size   tier2   irredundant
c         level   restarts      redundant     glue   trail      variables
c
c - 14.63  8 14 0 100 193 1 662487 11136 1.6 18 11 2 8 89%  53 3956 326 29%
c - 14.90  8 14 0 101 199 1 672487 11183 1.6 18 11 2 8 89%  53 3956 326 29%
c u 15.12  8 14 0 101 203 1 681216 16389 1.7 18 11 2 8 89%  53 3956 326 29%
c v 15.18  8 14 0 101 203 1 681216 15357 1.7 18 11 2 8 89%  53 3956 326 29%
c w 15.21 11 14 0 101 203 1 681216 13761 1.7 18 11 2 8 89%  53 3956 326 29%
c - 15.44  9 14 0 102 203 1 682537 9890 1.7 18 11 2 8 89%  53 3956 326 29%
c - 15.68  9 13 0 103 206 1 692637 10453 1.6 18 11 2 8 89%  53 3956 326 29%
c - 15.92 10 14 0 104 211 1 702786 10250 1.6 18 11 2 8 89%  53 3956 326 29%
c - 16.16 10 13 0 105 218 1 712984 10351 1.6 18 11 2 8 89%  53 3956 326 29%
c - 16.42  9 13 0 106 219 1 723230 10725 1.6 18 11 2 8 89%  53 3956 326 29%
c - 16.66  9 13 0 107 220 1 733526 10881 1.6 18 11 2 8 89%  53 3956 326 29%
c O 16.79  9 13 0 107 220 1 738791 13543 1.6 18 11 2 8 89%  53 3956 326 29%
c o 16.79  9 13 0 107 220 1 738791 13543 1.6 18 11 2 8 89%  53 3956 326 29%
c - 16.91 10 13 0 108 223 1 743870 10987 1.6 17 11 2 8 89%  53 3956 326 29%
c - 17.13  9 13 0 109 229 1 754263 11145 1.6 17 11 2 8 89%  53 3956 326 29%
c - 17.32 10 13 0 110 234 1 764703 11082 1.6 17 11 2 8 89%  53 3956 326 29%
c u 17.42 10 13 0 110 235 1 768203 12080 1.6 17 11 2 8 89%  53 3956 326 29%
c v 17.46 10 13 0 110 235 1 768203 10999 1.6 17 11 2 8 89%  53 3956 326 29%
c w 17.48 10 13 0 110 235 1 768203 9121 1.6 17 11 2 8 89%  53 3956 326 29%
c x 17.49 10 13 0 110 235 1 768203 9120 1.6 17 11 2 8 89%  53 3952 326 29%
c
c seconds  switched    rate         size/glue  tier1   binary      remaining
c        MB  reductions  conflicts        size   tier2   irredundant
c         level   restarts     redundant     glue   trail      variables
c
c - 17.65  9 13 0 111 238 1 775191 8699 1.6 17 11 2 8 89%  53 3952 326 29%
c - 17.88  9 13 0 112 243 1 785726 8879 1.6 17 11 2 8 89%  53 3952 326 29%
c - 18.10  9 13 0 113 249 1 796309 9653 1.6 17 11 2 8 89%  53 3952 326 29%
c - 18.32  9 13 0 114 251 1 806939 10446 1.6 17 11 2 8 89%  53 3952 326 29%
c - 18.54  9 13 0 115 251 1 817617 10763 1.6 17 11 2 8 90%  53 3952 326 29%
c B 18.63  9 13 0 115 252 1 822830 14062 1.6 17 11 2 8 89%  53 3952 326 29%
c - 18.74  9 13 0 116 252 1 828341 11355 1.6 17 11 2 8 90%  53 3952 326 29%
c - 18.98 10 13 0 117 252 1 839112 11310 1.6 17 11 2 8 90%  53 3952 326 29%
c - 19.22  9 13 0 118 252 1 849929 10503 1.6 18 11 2 8 90%  53 3952 326 29%
c - 19.46  9 13 0 119 253 1 860792 10590 1.6 18 11 2 8 90%  53 3952 326 29%
c u 19.49  9 13 0 119 253 1 861048 9823 1.6 18 11 2 8 90%  53 3952 326 29%
c v 19.54 10 13 0 119 253 1 861048 8407 1.6 18 11 2 8 90%  53 3952 326 29%
c w 19.57 10 13 0 119 253 1 861048 7863 1.6 18 11 2 8 90%  53 3952 326 29%
c o 19.57 10 13 0 119 253 1 861048 7863 1.6 18 11 2 8 90%  53 3952 326 29%
c - 19.77  9 14 0 120 253 1 871700 9245 1.6 18 11 2 8 90%  53 3952 326 29%
c - 19.98  9 14 0 121 253 1 882656 9812 1.6 18 11 2 8 90%  53 3952 326 29%
c - 20.18  9 14 0 122 253 1 893657 10250 1.6 18 11 2 8 90%  53 3952 326 29%
c - 20.38  9 14 0 123 253 1 904703 10480 1.6 18 11 2 8 89%  53 3952 326 29%
c W 20.55  8 14 0 123 253 1 912630 15151 1.6 18 11 2 8 89%  53 3952 326 29%
c - 20.63  8 14 0 124 253 1 915793 11067 1.6 18 11 2 8 89%  53 3952 326 29%
c
c seconds  switched    rate          size/glue  tier1   binary      remaining
c        MB  reductions  conflicts         size   tier2   irredundant
c         level   restarts      redundant     glue   trail      variables
c
c - 20.88  8 14 0 125 254 1 926928 11391 1.6 18 11 2 8 89%  53 3952 326 29%
c - 21.15  8 14 0 126 254 1 938110 11016 1.6 18 11 2 8 89%  53 3952 326 29%
c - 21.41  8 14 0 127 254 1 949335 11376 1.6 18 11 2 8 89%  53 3952 326 29%
c u 21.65  8 14 0 127 254 1 959804 17161 1.6 18 11 2 8 89%  53 3952 326 29%
c v 21.72  8 14 0 127 254 1 959804 15746 1.6 18 11 2 8 89%  53 3952 326 29%
c w 21.75  9 14 0 127 254 1 959804 13662 1.6 18 11 2 8 89%  53 3952 326 29%
c - 22.00  7 14 0 128 254 1 960605 9432 1.6 18 11 2 8 89%  53 3952 326 29%
c - 22.24  8 14 0 129 254 1 971919 11105 1.6 18 11 2 8 88%  53 3952 326 29%
c - 22.51  8 14 0 130 254 1 983277 11598 1.6 18 11 2 8 88%  53 3952 326 29%
c - 22.77  8 14 0 131 254 1 994679 12279 1.6 18 11 2 8 88%  53 3952 326 29%
c - 23.03  8 14 0 132 254 1 1006125 12756 1.6 18 11 2 8 88%  53 3952 326 29%
c I 23.08  8 14 0 132 254 1 1008345 13959 1.6 18 11 2 8 88%  53 3952 326 29%
c o 23.08  8 14 0 132 254 1 1008345 13959 1.6 18 11 2 8 88%  53 3952 326 29%
c - 23.23  8 14 0 133 254 1 1017615 13535 1.6 18 11 2 8 88%  53 3952 326 29%
c - 23.43  8 14 0 134 254 1 1029151 13279 1.6 18 11 2 8 88%  53 3952 326 29%
c - 23.64  8 13 0 135 254 1 1040727 12837 1.6 17 11 2 8 88%  53 3952 326 29%
c - 23.87  8 13 0 136 254 1 1052347 14365 1.6 17 11 2 8 89%  53 3952 326 29%
c - 24.10  8 13 0 137 261 1 1064009 15503 1.6 17 11 2 8 88%  53 3952 326 29%
c u 24.14  8 13 0 137 261 1 1064537 14976 1.6 17 11 2 8 88%  53 3952 326 29%
c v 24.21  8 13 0 137 261 1 1064537 12544 1.6 17 11 2 8 88%  53 3952 326 29%
c
c seconds  switched    rate           size/glue  tier1   binary      remaining
c        MB  reductions   conflicts         size   tier2   irredundant
c         level   restarts       redundant     glue   trail      variables
c
c w 24.24  8 13 0 137 261 1 1064537 10406 1.6 17 11 2 8 88%  53 3952 326 29%
c - 24.46  7 13 0 138 268 1 1075714 11319 1.6 17 11 2 8 88%  53 3952 326 29%
c - 24.68  8 13 0 139 272 1 1087461 12911 1.6 17 11 2 8 88%  53 3952 326 29%
c - 24.91  8 13 0 140 278 1 1099250 13870 1.6 17 11 2 8 88%  53 3952 326 29%
c B 25.11  8 13 0 140 284 1 1110123 20738 1.6 16 11 2 8 88%  53 3952 326 29%
c - 25.13  8 13 0 141 284 1 1111082 14480 1.6 16 11 2 8 88%  53 3952 326 29%
c - 25.40  8 13 0 142 285 1 1122956 14220 1.6 17 11 2 8 88%  53 3952 326 29%
c - 25.66  8 13 0 143 286 1 1134872 14117 1.6 17 11 2 8 88%  53 3952 326 29%
c - 25.88  8 13 0 144 292 1 1146832 15023 1.6 17 10 2 8 88%  53 3952 326 29%
c - 26.16  8 12 0 145 299 1 1158832 16035 1.6 16 10 2 8 87%  53 3952 326 29%
c - 26.46  8 12 0 146 303 1 1170873 17510 1.6 16 10 2 8 87%  53 3952 326 29%
c u 26.59  8 12 0 146 306 1 1175316 19459 1.6 16 10 2 8 87%  53 3952 326 29%
c v 26.64  9 12 0 146 306 1 1175316 16834 1.6 16 10 2 8 87%  53 3952 326 29%
c w 26.66  9 12 0 146 306 1 1175316 12789 1.6 16 10 2 8 87%  53 3952 326 29%
c x 26.67  9 12 0 146 306 1 1175316 12786 1.6 16 10 2 8 87%  53 3946 326 29%
c o 26.67  9 12 0 146 306 1 1175316 12786 1.6 16 10 2 8 87%  53 3946 326 29%
c s 26.67  9 12 0 146 306 1 1175316 12786 1.6 16 10 2 8 87%  53 3945 326 29%
c - 26.85  9 12 0 147 310 1 1182956 12932 1.6 16 10 2 8 87%  53 3945 326 29%
c - 27.11  9 12 0 148 315 1 1195080 14559 1.6 16 10 2 8 87%  54 3944 326 29%
c - 27.39  8 12 0 149 316 1 1207246 13267 1.6 16 10 2 8 87%  54 3944 326 29%
c
c seconds  switched    rate           size/glue  tier1   binary      remaining
c        MB  reductions   conflicts         size   tier2   irredundant
c         level   restarts       redundant     glue   trail      variables
c
c W 27.62  9 12 0 149 317 1 1218110 19517 1.6 16 10 2 8 87%  54 3944 326 29%
c - 27.65  9 12 0 150 317 1 1219453 12681 1.6 16 10 2 8 87%  54 3944 326 29%
c - 27.92  8 13 0 151 317 1 1231700 13012 1.6 17 11 2 8 87%  54 3944 326 29%
c - 28.19  9 13 0 152 317 1 1243988 11612 1.6 17 11 2 8 87%  54 3944 326 29%
c - 28.47  9 13 0 153 323 1 1256316 11784 1.6 17 11 2 8 87%  54 3944 326 29%
c - 28.75  9 13 0 154 330 1 1268686 11856 1.6 17 11 2 8 87%  54 3944 326 29%
c - 29.04  9 13 0 155 332 1 1281095 13051 1.6 17 11 2 8 87%  54 3944 326 29%
c u 29.35  9 13 0 155 339 1 1292235 18473 1.6 17 11 2 8 87%  54 3944 326 29%
c v 29.43  9 13 0 155 339 1 1292235 16283 1.6 17 11 2 8 87%  54 3944 326 29%
c w 29.47  9 13 0 155 339 1 1292235 12677 1.6 17 11 2 8 87%  54 3944 326 29%
c - 29.50  8 13 0 156 339 1 1293544 9204 1.6 17 11 2 7 87%  54 3944 326 29%
c - 29.78  9 13 0 157 346 1 1306034 10115 1.6 17 11 2 7 88%  54 3944 326 29%
c - 30.04  9 13 0 158 348 1 1318563 10806 1.6 17 11 2 7 88%  54 3944 326 29%
c - 30.34  9 13 0 159 348 1 1331132 11890 1.6 17 11 2 7 88%  54 3944 326 29%
c O 30.37  9 13 0 159 349 1 1332451 12448 1.6 17 11 2 7 89%  54 3944 326 29%
c o 30.37  9 13 0 159 349 1 1332451 12448 1.6 17 11 2 7 89%  54 3944 326 29%
c - 30.65  9 13 0 160 355 1 1343742 12053 1.6 17 11 2 7 89%  54 3944 326 29%
c - 30.94  9 13 0 161 363 1 1356392 11316 1.6 17 11 2 7 89%  54 3944 326 29%
c - 31.24  9 13 0 162 367 1 1369080 11564 1.6 17 11 2 7 89%  54 3944 326 29%
c - 31.56  9 13 0 163 374 1 1381808 12285 1.6 17 11 2 7 89%  54 3944 326 29%
c
c seconds  switched    rate           size/glue  tier1   binary      remaining
c        MB  reductions   conflicts         size   tier2   irredundant
c         level   restarts       redundant     glue   trail      variables
c
c - 31.89  9 13 0 164 378 1 1394576 12779 1.6 17 11 2 7 89%  54 3944 326 29%
c - 32.22  9 13 0 165 379 1 1407383 12641 1.6 17 11 2 7 89%  54 3944 326 29%
c u 32.43  9 13 0 165 380 1 1415341 15841 1.6 16 11 2 7 89%  54 3944 326 29%
c v 32.53  9 13 0 165 380 1 1415341 13799 1.6 16 11 2 7 89%  54 3944 326 29%
c w 32.57  9 13 0 165 380 1 1415341 11026 1.6 16 11 2 7 89%  54 3944 326 29%
c - 33.03  7 13 0 166 380 1 1420229 10060 1.6 16 11 2 7 89%  54 3944 326 29%
c - 33.30  8 13 0 167 380 1 1433113 12568 1.6 16 10 2 7 89%  54 3944 326 29%
c - 33.59  8 13 0 168 380 1 1446035 12648 1.6 16 11 2 7 90%  54 3944 326 29%
c s 33.71  8 13 0 168 381 1 1451528 15270 1.6 16 11 2 7 90%  54 3899 326 29%
c e 33.71  8 13 0 168 381 1 1451528 15270 1.6 16 11 2 7 90%  51 3944 323 29%
c s 33.71  8 13 0 168 381 1 1451528 15270 1.6 16 11 2 7 90%  51 3932 323 29%
c B 33.75  8 13 0 168 381 1 1453286 16068 1.6 16 11 2 7 90%  51 3932 323 29%
c - 33.87  8 13 0 169 381 1 1458997 10886 1.5 16 11 2 7 90%  51 3932 323 29%
c - 34.14  8 13 0 170 381 1 1471997 11349 1.5 16 11 2 7 90%  51 3932 323 29%
c - 34.43  8 13 0 171 381 1 1485035 12135 1.6 16 11 2 7 89%  51 3932 323 29%
c - 34.75  8 13 0 172 381 1 1498112 13100 1.6 16 11 2 7 89%  51 3932 323 29%
c - 35.07  8 13 0 173 381 1 1511226 13330 1.6 17 11 2 7 89%  51 3932 323 29%
c - 35.40  9 13 0 174 388 1 1524378 13140 1.6 17 10 2 7 89%  51 3932 323 29%
c - 35.69  9 12 0 175 396 1 1537569 14341 1.6 16 10 2 7 88%  51 3932 323 29%
c u 35.90  9 12 0 175 396 1 1544663 17297 1.6 16 10 2 7 88%  51 3932 323 29%
c
c seconds  switched    rate           size/glue  tier1   binary      remaining
c        MB  reductions   conflicts         size   tier2   irredundant
c         level   restarts       redundant     glue   trail      variables
c
c v 36.01  9 12 0 175 396 1 1544663 14447 1.6 16 10 2 7 88%  51 3932 323 29%
c w 36.04  9 12 0 175 396 1 1544663 11942 1.6 16 10 2 7 88%  51 3932 323 29%
c o 36.05  9 12 0 175 396 1 1544663 11942 1.6 16 10 2 7 88%  51 3932 323 29%
c - 36.19  9 12 0 176 401 1 1550798 10317 1.6 16 10 2 7 89%  51 3932 323 29%
c - 36.46  9 13 0 177 409 1 1564065 10996 1.6 16 11 2 7 89%  51 3932 323 29%
c - 36.75  9 13 0 178 411 1 1577370 11009 1.6 16 11 2 7 89%  51 3932 323 29%
c W 36.82  9 13 0 178 412 1 1580755 13270 1.6 16 11 2 7 89%  51 3932 323 29%
c - 37.02  9 13 0 179 412 1 1590711 12121 1.6 16 10 2 7 89%  51 3932 323 29%
c - 37.32  9 13 0 180 419 1 1604090 12366 1.5 16 11 2 7 89%  51 3932 323 29%
c - 37.65  9 13 0 181 426 1 1617507 13236 1.5 16 11 2 7 89%  51 3932 323 29%
c - 37.99  8 13 0 182 430 1 1630962 13869 1.6 17 11 2 7 89%  51 3932 323 29%
c - 38.32  8 13 0 183 438 1 1644453 14107 1.6 17 11 2 7 89%  51 3932 323 29%
c - 38.63  9 13 0 184 442 1 1657980 14851 1.6 17 10 2 7 89%  51 3932 323 29%
c - 38.97  9 12 0 185 443 1 1671544 15403 1.6 16 10 2 7 90%  51 3932 323 29%
c u 39.24  9 12 0 185 444 1 1680352 18589 1.6 16 10 2 7 90%  51 3932 323 29%
c v 39.35  9 12 0 185 444 1 1680352 15402 1.6 16 10 2 7 90%  51 3932 323 29%
c w 39.38  9 12 0 185 444 1 1680352 12266 1.6 16 10 2 7 90%  51 3932 323 29%
c - 39.49  8 12 0 186 444 1 1685145 11233 1.6 16 10 2 7 90%  51 3932 323 29%
c - 39.80  9 12 0 187 444 1 1698783 12840 1.6 16 10 2 7 90%  51 3932 323 29%
c - 40.12  9 12 0 188 447 1 1712457 13222 1.6 16 10 2 7 90%  51 3932 323 29%
c
c seconds  switched    rate           size/glue  tier1   binary      remaining
c        MB  reductions   conflicts         size   tier2   irredundant
c         level   restarts       redundant     glue   trail      variables
c
c I 40.19  9 12 0 188 449 1 1714994 14123 1.6 16 10 2 7 90%  51 3932 323 29%
c o 40.19  9 12 0 188 449 1 1714994 14123 1.6 16 10 2 7 90%  51 3932 323 29%
c - 40.39  9 12 0 189 455 1 1726168 13570 1.6 16 10 2 7 90%  51 3932 323 29%
c - 40.67  8 12 0 190 459 1 1739916 13173 1.6 16 10 2 7 90%  51 3932 323 29%
c - 40.97  9 13 0 191 466 1 1753701 13181 1.6 16 10 2 7 90%  51 3932 323 29%
c - 41.29  9 13 0 192 474 1 1767521 13722 1.6 16 10 2 7 90%  51 3932 323 29%
c - 41.60  9 12 0 193 475 1 1781377 14692 1.6 16 10 2 7 90%  51 3932 323 29%
c - 41.93  9 13 0 194 478 1 1795269 15625 1.6 17 10 2 7 90%  51 3932 323 29%
c - 42.29  8 13 0 195 487 1 1809197 14769 1.6 17 10 2 7 89%  51 3932 323 29%
c u 42.68  9 13 0 195 490 1 1822395 22149 1.6 17 11 2 7 89%  51 3932 323 29%
c v 42.73  9 13 0 195 490 1 1822395 21602 1.6 17 11 2 7 89%  51 3932 323 29%
c w 42.76  9 13 0 195 490 1 1822395 18820 1.6 17 11 2 7 89%  51 3932 323 29%
c x 42.78  9 13 0 195 490 1 1822395 18806 1.6 17 11 2 7 89%  52 3877 323 29%
c s 42.78  9 13 0 195 490 1 1822395 18806 1.6 17 11 2 7 89%  52 3870 323 29%
c - 42.80  8 13 0 196 490 1 1823162 13763 1.6 17 11 2 7 89%  52 3870 323 29%
c - 43.16  8 13 0 197 498 1 1837162 13614 1.6 17 11 2 7 89%  52 3870 323 29%
c - 43.49  8 13 0 198 505 1 1851198 13948 1.6 17 11 2 7 89%  52 3870 323 29%
c B 43.61  9 13 0 198 505 1 1856141 16950 1.6 17 10 2 7 89%  52 3870 323 29%
c - 43.85  9 13 0 199 506 1 1865270 14553 1.6 17 10 2 7 89%  52 3870 323 29%
c - 44.18  9 12 0 200 507 1 1879377 15488 1.6 16 10 2 7 89%  52 3870 323 29%
c
c seconds  switched    rate           size/glue  tier1   binary      remaining
c        MB  reductions   conflicts         size   tier2   irredundant
c         level   restarts       redundant     glue   trail      variables
c
c - 44.58 10 12 0 201 507 1 1893520 16040 1.6 16 10 2 7 89%  52 3870 323 29%
c - 44.95 10 12 0 202 508 1 1907697 17312 1.6 16 10 2 7 89%  53 3870 323 29%
c - 45.30 10 12 0 203 508 1 1921910 17808 1.6 16 10 2 7 89%  53 3870 323 29%
c - 45.67 10 12 0 204 508 1 1936157 16805 1.6 16 10 2 7 89%  53 3870 323 29%
c - 46.02 10 12 0 205 508 1 1950443 18296 1.6 15 10 2 7 89%  53 3870 323 29%
c - 46.44 10 11 0 206 508 1 1964762 18761 1.6 15 9 2 7 89%  54 3870 323 29%
c u 46.70 10 11 0 206 508 1 1971123 20673 1.6 15 9 2 7 89%  55 3870 323 29%
c v 46.83 10 11 0 206 508 1 1971123 16286 1.6 15 9 2 7 89%  55 3870 323 29%
c w 46.87 10 11 0 206 508 1 1971123 13533 1.6 15 9 2 7 89%  55 3870 323 29%
c o 46.87 10 11 0 206 508 1 1971123 13533 1.6 15 9 2 7 89%  55 3870 323 29%
c - 47.10  8 11 0 207 509 1 1979115 13922 1.6 15 9 2 7 89%  55 3870 323 29%
c - 47.45  9 11 0 208 509 1 1993502 16362 1.6 15 9 2 7 89%  55 3870 323 29%
c W 47.75  9 11 0 208 509 1 2004330 20985 1.6 15 9 2 7 89%  55 3870 323 29%
c - 47.84 10 11 0 209 509 1 2007925 15661 1.6 15 9 2 7 89%  55 3870 323 29%
c - 48.17 10 11 0 210 509 1 2022381 17060 1.7 15 9 2 7 89%  55 3870 323 29%
c - 48.55 10 11 0 211 509 1 2036872 17357 1.7 15 9 2 7 89%  55 3870 323 29%
c - 48.97 10 11 0 212 509 1 2051397 17740 1.6 15 9 2 7 89%  56 3870 323 29%
c - 49.37 10 11 0 213 509 1 2065957 17442 1.6 15 9 2 7 88%  56 3870 323 29%
c - 49.76 10 11 0 214 509 1 2080551 16814 1.6 15 9 2 7 89%  56 3870 323 29%
c - 50.11 10 11 0 215 509 1 2095181 18686 1.6 15 9 2 7 88%  56 3870 323 29%
c
c seconds  switched    rate           size/glue tier1   binary      remaining
c        MB  reductions   conflicts         size  tier2   irredundant
c         level   restarts       redundant    glue   trail      variables
c
c - 50.49 10 11 0 216 510 1 2109844 20650 1.6 15 9 2 7 88%  58 3870 323 29%
c i 50.62 10 11 0 216 510 1 2115117 23405 1.6 14 9 2 7 88%  71 3870 321 29%
c - 50.93  8 11 0 217 510 1 2124540 13059 1.6 15 9 2 7 88%  60 3870 321 29%
c u 51.04  8 11 0 217 510 1 2126346 12160 1.6 15 9 2 7 89% 110 3617 321 29%
c v 51.12  8 11 0 217 510 1 2126346 10597 1.6 15 9 2 7 89% 110 3617 321 29%
c w 51.15  8 11 0 217 510 1 2126346 9970 1.6 15 9 2 7 89% 110 3617 321 29%
c = 51.63 15 11 0 217 510 1 2126346 9970 1.6 15 9 2 7 89% 120 3607 316 28%
c d 51.63 15 11 0 217 510 1 2126346 9970 1.6 15 9 2 7 89% 102 3607 316 28%
c t 51.63 15 11 0 217 510 1 2126346 9970 1.6 15 9 2 7 89%  97 3607 316 28%
c u 51.67 15 11 0 217 510 1 2126346 9132 1.6 15 9 2 7 89%  97 3607 316 28%
c v 51.73 15 11 0 217 510 1 2126346 8178 1.6 15 9 2 7 89%  97 3607 316 28%
c w 51.76 15 11 0 217 510 1 2126346 8073 1.6 15 9 2 7 89%  97 3607 316 28%
c x 51.76 15 11 0 217 510 1 2126346 8061 1.6 15 9 2 7 89% 106 3361 316 28%
c t 51.76 15 11 0 217 510 1 2126346 8061 1.6 15 9 2 7 89% 100 3361 316 28%
c - 52.07 16 11 0 218 510 1 2139271 11257 1.6 15 9 2 7 89% 100 3361 316 28%
c - 52.40 16 11 0 219 510 1 2154036 14720 1.6 14 9 2 7 87% 101 3361 316 28%
c O 52.58 16 11 0 219 510 1 2159691 17780 1.6 14 9 2 7 87% 101 3361 316 28%
c o 52.58 16 11 0 219 510 1 2159691 17780 1.6 14 9 2 7 87% 101 3361 316 28%
c i 52.64 16 11 0 219 510 1 2162389 19356 1.6 14 9 2 7 87% 101 3361 315 28%
c - 52.78 16 11 0 220 510 1 2168836 16342 1.6 14 9 2 7 88% 106 3360 315 28%
c
c seconds  switched    rate           size/glue tier1   binary      remaining
c        MB  reductions   conflicts         size  tier2   irredundant
c         level   restarts       redundant    glue   trail      variables
c
c s 52.98 16 11 0 220 510 1 2177848 21183 1.6 14 9 2 7 88% 108 3226 315 28%
c e 52.98 16 11 0 220 510 1 2177848 21183 1.6 14 9 2 7 88%  63 3496 293 26%
c s 52.98 16 11 0 220 510 1 2177848 21183 1.6 14 9 2 7 88%  64 3366 293 26%
c - 53.12 15 11 0 221 510 1 2183670 14669 1.6 14 9 2 7 88%  71 3359 293 26%
c - 53.47 16 11 0 222 510 1 2198538 17126 1.7 15 9 2 7 88%  72 3359 293 26%
c i 53.78 16 11 0 222 510 1 2211471 24494 1.7 14 9 2 7 88%  85 3359 292 26%
c - 53.84 15 11 0 223 510 1 2213437 9469 1.7 15 9 2 7 88%  71 3359 292 26%
c - 54.15 15 11 0 224 510 1 2228370 14145 1.7 14 9 2 7 87%  73 3358 292 26%
c i 54.49 15 10 0 224 510 1 2243160 21626 1.7 14 8 2 7 87%  83 3358 291 26%
c - 54.49 15 10 0 225 510 1 2243336 8951 1.7 14 8 2 7 87%  72 3358 291 26%
c i 54.64 15 10 0 225 510 1 2249973 12593 1.7 14 8 2 7 87%  80 3358 288 26%
c i 54.66 15 10 0 225 510 1 2250530 12982 1.7 14 8 2 7 87%  88 3358 287 26%
c i 54.70 15 10 0 225 510 1 2252008 13568 1.7 14 8 2 7 87%  97 3358 285 26%
c i 54.74 15 10 0 225 510 1 2253166 14000 1.7 14 8 2 7 87% 106 3357 284 26%
c i 54.74 15 10 0 225 510 1 2253285 14023 1.7 14 8 2 7 87% 111 3357 279 25%
c i 54.76 15 10 0 225 510 1 2253790 14086 1.7 14 8 2 7 87% 120 3357 243 22%
c i 54.76 15 10 0 225 510 1 2253849 14094 1.7 14 8 2 7 87% 125 3357 221 20%
c i 54.76 15 10 0 225 510 1 2253864 14094 1.7 14 8 2 7 87% 129 3357 220 20%
c i 54.76 15 10 0 225 510 1 2253872 14094 1.7 14 8 2 7 87% 132 3357 189 17%
c i 54.76 15 10 0 225 510 1 2253875 14096 1.7 14 8 2 7 87% 132 3357 187 17%
c
c seconds  switched    rate           size/glue tier1   binary      remaining
c        MB  reductions   conflicts         size  tier2   irredundant
c         level   restarts       redundant    glue   trail      variables
c
c i 54.76 15 10 0 225 510 1 2253877 14095 1.7 14 8 2 7 87% 133 3357 186 17%
c i 54.76 15 10 0 225 510 1 2253879 14095 1.7 14 8 2 7 87% 134 3357 172 15%
c i 54.76 15 10 0 225 510 1 2253882 14095 1.7 14 8 2 7 87% 136 3357 171 15%
c i 54.76 15 10 0 225 510 1 2253883 14095 1.7 14 8 2 7 87% 136 3357 155 14%
c i 54.76 15 10 0 225 510 1 2253884 14095 1.7 14 8 2 7 87% 136 3357 149 13%
c i 54.76 15 10 0 225 510 1 2253885 14095 1.7 14 8 2 7 87% 136 3357 113 10%
c ] 54.76 15 10 0 225 510 1 2253890 14095 1.7 14 8 2 7 87% 138 3357 80 7%
c 0 54.76 15 0 0 225 510 0 2253890 14095 0.0 0 0 2 6 0% 138 3357 80 7%
c
c ---- [ result ] ------------------------------------------------------------
c
s UNSATISFIABLE
c
c ---- [ profiling ] ---------------------------------------------------------
c
c          49.95   91.21 %  search
c          49.95   91.21 %  stable
c           4.79    8.76 %  simplify
c           4.71    8.61 %  probe
c           2.81    5.13 %  vivify
c           1.82    3.31 %  sweep
c           0.30    0.54 %  reduce
c           0.05    0.10 %  eliminate
c           0.05    0.09 %  walking
c           0.05    0.09 %  substitute
c           0.03    0.06 %  factor
c           0.02    0.03 %  preprocess
c           0.01    0.02 %  subsume
c           0.01    0.01 %  congruence
c           0.00    0.01 %  transitive
c           0.00    0.00 %  backbone
c           0.00    0.00 %  lucky
c           0.00    0.00 %  parse
c =============================================
c          54.76  100.00 %  total
c
c ---- [ statistics ] --------------------------------------------------------
c
c conflicts:                          2253890            41157.44 per second
c congruent:                               43                4 %  variables
c decisions:                          2431639                1.08 per conflict
c eliminated:                             793               71 %  variables
c factored:                                56                5 %  variables
c iterations:                              21                2 %  variables
c propagations:                     238344996          4352328    per second
c reductions:                             225            10017    interval
c reordered:                               19           118626    interval
c rephased:                                36            62608    interval
c restarts:                               510             4419    interval
c strengthened:                          1353                0 %  checks
c substituted:                             74                7 %  variables
c subsumed:                               958                0 %  checks
c switched:                                 0                0    interval
c vivified:                            158931               48 %  checks
c walks:                                   12           187824    interval
c
c ---- [ glue usage ] --------------------------------------------------------
c
c stable glue 2   used 7059755 clauses 21.51% accumulated 62.39% tier1
c stable glue 3   used 4544762 clauses 13.85% accumulated 76.24%
c stable glue 4-5 used 3442743 clauses 10.49% accumulated 86.73%
c stable glue 6   used  921538 clauses  2.81% accumulated 89.54%
c stable glue 7   used  699091 clauses  2.13% accumulated 91.67% tier2
c
c ---- [ resources ] ---------------------------------------------------------
c
c maximum-resident-set-size:        377647104 bytes        360 MB
c process-time:                            55s              54.76 seconds
c
c ---- [ shutting down ] -----------------------------------------------------
c
c exit 20
