c ---- [ banner ] ------------------------------------------------------------
c
c Kissat SAT Solver
c 
c Copyright (c) 2021-2024 Armin Biere University of Freiburg
c Copyright (c) 2019-2021 Armin Biere Johannes Kepler University Linz
c 
c Version 4.0.4 8af8e56f174b778aef3aa45af9f739b2a5f492c2
c gcc (GCC) 15.2.1 20260123 (Red Hat 15.2.1-7) -W -Wall -O3 -DNDEBUG
c Thu Apr 23 06:47:51 PM IST 2026 Linux krishnendu-LN 6.19.12-200.fc43.x86_64 x86_64
c
c ---- [ parsing ] -----------------------------------------------------------
c
c opened and reading DIMACS file:
c
c   /home/krishnendu/Research/fv-invariant-mining/data/circuits/cnf/miter_mult_10bit.cnf
c
c parsed 'p cnf 1113 4205' header
c closing input after reading 64864 bytes (63 KB)
c finished parsing after 0.00 seconds
c
c ---- [ options ] -----------------------------------------------------------
c
c --decay=160                      (different from default '50')
c --eliminateeffort=1900           (different from default '100')
c
c ---- [ solving ] -----------------------------------------------------------
c
c seconds switched rate     size/glue tier1  binary       remaining
c        MB reductions conflicts size  tier2   irredundant
c         level restarts redundant glue  trail       variables
c
c *  0.00  3 0 0 0  0 0   0   0 0.0 0 0 0 0 0% 1458 2745 1110 100%
c (  0.00  3 0 0 0  0 0   0   0 0.0 0 0 0 0 0% 1458 2745 1110 100%
c .  0.00  3 0 0 0  0 0   0   0 0.0 0 0 0 0 0% 1454 2745 1110 100%
c c  0.00  3 0 0 0  0 0   0   0 0.0 0 0 0 0 0% 1518 2743 1067 96%
c d  0.00  3 0 0 0  0 0   0   0 0.0 0 0 0 0 0% 1368 2743 1067 96%
c =  0.02  3 0 0 0  0 0   0   0 0.0 0 0 0 0 0% 1372 2736 1064 96%
c d  0.02  3 0 0 0  0 0   0   0 0.0 0 0 0 0 0% 1367 2736 1064 96%
c f  0.02  4 0 0 0  0 0   0   0 0.0 0 0 0 0 0% 1339 2718 1086 98%
c )  0.02  4 0 0 0  0 0   0   0 0.0 0 0 0 0 0% 1339 2718 1086 98%
c {  0.02  4 0 0 0  0 0   0   0 0.0 0 0 2 6 0% 1339 2718 1086 98%
c -  0.04  4 19 0 1 92 2 1001 588 2.7 28 10 4 14 83% 1345 2718 1086 98%
c }  0.04  4 19 1 1 92 2 1001 588 2.7 28 10 4 14 83% 1345 2718 1086 98%
c [  0.04  4 0 1 1 92 0 1001 588 0.0 0 0 2 6 0% 1345 2718 1086 98%
c B  0.04  4 0 1 1 92 0 1001 588 0.0 0 0 2 6 0% 1345 2718 1086 98%
c -  0.06  4 54 1 2 92 1 2001 1307 2.5 24 10 3 11 82% 1348 2718 1086 98%
c W  0.06  4 54 1 2 92 1 2003 1309 2.5 24 10 3 11 82% 1348 2718 1086 98%
c ]  0.07  4 51 2 2 93 1 2083 1383 2.4 24 10 3 11 82% 1348 2718 1086 98%
c {  0.07  4 19 2 2 93 2 2083 1383 2.7 28 10 4 14 83% 1348 2718 1086 98%
c }  0.09  4 19 3 2 105 2 3084 2278 2.5 24 10 3 13 74% 1370 2718 1086 98%
c [  0.09  4 51 3 2 105 1 3084 2278 2.4 24 10 3 11 82% 1370 2718 1086 98%
c
c seconds  switched  rate       size/glue tier1     binary       remaining
c        MB reductions conflicts      size  tier2     irredundant
c         level restarts   redundant    glue    trail       variables
c
c u  0.10  4 43 3 2 105 1 3371 2318 2.7 25 9 3 11 83% 1373 2718 1086 98%
c v  0.10  4 43 3 2 105 1 3371 2307 2.7 25 9 3 11 83% 1373 2718 1086 98%
c w  0.11  5 43 3 2 105 1 3371 2289 2.7 25 9 3 11 83% 1373 2718 1086 98%
c x  0.11  5 43 3 2 105 1 3371 2289 2.7 25 9 3 11 83% 1386 2660 1086 98%
c =  0.13  5 43 3 2 105 1 3371 2289 2.7 25 9 3 11 83% 1416 2653 1071 96%
c d  0.13  5 43 3 2 105 1 3371 2289 2.7 25 9 3 11 83% 1371 2653 1071 96%
c t  0.13  5 43 3 2 105 1 3371 2289 2.7 25 9 3 11 83% 1363 2653 1071 96%
c f  0.13  5 43 3 2 105 1 3371 2289 2.7 25 9 3 11 83% 1359 2653 1075 97%
c u  0.13  5 43 3 2 105 1 3371 2262 2.7 25 9 3 11 83% 1359 2653 1075 97%
c v  0.13  5 43 3 2 105 1 3371 2211 2.7 25 9 3 11 83% 1359 2653 1075 97%
c w  0.13  5 43 3 2 105 1 3371 2201 2.7 25 9 3 11 83% 1359 2653 1075 97%
c =  0.15  5 43 3 2 105 1 3371 2201 2.7 25 9 3 11 83% 1363 2653 1073 96%
c d  0.15  5 43 3 2 105 1 3371 2201 2.7 25 9 3 11 83% 1357 2653 1073 96%
c -  0.16  5 42 3 3 105 1 3416 1694 2.7 26 10 2 10 83% 1358 2653 1073 96%
c ]  0.17  5 35 4 3 105 1 3927 2133 2.7 26 10 2 10 83% 1359 2653 1073 96%
c {  0.17  5 19 4 3 105 2 3927 2133 2.5 24 10 3 13 74% 1359 2653 1073 96%
c -  0.20  5 21 4 4 297 3 5148 2438 2.4 25 10 3 12 78% 1365 2653 1073 96%
c }  0.22  5 21 5 4 324 2 6280 3507 2.5 25 10 2 11 77% 1374 2653 1073 96%
c [  0.22  5 35 5 4 324 1 6280 3507 2.7 26 10 2 10 83% 1374 2653 1073 96%
c I  0.22  5 35 5 4 324 1 6280 3507 2.7 26 10 2 10 83% 1374 2653 1073 96%
c
c seconds  switched  rate       size/glue  tier1     binary       remaining
c        MB reductions conflicts      size   tier2     irredundant
c         level restarts   redundant     glue    trail       variables
c
c -  0.24  5 31 5 5 324 1 7149 3247 2.4 26 11 2 12 86% 1375 2653 1073 96%
c -  0.28  5 25 5 6 326 1 9386 3835 2.1 24 12 3 13 87% 1375 2653 1073 96%
c ]  0.28  5 25 6 6 326 1 9497 3934 2.1 24 12 3 13 87% 1375 2653 1073 96%
c {  0.28  5 21 6 6 326 2 9497 3934 2.5 25 10 2 11 77% 1375 2653 1073 96%
c u  0.30  5 21 6 6 395 2 10395 4538 2.5 24 10 2 11 80% 1385 2653 1073 96%
c v  0.31  5 21 6 6 395 2 10395 4498 2.5 24 10 2 11 80% 1383 2653 1073 96%
c w  0.31  5 21 6 6 395 2 10395 4495 2.5 24 10 2 11 80% 1383 2653 1073 96%
c =  0.31  5 21 6 6 395 2 10395 4495 2.5 24 10 2 11 80% 1395 2649 1067 96%
c d  0.31  5 21 6 6 395 2 10395 4491 2.5 24 10 2 11 80% 1378 2649 1067 96%
c t  0.32  5 21 6 6 395 2 10395 4491 2.5 24 10 2 11 80% 1371 2649 1067 96%
c u  0.32  5 21 6 6 395 2 10395 4463 2.5 24 10 2 11 80% 1372 2649 1067 96%
c v  0.32  5 21 6 6 395 2 10395 4429 2.5 24 10 2 11 80% 1372 2649 1067 96%
c w  0.32  5 21 6 6 395 2 10395 4429 2.5 24 10 2 11 80% 1372 2649 1067 96%
c x  0.33  5 21 6 6 395 2 10395 4429 2.5 24 10 2 11 80% 1372 2629 1067 96%
c t  0.34  5 21 6 6 395 2 10395 4429 2.5 24 10 2 11 80% 1371 2629 1067 96%
c o  0.34  5 21 6 6 395 2 10395 4429 2.5 24 10 2 11 80% 1371 2629 1067 96%
c -  0.36  5 21 6 7 464 2 11836 4544 2.4 23 9 3 11 77% 1375 2629 1067 96%
c i  0.37  5 20 6 7 529 2 12527 5014 2.3 22 9 3 11 75% 1386 2629 1066 96%
c }  0.39  5 20 7 7 567 2 13566 5968 2.3 21 9 3 11 72% 1392 2629 1066 96%
c [  0.39  5 25 7 7 567 1 13566 5968 2.1 24 12 3 13 87% 1392 2629 1066 96%
c
c seconds  switched  rate        size/glue  tier1     binary       remaining
c        MB reductions conflicts       size   tier2     irredundant
c         level restarts    redundant     glue    trail       variables
c
c B  0.39  5 25 7 7 567 1 13566 5968 2.1 24 12 3 13 87% 1392 2629 1066 96%
c -  0.41  5 23 7 8 567 1 14481 5262 2.0 24 12 3 13 88% 1384 2629 1066 96%
c ]  0.45  5 21 8 8 569 1 16183 6573 1.9 23 12 3 13 88% 1386 2629 1066 96%
c {  0.45  5 20 8 8 569 2 16183 6573 2.3 21 9 3 11 72% 1386 2629 1066 96%
c e  0.48  5 19 8 8 731 2 16852 7087 2.3 21 9 3 11 73% 388 3208 649 58%
c s  0.48  5 19 8 8 731 2 16852 7087 2.3 21 9 3 11 73% 392 3114 649 58%
c e  0.48  5 19 8 8 731 2 16852 7087 2.3 21 9 3 11 73% 379 3126 640 58%
c ^  0.48  5 19 8 8 731 2 16852 7087 2.3 21 9 3 11 73% 379 3126 640 58%
c -  0.49  5 20 8 9 776 2 17309 1787 2.2 21 9 2 10 73% 379 3126 640 58%
c -  0.57  5 19 8 10 1309 2 20309 3669 2.3 23 10 2 9 76% 382 3126 640 58%
c u  0.59  6 19 8 10 1309 2 21308 4391 2.5 24 10 2 9 78% 382 3126 640 58%
c v  0.60  6 19 8 10 1309 2 21308 4236 2.5 24 10 2 9 78% 382 3126 640 58%
c w  0.61  6 19 8 10 1309 2 21308 4222 2.5 24 10 2 9 78% 382 3126 640 58%
c t  0.61  6 19 8 10 1309 2 21308 4222 2.5 24 10 2 9 78% 375 3126 640 58%
c f  0.61  6 19 8 10 1309 2 21308 4222 2.5 24 10 2 9 78% 428 3014 668 60%
c u  0.61  5 19 8 10 1309 2 21308 4193 2.5 24 10 2 9 78% 428 3014 668 60%
c v  0.63  5 19 8 10 1309 2 21308 4104 2.5 24 10 2 9 78% 428 3014 668 60%
c w  0.63  5 19 8 10 1309 2 21308 4094 2.5 24 10 2 9 78% 428 3014 668 60%
c o  0.66  5 19 8 10 1309 2 21308 4094 2.5 24 10 2 9 78% 428 3014 668 60%
c }  0.69  6 19 9 10 1473 2 22343 5065 2.5 24 10 2 9 78% 431 3014 668 60%
c
c seconds  switched    rate        size/glue  tier1    binary      remaining
c        MB  reductions  conflicts       size   tier2    irredundant
c         level   restarts    redundant     glue    trail      variables
c
c [  0.69  6 21 9 10 1473 1 22343 5065 1.9 23 12 3 13 88% 431 3014 668 60%
c W  0.69  6 21 9 10 1473 1 22343 5065 1.9 23 12 3 13 88% 431 3014 668 60%
c -  0.70  6 21 9 11 1474 1 23471 5104 1.9 23 12 3 13 87% 432 3014 668 60%
c -  0.76  6 20 9 12 1476 1 26787 5861 1.9 22 12 3 13 86% 433 3014 668 60%
c O  0.83  6 19 9 12 1478 1 29871 7951 1.8 22 12 3 13 87% 433 3014 668 60%
c -  0.84  6 19 9 13 1478 1 30252 5445 1.8 23 12 3 12 87% 433 3014 668 60%
c ]  0.85  6 19 10 13 1479 1 30802 5927 1.9 23 12 3 12 87% 433 3014 668 60%
c {  0.85  6 19 10 13 1479 2 30802 5927 2.5 24 10 2 9 78% 433 3014 668 60%
c -  0.94  6 18 10 14 1623 2 33860 6887 2.5 25 10 2 9 79% 435 3013 668 60%
c s  0.94  6 18 10 14 1623 2 34110 7087 2.6 25 10 2 9 79% 435 2995 668 60%
c e  0.95  6 18 10 14 1623 2 34110 7087 2.6 25 10 2 9 79% 345 3124 604 54%
c s  0.95  6 18 10 14 1623 2 34110 7087 2.6 25 10 2 9 79% 348 3065 604 54%
c e  0.95  6 18 10 14 1623 2 34110 7087 2.6 25 10 2 9 79% 343 3072 601 54%
c ^  0.95  6 18 10 14 1623 2 34110 7087 2.6 25 10 2 9 79% 343 3072 601 54%
c u  1.02  7 19 10 14 1938 2 36714 5801 2.5 26 10 2 8 79% 345 3072 601 54%
c v  1.03  7 19 10 14 1938 2 36714 5678 2.5 26 10 2 8 79% 345 3072 601 54%
c w  1.03  7 19 10 14 1938 2 36714 5634 2.5 26 10 2 8 79% 345 3072 601 54%
c x  1.04  6 19 10 14 1938 2 36714 5633 2.5 26 10 2 8 79% 349 2963 601 54%
c t  1.04  6 19 10 14 1938 2 36714 5633 2.5 26 10 2 8 79% 345 2963 601 54%
c f  1.04  6 19 10 14 1938 2 36714 5633 2.5 26 10 2 8 79% 359 2937 605 54%
c
c seconds   switched    rate        size/glue  tier1   binary      remaining
c        MB   reductions  conflicts       size   tier2   irredundant
c         level    restarts    redundant     glue   trail      variables
c
c u  1.04  6 19 10 14 1938 2 36714 5594 2.5 26 10 2 8 79% 359 2937 605 54%
c v  1.06  7 19 10 14 1938 2 36714 5358 2.5 26 10 2 8 79% 359 2937 605 54%
c w  1.06  7 19 10 14 1938 2 36714 5292 2.5 26 10 2 8 79% 359 2937 605 54%
c -  1.08  7 19 10 15 1972 2 37602 4892 2.6 25 10 2 8 79% 361 2936 605 54%
c }  1.12  7 19 11 15 1972 2 39430 6606 2.6 26 10 2 8 80% 362 2936 605 54%
c [  1.12  7 19 11 15 1972 1 39430 6606 1.9 23 12 3 12 87% 362 2936 605 54%
c B  1.13  7 19 11 15 1972 1 39633 6797 1.9 23 12 3 12 87% 362 2936 605 54%
c -  1.16  7 18 11 16 1973 1 41475 6897 1.9 23 12 3 12 87% 363 2936 605 54%
c -  1.24  6 18 11 17 1976 1 45475 7434 1.9 23 12 2 12 88% 363 2936 605 54%
c -  1.30  7 17 11 18 1978 1 49598 7396 1.9 23 12 2 11 87% 363 2936 605 54%
c ]  1.34  7 17 12 18 1978 1 51433 8816 1.9 22 12 2 11 87% 363 2936 605 54%
c {  1.34  7 19 12 18 1978 2 51433 8816 2.6 26 10 2 8 80% 363 2936 605 54%
c o  1.35  7 19 12 18 1983 2 51555 8914 2.6 26 10 2 8 80% 363 2936 605 54%
c -  1.42  7 19 12 19 2295 2 53840 8308 2.6 25 10 2 7 79% 365 2936 605 54%
c u  1.52  7 18 12 19 2342 2 56695 9825 2.5 24 10 2 7 79% 369 2936 605 54%
c v  1.53  7 18 12 19 2342 2 56695 9773 2.5 24 10 2 7 79% 369 2936 605 54%
c w  1.53  7 18 12 19 2342 2 56695 9728 2.5 24 10 2 7 79% 369 2936 605 54%
c x  1.54  6 18 12 19 2342 2 56695 9728 2.5 24 10 2 7 79% 370 2920 605 54%
c t  1.59  6 18 12 19 2342 2 56695 9728 2.5 24 10 2 7 79% 367 2920 605 54%
c -  1.64  7 18 12 20 2390 2 58198 8704 2.5 24 10 1 6 78% 367 2920 605 54%
c
c seconds   switched    rate        size/glue  tier1   binary      remaining
c        MB   reductions  conflicts       size   tier2   irredundant
c         level    restarts    redundant     glue   trail      variables
c
c -  1.80  7 18 12 21 3114 2 62670 9296 2.4 24 10 1 5 79% 369 2920 605 54%
c }  1.81  7 18 13 21 3179 2 62913 9503 2.4 24 10 1 5 79% 369 2920 605 54%
c [  1.81  7 17 13 21 3179 1 62913 9503 1.9 22 12 2 11 87% 369 2920 605 54%
c W  1.81  6 17 13 21 3179 1 62913 9503 1.9 22 12 2 11 87% 369 2920 605 54%
c -  1.92  6 17 13 22 3182 1 67253 9126 1.9 22 12 2 11 87% 370 2920 605 54%
c e  2.03  7 17 13 22 3185 1 71685 12561 1.9 22 12 2 10 87% 262 3152 523 47%
c s  2.03  7 17 13 22 3185 1 71685 12561 1.9 22 12 2 10 87% 263 3130 523 47%
c e  2.03  7 17 13 22 3185 1 71685 12561 1.9 22 12 2 10 87% 262 3133 522 47%
c ^  2.03  7 17 13 22 3185 1 71685 12561 1.9 22 12 2 10 87% 262 3133 522 47%
c -  2.03  6 17 13 23 3185 1 71943 4550 1.9 22 12 2 10 87% 262 3133 522 47%
c -  2.14  6 17 13 24 3187 1 76740 5439 1.9 22 12 2 10 88% 262 3133 522 47%
c I  2.15  6 16 13 24 3188 1 77817 6200 1.9 22 12 2 10 88% 262 3133 522 47%
c u  2.20  6 16 13 24 3190 1 81287 8570 1.8 22 12 2 10 88% 262 3133 522 47%
c v  2.23  6 16 13 24 3190 1 81287 7662 1.8 22 12 2 10 88% 262 3133 522 47%
c w  2.23  7 16 13 24 3190 1 81287 7486 1.8 22 12 2 10 88% 262 3133 522 47%
c t  2.24  7 16 13 24 3190 1 81287 7486 1.8 22 12 2 10 88% 260 3133 522 47%
c f  2.24  6 16 13 24 3190 1 81287 7486 1.8 22 12 2 10 88% 264 3118 524 47%
c u  2.24  6 16 13 24 3190 1 81287 7449 1.8 22 12 2 10 88% 264 3118 524 47%
c v  2.26  7 16 13 24 3190 1 81287 7055 1.8 22 12 2 10 88% 264 3118 524 47%
c w  2.27  7 16 13 24 3190 1 81287 6373 1.8 22 12 2 10 88% 264 3118 524 47%
c
c seconds   switched    rate        size/glue  tier1    binary      remaining
c        MB   reductions  conflicts       size   tier2    irredundant
c         level    restarts    redundant     glue    trail      variables
c
c -  2.28  6 16 13 25 3191 1 81640 4485 1.8 22 12 2 10 88% 264 3118 524 47%
c ]  2.30  6 17 14 25 3191 1 83160 5787 1.8 22 12 2 10 88% 264 3118 524 47%
c {  2.30  6 18 14 25 3191 2 83160 5787 2.4 24 10 1 5 79% 264 3118 524 47%
c o  2.31  6 18 14 25 3215 2 83251 5859 2.4 24 10 1 5 79% 264 3118 524 47%
c -  2.37  7 18 14 26 3321 2 86640 7159 2.4 23 10 1 5 78% 265 3118 524 47%
c -  2.53  7 17 14 27 3735 2 91740 10149 2.5 23 9 1 5 78% 267 3118 524 47%
c -  2.67  7 17 14 28 3756 2 96937 12482 2.6 24 9 1 5 78% 271 3118 524 47%
c }  2.71  7 17 15 28 3959 2 97875 13329 2.6 24 9 1 5 78% 272 3118 524 47%
c [  2.71  7 17 15 28 3959 1 97875 13329 1.8 22 12 2 10 88% 272 3118 524 47%
c B  2.71  7 17 15 28 3959 1 97875 13329 1.8 22 12 2 10 88% 272 3118 524 47%
c -  2.83  8 16 15 29 3962 1 102229 12041 1.8 22 12 2 10 88% 272 3118 524 47%
c -  3.01  8 16 15 30 3965 1 107615 9882 1.8 22 12 2 10 88% 272 3118 524 47%
c u  3.10  7 16 15 30 3966 1 110520 11235 1.8 22 12 2 10 88% 273 3118 524 47%
c v  3.12  8 16 15 30 3966 1 110520 11111 1.8 22 12 2 10 88% 273 3118 524 47%
c w  3.13  8 16 15 30 3966 1 110520 10639 1.8 22 12 2 10 88% 273 3118 524 47%
c x  3.13  7 16 15 30 3966 1 110520 10635 1.8 22 12 2 10 88% 275 3053 524 47%
c t  3.13  7 16 15 30 3966 1 110520 10635 1.8 22 12 2 10 88% 273 3053 524 47%
c -  3.19  7 16 15 31 3968 1 113092 8091 1.8 21 12 2 10 88% 273 3053 524 47%
c ]  3.21  7 16 16 31 3969 1 114512 9146 1.8 21 12 2 10 88% 273 3053 524 47%
c {  3.21  7 17 16 31 3969 2 114512 9146 2.6 24 9 1 5 78% 273 3053 524 47%
c
c seconds   switched    rate         size/glue tier1   binary      remaining
c        MB   reductions  conflicts        size  tier2   irredundant
c         level    restarts     redundant    glue   trail      variables
c
c -  3.32  8 17 16 32 4389 2 118659 9717 2.6 24 9 1 5 78% 273 3053 524 47%
c -  3.47  8 16 16 33 4389 2 124315 12923 2.7 24 9 1 5 79% 273 3053 524 47%
c o  3.63  8 15 16 33 4391 2 129826 17964 2.8 24 9 1 5 80% 274 3053 524 47%
c -  3.64  7 15 16 34 4443 2 130060 15097 2.8 24 9 1 4 80% 274 3053 524 47%
c e  3.74  7 15 16 34 5010 2 132264 16943 2.7 24 9 1 4 81% 178 3309 472 42%
c s  3.74  7 15 16 34 5010 2 132264 16943 2.7 24 9 1 4 81% 178 3261 472 42%
c e  3.74  7 15 16 34 5010 2 132264 16943 2.7 24 9 1 4 81% 171 3273 468 42%
c ^  3.74  7 15 16 34 5010 2 132264 16943 2.7 24 9 1 4 81% 171 3273 468 42%
c }  3.76  7 16 17 34 5163 2 132849 10811 2.7 24 9 1 4 81% 171 3273 468 42%
c [  3.76  7 16 17 34 5163 1 132849 10811 1.8 21 12 2 10 88% 171 3273 468 42%
c W  3.76  7 16 17 34 5163 1 132849 10811 1.8 21 12 2 10 88% 171 3273 468 42%
c -  3.81  7 16 17 35 5165 1 135892 9382 1.8 21 12 2 10 88% 172 3273 468 42%
c -  3.95  8 16 17 36 5169 1 141808 8824 1.8 22 12 2 10 88% 172 3273 468 42%
c u  4.01  8 16 17 36 5169 1 144778 10664 1.8 22 12 2 10 87% 172 3273 468 42%
c v  4.05  8 16 17 36 5169 1 144778 10107 1.8 22 12 2 10 87% 172 3273 468 42%
c w  4.06  9 16 17 36 5169 1 144778 9290 1.8 22 12 2 10 87% 172 3273 468 42%
c -  4.20  6 16 17 37 5172 1 147809 7193 1.8 21 12 2 10 87% 172 3273 468 42%
c -  4.30  6 16 17 38 5176 1 153891 7778 1.7 21 12 2 10 87% 172 3273 468 42%
c O  4.35  6 16 17 38 5176 1 157074 10266 1.7 21 12 2 10 87% 172 3273 468 42%
c ]  4.42  6 16 18 38 5177 1 159151 11285 1.7 21 12 2 10 87% 173 3273 468 42%
c
c seconds   switched    rate          size/glue tier1   binary      remaining
c        MB   reductions  conflicts         size  tier2   irredundant
c         level    restarts      redundant    glue   trail      variables
c
c {  4.42  6 16 18 38 5177 2 159151 11285 2.7 24 9 1 4 81% 173 3273 468 42%
c -  4.45  6 16 18 39 5374 2 160055 8476 2.7 24 9 1 4 81% 173 3273 468 42%
c -  4.61  6 15 18 40 5843 2 166299 10762 2.7 24 9 1 4 79% 176 3273 468 42%
c -  4.83  6 15 18 41 7040 2 172624 11764 2.7 25 9 1 4 80% 177 3273 468 42%
c -  5.06  7 15 18 42 7463 2 179027 13232 2.7 25 9 1 4 81% 177 3273 468 42%
c }  5.13  7 15 19 42 7463 2 181496 15416 2.7 25 9 1 4 82% 177 3273 468 42%
c [  5.13  7 16 19 42 7463 1 181496 15416 1.7 21 12 2 10 87% 177 3273 468 42%
c u  5.21  6 16 19 42 7465 1 183857 16784 1.8 21 12 2 10 87% 178 3273 468 42%
c v  5.23  7 16 19 42 7465 1 183857 16309 1.8 21 12 2 10 87% 178 3273 468 42%
c w  5.24  8 16 19 42 7465 1 183857 16200 1.8 21 12 2 10 87% 178 3273 468 42%
c x  5.25  8 16 19 42 7465 1 183857 16196 1.8 21 12 2 10 87% 178 3195 468 42%
c o  5.25  8 16 19 42 7465 1 183857 16196 1.8 21 12 2 10 87% 178 3195 468 42%
c B  5.27  6 16 19 42 7465 1 184814 16850 1.8 21 12 2 10 87% 178 3195 468 42%
c -  5.29  7 16 19 43 7465 1 185507 13119 1.8 21 12 2 9 87% 178 3195 468 42%
c -  5.42  7 16 19 44 7469 1 192065 11371 1.7 21 12 2 9 87% 178 3195 468 42%
c -  5.56  7 16 19 45 7473 1 198698 8970 1.7 21 12 2 9 86% 178 3195 468 42%
c -  5.69  7 16 19 46 7476 1 205406 8768 1.7 21 12 2 9 87% 178 3195 468 42%
c -  5.83  7 16 19 47 7477 1 212188 8250 1.7 21 12 2 9 87% 178 3195 468 42%
c W  5.91  6 16 19 47 7479 1 216265 11299 1.7 21 12 2 9 87% 178 3195 468 42%
c s  5.95  7 16 19 47 7480 1 218142 12642 1.7 21 12 2 9 87% 179 3193 468 42%
c
c seconds   switched    rate          size/glue  tier1   binary      remaining
c        MB   reductions  conflicts         size   tier2   irredundant
c         level    restarts      redundant     glue   trail      variables
c
c e  5.95  7 16 19 47 7480 1 218142 12642 1.7 21 12 2 9 87% 114 3729 393 35%
c s  5.95  7 16 19 47 7480 1 218142 12642 1.7 21 12 2 9 87% 114 3564 393 35%
c e  5.96  7 16 19 47 7480 1 218142 12642 1.7 21 12 2 9 87% 105 3605 384 35%
c ^  5.96  7 16 19 47 7480 1 218142 12642 1.7 21 12 2 9 87% 105 3605 384 35%
c ]  5.96  7 16 20 47 7480 1 218371 5897 1.7 21 12 2 9 87% 105 3605 384 35%
c {  5.96  7 15 20 47 7480 2 218371 5897 2.7 25 9 1 4 82% 105 3605 384 35%
c -  5.98  6 15 20 48 7653 2 219043 4237 2.7 25 9 1 4 82% 105 3605 384 35%
c -  6.14  7 15 20 49 9082 2 225971 6864 2.6 25 10 1 4 82% 105 3605 384 35%
c u  6.20  6 15 20 49 9082 2 228247 8588 2.6 25 9 1 4 82% 105 3605 384 35%
c v  6.22  6 15 20 49 9082 2 228247 8045 2.6 25 9 1 4 82% 105 3605 384 35%
c w  6.23  7 15 20 49 9082 2 228247 7892 2.6 25 9 1 4 82% 105 3605 384 35%
c x  6.24  6 15 20 49 9082 2 228247 7884 2.6 25 9 1 4 82% 107 3444 384 35%
c t  6.24  6 15 20 49 9082 2 228247 7884 2.6 25 9 1 4 82% 106 3444 384 35%
c -  6.38  7 16 20 50 10021 2 232971 8672 2.5 25 10 1 4 82% 106 3444 384 35%
c -  6.57  7 16 20 51 11071 2 240042 10315 2.5 25 10 1 4 83% 106 3444 384 35%
c o  6.67  7 16 20 51 11472 2 243889 13632 2.5 25 10 1 4 83% 106 3444 384 35%
c }  6.71  7 16 21 51 11743 2 245111 14623 2.4 25 10 1 4 83% 106 3444 384 35%
c [  6.71  7 16 21 51 11743 1 245111 14623 1.7 21 12 2 9 87% 106 3444 384 35%
c -  6.76  7 16 21 52 11745 1 247184 10733 1.7 21 12 2 9 87% 106 3444 384 35%
c I  6.84  7 16 21 52 11748 1 251617 13688 1.7 21 12 2 9 87% 106 3444 384 35%
c
c seconds   switched     rate          size/glue  tier1   binary      remaining
c        MB   reductions   conflicts         size   tier2   irredundant
c         level    restarts       redundant     glue   trail      variables
c
c -  6.88  7 16 21 53 11749 1 254395 10306 1.7 21 12 2 9 87% 106 3444 384 35%
c -  6.99  7 16 21 54 11753 1 261676 8993 1.7 21 12 2 9 87% 106 3444 384 35%
c -  7.12  7 16 21 55 11756 1 269024 8150 1.7 21 12 2 9 87% 106 3444 384 35%
c -  7.27  7 16 21 56 11757 1 276440 8575 1.7 21 12 2 9 87% 106 3444 384 35%
c u  7.30  7 16 21 56 11757 1 277534 8898 1.7 21 12 2 9 87% 106 3444 384 35%
c v  7.32  8 16 21 56 11757 1 277534 8124 1.7 21 12 2 9 87% 106 3444 384 35%
c w  7.33  8 16 21 56 11757 1 277534 8074 1.7 21 12 2 9 87% 106 3444 384 35%
c x  7.34  8 16 21 56 11757 1 277534 8072 1.7 21 12 2 9 87% 106 3427 384 35%
c -  7.45  7 16 21 57 11762 1 283923 7771 1.7 21 12 2 9 88% 106 3427 384 35%
c ]  7.48  7 16 22 57 11763 1 285922 9096 1.7 21 12 2 9 88% 106 3427 384 35%
c {  7.48  7 16 22 57 11763 2 285922 9096 2.4 25 10 1 4 83% 106 3427 384 35%
c -  7.58  7 16 22 58 12661 2 291472 8677 2.4 24 10 1 4 83% 106 3427 384 35%
c -  7.72  7 16 22 59 13868 2 299088 9580 2.3 24 10 1 4 83% 106 3427 384 35%
c -  7.89  7 16 22 60 14778 2 306769 11220 2.2 24 11 1 5 84% 107 3425 384 35%
c -  8.04  7 16 22 61 15961 2 314514 11746 2.2 23 11 1 5 84% 107 3425 384 35%
c o  8.06  7 16 22 61 16038 2 315630 12564 2.2 23 11 1 5 84% 107 3425 384 35%
c }  8.09  7 16 23 61 16218 2 317439 14135 2.1 23 11 1 5 84% 108 3425 384 35%
c [  8.09  7 16 23 61 16218 1 317439 14135 1.7 21 12 2 9 88% 108 3425 384 35%
c B  8.09  7 16 23 61 16218 1 317439 14135 1.7 21 12 2 9 88% 108 3425 384 35%
c -  8.19  7 16 23 62 16221 1 322325 11518 1.7 21 13 2 9 88% 108 3425 384 35%
c
c seconds   switched     rate          size/glue  tier1   binary      remaining
c        MB   reductions   conflicts         size   tier2   irredundant
c         level    restarts       redundant     glue   trail      variables
c
c -  8.36  8 16 23 63 16225 1 330201 10725 1.7 21 13 2 9 88% 108 3425 384 35%
c s  8.36  7 16 23 63 16225 1 330438 10884 1.7 21 13 2 9 88% 108 3424 384 35%
c e  8.37  7 16 23 63 16225 1 330438 10884 1.7 21 13 2 9 88%  71 4058 335 30%
c s  8.37  7 16 23 63 16225 1 330438 10884 1.7 21 13 2 9 88%  71 3873 335 30%
c e  8.37  7 16 23 63 16225 1 330438 10884 1.7 21 13 2 9 88%  66 3944 330 30%
c !  8.37  7 16 23 63 16225 1 330438 10884 1.7 21 13 2 9 88%  66 3944 330 30%
c u  8.40  7 16 23 63 16227 1 332204 6863 1.7 21 13 2 9 88%  66 3944 330 30%
c v  8.42  7 16 23 63 16227 1 332204 5914 1.7 21 13 2 9 88%  67 3944 330 30%
c w  8.44  8 16 23 63 16227 1 332204 4868 1.7 21 13 2 9 88%  67 3944 330 30%
c t  8.44  8 16 23 63 16227 1 332204 4868 1.7 21 13 2 9 88%  66 3944 330 30%
c f  8.45  7 16 23 63 16227 1 332204 4868 1.7 21 13 2 9 88%  67 3913 331 30%
c u  8.45  7 16 23 63 16227 1 332204 4822 1.7 21 13 2 9 88%  67 3913 331 30%
c v  8.47  7 16 23 63 16227 1 332204 4548 1.7 21 13 2 9 88%  67 3913 331 30%
c w  8.49  7 16 23 63 16227 1 332204 4179 1.7 21 13 2 9 88%  67 3913 331 30%
c x  8.49  7 16 23 63 16227 1 332204 4168 1.7 21 13 2 9 88%  67 3729 331 30%
c -  8.70  6 16 23 64 16231 1 338139 5238 1.7 21 13 2 9 88%  67 3729 331 30%
c -  8.83  7 16 23 65 16232 1 346142 6591 1.7 21 13 2 9 88%  67 3729 331 30%
c ]  8.95  7 16 24 65 16234 1 351876 10513 1.7 21 12 2 9 88%  67 3729 331 30%
c {  8.95  7 16 24 65 16234 2 351876 10513 2.1 23 11 1 5 84%  67 3729 331 30%
c -  9.01  7 16 24 66 16415 2 354206 7995 2.2 23 11 1 5 84%  67 3729 331 30%
c
c seconds   switched     rate          size/glue  tier1   binary      remaining
c        MB   reductions   conflicts         size   tier2   irredundant
c         level    restarts       redundant     glue   trail      variables
c
c -  9.19  7 16 24 67 16821 2 362332 10613 2.2 23 11 1 5 84%  67 3729 331 30%
c -  9.42  8 16 24 68 17986 2 370517 11452 2.2 24 11 1 5 85%  67 3729 331 30%
c -  9.63  8 16 24 69 18616 2 378763 12412 2.2 24 11 1 5 84%  67 3729 331 30%
c -  9.87  8 16 24 70 19756 2 387070 13219 2.1 24 11 1 5 84%  67 3729 331 30%
c }  9.91  8 16 25 70 19756 2 388553 14356 2.1 24 11 1 5 84%  67 3729 331 30%
c [  9.91  8 16 25 70 19756 1 388553 14356 1.7 21 12 2 9 88%  67 3729 331 30%
c W  9.91  7 16 25 70 19756 1 388553 14356 1.7 21 12 2 9 88%  67 3729 331 30%
c u  9.99  7 16 25 70 19758 1 391653 16001 1.7 21 12 2 9 88%  67 3729 331 30%
c v 10.02  7 16 25 70 19758 1 391653 15618 1.7 21 12 2 9 88%  67 3729 331 30%
c w 10.04 10 16 25 70 19758 1 391653 15483 1.7 21 12 2 9 88%  67 3729 331 30%
c x 10.05 10 16 25 70 19758 1 391653 15481 1.7 21 12 2 9 88%  67 3695 331 30%
c - 10.13  9 16 25 71 19761 1 395436 12026 1.7 21 12 2 9 88%  67 3695 331 30%
c - 10.28  9 16 25 72 19765 1 403862 11158 1.7 21 12 2 9 88%  67 3695 331 30%
c - 10.43  9 16 25 73 19769 1 412347 10463 1.7 20 12 2 9 88%  67 3695 331 30%
c - 10.59  9 15 25 74 19770 1 420891 9501 1.6 20 12 2 9 89%  67 3695 331 30%
c - 10.74  9 15 25 75 19776 1 429493 9939 1.6 20 12 2 9 89%  67 3695 331 30%
c O 10.86  9 15 25 75 19780 1 436715 14812 1.6 20 12 2 9 89%  67 3695 331 30%
c o 10.86  9 15 25 75 19780 1 436715 14812 1.6 20 12 2 9 89%  67 3695 331 30%
c - 10.89  9 15 25 76 19781 1 438153 11021 1.6 20 12 2 9 89%  67 3695 331 30%
c ] 10.97  8 15 26 76 19783 1 441499 13254 1.6 20 12 2 9 89%  67 3695 331 30%
c
c seconds   switched     rate          size/glue  tier1   binary      remaining
c        MB   reductions   conflicts         size   tier2   irredundant
c         level    restarts       redundant     glue   trail      variables
c
c { 10.97  8 16 26 76 19783 2 441499 13254 2.1 24 11 1 5 84%  67 3695 331 30%
c - 11.13  9 16 26 77 20129 2 446870 12348 2.1 24 11 1 5 84%  67 3695 331 30%
c - 11.40  9 16 26 78 21071 2 455645 13341 2.1 24 11 1 5 85%  67 3695 331 30%
c u 11.44  9 16 26 78 21071 2 456682 13722 2.1 24 11 1 5 85%  67 3695 331 30%
c v 11.47  9 16 26 78 21071 2 456682 13029 2.1 24 11 1 5 85%  67 3695 331 30%
c w 11.48  9 16 26 78 21071 2 456682 12626 2.1 24 11 1 5 85%  67 3695 331 30%
c x 11.49  9 16 26 78 21071 2 456682 12626 2.1 24 11 1 5 85%  67 3687 331 30%
c - 11.70  9 16 26 79 21071 2 464479 15207 2.1 23 11 1 5 84%  67 3687 331 30%
c s 11.91  9 16 26 79 21793 2 470538 20013 2.1 23 11 1 5 84%  67 3686 331 30%
c e 11.92  8 16 26 79 21793 2 470538 20013 2.1 23 11 1 5 84%  61 3734 328 29%
c s 11.92  8 16 26 79 21793 2 470538 20013 2.1 23 11 1 5 84%  61 3721 328 29%
c - 12.02  9 16 26 80 22125 2 473368 15279 2.1 23 11 1 5 84%  61 3721 328 29%
c - 12.32  9 16 26 81 23248 2 482314 15605 2.1 23 11 1 4 85%  62 3721 328 29%
c } 12.36  9 16 27 81 23421 2 483717 16582 2.1 23 11 1 4 85%  62 3721 328 29%
c [ 12.36  9 15 27 81 23421 1 483717 16582 1.6 20 12 2 9 89%  62 3721 328 29%
c B 12.48  9 15 27 81 23425 1 489503 20262 1.6 20 12 2 9 89%  62 3721 328 29%
c - 12.51  9 15 27 82 23426 1 491314 14247 1.6 20 12 2 9 89%  62 3721 328 29%
c - 12.70  8 15 27 83 23431 1 500370 11763 1.6 20 12 2 9 89%  62 3721 328 29%
c - 12.87  8 15 27 84 23435 1 509480 10942 1.6 20 12 2 9 89%  62 3721 328 29%
c - 13.03  8 15 27 85 23437 1 518645 11598 1.6 19 12 2 9 89%  62 3721 328 29%
c
c seconds   switched     rate          size/glue  tier1   binary      remaining
c        MB   reductions   conflicts         size   tier2   irredundant
c         level    restarts       redundant     glue   trail      variables
c
c u 13.20  7 15 27 85 23442 1 527331 16543 1.6 19 12 2 9 89%  63 3721 328 29%
c v 13.24  7 15 27 85 23442 1 527331 14744 1.6 19 12 2 9 89%  63 3721 328 29%
c w 13.28  9 15 27 85 23442 1 527331 10587 1.6 19 12 2 9 89%  63 3721 328 29%
c o 13.28  9 15 27 85 23442 1 527331 10587 1.6 19 12 2 9 89%  63 3721 328 29%
c - 13.29  8 15 27 86 23442 1 527867 8132 1.6 19 12 2 9 89%  63 3721 328 29%
c - 13.42  8 15 27 87 23448 1 537140 9210 1.6 19 12 2 9 89%  63 3721 328 29%
c - 13.59  8 15 27 88 23450 1 546467 9448 1.6 19 12 2 9 89%  63 3721 328 29%
c W 13.60  7 15 27 88 23450 1 547087 9851 1.6 19 12 2 9 89%  63 3721 328 29%
c - 13.76  7 15 27 89 23451 1 555849 9932 1.6 19 12 2 9 89%  63 3721 328 29%
c ] 13.87  7 15 28 89 23451 1 562754 14625 1.6 19 12 2 9 89%  63 3721 328 29%
c { 13.87  7 16 28 89 23451 2 562754 14625 2.1 23 11 1 4 85%  63 3721 328 29%
c - 13.93  7 16 28 90 23506 2 565283 10640 2.1 23 11 1 5 85%  63 3721 328 29%
c - 14.22  8 16 28 91 23994 2 574771 15168 2.1 23 11 1 4 85%  63 3721 328 29%
c - 14.53  8 16 28 92 24009 2 584311 19153 2.2 24 11 1 4 85%  63 3721 328 29%
c - 14.87  9 16 28 93 24658 2 593902 19904 2.2 24 11 1 4 86%  63 3721 328 29%
c - 15.15  9 16 28 94 25324 2 603545 18218 2.2 24 11 1 4 87%  63 3721 328 29%
c u 15.17  9 16 28 94 25324 2 603547 17397 2.2 24 11 1 4 87%  63 3721 328 29%
c v 15.21  9 16 28 94 25324 2 603547 16654 2.2 24 11 1 4 87%  63 3721 328 29%
c w 15.23 11 16 28 94 25324 2 603547 16366 2.2 24 11 1 4 87%  63 3721 328 29%
c x 15.24 11 16 28 94 25324 2 603547 16364 2.2 24 11 1 4 87%  63 3710 328 29%
c
c seconds   switched     rate          size/glue  tier1   binary      remaining
c        MB   reductions   conflicts         size   tier2   irredundant
c         level    restarts       redundant     glue   trail      variables
c
c } 15.45 10 16 29 94 25880 2 610893 22269 2.2 24 11 1 4 87%  63 3710 328 29%
c [ 15.45 10 15 29 94 25880 1 610893 22269 1.6 19 12 2 9 89%  63 3710 328 29%
c I 15.45 10 15 29 94 25880 1 610893 22269 1.6 19 12 2 9 89%  63 3710 328 29%
c - 15.50 10 15 29 95 25882 1 613240 16615 1.6 19 12 2 9 89%  63 3710 328 29%
c - 15.70 10 15 29 96 25886 1 622986 14545 1.6 19 12 2 8 89%  63 3710 328 29%
c - 15.89  8 15 29 97 25893 1 632784 12283 1.6 19 12 2 8 89%  63 3710 328 29%
c - 16.10  9 15 29 98 25894 1 642633 11918 1.6 19 12 2 8 89%  63 3710 328 29%
c s 16.11  8 15 29 98 25894 1 643501 12550 1.6 19 12 2 8 89%  63 3709 328 29%
c o 16.11  9 15 29 98 25894 1 643501 12550 1.6 19 12 2 8 89%  63 3709 328 29%
c - 16.29  9 15 29 99 25901 1 652533 12051 1.6 19 12 2 8 89%  63 3709 328 29%
c - 16.48  9 15 29 100 25907 1 662482 11342 1.6 19 12 2 8 89%  63 3709 328 29%
c - 16.71  9 15 29 101 25909 1 672482 11694 1.6 20 12 2 8 89%  63 3709 328 29%
c B 16.86  9 15 29 101 25910 1 678575 15048 1.6 20 12 2 8 89%  63 3709 328 29%
c ] 16.92  9 15 30 101 25910 1 682117 17369 1.6 19 12 2 8 89%  63 3709 328 29%
c { 16.92  9 16 30 101 25910 2 682117 17369 2.2 24 11 1 4 87%  63 3709 328 29%
c - 16.93  9 16 30 102 25910 2 682531 11769 2.2 24 11 1 4 87%  63 3709 328 29%
c u 17.04  9 16 30 102 26308 2 685564 13491 2.2 24 11 1 4 87%  63 3709 328 29%
c v 17.09  9 16 30 102 26308 2 685564 11577 2.2 24 11 1 4 87%  63 3709 328 29%
c w 17.12 10 16 30 102 26308 2 685564 11329 2.2 24 11 1 4 87%  63 3709 328 29%
c - 17.31  9 16 30 103 27095 2 692630 11733 2.1 24 11 1 4 87%  63 3709 328 29%
c
c seconds   switched      rate          size/glue  tier1   binary      remaining
c        MB   reductions    conflicts         size   tier2   irredundant
c         level     restarts       redundant     glue   trail      variables
c
c - 17.59  9 15 30 104 27643 2 702779 14160 2.2 24 11 1 4 88%  63 3709 328 29%
c - 17.82  9 15 30 105 27643 1 712977 15782 2.2 23 11 1 4 88%  63 3709 328 29%
c - 18.05 10 15 30 106 27643 1 723224 16960 2.2 23 10 1 4 88%  63 3709 328 29%
c - 18.30 10 14 30 107 27643 1 733520 19126 2.2 23 10 1 4 89%  63 3709 328 29%
c } 18.38 10 14 31 107 27643 1 736551 21455 2.3 23 10 1 4 89%  63 3709 328 29%
c [ 18.38 10 15 31 107 27643 1 736551 21455 1.6 19 12 2 8 89%  63 3709 328 29%
c - 18.59 10 15 31 108 27648 1 743865 20673 1.7 20 12 2 8 89%  63 3709 328 29%
c W 18.80  9 14 31 108 27652 1 751550 26228 1.7 20 12 2 8 89%  64 3708 328 29%
c - 18.87  9 14 31 109 27654 1 754258 19439 1.7 20 12 2 8 89%  64 3708 328 29%
c - 19.09  9 14 31 110 27657 1 764698 15119 1.7 20 12 2 8 89%  64 3708 328 29%
c u 19.31  9 14 31 110 27660 1 773415 19900 1.7 20 12 2 8 89%  64 3708 328 29%
c v 19.38 12 14 31 110 27660 1 773415 17992 1.7 20 12 2 8 89%  64 3708 328 29%
c w 19.41 12 14 31 110 27660 1 773415 17098 1.7 20 12 2 8 89%  64 3708 328 29%
c o 19.43 12 14 31 110 27660 1 773415 17098 1.7 20 12 2 8 89%  64 3708 328 29%
c - 19.46  8 14 31 111 27662 1 775187 11083 1.7 20 12 2 8 89%  64 3708 328 29%
c - 19.67  9 14 31 112 27667 1 785723 11707 1.7 20 12 2 8 89%  64 3708 328 29%
c ] 19.81  9 14 32 112 27671 1 791856 14549 1.7 20 12 2 8 89%  64 3708 328 29%
c { 19.81  9 14 32 112 27671 1 791856 14549 2.3 23 10 1 4 89%  64 3708 328 29%
c - 19.94  9 14 32 113 28543 1 796307 11962 2.2 23 10 1 4 89%  64 3708 328 29%
c - 20.26  9 15 32 114 30711 2 806937 13586 2.2 23 11 1 4 89%  64 3708 328 29%
c
c seconds   switched      rate          size/glue  tier1   binary      remaining
c        MB   reductions    conflicts         size   tier2   irredundant
c         level     restarts       redundant     glue   trail      variables
c
c - 20.57 10 15 32 115 31417 2 817614 15992 2.2 23 11 1 4 89%  64 3708 328 29%
c - 20.95 10 15 32 116 33061 2 828337 16958 2.1 23 11 1 4 89%  64 3708 328 29%
c - 21.41 11 15 32 117 33325 2 839108 18883 2.2 23 11 1 4 88%  64 3708 328 29%
c - 21.82 10 15 32 118 33346 1 849924 20971 2.2 23 11 1 4 87%  64 3708 328 29%
c s 21.82 10 15 32 118 33346 1 850029 21066 2.2 23 11 1 4 87%  64 3702 328 29%
c } 21.94 10 15 33 118 33890 1 852963 23374 2.2 23 11 1 4 87%  64 3702 328 29%
c [ 21.94 10 14 33 118 33890 1 852963 23374 1.7 20 12 2 8 89%  64 3702 328 29%
c O 21.94 10 14 33 118 33890 1 852963 23374 1.7 20 12 2 8 89%  64 3702 328 29%
c - 22.14 11 14 33 119 33895 1 860787 20022 1.7 20 12 2 8 89%  64 3702 328 29%
c u 22.36 11 14 33 119 33898 1 867164 22082 1.7 20 12 2 8 89%  64 3702 328 29%
c v 22.41 11 14 33 119 33898 1 867164 21333 1.7 20 12 2 8 89%  64 3702 328 29%
c w 22.44 12 14 33 119 33898 1 867164 19821 1.7 20 12 2 8 89%  64 3702 328 29%
c x 22.45 12 14 33 119 33898 1 867164 19820 1.7 20 12 2 8 89%  64 3694 328 29%
c - 22.59  9 14 33 120 33902 1 871695 13794 1.7 20 12 1 8 90%  64 3694 328 29%
c - 22.88 10 14 33 121 33904 1 882650 12607 1.7 20 12 1 8 90%  64 3694 328 29%
c - 23.14 10 14 33 122 33910 1 893651 12278 1.7 20 12 1 8 90%  64 3694 328 29%
c - 23.41 10 14 33 123 33917 1 904696 12138 1.7 20 12 1 8 90%  64 3694 328 29%
c - 23.65 10 14 33 124 33919 1 915786 12075 1.7 20 11 1 7 90%  64 3694 328 29%
c - 23.92 10 14 33 125 33920 1 926921 12142 1.7 20 11 1 7 90%  64 3694 328 29%
c ] 24.13 10 14 34 125 33922 1 936808 18309 1.7 20 11 1 7 89%  64 3694 328 29%
c
c seconds   switched      rate          size/glue  tier1   binary      remaining
c        MB   reductions    conflicts         size   tier2   irredundant
c         level     restarts       redundant     glue   trail      variables
c
c { 24.13 10 15 34 125 33922 1 936808 18309 2.2 23 11 1 4 87%  64 3694 328 29%
c o 24.14 10 15 34 125 33953 1 937388 18633 2.2 23 11 1 4 87%  64 3694 328 29%
c - 24.17  9 15 34 126 34047 1 938101 12605 2.2 23 11 1 4 87%  64 3694 328 29%
c - 24.62  9 15 34 127 34274 1 949325 16512 2.2 23 11 1 4 87%  65 3694 328 29%
c - 25.08 10 15 34 128 34712 1 960594 18663 2.2 23 10 1 4 87%  65 3694 328 29%
c u 25.32 10 15 34 128 35060 1 966942 21243 2.2 23 10 1 4 88%  66 3694 328 29%
c v 25.41 11 15 34 128 35060 1 966942 19111 2.2 23 10 1 4 88%  66 3694 328 29%
c w 25.44 11 15 34 128 35060 1 966942 17696 2.2 23 10 1 4 88%  66 3694 328 29%
c - 25.62 10 15 34 129 35670 1 971907 14879 2.2 23 10 1 4 87%  66 3694 328 29%
c - 26.02 10 15 34 130 35971 1 983265 15789 2.2 23 10 1 4 87%  68 3694 328 29%
c - 26.38 10 14 34 131 36529 1 994666 16262 2.2 22 10 1 4 87%  68 3694 328 29%
c } 26.74 10 14 35 131 37060 1 1004954 23612 2.1 22 10 1 4 87%  68 3694 328 29%
c [ 26.74 10 14 35 131 37060 1 1004954 23612 1.7 20 11 1 7 89%  68 3694 328 29%
c B 26.74 10 14 35 131 37060 1 1004954 23612 1.7 20 11 1 7 89%  68 3694 328 29%
c - 26.77 10 14 35 132 37061 1 1006112 17026 1.7 20 11 1 7 89%  68 3694 328 29%
c - 27.05 10 14 35 133 37067 1 1017601 16071 1.7 20 11 1 7 89%  68 3694 328 29%
c - 27.36  9 14 35 134 37073 1 1029133 12937 1.7 19 11 1 7 89%  68 3694 328 29%
c - 27.61  9 14 35 135 37077 1 1040709 12607 1.7 19 11 1 7 89%  68 3694 328 29%
c - 27.94 10 14 35 136 37084 1 1052327 12433 1.7 20 11 1 7 89%  68 3694 328 29%
c - 28.31 10 14 35 137 37089 1 1063989 13332 1.7 20 11 1 7 89%  68 3694 328 29%
c
c seconds   switched      rate           size/glue  tier1   binary      remaining
c        MB   reductions     conflicts         size   tier2   irredundant
c         level     restarts        redundant     glue   trail      variables
c
c u 28.55 10 14 35 137 37090 1 1072751 17408 1.7 19 11 1 7 89%  68 3694 328 29%
c v 28.62 10 14 35 137 37090 1 1072751 15476 1.7 19 11 1 7 89%  68 3694 328 29%
c w 28.69 10 14 35 137 37090 1 1072751 12393 1.7 19 11 1 7 89%  68 3694 328 29%
c o 28.69 10 14 35 137 37090 1 1072751 12393 1.7 19 11 1 7 89%  68 3694 328 29%
c - 28.74  9 14 35 138 37090 1 1075694 10659 1.7 19 11 1 7 89%  68 3694 328 29%
c - 28.94 10 14 35 139 37091 1 1087442 11160 1.7 19 11 1 7 89%  68 3694 328 29%
c s 29.02  9 14 35 139 37094 1 1091881 13961 1.7 19 11 1 7 89%  68 3692 328 29%
c W 29.08  8 14 35 139 37096 1 1094755 15752 1.7 19 11 1 7 89%  68 3692 328 29%
c - 29.20  8 14 35 140 37097 1 1099231 11062 1.7 19 11 1 7 89%  68 3692 328 29%
c - 29.46  8 14 35 141 37104 1 1111063 11354 1.7 19 11 1 7 89%  68 3692 328 29%
c ] 29.61  8 14 36 141 37105 1 1117658 14884 1.7 19 11 1 7 89%  68 3692 328 29%
c { 29.61  8 14 36 141 37105 1 1117658 14884 2.1 22 10 1 4 87%  68 3692 328 29%
c - 29.78  8 14 36 142 38089 1 1122939 13161 2.1 22 10 1 4 87%  68 3692 328 29%
c - 30.17  8 15 36 143 39054 1 1134856 15381 2.1 22 10 1 4 87%  68 3692 328 29%
c - 30.52  9 15 36 144 40865 1 1146815 16596 2.0 22 11 1 4 87%  68 3692 328 29%
c - 30.89  9 15 36 145 42579 1 1158815 16581 2.0 22 11 1 4 87%  68 3692 328 29%
c - 31.28  9 15 36 146 43409 1 1170856 18182 2.0 22 11 1 4 87%  68 3692 328 29%
c - 31.75  9 15 36 147 44382 1 1182939 20575 2.0 22 11 1 4 87%  68 3692 328 29%
c u 31.86  9 15 36 147 44382 1 1184657 21055 2.1 22 11 1 4 87%  68 3692 328 29%
c v 31.96 11 15 36 147 44382 1 1184657 19697 2.1 22 11 1 4 87%  68 3692 328 29%
c
c seconds   switched      rate           size/glue  tier1   binary      remaining
c        MB   reductions     conflicts         size   tier2   irredundant
c         level     restarts        redundant     glue   trail      variables
c
c w 32.00 12 15 36 147 44382 1 1184657 19348 2.1 22 11 1 4 87%  68 3692 328 29%
c } 32.26 11 15 37 147 44986 1 1193215 26732 2.1 23 11 1 4 88%  68 3692 328 29%
c [ 32.26 11 14 37 147 44986 1 1193215 26732 1.7 19 11 1 7 89%  68 3692 328 29%
c I 32.26 11 14 37 147 44986 1 1193215 26732 1.7 19 11 1 7 89%  68 3692 328 29%
c - 32.30 11 14 37 148 44987 1 1195063 19717 1.7 19 11 1 7 89%  68 3692 328 29%
c - 32.59 11 14 37 149 44994 1 1207228 18585 1.7 19 11 1 7 89%  68 3692 328 29%
c - 32.87  9 14 37 150 45000 1 1219435 15345 1.7 19 11 1 7 89%  68 3692 328 29%
c - 33.18  9 14 37 151 45005 1 1231683 14422 1.6 19 12 1 7 89%  68 3692 328 29%
c - 33.47 10 14 37 152 45012 1 1243972 13811 1.6 19 12 1 7 90%  68 3692 328 29%
c - 33.80 10 14 37 153 45015 1 1256301 14672 1.6 19 11 1 7 89%  68 3692 328 29%
c - 34.12 10 14 37 154 45016 1 1268671 14857 1.6 18 11 1 7 89%  68 3692 328 29%
c - 34.48  9 14 37 155 45021 1 1281080 14117 1.6 18 11 1 7 90%  68 3692 328 29%
c ] 34.69  9 14 38 155 45023 1 1287492 17192 1.6 18 11 1 7 90%  68 3692 328 29%
c { 34.69  9 15 38 155 45023 1 1287492 17192 2.1 23 11 1 4 88%  68 3692 328 29%
c o 34.83  9 15 38 155 45126 1 1292726 20413 2.1 22 11 1 4 88%  68 3692 328 29%
c - 34.84 10 15 38 156 45159 1 1293529 14757 2.1 22 11 1 4 88%  68 3692 328 29%
c u 35.05 10 15 38 156 45398 1 1302749 20376 2.0 22 11 1 4 88%  68 3692 328 29%
c v 35.10 10 15 38 156 45398 1 1302749 19217 2.0 22 11 1 4 88%  68 3692 328 29%
c w 35.13 11 15 38 156 45398 1 1302749 17230 2.0 22 11 1 4 88%  68 3692 328 29%
c x 35.14 11 15 38 156 45398 1 1302749 17228 2.0 22 11 1 4 88%  68 3675 328 29%
c
c seconds   switched      rate           size/glue  tier1   binary      remaining
c        MB   reductions     conflicts         size   tier2   irredundant
c         level     restarts        redundant     glue   trail      variables
c
c - 35.21 10 15 38 157 45649 1 1306019 14364 2.0 22 11 1 4 88%  68 3675 328 29%
c - 35.48 10 15 38 158 45958 1 1318548 14372 2.0 21 11 1 4 88%  68 3675 328 29%
c - 35.73 10 15 38 159 46640 1 1331118 14865 1.9 20 11 1 4 88%  68 3675 328 29%
c - 35.98 10 14 38 160 47346 1 1343728 14812 1.9 20 11 1 4 89%  68 3675 328 29%
c - 36.25 10 14 38 161 47829 1 1356377 14840 1.8 20 11 1 4 89%  68 3675 328 29%
c - 36.57 10 14 38 162 48266 1 1369066 15125 1.8 19 11 1 4 89%  68 3675 328 29%
c } 36.61  9 14 39 162 48305 1 1370826 16146 1.8 19 11 1 4 89%  68 3675 328 29%
c [ 36.61  9 14 39 162 48305 1 1370826 16146 1.6 18 11 1 7 90%  68 3675 328 29%
c B 36.61  9 14 39 162 48305 1 1370826 16146 1.6 18 11 1 7 90%  68 3675 328 29%
c e 36.61  9 14 39 162 48305 1 1370851 16163 1.6 18 11 1 7 90%  64 3691 326 29%
c s 36.61  9 14 39 162 48305 1 1370851 16163 1.6 18 11 1 7 90%  64 3688 326 29%
c - 36.84 10 14 39 163 48311 1 1381793 15053 1.6 18 11 1 7 90%  64 3688 326 29%
c - 37.16  9 14 39 164 48318 1 1394560 13781 1.6 18 11 1 7 90%  64 3688 326 29%
c - 37.47 10 14 39 165 48322 1 1407366 13324 1.6 18 11 1 7 90%  64 3688 326 29%
c - 37.76 10 13 39 166 48330 1 1420212 13127 1.6 18 11 1 7 89%  64 3688 326 29%
c u 37.94 10 13 39 166 48333 1 1427177 16861 1.6 17 11 1 7 89%  64 3688 326 29%
c v 38.00 10 13 39 166 48333 1 1427177 15073 1.6 17 11 1 7 89%  64 3688 326 29%
c w 38.06 10 13 39 166 48333 1 1427177 10822 1.6 17 11 1 7 89%  64 3688 326 29%
c - 38.19  9 13 39 167 48334 1 1433097 10031 1.6 17 11 1 7 89%  64 3688 326 29%
c ] 38.34  9 13 40 167 48335 1 1440169 13238 1.6 17 11 1 7 89%  64 3688 326 29%
c
c seconds   switched      rate           size/glue  tier1   binary      remaining
c        MB   reductions     conflicts         size   tier2   irredundant
c         level     restarts        redundant     glue   trail      variables
c
c { 38.34  9 14 40 167 48335 1 1440169 13238 1.8 19 11 1 4 89%  64 3688 326 29%
c o 38.40  9 14 40 167 48444 1 1442818 14782 1.8 19 11 1 4 89%  64 3688 326 29%
c - 38.50 10 14 40 168 48856 1 1446019 11932 1.8 19 11 1 4 89%  64 3688 326 29%
c - 38.81 10 14 40 169 48866 1 1458982 14406 1.8 19 10 1 4 89%  64 3688 326 29%
c - 39.20 11 14 40 170 49441 1 1471982 18876 1.9 20 10 1 4 89%  64 3688 326 29%
c - 39.60 12 14 40 171 49441 1 1485021 22792 2.1 21 10 1 4 90%  64 3688 326 29%
c - 40.06 12 14 40 172 50050 1 1498097 24311 2.2 22 10 1 4 89%  64 3688 326 29%
c - 40.56 12 14 40 173 51473 1 1511212 22062 2.2 22 10 1 4 90%  64 3688 326 29%
c - 40.92 12 14 40 174 51701 1 1524365 20141 2.2 22 10 1 4 89%  64 3688 326 29%
c } 41.16 11 14 41 174 52074 1 1531641 24743 2.2 21 10 1 4 90%  64 3688 326 29%
c [ 41.16 11 13 41 174 52074 1 1531641 24743 1.6 17 11 1 7 89%  64 3688 326 29%
c W 41.17 10 13 41 174 52074 1 1531641 24743 1.6 17 11 1 7 89%  64 3688 326 29%
c - 41.31 10 13 41 175 52078 1 1537555 19911 1.6 17 11 1 7 89%  64 3688 326 29%
c - 41.69 10 13 41 176 52086 1 1550783 17631 1.6 17 11 1 7 90%  64 3688 326 29%
c u 41.93 10 14 41 176 52088 1 1557837 21531 1.6 18 11 1 7 90%  64 3688 326 29%
c v 42.06 12 14 41 176 52088 1 1557837 19274 1.6 18 11 1 7 90%  64 3688 326 29%
c w 42.10 13 14 41 176 52088 1 1557837 16669 1.6 18 11 1 7 90%  64 3688 326 29%
c - 42.65  9 14 41 177 52088 1 1564050 13003 1.6 18 11 1 7 90%  64 3688 326 29%
c - 42.92 10 13 41 178 52096 1 1577354 14038 1.6 18 11 1 7 90%  64 3688 326 29%
c - 43.22 10 13 41 179 52103 1 1590695 15157 1.6 17 11 1 7 90%  64 3688 326 29%
c
c seconds   switched      rate           size/glue  tier1   binary      remaining
c        MB   reductions     conflicts         size   tier2   irredundant
c         level     restarts        redundant     glue   trail      variables
c
c - 43.61 10 13 41 180 52104 1 1604074 15354 1.6 17 11 1 7 90%  64 3688 326 29%
c - 43.97 10 13 41 181 52107 1 1617492 16181 1.6 17 11 1 7 91%  64 3688 326 29%
c - 44.30 10 13 41 182 52115 1 1630945 16516 1.6 17 11 1 7 91%  64 3688 326 29%
c ] 44.47 10 13 42 182 52118 1 1637315 19462 1.6 17 10 1 7 91%  64 3688 326 29%
c { 44.47 10 14 42 182 52118 1 1637315 19462 2.2 21 10 1 4 90%  64 3688 326 29%
c - 44.65 10 13 42 183 52250 1 1644435 16756 2.1 21 10 1 4 90%  64 3688 326 29%
c o 44.68 10 13 42 183 52387 1 1645567 17369 2.1 21 10 1 4 90%  64 3688 326 29%
c - 45.17 11 13 42 184 53685 1 1657963 18836 2.1 21 10 1 4 90%  64 3688 326 29%
c - 45.50 11 13 42 185 54093 1 1671528 19735 2.1 20 10 1 4 90%  64 3688 326 29%
c - 45.96 11 13 42 186 56090 1 1685129 20217 2.0 20 10 1 4 90%  64 3688 326 29%
c u 46.43 11 14 42 186 57486 1 1694845 26674 2.0 21 10 1 4 90%  65 3688 326 29%
c v 46.55 12 14 42 186 57486 1 1694845 24702 2.0 21 10 1 4 90%  65 3688 326 29%
c w 46.60 12 14 42 186 57486 1 1694845 22511 2.0 21 10 1 4 90%  65 3688 326 29%
c - 46.75 11 14 42 187 57819 1 1698767 17612 2.0 21 10 1 4 90%  66 3688 326 29%
c - 47.11 11 14 42 188 58201 1 1712442 19460 2.0 20 10 1 4 89%  66 3688 326 29%
c - 47.56 11 14 42 189 59292 1 1726153 20454 2.0 21 10 1 4 89%  66 3688 326 29%
c } 47.91 11 14 43 189 60523 1 1737289 28098 2.0 21 10 1 4 89%  66 3688 326 29%
c [ 47.91 11 13 43 189 60523 1 1737289 28098 1.6 17 10 1 7 91%  66 3688 326 29%
c O 47.91 11 13 43 189 60523 1 1737289 28098 1.6 17 10 1 7 91%  66 3688 326 29%
c - 48.00 11 13 43 190 60525 1 1739902 19988 1.6 17 11 1 7 91%  66 3688 326 29%
c
c seconds   switched      rate           size/glue  tier1   binary      remaining
c        MB   reductions     conflicts         size   tier2   irredundant
c         level     restarts        redundant     glue   trail      variables
c
c - 48.41 11 13 43 191 60532 1 1753688 17413 1.6 17 11 1 7 91%  66 3688 326 29%
c - 48.78  9 13 43 192 60537 1 1767509 15088 1.6 17 11 1 6 91%  66 3688 326 29%
c - 49.15  9 13 43 193 60544 1 1781365 14704 1.6 17 11 1 6 91%  66 3688 326 29%
c - 49.50  9 13 43 194 60552 1 1795257 14459 1.6 18 11 1 6 91%  66 3688 326 29%
c - 49.95  9 13 43 195 60553 1 1809186 14691 1.7 18 11 1 6 91%  66 3688 326 29%
c - 50.33  9 13 43 196 60556 1 1823151 14967 1.7 18 11 1 6 91%  66 3688 326 29%
c - 50.72  9 13 43 197 60565 1 1837152 15169 1.7 18 11 1 6 91%  66 3688 326 29%
c u 50.79  9 13 43 197 60566 1 1838265 14801 1.7 18 11 1 6 91%  66 3688 326 29%
c v 50.87  9 13 43 197 60566 1 1838265 12543 1.7 18 11 1 6 91%  67 3688 326 29%
c w 50.91  9 13 43 197 60566 1 1838265 11700 1.7 18 11 1 6 91%  67 3688 326 29%
c o 50.92  9 13 43 197 60566 1 1838265 11700 1.7 18 11 1 6 91%  67 3688 326 29%
c ] 51.20 10 13 44 197 60568 1 1849615 18128 1.6 18 11 1 6 91%  67 3688 326 29%
c { 51.20 10 14 44 197 60568 1 1849615 18128 2.0 21 10 1 4 89%  67 3688 326 29%
c - 51.24  9 14 44 198 60652 1 1851188 12578 2.0 21 10 1 4 89%  67 3688 326 29%
c - 51.59 11 14 44 199 61390 1 1865260 15586 2.0 21 10 1 4 90%  67 3688 326 29%
c - 52.08 11 14 44 200 62608 1 1879366 18333 2.1 21 10 1 4 89%  67 3688 326 29%
c - 52.60 11 14 44 201 63680 1 1893509 20087 2.1 22 10 1 4 89%  67 3688 326 29%
c - 53.04 12 14 44 202 64291 1 1907686 21178 2.1 21 10 1 4 89%  67 3688 326 29%
c - 53.53 11 14 44 203 65662 1 1921899 21164 2.0 21 10 1 4 89%  67 3688 326 29%
c - 53.94 11 14 44 204 66117 1 1936146 20697 2.0 20 10 1 4 90%  67 3688 326 29%
c
c seconds   switched      rate           size/glue  tier1   binary      remaining
c        MB   reductions     conflicts         size   tier2   irredundant
c         level     restarts        redundant     glue   trail      variables
c
c - 54.36 11 13 44 205 66117 1 1950429 19085 1.9 19 10 1 4 90%  67 3688 326 29%
c } 54.62 11 13 45 205 66524 1 1958447 23468 1.9 19 10 1 4 90%  68 3688 326 29%
c [ 54.62 11 13 45 205 66524 1 1958447 23468 1.6 18 11 1 6 91%  68 3688 326 29%
c B 54.62 11 13 45 205 66524 1 1958447 23468 1.6 18 11 1 6 91%  68 3688 326 29%
c - 54.82 11 13 45 206 66529 1 1964746 19191 1.6 18 11 1 6 91%  68 3688 326 29%
c - 55.20 11 13 45 207 66537 1 1979099 18387 1.6 17 11 1 6 91%  68 3688 326 29%
c u 55.47 12 13 45 207 66538 1 1988089 21905 1.6 17 10 1 6 91%  68 3688 326 29%
c v 55.56 12 13 45 207 66538 1 1988089 19364 1.6 17 10 1 6 91%  68 3688 326 29%
c w 55.59 12 13 45 207 66538 1 1988089 15136 1.6 17 10 1 6 91%  68 3688 326 29%
c x 55.61 12 13 45 207 66538 1 1988089 15125 1.6 17 10 1 6 91%  68 3657 326 29%
c - 55.75  9 13 45 208 66541 1 1993488 13369 1.6 17 10 1 6 91%  69 3657 326 29%
c - 56.09 10 12 45 209 66549 1 2007911 15770 1.6 16 10 1 6 91%  71 3657 326 29%
c i 56.25 10 12 45 209 66552 1 2012957 17637 1.6 16 10 1 6 91%  80 3657 325 29%
c - 56.49  9 12 45 210 66553 1 2022369 11987 1.7 17 10 1 6 91%  69 3657 325 29%
c - 56.80  9 13 45 211 66554 1 2036860 14158 1.7 17 10 1 6 90%  69 3657 325 29%
c s 57.02 10 13 45 211 66559 1 2046604 21970 1.7 18 10 1 6 90%  69 3450 325 29%
c e 57.02  9 13 45 211 66559 1 2046604 21970 1.7 18 10 1 6 90%  67 3543 318 29%
c s 57.02  9 13 45 211 66559 1 2046604 21970 1.7 18 10 1 6 90%  67 3509 318 29%
c e 57.02  9 13 45 211 66559 1 2046604 21970 1.7 18 10 1 6 90%  66 3526 317 29%
c o 57.02  9 13 45 211 66559 1 2046604 20642 1.7 18 10 1 6 90%  66 3526 317 29%
c
c seconds   switched      rate           size/glue  tier1   binary      remaining
c        MB   reductions     conflicts         size   tier2   irredundant
c         level     restarts        redundant     glue   trail      variables
c
c - 57.13  9 13 45 212 66561 1 2051386 14139 1.7 18 10 1 6 90%  66 3526 317 29%
c - 57.44  9 13 45 213 66569 1 2065946 14441 1.7 17 10 1 6 90%  66 3526 317 29%
c - 57.81  9 13 45 214 66575 1 2080540 13833 1.7 17 10 1 6 90%  66 3526 317 29%
c W 57.94  8 13 45 214 66577 1 2085916 18232 1.7 18 10 1 6 90%  66 3526 317 29%
c ] 58.12  9 13 46 214 66582 1 2093479 22899 1.7 18 10 1 6 90%  66 3526 317 29%
c { 58.12  9 13 46 214 66582 1 2093479 22899 1.9 19 10 1 4 90%  66 3526 317 29%
c - 58.18  8 13 46 215 66649 1 2095170 15220 1.9 19 10 1 4 90%  66 3526 317 29%
c - 58.79 10 13 46 216 66653 1 2109832 20385 2.2 21 10 1 4 90%  66 3526 317 29%
c - 59.31 10 13 46 217 67385 1 2124529 23180 2.2 21 10 1 4 91%  66 3526 317 29%
c - 59.79 10 13 46 218 68334 1 2139259 22538 2.2 21 10 1 4 91%  66 3526 317 29%
c u 60.00 10 13 46 218 68334 1 2144634 24136 2.2 21 9 1 4 91%  71 3521 317 29%
c v 60.14 11 13 46 218 68334 1 2144634 22500 2.2 21 9 1 4 91%  71 3521 317 29%
c w 60.20 11 13 46 218 68334 1 2144634 21704 2.2 21 9 1 4 91%  71 3521 317 29%
c t 60.20 11 13 46 218 68334 1 2144634 21704 2.2 21 9 1 4 91%  70 3521 317 29%
c - 60.57 11 13 46 219 68836 1 2154023 20633 2.3 21 9 1 4 91%  70 3521 317 29%
c - 61.11 11 13 46 220 70674 1 2168822 22250 2.3 22 10 1 4 91%  70 3521 317 29%
c - 61.66 11 13 46 221 72330 1 2183655 22049 2.3 22 10 1 4 91%  70 3521 317 29%
c - 62.25 11 13 46 222 73348 1 2198522 23288 2.3 22 10 1 4 91%  70 3521 317 29%
c } 62.74 11 13 47 222 74170 1 2211524 33738 2.3 23 10 1 4 91%  70 3521 317 29%
c [ 62.74 11 13 47 222 74170 1 2211524 33738 1.7 18 10 1 6 90%  70 3521 317 29%
c
c seconds   switched      rate           size/glue  tier1   binary      remaining
c        MB   reductions     conflicts         size   tier2   irredundant
c         level     restarts        redundant     glue   trail      variables
c
c - 62.82 11 13 47 223 74171 1 2213422 24868 1.7 18 10 1 6 91%  70 3521 317 29%
c I 63.02 11 13 47 223 74176 1 2220156 30401 1.8 18 10 1 6 91%  70 3521 317 29%
c - 63.23 11 13 47 224 74180 1 2228356 23188 1.7 18 10 1 6 91%  70 3521 317 29%
c - 63.61 11 13 47 225 74184 1 2243323 18636 1.7 18 10 1 6 91%  70 3521 317 29%
c - 63.98 11 13 47 226 74193 1 2258324 17268 1.7 18 10 1 6 91%  70 3521 317 29%
c - 64.35 11 13 47 227 74199 1 2273357 17165 1.7 18 10 1 6 91%  70 3521 317 29%
c - 64.72 11 13 47 228 74200 1 2288424 17207 1.7 17 10 1 6 91%  70 3521 317 29%
c - 65.09 11 13 47 229 74207 1 2303524 17162 1.7 17 10 1 6 91%  70 3521 317 29%
c u 65.27 11 13 47 229 74210 1 2308720 19159 1.7 17 10 1 6 91%  70 3521 317 29%
c v 65.37 11 13 47 229 74210 1 2308720 16230 1.7 17 10 1 6 91%  70 3521 317 29%
c w 65.48 11 13 47 229 74210 1 2308720 13965 1.7 17 10 1 6 91%  70 3521 317 29%
c o 65.48 11 13 47 229 74210 1 2308720 13965 1.7 17 10 1 6 91%  70 3521 317 29%
c - 65.74  8 13 47 230 74215 1 2318657 12728 1.7 17 10 1 6 91%  70 3521 317 29%
c - 66.10  9 13 47 231 74221 1 2333822 13975 1.7 17 10 1 6 91%  70 3521 317 29%
c - 66.48  9 12 47 232 74229 1 2349021 14555 1.6 17 10 1 6 91%  70 3521 317 29%
c B 66.79  9 12 47 232 74231 1 2361303 20530 1.6 16 10 1 6 91%  70 3521 317 29%
c - 66.86  8 12 47 233 74231 1 2364252 15841 1.6 17 10 1 6 91%  70 3521 317 29%
c - 67.22  8 12 47 234 74232 1 2379517 16335 1.6 16 10 1 6 91%  70 3521 317 29%
c ] 67.35  9 12 48 234 74232 1 2384892 19632 1.6 16 10 1 6 91%  71 3521 317 29%
c { 67.35  9 13 48 234 74232 1 2384892 19632 2.3 23 10 1 4 91%  71 3521 317 29%
c
c seconds   switched      rate           size/glue  tier1   binary      remaining
c        MB   reductions     conflicts         size   tier2   irredundant
c         level     restarts        redundant     glue   trail      variables
c
c - 67.68 10 13 48 235 75696 1 2394814 17939 2.3 22 10 1 4 91%  71 3521 317 29%
c - 68.24 10 13 48 236 76744 1 2410143 20614 2.3 22 10 1 4 91%  72 3521 317 29%
c - 68.73 11 13 48 237 77003 1 2425505 24596 2.4 23 10 1 4 91%  73 3520 317 29%
c - 69.46 11 13 48 238 77441 1 2440899 26597 2.4 22 9 1 4 90%  74 3520 317 29%
c s 69.88 11 13 48 238 78034 1 2449251 33031 2.4 22 9 1 4 90%  75 3501 317 29%
c e 69.88 11 13 48 238 78034 1 2449251 33031 2.4 22 9 1 4 90%  74 3510 316 28%
c s 69.88 11 13 48 238 78034 1 2449251 33031 2.4 22 9 1 4 90%  74 3494 316 28%
c e 69.88 11 13 48 238 78034 1 2449251 33031 2.4 22 9 1 4 90%  72 3512 315 28%
c - 70.17 12 13 48 239 78978 1 2456326 25635 2.3 22 9 1 4 90%  72 3512 315 28%
c i 70.59 12 13 48 239 78988 1 2467538 32864 2.3 21 9 1 4 90%  80 3512 314 28%
c - 70.73 12 13 48 240 79016 1 2471786 24916 2.3 21 9 1 4 90%  71 3512 314 28%
c u 71.00 12 13 48 240 79460 1 2479442 27433 2.2 20 9 1 4 90%  85 3496 314 28%
c v 71.10 12 13 48 240 79460 1 2479442 25491 2.2 20 9 1 4 90%  85 3496 314 28%
c w 71.15 12 13 48 240 79460 1 2479442 22871 2.2 20 9 1 4 90%  85 3496 314 28%
c x 71.17 12 13 48 240 79460 1 2479442 22844 2.2 20 9 1 4 90%  93 3362 314 28%
c t 71.17 12 13 48 240 79460 1 2479442 22844 2.2 20 9 1 4 90%  91 3362 314 28%
c - 71.45 13 12 48 241 79525 1 2487277 21541 2.3 21 9 1 4 90%  91 3362 314 28%
c i 71.68 13 12 48 241 79539 1 2495036 25880 2.3 20 9 1 4 90%  94 3362 313 28%
c - 72.00 13 12 48 242 79989 1 2502802 22729 2.2 20 9 1 4 89%  92 3362 313 28%
c } 72.23 13 12 49 242 80290 1 2512503 27902 2.2 19 9 1 4 90%  94 3362 313 28%
c
c seconds   switched      rate           size/glue  tier1   binary      remaining
c        MB   reductions     conflicts         size   tier2   irredundant
c         level     restarts        redundant     glue   trail      variables
c
c [ 72.23 13 12 49 242 80290 1 2512503 27902 1.6 16 10 1 6 91%  94 3362 313 28%
c W 72.23 13 12 49 242 80290 1 2512503 27902 1.6 16 10 1 6 91%  94 3352 313 28%
c o 72.23 13 12 49 242 80290 1 2512503 27902 1.6 16 10 1 6 91%  94 3352 313 28%
c - 72.37 13 12 49 243 80294 1 2518358 22748 1.6 16 10 1 6 91%  94 3352 313 28%
c - 72.80 13 12 49 244 80303 1 2533947 21807 1.6 16 10 1 6 91%  95 3352 313 28%
c i 72.98 13 12 49 244 80304 1 2540331 24277 1.6 15 10 1 6 91% 102 3352 312 28%
c i 73.18 13 11 49 244 80307 1 2547681 27843 1.6 15 9 1 6 91% 114 3352 305 27%
c - 73.23 11 11 49 245 80308 1 2549568 13281 1.6 15 9 1 6 91% 121 3352 305 27%
c i 73.32 11 11 49 245 80310 1 2553200 14902 1.6 15 9 1 6 91% 131 3351 288 26%
c i 73.34 11 11 49 245 80311 1 2554426 15453 1.6 15 9 1 6 91% 137 3351 269 24%
c i 73.35 11 11 49 245 80311 1 2555008 15708 1.6 15 9 1 6 91% 148 3351 264 24%
c i 73.36 11 11 49 245 80311 1 2555168 15740 1.6 15 9 1 6 91% 156 3351 263 24%
c i 73.36 11 11 49 245 80311 1 2555336 15812 1.6 15 9 1 6 91% 162 3351 244 22%
c i 73.36 11 11 49 245 80311 1 2555410 15821 1.6 15 9 1 6 91% 168 3351 239 21%
c i 73.36 11 11 49 245 80311 1 2555457 15833 1.6 15 9 1 6 91% 173 3351 238 21%
c i 73.36 11 11 49 245 80311 1 2555476 15833 1.6 15 9 1 6 91% 177 3351 231 21%
c i 73.36 11 11 49 245 80311 1 2555515 15846 1.6 15 9 1 6 91% 181 3351 219 20%
c i 73.36 11 11 49 245 80311 1 2555520 15849 1.6 15 9 1 6 91% 182 3351 218 20%
c i 73.36 11 11 49 245 80311 1 2555526 15847 1.6 15 9 1 6 91% 185 3351 195 18%
c i 73.36 11 11 49 245 80311 1 2555527 15847 1.6 15 9 1 6 91% 185 3351 128 12%
c
c seconds   switched      rate           size/glue tier1   binary    remaining
c        MB   reductions     conflicts         size  tier2   irredundant
c         level     restarts        redundant    glue   trail     variables
c
c ] 73.36 11 11 49 245 80311 1 2555529 15847 1.6 15 9 1 6 91% 185 3351  0 0%
c 0 73.36 11 12 49 245 80311 1 2555529 15847 2.2 19 9 1 4 90% 185 3351  0 0%
c
c ---- [ result ] ------------------------------------------------------------
c
s UNSATISFIABLE
c
c ---- [ profiling ] ---------------------------------------------------------
c
c          68.83   93.82 %  search
c          36.26   49.43 %  focused
c          32.57   44.40 %  stable
c           4.51    6.15 %  simplify
c           4.43    6.04 %  probe
c           3.54    4.83 %  vivify
c           0.79    1.08 %  sweep
c           0.44    0.60 %  reduce
c           0.06    0.08 %  substitute
c           0.05    0.07 %  eliminate
c           0.05    0.06 %  walking
c           0.03    0.04 %  factor
c           0.02    0.03 %  preprocess
c           0.01    0.01 %  subsume
c           0.01    0.01 %  congruence
c           0.00    0.01 %  transitive
c           0.00    0.00 %  backbone
c           0.00    0.00 %  lucky
c           0.00    0.00 %  parse
c =============================================
c          73.36  100.00 %  total
c
c ---- [ statistics ] --------------------------------------------------------
c
c conflicts:                          2555529            34833.15 per second
c congruent:                               43                4 %  variables
c decisions:                          3156888                1.24 per conflict
c eliminated:                             785               71 %  variables
c factored:                                61                5 %  variables
c iterations:                              19                2 %  variables
c propagations:                     264023858          3598778    per second
c reductions:                             245            10431    interval
c reordered:                               21           121692    interval
c rephased:                                35            73015    interval
c restarts:                             80311               32    interval
c strengthened:                          1005                0 %  checks
c substituted:                             68                6 %  variables
c subsumed:                               691                0 %  checks
c switched:                                49            52154    interval
c vivified:                            156244               45 %  checks
c walks:                                   12           212961    interval
c
c ---- [ glue usage ] --------------------------------------------------------
c
c focused glue 1 used 16124792 clauses 67.87% accumulated 67.87% tier1
c focused glue 2 used  3890527 clauses 16.38% accumulated 84.25%
c focused glue 3 used  1254090 clauses  5.28% accumulated 89.53%
c focused glue 4 used   615738 clauses  2.59% accumulated 92.12% tier2
c
c stable glue 1   used 14915228 clauses 60.25% accumulated 60.25% tier1
c stable glue 2   used  4028631 clauses 16.27% accumulated 76.53%
c stable glue 3-4 used  2475175 clauses 10.00% accumulated 86.53%
c stable glue 5   used   682563 clauses  2.76% accumulated 89.29%
c stable glue 6   used   515936 clauses  2.08% accumulated 91.37% tier2
c
c ---- [ resources ] ---------------------------------------------------------
c
c maximum-resident-set-size:        225984512 bytes        216 MB
c process-time:                         1m 13s              73.36 seconds
c
c ---- [ shutting down ] -----------------------------------------------------
c
c exit 20
