c ---- [ banner ] ------------------------------------------------------------
c
c Kissat SAT Solver
c 
c Copyright (c) 2021-2024 Armin Biere University of Freiburg
c Copyright (c) 2019-2021 Armin Biere Johannes Kepler University Linz
c 
c Version 4.0.4 8af8e56f174b778aef3aa45af9f739b2a5f492c2
c gcc (GCC) 15.2.1 20260123 (Red Hat 15.2.1-7) -W -Wall -O3 -DNDEBUG
c Thu Apr 23 06:47:51 PM IST 2026 Linux krishnendu-LN 6.19.12-200.fc43.x86_64 x86_64
c
c ---- [ parsing ] -----------------------------------------------------------
c
c opened and reading DIMACS file:
c
c   /home/krishnendu/Research/fv-invariant-mining/data/circuits/cnf/miter_mult_11bit.cnf
c
c parsed 'p cnf 1368 5184' header
c closing input after reading 82324 bytes (80 KB)
c finished parsing after 0.00 seconds
c
c ---- [ options ] -----------------------------------------------------------
c
c --decay=40                       (different from default '50')
c --eliminateeffort=1800           (different from default '100')
c --stable=2                       (different from default '1')
c
c ---- [ solving ] -----------------------------------------------------------
c
c seconds switched rate     size/glue tier1  binary       remaining
c        MB reductions conflicts size  tier2   irredundant
c         level restarts redundant glue  trail       variables
c
c *  0.00  3 0 0 0  0 0   0   0 0.0 0 0 0 0 0% 1797 3385 1365 100%
c (  0.00  3 0 0 0  0 0   0   0 0.0 0 0 0 0 0% 1797 3385 1365 100%
c .  0.00  3 0 0 0  0 0   0   0 0.0 0 0 0 0 0% 1793 3385 1365 100%
c c  0.00  4 0 0 0  0 0   0   0 0.0 0 0 0 0 0% 1876 3383 1312 96%
c d  0.00  4 0 0 0  0 0   0   0 0.0 0 0 0 0 0% 1688 3383 1312 96%
c =  0.02  4 0 0 0  0 0   0   0 0.0 0 0 0 0 0% 1698 3373 1306 96%
c d  0.02  4 0 0 0  0 0   0   0 0.0 0 0 0 0 0% 1684 3373 1306 96%
c f  0.02  4 0 0 0  0 0   0   0 0.0 0 0 0 0 0% 1653 3352 1334 98%
c )  0.02  4 0 0 0  0 0   0   0 0.0 0 0 0 0 0% 1653 3352 1334 98%
c [  0.02  4 0 0 0  0 0   0   0 0.0 0 0 2 6 0% 1653 3352 1334 98%
c -  0.06  4 20 0 1  0 1 1000 770 3.3 31 10 5 12 89% 1660 3352 1334 98%
c B  0.06  4 20 0 1  0 1 1001 771 3.3 31 10 5 12 89% 1660 3352 1334 98%
c -  0.10  5 18 0 2  1 1 2000 1314 2.6 29 11 4 13 86% 1660 3352 1334 98%
c W  0.10  4 18 0 2  1 1 2002 1315 2.6 29 11 4 13 86% 1660 3352 1334 98%
c u  0.15  5 17 0 2  2 1 3262 2087 2.3 27 12 3 13 85% 1667 3352 1334 98%
c v  0.15  5 17 0 2  2 1 3262 1973 2.3 27 12 3 13 85% 1667 3352 1334 98%
c w  0.16  5 17 0 2  2 1 3262 1915 2.3 27 12 3 13 85% 1667 3352 1334 98%
c x  0.16  5 17 0 2  2 1 3262 1915 2.3 27 12 3 13 85% 1684 3300 1334 98%
c =  0.18  5 17 0 2  2 1 3262 1915 2.3 27 12 3 13 85% 1708 3296 1322 97%
c d  0.18  5 17 0 2  2 1 3262 1915 2.3 27 12 3 13 85% 1671 3296 1322 97%
c
c seconds  switched rate       size/glue  tier1     binary       remaining
c        MB reductions conflicts     size   tier2     irredundant
c         level restarts  redundant     glue    trail       variables
c
c t  0.18  5 17 0 2  2 1 3262 1915 2.3 27 12 3 13 85% 1663 3296 1322 97%
c f  0.18  5 17 0 2  2 1 3262 1915 2.3 27 12 3 13 85% 1661 3296 1324 97%
c u  0.18  5 17 0 2  2 1 3262 1908 2.3 27 12 3 13 85% 1661 3296 1324 97%
c v  0.18  5 17 0 2  2 1 3262 1873 2.3 27 12 3 13 85% 1661 3296 1324 97%
c w  0.19  5 17 0 2  2 1 3262 1805 2.3 27 12 3 13 85% 1661 3296 1324 97%
c x  0.19  5 17 0 2  2 1 3262 1805 2.3 27 12 3 13 85% 1662 3293 1324 97%
c =  0.21  5 17 0 2  2 1 3262 1805 2.3 27 12 3 13 85% 1686 3293 1312 96%
c d  0.21  5 17 0 2  2 1 3262 1805 2.3 27 12 3 13 85% 1650 3293 1312 96%
c -  0.21  5 17 0 3  2 1 3414 1496 2.4 28 12 3 13 86% 1650 3293 1312 96%
c I  0.24  5 17 0 3  3 1 4261 2121 2.3 27 12 3 13 84% 1652 3293 1312 96%
c -  0.26  6 18 0 4  3 1 5147 2220 2.2 27 12 4 13 85% 1654 3293 1312 96%
c -  0.30  6 18 0 5  5 1 7147 3071 2.2 26 12 4 14 86% 1657 3293 1312 96%
c B  0.32  6 18 0 5  5 1 8035 3885 2.1 26 12 4 14 86% 1657 3293 1312 96%
c -  0.36  6 18 0 6  6 1 9383 3913 2.1 26 12 4 14 86% 1658 3293 1312 96%
c u  0.37  5 18 0 6  6 1 10057 4398 2.1 26 13 4 14 86% 1666 3293 1312 96%
c v  0.38  5 18 0 6  6 1 10057 4212 2.1 26 13 4 14 86% 1666 3293 1312 96%
c w  0.39  5 18 0 6  6 1 10057 4179 2.1 26 13 4 14 86% 1666 3293 1312 96%
c t  0.41  5 18 0 6  6 1 10057 4179 2.1 26 13 4 14 86% 1663 3293 1312 96%
c o  0.41  5 18 0 6  6 1 10057 4179 2.1 26 13 4 14 86% 1663 3293 1312 96%
c -  0.44  6 18 0 7  6 1 11833 4187 2.1 26 13 4 14 87% 1664 3293 1312 96%
c
c seconds  switched rate        size/glue  tier1     binary       remaining
c        MB reductions conflicts      size   tier2     irredundant
c         level restarts   redundant     glue    trail       variables
c
c W  0.49  6 18 0 7  8 1 13565 5285 2.0 26 13 4 14 88% 1664 3293 1312 96%
c -  0.51  6 18 0 8  9 1 14479 4247 2.0 26 13 5 14 88% 1666 3293 1312 96%
c s  0.55  6 18 0 8  9 1 16300 5670 2.0 25 13 5 14 88% 1668 3286 1312 96%
c e  0.55  6 18 0 8  9 1 16300 5670 2.0 25 13 5 14 88% 459 3990 804 59%
c s  0.56  6 18 0 8  9 1 16300 5670 2.0 25 13 5 14 88% 466 3897 804 59%
c e  0.56  6 18 0 8  9 1 16300 5670 2.0 25 13 5 14 88% 444 3915 793 58%
c ^  0.56  6 18 0 8  9 1 16300 5670 2.0 25 13 5 14 88% 444 3915 793 58%
c -  0.57  6 18 0 9 10 1 17307 2031 1.9 25 13 4 14 88% 444 3915 793 58%
c -  0.64  6 18 0 10 12 1 20308 3210 1.9 25 13 4 14 88% 444 3915 793 58%
c u  0.64  6 18 0 10 13 1 20606 3343 1.9 25 13 4 14 88% 445 3915 793 58%
c v  0.65  6 18 0 10 13 1 20606 3165 1.9 25 13 4 14 88% 445 3915 793 58%
c w  0.66  7 18 0 10 13 1 20606 2765 1.9 25 13 4 14 88% 445 3915 793 58%
c x  0.66  6 18 0 10 13 1 20606 2765 1.9 25 13 4 14 88% 449 3747 793 58%
c t  0.66  6 18 0 10 13 1 20606 2765 1.9 25 13 4 14 88% 444 3747 793 58%
c f  0.66  6 18 0 10 13 1 20606 2765 1.9 25 13 4 14 88% 480 3667 814 60%
c u  0.66  6 18 0 10 13 1 20606 2756 1.9 25 13 4 14 88% 480 3667 814 60%
c v  0.66  6 18 0 10 13 1 20606 2708 1.9 25 13 4 14 88% 480 3667 814 60%
c w  0.67  6 18 0 10 13 1 20606 2519 1.9 25 13 4 14 88% 480 3667 814 60%
c x  0.68  6 18 0 10 13 1 20606 2519 1.9 25 13 4 14 88% 480 3666 814 60%
c o  0.69  6 18 0 10 13 1 20606 2519 1.9 25 13 4 14 88% 480 3666 814 60%
c
c seconds  switched  rate        size/glue  tier1    binary      remaining
c        MB  reductions conflicts      size   tier2    irredundant
c         level  restarts   redundant     glue    trail      variables
c
c O  0.70  6 18 0 10 13 1 21093 2871 1.9 25 13 4 14 88% 481 3666 814 60%
c -  0.76  6 18 0 11 13 1 23470 3398 1.9 25 13 4 14 88% 482 3666 814 60%
c -  0.85  6 18 0 12 14 1 26787 4250 1.9 25 13 3 14 88% 482 3666 814 60%
c -  0.95  7 18 0 13 14 1 30251 4549 1.9 24 13 3 13 88% 483 3666 814 60%
c B  0.96  7 18 0 13 14 1 30854 4941 1.9 24 13 3 13 88% 483 3666 814 60%
c e  1.01  7 18 0 13 15 1 32960 6507 1.8 24 13 3 13 88% 385 3846 719 53%
c s  1.01  7 18 0 13 15 1 32960 6507 1.8 24 13 3 13 88% 389 3809 719 53%
c e  1.01  7 18 0 13 15 1 32960 6507 1.8 24 13 3 13 88% 383 3819 715 52%
c ^  1.01  7 18 0 13 15 1 32960 6507 1.8 24 13 3 13 88% 383 3819 715 52%
c -  1.03  7 18 0 14 15 1 33857 3117 1.8 24 13 3 13 88% 383 3819 715 52%
c u  1.07  6 18 0 14 17 1 35553 4433 1.8 24 13 3 13 88% 383 3819 715 52%
c v  1.08  6 18 0 14 17 1 35553 4149 1.8 24 13 3 13 88% 383 3819 715 52%
c w  1.10  6 18 0 14 17 1 35553 3861 1.8 24 13 3 13 88% 383 3819 715 52%
c t  1.10  6 18 0 14 17 1 35553 3861 1.8 24 13 3 13 88% 380 3819 715 52%
c f  1.10  6 18 0 14 17 1 35553 3861 1.8 24 13 3 13 88% 398 3780 722 53%
c u  1.10  6 18 0 14 17 1 35553 3848 1.8 24 13 3 13 88% 398 3780 722 53%
c v  1.11  6 18 0 14 17 1 35553 3774 1.8 24 13 3 13 88% 398 3780 722 53%
c w  1.12  7 18 0 14 17 1 35553 3579 1.8 24 13 3 13 88% 398 3780 722 53%
c x  1.13  6 18 0 14 17 1 35553 3578 1.8 24 13 3 13 88% 402 3735 722 53%
c t  1.13  6 18 0 14 17 1 35553 3578 1.8 24 13 3 13 88% 401 3735 722 53%
c
c seconds  switched  rate        size/glue  tier1    binary      remaining
c        MB  reductions conflicts      size   tier2    irredundant
c         level  restarts   redundant     glue    trail      variables
c
c -  1.17  6 18 0 15 18 1 37598 3632 1.8 24 13 3 13 88% 401 3735 722 53%
c -  1.30  7 18 0 16 21 1 41470 4693 1.8 24 13 3 13 88% 402 3735 722 53%
c W  1.34  6 18 0 16 21 1 43078 6051 1.8 24 13 3 13 87% 403 3735 722 53%
c o  1.34  6 18 0 16 21 1 43078 6051 1.8 24 13 3 13 87% 403 3735 722 53%
c -  1.41  6 18 0 17 22 1 45470 5456 1.8 24 14 3 13 88% 403 3735 722 53%
c -  1.52  6 18 0 18 25 1 49593 4971 1.7 24 14 3 13 88% 403 3735 722 53%
c -  1.62  6 18 0 19 28 1 53835 5073 1.7 24 14 3 13 88% 403 3735 722 53%
c u  1.65  6 18 0 19 28 1 54807 5482 1.7 24 14 3 13 89% 403 3735 722 53%
c v  1.66  6 18 0 19 28 1 54807 5063 1.7 24 14 3 13 89% 403 3735 722 53%
c w  1.67  7 18 0 19 28 1 54807 5003 1.7 24 14 3 13 89% 403 3735 722 53%
c x  1.67  7 18 0 19 28 1 54807 5002 1.7 24 14 3 13 89% 403 3732 722 53%
c I  1.80  6 18 0 19 29 1 57983 6935 1.7 24 14 3 13 89% 403 3732 722 53%
c -  1.80  7 18 0 20 29 1 58194 4979 1.7 24 14 3 13 89% 403 3732 722 53%
c -  1.88  7 18 0 21 29 1 62666 5659 1.7 24 14 3 13 89% 404 3732 722 53%
c -  1.96  7 18 0 22 30 1 67249 5622 1.7 24 14 3 13 89% 404 3732 722 53%
c e  2.00  7 18 0 22 30 1 69289 7019 1.7 24 14 3 13 89% 272 4003 649 47%
c s  2.00  7 18 0 22 30 1 69289 7019 1.7 24 14 3 13 89% 272 3970 649 47%
c ^  2.00  7 18 0 22 30 1 69289 7019 1.7 24 14 3 13 89% 272 3970 649 47%
c -  2.04  6 18 0 23 30 1 71939 4033 1.7 23 14 3 13 88% 272 3970 649 47%
c B  2.10  6 18 0 23 30 1 75785 6660 1.7 23 14 3 13 88% 272 3970 649 47%
c
c seconds  switched  rate        size/glue  tier1    binary      remaining
c        MB  reductions conflicts      size   tier2    irredundant
c         level  restarts   redundant     glue    trail      variables
c
c o  2.10  6 18 0 23 30 1 75785 6660 1.7 23 14 3 13 88% 272 3970 649 47%
c -  2.13  6 18 0 24 30 1 76734 5369 1.7 23 14 3 13 88% 272 3970 649 47%
c u  2.16  6 17 0 24 30 1 78497 6328 1.7 23 14 3 13 88% 272 3970 649 47%
c v  2.17  7 17 0 24 30 1 78497 5970 1.7 23 14 3 13 88% 272 3970 649 47%
c w  2.19  7 17 0 24 30 1 78497 4990 1.7 23 14 3 13 88% 272 3970 649 47%
c t  2.19  7 17 0 24 30 1 78497 4990 1.7 23 14 3 13 88% 271 3970 649 47%
c f  2.19  6 17 0 24 30 1 78497 4990 1.7 23 14 3 13 88% 280 3929 654 48%
c u  2.19  6 17 0 24 30 1 78497 4967 1.7 23 14 3 13 88% 280 3929 654 48%
c v  2.20  6 17 0 24 30 1 78497 4853 1.7 23 14 3 13 88% 280 3929 654 48%
c w  2.21  7 17 0 24 30 1 78497 4787 1.7 23 14 3 13 88% 280 3929 654 48%
c x  2.22  7 17 0 24 30 1 78497 4785 1.7 23 14 3 13 88% 280 3895 654 48%
c -  2.28  6 17 0 25 30 1 81632 4766 1.7 23 14 3 13 89% 280 3895 654 48%
c -  2.40  7 17 0 26 34 1 86633 5448 1.7 23 14 3 13 89% 280 3895 654 48%
c -  2.54  7 17 0 27 37 1 91733 6137 1.7 23 14 3 13 89% 280 3895 654 48%
c W  2.67  6 17 0 27 39 1 96696 8927 1.7 23 14 3 13 89% 280 3895 654 48%
c -  2.67  6 17 0 28 40 1 96929 6416 1.7 23 14 3 13 89% 280 3895 654 48%
c -  2.80  6 17 0 29 43 1 102220 6351 1.6 23 14 3 13 89% 280 3895 654 48%
c u  2.91  6 17 0 29 44 1 106747 9170 1.6 23 14 3 13 89% 280 3895 654 48%
c v  2.93  7 17 0 29 44 1 106747 8760 1.6 23 14 3 13 89% 280 3895 654 48%
c w  2.94  8 17 0 29 44 1 106747 8735 1.6 23 14 3 13 89% 280 3895 654 48%
c
c seconds  switched  rate         size/glue  tier1    binary      remaining
c        MB  reductions conflicts       size   tier2    irredundant
c         level  restarts    redundant     glue    trail      variables
c
c x  2.94  8 17 0 29 44 1 106747 8735 1.6 23 14 3 13 89% 280 3894 654 48%
c -  2.97  7 17 0 30 45 1 107605 5877 1.6 23 14 3 13 89% 280 3894 654 48%
c -  3.10  7 17 0 31 45 1 113082 6553 1.6 23 14 3 13 89% 280 3894 654 48%
c -  3.26  7 17 0 32 48 1 118649 5845 1.6 23 14 3 12 89% 280 3894 654 48%
c O  3.33  7 17 0 32 50 1 120921 7092 1.6 23 14 3 12 89% 280 3894 654 48%
c o  3.33  7 17 0 32 50 1 120921 7092 1.6 23 14 3 12 89% 280 3894 654 48%
c -  3.44  7 17 0 33 52 1 124306 5916 1.6 22 14 3 12 89% 280 3894 654 48%
c e  3.55  7 17 0 33 52 1 127717 7426 1.6 22 14 3 12 89% 207 4171 593 43%
c s  3.55  7 17 0 33 52 1 127717 7426 1.6 22 14 3 12 89% 207 4107 593 43%
c e  3.55  7 17 0 33 52 1 127717 7426 1.6 22 14 3 12 89% 204 4114 590 43%
c ^  3.55  7 17 0 33 52 1 127717 7426 1.6 22 14 3 12 89% 204 4114 590 43%
c -  3.62  6 17 0 34 55 1 130050 4609 1.6 22 14 3 12 89% 204 4114 590 43%
c -  3.78  7 17 0 35 58 1 135881 5233 1.6 23 14 3 12 89% 204 4114 590 43%
c u  3.89  7 17 0 35 59 1 139762 6957 1.6 23 14 3 12 89% 204 4114 590 43%
c v  3.92  7 17 0 35 59 1 139762 6334 1.6 23 14 3 12 89% 204 4114 590 43%
c w  3.95  7 17 0 35 59 1 139762 5150 1.6 23 14 3 12 89% 204 4114 590 43%
c =  4.05  7 17 0 35 59 1 139762 5150 1.6 23 14 3 12 89% 208 4108 588 43%
c d  4.05  7 17 0 35 59 1 139762 5147 1.6 23 14 3 12 89% 203 4108 588 43%
c u  4.06  7 17 0 35 59 1 139762 5087 1.6 23 14 3 12 89% 203 4108 588 43%
c v  4.07  7 17 0 35 59 1 139762 4844 1.6 23 14 3 12 89% 203 4108 588 43%
c
c seconds  switched  rate         size/glue  tier1    binary      remaining
c        MB  reductions conflicts       size   tier2    irredundant
c         level  restarts    redundant     glue    trail      variables
c
c w  4.09  7 17 0 35 59 1 139762 4562 1.6 23 14 3 12 89% 203 4108 588 43%
c x  4.10  6 17 0 35 59 1 139762 4558 1.6 23 14 3 12 89% 204 4033 588 43%
c -  4.16  6 17 0 36 60 1 141797 3866 1.6 22 14 3 12 89% 204 4033 588 43%
c -  4.31  6 17 0 37 60 1 147799 5008 1.6 22 14 3 12 89% 204 4033 588 43%
c B  4.33  6 17 0 37 61 1 148661 5373 1.6 22 14 3 12 89% 204 4033 588 43%
c -  4.47  7 17 0 38 61 1 153882 6172 1.6 22 14 3 12 89% 204 4033 588 43%
c -  4.64  7 17 0 39 61 1 160046 6674 1.6 22 14 3 12 89% 204 4033 588 43%
c -  4.81  7 17 0 40 62 1 166290 6910 1.6 22 14 3 11 88% 204 4033 588 43%
c -  4.99  7 17 0 41 62 1 172614 7027 1.6 22 14 3 11 89% 204 4033 588 43%
c u  5.14  7 17 0 41 62 1 177551 8909 1.6 21 14 3 11 89% 204 4033 588 43%
c v  5.17  7 17 0 41 62 1 177551 8422 1.6 21 14 3 11 89% 204 4033 588 43%
c w  5.18  8 17 0 41 62 1 177551 6872 1.6 21 14 3 11 89% 204 4033 588 43%
c x  5.19  6 17 0 41 62 1 177551 6871 1.6 21 14 3 11 89% 205 4025 588 43%
c o  5.31  6 17 0 41 62 1 177551 6871 1.6 21 14 3 11 89% 205 4025 588 43%
c -  5.35  7 17 0 42 62 1 179018 5486 1.6 21 14 3 11 89% 205 4025 588 43%
c W  5.38  6 17 0 42 62 1 180112 6295 1.6 21 14 3 11 89% 205 4025 588 43%
c -  5.52  6 17 0 43 62 1 185498 6319 1.6 21 14 3 11 89% 205 4025 588 43%
c -  5.71  6 17 0 44 62 1 192056 6329 1.6 22 14 3 11 89% 205 4025 588 43%
c -  5.90  7 17 0 45 64 1 198689 6637 1.6 22 14 3 11 88% 206 4025 588 43%
c -  6.08  7 17 0 46 68 1 205397 7160 1.6 22 14 3 11 88% 207 4025 588 43%
c
c seconds  switched  rate         size/glue  tier1    binary      remaining
c        MB  reductions conflicts       size   tier2    irredundant
c         level  restarts    redundant     glue    trail      variables
c
c s  6.23  7 17 0 46 70 1 210505 9675 1.6 22 14 3 11 88% 209 4022 588 43%
c e  6.23  7 17 0 46 70 1 210505 9675 1.6 22 14 3 11 88% 136 4597 507 37%
c s  6.23  7 17 0 46 70 1 210505 9675 1.6 22 14 3 11 88% 136 4452 507 37%
c e  6.24  7 17 0 46 70 1 210505 9675 1.6 22 14 3 11 88% 132 4480 503 37%
c ^  6.24  7 17 0 46 70 1 210505 9675 1.6 22 14 3 11 88% 132 4480 503 37%
c -  6.29  6 17 0 47 72 1 212180 4391 1.6 22 14 3 10 88% 132 4480 503 37%
c I  6.37  6 17 0 47 74 1 215464 5944 1.6 22 14 3 10 88% 133 4480 503 37%
c -  6.42  7 17 0 48 76 1 219035 5830 1.6 22 14 3 10 88% 133 4480 503 37%
c u  6.45  6 17 0 48 76 1 220337 6478 1.6 22 14 3 10 88% 133 4480 503 37%
c v  6.47  6 17 0 48 76 1 220337 5834 1.6 22 14 3 10 88% 133 4480 503 37%
c w  6.50  7 17 0 48 76 1 220337 5056 1.6 22 14 3 10 88% 133 4480 503 37%
c t  6.50  7 17 0 48 76 1 220337 5056 1.6 22 14 3 10 88% 132 4480 503 37%
c -  6.59  7 17 0 49 77 1 225965 5942 1.6 22 14 3 11 88% 132 4480 503 37%
c -  6.71  7 17 0 50 80 1 232965 6621 1.6 22 14 3 11 88% 132 4480 503 37%
c -  6.85  7 17 0 51 84 1 240036 7113 1.6 22 14 3 11 88% 132 4480 503 37%
c -  6.99  7 17 0 52 88 1 247178 7627 1.6 22 14 3 11 88% 132 4480 503 37%
c -  7.14  7 17 0 53 91 1 254392 7632 1.6 22 14 3 11 88% 132 4480 503 37%
c B  7.16  7 17 0 53 91 1 254904 7999 1.6 22 14 3 11 88% 132 4480 503 37%
c o  7.16  7 17 0 53 91 1 254904 7999 1.6 22 14 3 11 88% 132 4480 503 37%
c -  7.31  7 17 0 54 92 1 261672 8344 1.6 22 14 3 11 88% 132 4480 503 37%
c
c seconds  switched  rate          size/glue  tier1    binary      remaining
c        MB  reductions conflicts        size   tier2    irredundant
c         level  restarts     redundant     glue    trail      variables
c
c u  7.46  8 17 0 54 93 1 267594 11382 1.6 22 14 3 11 88% 132 4480 503 37%
c v  7.48  8 17 0 54 93 1 267594 10971 1.6 22 14 3 11 88% 132 4480 503 37%
c w  7.49  8 17 0 54 93 1 267594 10956 1.6 22 14 3 11 88% 132 4480 503 37%
c x  7.51  7 17 0 54 93 1 267594 10955 1.6 22 14 3 11 88% 133 4338 503 37%
c t  7.51  7 17 0 54 93 1 267594 10955 1.6 22 14 3 11 88% 132 4338 503 37%
c -  7.55  7 17 0 55 93 1 269023 7205 1.6 22 14 3 11 88% 132 4338 503 37%
c -  7.74  7 17 0 56 93 1 276439 7507 1.6 22 14 3 11 88% 132 4338 503 37%
c -  7.92  7 17 0 57 96 1 283922 7945 1.6 22 14 3 11 88% 132 4338 503 37%
c -  8.15  7 17 0 58 100 1 291471 7478 1.6 22 14 3 10 89% 132 4338 503 37%
c W  8.36  6 17 0 58 106 1 298616 11451 1.6 22 14 3 10 89% 132 4338 503 37%
c -  8.37  6 17 0 59 106 1 299088 7904 1.6 22 14 3 10 89% 132 4338 503 37%
c -  8.59  7 17 0 60 108 1 306771 8512 1.6 22 13 3 10 89% 132 4338 503 37%
c -  8.81  7 16 0 61 110 1 314517 8669 1.6 22 13 2 10 88% 132 4338 503 37%
c s  8.94  7 16 0 61 113 1 318949 10753 1.6 21 13 2 10 89% 132 4335 503 37%
c e  8.95  7 16 0 61 113 1 318949 10753 1.6 21 13 2 10 89%  93 5244 431 32%
c s  8.95  7 16 0 61 113 1 318949 10753 1.6 21 13 2 10 89%  94 5016 431 32%
c e  8.95  7 16 0 61 113 1 318949 10753 1.6 21 13 2 10 89%  88 5096 424 31%
c !  8.95  7 16 0 61 113 1 318949 10753 1.6 21 13 2 10 89%  88 5096 424 31%
c u  8.98  7 16 0 61 114 1 320228 3896 1.6 21 13 2 10 89%  88 5096 424 31%
c v  8.99  7 16 0 61 114 1 320228 3523 1.6 21 13 2 10 89%  88 5096 424 31%
c
c seconds  switched   rate         size/glue  tier1    binary      remaining
c        MB  reductions conflicts        size   tier2    irredundant
c         level  restarts     redundant     glue    trail      variables
c
c w  9.01  8 16 0 61 114 1 320228 2611 1.6 21 13 2 10 89%  88 5096 424 31%
c x  9.01  7 16 0 61 114 1 320228 2609 1.6 21 13 2 10 89%  90 4923 424 31%
c t  9.15  7 16 0 61 114 1 320228 2609 1.6 21 13 2 10 89%  89 4923 424 31%
c -  9.20  6 16 0 62 115 1 322328 2655 1.6 21 13 2 10 89%  89 4923 424 31%
c -  9.37  6 16 0 63 119 1 330202 4613 1.6 21 13 2 10 89%  89 4923 424 31%
c -  9.56  7 16 0 64 123 1 338140 5525 1.6 21 13 2 10 89%  89 4923 424 31%
c -  9.75  7 16 0 65 124 1 346140 5750 1.6 21 13 2 10 89%  89 4923 424 31%
c O  9.76  7 16 0 65 124 1 346777 6099 1.6 21 13 2 10 89%  89 4923 424 31%
c o  9.76  7 16 0 65 124 1 346777 6099 1.6 21 13 2 10 89%  89 4923 424 31%
c -  9.96  7 16 0 66 124 1 354203 6083 1.6 21 13 2 10 89%  89 4923 424 31%
c - 10.16  7 16 0 67 124 1 362327 6599 1.6 22 13 2 10 90%  89 4923 424 31%
c - 10.35  7 16 0 68 125 1 370512 7362 1.6 22 13 2 10 90%  89 4923 424 31%
c u 10.54  7 16 0 68 125 1 377106 9416 1.6 21 13 2 10 90%  89 4923 424 31%
c v 10.58  8 16 0 68 125 1 377106 8772 1.6 21 13 2 10 90%  89 4923 424 31%
c w 10.59  8 16 0 68 125 1 377106 7725 1.6 21 13 2 10 90%  89 4923 424 31%
c x 10.60  8 16 0 68 125 1 377106 7723 1.6 21 13 2 10 90%  89 4908 424 31%
c - 10.66  7 16 0 69 125 1 378759 6231 1.6 21 13 2 10 90%  89 4908 424 31%
c - 10.87  7 16 0 70 125 1 387065 6930 1.6 21 13 2 10 90%  89 4908 424 31%
c - 11.08  7 16 0 71 126 1 395432 7395 1.6 21 13 2 10 90%  89 4908 424 31%
c B 11.19  7 16 0 71 126 1 399564 9257 1.6 21 13 2 10 90%  89 4908 424 31%
c
c seconds  switched   rate         size/glue  tier1    binary      remaining
c        MB  reductions conflicts        size   tier2    irredundant
c         level  restarts     redundant     glue    trail      variables
c
c - 11.28  7 16 0 72 126 1 403858 7554 1.6 21 13 2 10 90%  89 4908 424 31%
c - 11.49  7 16 0 73 126 1 412343 7805 1.6 21 13 2 10 90%  89 4908 424 31%
c - 11.72  7 16 0 74 126 1 420889 7482 1.6 21 13 2 9 90%  89 4908 424 31%
c - 11.94  7 16 0 75 126 1 429492 7866 1.6 21 13 2 9 90%  89 4908 424 31%
c - 12.16  7 16 0 76 126 1 438152 8088 1.6 21 13 2 9 90%  89 4908 424 31%
c u 12.20  8 16 0 76 126 1 439262 8071 1.6 21 13 2 9 90%  89 4908 424 31%
c v 12.24  8 16 0 76 126 1 439262 6915 1.6 21 13 2 9 90%  89 4908 424 31%
c w 12.28  8 16 0 76 126 1 439262 6356 1.6 21 13 2 9 90%  89 4908 424 31%
c o 12.29  8 16 0 76 126 1 439262 6356 1.6 21 13 2 9 90%  89 4908 424 31%
c - 12.47  7 16 0 77 126 1 446869 6585 1.6 21 13 2 9 90%  89 4908 424 31%
c s 12.61  7 16 0 77 126 1 453481 10199 1.6 21 13 2 9 90%  89 4907 424 31%
c e 12.62  7 16 0 77 126 1 453481 10199 1.6 21 13 2 9 90%  89 4919 423 31%
c s 12.62  7 16 0 77 126 1 453481 10199 1.6 21 13 2 9 90%  89 4917 423 31%
c e 12.62  7 16 0 77 126 1 453481 10199 1.6 21 13 2 9 90%  88 4932 422 31%
c - 12.67  7 16 0 78 126 1 455643 7269 1.6 21 13 2 9 90%  88 4932 422 31%
c W 12.70  7 16 0 78 126 1 457148 8106 1.6 21 13 2 9 90%  88 4932 422 31%
c - 12.90  7 16 0 79 129 1 464474 7652 1.6 21 13 2 9 91%  88 4932 422 31%
c - 13.09  8 16 0 80 133 1 473363 7979 1.6 21 13 2 9 90%  88 4932 422 31%
c - 13.33  8 16 0 81 140 1 482308 7979 1.6 21 13 2 9 91%  88 4932 422 31%
c - 13.58  7 16 0 82 141 1 491309 8295 1.6 20 13 2 9 91%  88 4932 422 31%
c
c seconds  switched   rate         size/glue  tier1   binary      remaining
c        MB  reductions conflicts        size   tier2   irredundant
c         level  restarts     redundant     glue   trail      variables
c
c - 13.85  7 16 0 83 147 1 500364 8084 1.6 20 13 2 9 91%  88 4932 422 31%
c u 14.02  8 16 0 83 149 1 506765 11217 1.6 20 13 2 9 91%  88 4932 422 31%
c v 14.06  8 16 0 83 149 1 506765 10266 1.6 20 13 2 9 91%  88 4932 422 31%
c w 14.08  8 16 0 83 149 1 506765 9237 1.6 20 13 2 9 91%  88 4932 422 31%
c x 14.09  8 16 0 83 149 1 506765 9236 1.6 20 13 2 9 91%  88 4905 422 31%
c - 14.16  7 16 0 84 151 1 509475 6575 1.6 20 13 2 9 91%  88 4905 422 31%
c - 14.37  7 16 0 85 156 1 518641 7050 1.6 20 13 2 9 91%  88 4905 422 31%
c I 14.39  7 16 0 85 156 1 519698 7624 1.6 20 13 2 9 91%  88 4905 422 31%
c - 14.54  7 16 0 86 157 1 527861 7158 1.6 20 13 2 9 91%  88 4905 422 31%
c - 14.71  8 16 0 87 157 1 537136 7058 1.6 20 13 2 9 91%  88 4905 422 31%
c - 14.88  7 16 0 88 160 1 546464 7290 1.6 20 13 2 9 91%  88 4905 422 31%
c - 15.06  7 16 0 89 165 1 555846 7338 1.5 20 13 2 9 91%  88 4905 422 31%
c - 15.27  7 16 0 90 171 1 565279 7697 1.5 20 13 2 9 91%  88 4905 422 31%
c - 15.45  7 16 0 91 172 1 574765 8048 1.5 20 13 2 9 91%  88 4905 422 31%
c u 15.56  7 16 0 91 175 1 579691 10482 1.5 20 13 2 9 91%  89 4905 422 31%
c v 15.60  8 16 0 91 175 1 579691 9404 1.5 20 13 2 9 91%  89 4905 422 31%
c w 15.64  8 16 0 91 175 1 579691 7795 1.5 20 13 2 9 91%  89 4905 422 31%
c = 15.79  9 16 0 91 175 1 579691 7795 1.5 20 13 2 9 91%  89 4901 421 31%
c u 15.80  9 16 0 91 175 1 579691 7646 1.5 20 13 2 9 91%  89 4901 421 31%
c v 15.83  9 16 0 91 175 1 579691 7214 1.5 20 13 2 9 91%  89 4901 421 31%
c
c seconds  switched   rate         size/glue  tier1   binary      remaining
c        MB  reductions conflicts        size   tier2   irredundant
c         level  restarts     redundant     glue   trail      variables
c
c w 15.88  9 16 0 91 175 1 579691 6615 1.5 20 13 2 9 91%  89 4901 421 31%
c o 15.88  9 16 0 91 175 1 579691 6615 1.5 20 13 2 9 91%  89 4901 421 31%
c - 15.95  8 16 0 92 178 1 584305 5844 1.5 20 13 2 9 91%  89 4901 421 31%
c B 16.00  8 16 0 92 179 1 587380 7996 1.5 20 13 2 9 91%  89 4901 421 31%
c - 16.16  8 16 0 93 184 1 593897 7173 1.5 20 13 2 9 91%  89 4901 421 31%
c - 16.39  8 16 0 94 187 1 603541 8260 1.5 20 13 2 9 91%  89 4901 421 31%
c - 16.61  8 16 0 95 188 1 613237 8828 1.5 20 13 2 9 90%  89 4901 421 31%
c s 16.74  8 16 0 95 188 1 618826 12590 1.6 20 13 2 9 90%  89 4896 421 31%
c e 16.74  8 16 0 95 188 1 618826 12590 1.6 20 13 2 9 90%  89 4908 420 31%
c s 16.74  8 16 0 95 188 1 618826 12590 1.6 20 13 2 9 90%  89 4896 420 31%
c - 16.84  8 16 0 96 188 1 622983 9151 1.6 20 13 2 9 90%  89 4896 420 31%
c - 17.08  9 16 0 97 189 1 632780 9437 1.6 20 13 2 9 90%  89 4896 420 31%
c - 17.35  9 16 0 98 189 1 642628 9135 1.6 20 13 2 9 90%  89 4896 420 31%
c - 17.61  8 16 0 99 189 1 652529 9640 1.6 20 13 2 9 90%  89 4896 420 31%
c u 17.75  9 16 0 99 189 1 658136 12697 1.6 20 13 2 9 89%  89 4896 420 31%
c v 17.79  9 16 0 99 189 1 658136 11843 1.6 20 13 2 9 89%  89 4896 420 31%
c w 17.81 10 16 0 99 189 1 658136 10659 1.6 20 13 2 9 89%  89 4896 420 31%
c x 17.82 10 16 0 99 189 1 658136 10659 1.6 20 13 2 9 89%  89 4881 420 31%
c W 18.06  7 16 0 99 191 1 660356 12303 1.6 20 13 2 9 89%  89 4881 420 31%
c - 18.12  7 16 0 100 192 1 662478 8606 1.6 20 13 2 9 89%  89 4881 420 31%
c
c seconds  switched    rate         size/glue  tier1   binary      remaining
c        MB  reductions  conflicts        size   tier2   irredundant
c         level   restarts     redundant     glue   trail      variables
c
c - 18.34  7 16 0 101 198 1 672478 9133 1.6 21 13 2 9 89%  89 4881 420 31%
c - 18.57  7 16 0 102 203 1 682528 9030 1.6 20 13 2 9 89%  89 4881 420 31%
c - 18.79  7 16 0 103 206 1 692627 9606 1.6 20 13 2 9 89%  89 4881 420 31%
c - 19.02  7 16 0 104 211 1 702776 10132 1.6 20 13 3 9 89%  89 4881 420 31%
c - 19.25  7 16 0 105 218 1 712974 10256 1.6 20 13 3 9 89%  89 4881 420 31%
c - 19.52  7 16 0 106 219 1 723223 9760 1.6 20 13 3 9 89%  89 4881 420 31%
c - 19.74  7 15 0 107 220 1 733518 10550 1.6 20 13 3 9 89%  89 4881 420 31%
c O 19.86  7 15 0 107 220 1 738784 13845 1.6 20 13 3 9 89%  89 4881 420 31%
c o 19.86  7 15 0 107 220 1 738784 13845 1.6 20 13 3 9 89%  89 4881 420 31%
c u 19.98  7 15 0 107 222 1 742211 15237 1.6 20 13 3 9 89%  89 4881 420 31%
c v 20.05  8 15 0 107 222 1 742211 14048 1.6 20 13 3 9 89%  89 4881 420 31%
c w 20.07  9 15 0 107 222 1 742211 13988 1.6 20 13 3 9 89%  89 4881 420 31%
c - 20.13  9 15 0 108 223 1 743863 9900 1.6 20 13 3 9 89%  89 4881 420 31%
c - 20.41  9 15 0 109 229 1 754256 9895 1.6 21 13 2 9 89%  89 4881 420 31%
c - 20.73  9 15 0 110 234 1 764697 8858 1.6 21 13 2 9 89%  89 4881 420 31%
c - 21.01  9 15 0 111 237 1 775186 9177 1.6 21 13 2 9 89%  89 4881 420 31%
c - 21.29  9 15 0 112 242 1 785721 10214 1.6 21 13 2 9 90%  89 4881 420 31%
c - 21.56  9 15 0 113 249 1 796305 11053 1.7 21 13 2 9 90%  89 4881 420 31%
c - 21.83  9 15 0 114 251 1 806935 10958 1.7 21 13 2 9 89%  89 4881 420 31%
c s 22.11  9 15 0 114 251 1 816385 16645 1.7 21 12 2 9 90%  89 4880 420 31%
c
c seconds  switched    rate          size/glue  tier1   binary      remaining
c        MB  reductions  conflicts         size   tier2   irredundant
c         level   restarts      redundant     glue   trail      variables
c
c - 22.14  9 15 0 115 251 1 817612 11702 1.7 21 12 2 9 90%  89 4880 420 31%
c B 22.28  9 15 0 115 251 1 822822 14974 1.7 21 12 2 9 90%  89 4880 420 31%
c - 22.41  9 15 0 116 252 1 828336 12779 1.7 21 12 2 9 90%  89 4880 420 31%
c u 22.51  9 15 0 116 252 1 831933 14281 1.7 21 13 2 9 90%  89 4880 420 31%
c v 22.59  9 15 0 116 252 1 831933 12974 1.7 21 13 2 9 90%  89 4880 420 31%
c w 22.64  9 15 0 116 252 1 831933 11553 1.7 21 13 2 9 90%  89 4880 420 31%
c - 22.83  8 15 0 117 252 1 839106 9379 1.7 21 13 2 9 90%  89 4880 420 31%
c - 23.10  9 15 0 118 252 1 849922 9216 1.6 21 13 2 9 90%  89 4880 420 31%
c - 23.37  9 15 0 119 253 1 860785 9724 1.6 21 13 2 9 91%  89 4880 420 31%
c - 23.64  9 15 0 120 253 1 871693 9879 1.6 21 13 2 9 91%  89 4880 420 31%
c - 23.90  9 15 0 121 253 1 882647 10035 1.6 21 13 2 9 91%  89 4880 420 31%
c - 24.19  9 15 0 122 253 1 893647 9910 1.6 20 13 2 9 91%  89 4880 420 31%
c - 24.45  9 15 0 123 253 1 904693 11261 1.6 20 13 2 9 90%  89 4880 420 31%
c W 24.65  9 15 0 123 253 1 912622 16279 1.6 20 13 2 9 90%  89 4880 420 31%
c o 24.65  9 15 0 123 253 1 912622 16279 1.6 20 13 2 9 90%  89 4880 420 31%
c - 24.75  9 15 0 124 253 1 915784 11765 1.6 20 13 2 9 90%  89 4880 420 31%
c - 25.03  8 16 0 125 254 1 926919 12164 1.6 21 13 2 9 90%  89 4880 420 31%
c u 25.07  8 16 0 125 254 1 927370 11777 1.6 21 13 2 9 90%  89 4880 420 31%
c v 25.13  8 16 0 125 254 1 927370 10164 1.6 21 13 2 9 90%  89 4880 420 31%
c w 25.19  8 16 0 125 254 1 927370 9483 1.6 21 13 2 9 90%  89 4880 420 31%
c
c seconds  switched    rate         size/glue  tier1   binary      remaining
c        MB  reductions  conflicts        size   tier2   irredundant
c         level   restarts     redundant     glue   trail      variables
c
c - 25.75  8 16 0 126 254 1 938099 8870 1.6 21 13 2 9 90%  89 4880 420 31%
c - 26.03  9 16 0 127 254 1 949323 9014 1.6 21 13 2 9 91%  89 4880 420 31%
c - 26.30  9 16 0 128 254 1 960592 9771 1.6 21 13 2 9 91%  89 4880 420 31%
c - 26.56  9 16 0 129 254 1 971906 11475 1.6 21 13 2 9 90%  89 4880 420 31%
c - 26.86  9 16 0 130 254 1 983264 11809 1.6 21 13 2 9 90%  89 4880 420 31%
c - 27.16  8 16 0 131 254 1 994665 11454 1.6 21 13 2 9 90%  89 4880 420 31%
c - 27.46  8 16 0 132 254 1 1006110 11329 1.6 21 13 2 9 90%  89 4880 420 31%
c I 27.51  8 16 0 132 254 1 1008337 12505 1.6 21 13 2 9 90%  89 4880 420 31%
c - 27.67  8 16 0 133 254 1 1017599 11785 1.6 21 13 2 9 90%  89 4880 420 31%
c u 27.93  9 16 0 133 254 1 1028583 18693 1.6 21 13 2 9 90%  89 4880 420 31%
c v 27.98 10 16 0 133 254 1 1028583 17779 1.6 21 13 2 9 90%  89 4880 420 31%
c w 28.00 11 16 0 133 254 1 1028583 14256 1.6 21 13 2 9 90%  89 4880 420 31%
c x 28.02 11 16 0 133 254 1 1028583 14254 1.6 21 13 2 9 90%  89 4878 420 31%
c - 28.04 10 16 0 134 254 1 1029131 8472 1.6 21 13 2 9 90%  89 4878 420 31%
c - 28.29 11 16 0 135 254 1 1040708 8923 1.6 21 13 2 9 90%  89 4878 420 31%
c o 28.47 11 16 0 135 254 1 1047792 12651 1.6 21 13 2 9 90%  89 4878 420 31%
c - 28.55 11 16 0 136 254 1 1052326 9054 1.6 21 13 2 9 90%  89 4878 420 31%
c - 28.77 11 16 0 137 261 1 1063990 9703 1.5 21 14 2 9 90%  89 4878 420 31%
c - 29.02 11 16 0 138 268 1 1075694 9581 1.5 21 14 2 9 91%  89 4878 420 31%
c - 29.26 11 16 0 139 271 1 1087442 10167 1.5 21 14 2 9 90%  89 4878 420 31%
c
c seconds  switched    rate           size/glue  tier1   binary      remaining
c        MB  reductions   conflicts         size   tier2   irredundant
c         level   restarts       redundant     glue   trail      variables
c
c - 29.53 11 16 0 140 277 1 1099231 10630 1.5 21 13 2 9 90%  89 4878 420 31%
c B 29.81 11 16 0 140 283 1 1110114 16755 1.5 21 13 2 9 91%  89 4878 420 31%
c - 29.83 11 16 0 141 284 1 1111064 11302 1.5 21 13 2 9 91%  89 4878 420 31%
c - 30.09 10 16 0 142 285 1 1122938 11190 1.5 21 14 2 9 90%  89 4878 420 31%
c - 30.38 11 16 0 143 285 1 1134854 10609 1.5 21 14 2 9 90%  89 4878 420 31%
c u 30.43 11 16 0 143 286 1 1135644 10489 1.5 21 14 2 9 90%  89 4878 420 31%
c v 30.47 11 16 0 143 286 1 1135644 9133 1.5 21 14 2 9 90%  89 4878 420 31%
c w 30.51 11 16 0 143 286 1 1135644 8649 1.5 21 14 2 9 90%  89 4878 420 31%
c - 30.82 11 16 0 144 292 1 1146812 9348 1.5 21 14 2 9 90%  89 4878 420 31%
c - 31.19 11 16 0 145 299 1 1158812 9978 1.5 21 13 2 9 91%  89 4878 420 31%
c - 31.54 10 16 0 146 303 1 1170853 10984 1.5 21 14 2 9 91%  89 4878 420 31%
c - 31.89 10 16 0 147 310 1 1182936 10805 1.6 21 13 2 9 91%  89 4878 420 31%
c - 32.24 10 16 0 148 315 1 1195062 11585 1.6 21 13 2 9 91%  89 4878 420 31%
c - 32.58 10 16 0 149 316 1 1207227 12261 1.6 22 13 2 9 91%  89 4878 420 31%
c W 32.87 11 16 0 149 317 1 1218101 18661 1.6 22 13 2 9 92%  89 4878 420 31%
c o 32.87 11 16 0 149 317 1 1218101 18661 1.6 22 13 2 9 92%  89 4878 420 31%
c - 32.90 10 16 0 150 317 1 1219433 11612 1.6 22 13 2 9 92%  89 4878 420 31%
c - 33.19 10 16 0 151 317 1 1231680 11226 1.6 21 13 2 9 92%  89 4878 420 31%
c - 33.46 11 16 0 152 317 1 1243969 10467 1.6 21 13 2 9 92%  89 4878 420 31%
c u 33.58 11 16 0 152 317 1 1248614 12599 1.6 21 13 2 9 92%  89 4878 420 31%
c
c seconds  switched    rate           size/glue  tier1   binary      remaining
c        MB  reductions   conflicts         size   tier2   irredundant
c         level   restarts       redundant     glue   trail      variables
c
c v 33.63 11 16 0 152 317 1 1248614 11511 1.6 21 13 2 9 92%  89 4878 420 31%
c w 33.71 11 16 0 152 317 1 1248614 9989 1.6 21 13 2 9 92%  89 4878 420 31%
c - 33.86 11 16 0 153 322 1 1256298 9045 1.6 21 13 2 9 92%  89 4878 420 31%
c - 34.11 11 16 0 154 329 1 1268668 9769 1.6 21 13 2 9 92%  89 4878 420 31%
c - 34.37 11 16 0 155 332 1 1281077 10379 1.6 21 13 2 9 92%  89 4878 420 31%
c - 34.69 10 16 0 156 339 1 1293526 10798 1.6 21 13 2 9 92%  89 4878 420 31%
c - 35.00 10 16 0 157 346 1 1306016 10619 1.6 21 13 2 9 92%  89 4878 420 31%
c - 35.31 11 16 0 158 348 1 1318545 11748 1.6 21 13 2 9 91%  89 4878 420 31%
c - 35.63 11 16 0 159 348 1 1331114 13155 1.6 21 13 2 9 91%  89 4878 420 31%
c O 35.67 11 16 0 159 348 1 1332441 14089 1.6 21 13 2 9 91%  89 4878 420 31%
c - 36.06 11 16 0 160 355 1 1343723 14153 1.6 21 13 2 9 91%  89 4878 420 31%
c - 36.46 12 16 0 161 362 1 1356372 13000 1.6 21 13 2 9 91%  89 4878 420 31%
c u 36.81 12 16 0 161 365 1 1367558 19207 1.6 21 13 2 9 90%  89 4878 420 31%
c v 36.90 12 16 0 161 365 1 1367558 17457 1.6 21 13 2 9 90%  89 4878 420 31%
c w 36.95 12 16 0 161 365 1 1367558 15679 1.6 21 13 2 9 90%  89 4878 420 31%
c o 37.29 12 16 0 161 365 1 1367558 15679 1.6 21 13 2 9 90%  89 4878 420 31%
c - 37.35 10 16 0 162 366 1 1369061 10651 1.6 21 13 2 9 90%  89 4878 420 31%
c - 37.70 10 16 0 163 373 1 1381788 11633 1.6 21 13 2 9 91%  89 4878 420 31%
c - 38.05 11 16 0 164 378 1 1394556 12387 1.6 21 13 2 9 91%  89 4878 420 31%
c - 38.38 11 15 0 165 379 1 1407362 13395 1.6 21 13 2 9 91%  89 4878 420 31%
c
c seconds  switched    rate           size/glue  tier1   binary      remaining
c        MB  reductions   conflicts         size   tier2   irredundant
c         level   restarts       redundant     glue   trail      variables
c
c - 38.71 12 15 0 166 380 1 1420208 14375 1.7 21 13 2 9 90%  89 4878 420 31%
c - 39.06 12 15 0 167 380 1 1433092 14371 1.7 21 13 2 9 90%  89 4878 420 31%
c - 39.43 12 15 0 168 380 1 1446014 12918 1.6 21 13 2 9 90%  89 4878 420 31%
c B 39.64 12 15 0 168 381 1 1453276 17958 1.7 21 13 2 9 90%  89 4878 420 31%
c - 39.79 12 15 0 169 381 1 1458975 13554 1.6 21 13 2 9 90%  89 4878 420 31%
c - 40.13 12 15 0 170 381 1 1471976 13824 1.7 21 13 2 9 90%  89 4878 420 31%
c - 40.49 12 15 0 171 381 1 1485016 13339 1.7 21 13 2 9 90%  89 4878 420 31%
c u 40.72 12 15 0 171 381 1 1492506 16940 1.7 21 13 2 9 90%  89 4878 420 31%
c v 40.80 12 15 0 171 381 1 1492506 15475 1.7 21 13 2 9 90%  89 4878 420 31%
c w 40.90 12 15 0 171 381 1 1492506 13764 1.7 21 13 2 9 90%  89 4878 420 31%
c - 41.07 10 15 0 172 381 1 1498092 11500 1.7 21 13 2 9 90%  89 4878 420 31%
c - 41.40 11 15 0 173 381 1 1511206 13163 1.7 21 13 2 9 90%  89 4878 420 31%
c - 41.76 12 15 0 174 388 1 1524359 13502 1.7 21 13 2 9 90%  89 4878 420 31%
c - 42.10 12 15 0 175 395 1 1537550 14386 1.7 21 13 2 9 91%  89 4878 420 31%
c - 42.43 12 15 0 176 399 1 1550778 15052 1.7 21 13 2 9 91%  89 4878 420 31%
c - 42.78 12 15 0 177 407 1 1564045 14436 1.7 21 12 2 9 91%  89 4878 420 31%
c - 43.12 12 15 0 178 411 1 1577351 15561 1.7 21 12 2 9 91%  89 4878 420 31%
c W 43.24 12 15 0 178 412 1 1580744 17625 1.7 21 12 2 9 90%  89 4878 420 31%
c o 43.24 12 15 0 178 412 1 1580744 17625 1.7 21 12 2 9 90%  89 4878 420 31%
c - 43.48 12 15 0 179 412 1 1590692 15808 1.7 21 12 2 9 91%  89 4878 420 31%
c
c seconds  switched    rate           size/glue  tier1   binary      remaining
c        MB  reductions   conflicts         size   tier2   irredundant
c         level   restarts       redundant     glue   trail      variables
c
c - 43.78 12 15 0 180 418 1 1604072 14976 1.7 21 12 2 9 90%  89 4878 420 31%
c - 44.09 12 15 0 181 426 1 1617491 13875 1.7 21 12 2 9 90%  89 4878 420 31%
c u 44.26 12 15 0 181 427 1 1623526 16625 1.7 20 12 2 9 91%  89 4878 420 31%
c v 44.33 12 15 0 181 427 1 1623526 15140 1.7 20 12 2 9 91%  89 4878 420 31%
c w 44.36 12 15 0 181 427 1 1623526 13321 1.7 20 12 2 9 91%  89 4878 420 31%
c x 44.37 12 15 0 181 427 1 1623526 13321 1.7 20 12 2 9 91%  89 4876 420 31%
c e 44.37 12 15 0 181 427 1 1623526 13321 1.7 20 12 2 9 91%  84 4902 418 31%
c s 44.37 12 15 0 181 427 1 1623526 13321 1.7 20 12 2 9 91%  84 4898 418 31%
c - 44.54 10 15 0 182 429 1 1630944 11519 1.7 20 12 2 9 91%  84 4898 418 31%
c - 44.84 11 15 0 183 437 1 1644436 12808 1.6 20 12 2 9 91%  84 4898 418 31%
c - 45.18 11 15 0 184 442 1 1657965 13604 1.6 20 12 2 9 90%  84 4898 418 31%
c - 45.53 12 15 0 185 443 1 1671530 13658 1.6 20 12 2 9 91%  84 4898 418 31%
c - 45.90 12 15 0 186 444 1 1685132 14444 1.6 20 12 2 9 90%  84 4898 418 31%
c - 46.29 12 15 0 187 444 1 1698771 14086 1.6 20 12 2 9 91%  84 4898 418 31%
c - 46.63 12 15 0 188 446 1 1712447 14456 1.6 20 12 2 9 91%  84 4898 418 31%
c I 46.69 12 15 0 188 447 1 1714983 15958 1.6 20 12 2 9 91%  84 4898 418 31%
c - 46.90 12 15 0 189 454 1 1726158 15158 1.6 20 12 2 9 90%  84 4898 418 31%
c - 47.18 12 15 0 190 459 1 1739907 13594 1.6 20 12 2 9 91%  84 4898 418 31%
c - 47.50 12 15 0 191 466 1 1753691 13193 1.6 20 12 2 9 90%  84 4898 418 31%
c u 47.68 12 15 0 191 470 1 1760692 17150 1.6 20 12 2 9 90%  84 4898 418 31%
c
c seconds  switched    rate           size/glue  tier1   binary      remaining
c        MB  reductions   conflicts         size   tier2   irredundant
c         level   restarts       redundant     glue   trail      variables
c
c v 47.75 12 15 0 191 470 1 1760692 15723 1.6 20 12 2 9 90%  84 4898 418 31%
c w 47.85 12 15 0 191 470 1 1760692 13200 1.6 20 12 2 9 90%  84 4898 418 31%
c o 47.86 12 15 0 191 470 1 1760692 13200 1.6 20 12 2 9 90%  84 4898 418 31%
c - 47.99 10 15 0 192 473 1 1767512 11235 1.6 20 13 2 9 91%  84 4898 418 31%
c - 48.28 10 15 0 193 475 1 1781369 12187 1.6 20 13 2 9 91%  84 4898 418 31%
c - 48.58 10 15 0 194 477 1 1795263 12766 1.6 20 13 2 9 91%  84 4898 418 31%
c - 48.86 11 15 0 195 485 1 1809191 14295 1.6 20 13 2 9 90%  84 4898 418 31%
c - 49.18 12 15 0 196 490 1 1823155 14215 1.6 20 13 2 9 90%  84 4898 418 31%
c - 49.49 12 15 0 197 497 1 1837155 14301 1.6 20 13 2 9 90%  84 4898 418 31%
c - 49.88 12 15 0 198 505 1 1851190 14625 1.6 19 13 2 9 90%  84 4898 418 31%
c B 50.01 12 15 0 198 505 1 1856131 16981 1.5 19 13 2 9 90%  84 4898 418 31%
c - 50.28 12 15 0 199 506 1 1865262 14796 1.6 19 12 2 9 90%  84 4898 418 31%
c - 50.66 12 15 0 200 507 1 1879368 15768 1.6 19 12 2 9 90%  84 4898 418 31%
c - 51.07 12 15 0 201 507 1 1893511 14300 1.6 19 12 2 9 90%  84 4898 418 31%
c u 51.38 12 15 0 201 507 1 1903918 19238 1.6 19 12 2 9 90%  84 4898 418 31%
c v 51.46 12 15 0 201 507 1 1903918 17734 1.6 19 12 2 9 90%  84 4898 418 31%
c w 51.55 12 15 0 201 507 1 1903918 15049 1.6 19 12 2 9 90%  84 4898 418 31%
c - 51.64 10 15 0 202 507 1 1907689 10778 1.6 20 13 2 9 90%  84 4898 418 31%
c - 51.99 10 15 0 203 508 1 1921901 12174 1.6 20 13 2 9 90%  84 4898 418 31%
c - 52.35 12 15 0 204 508 1 1936148 12571 1.6 20 13 2 9 90%  84 4898 418 31%
c
c seconds  switched    rate           size/glue  tier1   binary      remaining
c        MB  reductions   conflicts         size   tier2   irredundant
c         level   restarts       redundant     glue   trail      variables
c
c - 52.73 12 15 0 205 508 1 1950430 13357 1.6 20 13 2 9 90%  84 4898 418 31%
c - 53.13 12 15 0 206 508 1 1964748 13256 1.6 20 13 2 9 91%  84 4898 418 31%
c - 53.50 12 15 0 207 509 1 1979100 13806 1.6 20 12 2 9 91%  84 4898 418 31%
c - 53.88 12 15 0 208 509 1 1993487 14460 1.6 20 12 2 9 91%  84 4898 418 31%
c W 54.21 12 15 0 208 509 1 2004319 20290 1.6 20 12 2 9 91%  84 4898 418 31%
c o 54.21 12 15 0 208 509 1 2004319 20290 1.6 20 12 2 9 91%  84 4898 418 31%
c - 54.34 12 15 0 209 509 1 2007909 14727 1.6 20 13 2 9 91%  84 4898 418 31%
c - 54.74 12 15 0 210 509 1 2022365 13303 1.6 20 13 2 9 92%  84 4898 418 31%
c - 55.12 10 15 0 211 509 1 2036857 12770 1.6 20 13 2 9 92%  84 4898 418 31%
c - 55.51 10 15 0 212 509 1 2051383 12449 1.6 20 13 2 8 92%  84 4898 418 31%
c u 55.59 10 15 0 212 509 1 2053376 13041 1.6 20 13 2 8 92%  84 4898 418 31%
c v 55.65 10 15 0 212 509 1 2053376 11876 1.6 20 13 2 8 92%  84 4898 418 31%
c w 55.71 10 15 0 212 509 1 2053376 10923 1.6 20 13 2 8 92%  84 4898 418 31%
c - 56.48  6 15 0 213 509 1 2065944 10828 1.6 20 13 2 8 92%  84 4898 418 31%
c - 56.80  7 15 0 214 509 1 2080540 11827 1.6 20 13 2 8 92%  84 4898 418 31%
c - 57.15  8 15 0 215 509 1 2095169 12480 1.6 20 12 2 8 92%  84 4898 418 31%
c - 57.57  8 15 0 216 510 1 2109832 13113 1.6 20 13 2 8 92%  84 4898 418 31%
c - 58.00  7 15 0 217 510 1 2124531 12564 1.6 21 13 2 8 92%  84 4898 418 31%
c - 58.43  7 15 0 218 510 1 2139261 12495 1.6 21 13 2 8 92%  84 4898 418 31%
c - 58.86  7 15 0 219 510 1 2154027 12941 1.6 21 13 2 8 91%  84 4898 418 31%
c
c seconds  switched    rate           size/glue  tier1   binary      remaining
c        MB  reductions   conflicts         size   tier2   irredundant
c         level   restarts       redundant     glue   trail      variables
c
c O 59.02  7 15 0 219 510 1 2159681 16080 1.6 21 13 2 8 91%  84 4898 418 31%
c - 59.32  8 15 0 220 510 1 2168828 14126 1.7 21 13 2 8 91%  84 4898 418 31%
c - 59.79  8 15 0 221 510 1 2183661 14117 1.7 21 13 2 8 91%  84 4898 418 31%
c - 60.28  8 15 0 222 510 1 2198527 13083 1.7 21 13 2 8 92%  84 4898 418 31%
c u 60.66  9 15 0 222 510 1 2209097 18103 1.7 21 13 2 8 91%  84 4898 418 31%
c v 60.76  9 15 0 222 510 1 2209097 16754 1.7 21 13 2 8 91%  84 4898 418 31%
c w 60.89  9 15 0 222 510 1 2209097 14122 1.7 21 13 2 8 91%  84 4898 418 31%
c o 60.89  9 15 0 222 510 1 2209097 14122 1.7 21 13 2 8 91%  84 4898 418 31%
c - 61.03  8 15 0 223 510 1 2213426 11247 1.7 21 13 2 8 92%  84 4898 418 31%
c - 61.47  9 15 0 224 510 1 2228359 12312 1.7 21 13 2 8 92%  84 4898 418 31%
c - 61.91  9 15 0 225 510 1 2243326 13113 1.7 21 13 2 8 91%  84 4898 418 31%
c - 62.42  9 15 0 226 510 1 2258326 12576 1.7 21 13 2 8 91%  84 4898 418 31%
c - 62.90  9 15 0 227 510 1 2273360 12657 1.7 21 13 2 8 91%  84 4898 418 31%
c - 63.35  9 15 0 228 510 1 2288426 13493 1.7 21 12 2 8 91%  84 4898 418 31%
c - 63.80  9 15 0 229 510 1 2303526 14271 1.7 21 12 2 8 91%  84 4898 418 31%
c - 64.26  9 15 0 230 510 1 2318659 14535 1.7 21 12 2 8 92%  84 4898 418 31%
c B 64.37  9 15 0 230 510 1 2322344 16636 1.7 21 12 2 8 92%  84 4898 418 31%
c - 64.71  9 15 0 231 510 1 2333824 14588 1.7 21 12 2 8 92%  84 4898 418 31%
c - 65.12  9 14 0 232 510 1 2349024 15060 1.7 21 12 2 8 92%  84 4898 418 31%
c - 65.56  9 14 0 233 510 1 2364256 15688 1.8 21 12 2 8 92%  84 4898 418 31%
c
c seconds  switched    rate           size/glue  tier1   binary      remaining
c        MB  reductions   conflicts         size   tier2   irredundant
c         level   restarts       redundant     glue   trail      variables
c
c u 65.81  9 14 0 233 513 1 2371114 18826 1.8 21 12 2 8 92%  84 4898 418 31%
c v 65.94  9 14 0 233 513 1 2371114 17258 1.8 21 12 2 8 92%  84 4898 418 31%
c w 66.08  9 14 0 233 513 1 2371114 14992 1.8 21 12 2 8 92%  84 4898 418 31%
c - 66.31  9 14 0 234 517 1 2379521 13436 1.8 21 12 2 8 92%  84 4898 418 31%
c - 66.71  9 14 0 235 525 1 2394819 14431 1.7 20 12 2 8 91%  84 4898 418 31%
c - 67.14  9 14 0 236 532 1 2410148 14621 1.7 20 12 2 8 91%  84 4898 418 31%
c - 67.55  9 14 0 237 539 1 2425511 14420 1.7 20 12 2 8 91%  84 4898 418 31%
c - 67.94  9 14 0 238 541 1 2440905 14376 1.7 20 12 2 8 91%  84 4898 418 31%
c - 68.32  9 14 0 239 546 1 2456333 14757 1.7 19 12 2 8 91%  84 4898 418 31%
c - 68.74  9 14 0 240 555 1 2471793 14884 1.7 19 11 2 8 91%  84 4898 418 31%
c - 69.16  9 13 0 241 559 1 2487284 16172 1.7 19 11 2 8 91%  84 4898 418 31%
c W 69.35  9 13 0 241 563 1 2492439 19150 1.7 19 11 2 8 91%  84 4898 418 31%
c o 69.35  9 13 0 241 563 1 2492439 19150 1.7 19 11 2 8 91%  84 4898 418 31%
c - 69.71  9 13 0 242 569 1 2502808 16791 1.7 19 11 2 8 91%  84 4898 418 31%
c - 70.20  9 14 0 243 572 1 2518364 15367 1.7 19 11 2 8 92%  84 4898 418 31%
c - 70.69  9 14 0 244 573 1 2533954 15160 1.7 19 11 2 8 92%  84 4898 418 31%
c u 70.88  9 14 0 244 573 1 2539461 17607 1.7 19 11 2 8 92%  84 4898 418 31%
c v 70.99  9 14 0 244 573 1 2539461 15909 1.7 19 11 2 8 92%  84 4898 418 31%
c w 71.03  9 14 0 244 573 1 2539461 14414 1.7 19 11 2 8 92%  84 4898 418 31%
c x 71.05  9 14 0 244 573 1 2539461 14412 1.7 19 11 2 8 92%  84 4880 418 31%
c
c seconds  switched    rate           size/glue  tier1   binary      remaining
c        MB  reductions   conflicts         size   tier2   irredundant
c         level   restarts       redundant     glue   trail      variables
c
c s 71.05  9 14 0 244 573 1 2539461 14412 1.7 19 11 2 8 92%  84 4878 418 31%
c - 71.35 10 14 0 245 573 1 2549574 13221 1.7 19 12 2 8 92%  84 4878 418 31%
c - 71.74 10 14 0 246 573 1 2565228 13749 1.7 19 12 2 8 91%  84 4878 418 31%
c - 72.15 10 14 0 247 583 1 2580912 13746 1.6 19 12 2 8 91%  84 4878 418 31%
c - 72.60 10 14 0 248 588 1 2596629 14302 1.6 19 12 2 8 91%  84 4878 418 31%
c - 73.11 10 14 0 249 597 1 2612377 13928 1.6 19 12 2 8 91%  84 4878 418 31%
c - 73.57 10 14 0 250 603 1 2628156 14214 1.6 20 12 2 8 91%  84 4878 418 31%
c - 74.05 10 14 0 251 604 1 2643967 14613 1.6 20 12 2 8 91%  84 4878 418 31%
c - 74.50 10 14 0 252 611 1 2659809 15180 1.7 20 12 2 8 91%  84 4878 418 31%
c I 74.76 10 14 0 252 618 1 2670091 21727 1.7 20 12 2 8 91%  84 4878 418 31%
c - 74.88 10 14 0 253 619 1 2675684 14745 1.7 20 12 2 8 91%  84 4878 418 31%
c - 75.26 10 15 0 254 626 1 2691590 14320 1.6 20 12 2 8 91%  84 4878 418 31%
c - 75.66  8 15 0 255 634 1 2707527 13787 1.6 20 12 2 8 91%  84 4878 418 31%
c u 75.89  8 15 0 255 635 1 2714302 17189 1.6 20 12 2 8 91%  84 4878 418 31%
c v 75.97  8 15 0 255 635 1 2714302 15653 1.6 20 12 2 8 91%  84 4878 418 31%
c w 76.09  8 15 0 255 635 1 2714302 13161 1.6 20 12 2 8 91%  84 4878 418 31%
c o 76.09  8 15 0 255 635 1 2714302 13161 1.6 20 12 2 8 91%  84 4878 418 31%
c - 76.25  8 15 0 256 635 1 2723496 11901 1.6 20 13 2 8 91%  84 4878 418 31%
c - 76.58  8 15 0 257 636 1 2739497 12994 1.6 20 13 2 8 90%  84 4878 418 31%
c - 76.96  8 15 0 258 636 1 2755529 12836 1.6 20 13 2 8 90%  84 4878 418 31%
c
c seconds  switched    rate           size/glue  tier1   binary      remaining
c        MB  reductions   conflicts         size   tier2   irredundant
c         level   restarts       redundant     glue   trail      variables
c
c - 77.38  8 15 0 259 637 1 2771591 13271 1.6 20 13 2 8 90%  84 4878 418 31%
c - 77.69  8 15 0 260 637 1 2787685 13561 1.5 20 13 2 8 91%  84 4878 418 31%
c - 78.06  9 15 0 261 637 1 2803811 13730 1.6 20 13 2 8 91%  84 4878 418 31%
c - 78.56  9 15 0 262 637 1 2819966 14208 1.6 20 13 2 8 91%  84 4878 418 31%
c - 79.02  9 15 0 263 643 1 2836152 15002 1.6 20 13 2 8 90%  84 4878 418 31%
c - 79.52  9 15 0 264 651 1 2852369 15721 1.6 20 13 2 8 91%  84 4878 418 31%
c B 79.62  9 15 0 264 652 1 2855426 17467 1.6 20 13 2 8 91%  84 4878 418 31%
c - 80.04 10 15 0 265 658 1 2868617 15514 1.6 20 13 2 8 91%  84 4878 418 31%
c - 80.55 10 15 0 266 666 1 2884896 14961 1.6 20 13 2 8 91%  84 4878 418 31%
c u 80.92 10 15 0 266 668 1 2895585 20578 1.6 20 12 2 8 91%  84 4878 418 31%
c v 81.02 10 15 0 266 668 1 2895585 18960 1.6 20 12 2 8 91%  84 4878 418 31%
c w 81.16 10 15 0 266 668 1 2895585 15699 1.6 20 12 2 8 91%  84 4878 418 31%
c - 81.30  8 15 0 267 668 1 2901205 12027 1.6 20 12 2 8 91%  84 4878 418 31%
c - 81.75  8 15 0 268 674 1 2917546 12946 1.6 20 12 2 8 91%  84 4878 418 31%
c - 82.22 10 15 0 269 682 1 2933916 13948 1.6 19 12 2 8 91%  84 4878 418 31%
c o 82.60 10 15 0 269 687 1 2947726 21969 1.6 19 12 2 8 90%  84 4878 418 31%
c - 82.70 10 15 0 270 689 1 2950317 15029 1.6 19 12 2 8 90%  84 4878 418 31%
c - 83.38 10 14 0 271 697 1 2966749 14718 1.6 19 12 2 8 90%  84 4878 418 31%
c - 83.89 10 14 0 272 699 1 2983212 15795 1.6 19 12 2 8 90%  84 4878 418 31%
c - 84.37 10 14 0 273 700 1 2999705 16740 1.6 19 12 2 8 90%  84 4878 418 31%
c
c seconds  switched    rate           size/glue  tier1   binary      remaining
c        MB  reductions   conflicts         size   tier2   irredundant
c         level   restarts       redundant     glue   trail      variables
c
c - 84.85 10 14 0 274 700 1 3016228 18117 1.6 19 12 2 8 89%  84 4878 418 31%
c - 85.34 10 14 0 275 706 1 3032780 18446 1.6 19 12 2 8 90%  84 4878 418 31%
c W 85.88 10 14 0 275 714 1 3048566 28366 1.6 19 12 2 8 90%  84 4878 418 31%
c - 85.91 10 14 0 276 714 1 3049363 17032 1.6 19 12 2 8 90%  84 4878 418 31%
c - 86.43 10 14 0 277 721 1 3065978 14480 1.6 19 12 2 8 90%  84 4878 418 31%
c - 86.86 10 14 0 278 729 1 3082622 14784 1.6 19 12 2 8 91%  84 4878 418 31%
c u 86.93 10 14 0 278 730 1 3083363 14530 1.6 19 12 2 8 91%  84 4878 418 31%
c v 87.01 10 14 0 278 730 1 3083363 13068 1.6 19 12 2 8 91%  84 4878 418 31%
c w 87.08 10 14 0 278 730 1 3083363 12503 1.6 19 12 2 8 91%  84 4878 418 31%
c - 87.53  8 14 0 279 731 1 3099295 12982 1.6 19 12 2 8 91%  84 4878 418 31%
c - 87.93 10 14 0 280 737 1 3115999 13750 1.6 19 12 2 8 91%  84 4878 418 31%
c - 88.32 10 14 0 281 746 1 3132732 14801 1.6 19 12 2 8 91%  84 4878 418 31%
c - 88.73 10 14 0 282 753 1 3149495 15282 1.6 20 12 2 8 91%  84 4878 418 31%
c - 89.16 10 14 0 283 761 1 3166288 16446 1.6 20 12 2 8 90%  84 4878 418 31%
c - 89.61 10 15 0 284 762 1 3183111 17303 1.6 20 12 2 8 89%  84 4878 418 31%
c - 90.12 10 15 0 285 763 1 3199963 15642 1.6 20 12 2 8 90%  84 4878 418 31%
c - 90.69 10 15 0 286 763 1 3216845 14694 1.6 19 12 2 8 90%  84 4878 418 31%
c - 91.30 10 14 0 287 764 1 3233756 14917 1.6 19 12 2 8 90%  84 4878 418 31%
c O 91.74 10 14 0 287 764 1 3249634 24193 1.6 19 12 2 8 90%  84 4878 418 31%
c o 91.74 10 14 0 287 764 1 3249634 24193 1.6 19 12 2 8 90%  84 4878 418 31%
c
c seconds  switched    rate           size/glue  tier1   binary      remaining
c        MB  reductions   conflicts         size   tier2   irredundant
c         level   restarts       redundant     glue   trail      variables
c
c - 91.79 10 14 0 288 764 1 3250698 15791 1.6 19 12 2 8 90%  84 4878 418 31%
c - 92.40 10 15 0 289 764 1 3267668 16563 1.6 20 12 2 8 90%  84 4878 418 31%
c u 92.82 11 15 0 289 764 1 3277638 20977 1.6 20 12 2 8 91%  84 4878 418 31%
c v 92.96 11 15 0 289 764 1 3277638 18980 1.6 20 12 2 8 91%  84 4878 418 31%
c w 93.11 12 15 0 289 764 1 3277638 16734 1.6 20 12 2 8 91%  84 4878 418 31%
c - 93.36 10 15 0 290 764 1 3284668 13064 1.6 20 12 2 8 91%  84 4878 418 31%
c - 93.88 12 14 0 291 765 1 3301698 14284 1.6 20 12 2 8 91%  84 4878 418 31%
c - 94.51 12 14 0 292 765 1 3318757 14949 1.6 20 12 2 8 91%  84 4878 418 31%
c - 95.09 12 15 0 293 765 1 3335845 15240 1.6 20 12 2 8 91%  84 4878 418 31%
c - 95.64 12 14 0 294 765 1 3352962 15383 1.6 20 12 2 8 91%  84 4878 418 31%
c - 96.19 12 14 0 295 765 1 3370110 16932 1.7 20 12 2 8 91%  84 4878 418 31%
c - 96.67 12 14 0 296 765 1 3387286 18681 1.7 20 12 2 8 90%  84 4878 418 31%
c - 97.21 12 15 0 297 765 1 3404492 17651 1.6 20 12 2 8 89%  84 4878 418 31%
c - 97.75 12 15 0 298 767 1 3421727 17498 1.6 20 12 2 8 88%  84 4878 418 31%
c - 98.34 12 15 0 299 778 1 3438989 18120 1.6 20 12 2 8 88%  84 4878 418 31%
c - 98.98 12 15 0 300 783 1 3456280 17979 1.6 20 12 2 8 88%  84 4878 418 31%
c B 99.07 12 14 0 300 785 1 3458750 19132 1.6 20 12 2 8 88%  84 4878 418 31%
c - 99.65 12 15 0 301 793 1 3473600 17398 1.6 20 12 2 8 88%  84 4878 418 31%
c u 99.88 12 15 0 301 795 1 3478475 18827 1.6 20 12 2 8 88%  84 4878 418 31%
c v 100.01 12 15 0 301 795 1 3478475 16835 1.6 20 12 2 8 88%  84 4878 418 31%
c
c seconds   switched    rate           size/glue  tier1   binary      remaining
c         MB  reductions   conflicts         size   tier2   irredundant
c          level   restarts       redundant     glue   trail      variables
c
c w 100.14 12 15 0 301 795 1 3478475 15237 1.6 20 12 2 8 88%  84 4878 418 31%
c - 100.59 12 15 0 302 796 1 3490950 14515 1.6 20 12 2 8 89%  84 4878 418 31%
c - 101.14 12 15 0 303 801 1 3508328 15097 1.6 20 12 2 8 89%  84 4878 418 31%
c - 101.66 12 15 0 304 810 1 3525734 15799 1.6 20 12 2 8 89%  84 4878 418 31%
c - 102.35 12 15 0 305 817 1 3543169 16222 1.7 20 12 2 8 89%  84 4878 418 31%
c - 102.89 12 15 0 306 826 1 3560633 16831 1.7 21 12 2 8 89%  84 4878 418 31%
c - 103.48 12 15 0 307 827 1 3578127 16269 1.7 21 13 2 8 89%  84 4878 418 31%
c - 103.99 12 15 0 308 828 1 3595649 16137 1.6 20 12 2 8 89%  84 4878 418 31%
c - 104.54 12 15 0 309 828 1 3613200 16637 1.6 20 12 2 8 89%  84 4878 418 31%
c - 105.07 12 15 0 310 837 1 3630778 16611 1.6 20 12 2 8 90%  84 4878 418 31%
c - 105.57 12 14 0 311 843 1 3648386 17665 1.6 20 12 2 8 90%  84 4878 418 31%
c - 106.18 12 14 0 312 853 1 3666021 17803 1.6 20 12 2 8 91%  84 4878 418 31%
c W 106.57 12 14 0 312 858 1 3676032 23844 1.6 20 12 2 8 91%  84 4878 418 31%
c o 106.57 12 14 0 312 858 1 3676032 23844 1.6 20 12 2 8 91%  84 4878 418 31%
c - 106.89 12 14 0 313 859 1 3683685 16574 1.6 20 12 2 8 91%  84 4878 418 31%
c u 107.02 12 15 0 313 859 1 3685873 16969 1.6 20 12 2 8 91%  84 4878 418 31%
c v 107.13 12 15 0 313 859 1 3685873 15208 1.6 20 12 2 8 91%  84 4878 418 31%
c w 107.21 12 15 0 313 859 1 3685873 14178 1.6 20 12 2 8 91%  84 4878 418 31%
c - 107.71 10 15 0 314 861 1 3701377 13809 1.6 20 12 2 8 91%  84 4878 418 31%
c - 108.25 12 15 0 315 872 1 3719098 13898 1.6 20 12 2 8 91%  84 4878 418 31%
c
c seconds   switched    rate           size/glue  tier1   binary      remaining
c         MB  reductions   conflicts         size   tier2   irredundant
c          level   restarts       redundant     glue   trail      variables
c
c - 108.76 12 14 0 316 878 1 3736846 15100 1.6 20 12 2 8 91%  84 4878 418 31%
c - 109.33 12 15 0 317 888 1 3754622 16680 1.6 20 12 2 8 91%  84 4878 418 31%
c - 109.90 12 15 0 318 890 1 3772426 16127 1.6 20 12 2 8 91%  84 4878 418 31%
c - 110.56 12 15 0 319 891 1 3790258 16708 1.6 20 12 2 8 90%  84 4878 418 31%
c - 111.14 12 15 0 320 891 1 3808119 17126 1.6 20 12 2 8 91%  84 4878 418 31%
c - 111.69 12 14 0 321 892 1 3826007 16972 1.6 20 12 2 8 90%  84 4878 418 31%
c - 112.17 12 14 0 322 892 1 3843924 17597 1.6 20 12 2 8 90%  84 4878 418 31%
c - 112.76 12 14 0 323 892 1 3861868 17202 1.6 19 12 2 8 90%  84 4878 418 31%
c - 113.29 12 14 0 324 892 1 3879841 16769 1.6 20 12 2 8 90%  84 4878 418 31%
c - 113.82 12 15 0 325 903 1 3897841 17297 1.6 20 12 2 8 89%  84 4878 418 31%
c u 113.94 12 15 0 325 905 1 3899899 17724 1.6 20 12 2 8 89%  84 4878 418 31%
c v 114.05 12 15 0 325 905 1 3899899 15883 1.6 20 12 2 8 89%  84 4878 418 31%
c w 114.14 12 15 0 325 905 1 3899899 14686 1.6 20 12 2 8 89%  84 4878 418 31%
c x 114.15 12 15 0 325 905 1 3899899 14686 1.6 20 12 2 8 89%  84 4871 418 31%
c I 114.21 12 15 0 325 906 1 3901598 15800 1.6 20 12 2 8 89%  84 4871 418 31%
c - 114.52 12 15 0 326 910 1 3915868 14920 1.6 20 13 2 8 89%  84 4871 418 31%
c - 115.03 12 15 0 327 921 1 3933923 15185 1.6 20 13 2 8 90%  84 4871 418 31%
c - 115.50 12 15 0 328 923 1 3952006 14845 1.6 20 13 2 8 90%  84 4871 418 31%
c - 116.06 12 15 0 329 929 1 3970116 15812 1.6 20 13 2 8 90%  84 4871 418 31%
c - 116.54 12 15 0 330 938 1 3988256 16550 1.6 20 13 2 8 89%  84 4871 418 31%
c
c seconds   switched    rate           size/glue  tier1   binary      remaining
c         MB  reductions   conflicts         size   tier2   irredundant
c          level   restarts       redundant     glue   trail      variables
c
c - 117.06 12 15 0 331 945 1 4006422 16361 1.6 20 12 2 8 90%  84 4871 418 31%
c - 117.54 12 15 0 332 953 1 4024616 16741 1.6 20 12 2 8 90%  84 4871 418 31%
c - 118.09 12 15 0 333 954 1 4042838 17589 1.6 20 12 2 8 90%  84 4871 418 31%
c - 118.65 12 15 0 334 955 1 4061086 17838 1.6 20 12 2 8 90%  84 4871 418 31%
c - 119.15 12 14 0 335 957 1 4079361 17468 1.6 20 12 2 8 90%  84 4871 418 31%
c - 119.71 12 14 0 336 968 1 4097664 17316 1.6 20 12 2 8 91%  84 4871 418 31%
c - 120.24 12 14 0 337 975 1 4115994 17598 1.6 19 12 2 8 91%  84 4871 418 31%
c u 120.42 12 14 0 337 977 1 4120634 19618 1.6 19 12 2 8 91%  84 4871 418 31%
c v 120.54 12 14 0 337 977 1 4120634 17860 1.6 19 12 2 8 91%  84 4871 418 31%
c w 120.68 12 14 0 337 977 1 4120634 15687 1.6 19 12 2 8 91%  84 4871 418 31%
c o 120.68 12 14 0 337 977 1 4120634 15687 1.6 19 12 2 8 91%  84 4871 418 31%
c - 121.13 12 14 0 338 984 1 4134351 14928 1.6 20 12 2 8 91%  84 4871 418 31%
c B 121.16 12 14 0 338 985 1 4135564 15630 1.6 20 12 2 8 91%  84 4871 418 31%
c - 121.71 12 14 0 339 986 1 4152735 17734 1.6 19 12 2 8 90%  84 4871 418 31%
c - 122.35 12 14 0 340 993 1 4171147 19034 1.7 19 12 2 8 91%  84 4871 418 31%
c - 122.94 12 14 0 341 1001 1 4189588 19652 1.7 19 11 2 8 91%  84 4871 418 31%
c - 123.60 12 13 0 342 1011 1 4208054 20590 1.7 19 11 2 8 91%  84 4871 418 31%
c - 124.26 12 14 0 343 1017 1 4226549 19977 1.7 19 11 2 8 91%  84 4871 418 31%
c - 124.79 12 14 0 344 1018 1 4245069 20390 1.7 19 11 2 8 89%  84 4871 418 31%
c - 125.41 12 13 0 345 1018 1 4263616 21234 1.7 19 11 2 8 89%  84 4871 418 31%
c
c seconds   switched     rate           size/glue  tier1   binary      remaining
c         MB  reductions    conflicts         size   tier2   irredundant
c          level    restarts       redundant     glue   trail      variables
c
c - 126.03 12 13 0 346 1019 1 4282191 22371 1.7 19 11 2 8 89%  84 4871 418 31%
c - 126.65 12 13 0 347 1019 1 4300793 21691 1.7 19 11 2 8 89%  84 4871 418 31%
c - 127.30 12 13 0 348 1019 1 4319421 21923 1.7 18 11 2 8 90%  84 4871 418 31%
c - 127.96 12 13 0 349 1019 1 4338076 21344 1.7 18 11 2 8 90%  84 4871 418 31%
c u 128.38 12 13 0 349 1020 1 4348061 24800 1.7 18 11 2 8 91%  84 4871 418 31%
c v 128.59 12 13 0 349 1020 1 4348061 22306 1.7 18 11 2 8 91%  84 4871 418 31%
c w 128.78 12 13 0 349 1020 1 4348061 18174 1.7 18 11 2 8 91%  84 4871 418 31%
c - 129.06 12 13 0 350 1020 1 4356758 17389 1.7 18 11 2 8 91%  84 4871 418 31%
c - 129.66 12 12 0 351 1020 1 4375466 20688 1.7 18 10 2 8 91%  84 4871 418 31%
c W 129.78 12 12 0 351 1020 1 4378046 22662 1.7 18 10 2 8 91%  84 4871 418 31%
c o 129.78 12 12 0 351 1020 1 4378046 22662 1.7 18 10 2 8 91%  84 4871 418 31%
c - 130.39 12 13 0 352 1020 1 4394202 20508 1.7 18 11 2 8 92%  84 4871 418 31%
c - 131.05 12 13 0 353 1020 1 4412963 18065 1.7 19 11 2 8 92%  84 4871 418 31%
c - 131.70 12 13 0 354 1020 1 4431751 17241 1.7 19 11 2 8 92%  84 4871 418 31%
c - 132.44 12 13 0 355 1020 1 4450565 18161 1.7 19 11 2 8 92%  84 4871 418 31%
c - 133.08 12 13 0 356 1020 1 4469406 19480 1.7 19 11 2 8 91%  84 4871 418 31%
c - 133.77 12 13 0 357 1021 1 4488273 21054 1.7 19 11 2 8 90%  84 4871 418 31%
c - 134.44 12 13 0 358 1021 1 4507167 20123 1.6 19 11 2 8 91%  84 4871 418 31%
c - 135.05 12 13 0 359 1021 1 4526087 18119 1.6 18 11 2 8 91%  84 4871 418 31%
c - 135.67 12 13 0 360 1021 1 4545036 18528 1.6 18 11 2 8 91%  84 4871 418 31%
c
c seconds   switched     rate           size/glue  tier1   binary      remaining
c         MB  reductions    conflicts         size   tier2   irredundant
c          level    restarts       redundant     glue   trail      variables
c
c - 136.20 12 13 0 361 1021 1 4564009 20114 1.6 18 11 2 8 90%  84 4871 418 31%
c u 136.86 13 13 0 361 1021 1 4582215 29345 1.6 18 11 2 8 89%  84 4871 418 31%
c v 137.05 13 13 0 361 1021 1 4582215 26961 1.6 18 11 2 8 89%  84 4871 418 31%
c w 137.24 17 13 0 361 1021 1 4582215 18193 1.6 18 11 2 8 89%  84 4871 418 31%
c - 138.17 15 13 0 362 1021 1 4583009 14706 1.6 18 11 2 8 90%  84 4871 418 31%
c - 138.73 15 14 0 363 1021 1 4602036 17083 1.6 19 12 2 8 90%  84 4871 418 31%
c - 139.28 15 14 0 364 1021 1 4621088 17159 1.6 19 12 2 8 90%  84 4871 418 31%
c O 139.50 15 14 0 364 1021 1 4629157 22224 1.6 19 12 2 8 89%  84 4871 418 31%
c - 139.91 15 14 0 365 1021 1 4640167 17659 1.6 19 12 2 8 90%  84 4871 418 31%
c - 140.55 15 14 0 366 1021 1 4659271 17231 1.6 19 12 2 8 90%  84 4871 418 31%
c - 141.17 15 14 0 367 1021 1 4678402 17192 1.6 19 12 2 8 90%  84 4871 418 31%
c - 141.81 15 14 0 368 1021 1 4697559 17023 1.6 19 12 2 8 90%  84 4871 418 31%
c - 142.46 15 14 0 369 1021 1 4716742 16697 1.6 19 12 2 8 90%  84 4871 418 31%
c - 143.12 15 14 0 370 1022 1 4735951 17944 1.6 18 12 2 8 91%  84 4871 418 31%
c - 143.79 15 14 0 371 1022 1 4755186 17904 1.5 18 12 2 8 91%  84 4871 418 31%
c - 144.41 15 14 0 372 1022 1 4774448 17523 1.5 18 12 2 8 91%  84 4871 418 31%
c - 145.07 15 14 0 373 1022 1 4793735 17876 1.5 18 12 2 8 91%  84 4871 418 31%
c - 145.67 15 14 0 374 1022 1 4813048 19381 1.5 18 12 2 8 91%  84 4871 418 31%
c u 146.11 16 14 0 374 1022 1 4823128 23552 1.6 18 12 2 8 91%  84 4871 418 31%
c v 146.25 16 14 0 374 1022 1 4823128 21418 1.6 18 12 2 8 91%  84 4871 418 31%
c
c seconds   switched     rate           size/glue  tier1   binary      remaining
c         MB  reductions    conflicts         size   tier2   irredundant
c          level    restarts       redundant     glue   trail      variables
c
c w 146.54 17 14 0 374 1022 1 4823128 17913 1.6 18 12 2 8 91%  84 4871 418 31%
c o 146.54 17 14 0 374 1022 1 4823128 17913 1.6 18 12 2 8 91%  84 4871 418 31%
c - 146.87 15 14 0 375 1022 1 4832387 16115 1.6 18 12 2 8 92%  84 4871 418 31%
c - 147.50 15 14 0 376 1022 1 4851752 18042 1.6 19 12 2 8 91%  84 4871 418 31%
c - 148.20 15 14 0 377 1022 1 4871142 17333 1.6 19 12 2 7 91%  84 4871 418 31%
c B 148.82 15 14 0 377 1022 1 4889007 26329 1.6 20 12 2 7 91%  84 4871 418 31%
c - 148.87 15 14 0 378 1022 1 4890558 16952 1.6 20 12 2 7 91%  84 4871 418 31%
c - 149.57 15 14 0 379 1022 1 4910001 16704 1.6 20 12 2 7 91%  84 4871 418 31%
c - 150.24 15 14 0 380 1022 1 4929469 15831 1.6 20 12 2 7 91%  84 4871 418 31%
c - 150.85 15 14 0 381 1022 1 4948962 16502 1.6 19 12 2 7 91%  84 4871 418 31%
c - 151.56 15 14 0 382 1022 1 4968481 16289 1.6 19 12 2 7 90%  84 4871 418 31%
c - 152.25 15 14 0 383 1022 1 4988025 16649 1.6 19 12 2 7 90%  84 4871 418 31%
c - 152.87 15 14 0 384 1022 1 5007595 17578 1.6 19 12 2 7 90%  84 4871 418 31%
c - 153.55 15 14 0 385 1022 1 5027190 18099 1.6 20 12 2 7 91%  84 4871 418 31%
c - 154.17 15 14 0 386 1022 1 5046811 18229 1.6 20 12 2 7 91%  84 4871 418 31%
c - 154.88 15 14 0 387 1022 1 5066458 19432 1.7 20 12 2 7 91%  84 4871 418 31%
c u 155.13 16 14 0 387 1022 1 5070833 20590 1.7 19 12 2 7 91%  84 4871 418 31%
c v 155.29 16 14 0 387 1022 1 5070833 18370 1.7 19 12 2 7 91%  84 4871 418 31%
c w 155.43 16 14 0 387 1022 1 5070833 16759 1.7 19 12 2 7 91%  84 4871 418 31%
c - 155.92 15 14 0 388 1022 1 5086130 16597 1.7 19 12 2 7 91%  84 4871 418 31%
c
c seconds   switched     rate           size/glue  tier1   binary      remaining
c         MB  reductions    conflicts         size   tier2   irredundant
c          level    restarts       redundant     glue   trail      variables
c
c - 156.55 15 14 0 389 1022 1 5105828 16755 1.6 19 12 2 7 91%  84 4871 418 31%
c - 157.24 15 14 0 390 1022 1 5125551 16562 1.6 19 12 2 7 91%  84 4871 418 31%
c - 157.88 15 14 0 391 1022 1 5145299 16830 1.6 19 12 2 7 91%  84 4871 418 31%
c W 158.35 13 14 0 391 1022 1 5157709 24092 1.6 19 12 2 7 90%  84 4871 418 31%
c o 158.35 13 14 0 391 1022 1 5157709 24092 1.6 19 12 2 7 90%  84 4871 418 31%
c - 158.62 13 14 0 392 1022 1 5165073 17872 1.6 19 12 2 7 90%  84 4871 418 31%
c - 159.20 13 14 0 393 1022 1 5184872 17890 1.6 19 12 2 7 91%  84 4871 418 31%
c - 159.83 13 15 0 394 1022 1 5204696 17416 1.6 20 12 2 7 91%  84 4871 418 31%
c - 160.44 13 14 0 395 1022 1 5224545 17781 1.6 20 12 2 7 90%  84 4871 418 31%
c - 161.03 13 14 0 396 1022 1 5244419 18373 1.6 20 12 2 7 90%  84 4871 418 31%
c - 161.62 13 14 0 397 1026 1 5264318 18065 1.6 19 12 2 7 91%  84 4871 418 31%
c - 162.20 13 14 0 398 1036 1 5284242 18670 1.6 19 12 2 7 90%  84 4871 418 31%
c - 162.76 13 14 0 399 1044 1 5304192 19842 1.6 19 12 2 7 91%  84 4871 418 31%
c - 163.34 13 14 0 400 1052 1 5324167 20234 1.6 19 12 2 7 91%  84 4871 418 31%
c u 163.45 13 14 0 400 1052 1 5325364 19929 1.6 19 12 2 7 91%  84 4871 418 31%
c v 163.59 13 14 0 400 1052 1 5325364 17292 1.6 19 12 2 7 91%  84 4871 418 31%
c w 163.66 13 14 0 400 1052 1 5325364 16414 1.6 19 12 2 7 91%  84 4871 418 31%
c - 164.14 13 14 0 401 1055 1 5344168 16255 1.6 19 12 2 7 90%  84 4871 418 31%
c - 164.74 13 14 0 402 1067 1 5364192 15940 1.6 19 12 2 7 90%  84 4871 418 31%
c - 165.35 13 14 0 403 1075 1 5384242 16225 1.6 19 12 2 7 91%  84 4871 418 31%
c
c seconds   switched     rate           size/glue  tier1   binary      remaining
c         MB  reductions    conflicts         size   tier2   irredundant
c          level    restarts       redundant     glue   trail      variables
c
c - 165.99 13 14 0 404 1083 1 5404316 17680 1.6 19 12 2 7 91%  84 4871 418 31%
c - 166.62 13 14 0 405 1085 1 5424417 17849 1.6 19 12 2 7 91%  84 4871 418 31%
c I 166.98 13 14 0 405 1085 1 5435372 23446 1.6 19 12 2 7 90%  84 4871 418 31%
c - 167.18 13 14 0 406 1085 1 5444542 17129 1.6 19 12 2 7 90%  84 4871 418 31%
c - 167.68 13 15 0 407 1091 1 5464692 16808 1.6 20 13 2 7 91%  84 4871 418 31%
c - 168.19 13 15 0 408 1100 1 5484867 16160 1.6 20 13 2 7 91%  84 4871 418 31%
c - 168.73 13 15 0 409 1110 1 5505067 16228 1.6 20 13 2 7 91%  84 4871 418 31%
c - 169.22 13 15 0 410 1116 1 5525291 17141 1.6 20 13 2 7 91%  84 4871 418 31%
c - 169.75 13 15 0 411 1122 1 5545539 17412 1.6 20 13 2 7 91%  84 4871 418 31%
c - 170.28 13 15 0 412 1131 1 5565813 18119 1.6 20 13 2 7 90%  84 4871 418 31%
c - 170.88 13 15 0 413 1140 1 5586110 16961 1.6 20 13 2 7 91%  84 4871 418 31%
c u 170.98 13 15 0 413 1141 1 5586750 16379 1.6 20 13 2 7 91%  84 4871 418 31%
c v 171.06 13 15 0 413 1141 1 5586750 14530 1.6 20 13 2 7 91%  84 4871 418 31%
c w 171.08 13 15 0 413 1141 1 5586750 14218 1.6 20 13 2 7 91%  84 4871 418 31%
c o 171.08 13 15 0 413 1141 1 5586750 14218 1.6 20 13 2 7 91%  84 4871 418 31%
c - 171.52 13 15 0 414 1147 1 5606432 15804 1.6 20 13 2 7 90%  84 4871 418 31%
c - 172.02 13 15 0 415 1148 1 5626780 16361 1.6 20 13 2 7 89%  84 4871 418 31%
c - 172.57 13 15 0 416 1148 1 5647151 17062 1.6 20 12 2 7 89%  84 4871 418 31%
c - 173.19 13 15 0 417 1149 1 5667548 17690 1.6 19 12 2 7 89%  84 4871 418 31%
c - 173.87 13 14 0 418 1149 1 5687969 18341 1.6 20 12 2 7 90%  84 4871 418 31%
c
c seconds   switched     rate           size/glue  tier1   binary      remaining
c         MB  reductions    conflicts         size   tier2   irredundant
c          level    restarts       redundant     glue   trail      variables
c
c - 174.53 13 14 0 419 1149 1 5708415 18300 1.6 19 12 2 7 90%  84 4871 418 31%
c B 174.95 13 14 0 419 1152 1 5722105 24811 1.6 19 12 2 7 90%  84 4871 418 31%
c - 175.15 13 14 0 420 1156 1 5728884 19437 1.6 19 12 2 7 90%  84 4871 418 31%
c - 175.82 13 14 0 421 1164 1 5749377 19544 1.6 19 12 2 7 89%  84 4871 418 31%
c - 176.53 13 15 0 422 1175 1 5769895 17886 1.6 20 12 2 7 90%  84 4871 418 31%
c - 177.22 13 15 0 423 1180 1 5790437 17286 1.6 20 12 2 7 91%  84 4871 418 31%
c - 177.82 13 15 0 424 1187 1 5811003 17455 1.6 20 13 2 7 91%  84 4871 418 31%
c - 178.41 13 15 0 425 1195 1 5831594 17652 1.6 20 13 2 7 91%  84 4871 418 31%
c - 179.14 13 15 0 426 1206 1 5852210 17903 1.6 20 12 2 7 91%  84 4871 418 31%
c u 179.32 13 15 0 426 1208 1 5855026 18438 1.6 20 12 2 7 92%  84 4871 418 31%
c v 179.42 13 15 0 426 1208 1 5855026 16612 1.6 20 12 2 7 92%  84 4871 418 31%
c w 179.49 13 15 0 426 1208 1 5855026 15722 1.6 20 12 2 7 92%  84 4871 418 31%
c x 179.50 13 15 0 426 1208 1 5855026 15721 1.6 20 12 2 7 92%  84 4870 418 31%
c s 179.50 13 15 0 426 1208 1 5855026 15721 1.6 20 12 2 7 92%  84 4869 418 31%
c - 180.05 13 14 0 427 1211 1 5872849 15769 1.6 20 12 2 7 92%  84 4869 418 31%
c - 180.75 13 14 0 428 1212 1 5893512 16565 1.6 20 12 2 7 92%  84 4869 418 31%
c - 181.42 13 14 0 429 1212 1 5914202 17199 1.6 20 12 2 7 92%  84 4869 418 31%
c - 182.01 13 14 0 430 1224 1 5934915 17592 1.7 20 12 2 7 92%  84 4869 418 31%
c - 182.65 13 14 0 431 1232 1 5955651 17847 1.7 20 12 2 7 92%  84 4869 418 31%
c - 183.33 13 14 0 432 1242 1 5976411 18015 1.7 20 12 2 7 92%  84 4869 418 31%
c
c seconds   switched     rate           size/glue  tier1   binary      remaining
c         MB  reductions    conflicts         size   tier2   irredundant
c          level    restarts       redundant     glue   trail      variables
c
c - 183.92 13 14 0 433 1243 1 5997196 18365 1.7 21 12 2 7 92%  84 4869 418 31%
c - 184.62 13 14 0 434 1256 1 6018005 18370 1.7 21 12 2 7 92%  84 4869 418 31%
c W 184.64 13 14 0 434 1256 1 6018016 18378 1.7 21 12 2 7 92%  84 4869 418 31%
c o 184.64 13 14 0 434 1256 1 6018016 18378 1.7 21 12 2 7 92%  84 4869 418 31%
c - 185.16 13 15 0 435 1264 1 6038838 18878 1.7 21 12 2 7 92%  84 4869 418 31%
c - 185.80 13 15 0 436 1273 1 6059694 17876 1.7 21 13 2 7 92%  84 4869 418 31%
c - 186.42 13 15 0 437 1274 1 6080574 18619 1.7 21 12 2 7 92%  84 4869 418 31%
c - 187.06 13 15 0 438 1275 1 6101479 19638 1.7 21 12 2 7 91%  84 4869 418 31%
c - 187.78 13 15 0 439 1276 1 6122407 19384 1.7 21 12 2 7 92%  84 4869 418 31%
c u 188.12 13 15 0 439 1276 1 6130234 23847 1.7 21 12 2 7 91%  84 4869 418 31%
c v 188.27 13 15 0 439 1276 1 6130234 21650 1.7 21 12 2 7 91%  84 4869 418 31%
c w 188.56 13 15 0 439 1276 1 6130234 19909 1.7 21 12 2 7 91%  84 4869 418 31%
c - 189.02 13 15 0 440 1276 1 6143359 16915 1.7 21 12 2 7 91%  84 4869 418 31%
c - 189.67 13 14 0 441 1276 1 6164335 18459 1.7 20 12 2 7 90%  84 4869 418 31%
c - 190.33 13 14 0 442 1277 1 6185336 19382 1.7 20 12 2 7 90%  84 4869 418 31%
c - 191.00 13 15 0 443 1277 1 6206359 18856 1.7 20 12 2 7 90%  84 4869 418 31%
c - 191.78 13 15 0 444 1277 1 6227407 17460 1.7 21 12 2 7 91%  84 4869 418 31%
c - 192.45 13 14 0 445 1277 1 6248479 17299 1.7 21 12 2 7 91%  84 4869 418 31%
c - 193.21 13 14 0 446 1277 1 6269576 17163 1.7 20 12 2 7 91%  84 4869 418 31%
c - 193.90 13 14 0 447 1277 1 6290695 17581 1.7 20 12 2 7 91%  84 4869 418 31%
c
c seconds   switched     rate           size/glue  tier1   binary      remaining
c         MB  reductions    conflicts         size   tier2   irredundant
c          level    restarts       redundant     glue   trail      variables
c
c - 194.52 13 14 0 448 1278 1 6311838 18603 1.7 20 12 2 7 90%  84 4869 418 31%
c O 194.90 13 14 0 448 1284 1 6323210 24291 1.6 20 12 2 7 90%  84 4869 418 31%
c o 194.90 13 14 0 448 1284 1 6323210 24291 1.6 20 12 2 7 90%  84 4869 418 31%
c - 195.27 13 14 0 449 1291 1 6333004 19372 1.7 20 12 2 7 90%  84 4869 418 31%
c - 195.99 13 14 0 450 1299 1 6354194 19500 1.7 20 12 2 7 91%  84 4869 418 31%
c - 196.73 13 14 0 451 1307 1 6375408 18922 1.7 20 12 2 7 91%  84 4869 418 31%
c - 197.36 13 14 0 452 1311 1 6396645 19527 1.7 21 12 2 7 91%  84 4869 418 31%
c u 197.97 13 14 0 452 1321 1 6412373 27073 1.7 20 12 2 7 91%  84 4869 418 31%
c v 198.15 13 14 0 452 1321 1 6412373 24865 1.7 20 12 2 7 91%  84 4869 418 31%
c w 198.44 13 14 0 452 1321 1 6412373 20527 1.7 20 12 2 7 91%  84 4869 418 31%
c - 198.61 13 14 0 453 1322 1 6417906 15933 1.7 20 12 2 7 91%  84 4869 418 31%
c - 199.26 13 15 0 454 1331 1 6439190 17578 1.7 20 12 2 7 91%  84 4869 418 31%
c - 199.89 13 15 0 455 1339 1 6460497 17784 1.7 20 12 2 7 90%  84 4869 418 31%
c - 200.50 13 15 0 456 1340 1 6481829 18669 1.7 21 12 2 7 90%  84 4869 418 31%
c - 201.08 13 14 0 457 1340 1 6503183 18705 1.7 21 12 2 7 90%  84 4869 418 31%
c - 201.69 13 14 0 458 1350 1 6524560 19964 1.7 21 12 2 7 89%  84 4869 418 31%
c - 202.38 13 15 0 459 1359 1 6545960 20561 1.7 20 12 2 7 89%  84 4869 418 31%
c - 203.10 13 14 0 460 1370 1 6567384 20209 1.6 20 12 2 7 89%  84 4869 418 31%
c - 203.77 13 14 0 461 1371 1 6588832 21077 1.6 20 12 2 7 88%  84 4869 418 31%
c - 204.48 13 14 0 462 1384 1 6610302 21262 1.6 20 12 2 7 89%  84 4869 418 31%
c
c seconds   switched     rate           size/glue  tier1   binary      remaining
c         MB  reductions    conflicts         size   tier2   irredundant
c          level    restarts       redundant     glue   trail      variables
c
c - 205.19 13 14 0 463 1393 1 6631797 19337 1.6 19 12 2 7 89%  84 4869 418 31%
c B 205.35 13 14 0 463 1396 1 6637792 22849 1.6 19 12 2 7 89%  84 4869 418 31%
c o 205.35 13 14 0 463 1396 1 6637792 22849 1.6 19 12 2 7 89%  84 4869 418 31%
c - 205.84 13 14 0 464 1401 1 6653315 20228 1.6 20 12 2 7 90%  84 4869 418 31%
c - 206.47 13 14 0 465 1403 1 6674855 19193 1.6 20 12 2 7 90%  84 4869 418 31%
c - 207.05 13 14 0 466 1403 1 6696419 18266 1.6 19 12 2 7 90%  84 4869 418 31%
c u 207.27 13 14 0 466 1403 1 6701501 20261 1.6 19 12 2 7 90%  84 4869 418 31%
c v 207.38 13 14 0 466 1403 1 6701501 18501 1.6 19 12 2 7 90%  84 4869 418 31%
c w 207.46 13 14 0 466 1403 1 6701501 16567 1.6 19 12 2 7 90%  84 4869 418 31%
c = 208.36 37 14 0 466 1403 1 6701501 16567 1.6 19 12 2 7 90%  84 4857 417 31%
c u 208.43 37 14 0 466 1403 1 6701501 16112 1.6 19 12 2 7 90%  84 4857 417 31%
c v 208.51 37 14 0 466 1403 1 6701501 15320 1.6 19 12 2 7 90%  84 4857 417 31%
c w 208.57 37 14 0 466 1403 1 6701501 14827 1.6 19 12 2 7 90%  84 4857 417 31%
c e 208.57  8 14 0 466 1403 1 6701501 14827 1.6 19 12 2 7 90%  84 4879 415 30%
c s 208.57  8 14 0 466 1403 1 6701501 14827 1.6 19 12 2 7 90%  84 4873 415 30%
c - 209.06 10 14 0 467 1404 1 6718007 14964 1.6 20 12 2 7 91%  84 4873 415 30%
c - 209.68 10 15 0 468 1404 1 6739617 16560 1.6 20 12 2 7 91%  84 4873 415 30%
c - 210.31 10 14 0 469 1404 1 6761251 17156 1.6 20 12 2 7 91%  84 4873 415 30%
c - 211.08 11 14 0 470 1411 1 6782908 17874 1.6 20 12 2 7 91%  84 4873 415 30%
c - 211.74 11 14 0 471 1420 1 6804588 18871 1.6 20 12 2 7 91%  84 4873 415 30%
c
c seconds   switched     rate           size/glue  tier1   binary      remaining
c         MB  reductions    conflicts         size   tier2   irredundant
c          level    restarts       redundant     glue   trail      variables
c
c - 212.50 11 14 0 472 1433 1 6826291 19249 1.6 19 12 2 7 91%  84 4873 415 30%
c - 213.20 11 14 0 473 1435 1 6848016 19119 1.6 19 12 2 7 91%  84 4873 415 30%
c - 213.93 11 14 0 474 1446 1 6869765 19979 1.6 19 12 2 7 91%  84 4873 415 30%
c - 214.64 11 13 0 475 1455 1 6891536 19955 1.6 19 12 2 7 91%  84 4873 415 30%
c - 215.38 11 13 0 476 1465 1 6913330 20202 1.6 18 11 2 7 91%  84 4873 415 30%
c - 216.11 11 13 0 477 1466 1 6935148 21944 1.6 17 11 2 7 91%  84 4873 415 30%
c - 216.84 11 13 0 478 1467 1 6956988 22128 1.6 18 11 2 7 91%  84 4873 415 30%
c W 217.05 11 13 0 478 1467 1 6961868 24641 1.6 18 11 2 7 91%  84 4873 415 30%
c o 217.05 11 13 0 478 1467 1 6961868 24641 1.6 18 11 2 7 91%  84 4873 415 30%
c - 217.56 11 13 0 479 1474 1 6978851 21115 1.7 18 11 2 7 91%  84 4873 415 30%
c u 218.32 11 13 0 479 1482 1 6997729 30608 1.7 19 11 2 7 92%  84 4873 415 30%
c v 218.56 12 13 0 479 1482 1 6997729 27722 1.7 19 11 2 7 92%  84 4873 415 30%
c w 218.83 12 13 0 479 1482 1 6997729 23007 1.7 19 11 2 7 92%  84 4873 415 30%
c - 218.93 12 13 0 480 1482 1 7000738 17461 1.7 19 11 2 7 92%  84 4873 415 30%
c - 219.49 12 14 0 481 1496 1 7022646 18818 1.7 19 12 2 7 92%  84 4873 415 30%
c - 220.12 12 14 0 482 1498 1 7044577 18110 1.7 20 12 2 7 92%  84 4873 415 30%
c - 220.82 12 14 0 483 1508 1 7066531 18466 1.7 20 12 2 7 91%  84 4873 415 30%
c - 221.52 12 14 0 484 1518 1 7088509 18943 1.7 20 12 2 7 91%  84 4873 415 30%
c - 222.17 12 14 0 485 1528 1 7110509 19246 1.7 20 12 2 7 91%  84 4873 415 30%
c - 222.80 12 14 0 486 1530 1 7132531 20209 1.7 19 12 2 7 91%  84 4873 415 30%
c
c seconds   switched     rate           size/glue  tier1   binary      remaining
c         MB  reductions    conflicts         size   tier2   irredundant
c          level    restarts       redundant     glue   trail      variables
c
c - 223.53 12 14 0 487 1530 1 7154577 20681 1.7 20 12 2 7 92%  84 4873 415 30%
c - 224.20 13 14 0 488 1531 1 7176645 19753 1.7 20 12 2 7 91%  84 4873 415 30%
c - 224.90 13 14 0 489 1531 1 7198736 20273 1.7 20 12 2 7 91%  84 4873 415 30%
c - 225.72 13 14 0 490 1531 1 7220850 20454 1.7 20 12 2 7 91%  84 4873 415 30%
c - 226.46 13 14 0 491 1532 1 7242986 20357 1.7 19 12 2 7 91%  84 4873 415 30%
c - 227.25 13 13 0 492 1532 1 7265145 20102 1.7 19 11 2 7 91%  84 4873 415 30%
c - 228.07 13 13 0 493 1532 1 7287326 21561 1.7 19 11 2 7 91%  84 4873 415 30%
c I 228.42 13 13 0 493 1532 1 7295540 25208 1.7 19 11 2 7 92%  84 4873 415 30%
c o 228.42 13 13 0 493 1532 1 7295540 25208 1.7 19 11 2 7 92%  84 4873 415 30%
c u 228.73 13 13 0 493 1532 1 7300827 26885 1.7 19 11 2 7 92%  84 4873 415 30%
c v 228.92 13 13 0 493 1532 1 7300827 24161 1.7 19 11 2 7 92%  84 4873 415 30%
c w 229.18 13 13 0 493 1532 1 7300827 20164 1.7 19 11 2 7 92%  84 4873 415 30%
c - 229.46 13 13 0 494 1532 1 7309529 17513 1.7 19 11 2 7 92%  84 4873 415 30%
c - 230.08 13 14 0 495 1532 1 7331756 18637 1.7 19 12 2 7 92%  84 4873 415 30%
c - 230.87 13 14 0 496 1532 1 7354005 18521 1.6 19 12 2 7 91%  84 4873 415 30%
c - 231.60 13 14 0 497 1533 1 7376277 19338 1.6 19 12 2 7 91%  84 4873 415 30%
c - 232.32 13 14 0 498 1533 1 7398570 19562 1.6 19 12 2 7 92%  84 4873 415 30%
c - 232.97 13 14 0 499 1533 1 7420885 20742 1.7 19 12 2 7 91%  84 4873 415 30%
c - 233.67 13 14 0 500 1533 1 7443223 20959 1.6 19 12 2 7 91%  84 4873 415 30%
c - 234.43 13 14 0 501 1533 1 7465584 20068 1.6 19 11 2 7 91%  84 4873 415 30%
c
c seconds   switched     rate           size/glue  tier1   binary      remaining
c         MB  reductions    conflicts         size   tier2   irredundant
c          level    restarts       redundant     glue   trail      variables
c
c - 235.16 13 13 0 502 1533 1 7487967 21200 1.6 18 11 2 7 91%  84 4873 415 30%
c - 235.94 13 13 0 503 1533 1 7510373 21716 1.7 18 11 2 7 91%  84 4873 415 30%
c - 236.68 13 13 0 504 1533 1 7532801 21132 1.7 18 11 2 7 91%  84 4873 415 30%
c - 237.37 13 13 0 505 1533 1 7555251 21723 1.6 18 11 2 7 91%  84 4873 415 30%
c - 238.02 13 12 0 506 1533 1 7577723 22778 1.6 17 11 2 7 91%  84 4873 415 30%
c - 238.64 13 13 0 507 1533 1 7600217 22917 1.6 18 11 2 7 91%  84 4873 415 30%
c u 239.05 13 13 0 507 1533 1 7610978 28540 1.6 18 11 2 7 91%  84 4873 415 30%
c v 239.24 13 13 0 507 1533 1 7610978 25355 1.6 18 11 2 7 91%  84 4873 415 30%
c w 239.48 13 13 0 507 1533 1 7610978 21472 1.6 18 11 2 7 91%  84 4873 415 30%
c - 240.92 33 13 0 508 1533 1 7622734 17821 1.6 18 11 2 7 90%  84 4873 415 30%
c B 241.37 33 13 0 508 1542 1 7638912 27570 1.6 18 11 2 7 90%  84 4873 415 30%
c o 241.37 33 13 0 508 1542 1 7638912 27570 1.6 18 11 2 7 90%  84 4873 415 30%
c - 241.67 33 13 0 509 1546 1 7645272 19320 1.6 18 11 2 7 90%  84 4873 415 30%
c - 242.47 33 14 0 510 1555 1 7667833 19219 1.6 19 11 2 7 91%  84 4873 415 30%
c - 243.20 33 14 0 511 1563 1 7690416 18081 1.6 19 12 2 7 91%  84 4873 415 30%
c - 243.87 33 14 0 512 1569 1 7713021 18122 1.6 19 12 2 7 91%  84 4873 415 30%
c - 244.71 33 14 0 513 1579 1 7735649 19038 1.6 19 12 2 7 92%  84 4873 415 30%
c - 245.61 33 14 0 514 1591 1 7758298 18840 1.6 19 12 2 7 92%  84 4873 415 30%
c - 246.36 33 14 0 515 1595 1 7780970 19838 1.6 19 12 2 7 91%  84 4873 415 30%
c - 247.10 33 14 0 516 1596 1 7803663 20903 1.6 18 12 2 7 91%  84 4873 415 30%
c
c seconds   switched     rate           size/glue  tier1   binary      remaining
c         MB  reductions    conflicts         size   tier2   irredundant
c          level    restarts       redundant     glue   trail      variables
c
c - 247.79 33 14 0 517 1600 1 7826378 22072 1.6 19 12 2 7 89%  84 4873 415 30%
c - 248.59 33 14 0 518 1611 1 7849116 21720 1.6 18 12 2 7 89%  84 4873 415 30%
c - 249.33 33 13 0 519 1622 1 7871876 22797 1.6 18 11 2 7 88%  84 4873 415 30%
c - 250.08 33 13 0 520 1627 1 7894658 24010 1.6 18 11 2 7 87%  84 4873 415 30%
c - 251.06 33 13 0 521 1636 1 7917461 26570 1.7 18 11 2 7 87%  84 4873 415 30%
c u 251.54 33 13 0 521 1641 1 7928213 30649 1.7 18 11 2 7 88%  84 4873 415 30%
c v 251.79 33 13 0 521 1641 1 7928213 26857 1.7 18 11 2 7 88%  84 4873 415 30%
c w 251.98 33 13 0 521 1641 1 7928213 22392 1.7 18 11 2 7 88%  84 4873 415 30%
c - 252.32 34 13 0 522 1645 1 7940287 20295 1.6 18 11 2 7 88%  84 4873 415 30%
c - 252.99 34 13 0 523 1657 1 7963135 20023 1.6 17 11 2 7 89%  84 4873 415 30%
c - 253.67 34 13 0 524 1658 1 7986004 20488 1.6 17 11 2 7 89%  84 4873 415 30%
c W 253.96 34 13 0 524 1659 1 7992083 23581 1.6 17 11 2 7 89%  84 4873 415 30%
c o 253.96 34 13 0 524 1659 1 7992083 23581 1.6 17 11 2 7 89%  84 4873 415 30%
c - 254.50 34 13 0 525 1659 1 8008896 21641 1.6 17 11 2 7 90%  84 4873 415 30%
c - 255.32 34 13 0 526 1660 1 8031808 21704 1.6 18 11 2 7 90%  84 4873 415 30%
c - 256.20 34 13 0 527 1660 1 8054742 20307 1.6 18 11 2 7 91%  84 4873 415 30%
c - 257.12 34 13 0 528 1660 1 8077699 21030 1.6 18 11 2 7 91%  84 4873 415 30%
c - 257.96 34 13 0 529 1670 1 8100677 22533 1.7 19 11 2 7 91%  84 4873 415 30%
c - 258.84 34 13 0 530 1681 1 8123677 22398 1.7 19 11 2 7 91%  84 4873 415 30%
c - 259.69 34 13 0 531 1690 1 8146698 22168 1.7 18 11 2 7 91%  84 4873 415 30%
c
c seconds   switched     rate           size/glue  tier1   binary      remaining
c         MB  reductions    conflicts         size   tier2   irredundant
c          level    restarts       redundant     glue   trail      variables
c
c - 260.68 34 13 0 532 1694 1 8169741 23423 1.6 18 11 2 7 90%  84 4873 415 30%
c - 261.74 34 12 0 533 1706 1 8192808 24300 1.6 17 10 2 7 89%  84 4873 415 30%
c - 262.65 34 12 0 534 1717 1 8215894 25340 1.6 17 11 2 7 89%  84 4873 415 30%
c - 263.56 34 12 0 535 1722 1 8239002 23961 1.6 17 10 2 7 89%  84 4873 415 30%
c u 264.19 34 12 0 535 1723 1 8252535 30365 1.7 18 10 2 7 89%  84 4873 415 30%
c v 264.45 34 12 0 535 1723 1 8252535 27306 1.7 18 10 2 7 89%  84 4873 415 30%
c w 264.55 34 12 0 535 1723 1 8252535 25477 1.7 18 10 2 7 89%  84 4873 415 30%
c x 264.57 34 12 0 535 1723 1 8252535 25473 1.7 18 10 2 7 89%  84 4870 415 30%
c s 264.58 34 12 0 535 1723 1 8252535 25473 1.7 18 10 2 7 89%  84 4867 415 30%
c - 264.94 34 12 0 536 1723 1 8262132 22425 1.7 18 11 2 7 90%  84 4867 415 30%
c - 265.72 34 13 0 537 1726 1 8285285 23534 1.7 18 11 2 7 89%  84 4867 415 30%
c - 266.50 34 13 0 538 1738 1 8308459 21259 1.6 18 11 2 7 89%  84 4867 415 30%
c - 267.28 34 13 0 539 1749 1 8331653 22352 1.6 17 11 2 7 90%  84 4867 415 30%
c - 268.10 34 12 0 540 1754 1 8354870 22815 1.6 17 10 2 7 90%  84 4867 415 30%
c O 268.11 34 12 0 540 1754 1 8355153 22957 1.6 17 11 2 7 90%  84 4867 415 30%
c o 268.11 34 12 0 540 1754 1 8355153 22957 1.6 17 11 2 7 90%  84 4867 415 30%
c - 269.03 34 13 0 541 1764 1 8378107 23419 1.7 18 11 2 7 90%  84 4867 415 30%
c - 269.95 34 13 0 542 1773 1 8401367 21457 1.7 18 11 2 7 91%  84 4867 415 30%
c - 270.94 34 13 0 543 1784 1 8424647 21256 1.7 18 11 2 7 91%  84 4867 415 30%
c - 271.98 34 13 0 544 1786 1 8447949 21270 1.7 18 11 2 7 91%  84 4867 415 30%
c
c seconds   switched     rate           size/glue  tier1   binary      remaining
c         MB  reductions    conflicts         size   tier2   irredundant
c          level    restarts       redundant     glue   trail      variables
c
c - 272.81 34 13 0 545 1786 1 8471274 21534 1.7 18 11 2 7 91%  84 4867 415 30%
c - 273.65 34 13 0 546 1787 1 8494620 23271 1.7 18 11 2 7 91%  84 4867 415 30%
c - 274.47 34 13 0 547 1787 1 8517987 25517 1.7 19 11 2 7 91%  84 4867 415 30%
c - 275.45 32 13 0 548 1787 1 8541375 24038 1.7 19 11 2 7 91%  84 4867 415 30%
c - 276.36 34 13 0 549 1788 1 8564784 23668 1.8 19 11 2 7 91%  84 4867 415 30%
c u 277.31 34 13 0 549 1788 1 8584038 33542 1.8 20 11 2 7 91%  84 4867 415 30%
c v 277.59 34 13 0 549 1788 1 8584038 30398 1.8 20 11 2 7 91%  84 4867 415 30%
c w 277.95 34 13 0 549 1788 1 8584038 25416 1.8 20 11 2 7 91%  84 4867 415 30%
c - 278.10 34 13 0 550 1788 1 8588215 19799 1.8 20 11 2 7 91%  84 4867 415 30%
c - 279.03 34 13 0 551 1788 1 8611668 22627 1.8 19 11 2 7 91%  84 4867 415 30%
c - 280.04 34 13 0 552 1788 1 8635142 22693 1.8 19 11 2 7 92%  84 4867 415 30%
c - 281.00 34 13 0 553 1788 1 8658636 21995 1.8 19 11 2 7 91%  84 4867 415 30%
c - 282.08 34 13 0 554 1794 1 8682152 22535 1.7 19 11 2 7 91%  84 4867 415 30%
c - 283.06 34 12 0 555 1803 1 8705689 23921 1.7 18 11 2 7 91%  84 4867 415 30%
c B 283.79 34 13 0 555 1816 1 8728223 37183 1.7 19 11 2 7 92%  84 4867 415 30%
c o 283.79 34 13 0 555 1816 1 8728223 37183 1.7 19 11 2 7 92%  84 4867 415 30%
c - 283.84 34 13 0 556 1817 1 8729248 24396 1.7 19 11 2 7 92%  84 4867 415 30%
c - 284.63 34 13 0 557 1819 1 8752827 24342 1.7 19 11 2 7 92%  84 4867 415 30%
c - 285.51 34 13 0 558 1832 1 8776427 26074 1.8 19 11 2 7 92%  84 4867 415 30%
c - 286.38 32 13 0 559 1841 1 8800050 25532 1.8 19 11 2 7 91%  84 4867 415 30%
c
c seconds   switched     rate           size/glue  tier1   binary      remaining
c         MB  reductions    conflicts         size   tier2   irredundant
c          level    restarts       redundant     glue   trail      variables
c
c - 287.22 34 13 0 560 1850 1 8823693 23624 1.7 19 11 2 7 91%  84 4867 415 30%
c - 287.97 34 13 0 561 1851 1 8847359 25516 1.7 18 11 2 7 91%  84 4867 415 30%
c - 288.75 34 13 0 562 1851 1 8871046 27223 1.7 18 11 2 7 89%  84 4867 415 30%
c - 289.58 34 13 0 563 1865 1 8894752 26208 1.7 18 11 2 7 88%  84 4867 415 30%
c - 290.39 34 13 0 564 1874 1 8918480 26852 1.7 18 11 2 7 88%  84 4867 415 30%
c u 290.67 34 13 0 564 1877 1 8922725 27599 1.7 18 11 2 7 89%  84 4867 415 30%
c v 290.92 34 13 0 564 1877 1 8922725 24071 1.7 18 11 2 7 89%  84 4867 415 30%
c w 291.08 34 13 0 564 1877 1 8922725 22081 1.7 18 11 2 7 89%  84 4867 415 30%
c - 291.63 34 13 0 565 1882 1 8942228 22025 1.7 18 11 2 7 89%  84 4867 415 30%
c - 292.35 34 13 0 566 1889 1 8965998 22371 1.7 18 11 2 7 89%  84 4867 415 30%
c - 293.09 34 13 0 567 1900 1 8989789 22472 1.7 18 11 2 7 90%  84 4867 415 30%
c - 293.88 34 13 0 568 1912 1 9013602 23862 1.7 18 11 2 7 90%  84 4867 415 30%
c - 294.65 34 13 0 569 1914 1 9037435 24255 1.6 18 11 2 7 90%  84 4867 415 30%
c - 295.47 34 13 0 570 1914 1 9061288 23762 1.6 18 11 2 7 91%  84 4867 415 30%
c - 296.22 34 13 0 571 1915 1 9085163 24840 1.6 18 11 2 7 90%  84 4867 415 30%
c - 296.98 34 13 0 572 1915 1 9109059 25384 1.6 18 11 2 7 90%  84 4867 415 30%
c W 297.08 34 13 0 572 1915 1 9111392 26589 1.6 18 11 2 7 91%  84 4867 415 30%
c o 297.08 34 13 0 572 1915 1 9111392 26589 1.6 18 11 2 7 91%  84 4867 415 30%
c - 297.94 34 13 0 573 1915 1 9132975 25129 1.6 18 11 2 7 91%  84 4867 415 30%
c - 298.82 34 13 0 574 1929 1 9156913 24136 1.6 18 11 2 7 91%  84 4867 415 30%
c
c seconds   switched     rate           size/glue  tier1   binary      remaining
c         MB  reductions    conflicts         size   tier2   irredundant
c          level    restarts       redundant     glue   trail      variables
c
c - 299.67 34 13 0 575 1938 1 9180872 23969 1.6 18 11 2 7 90%  84 4867 415 30%
c - 300.48 34 14 0 576 1946 1 9204851 24092 1.6 19 11 2 7 91%  84 4867 415 30%
c - 301.34 34 14 0 577 1953 1 9228852 23401 1.6 19 12 2 7 91%  84 4867 415 30%
c - 302.10 34 14 0 578 1964 1 9252873 23210 1.6 19 12 2 7 91%  84 4867 415 30%
c u 302.80 34 14 0 578 1974 1 9268595 30648 1.6 19 12 2 7 91%  84 4867 415 30%
c v 303.01 34 14 0 578 1974 1 9268595 28066 1.6 19 12 2 7 91%  84 4867 415 30%
c w 303.29 34 14 0 578 1974 1 9268595 22878 1.6 19 12 2 7 91%  84 4867 415 30%
c - 304.93 41 14 0 579 1976 1 9276915 19503 1.6 19 12 2 7 91%  84 4867 415 30%
c - 305.67 41 13 0 580 1978 1 9300977 22486 1.7 19 11 2 7 91%  84 4867 415 30%
c - 306.46 41 13 0 581 1978 1 9325061 24502 1.7 18 11 2 7 91%  84 4867 415 30%
c - 307.20 41 13 0 582 1989 1 9349165 26897 1.7 18 11 2 7 91%  84 4867 415 30%
c - 307.92 41 13 0 583 2000 1 9373289 26172 1.7 18 11 2 7 91%  84 4867 415 30%
c - 308.67 41 12 0 584 2008 1 9397434 26596 1.7 17 10 2 7 91%  84 4867 415 30%
c - 309.46 41 12 0 585 2015 1 9421601 28942 1.7 17 10 2 7 91%  84 4867 415 30%
c s 309.59 41 12 0 585 2016 1 9425929 31375 1.7 17 10 2 7 91%  85 4865 415 30%
c - 310.34 41 12 0 586 2024 1 9445788 29527 1.7 17 10 2 7 91%  85 4865 415 30%
c - 311.21 41 12 0 587 2038 1 9469995 27279 1.7 17 10 2 7 91%  85 4865 415 30%
c - 311.97 41 12 0 588 2040 1 9494223 26750 1.7 16 10 2 7 91%  85 4865 415 30%
c I 312.33 41 11 0 588 2041 1 9504755 30944 1.7 16 10 2 7 92%  85 4865 415 30%
c o 312.33 41 11 0 588 2041 1 9504755 30944 1.7 16 10 2 7 92%  85 4865 415 30%
c
c seconds   switched     rate           size/glue  tier1   binary      remaining
c         MB  reductions    conflicts         size   tier2   irredundant
c          level    restarts       redundant     glue   trail      variables
c
c - 312.76 41 11 0 589 2041 1 9518474 26468 1.6 16 10 2 7 91%  85 4865 415 30%
c - 313.61 41 11 0 590 2042 1 9542743 26316 1.6 16 10 2 7 91%  85 4865 415 30%
c - 314.44 41 11 0 591 2042 1 9567032 26288 1.7 16 10 2 7 91%  85 4865 415 30%
c - 315.19 41 11 0 592 2042 1 9591342 28253 1.7 16 10 2 7 91%  86 4865 415 30%
c - 315.99 41 11 0 593 2043 1 9615675 27604 1.7 16 10 2 7 91%  86 4865 415 30%
c u 316.34 41 11 0 593 2043 1 9621651 29285 1.7 16 10 2 7 91% 163 4865 415 30%
c v 316.53 41 11 0 593 2043 1 9621651 24497 1.7 16 10 2 7 91%  95 4865 415 30%
c w 316.66 41 11 0 593 2043 1 9621651 21378 1.7 16 10 2 7 91%  95 4865 415 30%
c t 316.66 41 11 0 593 2043 1 9621651 21378 1.7 16 10 2 7 91%  94 4865 415 30%
c - 317.28 41 11 0 594 2043 1 9640027 22465 1.7 16 10 2 7 91%  94 4865 415 30%
c - 318.09 41 11 0 595 2043 1 9664400 25992 1.7 15 9 2 7 91%  95 4865 415 30%
c - 318.93 41 11 0 596 2043 1 9688794 28265 1.6 15 9 2 7 91%  95 4865 415 30%
c i 319.60 41 11 0 596 2043 1 9710996 38385 1.6 14 9 2 7 91% 104 4865 414 30%
c - 319.68 41 11 0 597 2043 1 9713208 15818 1.6 14 9 2 7 90%  89 4865 414 30%
c - 320.58 41 11 0 598 2044 1 9737641 20498 1.7 15 9 2 7 90%  89 4865 414 30%
c - 321.58 41 11 0 599 2044 1 9762095 23829 1.7 15 9 2 7 90%  89 4865 414 30%
c - 322.50 41 11 0 600 2044 1 9786571 26127 1.7 16 9 2 7 91%  89 4865 414 30%
c - 323.52 41 11 0 601 2044 1 9811065 27607 1.7 16 9 2 7 91%  89 4865 414 30%
c - 324.50 41 11 0 602 2044 1 9835582 30434 1.7 15 9 2 7 91%  90 4865 414 30%
c - 325.42 41 10 0 603 2044 1 9860118 32778 1.8 15 9 2 7 90%  93 4865 414 30%
c
c seconds   switched     rate           size/glue tier1   binary      remaining
c         MB  reductions    conflicts         size  tier2   irredundant
c          level    restarts       redundant    glue   trail      variables
c
c i 325.57 41 10 0 603 2044 1 9863881 34079 1.7 15 8 2 7 90% 106 4865 413 30%
c i 326.09 41 10 0 603 2044 1 9874784 38251 1.7 15 8 2 7 90% 113 4865 412 30%
c - 326.60 41 10 0 604 2044 1 9884675 20951 1.7 14 8 2 7 90%  92 4865 412 30%
c i 326.76 41 10 0 604 2044 1 9888365 22114 1.7 14 8 2 7 90% 102 4865 410 30%
c i 326.95 41 10 0 604 2044 1 9892177 23287 1.7 14 8 2 7 90% 115 4865 405 30%
c i 327.13 41 10 0 604 2044 1 9896133 24886 1.7 14 8 2 7 90% 124 4865 389 28%
c i 327.19 41 10 0 604 2044 1 9897505 25344 1.7 14 8 2 7 90% 131 4865 383 28%
c i 327.23 41 10 0 604 2044 1 9898463 25538 1.7 14 8 2 7 90% 142 4865 375 27%
c i 327.25 41 10 0 604 2044 1 9898924 25613 1.7 14 8 2 7 90% 151 4865 360 26%
c i 327.26 41 10 0 604 2044 1 9898975 25624 1.7 14 8 2 7 90% 151 4865 358 26%
c i 327.26 41 10 0 604 2044 1 9899079 25633 1.7 14 8 2 7 90% 158 4865 291 21%
c i 327.26 41 10 0 604 2044 1 9899095 25633 1.7 14 8 2 7 90% 162 4865 278 20%
c i 327.26 41 10 0 604 2044 1 9899099 25633 1.7 14 8 2 7 90% 165 4865 265 19%
c i 327.26 41 10 0 604 2044 1 9899100 25633 1.7 14 8 2 7 90% 165 4865 143 10%
c i 327.26 41 10 0 604 2044 1 9899102 25633 1.7 14 8 2 7 90% 166 4865 139 10%
c ] 327.26 41 10 0 604 2044 1 9899104 25633 1.7 14 8 2 7 90% 166 4865  1 0%
c 0 327.26 41 0 0 604 2044 0 9899104 25633 0.0 0 0 2 6 0% 166 4865  1 0%
c
c ---- [ result ] ------------------------------------------------------------
c
s UNSATISFIABLE
c
c ---- [ profiling ] ---------------------------------------------------------
c
c         304.84   93.15 %  search
c         304.84   93.15 %  stable
c          22.40    6.85 %  simplify
c          21.77    6.65 %  probe
c          15.35    4.69 %  vivify
c           6.24    1.91 %  sweep
c           1.25    0.38 %  reduce
c           0.58    0.18 %  walking
c           0.12    0.04 %  substitute
c           0.07    0.02 %  eliminate
c           0.04    0.01 %  factor
c           0.02    0.01 %  preprocess
c           0.01    0.00 %  subsume
c           0.01    0.00 %  congruence
c           0.01    0.00 %  transitive
c           0.00    0.00 %  backbone
c           0.00    0.00 %  lucky
c           0.00    0.00 %  parse
c =============================================
c         327.26  100.00 %  total
c
c ---- [ statistics ] --------------------------------------------------------
c
c conflicts:                          9899104            30248.20 per second
c congruent:                               53                4 %  variables
c decisions:                         10377192                1.05 per conflict
c eliminated:                             926               68 %  variables
c factored:                                63                5 %  variables
c iterations:                              16                1 %  variables
c propagations:                    1281882894          3916986    per second
c reductions:                             604            16389    interval
c reordered:                               40           247478    interval
c rephased:                                63           157129    interval
c restarts:                              2044             4843    interval
c strengthened:                          1140                0 %  checks
c substituted:                             84                6 %  variables
c subsumed:                               636                0 %  checks
c switched:                                 0                0    interval
c vivified:                            473388               45 %  checks
c walks:                                   21           471386    interval
c
c ---- [ glue usage ] --------------------------------------------------------
c
c stable glue 2   used 36814596 clauses 22.57% accumulated 64.99% tier1
c stable glue 3   used 20689456 clauses 12.69% accumulated 77.68%
c stable glue 4-5 used 15000479 clauses  9.20% accumulated 86.88%
c stable glue 6   used  4530404 clauses  2.78% accumulated 89.65%
c stable glue 7   used  3204385 clauses  1.96% accumulated 91.62% tier2
c
c ---- [ resources ] ---------------------------------------------------------
c
c maximum-resident-set-size:        428707840 bytes        409 MB
c process-time:                         5m 27s             327.26 seconds
c
c ---- [ shutting down ] -----------------------------------------------------
c
c exit 20
