c ---- [ banner ] ------------------------------------------------------------
c
c Kissat SAT Solver
c 
c Copyright (c) 2021-2024 Armin Biere University of Freiburg
c Copyright (c) 2019-2021 Armin Biere Johannes Kepler University Linz
c 
c Version 4.0.4 8af8e56f174b778aef3aa45af9f739b2a5f492c2
c gcc (GCC) 15.2.1 20260123 (Red Hat 15.2.1-7) -W -Wall -O3 -DNDEBUG
c Thu Apr 23 06:47:51 PM IST 2026 Linux krishnendu-LN 6.19.12-200.fc43.x86_64 x86_64
c
c ---- [ parsing ] -----------------------------------------------------------
c
c opened and reading DIMACS file:
c
c   /home/krishnendu/Research/fv-invariant-mining/data/circuits/cnf/miter_mult_8bit.cnf
c
c parsed 'p cnf 679 2553' header
c closing input after reading 37235 bytes (36 KB)
c finished parsing after 0.00 seconds
c
c ---- [ options ] -----------------------------------------------------------
c
c --decay=1                        (different from default '50')
c --eliminateeffort=300            (different from default '100')
c
c ---- [ solving ] -----------------------------------------------------------
c
c seconds switched rate     size/glue tier1 binary      remaining
c        MB reductions conflicts size  tier2  irredundant
c         level restarts redundant glue  trail      variables
c
c *  0.00  3 0 0 0  0 0   0   0 0.0 0 0 0 0 0% 887 1664 676 100%
c (  0.00  3 0 0 0  0 0   0   0 0.0 0 0 0 0 0% 887 1664 676 100%
c .  0.00  3 0 0 0  0 0   0   0 0.0 0 0 0 0 0% 883 1664 676 100%
c c  0.00  3 0 0 0  0 0   0   0 0.0 0 0 0 0 0% 919 1662 649 96%
c d  0.00  3 0 0 0  0 0   0   0 0.0 0 0 0 0 0% 829 1662 649 96%
c =  0.02  3 0 0 0  0 0   0   0 0.0 0 0 0 0 0% 843 1650 641 95%
c d  0.02  3 0 0 0  0 0   0   0 0.0 0 0 0 0 0% 823 1650 641 95%
c f  0.02  3 0 0 0  0 0   0   0 0.0 0 0 0 0 0% 812 1635 662 98%
c )  0.02  3 0 0 0  0 0   0   0 0.0 0 0 0 0 0% 812 1635 662 98%
c {  0.02  3 0 0 0  0 0   0   0 0.0 0 0 2 6 0% 812 1635 662 98%
c -  0.04  4 12 0 1 109 2 1000 541 2.2 17 8 3 9 85% 820 1635 662 98%
c }  0.04  4 12 1 1 109 2 1000 541 2.2 17 8 3 9 85% 820 1635 662 98%
c [  0.04  4 0 1 1 109 0 1000 541 0.0 0 0 2 6 0% 820 1635 662 98%
c B  0.04  4 9 1 1 109 1 1005 543 1.3 9 7 2 6 91% 820 1635 662 98%
c ]  0.05  4 10 2 1 109 1 1790 1256 4.7 24 5 2 6 88% 821 1635 662 98%
c {  0.05  4 12 2 1 109 2 1790 1256 2.2 17 8 3 9 85% 821 1635 662 98%
c -  0.06  4 12 2 2 109 2 2001 1196 2.3 18 8 3 9 85% 821 1635 662 98%
c }  0.08  4 12 3 2 109 2 2792 1901 2.7 20 8 2 8 87% 824 1635 662 98%
c [  0.08  4 10 3 2 109 1 2792 1901 4.7 24 5 2 6 88% 824 1635 662 98%
c W  0.08  4 10 3 2 109 1 2792 1901 4.7 24 5 2 6 88% 824 1635 662 98%
c
c seconds  switched  rate       size/glue tier1   binary      remaining
c        MB reductions conflicts      size  tier2   irredundant
c         level restarts   redundant    glue   trail      variables
c
c -  0.09  4 10 3 3 109 1 3415 1716 3.2 21 6 2 6 91% 824 1635 662 98%
c u  0.10  4 10 3 3 109 1 3666 1762 3.0 20 7 2 6 91% 829 1635 662 98%
c v  0.10  4 10 3 3 109 1 3666 1360 3.0 20 7 2 6 91% 829 1635 662 98%
c w  0.10  4 10 3 3 109 1 3666 1318 3.0 20 7 2 6 91% 829 1635 662 98%
c x  0.10  4 10 3 3 109 1 3666 1318 3.0 20 7 2 6 91% 835 1602 662 98%
c =  0.12  4 10 3 3 109 1 3666 1318 3.0 20 7 2 6 91% 875 1602 642 95%
c d  0.12  4 10 3 3 109 1 3666 1318 3.0 20 7 2 6 91% 815 1602 642 95%
c t  0.12  4 10 3 3 109 1 3666 1318 3.0 20 7 2 6 91% 807 1602 642 95%
c u  0.12  4 10 3 3 109 1 3666 1282 3.0 20 7 2 6 91% 808 1602 642 95%
c v  0.12  4 10 3 3 109 1 3666 1133 3.0 20 7 2 6 91% 808 1602 642 95%
c w  0.12  4 10 3 3 109 1 3666 1106 3.0 20 7 2 6 91% 808 1602 642 95%
c x  0.13  4 10 3 3 109 1 3666 1106 3.0 20 7 2 6 91% 808 1599 642 95%
c ]  0.15  4 11 4 3 110 1 4098 1416 2.7 20 7 2 7 91% 808 1599 642 95%
c {  0.15  4 12 4 3 110 2 4098 1416 2.7 20 8 2 8 87% 808 1599 642 95%
c -  0.18  4 13 4 4 372 2 5148 1607 2.4 19 8 2 8 87% 815 1599 642 95%
c }  0.20  4 12 5 4 372 2 6451 2403 2.3 17 8 2 8 88% 816 1599 642 95%
c [  0.20  4 11 5 4 372 1 6451 2403 2.7 20 7 2 7 91% 816 1599 642 95%
c I  0.20  4 11 5 4 372 1 6451 2403 2.7 20 7 2 7 91% 816 1599 642 95%
c -  0.21  4 11 5 5 372 1 7148 2523 2.6 20 8 2 9 91% 817 1599 642 95%
c -  0.24  5 11 5 6 374 1 9384 3582 2.3 18 8 3 9 90% 817 1599 642 95%
c
c seconds  switched  rate        size/glue tier1   binary      remaining
c        MB reductions conflicts       size  tier2   irredundant
c         level restarts    redundant    glue   trail      variables
c
c B  0.25  5 11 5 6 374 1 10223 4227 2.3 18 8 3 9 89% 817 1599 642 95%
c o  0.25  5 11 5 6 374 1 10223 4227 2.3 18 8 3 9 89% 817 1599 642 95%
c ]  0.25  5 11 6 6 374 1 10330 4246 2.3 18 8 3 9 89% 817 1599 642 95%
c {  0.25  5 12 6 6 374 2 10330 4246 2.3 17 8 2 8 88% 817 1599 642 95%
c u  0.27  4 12 6 6 380 2 11315 4945 2.2 17 8 2 8 88% 821 1599 642 95%
c v  0.28  5 12 6 6 380 2 11315 4911 2.2 17 8 2 8 88% 821 1599 642 95%
c w  0.28  5 12 6 6 380 2 11315 4905 2.2 17 8 2 8 88% 821 1599 642 95%
c t  0.28  5 12 6 6 380 2 11315 4905 2.2 17 8 2 8 88% 819 1599 642 95%
c -  0.29  5 12 6 7 416 2 11833 4411 2.2 17 8 2 8 86% 821 1599 642 95%
c }  0.32  5 12 7 7 581 2 14399 6600 2.1 15 7 2 8 77% 832 1599 642 95%
c [  0.32  5 11 7 7 581 1 14399 6600 2.3 18 8 3 9 89% 832 1599 642 95%
c -  0.32  5 11 7 8 581 1 14478 5450 2.3 18 8 2 9 89% 832 1599 642 95%
c W  0.35  5 11 7 8 582 1 15754 6153 2.1 17 8 2 9 87% 832 1599 642 95%
c -  0.37  5 11 7 9 583 1 17306 5063 2.0 16 8 2 8 89% 832 1599 642 95%
c ]  0.38  5 11 8 9 583 1 17599 5159 2.0 16 8 2 8 89% 832 1599 642 95%
c {  0.38  5 12 8 9 583 2 17599 5159 2.1 15 7 2 8 77% 832 1599 642 95%
c s  0.40  5 12 8 9 866 2 18329 5795 2.0 15 8 2 8 77% 834 1596 642 95%
c e  0.40  5 12 8 9 866 2 18329 5795 2.0 15 8 2 8 77% 244 1926 398 59%
c s  0.40  5 12 8 9 866 2 18329 5795 2.0 15 8 2 8 77% 246 1867 398 59%
c e  0.41  5 12 8 9 866 2 18329 5795 2.0 15 8 2 8 77% 237 1873 393 58%
c
c seconds  switched  rate        size/glue tier1   binary      remaining
c        MB reductions conflicts       size  tier2   irredundant
c         level restarts    redundant    glue   trail      variables
c
c ^  0.41  5 12 8 9 866 2 18329 5795 2.0 15 8 2 8 77% 237 1873 393 58%
c -  0.44  5 13 8 10 1223 2 20307 3057 2.0 16 8 2 8 78% 241 1873 393 58%
c o  0.45  5 13 8 10 1239 2 20679 3374 2.0 16 8 2 8 78% 241 1873 393 58%
c u  0.50  5 12 8 10 1430 2 23182 4723 2.0 16 8 2 8 79% 245 1873 393 58%
c v  0.51  5 12 8 10 1430 2 23182 4611 2.0 16 8 2 8 79% 245 1873 393 58%
c w  0.51  5 12 8 10 1430 2 23182 4567 2.0 16 8 2 8 79% 245 1873 393 58%
c x  0.51  5 12 8 10 1430 2 23182 4565 2.0 16 8 2 8 79% 249 1795 393 58%
c =  0.53  5 12 8 10 1430 2 23182 4565 2.0 16 8 2 8 79% 253 1791 391 58%
c d  0.53  5 12 8 10 1430 2 23182 4565 2.0 16 8 2 8 79% 249 1791 391 58%
c t  0.53  5 12 8 10 1430 2 23182 4565 2.0 16 8 2 8 79% 247 1791 391 58%
c f  0.54  5 12 8 10 1430 2 23182 4565 2.0 16 8 2 8 79% 275 1729 407 60%
c u  0.54  5 12 8 10 1430 2 23182 4488 2.0 16 8 2 8 79% 275 1729 407 60%
c v  0.54  5 12 8 10 1430 2 23182 4322 2.0 16 8 2 8 79% 275 1729 407 60%
c w  0.55  5 12 8 10 1430 2 23182 4305 2.0 16 8 2 8 79% 275 1729 407 60%
c x  0.55  5 12 8 10 1430 2 23182 4305 2.0 16 8 2 8 79% 275 1722 407 60%
c -  0.58  5 12 8 11 1499 2 23469 3510 2.0 16 8 2 7 79% 275 1722 407 60%
c }  0.59  5 12 9 11 1557 2 23758 3753 2.0 16 8 2 7 79% 276 1722 407 60%
c [  0.59  5 11 9 11 1557 1 23758 3753 2.0 16 8 2 8 89% 276 1722 407 60%
c O  0.59  5 11 9 11 1557 1 23758 3753 2.0 16 8 2 8 89% 276 1722 407 60%
c -  0.65  5 11 9 12 1559 1 26786 3187 1.8 15 8 2 8 92% 277 1722 407 60%
c
c seconds  switched    rate        size/glue tier1   binary      remaining
c        MB  reductions  conflicts       size  tier2   irredundant
c         level   restarts    redundant    glue   trail      variables
c
c -  0.70  5 10 9 13 1562 1 30250 3312 1.8 14 8 2 8 92% 277 1722 407 60%
c ]  0.71  5 10 10 13 1562 1 30666 3592 1.8 14 8 2 8 92% 277 1722 407 60%
c {  0.71  5 12 10 13 1562 2 30666 3592 2.0 16 8 2 7 79% 277 1722 407 60%
c -  0.76  5 13 10 14 1932 2 33855 4667 2.0 16 8 2 7 81% 277 1722 407 60%
c s  0.82  5 12 10 14 1932 2 37131 6669 2.0 15 8 2 7 81% 280 1721 407 60%
c e  0.82  5 12 10 14 1932 2 37131 6669 2.0 15 8 2 7 81% 215 1817 356 53%
c s  0.82  5 12 10 14 1932 2 37131 6669 2.0 15 8 2 7 81% 217 1799 356 53%
c e  0.83  5 12 10 14 1932 2 37131 6669 2.0 15 8 2 7 81% 214 1804 354 52%
c ^  0.83  5 12 10 14 1932 2 37131 6669 2.0 15 8 2 7 81% 214 1804 354 52%
c -  0.83  5 12 10 15 1935 2 37596 3310 2.0 15 8 2 7 81% 214 1804 354 52%
c }  0.86  5 12 11 15 2237 2 39293 4811 2.0 16 8 2 7 82% 214 1804 354 52%
c [  0.86  5 10 11 15 2237 1 39293 4811 1.8 14 8 2 8 92% 214 1804 354 52%
c B  0.86  5 10 11 15 2237 1 39293 4811 1.8 14 8 2 8 92% 214 1804 354 52%
c u  0.88  5 10 11 15 2237 1 40078 4802 1.8 14 8 2 8 92% 215 1804 354 52%
c v  0.89  5 10 11 15 2237 1 40078 4266 1.8 14 8 2 8 92% 215 1804 354 52%
c w  0.89  5 10 11 15 2237 1 40078 4181 1.8 14 8 2 8 92% 215 1804 354 52%
c f  0.90  5 10 11 15 2237 1 40078 4181 1.8 14 8 2 8 92% 220 1787 358 53%
c u  0.90  5 10 11 15 2237 1 40078 4110 1.8 14 8 2 8 92% 220 1787 358 53%
c v  0.91  5 10 11 15 2237 1 40078 3689 1.8 14 8 2 8 92% 220 1787 358 53%
c w  0.91  5 10 11 15 2237 1 40078 3659 1.8 14 8 2 8 92% 220 1787 358 53%
c
c seconds   switched    rate        size/glue tier1   binary      remaining
c        MB   reductions  conflicts       size  tier2   irredundant
c         level    restarts    redundant    glue   trail      variables
c
c x  0.91  5 10 11 15 2237 1 40078 3659 1.8 14 8 2 8 92% 224 1753 358 53%
c =  0.95  5 10 11 15 2237 1 40078 3659 1.8 14 8 2 8 92% 226 1751 357 53%
c d  0.95  5 10 11 15 2237 1 40078 3659 1.8 14 8 2 8 92% 224 1751 357 53%
c -  0.97  6 10 11 16 2239 1 41470 3426 1.7 14 8 2 8 92% 224 1750 357 53%
c -  1.02  6 10 11 17 2242 1 45470 3662 1.7 14 8 2 8 93% 224 1749 357 53%
c ]  1.07  6 10 12 17 2243 1 48760 4951 1.7 13 8 2 8 93% 224 1749 357 53%
c {  1.07  6 12 12 17 2243 2 48760 4951 2.0 16 8 2 7 82% 224 1749 357 53%
c -  1.08  6 12 12 18 2259 2 49593 4171 2.0 16 8 2 7 82% 224 1749 357 53%
c o  1.11  6 12 12 18 2262 2 52011 5680 2.0 15 8 2 7 82% 225 1749 357 53%
c -  1.15  6 12 12 19 2596 2 53835 5696 2.0 15 8 2 6 82% 226 1749 357 53%
c -  1.23  6 11 12 20 2776 2 58194 6885 2.0 15 8 2 6 83% 231 1749 357 53%
c i  1.24  6 11 12 20 2776 2 59226 7424 2.0 15 7 2 6 83% 241 1749 356 53%
c }  1.27  6 11 13 20 2776 2 60239 8382 2.0 15 7 2 6 83% 241 1749 356 53%
c [  1.27  6 10 13 20 2776 1 60239 8382 1.7 13 8 2 8 93% 241 1749 356 53%
c W  1.27  6 10 13 20 2776 1 60239 8382 1.7 13 8 2 8 93% 224 1743 356 53%
c b  1.29  6 10 13 20 2777 1 61876 7094 1.7 13 8 2 8 92% 227 1741 354 52%
c u  1.30  6 10 13 20 2777 1 61876 6831 1.7 13 8 2 8 92% 231 1741 354 52%
c v  1.31  6 10 13 20 2777 1 61876 5417 1.7 13 8 2 8 92% 234 1741 354 52%
c w  1.31  6 10 13 20 2777 1 61876 5376 1.7 13 8 2 8 92% 234 1741 354 52%
c x  1.31  6 10 13 20 2777 1 61876 5372 1.7 13 8 2 8 92% 244 1711 354 52%
c
c seconds   switched    rate        size/glue tier1   binary      remaining
c        MB   reductions  conflicts       size  tier2   irredundant
c         level    restarts    redundant    glue   trail      variables
c
c t  1.36  6 10 13 20 2777 1 61876 5372 1.7 13 8 2 8 92% 237 1711 354 52%
c u  1.36  6 10 13 20 2777 1 61876 5163 1.7 13 8 2 8 92% 240 1711 354 52%
c v  1.37  6 10 13 20 2777 1 61876 5085 1.7 13 8 2 8 92% 241 1711 354 52%
c w  1.37  6 10 13 20 2777 1 61876 5066 1.7 13 8 2 8 92% 241 1711 354 52%
c x  1.38  6 10 13 20 2777 1 61876 5066 1.7 13 8 2 8 92% 241 1700 354 52%
c t  1.38  6 10 13 20 2777 1 61876 5066 1.7 13 8 2 8 92% 239 1700 354 52%
c -  1.39  6 10 13 21 2778 1 62666 4318 1.6 13 8 2 8 92% 232 1700 354 52%
c -  1.47  6 10 13 22 2781 1 67248 4880 1.6 13 8 2 7 92% 232 1700 354 52%
c ]  1.53  6 10 14 22 2782 1 70571 6050 1.6 13 8 2 7 93% 233 1700 354 52%
c {  1.53  6 11 14 22 2782 2 70571 6050 2.0 15 7 2 6 83% 233 1700 354 52%
c -  1.55  6 11 14 23 2809 2 71938 5299 2.0 15 7 2 6 83% 233 1700 354 52%
c -  1.62  6 11 14 24 2887 2 76734 8006 2.0 15 7 2 6 81% 237 1700 354 52%
c s  1.64  7 11 14 24 2887 2 78215 9177 2.0 14 7 2 6 80% 243 1696 354 52%
c e  1.64  7 11 14 24 2887 2 78215 9177 2.0 14 7 2 6 80% 184 1803 319 47%
c s  1.64  7 11 14 24 2887 2 78215 9177 2.0 14 7 2 6 80% 184 1786 319 47%
c e  1.64  7 11 14 24 2887 2 78215 9177 2.0 14 7 2 6 80% 183 1787 318 47%
c ^  1.64  7 11 14 24 2887 2 78215 9177 2.0 14 7 2 6 80% 183 1787 318 47%
c -  1.72  7 11 14 25 3285 2 81632 6960 2.0 14 7 2 6 80% 185 1787 318 47%
c o  1.75  7 11 14 25 3398 2 83290 7954 2.0 14 7 2 6 81% 186 1787 318 47%
c }  1.79  7 11 15 25 3774 2 85288 9482 2.0 14 7 2 6 81% 188 1787 318 47%
c
c seconds   switched    rate        size/glue tier1   binary      remaining
c        MB   reductions  conflicts       size  tier2   irredundant
c         level    restarts    redundant    glue   trail      variables
c
c [  1.79  7 10 15 25 3774 1 85288 9482 1.6 13 8 2 7 93% 188 1787 318 47%
c I  1.79  7 10 15 25 3774 1 85288 9482 1.6 13 8 2 7 93% 188 1787 318 47%
c -  1.81  7 10 15 26 3775 1 86634 7746 1.6 13 8 2 7 93% 188 1787 318 47%
c u  1.86  6 10 15 26 3776 1 88780 8324 1.6 13 8 2 7 93% 191 1787 318 47%
c v  1.88  6 10 15 26 3776 1 88780 7554 1.6 13 8 2 7 93% 191 1787 318 47%
c w  1.88  6 10 15 26 3776 1 88780 6879 1.6 13 8 2 7 93% 191 1787 318 47%
c =  1.94  6 10 15 26 3776 1 88780 6879 1.6 13 8 2 7 93% 193 1779 316 47%
c d  1.94  6 10 15 26 3776 1 88780 6571 1.6 13 8 2 7 93% 191 1779 316 47%
c t  1.94  6 10 15 26 3776 1 88780 6571 1.6 13 8 2 7 93% 189 1779 316 47%
c f  1.94  6 10 15 26 3776 1 88780 6571 1.6 13 8 2 7 93% 190 1771 317 47%
c u  1.95  6 10 15 26 3776 1 88780 6317 1.6 13 8 2 7 93% 191 1771 317 47%
c v  1.96  6 10 15 26 3776 1 88780 6124 1.6 13 8 2 7 93% 191 1771 317 47%
c w  1.96  6 10 15 26 3776 1 88780 6080 1.6 13 8 2 7 93% 191 1771 317 47%
c x  1.97  6 10 15 26 3776 1 88780 6080 1.6 13 8 2 7 93% 196 1739 317 47%
c t  2.03  5 10 15 26 3776 1 88780 6080 1.6 13 8 2 7 93% 194 1739 317 47%
c -  2.07  6 10 15 27 3779 1 91734 5595 1.6 13 8 2 7 93% 193 1739 317 47%
c -  2.15  6 9 15 28 3780 1 96931 6289 1.6 12 8 2 7 93% 194 1739 317 47%
c ]  2.22  6 9 16 28 3783 1 100994 7863 1.6 12 8 2 7 93% 199 1739 317 47%
c {  2.22  6 11 16 28 3783 2 100994 7863 2.0 14 7 2 6 81% 199 1739 317 47%
c i  2.22  6 11 16 28 3783 2 101296 8019 1.9 14 7 2 6 81% 208 1739 316 47%
c
c seconds   switched    rate         size/glue tier1   binary      remaining
c        MB   reductions  conflicts        size  tier2   irredundant
c         level    restarts     redundant    glue   trail      variables
c
c -  2.24  5 11 16 29 3872 2 102224 3499 1.9 14 7 2 6 81% 190 1739 316 47%
c -  2.32  6 11 16 30 4124 2 107610 6225 2.0 14 7 2 5 82% 192 1739 316 47%
c -  2.44  6 11 16 31 4630 2 113088 9073 2.0 14 7 1 5 83% 197 1737 316 47%
c i  2.51  7 11 16 31 4823 2 116784 11419 2.0 14 7 1 5 83% 208 1737 310 46%
c -  2.56  7 11 16 32 4828 2 118656 8631 2.0 14 7 1 5 83% 192 1737 310 46%
c }  2.57  6 10 17 32 4828 2 119332 9169 2.0 14 7 1 5 83% 193 1737 310 46%
c [  2.57  6 9 17 32 4828 1 119332 9169 1.6 12 8 2 7 93% 193 1737 310 46%
c B  2.57  6 9 17 32 4828 1 119332 9169 1.6 12 8 2 7 93% 193 1737 310 46%
c i  2.60  6 9 17 32 4829 1 120695 9644 1.6 12 7 2 7 92% 204 1737 294 43%
c u  2.61  7 9 17 32 4829 1 120931 5739 1.6 12 7 2 7 92% 360 1409 294 43%
c v  2.62  7 9 17 32 4829 1 120931 4453 1.6 12 7 2 7 92% 401 1409 294 43%
c w  2.63  7 9 17 32 4829 1 120931 4088 1.6 12 7 2 7 92% 405 1409 294 43%
c x  2.63  7 9 17 32 4829 1 120931 4075 1.6 12 7 2 7 92% 442 1223 294 43%
c d  2.63  7 9 17 32 4829 1 120931 4017 1.6 12 7 2 7 92% 383 1222 267 39%
c t  2.63  7 9 17 32 4829 1 120931 4017 1.6 12 7 2 7 92% 287 1222 267 39%
c u  2.64  7 9 17 32 4829 1 120931 3779 1.6 12 7 2 7 92% 303 1222 267 39%
c v  2.65  7 9 17 32 4829 1 120931 2476 1.6 12 7 2 7 92% 345 1222 267 39%
c w  2.66  7 9 17 32 4829 1 120931 2028 1.6 12 7 2 7 92% 345 1222 267 39%
c x  2.66  7 9 17 32 4829 1 120931 2023 1.6 12 7 2 7 92% 348 1191 267 39%
c =  2.69  7 9 17 32 4829 1 120931 2023 1.6 12 7 2 7 92% 364 1178 258 38%
c
c seconds  switched    rate         size/glue tier1   binary      remaining
c        MB  reductions  conflicts        size  tier2   irredundant
c         level   restarts     redundant    glue   trail      variables
c
c d  2.69  7 9 17 32 4829 1 120931 1772 1.6 12 7 2 7 92% 350 1174 258 38%
c t  2.69  7 9 17 32 4829 1 120931 1772 1.6 12 7 2 7 92% 298 1174 258 38%
c i  2.70  7 9 17 32 4829 1 121388 1899 1.6 12 7 2 7 92% 304 1172 257 38%
c i  2.71  7 9 17 32 4830 1 121757 1990 1.6 12 7 2 7 92% 312 1172 251 37%
c i  2.71  7 9 17 32 4830 1 121883 2013 1.6 12 7 2 7 92% 316 1172 249 37%
c i  2.71  7 9 17 32 4830 1 121992 2062 1.6 12 7 2 7 92% 322 1172 247 36%
c i  2.71  7 9 17 32 4830 1 122007 2064 1.6 12 7 2 7 92% 327 1172 238 35%
c i  2.71  7 9 17 32 4830 1 122042 2078 1.6 12 7 2 7 92% 330 1172 231 34%
c i  2.71  7 9 17 32 4830 1 122065 2083 1.6 12 7 2 7 92% 333 1172 200 29%
c i  2.71  7 9 17 32 4830 1 122077 2084 1.6 12 7 2 7 92% 336 1172 114 17%
c i  2.71  7 9 17 32 4830 1 122079 2084 1.6 12 7 2 7 92% 337 1172 111 16%
c ]  2.71  7 9 17 32 4830 1 122082 2084 1.6 12 7 2 7 92% 338 1172  0 0%
c 0  2.71  7 10 17 32 4830 2 122082 2084 2.0 14 7 1 5 83% 338 1172  0 0%
c
c ---- [ result ] ------------------------------------------------------------
c
s UNSATISFIABLE
c
c ---- [ profiling ] ---------------------------------------------------------
c
c           2.11   77.83 %  search
c           1.23   45.44 %  focused
c           0.88   32.39 %  stable
c           0.59   21.70 %  probe
c           0.58   21.48 %  simplify
c           0.32   11.73 %  sweep
c           0.25    9.19 %  vivify
c           0.02    0.75 %  reduce
c           0.02    0.67 %  preprocess
c           0.01    0.37 %  substitute
c           0.01    0.29 %  eliminate
c           0.01    0.25 %  factor
c           0.00    0.16 %  walking
c           0.00    0.10 %  congruence
c           0.00    0.05 %  subsume
c           0.00    0.04 %  transitive
c           0.00    0.02 %  backbone
c           0.00    0.01 %  lucky
c           0.00    0.01 %  parse
c =============================================
c           2.71  100.00 %  total
c
c ---- [ statistics ] --------------------------------------------------------
c
c conflicts:                           122082            44996.02 per second
c congruent:                               27                4 %  variables
c decisions:                           167631                1.37 per conflict
c eliminated:                             338               50 %  variables
c factored:                                42                6 %  variables
c iterations:                              14                2 %  variables
c propagations:                      16931136          6240345    per second
c reductions:                              32             3815    interval
c reordered:                                4            30520    interval
c rephased:                                10            12208    interval
c restarts:                              4830               25    interval
c strengthened:                           140                0 %  checks
c substituted:                             93               14 %  variables
c subsumed:                                97                0 %  checks
c switched:                                17             7181    interval
c vivified:                             19982               48 %  checks
c walks:                                    3            40694    interval
c
c ---- [ glue usage ] --------------------------------------------------------
c
c focused glue 1 used 314156 clauses 51.84% accumulated 51.84% tier1
c focused glue 2 used 122591 clauses 20.23% accumulated 72.07%
c focused glue 3 used  62882 clauses 10.38% accumulated 82.44%
c focused glue 4 used  30029 clauses  4.96% accumulated 87.40%
c focused glue 5 used  20611 clauses  3.40% accumulated 90.80% tier2
c
c stable glue 1   used 232477 clauses 50.32% accumulated 50.32% tier1
c stable glue 2   used  80902 clauses 17.51% accumulated 67.83%
c stable glue 3-4 used  72931 clauses 15.79% accumulated 83.62%
c stable glue 5   used  16648 clauses  3.60% accumulated 87.22%
c stable glue 6   used  14412 clauses  3.12% accumulated 90.34% tier2
c
c ---- [ resources ] ---------------------------------------------------------
c
c maximum-resident-set-size:        386809856 bytes        369 MB
c process-time:                             3s               2.71 seconds
c
c ---- [ shutting down ] -----------------------------------------------------
c
c exit 20
