c ---- [ banner ] ------------------------------------------------------------
c
c Kissat SAT Solver
c 
c Copyright (c) 2021-2024 Armin Biere University of Freiburg
c Copyright (c) 2019-2021 Armin Biere Johannes Kepler University Linz
c 
c Version 4.0.4 8af8e56f174b778aef3aa45af9f739b2a5f492c2
c gcc (GCC) 15.2.1 20260123 (Red Hat 15.2.1-7) -W -Wall -O3 -DNDEBUG
c Thu Apr 23 06:47:51 PM IST 2026 Linux krishnendu-LN 6.19.12-200.fc43.x86_64 x86_64
c
c ---- [ parsing ] -----------------------------------------------------------
c
c opened and reading DIMACS file:
c
c   /home/krishnendu/Research/fv-invariant-mining/data/circuits/cnf/miter_mult_11bit.cnf
c
c parsed 'p cnf 1368 5184' header
c closing input after reading 82324 bytes (80 KB)
c finished parsing after 0.00 seconds
c
c ---- [ options ] -----------------------------------------------------------
c
c --decay=80                       (different from default '50')
c --eliminateeffort=1800           (different from default '100')
c --stable=2                       (different from default '1')
c
c ---- [ solving ] -----------------------------------------------------------
c
c seconds switched rate     size/glue tier1  binary       remaining
c        MB reductions conflicts size  tier2   irredundant
c         level restarts redundant glue  trail       variables
c
c *  0.00  3 0 0 0  0 0   0   0 0.0 0 0 0 0 0% 1797 3385 1365 100%
c (  0.00  3 0 0 0  0 0   0   0 0.0 0 0 0 0 0% 1797 3385 1365 100%
c .  0.00  3 0 0 0  0 0   0   0 0.0 0 0 0 0 0% 1793 3385 1365 100%
c c  0.00  3 0 0 0  0 0   0   0 0.0 0 0 0 0 0% 1876 3383 1312 96%
c d  0.00  3 0 0 0  0 0   0   0 0.0 0 0 0 0 0% 1688 3383 1312 96%
c =  0.02  3 0 0 0  0 0   0   0 0.0 0 0 0 0 0% 1698 3373 1306 96%
c d  0.02  3 0 0 0  0 0   0   0 0.0 0 0 0 0 0% 1684 3373 1306 96%
c f  0.02  4 0 0 0  0 0   0   0 0.0 0 0 0 0 0% 1653 3352 1334 98%
c )  0.02  4 0 0 0  0 0   0   0 0.0 0 0 0 0 0% 1653 3352 1334 98%
c [  0.02  4 0 0 0  0 0   0   0 0.0 0 0 2 6 0% 1653 3352 1334 98%
c -  0.05  4 21 0 1  0 1 1000 776 3.2 30 9 4 12 85% 1659 3352 1334 98%
c B  0.05  4 21 0 1  0 1 1004 778 3.2 30 10 4 12 85% 1659 3352 1334 98%
c -  0.08  5 20 0 2  1 1 2000 1320 2.2 26 12 3 14 86% 1660 3352 1334 98%
c W  0.09  4 20 0 2  1 1 2008 1328 2.2 26 12 3 14 86% 1660 3352 1334 98%
c u  0.12  4 19 0 2  2 1 3261 2108 2.1 26 12 3 14 89% 1664 3352 1334 98%
c v  0.13  4 19 0 2  2 1 3261 1988 2.1 26 12 3 14 89% 1664 3352 1334 98%
c w  0.13  5 19 0 2  2 1 3261 1792 2.1 26 12 3 14 89% 1664 3352 1334 98%
c x  0.14  5 19 0 2  2 1 3261 1790 2.1 26 12 3 14 89% 1680 3302 1334 98%
c =  0.15  5 19 0 2  2 1 3261 1790 2.1 26 12 3 14 89% 1704 3297 1322 97%
c d  0.15  5 19 0 2  2 1 3261 1790 2.1 26 12 3 14 89% 1668 3297 1322 97%
c
c seconds  switched rate       size/glue  tier1     binary       remaining
c        MB reductions conflicts     size   tier2     irredundant
c         level restarts  redundant     glue    trail       variables
c
c t  0.15  5 19 0 2  2 1 3261 1790 2.1 26 12 3 14 89% 1660 3297 1322 97%
c f  0.15  5 19 0 2  2 1 3261 1790 2.1 26 12 3 14 89% 1658 3297 1324 97%
c u  0.16  5 19 0 2  2 1 3261 1782 2.1 26 12 3 14 89% 1658 3297 1324 97%
c v  0.16  5 19 0 2  2 1 3261 1737 2.1 26 12 3 14 89% 1658 3297 1324 97%
c w  0.16  5 19 0 2  2 1 3261 1579 2.1 26 12 3 14 89% 1658 3297 1324 97%
c =  0.18  5 19 0 2  2 1 3261 1579 2.1 26 12 3 14 89% 1682 3297 1312 96%
c d  0.18  5 19 0 2  2 1 3261 1579 2.1 26 12 3 14 89% 1646 3297 1312 96%
c -  0.19  5 19 0 3  2 1 3414 1282 2.1 25 12 4 14 89% 1646 3297 1312 96%
c I  0.22  5 19 0 3  3 1 4267 1960 2.0 26 13 4 14 89% 1647 3297 1312 96%
c -  0.24  5 19 0 4  3 1 5146 2077 2.0 26 13 4 15 90% 1647 3297 1312 96%
c -  0.28  5 19 0 5  5 1 7146 3030 1.9 25 13 4 15 89% 1648 3297 1312 96%
c B  0.30  6 19 0 5  5 1 8040 3790 1.9 25 13 4 15 89% 1650 3297 1312 96%
c -  0.33  6 19 0 6  6 1 9383 3810 1.9 25 13 4 15 89% 1650 3297 1312 96%
c u  0.35  5 19 0 6  6 1 10056 4249 1.8 25 13 4 15 89% 1658 3297 1312 96%
c v  0.36  5 19 0 6  6 1 10056 4049 1.8 25 13 4 15 89% 1658 3297 1312 96%
c w  0.36  5 19 0 6  6 1 10056 4032 1.8 25 13 4 15 89% 1658 3297 1312 96%
c o  0.38  5 19 0 6  6 1 10056 4032 1.8 25 13 4 15 89% 1658 3297 1312 96%
c -  0.41  5 19 0 7  6 1 11833 4302 1.8 24 13 4 15 90% 1660 3297 1312 96%
c W  0.46  5 18 0 7  8 1 13571 5749 1.8 24 13 4 15 90% 1662 3297 1312 96%
c -  0.48  5 18 0 8  9 1 14481 4915 1.8 24 13 4 15 90% 1663 3297 1312 96%
c
c seconds  switched rate        size/glue  tier1     binary       remaining
c        MB reductions conflicts      size   tier2     irredundant
c         level restarts   redundant     glue    trail       variables
c
c s  0.52  5 18 0 8  9 1 16301 6400 1.8 24 13 4 15 90% 1667 3289 1312 96%
c e  0.53  6 18 0 8  9 1 16301 6400 1.8 24 13 4 15 90% 467 3990 811 59%
c s  0.53  6 18 0 8  9 1 16301 6400 1.8 24 13 4 15 90% 473 3901 811 59%
c e  0.53  6 18 0 8  9 1 16301 6400 1.8 24 13 4 15 90% 451 3920 797 58%
c ^  0.53  6 18 0 8  9 1 16301 6400 1.8 24 13 4 15 90% 451 3920 797 58%
c -  0.55  6 18 0 9 10 1 17310 2156 1.8 24 13 4 15 90% 452 3920 797 58%
c -  0.61  6 18 0 10 12 1 20310 3523 1.8 24 14 4 15 89% 452 3920 797 58%
c u  0.62  6 18 0 10 12 1 20604 3662 1.8 24 14 4 15 89% 452 3920 797 58%
c v  0.62  6 18 0 10 12 1 20604 3496 1.8 24 14 4 15 89% 452 3920 797 58%
c w  0.63  7 18 0 10 12 1 20604 2903 1.8 24 14 4 15 89% 452 3920 797 58%
c x  0.63  6 18 0 10 12 1 20604 2903 1.8 24 14 4 15 89% 454 3764 797 58%
c t  0.63  6 18 0 10 12 1 20604 2903 1.8 24 14 4 15 89% 450 3764 797 58%
c f  0.64  6 18 0 10 12 1 20604 2903 1.8 24 14 4 15 89% 498 3662 823 60%
c u  0.64  6 18 0 10 12 1 20604 2899 1.8 24 14 4 15 89% 499 3662 823 60%
c v  0.64  6 18 0 10 12 1 20604 2861 1.8 24 14 4 15 89% 499 3662 823 60%
c w  0.65  6 18 0 10 12 1 20604 2654 1.8 24 14 4 15 89% 499 3662 823 60%
c x  0.65  6 18 0 10 12 1 20604 2654 1.8 24 14 4 15 89% 502 3652 823 60%
c t  0.66  6 18 0 10 12 1 20604 2654 1.8 24 14 4 15 89% 501 3652 823 60%
c o  0.66  6 18 0 10 12 1 20604 2654 1.8 24 14 4 15 89% 501 3652 823 60%
c O  0.67  6 18 0 10 13 1 21099 3042 1.8 24 14 4 15 89% 501 3652 823 60%
c
c seconds  switched  rate        size/glue  tier1    binary      remaining
c        MB  reductions conflicts      size   tier2    irredundant
c         level  restarts   redundant     glue    trail      variables
c
c -  0.76  6 18 0 11 13 1 23473 3487 1.8 24 14 4 15 89% 501 3652 823 60%
c -  0.87  6 18 0 12 14 1 26790 3791 1.8 24 14 3 14 88% 501 3652 823 60%
c -  0.98  7 18 0 13 14 1 30255 4299 1.8 24 14 3 14 88% 502 3652 823 60%
c B  1.00  7 18 0 13 14 1 30860 4532 1.8 24 14 3 14 88% 502 3652 823 60%
c s  1.04  7 18 0 13 14 1 32953 6302 1.7 24 14 3 14 87% 503 3651 823 60%
c e  1.05  7 18 0 13 14 1 32953 6302 1.7 24 14 3 14 87% 368 3871 716 52%
c s  1.05  7 18 0 13 14 1 32953 6302 1.7 24 14 3 14 87% 373 3823 716 52%
c e  1.05  7 18 0 13 14 1 32953 6302 1.7 24 14 3 14 87% 361 3841 708 52%
c ^  1.05  7 18 0 13 14 1 32953 6302 1.7 24 14 3 14 87% 361 3841 708 52%
c -  1.06  7 18 0 14 15 1 33862 3245 1.7 24 14 3 13 87% 361 3841 708 52%
c u  1.10  6 18 0 14 17 1 35546 4488 1.7 24 14 3 13 86% 361 3841 708 52%
c v  1.11  6 18 0 14 17 1 35546 4185 1.7 24 14 3 13 86% 361 3841 708 52%
c w  1.13  6 18 0 14 17 1 35546 3836 1.7 24 14 3 13 86% 361 3841 708 52%
c t  1.13  6 18 0 14 17 1 35546 3836 1.7 24 14 3 13 86% 360 3841 708 52%
c f  1.13  6 18 0 14 17 1 35546 3836 1.7 24 14 3 13 86% 370 3810 715 52%
c u  1.13  6 18 0 14 17 1 35546 3811 1.7 24 14 3 13 86% 370 3810 715 52%
c v  1.13  6 18 0 14 17 1 35546 3726 1.7 24 14 3 13 86% 370 3810 715 52%
c w  1.15  7 18 0 14 17 1 35546 3471 1.7 24 14 3 13 86% 370 3810 715 52%
c x  1.15  6 18 0 14 17 1 35546 3470 1.7 24 14 3 13 86% 377 3760 715 52%
c t  1.15  6 18 0 14 17 1 35546 3470 1.7 24 14 3 13 86% 374 3760 715 52%
c
c seconds  switched  rate        size/glue  tier1    binary      remaining
c        MB  reductions conflicts      size   tier2    irredundant
c         level  restarts   redundant     glue    trail      variables
c
c -  1.21  6 18 0 15 18 1 37603 3512 1.7 24 14 3 13 86% 374 3760 715 52%
c -  1.33  6 18 0 16 21 1 41475 4554 1.7 23 14 3 13 86% 375 3760 715 52%
c W  1.39  6 18 0 16 21 1 43082 5881 1.7 23 14 3 13 86% 375 3760 715 52%
c o  1.39  6 18 0 16 21 1 43082 5881 1.7 23 14 3 13 86% 375 3760 715 52%
c -  1.44  6 18 0 17 22 1 45475 5373 1.7 24 14 3 13 86% 375 3760 715 52%
c -  1.53  6 18 0 18 25 1 49598 5753 1.7 24 14 3 13 87% 376 3760 715 52%
c -  1.63  6 18 0 19 28 1 53840 5937 1.7 24 14 3 13 87% 376 3760 715 52%
c u  1.66  6 18 0 19 28 1 54800 6435 1.7 24 14 3 13 87% 376 3760 715 52%
c v  1.67  7 18 0 19 28 1 54800 5858 1.7 24 14 3 13 87% 376 3760 715 52%
c w  1.68  7 18 0 19 28 1 54800 5838 1.7 24 14 3 13 87% 376 3760 715 52%
c x  1.68  7 18 0 19 28 1 54800 5838 1.7 24 14 3 13 87% 376 3755 715 52%
c =  1.74  7 18 0 19 28 1 54800 5838 1.7 24 14 3 13 87% 378 3753 714 52%
c d  1.74  7 18 0 19 28 1 54800 5838 1.7 24 14 3 13 87% 376 3753 714 52%
c u  1.74  7 18 0 19 28 1 54800 5809 1.7 24 14 3 13 87% 376 3753 714 52%
c v  1.75  7 18 0 19 28 1 54800 5599 1.7 24 14 3 13 87% 376 3753 714 52%
c w  1.77  7 18 0 19 28 1 54800 5129 1.7 24 14 3 13 87% 376 3753 714 52%
c I  1.84  6 18 0 19 29 1 57987 7658 1.7 24 14 3 13 87% 376 3753 714 52%
c -  1.85  7 18 0 20 29 1 58200 5553 1.7 24 14 3 13 87% 376 3753 714 52%
c -  1.91  7 18 0 21 29 1 62673 7119 1.7 24 14 3 13 87% 376 3753 714 52%
c -  1.99  7 18 0 22 30 1 67256 7637 1.8 24 13 3 13 87% 376 3753 714 52%
c
c seconds  switched  rate        size/glue  tier1    binary      remaining
c        MB  reductions conflicts      size   tier2    irredundant
c         level  restarts   redundant     glue    trail      variables
c
c e  2.03  7 18 0 22 30 1 69282 9441 1.8 24 13 3 13 87% 299 3939 655 48%
c s  2.03  7 18 0 22 30 1 69282 9441 1.8 24 13 3 13 87% 300 3923 655 48%
c e  2.03  7 18 0 22 30 1 69282 9441 1.8 24 13 3 13 87% 297 3925 654 48%
c ^  2.03  7 18 0 22 30 1 69282 9441 1.8 24 13 3 13 87% 297 3925 654 48%
c -  2.08  7 18 0 23 30 1 71947 5596 1.8 24 13 3 13 87% 297 3925 654 48%
c B  2.17  6 18 0 23 30 1 75792 8114 1.7 23 13 3 13 87% 297 3925 654 48%
c o  2.17  6 18 0 23 30 1 75792 8114 1.7 23 13 3 13 87% 297 3925 654 48%
c -  2.18  7 18 0 24 30 1 76742 6114 1.7 24 14 3 13 87% 297 3925 654 48%
c u  2.22  6 18 0 24 30 1 78494 7317 1.7 24 14 3 13 87% 297 3925 654 48%
c v  2.23  6 18 0 24 30 1 78494 6976 1.7 24 14 3 13 87% 297 3925 654 48%
c w  2.24  7 18 0 24 30 1 78494 6891 1.7 24 14 3 13 87% 297 3925 654 48%
c x  2.25  7 18 0 24 30 1 78494 6889 1.7 24 14 3 13 87% 297 3895 654 48%
c f  2.30  6 18 0 24 30 1 78494 6889 1.7 24 14 3 13 87% 300 3882 656 48%
c u  2.30  7 18 0 24 30 1 78494 6868 1.7 24 14 3 13 87% 300 3882 656 48%
c v  2.31  7 18 0 24 30 1 78494 6612 1.7 24 14 3 13 87% 300 3882 656 48%
c w  2.33  7 18 0 24 30 1 78494 6326 1.7 24 14 3 13 87% 300 3882 656 48%
c -  2.39  7 18 0 25 30 1 81640 5918 1.7 23 14 3 13 87% 300 3882 656 48%
c -  2.50  7 18 0 26 34 1 86641 6564 1.7 23 14 3 13 87% 300 3882 656 48%
c -  2.61  7 18 0 27 37 1 91741 7439 1.7 23 14 3 13 88% 300 3882 656 48%
c W  2.72  6 18 0 27 39 1 96703 11510 1.7 23 14 3 13 88% 301 3882 656 48%
c
c seconds  switched  rate        size/glue  tier1    binary      remaining
c        MB  reductions conflicts      size   tier2    irredundant
c         level  restarts   redundant     glue    trail      variables
c
c -  2.72  6 18 0 28 40 1 96938 7839 1.7 23 14 3 13 88% 301 3882 656 48%
c -  2.85  7 18 0 29 43 1 102230 7802 1.7 23 14 3 13 88% 301 3882 656 48%
c u  2.97  7 18 0 29 44 1 106735 11036 1.7 23 14 3 13 88% 301 3882 656 48%
c v  2.99  7 18 0 29 44 1 106735 10470 1.7 23 14 3 13 88% 301 3882 656 48%
c w  3.00  8 18 0 29 44 1 106735 10415 1.7 23 14 3 13 88% 301 3882 656 48%
c -  3.02  7 18 0 30 45 1 107616 7712 1.7 23 14 3 13 88% 301 3882 656 48%
c -  3.15  7 18 0 31 45 1 113094 7597 1.7 23 14 3 12 87% 301 3882 656 48%
c -  3.30  7 18 0 32 48 1 118661 7401 1.7 23 14 3 12 87% 301 3882 656 48%
c O  3.37  7 18 0 32 50 1 120928 9003 1.7 23 14 3 12 87% 301 3882 656 48%
c o  3.37  7 18 0 32 50 1 120928 9003 1.7 23 14 3 12 87% 301 3882 656 48%
c -  3.47  7 18 0 33 52 1 124320 7584 1.7 23 14 3 12 87% 302 3882 656 48%
c e  3.56  7 18 0 33 53 1 127753 9715 1.7 23 14 3 12 88% 207 4192 592 43%
c s  3.56  7 18 0 33 53 1 127753 9715 1.7 23 14 3 12 88% 207 4120 592 43%
c e  3.56  7 18 0 33 53 1 127753 9715 1.7 23 14 3 12 88% 207 4124 591 43%
c ^  3.56  7 18 0 33 53 1 127753 9715 1.7 23 14 3 12 88% 207 4124 591 43%
c -  3.61  6 18 0 34 55 1 130065 4949 1.7 24 14 3 12 88% 207 4124 591 43%
c -  3.75  7 18 0 35 58 1 135895 5713 1.7 23 14 3 12 88% 207 4124 591 43%
c u  3.85  7 18 0 35 59 1 139738 7928 1.7 23 14 3 12 88% 207 4124 591 43%
c v  3.87  7 18 0 35 59 1 139738 7294 1.7 23 14 3 12 88% 207 4124 591 43%
c w  3.88  8 18 0 35 59 1 139738 5798 1.7 23 14 3 12 88% 207 4124 591 43%
c
c seconds  switched  rate         size/glue  tier1    binary      remaining
c        MB  reductions conflicts       size   tier2    irredundant
c         level  restarts    redundant     glue    trail      variables
c
c x  3.89  8 18 0 35 59 1 139738 5797 1.7 23 14 3 12 88% 207 4063 591 43%
c =  3.98  8 18 0 35 59 1 139738 5797 1.7 23 14 3 12 88% 207 4057 590 43%
c u  3.99  8 18 0 35 59 1 139738 5689 1.7 23 14 3 12 88% 207 4057 590 43%
c v  4.00  8 18 0 35 59 1 139738 5385 1.7 23 14 3 12 88% 207 4057 590 43%
c w  4.04  8 18 0 35 59 1 139738 5026 1.7 23 14 3 12 88% 207 4057 590 43%
c -  4.08  6 18 0 36 60 1 141811 4667 1.7 23 14 3 12 88% 207 4057 590 43%
c -  4.22  7 18 0 37 60 1 147811 5677 1.7 23 14 3 12 88% 207 4057 590 43%
c B  4.25  7 18 0 37 61 1 148669 6121 1.7 23 14 3 12 88% 207 4057 590 43%
c -  4.40  7 17 0 38 61 1 153894 6220 1.7 23 14 3 12 88% 207 4057 590 43%
c -  4.54  7 17 0 39 61 1 160059 7287 1.7 23 14 3 12 88% 207 4057 590 43%
c -  4.70  7 17 0 40 62 1 166303 7579 1.7 23 14 3 11 88% 207 4057 590 43%
c -  4.86  7 17 0 41 62 1 172627 7847 1.7 23 13 3 11 88% 209 4057 590 43%
c u  4.98  6 17 0 41 62 1 177487 10830 1.7 23 13 3 11 88% 210 4057 590 43%
c v  5.01  8 17 0 41 62 1 177487 10541 1.7 23 13 3 11 88% 210 4057 590 43%
c w  5.02  8 17 0 41 62 1 177487 10506 1.7 23 13 3 11 88% 210 4057 590 43%
c x  5.02  8 17 0 41 62 1 177487 10506 1.7 23 13 3 11 88% 210 4048 590 43%
c o  5.13  8 17 0 41 62 1 177487 10506 1.7 23 13 3 11 88% 210 4048 590 43%
c -  5.18  7 17 0 42 62 1 179032 7282 1.7 23 13 3 11 88% 210 4048 590 43%
c W  5.21  6 17 0 42 62 1 180120 7992 1.7 23 13 3 11 88% 211 4048 590 43%
c -  5.37  6 17 0 43 62 1 185512 7486 1.7 23 13 3 11 88% 211 4048 590 43%
c
c seconds  switched  rate         size/glue  tier1    binary      remaining
c        MB  reductions conflicts       size   tier2    irredundant
c         level  restarts    redundant     glue    trail      variables
c
c -  5.57  7 17 0 44 62 1 192070 7358 1.7 23 13 3 11 89% 211 4048 590 43%
c -  5.78  7 17 0 45 64 1 198704 7737 1.7 23 13 3 11 88% 211 4048 590 43%
c -  5.98  7 17 0 46 68 1 205413 8164 1.7 23 13 3 11 88% 211 4048 590 43%
c e  6.13  7 17 0 46 70 1 210503 12357 1.7 23 13 3 11 88% 150 4581 515 38%
c s  6.13  7 17 0 46 70 1 210503 12357 1.7 23 13 3 11 88% 150 4444 515 38%
c e  6.13  7 17 0 46 70 1 210503 12357 1.7 23 13 3 11 88% 143 4496 505 37%
c ^  6.13  7 17 0 46 70 1 210503 12357 1.7 23 13 3 11 88% 143 4496 505 37%
c -  6.16  6 17 0 47 72 1 212197 4812 1.7 23 13 3 11 88% 143 4496 505 37%
c I  6.23  7 17 0 47 74 1 215472 7150 1.7 23 13 3 11 88% 143 4496 505 37%
c -  6.30  7 17 0 48 76 1 219053 6162 1.7 23 13 3 11 88% 143 4496 505 37%
c u  6.32  7 17 0 48 76 1 220230 6696 1.7 23 13 3 11 88% 144 4496 505 37%
c v  6.34  7 17 0 48 76 1 220230 5937 1.7 23 13 3 11 88% 144 4496 505 37%
c w  6.39  7 17 0 48 76 1 220230 5213 1.7 23 13 3 11 88% 144 4496 505 37%
c -  6.51  7 17 0 49 77 1 225981 6019 1.7 23 13 3 11 88% 144 4496 505 37%
c -  6.67  7 17 0 50 80 1 232982 6566 1.7 22 14 3 11 88% 144 4496 505 37%
c -  6.85  7 17 0 51 84 1 240053 7528 1.7 22 13 3 11 88% 144 4496 505 37%
c -  7.02  7 17 0 52 88 1 247195 7944 1.7 22 13 3 11 88% 145 4496 505 37%
c -  7.19  7 17 0 53 91 1 254407 8785 1.6 22 13 3 11 87% 145 4496 505 37%
c B  7.20  7 17 0 53 91 1 254912 9172 1.6 22 13 3 11 87% 145 4496 505 37%
c o  7.20  7 17 0 53 91 1 254912 9172 1.6 22 13 3 11 87% 145 4496 505 37%
c
c seconds  switched  rate         size/glue  tier1    binary      remaining
c        MB  reductions conflicts       size   tier2    irredundant
c         level  restarts    redundant     glue    trail      variables
c
c -  7.42  7 17 0 54 92 1 261688 8585 1.6 22 13 3 11 88% 145 4496 505 37%
c u  7.61  7 17 0 54 93 1 267440 12079 1.6 22 13 3 11 88% 145 4496 505 37%
c v  7.65  8 17 0 54 93 1 267440 11200 1.6 22 13 3 11 88% 145 4496 505 37%
c w  7.67  8 17 0 54 93 1 267440 9653 1.6 22 13 3 11 88% 145 4496 505 37%
c -  7.71  7 17 0 55 93 1 269037 7027 1.6 22 13 3 11 88% 145 4496 505 37%
c -  7.91  7 17 0 56 93 1 276453 7871 1.6 22 13 3 11 88% 145 4496 505 37%
c -  8.10  7 17 0 57 96 1 283936 8450 1.6 22 13 3 11 88% 145 4496 505 37%
c -  8.29  8 17 0 58 100 1 291485 9397 1.6 22 13 3 11 88% 145 4496 505 37%
c W  8.47  6 17 0 58 106 1 298623 14732 1.7 22 13 3 11 88% 145 4496 505 37%
c -  8.49  7 17 0 59 106 1 299100 9814 1.7 22 13 3 11 88% 145 4496 505 37%
c -  8.72  7 16 0 60 108 1 306784 9786 1.6 22 13 3 11 88% 145 4496 505 37%
c -  8.98  7 16 0 61 110 1 314529 9206 1.6 21 13 3 10 88% 145 4496 505 37%
c s  9.10  7 16 0 61 113 1 318847 11844 1.6 21 13 3 10 88% 147 4452 505 37%
c e  9.10  7 16 0 61 113 1 318847 11844 1.6 21 13 3 10 88% 102 5367 434 32%
c s  9.10  7 16 0 61 113 1 318847 11844 1.6 21 13 3 10 88% 103 5075 434 32%
c e  9.11  7 16 0 61 113 1 318847 11844 1.6 21 13 3 10 88%  94 5202 425 31%
c !  9.11  7 16 0 61 113 1 318847 11844 1.6 21 13 3 10 88%  94 5202 425 31%
c u  9.13  7 16 0 61 114 1 319762 6796 1.6 21 13 3 10 88%  94 5202 425 31%
c v  9.15  7 16 0 61 114 1 319762 6246 1.6 21 13 3 10 88%  94 5202 425 31%
c w  9.19  7 16 0 61 114 1 319762 4856 1.6 21 13 3 10 88%  94 5202 425 31%
c
c seconds  switched   rate         size/glue  tier1    binary      remaining
c        MB  reductions conflicts        size   tier2    irredundant
c         level  restarts     redundant     glue    trail      variables
c
c x  9.20  7 16 0 61 114 1 319762 4850 1.6 21 13 3 10 88%  94 4830 425 31%
c f  9.33  7 16 0 61 114 1 319762 4850 1.6 21 13 3 10 88%  94 4809 426 31%
c u  9.33  7 16 0 61 114 1 319762 4798 1.6 21 13 3 10 88%  94 4809 426 31%
c v  9.35  7 16 0 61 114 1 319762 4581 1.6 21 13 3 10 88%  94 4809 426 31%
c w  9.39  7 16 0 61 114 1 319762 4177 1.6 21 13 3 10 88%  94 4809 426 31%
c -  9.44  6 16 0 62 115 1 322341 4313 1.6 22 13 3 10 88%  94 4809 426 31%
c -  9.60  7 17 0 63 120 1 330216 5990 1.6 22 13 3 10 89%  94 4809 426 31%
c o  9.75  7 17 0 63 123 1 337401 11327 1.6 22 13 3 10 89%  94 4809 426 31%
c -  9.78  7 17 0 64 123 1 338154 6696 1.6 22 13 3 10 89%  94 4809 426 31%
c -  9.98  7 17 0 65 124 1 346154 7206 1.6 22 14 3 10 89%  94 4809 426 31%
c O 10.00  7 17 0 65 124 1 346784 7571 1.6 22 14 3 10 89%  94 4809 426 31%
c - 10.22  7 17 0 66 124 1 354216 6743 1.6 22 14 3 10 89%  94 4809 426 31%
c - 10.46  7 17 0 67 125 1 362340 6876 1.6 22 14 3 10 89%  95 4808 426 31%
c - 10.73  7 17 0 68 125 1 370525 6964 1.6 22 13 3 10 89%  95 4808 426 31%
c u 10.93  7 17 0 68 125 1 376835 9292 1.6 22 13 3 10 89%  95 4808 426 31%
c v 10.96  7 17 0 68 125 1 376835 8439 1.6 22 13 3 10 89%  95 4808 426 31%
c w 10.98  7 17 0 68 125 1 376835 7109 1.6 22 13 3 10 89%  95 4808 426 31%
c x 10.98  7 17 0 68 125 1 376835 7108 1.6 22 13 3 10 89%  95 4759 426 31%
c - 11.05  7 17 0 69 125 1 378772 5671 1.6 22 13 3 10 89%  95 4759 426 31%
c - 11.29  7 17 0 70 125 1 387078 6586 1.6 22 13 3 10 89%  95 4759 426 31%
c
c seconds  switched   rate         size/glue  tier1    binary      remaining
c        MB  reductions conflicts        size   tier2    irredundant
c         level  restarts     redundant     glue    trail      variables
c
c - 11.54  7 16 0 71 126 1 395444 6995 1.6 21 13 3 10 90%  95 4759 426 31%
c B 11.65  7 16 0 71 126 1 399572 8947 1.6 21 13 3 10 89%  95 4759 426 31%
c - 11.73  7 16 0 72 126 1 403870 7996 1.6 21 13 3 10 89%  95 4759 426 31%
c - 11.90  7 16 0 73 126 1 412356 8477 1.6 21 13 3 10 89%  95 4759 426 31%
c - 12.09  7 16 0 74 126 1 420901 8288 1.6 21 13 3 10 90%  95 4759 426 31%
c - 12.30  7 16 0 75 126 1 429505 8651 1.6 21 13 3 10 90%  95 4759 426 31%
c - 12.50  7 16 0 76 126 1 438166 9554 1.6 21 13 3 10 90%  95 4759 426 31%
c u 12.54  7 16 0 76 126 1 439272 9670 1.6 21 13 3 10 90%  95 4759 426 31%
c v 12.58  7 16 0 76 126 1 439272 8552 1.6 21 13 3 10 90%  95 4759 426 31%
c w 12.59  7 16 0 76 126 1 439272 7920 1.6 21 13 3 10 90%  95 4759 426 31%
c x 12.60  7 16 0 76 126 1 439272 7919 1.6 21 13 3 10 90%  95 4746 426 31%
c o 12.60  7 16 0 76 126 1 439272 7919 1.6 21 13 3 10 90%  95 4746 426 31%
c - 12.78  7 16 0 77 126 1 446883 7991 1.6 21 13 3 10 90%  95 4746 426 31%
c s 12.92  7 16 0 77 126 1 452934 11890 1.6 21 13 3 10 89%  95 4739 426 31%
c e 12.92  7 16 0 77 126 1 452934 11890 1.6 21 13 3 10 89%  78 4927 413 30%
c s 12.92  7 16 0 77 126 1 452934 11890 1.6 21 13 3 10 89%  78 4889 413 30%
c - 12.99  7 16 0 78 126 1 455657 7175 1.6 21 13 3 10 89%  78 4889 413 30%
c W 13.03  7 16 0 78 126 1 457157 7953 1.6 21 13 3 10 89%  78 4889 413 30%
c - 13.18  7 16 0 79 129 1 464488 7689 1.6 21 13 3 10 90%  78 4889 413 30%
c - 13.36  7 16 0 80 134 1 473377 8086 1.6 21 13 3 10 90%  78 4889 413 30%
c
c seconds  switched   rate         size/glue  tier1    binary      remaining
c        MB  reductions conflicts        size   tier2    irredundant
c         level  restarts     redundant     glue    trail      variables
c
c - 13.58  8 16 0 81 140 1 482321 8451 1.6 21 13 3 10 90%  78 4889 413 30%
c - 13.79  8 16 0 82 141 1 491321 8643 1.5 21 13 3 10 90%  78 4889 413 30%
c - 14.00  8 16 0 83 147 1 500376 9830 1.6 21 13 3 10 90%  78 4889 413 30%
c u 14.19  8 16 0 83 150 1 507111 13825 1.6 21 13 3 10 90%  78 4889 413 30%
c v 14.24  8 16 0 83 150 1 507111 12536 1.6 21 13 3 10 90%  78 4889 413 30%
c w 14.27 10 16 0 83 150 1 507111 10998 1.6 21 13 3 10 90%  78 4889 413 30%
c - 14.53  9 16 0 84 151 1 509487 8010 1.5 21 14 3 10 90%  78 4889 413 30%
c - 14.76  9 16 0 85 156 1 518652 7948 1.5 21 14 3 10 90%  78 4889 413 30%
c I 14.79  9 16 0 85 156 1 519708 8622 1.5 21 14 3 10 90%  78 4889 413 30%
c - 14.95  9 17 0 86 157 1 527872 8354 1.5 21 14 3 10 90%  78 4889 413 30%
c - 15.15  9 17 0 87 157 1 537145 8351 1.5 21 14 3 10 90%  78 4889 413 30%
c - 15.36  9 17 0 88 160 1 546472 8328 1.5 21 14 3 10 90%  78 4889 413 30%
c - 15.60  9 17 0 89 165 1 555852 8652 1.5 21 14 3 10 90%  78 4889 413 30%
c - 15.83  9 16 0 90 171 1 565286 8698 1.5 21 14 3 10 90%  78 4889 413 30%
c - 16.13  9 16 0 91 172 1 574772 8889 1.5 21 14 3 10 91%  78 4889 413 30%
c u 16.27  9 16 0 91 176 1 580097 11447 1.5 21 14 3 10 91%  78 4889 413 30%
c v 16.32  9 16 0 91 176 1 580097 10423 1.5 21 14 3 10 91%  78 4889 413 30%
c w 16.33 10 16 0 91 176 1 580097 8768 1.5 21 14 3 10 91%  78 4889 413 30%
c x 16.34  8 16 0 91 176 1 580097 8767 1.5 21 14 3 10 91%  79 4838 413 30%
c t 16.34  8 16 0 91 176 1 580097 8767 1.5 21 14 3 10 91%  78 4838 413 30%
c
c seconds  switched   rate         size/glue  tier1    binary      remaining
c        MB  reductions conflicts        size   tier2    irredundant
c         level  restarts     redundant     glue    trail      variables
c
c o 16.34  8 16 0 91 176 1 580097 8767 1.5 21 14 3 10 91%  78 4838 413 30%
c - 16.44  9 16 0 92 179 1 584312 7753 1.5 21 14 3 10 91%  78 4838 413 30%
c B 16.51  8 16 0 92 179 1 587390 9641 1.5 21 14 3 10 91%  78 4838 413 30%
c - 16.70  9 16 0 93 184 1 593903 9132 1.5 21 14 3 10 90%  78 4838 413 30%
c - 16.97  9 16 0 94 187 1 603547 8535 1.5 21 14 3 10 91%  78 4838 413 30%
c - 17.26  9 16 0 95 188 1 613242 8519 1.5 21 14 3 10 90%  78 4838 413 30%
c s 17.42  9 16 0 95 188 1 618552 11421 1.5 21 14 3 10 90%  78 4834 413 30%
c - 17.56  8 16 0 96 188 1 622988 8962 1.5 21 14 3 10 90%  78 4834 413 30%
c - 17.84  9 16 0 97 189 1 632786 9319 1.5 21 14 3 10 91%  78 4834 413 30%
c - 18.18  9 16 0 98 189 1 642635 8478 1.6 21 14 3 9 91%  78 4834 413 30%
c - 18.53  9 16 0 99 189 1 652534 8423 1.6 21 14 3 9 91%  78 4834 413 30%
c u 18.74  9 16 0 99 190 1 658724 10567 1.6 21 14 3 9 91%  78 4834 413 30%
c v 18.78  9 16 0 99 190 1 658724 9402 1.6 21 14 3 9 91%  78 4834 413 30%
c w 18.82 10 16 0 99 190 1 658724 7982 1.6 21 14 3 9 91%  78 4834 413 30%
c x 18.82 10 16 0 99 190 1 658724 7982 1.6 21 14 3 9 91%  78 4822 413 30%
c W 18.90  8 16 0 99 192 1 660366 8501 1.6 21 14 3 9 91%  78 4822 413 30%
c - 18.98  8 16 0 100 193 1 662483 6691 1.6 21 14 2 9 91%  78 4822 413 30%
c - 19.34  8 16 0 101 198 1 672483 7464 1.6 21 14 2 9 91%  78 4822 413 30%
c - 19.69  8 16 0 102 203 1 682534 7888 1.6 21 13 2 9 92%  78 4822 413 30%
c - 20.00  8 16 0 103 206 1 692635 8334 1.6 21 13 2 9 92%  78 4822 413 30%
c
c seconds  switched    rate         size/glue  tier1   binary      remaining
c        MB  reductions  conflicts        size   tier2   irredundant
c         level   restarts     redundant     glue   trail      variables
c
c - 20.34  8 16 0 104 211 1 702784 8832 1.6 21 13 2 9 92%  78 4822 413 30%
c - 20.66  8 16 0 105 218 1 712982 9296 1.6 21 13 2 9 92%  78 4822 413 30%
c - 20.98  8 16 0 106 219 1 723228 9824 1.6 21 13 2 9 92%  78 4822 413 30%
c - 21.36  8 16 0 107 220 1 733523 9801 1.6 21 13 2 9 92%  78 4822 413 30%
c O 21.53  8 15 0 107 220 1 738795 12810 1.6 21 13 2 9 92%  78 4822 413 30%
c o 21.53  8 15 0 107 220 1 738795 12810 1.6 21 13 2 9 92%  78 4822 413 30%
c u 21.66  8 16 0 107 223 1 742986 14331 1.6 21 13 2 9 92%  78 4822 413 30%
c v 21.73  8 16 0 107 223 1 742986 13114 1.6 21 13 2 9 92%  78 4822 413 30%
c w 21.82 10 16 0 107 223 1 742986 10636 1.6 21 13 2 9 92%  78 4822 413 30%
c - 21.85  9 16 0 108 223 1 743867 8168 1.6 21 13 2 9 92%  78 4822 413 30%
c - 22.15  9 16 0 109 229 1 754260 9054 1.6 21 13 2 9 92%  78 4822 413 30%
c - 22.44  9 16 0 110 234 1 764701 8607 1.6 21 13 2 9 92%  78 4822 413 30%
c - 22.80  9 16 0 111 237 1 775190 8386 1.6 21 13 2 9 92%  78 4822 413 30%
c - 23.10  9 15 0 112 243 1 785726 8421 1.6 20 13 2 9 92%  78 4822 413 30%
c - 23.42  9 15 0 113 249 1 796309 9466 1.5 20 13 2 9 91%  78 4822 413 30%
c - 23.72  9 15 0 114 251 1 806939 10470 1.6 20 13 2 9 91%  78 4822 413 30%
c s 24.02  9 15 0 114 251 1 816567 15397 1.6 20 13 2 9 91%  78 4821 413 30%
c - 24.06  9 15 0 115 251 1 817617 10461 1.6 20 13 2 9 91%  78 4821 413 30%
c B 24.21  9 15 0 115 252 1 822834 13501 1.6 20 13 2 9 91%  78 4821 413 30%
c - 24.37  9 15 0 116 252 1 828340 10802 1.6 20 13 2 9 91%  78 4821 413 30%
c
c seconds  switched    rate          size/glue  tier1   binary      remaining
c        MB  reductions  conflicts         size   tier2   irredundant
c         level   restarts      redundant     glue   trail      variables
c
c u 24.54  9 15 0 116 252 1 832905 11959 1.6 20 13 2 9 92%  78 4821 413 30%
c v 24.60 10 15 0 116 252 1 832905 10723 1.6 20 13 2 9 92%  78 4821 413 30%
c w 24.63 10 15 0 116 252 1 832905 9767 1.6 20 13 2 9 92%  78 4821 413 30%
c x 24.64 10 15 0 116 252 1 832905 9766 1.6 20 13 2 9 92%  78 4814 413 30%
c - 24.87  9 15 0 117 252 1 839111 7813 1.5 20 13 2 8 92%  78 4814 413 30%
c - 25.26  9 16 0 118 252 1 849929 8018 1.5 20 13 2 8 92%  78 4814 413 30%
c - 25.63  9 16 0 119 253 1 860791 8647 1.5 20 13 2 8 92%  78 4814 413 30%
c - 25.97  9 15 0 120 253 1 871699 9474 1.5 20 13 2 8 92%  78 4814 413 30%
c - 26.33  9 15 0 121 253 1 882654 10550 1.5 20 13 2 8 91%  78 4814 413 30%
c - 26.61  9 15 0 122 253 1 893654 10758 1.6 20 13 2 8 91%  78 4814 413 30%
c - 26.92  9 15 0 123 253 1 904701 10614 1.6 20 13 2 8 91%  78 4814 413 30%
c W 27.15  8 15 0 123 253 1 912634 15350 1.6 20 13 2 8 91%  78 4814 413 30%
c o 27.15  8 15 0 123 253 1 912634 15350 1.6 20 13 2 8 91%  78 4814 413 30%
c - 27.29  8 15 0 124 253 1 915791 11258 1.6 20 13 2 8 91%  78 4814 413 30%
c - 27.70  8 15 0 125 254 1 926926 11105 1.6 20 13 2 8 91%  78 4814 413 30%
c u 27.79  8 15 0 125 254 1 928574 11185 1.6 20 13 2 8 91%  78 4814 413 30%
c v 27.86  8 15 0 125 254 1 928574 9789 1.6 20 13 2 8 91%  78 4814 413 30%
c w 27.92  8 15 0 125 254 1 928574 9215 1.6 20 13 2 8 91%  78 4814 413 30%
c - 28.61  9 15 0 126 254 1 938107 8734 1.6 20 13 2 8 91%  78 4814 413 30%
c - 28.95  9 15 0 127 254 1 949331 9525 1.6 20 13 2 8 91%  78 4814 413 30%
c
c seconds  switched    rate         size/glue  tier1   binary      remaining
c        MB  reductions  conflicts        size   tier2   irredundant
c         level   restarts     redundant     glue   trail      variables
c
c - 29.28  9 15 0 128 254 1 960600 9834 1.6 20 13 2 8 91%  78 4814 413 30%
c - 29.62  9 15 0 129 254 1 971913 10104 1.6 20 13 2 8 91%  78 4814 413 30%
c - 29.96  9 15 0 130 254 1 983270 10700 1.6 20 13 2 8 91%  78 4814 413 30%
c - 30.32  9 15 0 131 254 1 994672 10969 1.6 20 13 2 8 91%  78 4814 413 30%
c - 30.71  9 15 0 132 254 1 1006117 11840 1.6 20 13 2 8 91%  78 4814 413 30%
c I 30.78  9 15 0 132 254 1 1008349 13312 1.6 20 13 2 8 91%  78 4814 413 30%
c - 31.04  8 15 0 133 254 1 1017607 12428 1.6 20 13 2 8 91%  78 4814 413 30%
c - 31.40  8 15 0 134 254 1 1029140 11125 1.6 20 13 2 8 91%  78 4814 413 30%
c u 31.46  8 15 0 134 254 1 1030034 11085 1.6 20 13 2 8 91%  78 4814 413 30%
c v 31.53  8 15 0 134 254 1 1030034 9663 1.6 20 13 2 8 91%  78 4814 413 30%
c w 31.57  8 15 0 134 254 1 1030034 9324 1.6 20 13 2 8 91%  78 4814 413 30%
c - 31.82  8 16 0 135 254 1 1040716 9706 1.6 21 13 2 8 91%  78 4814 413 30%
c s 31.97  8 16 0 135 254 1 1048487 15798 1.6 21 13 2 8 91%  78 4810 413 30%
c o 31.97  8 16 0 135 254 1 1048487 15798 1.6 21 13 2 8 91%  78 4810 413 30%
c - 32.06  8 16 0 136 254 1 1052334 10620 1.6 21 13 2 8 91%  78 4810 413 30%
c - 32.40  9 16 0 137 261 1 1063996 10777 1.6 21 13 2 8 91%  78 4810 413 30%
c - 32.76  9 16 0 138 268 1 1075701 10263 1.6 21 13 2 8 91%  78 4810 413 30%
c - 33.11  9 16 0 139 271 1 1087448 10482 1.5 21 13 2 8 90%  78 4810 413 30%
c - 33.48  9 16 0 140 278 1 1099238 10931 1.5 20 13 2 8 90%  78 4810 413 30%
c B 33.95  9 16 0 140 284 1 1110127 18426 1.5 21 13 2 8 90%  78 4810 413 30%
c
c seconds  switched    rate           size/glue  tier1   binary      remaining
c        MB  reductions   conflicts         size   tier2   irredundant
c         level   restarts       redundant     glue   trail      variables
c
c - 34.00  9 16 0 141 284 1 1111070 11863 1.5 21 13 2 8 90%  78 4810 413 30%
c - 34.42  8 16 0 142 285 1 1122944 13016 1.6 21 13 2 8 90%  78 4810 413 30%
c - 34.87  8 16 0 143 286 1 1134861 13120 1.6 21 13 2 8 90%  78 4810 413 30%
c u 34.97  8 16 0 143 288 1 1137351 14096 1.6 21 13 2 8 90%  78 4810 413 30%
c v 35.04  8 16 0 143 288 1 1137351 12877 1.6 21 13 2 8 90%  78 4810 413 30%
c w 35.06  8 16 0 143 288 1 1137351 12500 1.6 21 13 2 8 90%  78 4810 413 30%
c x 35.07  8 16 0 143 288 1 1137351 12499 1.6 21 13 2 8 90%  78 4802 413 30%
c - 35.30  8 16 0 144 292 1 1146820 11078 1.6 21 13 2 8 90%  78 4802 413 30%
c - 35.58  8 16 0 145 299 1 1158821 11000 1.6 21 13 2 8 90%  78 4802 413 30%
c - 35.90  9 16 0 146 303 1 1170864 11247 1.6 21 13 2 8 90%  78 4802 413 30%
c - 36.25  9 16 0 147 310 1 1182949 11524 1.6 21 13 2 8 90%  78 4802 413 30%
c - 36.55  9 16 0 148 315 1 1195073 12245 1.6 21 13 2 8 90%  78 4802 413 30%
c - 36.90  8 16 0 149 316 1 1207238 12346 1.6 21 13 2 8 90%  78 4802 413 30%
c W 37.27  9 16 0 149 317 1 1218113 18963 1.6 21 13 2 8 90%  78 4802 413 30%
c o 37.27  9 16 0 149 317 1 1218113 18963 1.6 21 13 2 8 90%  78 4802 413 30%
c - 37.32  8 16 0 150 317 1 1219444 12374 1.6 21 13 2 8 90%  78 4802 413 30%
c - 37.84  8 16 0 151 317 1 1231691 12827 1.6 21 13 2 8 90%  78 4802 413 30%
c - 38.39  8 16 0 152 317 1 1243979 11556 1.6 21 13 2 8 90%  78 4802 413 30%
c u 38.62  8 16 0 152 318 1 1250635 15542 1.6 21 13 2 8 90%  78 4802 413 30%
c v 38.69  8 16 0 152 318 1 1250635 14210 1.6 21 13 2 8 90%  78 4802 413 30%
c
c seconds  switched    rate           size/glue  tier1   binary      remaining
c        MB  reductions   conflicts         size   tier2   irredundant
c         level   restarts       redundant     glue   trail      variables
c
c w 38.78 11 16 0 152 318 1 1250635 12675 1.6 21 13 2 8 90%  78 4802 413 30%
c - 38.93  9 16 0 153 323 1 1256308 10169 1.6 21 13 2 8 91%  78 4802 413 30%
c - 39.23  9 16 0 154 330 1 1268677 10835 1.6 21 13 2 8 91%  78 4802 413 30%
c - 39.59  9 16 0 155 332 1 1281087 11207 1.6 21 13 2 8 91%  78 4802 413 30%
c - 39.92  9 16 0 156 339 1 1293536 11723 1.6 21 13 2 8 90%  78 4802 413 30%
c - 40.20  9 16 0 157 346 1 1306026 12237 1.6 22 14 2 8 90%  78 4802 413 30%
c s 40.44 10 17 0 157 348 1 1316024 19103 1.6 22 14 2 8 90%  78 4801 413 30%
c - 40.51 10 17 0 158 348 1 1318555 11627 1.6 22 14 2 8 90%  78 4801 413 30%
c - 40.79  9 17 0 159 348 1 1331124 11771 1.6 22 14 2 8 90%  78 4801 413 30%
c O 40.82  8 17 0 159 349 1 1332453 12755 1.6 22 14 2 8 90%  78 4801 413 30%
c - 41.16  9 17 0 160 355 1 1343733 12264 1.6 22 14 2 8 90%  78 4801 413 30%
c - 41.59  9 16 0 161 362 1 1356382 11487 1.6 22 14 2 8 91%  78 4801 413 30%
c - 42.09  9 16 0 162 367 1 1369071 11465 1.6 21 14 2 8 91%  78 4801 413 30%
c u 42.17  9 16 0 162 367 1 1369906 10986 1.6 21 14 2 8 91%  78 4801 413 30%
c v 42.22  9 16 0 162 367 1 1369906 9922 1.6 21 14 2 8 91%  78 4801 413 30%
c w 42.26  9 16 0 162 367 1 1369906 9462 1.6 21 14 2 8 91%  78 4801 413 30%
c o 42.26  9 16 0 162 367 1 1369906 9462 1.6 21 14 2 8 91%  78 4801 413 30%
c - 42.60  9 16 0 163 374 1 1381798 10164 1.6 21 14 2 8 91%  78 4801 413 30%
c - 42.88 10 16 0 164 378 1 1394566 12084 1.6 21 13 2 8 88%  78 4801 413 30%
c - 43.22  8 16 0 165 379 1 1407373 12203 1.6 21 13 2 8 88%  78 4801 413 30%
c
c seconds  switched    rate           size/glue  tier1   binary      remaining
c        MB  reductions   conflicts         size   tier2   irredundant
c         level   restarts       redundant     glue   trail      variables
c
c - 43.57 10 16 0 166 380 1 1420220 12445 1.6 21 13 2 8 87%  78 4801 413 30%
c - 43.96 10 16 0 167 380 1 1433104 12995 1.6 20 13 2 8 87%  78 4801 413 30%
c - 44.40  9 16 0 168 380 1 1446026 13791 1.6 20 13 2 8 87%  78 4801 413 30%
c B 44.65 10 15 0 168 381 1 1453287 17920 1.6 20 13 2 8 87%  78 4801 413 30%
c - 44.91  9 16 0 169 381 1 1458988 13904 1.6 20 13 2 8 87%  78 4801 413 30%
c - 45.39  9 16 0 170 381 1 1471988 14212 1.6 21 13 2 8 88%  78 4801 413 30%
c - 45.86  9 16 0 171 381 1 1485027 13315 1.6 21 13 2 8 89%  78 4801 413 30%
c u 46.32 10 16 0 171 381 1 1495203 17513 1.6 21 13 2 8 89%  78 4801 413 30%
c v 46.40 11 16 0 171 381 1 1495203 16169 1.6 21 13 2 8 89%  78 4801 413 30%
c w 46.58 11 16 0 171 381 1 1495203 13968 1.6 21 13 2 8 89%  78 4801 413 30%
c - 46.70  9 16 0 172 381 1 1498104 10950 1.6 21 13 2 8 89%  78 4801 413 30%
c - 47.08  9 16 0 173 381 1 1511218 12299 1.6 21 13 2 8 89%  78 4801 413 30%
c - 47.50  9 16 0 174 388 1 1524370 12176 1.6 21 13 2 8 89%  78 4801 413 30%
c - 47.97  9 16 0 175 396 1 1537560 12345 1.6 21 13 2 8 90%  78 4801 413 30%
c - 48.41  9 16 0 176 401 1 1550788 12843 1.6 21 13 2 8 90%  78 4801 413 30%
c - 48.88  9 16 0 177 408 1 1564054 12673 1.6 21 13 2 8 90%  78 4801 413 30%
c - 49.31  9 16 0 178 411 1 1577359 13428 1.6 21 13 2 8 90%  78 4801 413 30%
c W 49.45  8 16 0 178 412 1 1580756 15008 1.6 21 13 2 8 90%  78 4801 413 30%
c o 49.45  8 16 0 178 412 1 1580756 15008 1.6 21 13 2 8 90%  78 4801 413 30%
c - 49.79  8 16 0 179 412 1 1590700 13811 1.6 21 13 2 8 90%  78 4801 413 30%
c
c seconds  switched    rate           size/glue  tier1   binary      remaining
c        MB  reductions   conflicts         size   tier2   irredundant
c         level   restarts       redundant     glue   trail      variables
c
c - 50.21  8 16 0 180 419 1 1604079 13825 1.6 21 13 2 8 90%  78 4801 413 30%
c - 50.61  8 16 0 181 426 1 1617495 13551 1.6 21 13 2 8 90%  78 4801 413 30%
c u 50.95  9 16 0 181 427 1 1626588 17503 1.6 21 13 2 8 90%  78 4801 413 30%
c v 51.03 11 16 0 181 427 1 1626588 16209 1.6 21 13 2 8 90%  78 4801 413 30%
c w 51.07 11 16 0 181 427 1 1626588 14036 1.6 21 13 2 8 90%  78 4801 413 30%
c x 51.08 11 16 0 181 427 1 1626588 14032 1.6 21 13 2 8 90%  78 4796 413 30%
c s 51.56 11 16 0 181 427 1 1626588 14032 1.6 21 13 2 8 90%  78 4794 413 30%
c - 51.69 10 16 0 182 430 1 1630948 11422 1.6 21 13 2 8 90%  78 4794 413 30%
c - 52.10  9 16 0 183 438 1 1644439 12280 1.6 21 13 2 8 90%  78 4794 413 30%
c - 52.52  9 16 0 184 442 1 1657967 12230 1.6 21 13 2 8 90%  78 4794 413 30%
c - 52.92  9 15 0 185 443 1 1671531 13189 1.6 21 13 2 8 90%  78 4794 413 30%
c - 53.53 11 15 0 186 444 1 1685132 14325 1.6 21 13 2 8 90%  78 4794 413 30%
c - 54.23 11 15 0 187 444 1 1698771 14550 1.7 22 13 2 8 91%  78 4794 413 30%
c - 55.02 11 15 0 188 447 1 1712445 14105 1.7 22 13 2 8 92%  78 4794 413 30%
c I 55.13 10 15 0 188 449 1 1714996 15945 1.8 22 13 2 8 92%  78 4794 413 30%
c - 55.37 11 15 0 189 454 1 1726158 15155 1.8 22 13 2 8 92%  78 4794 413 30%
c - 55.63 11 16 0 190 459 1 1739905 14821 1.7 22 13 2 8 91%  78 4794 413 30%
c - 55.94  9 16 0 191 466 1 1753689 14146 1.7 22 13 2 8 91%  78 4794 413 30%
c u 56.23 11 16 0 191 473 1 1764149 19487 1.7 22 13 2 8 91%  78 4794 413 30%
c v 56.31 11 16 0 191 473 1 1764149 17799 1.7 22 13 2 8 91%  78 4794 413 30%
c
c seconds  switched    rate           size/glue  tier1   binary      remaining
c        MB  reductions   conflicts         size   tier2   irredundant
c         level   restarts       redundant     glue   trail      variables
c
c w 56.47 12 16 0 191 473 1 1764149 14513 1.7 22 13 2 8 91%  78 4794 413 30%
c o 56.47 12 16 0 191 473 1 1764149 14513 1.7 22 13 2 8 91%  78 4794 413 30%
c - 56.52  9 16 0 192 474 1 1767510 11358 1.7 22 13 2 8 91%  78 4794 413 30%
c - 56.79  9 16 0 193 475 1 1781366 13210 1.7 22 13 2 8 90%  78 4794 413 30%
c - 57.09  9 16 0 194 478 1 1795259 13234 1.7 21 13 2 8 90%  78 4794 413 30%
c - 57.39  9 16 0 195 486 1 1809187 13583 1.6 21 13 2 8 90%  78 4794 413 30%
c - 57.69  9 16 0 196 490 1 1823152 14318 1.6 21 13 2 8 90%  78 4794 413 30%
c - 58.02 11 16 0 197 497 1 1837152 14764 1.6 21 13 2 8 90%  78 4794 413 30%
c - 58.42  9 16 0 198 505 1 1851188 14084 1.6 21 13 2 8 90%  78 4794 413 30%
c B 58.58  9 16 0 198 505 1 1856144 17343 1.6 20 13 2 8 90%  78 4794 413 30%
c - 59.02  9 16 0 199 506 1 1865259 14594 1.6 21 13 2 8 90%  78 4794 413 30%
c - 59.61 11 16 0 200 507 1 1879366 14843 1.6 21 13 2 8 90%  78 4794 413 30%
c - 60.15  9 16 0 201 507 1 1893509 14208 1.6 21 13 2 8 90%  78 4794 413 30%
c - 60.87  9 16 0 202 508 1 1907686 13638 1.6 21 13 2 8 90%  78 4794 413 30%
c u 60.93  9 16 0 202 508 1 1907875 12771 1.6 21 13 2 8 90%  78 4794 413 30%
c v 61.01  9 16 0 202 508 1 1907875 11384 1.6 21 13 2 8 90%  78 4794 413 30%
c w 61.04  9 16 0 202 508 1 1907875 11042 1.6 21 13 2 8 90%  78 4794 413 30%
c - 61.64  9 16 0 203 508 1 1921899 12071 1.6 21 13 2 8 90%  78 4794 413 30%
c - 62.30  9 16 0 204 508 1 1936146 12751 1.6 21 13 2 8 91%  78 4794 413 30%
c - 62.91  9 16 0 205 508 1 1950428 12328 1.6 21 13 2 8 91%  78 4794 413 30%
c
c seconds  switched    rate           size/glue  tier1   binary      remaining
c        MB  reductions   conflicts         size   tier2   irredundant
c         level   restarts       redundant     glue   trail      variables
c
c - 63.55  9 16 0 206 508 1 1964746 12357 1.6 21 13 2 7 91%  78 4794 413 30%
c o 63.76  9 16 0 206 508 1 1969987 15055 1.6 21 13 2 7 91%  78 4794 413 30%
c - 64.06 10 16 0 207 509 1 1979099 13269 1.5 21 13 2 7 91%  78 4794 413 30%
c - 64.45  9 16 0 208 509 1 1993488 13763 1.6 21 13 2 7 91%  78 4794 413 30%
c W 64.75  9 16 0 208 509 1 2004333 20847 1.6 21 13 2 7 91%  78 4794 413 30%
c - 64.87  8 16 0 209 509 1 2007911 13487 1.6 21 13 2 7 91%  78 4794 413 30%
c - 65.41  8 16 0 210 509 1 2022368 13214 1.5 21 13 2 7 91%  78 4794 413 30%
c - 66.00  8 16 0 211 509 1 2036860 13218 1.5 21 13 2 7 91%  78 4794 413 30%
c - 66.47  8 16 0 212 509 1 2051385 13652 1.5 20 13 2 7 91%  78 4794 413 30%
c u 66.77  8 16 0 212 509 1 2057854 15593 1.5 20 13 2 7 91%  78 4794 413 30%
c v 66.85  8 16 0 212 509 1 2057854 14218 1.5 20 13 2 7 91%  78 4794 413 30%
c w 66.90  8 16 0 212 509 1 2057854 12483 1.5 20 13 2 7 91%  78 4794 413 30%
c - 67.15  8 16 0 213 509 1 2065945 11369 1.5 20 13 2 7 91%  78 4794 413 30%
c - 67.58  8 15 0 214 509 1 2080540 12476 1.5 20 13 2 7 91%  78 4794 413 30%
c - 68.14  8 15 0 215 509 1 2095168 12891 1.5 20 13 2 7 90%  78 4794 413 30%
c - 68.63  8 15 0 216 510 1 2109830 13687 1.5 20 13 2 7 91%  78 4794 413 30%
c - 69.12  8 15 0 217 510 1 2124526 14138 1.5 20 13 2 7 91%  78 4794 413 30%
c - 69.60  8 15 0 218 510 1 2139258 13958 1.5 20 13 2 7 91%  78 4794 413 30%
c - 70.09  8 15 0 219 510 1 2154023 14431 1.5 20 13 2 7 91%  78 4794 413 30%
c O 70.24  8 15 0 219 510 1 2159695 18209 1.5 20 13 2 7 91%  78 4794 413 30%
c
c seconds  switched    rate           size/glue  tier1   binary      remaining
c        MB  reductions   conflicts         size   tier2   irredundant
c         level   restarts       redundant     glue   trail      variables
c
c o 70.24  8 15 0 219 510 1 2159695 18209 1.5 20 13 2 7 91%  78 4794 413 30%
c - 70.52  9 15 0 220 510 1 2168821 15395 1.6 20 13 2 7 90%  78 4794 413 30%
c - 71.06  9 15 0 221 510 1 2183653 15241 1.6 20 13 2 7 90%  78 4794 413 30%
c - 71.53  9 15 0 222 510 1 2198520 15191 1.6 20 13 2 7 90%  78 4794 413 30%
c - 72.06  9 15 0 223 510 1 2213419 15626 1.6 21 13 2 7 90%  78 4794 413 30%
c u 72.14  9 15 0 223 510 1 2214118 15286 1.6 21 13 2 7 90%  78 4794 413 30%
c v 72.24  9 15 0 223 510 1 2214118 13495 1.6 21 13 2 7 90%  78 4794 413 30%
c w 72.29  9 15 0 223 510 1 2214118 13098 1.6 21 13 2 7 90%  78 4794 413 30%
c - 72.78  8 15 0 224 510 1 2228353 13227 1.6 21 13 2 7 90%  78 4794 413 30%
c - 73.26  8 15 0 225 510 1 2243320 13623 1.6 21 13 2 7 90%  78 4794 413 30%
c - 73.68  9 15 0 226 510 1 2258320 14371 1.7 21 13 2 7 90%  78 4794 413 30%
c - 74.26  9 15 0 227 510 1 2273353 14450 1.6 21 13 2 7 90%  78 4794 413 30%
c - 74.82  9 15 0 228 510 1 2288419 15247 1.6 21 13 2 7 90%  78 4794 413 30%
c - 75.38  9 15 0 229 510 1 2303518 15688 1.7 21 13 2 7 90%  78 4794 413 30%
c - 75.93  9 15 0 230 510 1 2318650 15582 1.7 21 13 2 7 90%  78 4794 413 30%
c B 76.05  9 15 0 230 510 1 2322359 18287 1.7 21 13 2 7 90%  78 4794 413 30%
c - 76.57  9 15 0 231 510 1 2333815 15643 1.7 22 13 2 7 90%  78 4794 413 30%
c - 77.21  8 16 0 232 510 1 2349014 14958 1.6 21 13 2 7 90%  78 4794 413 30%
c - 77.75  8 16 0 233 510 1 2364245 14229 1.6 21 13 2 7 90%  78 4794 413 30%
c o 78.01  8 16 0 233 514 1 2371205 17868 1.6 21 13 2 7 90%  78 4794 413 30%
c
c seconds  switched    rate           size/glue  tier1   binary      remaining
c        MB  reductions   conflicts         size   tier2   irredundant
c         level   restarts       redundant     glue   trail      variables
c
c u 78.26 11 16 0 233 517 1 2376701 19776 1.6 21 13 2 7 90%  78 4794 413 30%
c v 78.34 11 16 0 233 517 1 2376701 18419 1.6 21 13 2 7 90%  78 4794 413 30%
c w 78.44 12 16 0 233 517 1 2376701 15597 1.6 21 13 2 7 90%  78 4794 413 30%
c x 78.45 12 16 0 233 517 1 2376701 15595 1.6 21 13 2 7 90%  78 4785 413 30%
c s 78.46 12 16 0 233 517 1 2376701 15595 1.6 21 13 2 7 90%  78 4783 413 30%
c e 78.46  9 16 0 233 517 1 2376701 15595 1.6 21 13 2 7 90%  74 4817 411 30%
c s 78.46  9 16 0 233 517 1 2376701 15595 1.6 21 13 2 7 90%  74 4808 411 30%
c - 78.54  9 16 0 234 518 1 2379509 11754 1.6 21 13 2 7 90%  74 4808 411 30%
c - 79.04  9 15 0 235 525 1 2394807 13183 1.6 21 13 2 7 90%  74 4808 411 30%
c - 79.57  9 15 0 236 532 1 2410137 13878 1.6 20 13 2 7 90%  74 4808 411 30%
c - 80.09  9 15 0 237 540 1 2425499 14262 1.6 21 13 2 7 90%  74 4808 411 30%
c - 80.59 10 15 0 238 541 1 2440894 15072 1.6 21 13 2 7 90%  74 4808 411 30%
c - 81.10 11 15 0 239 547 1 2456321 15266 1.6 21 13 2 7 90%  74 4808 411 30%
c - 81.58 11 15 0 240 555 1 2471780 14904 1.6 21 13 2 7 90%  74 4808 411 30%
c - 82.07 11 15 0 241 561 1 2487273 15331 1.6 21 13 2 7 90%  74 4808 411 30%
c W 82.23  9 15 0 241 563 1 2492453 18811 1.6 21 13 2 7 90%  74 4808 411 30%
c - 82.60  9 15 0 242 570 1 2502798 15112 1.6 21 13 2 7 90%  74 4808 411 30%
c - 83.08  9 15 0 243 572 1 2518354 15149 1.6 20 13 2 7 90%  74 4808 411 30%
c - 83.55  8 15 0 244 573 1 2533943 14809 1.6 20 13 2 7 90%  74 4808 411 30%
c u 83.96 11 15 0 244 573 1 2545685 20882 1.6 20 13 2 7 90%  74 4808 411 30%
c
c seconds  switched    rate           size/glue  tier1   binary      remaining
c        MB  reductions   conflicts         size   tier2   irredundant
c         level   restarts       redundant     glue   trail      variables
c
c v 84.06 11 15 0 244 573 1 2545685 19379 1.6 20 13 2 7 90%  74 4808 411 30%
c w 84.24 12 15 0 244 573 1 2545685 16101 1.6 20 13 2 7 90%  74 4808 411 30%
c - 84.36  9 15 0 245 573 1 2549564 12609 1.6 20 13 2 7 90%  74 4808 411 30%
c - 84.90  9 15 0 246 574 1 2565217 13805 1.6 20 13 2 7 90%  74 4808 411 30%
c - 85.55  9 15 0 247 584 1 2580902 13692 1.6 20 13 2 7 90%  74 4808 411 30%
c - 86.08  9 15 0 248 588 1 2596619 13842 1.6 20 13 2 7 90%  74 4808 411 30%
c - 86.54  9 15 0 249 598 1 2612367 14305 1.6 20 13 2 7 90%  74 4808 411 30%
c - 86.97  9 15 0 250 603 1 2628147 14581 1.5 19 13 2 7 91%  74 4808 411 30%
c - 87.47  9 15 0 251 604 1 2643958 14715 1.5 19 12 2 7 90%  74 4808 411 30%
c - 87.91 11 15 0 252 613 1 2659800 15090 1.5 19 12 2 7 90%  74 4808 411 30%
c I 88.20 10 14 0 252 618 1 2670105 20949 1.5 19 12 2 7 90%  74 4808 411 30%
c o 88.20 10 14 0 252 618 1 2670105 20949 1.5 19 12 2 7 90%  74 4808 411 30%
c - 88.31 11 15 0 253 619 1 2675674 16061 1.5 19 12 2 7 90%  74 4808 411 30%
c - 88.65 11 15 0 254 627 1 2691580 15995 1.5 19 12 2 7 90%  74 4808 411 30%
c - 89.02 10 15 0 255 634 1 2707518 14755 1.6 19 12 2 7 91%  74 4808 411 30%
c u 89.38 11 15 0 255 635 1 2720980 23750 1.6 19 12 2 7 91%  74 4808 411 30%
c v 89.47 12 15 0 255 635 1 2720980 21976 1.6 19 12 2 7 91%  74 4808 411 30%
c w 89.58 13 15 0 255 635 1 2720980 17616 1.6 19 12 2 7 91%  74 4808 411 30%
c - 89.65  9 15 0 256 635 1 2723487 11834 1.6 19 12 2 7 91%  74 4808 411 30%
c - 90.04  9 15 0 257 636 1 2739488 13080 1.5 19 13 2 7 90%  74 4808 411 30%
c
c seconds  switched    rate           size/glue  tier1   binary      remaining
c        MB  reductions   conflicts         size   tier2   irredundant
c         level   restarts       redundant     glue   trail      variables
c
c - 90.42  9 15 0 258 636 1 2755520 13599 1.5 20 13 2 7 91%  74 4808 411 30%
c - 90.82  9 15 0 259 637 1 2771583 13381 1.5 20 13 2 7 90%  74 4808 411 30%
c - 91.24  9 15 0 260 637 1 2787676 13490 1.5 19 13 2 7 91%  74 4808 411 30%
c - 91.63  9 15 0 261 637 1 2803801 14233 1.5 19 13 2 7 91%  74 4808 411 30%
c - 92.13  9 15 0 262 637 1 2819956 13765 1.5 19 13 2 7 91%  74 4808 411 30%
c - 92.53  9 15 0 263 644 1 2836142 14112 1.5 19 13 2 7 91%  74 4808 411 30%
c - 93.03  9 15 0 264 652 1 2852359 14618 1.5 19 13 2 7 91%  74 4808 411 30%
c B 93.12  9 15 0 264 652 1 2855440 16281 1.5 19 13 2 7 91%  74 4808 411 30%
c - 93.44  9 15 0 265 659 1 2868607 14373 1.5 19 13 2 7 91%  74 4808 411 30%
c - 93.86  9 15 0 266 667 1 2884886 13770 1.5 19 13 2 7 91%  74 4808 411 30%
c - 94.32  9 15 0 267 668 1 2901195 14073 1.5 19 13 2 7 91%  74 4808 411 30%
c u 94.40  9 15 0 267 668 1 2902722 14347 1.5 19 13 2 7 91%  74 4808 411 30%
c v 94.47  9 15 0 267 668 1 2902722 13058 1.5 19 13 2 7 91%  74 4808 411 30%
c w 94.51  9 15 0 267 668 1 2902722 12525 1.5 19 13 2 7 91%  74 4808 411 30%
c o 94.52  9 15 0 267 668 1 2902722 12525 1.5 19 13 2 7 91%  74 4808 411 30%
c - 94.96  9 15 0 268 675 1 2917535 12438 1.5 20 13 2 7 91%  74 4808 411 30%
c - 95.66  9 15 0 269 683 1 2933906 12906 1.6 20 13 2 7 91%  74 4808 411 30%
c - 96.27  9 15 0 270 690 1 2950307 13089 1.5 20 13 2 7 91%  74 4808 411 30%
c - 96.78  9 15 0 271 698 1 2966738 13386 1.6 20 13 2 7 92%  74 4808 411 30%
c - 97.43  9 15 0 272 699 1 2983202 13697 1.6 20 13 2 7 92%  74 4808 411 30%
c
c seconds  switched    rate           size/glue  tier1   binary      remaining
c        MB  reductions   conflicts         size   tier2   irredundant
c         level   restarts       redundant     glue   trail      variables
c
c - 97.99  9 15 0 273 700 1 2999695 14292 1.6 20 13 2 7 92%  74 4808 411 30%
c - 98.57  9 15 0 274 700 1 3016217 14522 1.6 20 13 2 7 92%  74 4808 411 30%
c - 99.13 11 15 0 275 707 1 3032770 14793 1.6 20 13 2 7 91%  74 4808 411 30%
c W 99.81  9 15 0 275 714 1 3048580 22240 1.5 20 13 2 7 91%  74 4808 411 30%
c - 99.84  9 15 0 276 715 1 3049354 15474 1.5 20 13 2 7 91%  74 4808 411 30%
c - 100.38  9 15 0 277 722 1 3065968 15840 1.5 20 13 2 7 91%  74 4808 411 30%
c - 100.87  9 15 0 278 730 1 3082611 15377 1.5 20 13 2 7 91%  74 4808 411 30%
c u 101.14 11 15 0 278 731 1 3090977 19964 1.5 20 13 2 7 91%  74 4808 411 30%
c v 101.23 12 15 0 278 731 1 3090977 18294 1.5 20 13 2 7 91%  74 4808 411 30%
c w 101.37 12 15 0 278 731 1 3090977 15673 1.5 20 13 2 7 91%  74 4808 411 30%
c - 101.56  9 15 0 279 731 1 3099285 13176 1.5 20 13 2 7 91%  74 4808 411 30%
c - 101.96  9 16 0 280 738 1 3115988 14220 1.6 20 13 2 7 91%  74 4808 411 30%
c - 102.35 11 16 0 281 746 1 3132722 15309 1.6 20 13 2 7 91%  74 4808 411 30%
c - 102.72 11 16 0 282 753 1 3149485 16758 1.6 20 13 2 7 91%  74 4808 411 30%
c - 103.13 11 15 0 283 761 1 3166277 17399 1.6 21 13 2 7 90%  74 4808 411 30%
c - 103.54 11 15 0 284 762 1 3183099 17074 1.6 21 13 2 7 91%  74 4808 411 30%
c - 104.05 11 15 0 285 763 1 3199951 17240 1.7 21 13 2 7 91%  74 4808 411 30%
c - 104.61 12 15 0 286 763 1 3216832 17456 1.7 21 13 2 7 90%  74 4808 411 30%
c - 105.13 11 15 0 287 764 1 3233743 17308 1.7 21 13 2 7 90%  74 4808 411 30%
c O 105.59 11 15 0 287 764 1 3249649 28863 1.7 21 13 2 7 90%  74 4808 411 30%
c
c seconds   switched    rate           size/glue  tier1   binary      remaining
c         MB  reductions   conflicts         size   tier2   irredundant
c          level   restarts       redundant     glue   trail      variables
c
c o 105.59 11 15 0 287 764 1 3249649 28863 1.7 21 13 2 7 90%  74 4808 411 30%
c - 105.64 11 15 0 288 764 1 3250685 18121 1.7 21 13 2 7 90%  74 4808 411 30%
c - 106.28 11 15 0 289 764 1 3267655 18057 1.7 21 12 2 7 90%  74 4808 411 30%
c - 107.00 11 15 0 290 764 1 3284656 16477 1.7 21 12 2 7 90%  74 4808 411 30%
c u 107.14 11 15 0 290 764 1 3285746 15804 1.7 21 12 2 7 90%  74 4808 411 30%
c v 107.25 11 15 0 290 764 1 3285746 14225 1.7 21 12 2 7 90%  74 4808 411 30%
c w 107.30 11 15 0 290 764 1 3285746 13869 1.7 21 12 2 7 90%  74 4808 411 30%
c - 107.96  9 15 0 291 765 1 3301685 13534 1.6 20 12 2 7 90%  74 4808 411 30%
c - 108.61  9 15 0 292 765 1 3318746 14423 1.6 20 12 2 7 90%  74 4808 411 30%
c - 109.21 11 15 0 293 765 1 3335834 15567 1.6 20 12 2 7 90%  74 4808 411 30%
c - 109.76 11 14 0 294 765 1 3352951 15712 1.6 20 12 2 7 90%  74 4808 411 30%
c - 110.29 11 14 0 295 765 1 3370097 16885 1.7 19 12 2 7 90%  74 4808 411 30%
c - 110.90 11 14 0 296 765 1 3387272 17781 1.7 20 12 2 7 90%  74 4808 411 30%
c - 111.48 11 14 0 297 765 1 3404476 17615 1.7 20 12 2 7 90%  74 4808 411 30%
c - 112.00 11 14 0 298 768 1 3421711 18411 1.7 20 12 2 7 90%  74 4808 411 30%
c - 112.67 11 14 0 299 779 1 3438974 17909 1.7 20 12 2 7 91%  74 4808 411 30%
c - 113.35 11 14 0 300 784 1 3456266 17359 1.7 19 12 2 7 90%  74 4808 411 30%
c B 113.44 11 14 0 300 786 1 3458764 18646 1.7 19 12 2 7 90%  74 4808 411 30%
c - 113.95 11 14 0 301 794 1 3473587 18123 1.7 20 12 2 7 90%  74 4808 411 30%
c u 114.56 12 15 0 301 796 1 3487092 23297 1.6 20 12 2 7 90%  74 4808 411 30%
c
c seconds   switched    rate           size/glue  tier1   binary      remaining
c         MB  reductions   conflicts         size   tier2   irredundant
c          level   restarts       redundant     glue   trail      variables
c
c v 114.70 12 15 0 301 796 1 3487092 21272 1.6 20 12 2 7 90%  74 4808 411 30%
c w 114.77 13 15 0 301 796 1 3487092 18557 1.6 20 12 2 7 90%  74 4808 411 30%
c x 114.79 11 15 0 301 796 1 3487092 18553 1.6 20 12 2 7 90%  75 4797 411 30%
c t 114.79 11 15 0 301 796 1 3487092 18553 1.6 20 12 2 7 90%  74 4797 411 30%
c o 114.79 11 15 0 301 796 1 3487092 18553 1.6 20 12 2 7 90%  74 4797 411 30%
c - 114.93  9 15 0 302 796 1 3490937 13582 1.6 20 12 2 7 90%  74 4797 411 30%
c - 115.51  9 15 0 303 802 1 3508315 14490 1.6 20 12 2 7 90%  74 4797 411 30%
c - 116.20 11 15 0 304 811 1 3525722 15038 1.6 20 13 2 7 91%  74 4797 411 30%
c - 116.77  9 15 0 305 818 1 3543158 14992 1.6 20 13 2 7 91%  74 4797 411 30%
c - 117.40 11 15 0 306 826 1 3560623 15496 1.6 20 13 2 7 91%  74 4797 411 30%
c - 118.14 11 15 0 307 827 1 3578115 16519 1.6 21 13 2 7 91%  74 4797 411 30%
c - 118.86 11 15 0 308 828 1 3595637 16593 1.6 20 13 2 7 91%  74 4797 411 30%
c - 119.68 11 15 0 309 828 1 3613186 16904 1.6 20 13 2 7 91%  74 4797 411 30%
c - 120.57 11 15 0 310 838 1 3630765 17469 1.6 20 12 2 7 91%  74 4797 411 30%
c - 121.31 11 15 0 311 844 1 3648372 18288 1.6 20 12 2 7 91%  74 4797 411 30%
c - 122.00 11 14 0 312 855 1 3666008 18073 1.6 19 12 2 7 91%  74 4797 411 30%
c W 122.41 10 14 0 312 858 1 3676046 22541 1.6 19 12 2 7 91%  74 4797 411 30%
c - 122.72 10 14 0 313 859 1 3683671 18252 1.6 19 12 2 7 91%  74 4797 411 30%
c u 123.26 12 14 0 313 859 1 3695090 21742 1.5 19 12 2 7 91%  74 4797 411 30%
c v 123.40 12 14 0 313 859 1 3695090 19943 1.5 19 12 2 7 91%  74 4797 411 30%
c
c seconds   switched    rate           size/glue  tier1   binary      remaining
c         MB  reductions   conflicts         size   tier2   irredundant
c          level   restarts       redundant     glue   trail      variables
c
c w 123.55 12 14 0 313 859 1 3695090 16846 1.5 19 12 2 7 91%  74 4797 411 30%
c - 123.74  9 14 0 314 862 1 3701363 14702 1.5 19 12 2 7 91%  74 4797 411 30%
c - 124.23 11 14 0 315 873 1 3719084 16227 1.6 19 12 2 7 91%  74 4797 411 30%
c - 124.71 12 14 0 316 880 1 3736832 16971 1.6 20 12 2 7 91%  74 4797 411 30%
c - 125.28 11 14 0 317 888 1 3754608 17061 1.7 20 12 2 7 91%  74 4797 411 30%
c - 125.80 12 14 0 318 890 1 3772412 16543 1.7 20 12 2 7 91%  74 4797 411 30%
c - 126.26 11 14 0 319 891 1 3790245 18632 1.7 20 12 2 7 88%  74 4797 411 30%
c - 126.81 12 14 0 320 891 1 3808106 18855 1.6 20 12 2 7 88%  74 4797 411 30%
c - 127.35 12 14 0 321 892 1 3825994 17399 1.6 19 12 2 7 89%  74 4797 411 30%
c - 127.89 12 14 0 322 892 1 3843910 17448 1.6 19 12 2 7 89%  74 4797 411 30%
c - 128.42 11 14 0 323 892 1 3861854 18025 1.6 19 12 2 7 89%  74 4797 411 30%
c - 129.04 12 14 0 324 894 1 3879826 17582 1.6 19 12 2 7 89%  74 4797 411 30%
c - 129.59 12 14 0 325 905 1 3897826 17980 1.6 19 12 2 7 89%  74 4797 411 30%
c I 129.70 11 14 0 325 906 1 3901613 20319 1.6 19 12 2 7 89%  74 4797 411 30%
c o 129.70 11 14 0 325 906 1 3901613 20319 1.6 19 12 2 7 89%  74 4797 411 30%
c u 129.96 12 14 0 325 907 1 3909734 25230 1.6 19 12 2 7 89%  74 4797 411 30%
c v 130.14 13 14 0 325 907 1 3909734 23159 1.6 19 12 2 7 89%  74 4797 411 30%
c w 130.39 13 14 0 325 907 1 3909734 18978 1.6 19 12 2 7 89%  74 4797 411 30%
c - 130.56  9 14 0 326 911 1 3915853 14921 1.6 19 12 2 7 89%  74 4797 411 30%
c - 131.06 11 15 0 327 921 1 3933909 15407 1.5 19 12 2 7 90%  74 4797 411 30%
c
c seconds   switched    rate           size/glue  tier1   binary      remaining
c         MB  reductions   conflicts         size   tier2   irredundant
c          level   restarts       redundant     glue   trail      variables
c
c - 131.57 11 15 0 328 923 1 3951992 16054 1.6 19 13 2 7 90%  74 4797 411 30%
c - 132.13 12 15 0 329 930 1 3970103 16250 1.6 20 13 2 7 90%  74 4797 411 30%
c - 132.61 12 15 0 330 938 1 3988242 19053 1.6 20 12 2 7 86%  74 4797 411 30%
c - 133.13 12 15 0 331 946 1 4006409 21369 1.6 20 12 2 7 83%  74 4797 411 30%
c - 133.68 12 15 0 332 953 1 4024603 21091 1.6 20 12 2 7 83%  74 4797 411 30%
c - 134.34 12 16 0 333 955 1 4042824 19867 1.7 21 13 2 7 83%  74 4797 411 30%
c - 134.96 12 16 0 334 955 1 4061072 20043 1.7 21 13 2 7 82%  74 4797 411 30%
c - 135.57 12 15 0 335 958 1 4079347 20699 1.7 21 12 2 7 81%  74 4797 411 30%
c - 136.16 12 15 0 336 969 1 4097652 20688 1.7 21 12 2 7 81%  74 4797 411 30%
c - 136.78 12 15 0 337 976 1 4115982 20771 1.7 21 12 2 7 81%  74 4797 411 30%
c u 137.41 13 15 0 337 984 1 4131057 29355 1.7 21 12 2 7 82%  74 4797 411 30%
c v 137.60 13 15 0 337 984 1 4131057 26539 1.7 21 12 2 7 82%  74 4797 411 30%
c w 137.71 14 15 0 337 984 1 4131057 23805 1.7 21 12 2 7 82%  74 4797 411 30%
c - 137.79 12 15 0 338 985 1 4134340 17038 1.7 21 12 2 7 82%  74 4797 411 30%
c B 137.81 11 15 0 338 985 1 4135581 18008 1.7 21 12 2 7 82%  74 4797 411 30%
c - 138.40 12 15 0 339 986 1 4152725 17769 1.7 21 13 2 7 83%  74 4797 411 30%
c - 138.93 12 16 0 340 994 1 4171136 17629 1.7 21 13 2 7 84%  74 4797 411 30%
c - 139.54 12 16 0 341 1001 1 4189575 17172 1.7 21 13 2 7 85%  74 4797 411 30%
c - 140.07 12 16 0 342 1012 1 4208041 17713 1.7 22 13 2 7 86%  74 4797 411 30%
c - 140.64 12 16 0 343 1017 1 4226534 18256 1.7 22 13 2 7 87%  74 4797 411 30%
c
c seconds   switched     rate           size/glue  tier1   binary      remaining
c         MB  reductions    conflicts         size   tier2   irredundant
c          level    restarts       redundant     glue   trail      variables
c
c - 141.19 12 16 0 344 1018 1 4245054 18061 1.7 22 13 2 7 87%  74 4797 411 30%
c - 141.73 12 16 0 345 1018 1 4263602 18072 1.7 22 13 2 7 88%  74 4797 411 30%
c - 142.29 12 16 0 346 1019 1 4282178 18112 1.7 22 13 2 7 88%  74 4797 411 30%
c - 142.86 12 16 0 347 1019 1 4300780 18361 1.7 22 13 2 7 88%  74 4797 411 30%
c - 143.46 12 16 0 348 1019 1 4319409 18823 1.8 22 13 2 7 88%  74 4797 411 30%
c - 144.02 12 15 0 349 1019 1 4338065 19691 1.8 22 13 2 7 88%  74 4797 411 30%
c - 144.50 12 15 0 350 1020 1 4356746 20057 1.8 22 13 2 7 88%  74 4797 411 30%
c u 144.64 12 15 0 350 1020 1 4359092 20842 1.8 22 13 2 7 88%  74 4797 411 30%
c v 144.77 12 15 0 350 1020 1 4359092 18451 1.8 22 13 2 7 88%  74 4797 411 30%
c w 144.87 13 15 0 350 1020 1 4359092 17742 1.8 22 13 2 7 88%  74 4797 411 30%
c = 145.63 14 15 0 350 1020 1 4359092 17742 1.8 22 13 2 7 88%  74 4785 410 30%
c u 145.70 14 15 0 350 1020 1 4359092 17366 1.8 22 13 2 7 88%  74 4785 410 30%
c v 145.80 14 15 0 350 1020 1 4359092 16376 1.8 22 13 2 7 88%  74 4785 410 30%
c w 145.86 14 15 0 350 1020 1 4359092 15500 1.8 22 13 2 7 88%  74 4785 410 30%
c o 145.86 14 15 0 350 1020 1 4359092 15500 1.8 22 13 2 7 88%  74 4785 410 30%
c - 146.35 11 16 0 351 1020 1 4375454 14553 1.7 22 13 2 7 89%  74 4785 410 30%
c W 146.44  9 16 0 351 1020 1 4378064 15875 1.7 22 13 2 7 89%  74 4785 410 30%
c - 146.79  9 16 0 352 1020 1 4394188 15052 1.7 22 13 2 7 90%  74 4785 410 30%
c - 147.27 11 15 0 353 1020 1 4412949 15449 1.7 21 13 2 7 90%  74 4785 410 30%
c - 147.78 11 15 0 354 1020 1 4431737 15800 1.6 21 13 2 7 90%  74 4785 410 30%
c
c seconds   switched     rate           size/glue  tier1   binary      remaining
c         MB  reductions    conflicts         size   tier2   irredundant
c          level    restarts       redundant     glue   trail      variables
c
c - 148.30 11 15 0 355 1020 1 4450552 16568 1.6 21 13 2 7 90%  74 4785 410 30%
c - 148.85 11 15 0 356 1020 1 4469395 16938 1.6 20 13 2 7 90%  74 4785 410 30%
c - 149.39 11 15 0 357 1021 1 4488262 16620 1.6 20 13 2 7 90%  74 4785 410 30%
c - 149.90 11 15 0 358 1021 1 4507156 17359 1.6 20 13 2 7 91%  74 4785 410 30%
c - 150.52 11 15 0 359 1021 1 4526076 17869 1.6 20 12 2 7 90%  74 4785 410 30%
c - 151.16 11 15 0 360 1021 1 4545026 18320 1.6 19 13 2 7 90%  74 4785 410 30%
c - 151.73 12 15 0 361 1021 1 4564000 18295 1.5 19 12 2 7 90%  74 4785 410 30%
c - 152.36 12 15 0 362 1021 1 4583000 18070 1.5 19 12 2 7 91%  74 4785 410 30%
c u 152.85 12 14 0 362 1021 1 4593963 23384 1.5 19 12 2 7 90%  74 4785 410 30%
c v 152.98 12 14 0 362 1021 1 4593963 21561 1.5 19 12 2 7 90%  74 4785 410 30%
c w 153.08 13 14 0 362 1021 1 4593963 17314 1.5 19 12 2 7 90%  74 4785 410 30%
c - 153.31 11 14 0 363 1021 1 4602028 15251 1.5 19 12 2 7 90%  74 4785 410 30%
c - 153.84 13 14 0 364 1021 1 4621081 16887 1.5 19 12 2 7 90%  74 4785 410 30%
c O 154.08 13 14 0 364 1021 1 4629175 20609 1.5 18 12 2 7 91%  74 4785 410 30%
c o 154.09 13 14 0 364 1021 1 4629175 20609 1.5 18 12 2 7 91%  74 4785 410 30%
c - 154.48 13 14 0 365 1021 1 4640159 16575 1.5 18 12 2 7 91%  74 4785 410 30%
c e 155.10 13 14 0 365 1021 1 4657520 25013 1.5 18 12 2 7 91%  74 4808 408 30%
c s 155.10 13 14 0 365 1021 1 4657520 25013 1.5 18 12 2 7 91%  74 4802 408 30%
c - 155.16 13 14 0 366 1021 1 4659263 17539 1.5 18 12 2 7 91%  74 4802 408 30%
c - 155.71 13 14 0 367 1021 1 4678395 17834 1.6 19 12 2 7 91%  74 4802 408 30%
c
c seconds   switched     rate           size/glue  tier1   binary      remaining
c         MB  reductions    conflicts         size   tier2   irredundant
c          level    restarts       redundant     glue   trail      variables
c
c - 156.35 13 14 0 368 1021 1 4697553 17490 1.6 19 12 2 7 91%  74 4802 408 30%
c - 156.93 13 14 0 369 1021 1 4716737 17617 1.6 19 12 2 7 91%  74 4802 408 30%
c - 157.46 13 14 0 370 1022 1 4735947 17928 1.6 19 12 2 7 91%  74 4802 408 30%
c - 158.02 13 14 0 371 1022 1 4755185 17320 1.6 19 12 2 7 91%  74 4802 408 30%
c - 158.60 13 14 0 372 1022 1 4774446 18505 1.6 19 12 2 7 91%  74 4802 408 30%
c - 159.19 13 14 0 373 1022 1 4793733 19504 1.6 19 12 2 7 90%  74 4802 408 30%
c - 159.79 13 14 0 374 1022 1 4813046 18581 1.6 19 12 2 7 90%  74 4802 408 30%
c - 160.47 13 14 0 375 1022 1 4832385 18912 1.6 19 12 2 7 90%  74 4802 408 30%
c u 160.69 13 14 0 375 1022 1 4835614 19493 1.6 19 12 2 7 90%  74 4802 408 30%
c v 160.80 13 14 0 375 1022 1 4835614 17570 1.6 19 12 2 7 90%  74 4802 408 30%
c w 160.88 13 14 0 375 1022 1 4835614 16425 1.6 19 12 2 7 90%  74 4802 408 30%
c x 160.90 13 14 0 375 1022 1 4835614 16423 1.6 19 12 2 7 90%  74 4797 408 30%
c - 161.37 13 14 0 376 1022 1 4851749 16510 1.6 19 12 2 7 90%  74 4797 408 30%
c - 162.02 13 14 0 377 1022 1 4871140 16812 1.6 19 12 2 7 91%  74 4797 408 30%
c B 162.62 13 14 0 377 1022 1 4889026 26650 1.6 19 12 2 7 91%  74 4797 408 30%
c - 162.68 13 14 0 378 1022 1 4890557 17278 1.6 19 12 2 7 91%  74 4797 408 30%
c - 163.29 13 15 0 379 1022 1 4910000 18181 1.6 19 12 2 7 90%  74 4797 408 30%
c - 163.87 13 15 0 380 1022 1 4929467 18247 1.6 19 12 2 7 90%  74 4797 408 30%
c - 164.52 13 15 0 381 1022 1 4948960 18141 1.6 19 12 2 7 90%  74 4797 408 30%
c - 165.18 13 14 0 382 1022 1 4968479 18998 1.6 19 12 2 7 90%  74 4797 408 30%
c
c seconds   switched     rate           size/glue  tier1   binary      remaining
c         MB  reductions    conflicts         size   tier2   irredundant
c          level    restarts       redundant     glue   trail      variables
c
c - 165.93 13 14 0 383 1022 1 4988023 19683 1.6 19 12 2 7 89%  74 4797 408 30%
c - 166.44 13 14 0 384 1022 1 5007594 20199 1.6 19 12 2 7 86%  74 4797 408 30%
c - 166.96 13 14 0 385 1022 1 5027189 19136 1.6 19 12 2 7 83%  74 4797 408 30%
c - 167.62 13 14 0 386 1022 1 5046810 20308 1.6 19 12 2 7 83%  74 4797 408 30%
c - 168.26 13 14 0 387 1022 1 5066456 20962 1.6 18 11 2 7 83%  74 4797 408 30%
c u 168.97 13 14 0 387 1022 1 5083980 29481 1.6 18 11 2 7 83%  74 4797 408 30%
c v 169.16 14 14 0 387 1022 1 5083980 26819 1.6 18 11 2 7 83%  74 4797 408 30%
c w 169.34 14 14 0 387 1022 1 5083980 21672 1.6 18 11 2 7 83%  74 4797 408 30%
c o 170.25 22 14 0 387 1022 1 5083980 21672 1.6 18 11 2 7 83%  74 4797 408 30%
c - 170.32 22 14 0 388 1022 1 5086130 16953 1.6 18 12 2 7 83%  74 4797 408 30%
c - 170.88 22 14 0 389 1022 1 5105828 18290 1.6 18 12 2 7 84%  74 4797 408 30%
c - 171.43 22 14 0 390 1022 1 5125552 17873 1.6 19 12 2 7 85%  74 4797 408 30%
c - 171.96 22 14 0 391 1022 1 5145301 18628 1.6 19 12 2 7 86%  74 4797 408 30%
c W 172.33 22 14 0 391 1022 1 5157727 26736 1.6 19 12 2 7 87%  74 4797 408 30%
c - 172.52 22 14 0 392 1022 1 5165074 19251 1.6 19 12 2 7 87%  74 4797 408 30%
c - 173.26 22 14 0 393 1022 1 5184872 19868 1.6 19 12 2 7 87%  74 4797 408 30%
c - 173.98 22 14 0 394 1022 1 5204700 18909 1.6 19 12 2 7 88%  74 4797 408 30%
c e 174.27 22 14 0 394 1022 1 5214601 25836 1.6 19 12 2 7 89%  72 4815 407 30%
c s 174.27 22 14 0 394 1022 1 5214601 25836 1.6 19 12 2 7 89%  72 4813 407 30%
c - 174.57 22 14 0 395 1022 1 5224549 20063 1.6 19 12 2 7 89%  72 4813 407 30%
c
c seconds   switched     rate           size/glue  tier1   binary      remaining
c         MB  reductions    conflicts         size   tier2   irredundant
c          level    restarts       redundant     glue   trail      variables
c
c - 175.18 22 15 0 396 1022 1 5244423 19768 1.6 20 12 2 7 90%  72 4813 407 30%
c - 175.80 22 15 0 397 1028 1 5264324 19565 1.6 20 12 2 7 90%  72 4813 407 30%
c - 176.41 22 15 0 398 1037 1 5284248 20255 1.7 20 12 2 7 90%  72 4813 407 30%
c - 177.04 22 14 0 399 1045 1 5304198 20119 1.7 20 12 2 7 91%  72 4813 407 30%
c - 177.61 22 14 0 400 1053 1 5324173 21177 1.7 20 12 2 7 91%  72 4813 407 30%
c u 178.19 22 14 0 400 1053 1 5339190 29607 1.7 20 12 2 7 91%  72 4813 407 30%
c v 178.36 22 14 0 400 1053 1 5339190 27137 1.7 20 12 2 7 91%  72 4813 407 30%
c w 178.57 23 14 0 400 1053 1 5339190 23804 1.7 20 12 2 7 91%  72 4813 407 30%
c - 178.70 23 14 0 401 1056 1 5344173 17839 1.7 20 12 2 7 91%  72 4813 407 30%
c - 179.26 23 15 0 402 1067 1 5364198 18309 1.7 20 12 2 7 91%  72 4813 407 30%
c - 179.87 23 15 0 403 1075 1 5384248 19174 1.7 21 12 2 7 91%  72 4813 407 30%
c - 180.61 23 15 0 404 1083 1 5404323 19313 1.7 21 12 2 7 91%  72 4813 407 30%
c - 181.27 23 15 0 405 1085 1 5424423 19653 1.7 21 12 2 7 91%  72 4813 407 30%
c I 181.59 23 15 0 405 1085 1 5435390 26317 1.7 20 12 2 7 90%  72 4813 407 30%
c o 181.59 23 15 0 405 1085 1 5435390 26317 1.7 20 12 2 7 90%  72 4813 407 30%
c - 181.79 23 15 0 406 1085 1 5444548 20626 1.7 20 12 2 7 90%  72 4813 407 30%
c - 182.33 23 15 0 407 1092 1 5464698 20987 1.7 20 12 2 7 90%  72 4813 407 30%
c - 182.94 23 15 0 408 1100 1 5484872 20071 1.6 20 12 2 7 90%  72 4813 407 30%
c - 183.52 23 14 0 409 1111 1 5505071 21280 1.6 20 12 2 7 90%  72 4813 407 30%
c - 184.03 23 15 0 410 1116 1 5525294 21810 1.6 20 12 2 7 90%  72 4813 407 30%
c
c seconds   switched     rate           size/glue  tier1   binary      remaining
c         MB  reductions    conflicts         size   tier2   irredundant
c          level    restarts       redundant     glue   trail      variables
c
c - 184.59 23 15 0 411 1123 1 5545542 20683 1.6 20 12 2 7 89%  72 4813 407 30%
c - 185.23 23 15 0 412 1131 1 5565816 20585 1.6 20 12 2 7 90%  72 4813 407 30%
c - 185.85 23 15 0 413 1141 1 5586114 21167 1.6 20 12 2 7 90%  72 4813 407 30%
c u 186.44 23 14 0 413 1146 1 5601157 28936 1.6 20 12 2 7 90%  72 4813 407 30%
c v 186.60 23 14 0 413 1146 1 5601157 26303 1.6 20 12 2 7 90%  72 4813 407 30%
c w 186.81 23 14 0 413 1146 1 5601157 22834 1.6 20 12 2 7 90%  72 4813 407 30%
c - 186.98 23 14 0 414 1147 1 5606436 17376 1.6 20 12 2 7 90%  72 4813 407 30%
c - 187.50 23 14 0 415 1148 1 5626782 19066 1.7 20 12 2 7 90%  72 4813 407 30%
c - 188.10 23 14 0 416 1148 1 5647153 19851 1.7 20 12 2 7 89%  72 4813 407 30%
c - 188.76 23 14 0 417 1149 1 5667550 21542 1.7 20 12 2 7 89%  72 4813 407 30%
c - 189.47 23 14 0 418 1149 1 5687970 23460 1.7 19 11 2 7 89%  72 4813 407 30%
c - 190.13 24 14 0 419 1149 1 5708415 23083 1.7 20 12 2 7 89%  72 4813 407 30%
c B 190.56 24 14 0 419 1153 1 5722123 31722 1.7 20 12 2 7 89%  72 4813 407 30%
c - 190.78 24 14 0 420 1156 1 5728885 20747 1.7 20 12 2 7 89%  72 4813 407 30%
c - 191.44 24 14 0 421 1164 1 5749378 20401 1.7 20 12 2 7 89%  72 4813 407 30%
c - 192.18 24 14 0 422 1177 1 5769897 19216 1.6 20 12 2 7 90%  72 4813 407 30%
c - 192.80 24 15 0 423 1180 1 5790439 19714 1.6 20 12 2 7 90%  72 4813 407 30%
c - 193.40 24 14 0 424 1187 1 5811006 20109 1.6 20 12 2 7 90%  72 4813 407 30%
c o 193.61 24 14 0 424 1192 1 5818024 24551 1.6 20 12 2 7 90%  72 4813 407 30%
c - 194.09 24 15 0 425 1195 1 5831597 20185 1.6 20 12 2 7 90%  72 4813 407 30%
c
c seconds   switched     rate           size/glue  tier1   binary      remaining
c         MB  reductions    conflicts         size   tier2   irredundant
c          level    restarts       redundant     glue   trail      variables
c
c - 194.84 24 15 0 426 1208 1 5852212 19404 1.6 20 12 2 7 90%  72 4813 407 30%
c u 195.49 24 15 0 426 1211 1 5870029 29152 1.6 20 12 2 7 90%  72 4813 407 30%
c v 195.63 24 15 0 426 1211 1 5870029 27191 1.6 20 12 2 7 90%  72 4813 407 30%
c w 195.88 24 15 0 426 1211 1 5870029 21751 1.6 20 12 2 7 90%  72 4813 407 30%
c - 195.96 24 15 0 427 1211 1 5872851 15689 1.6 20 13 2 7 90%  72 4813 407 30%
c - 196.53 24 15 0 428 1212 1 5893514 17659 1.6 20 13 2 7 90%  72 4813 407 30%
c - 197.21 24 15 0 429 1212 1 5914202 17157 1.6 20 13 2 7 91%  72 4813 407 30%
c - 197.74 24 15 0 430 1225 1 5934914 18791 1.6 20 13 2 7 90%  72 4813 407 30%
c - 198.37 24 15 0 431 1233 1 5955651 19490 1.6 20 13 2 7 90%  72 4813 407 30%
c - 199.06 24 15 0 432 1242 1 5976413 19722 1.6 20 13 2 7 90%  72 4813 407 30%
c - 199.60 24 15 0 433 1244 1 5997197 20237 1.6 20 12 2 7 90%  72 4813 407 30%
c - 200.25 24 15 0 434 1257 1 6018005 19995 1.6 20 12 2 7 90%  72 4813 407 30%
c W 200.27 24 15 0 434 1257 1 6018033 20013 1.6 20 12 2 7 90%  72 4813 407 30%
c - 200.94 24 15 0 435 1265 1 6038837 20053 1.6 20 12 2 7 91%  72 4813 407 30%
c - 201.61 24 15 0 436 1273 1 6059693 19715 1.6 20 12 2 7 91%  72 4813 407 30%
c - 202.30 24 14 0 437 1275 1 6080574 19489 1.6 19 12 2 7 91%  72 4813 407 30%
c - 202.96 24 14 0 438 1275 1 6101479 19756 1.6 19 12 2 7 91%  72 4813 407 30%
c - 203.73 24 14 0 439 1276 1 6122408 20047 1.6 19 12 2 7 91%  72 4813 407 30%
c - 204.38 24 14 0 440 1276 1 6143360 20004 1.6 19 12 2 7 91%  72 4813 407 30%
c u 204.53 24 14 0 440 1276 1 6145840 20549 1.6 19 12 2 7 91%  72 4813 407 30%
c
c seconds   switched     rate           size/glue  tier1   binary      remaining
c         MB  reductions    conflicts         size   tier2   irredundant
c          level    restarts       redundant     glue   trail      variables
c
c v 204.64 24 14 0 440 1276 1 6145840 18341 1.6 19 12 2 7 91%  72 4813 407 30%
c w 204.72 24 14 0 440 1276 1 6145840 17436 1.6 19 12 2 7 91%  72 4813 407 30%
c o 204.72 24 14 0 440 1276 1 6145840 17436 1.6 19 12 2 7 91%  72 4813 407 30%
c - 205.32 24 15 0 441 1276 1 6164337 17251 1.6 19 12 2 7 91%  72 4813 407 30%
c - 206.01 24 15 0 442 1277 1 6185337 17442 1.6 20 13 2 7 91%  72 4813 407 30%
c - 206.80 24 15 0 443 1277 1 6206361 17779 1.6 19 12 2 7 92%  72 4813 407 30%
c - 207.56 24 15 0 444 1277 1 6227410 18314 1.6 19 12 2 7 92%  72 4813 407 30%
c - 208.21 24 14 0 445 1277 1 6248481 19166 1.5 19 12 2 7 92%  72 4813 407 30%
c - 208.96 24 14 0 446 1277 1 6269577 18749 1.5 19 12 2 7 92%  72 4813 407 30%
c - 209.74 24 14 0 447 1277 1 6290696 20253 1.6 19 12 2 7 91%  72 4813 407 30%
c - 210.58 24 14 0 448 1280 1 6311839 20546 1.6 19 12 2 7 91%  72 4813 407 30%
c O 210.95 24 14 0 448 1287 1 6323227 27618 1.6 19 12 2 7 91%  72 4813 407 30%
c - 211.33 24 14 0 449 1291 1 6333005 21373 1.6 19 12 2 7 91%  72 4813 407 30%
c - 212.15 24 14 0 450 1300 1 6354194 21141 1.6 19 12 2 7 91%  72 4813 407 30%
c - 212.90 24 14 0 451 1308 1 6375409 21066 1.6 19 12 2 7 91%  72 4813 407 30%
c - 213.71 24 14 0 452 1313 1 6396646 21016 1.6 19 12 2 7 91%  72 4813 407 30%
c - 214.44 24 14 0 453 1323 1 6417906 21118 1.6 19 12 2 7 91%  72 4813 407 30%
c u 214.95 24 14 0 453 1327 1 6428589 25382 1.6 19 12 2 7 91%  72 4813 407 30%
c v 215.10 24 14 0 453 1327 1 6428589 23034 1.6 19 12 2 7 91%  72 4813 407 30%
c w 215.29 24 14 0 453 1327 1 6428589 20599 1.6 19 12 2 7 91%  72 4813 407 30%
c
c seconds   switched     rate           size/glue  tier1   binary      remaining
c         MB  reductions    conflicts         size   tier2   irredundant
c          level    restarts       redundant     glue   trail      variables
c
c - 216.86 27 14 0 454 1333 1 6439189 18591 1.6 19 12 2 7 91%  72 4813 407 30%
c - 217.50 27 14 0 455 1339 1 6460497 20907 1.6 20 12 2 7 91%  72 4813 407 30%
c - 218.26 27 14 0 456 1340 1 6481827 21011 1.6 20 12 2 7 91%  72 4813 407 30%
c o 218.90 27 14 0 456 1340 1 6500308 32042 1.7 19 12 2 7 91%  72 4813 407 30%
c - 218.98 27 14 0 457 1340 1 6503182 21829 1.7 20 12 2 7 91%  72 4813 407 30%
c - 219.50 27 15 0 458 1353 1 6524560 21989 1.6 20 12 2 7 91%  72 4813 407 30%
c - 220.11 27 15 0 459 1361 1 6545960 20492 1.6 20 12 2 7 90%  72 4813 407 30%
c - 220.70 27 15 0 460 1370 1 6567385 21292 1.6 20 12 2 7 90%  72 4813 407 30%
c - 221.28 27 14 0 461 1373 1 6588832 21724 1.6 19 12 2 7 90%  72 4813 407 30%
c - 221.88 27 14 0 462 1385 1 6610302 22670 1.6 20 12 2 7 90%  72 4813 407 30%
c - 222.54 27 14 0 463 1393 1 6631796 22306 1.6 20 12 2 7 90%  72 4813 407 30%
c B 222.73 27 14 0 463 1397 1 6637809 25406 1.6 20 12 2 7 90%  72 4813 407 30%
c - 223.22 27 15 0 464 1401 1 6653314 22056 1.6 20 12 2 7 90%  72 4813 407 30%
c - 223.91 27 15 0 465 1403 1 6674854 21790 1.6 20 12 2 7 91%  72 4813 407 30%
c - 224.67 27 15 0 466 1403 1 6696417 20063 1.6 20 12 2 7 91%  72 4813 407 30%
c - 225.41 27 15 0 467 1404 1 6718006 20301 1.6 19 12 2 7 91%  72 4813 407 30%
c u 225.52 27 15 0 467 1404 1 6718341 19356 1.6 19 12 2 7 91%  72 4813 407 30%
c v 225.62 27 15 0 467 1404 1 6718341 17366 1.6 19 12 2 7 91%  72 4813 407 30%
c w 225.65 27 15 0 467 1404 1 6718341 17053 1.6 19 12 2 7 91%  72 4813 407 30%
c - 226.29 27 15 0 468 1404 1 6739616 18987 1.6 20 12 2 7 91%  72 4813 407 30%
c
c seconds   switched     rate           size/glue  tier1   binary      remaining
c         MB  reductions    conflicts         size   tier2   irredundant
c          level    restarts       redundant     glue   trail      variables
c
c - 226.95 27 14 0 469 1404 1 6761249 19631 1.6 19 12 2 7 91%  72 4813 407 30%
c - 227.55 27 14 0 470 1414 1 6782905 20792 1.6 19 12 2 7 91%  72 4813 407 30%
c - 228.20 27 14 0 471 1422 1 6804585 21075 1.6 19 12 2 7 91%  72 4813 407 30%
c - 228.95 27 14 0 472 1434 1 6826287 21272 1.5 18 12 2 7 91%  72 4813 407 30%
c - 229.63 27 14 0 473 1435 1 6848012 21574 1.6 18 12 2 7 91%  72 4813 407 30%
c - 230.31 27 14 0 474 1448 1 6869760 22586 1.6 18 11 2 7 91%  72 4813 407 30%
c - 231.02 27 14 0 475 1457 1 6891532 23367 1.6 18 12 2 7 91%  72 4813 407 30%
c - 231.86 27 14 0 476 1465 1 6913326 21957 1.5 18 12 2 7 91%  72 4813 407 30%
c - 232.75 27 14 0 477 1467 1 6935143 20534 1.5 18 12 2 7 91%  72 4813 407 30%
c - 233.58 27 14 0 478 1467 1 6956984 21181 1.5 18 12 2 7 90%  72 4813 407 30%
c W 233.81 27 14 0 478 1467 1 6961885 23552 1.5 18 12 2 7 90%  72 4813 407 30%
c o 233.81 27 14 0 478 1467 1 6961885 23552 1.5 18 12 2 7 90%  72 4813 407 30%
c - 234.52 27 14 0 479 1476 1 6978847 21328 1.5 18 12 2 7 91%  72 4813 407 30%
c - 235.31 27 14 0 480 1485 1 7000733 21677 1.5 19 12 2 7 91%  72 4813 407 30%
c u 235.91 27 14 0 480 1493 1 7015097 28849 1.5 19 12 2 7 91%  72 4813 407 30%
c v 236.08 27 14 0 480 1493 1 7015097 26467 1.5 19 12 2 7 91%  72 4813 407 30%
c w 236.20 27 14 0 480 1493 1 7015097 22791 1.5 19 12 2 7 91%  72 4813 407 30%
c x 236.22 27 14 0 480 1493 1 7015097 22789 1.5 19 12 2 7 91%  72 4802 407 30%
c - 236.48 27 14 0 481 1496 1 7022642 18844 1.6 19 12 2 7 91%  72 4802 407 30%
c - 237.15 27 15 0 482 1498 1 7044573 20488 1.6 19 12 2 7 90%  72 4802 407 30%
c
c seconds   switched     rate           size/glue  tier1   binary      remaining
c         MB  reductions    conflicts         size   tier2   irredundant
c          level    restarts       redundant     glue   trail      variables
c
c - 237.82 27 15 0 483 1511 1 7066527 21272 1.6 19 12 2 7 90%  72 4802 407 30%
c - 238.53 27 15 0 484 1520 1 7088504 21892 1.6 20 12 2 7 90%  72 4802 407 30%
c - 239.30 27 14 0 485 1528 1 7110505 21502 1.6 20 12 2 7 90%  72 4802 407 30%
c - 240.06 27 14 0 486 1530 1 7132528 21779 1.6 19 12 2 7 91%  72 4802 407 30%
c - 240.82 27 14 0 487 1530 1 7154574 22108 1.6 19 12 2 7 91%  72 4802 407 30%
c - 241.54 27 14 0 488 1531 1 7176642 21707 1.6 19 12 2 7 91%  72 4802 407 30%
c - 242.25 27 14 0 489 1531 1 7198733 22331 1.6 19 12 2 7 91%  72 4802 407 30%
c s 242.28 27 14 0 489 1531 1 7200172 23224 1.6 19 12 2 7 91%  72 4801 407 30%
c - 242.97 27 14 0 490 1531 1 7220847 22504 1.6 19 12 2 7 91%  72 4801 407 30%
c - 243.70 27 14 0 491 1532 1 7242982 21561 1.6 20 12 2 7 90%  72 4801 407 30%
c - 244.55 27 15 0 492 1532 1 7265140 21795 1.7 20 12 2 7 90%  72 4801 407 30%
c - 245.28 27 15 0 493 1532 1 7287321 22395 1.7 21 12 2 7 90%  72 4801 407 30%
c I 245.53 27 15 0 493 1532 1 7295557 28145 1.7 21 12 2 7 90%  72 4801 407 30%
c o 245.53 27 15 0 493 1532 1 7295557 28145 1.7 21 12 2 7 90%  72 4801 407 30%
c - 245.96 27 15 0 494 1532 1 7309524 22750 1.7 20 12 2 7 90%  72 4801 407 30%
c u 246.40 27 14 0 494 1532 1 7318995 26763 1.7 20 12 2 7 90%  72 4801 407 30%
c v 246.57 27 14 0 494 1532 1 7318995 24071 1.7 20 12 2 7 90%  72 4801 407 30%
c w 246.70 27 14 0 494 1532 1 7318995 20882 1.7 20 12 2 7 90%  72 4801 407 30%
c - 247.13 27 14 0 495 1532 1 7331750 19193 1.7 20 12 2 7 90%  72 4801 407 30%
c - 247.86 27 14 0 496 1532 1 7353998 20336 1.7 20 12 2 7 90%  72 4801 407 30%
c
c seconds   switched     rate           size/glue  tier1   binary      remaining
c         MB  reductions    conflicts         size   tier2   irredundant
c          level    restarts       redundant     glue   trail      variables
c
c - 248.54 27 14 0 497 1533 1 7376270 20777 1.7 19 12 2 7 90%  72 4801 407 30%
c - 249.26 27 14 0 498 1533 1 7398564 22373 1.7 20 12 2 7 90%  72 4801 407 30%
c - 250.01 27 14 0 499 1533 1 7420879 22118 1.7 20 12 2 7 90%  72 4801 407 30%
c - 250.87 27 14 0 500 1533 1 7443217 21938 1.7 20 12 2 7 90%  72 4801 407 30%
c - 251.62 27 14 0 501 1533 1 7465577 22460 1.7 20 12 2 7 90%  72 4801 407 30%
c - 252.35 27 14 0 502 1533 1 7487960 23046 1.7 19 12 2 7 90%  72 4801 407 30%
c - 253.17 27 13 0 503 1533 1 7510365 23632 1.7 19 11 2 7 90%  72 4801 407 30%
c - 253.84 27 14 0 504 1533 1 7532792 25315 1.7 20 11 2 7 90%  72 4801 407 30%
c - 254.52 27 14 0 505 1533 1 7555242 24544 1.7 20 12 2 7 89%  72 4801 407 30%
c - 255.23 27 14 0 506 1533 1 7577715 25212 1.7 20 11 2 7 89%  72 4801 407 30%
c - 256.08 27 14 0 507 1533 1 7600209 26007 1.8 20 11 2 7 88%  72 4801 407 30%
c - 256.93 27 14 0 508 1534 1 7622727 25020 1.8 20 11 2 7 89%  72 4801 407 30%
c u 257.29 27 14 0 508 1539 1 7629973 28268 1.8 20 11 2 7 89%  72 4801 407 30%
c v 257.52 27 14 0 508 1539 1 7629973 25629 1.8 20 11 2 7 89%  72 4801 407 30%
c w 257.72 27 14 0 508 1539 1 7629973 22908 1.8 20 11 2 7 89%  72 4801 407 30%
c B 257.97 27 14 0 508 1544 1 7638928 29173 1.8 20 11 2 7 89%  72 4801 407 30%
c o 257.97 27 14 0 508 1544 1 7638928 29173 1.8 20 11 2 7 89%  72 4801 407 30%
c - 258.22 27 14 0 509 1547 1 7645266 22201 1.7 20 11 2 7 89%  72 4801 407 30%
c - 259.07 27 14 0 510 1556 1 7667827 23041 1.7 19 11 2 7 89%  72 4801 407 30%
c - 259.91 27 14 0 511 1564 1 7690410 22807 1.7 19 11 2 7 90%  72 4801 407 30%
c
c seconds   switched     rate           size/glue  tier1   binary      remaining
c         MB  reductions    conflicts         size   tier2   irredundant
c          level    restarts       redundant     glue   trail      variables
c
c - 260.88 27 13 0 512 1571 1 7713015 22874 1.7 19 11 2 7 90%  72 4801 407 30%
c - 261.78 27 13 0 513 1579 1 7735642 24321 1.7 19 11 2 7 90%  72 4801 407 30%
c - 262.71 27 13 0 514 1593 1 7758294 25008 1.7 19 11 2 7 90%  72 4801 407 30%
c - 263.76 27 13 0 515 1595 1 7780965 23905 1.7 19 11 2 7 90%  72 4801 407 30%
c - 264.67 27 13 0 516 1596 1 7803659 24476 1.7 18 11 2 7 90%  72 4801 407 30%
c - 265.60 27 13 0 517 1602 1 7826374 24703 1.7 18 11 2 7 90%  72 4801 407 30%
c - 266.50 27 12 0 518 1611 1 7849112 25339 1.7 18 10 2 7 90%  72 4801 407 30%
c - 267.43 27 12 0 519 1624 1 7871872 27593 1.7 17 10 2 7 91%  72 4801 407 30%
c - 268.32 27 12 0 520 1627 1 7894653 28475 1.7 18 10 2 7 90%  72 4801 407 30%
c - 269.37 27 12 0 521 1638 1 7917457 26457 1.8 18 10 2 7 90%  72 4801 407 30%
c - 270.43 27 12 0 522 1648 1 7940284 26387 1.7 17 10 2 7 91%  72 4801 407 30%
c u 271.00 27 12 0 522 1651 1 7948055 29022 1.8 18 10 2 7 91%  73 4801 407 30%
c v 271.33 27 12 0 522 1651 1 7948055 26012 1.8 18 10 2 7 91%  73 4801 407 30%
c w 271.56 27 12 0 522 1651 1 7948055 22848 1.8 18 10 2 7 91%  73 4801 407 30%
c s 271.66 27 12 0 522 1653 1 7950165 24017 1.7 17 10 2 7 91%  73 4797 407 30%
c - 272.18 27 12 0 523 1657 1 7963132 22384 1.7 17 10 2 7 91%  73 4797 407 30%
c - 273.18 27 12 0 524 1659 1 7986002 24414 1.7 17 10 2 7 91%  73 4797 407 30%
c W 273.42 27 12 0 524 1659 1 7992099 27350 1.7 17 10 2 7 91%  73 4797 407 30%
c o 273.42 27 12 0 524 1659 1 7992099 27350 1.7 17 10 2 7 91%  73 4797 407 30%
c - 274.11 27 12 0 525 1659 1 8008894 25289 1.7 17 10 2 7 91%  73 4797 407 30%
c
c seconds   switched     rate           size/glue  tier1   binary      remaining
c         MB  reductions    conflicts         size   tier2   irredundant
c          level    restarts       redundant     glue   trail      variables
c
c - 275.36 27 11 0 526 1660 1 8031807 25506 1.7 17 10 2 7 91%  73 4797 407 30%
c - 276.38 27 11 0 527 1660 1 8054742 27529 1.7 16 10 2 7 91%  74 4797 407 30%
c - 277.32 27 12 0 528 1660 1 8077698 26559 1.7 17 10 2 7 91%  74 4797 407 30%
c - 278.18 27 12 0 529 1673 1 8100678 23855 1.7 17 10 2 7 91%  74 4797 407 30%
c - 278.98 27 13 0 530 1682 1 8123678 23976 1.7 18 11 2 7 91%  74 4797 407 30%
c - 279.86 27 13 0 531 1690 1 8146699 23869 1.6 17 11 2 7 91%  74 4797 407 30%
c - 280.79 27 13 0 532 1697 1 8169743 25064 1.6 17 11 2 7 92%  74 4797 407 30%
c - 281.72 27 13 0 533 1706 1 8192809 25503 1.6 18 11 2 7 91%  74 4797 407 30%
c - 282.58 27 13 0 534 1719 1 8215896 24753 1.6 18 11 2 7 91%  74 4797 407 30%
c - 283.52 27 13 0 535 1722 1 8239004 24913 1.6 17 11 2 7 91%  74 4797 407 30%
c - 284.52 27 13 0 536 1723 1 8262134 25434 1.6 17 11 2 7 91%  74 4797 407 30%
c u 285.16 27 13 0 536 1723 1 8273232 27591 1.6 17 11 2 7 91%  79 4797 407 30%
c v 285.35 27 13 0 536 1723 1 8273232 24333 1.6 17 11 2 7 91%  79 4797 407 30%
c w 285.45 27 13 0 536 1723 1 8273232 20941 1.6 17 11 2 7 91%  79 4797 407 30%
c = 287.05 43 13 0 536 1723 1 8273232 20941 1.6 17 11 2 7 91%  81 4793 406 30%
c d 287.05 43 13 0 536 1723 1 8273232 20678 1.6 17 11 2 7 91%  78 4793 406 30%
c u 287.16 43 13 0 536 1723 1 8273232 20075 1.6 17 11 2 7 91%  79 4793 406 30%
c v 287.28 43 13 0 536 1723 1 8273232 18599 1.6 17 11 2 7 91%  79 4793 406 30%
c w 287.35 43 13 0 536 1723 1 8273232 18107 1.6 17 11 2 7 91%  79 4793 406 30%
c - 287.79 43 13 0 537 1729 1 8285286 18225 1.5 17 11 2 7 91%  79 4793 406 30%
c
c seconds   switched     rate           size/glue  tier1   binary      remaining
c         MB  reductions    conflicts         size   tier2   irredundant
c          level    restarts       redundant     glue   trail      variables
c
c - 288.56 43 13 0 538 1738 1 8308459 20389 1.5 17 11 2 7 91%  79 4793 406 30%
c - 289.44 43 13 0 539 1751 1 8331654 21508 1.5 17 11 2 7 90%  79 4793 406 30%
c - 290.21 43 13 0 540 1754 1 8354870 22670 1.5 17 11 2 7 90%  79 4793 406 30%
c O 290.22 43 13 0 540 1754 1 8355171 22808 1.5 17 11 2 7 90%  79 4793 406 30%
c o 290.22 43 13 0 540 1754 1 8355171 22808 1.5 17 11 2 7 90%  79 4793 406 30%
c - 291.04 43 13 0 541 1766 1 8378107 24496 1.6 17 11 2 7 89%  79 4793 406 30%
c - 291.84 43 14 0 542 1775 1 8401367 25496 1.6 18 11 2 7 88%  79 4793 406 30%
c - 292.80 43 14 0 543 1784 1 8424649 25967 1.6 18 11 2 7 88%  79 4793 406 30%
c - 293.82 43 14 0 544 1786 1 8447951 24962 1.6 18 11 2 7 89%  79 4793 406 30%
c - 294.76 43 14 0 545 1786 1 8471274 25874 1.6 18 11 2 7 89%  79 4793 406 30%
c - 295.69 43 13 0 546 1787 1 8494619 24959 1.6 18 11 2 7 89%  79 4793 406 30%
c - 296.51 43 13 0 547 1787 1 8517985 25462 1.6 18 11 2 7 90%  79 4793 406 30%
c - 297.25 43 13 0 548 1788 1 8541374 26624 1.7 18 11 2 7 90%  79 4793 406 30%
c - 298.11 43 13 0 549 1788 1 8564784 26663 1.6 18 11 2 7 90%  79 4793 406 30%
c - 298.91 43 13 0 550 1788 1 8588214 27556 1.7 18 11 2 7 90%  79 4793 406 30%
c u 299.69 43 12 0 550 1788 1 8605600 34509 1.7 17 10 2 7 90%  79 4793 406 30%
c v 299.99 43 12 0 550 1788 1 8605600 30584 1.7 17 10 2 7 90%  79 4793 406 30%
c w 300.17 43 12 0 550 1788 1 8605600 24186 1.7 17 10 2 7 90%  79 4793 406 30%
c - 300.36 43 12 0 551 1788 1 8611666 21774 1.7 17 10 2 7 90%  79 4793 406 30%
c - 301.14 43 12 0 552 1788 1 8635140 23106 1.6 17 11 2 7 90%  79 4793 406 30%
c
c seconds   switched     rate           size/glue  tier1   binary      remaining
c         MB  reductions    conflicts         size   tier2   irredundant
c          level    restarts       redundant     glue   trail      variables
c
c - 302.00 43 12 0 553 1788 1 8658635 22749 1.6 17 11 2 7 90%  79 4793 406 30%
c - 302.95 43 12 0 554 1795 1 8682150 24408 1.6 16 10 2 7 89%  79 4793 406 30%
c - 303.80 43 12 0 555 1804 1 8705687 25109 1.6 16 10 2 7 89%  79 4793 406 30%
c B 304.61 43 12 0 555 1817 1 8728242 35363 1.5 16 10 2 7 89%  79 4793 406 30%
c o 304.61 43 12 0 555 1817 1 8728242 35363 1.5 16 10 2 7 89%  79 4793 406 30%
c - 304.66 43 12 0 556 1817 1 8729245 23518 1.5 16 10 2 7 89%  79 4793 406 30%
c s 305.44 43 13 0 556 1819 1 8751175 35350 1.5 17 11 2 7 90%  79 4733 406 30%
c e 305.44 43 13 0 556 1819 1 8751175 35350 1.5 17 11 2 7 90%  79 4756 404 30%
c s 305.44 43 13 0 556 1819 1 8751175 35350 1.5 17 11 2 7 90%  79 4723 404 30%
c - 305.50 43 13 0 557 1819 1 8752825 24390 1.6 17 11 2 7 90%  79 4723 404 30%
c - 306.26 43 13 0 558 1833 1 8776426 22649 1.5 17 11 2 7 90%  79 4723 404 30%
c - 307.02 43 13 0 559 1842 1 8800048 23421 1.5 17 11 2 7 89%  79 4723 404 30%
c - 307.85 43 13 0 560 1850 1 8823691 24441 1.6 17 11 2 7 89%  79 4723 404 30%
c - 308.69 43 13 0 561 1851 1 8847356 24684 1.5 17 11 2 7 89%  79 4723 404 30%
c - 309.49 43 13 0 562 1853 1 8871041 25589 1.5 17 11 2 7 89%  79 4723 404 30%
c - 310.37 43 13 0 563 1866 1 8894749 23582 1.5 17 11 2 7 90%  79 4723 404 30%
c - 311.20 43 13 0 564 1877 1 8918476 24357 1.5 17 11 2 7 90%  79 4723 404 30%
c - 312.00 43 13 0 565 1882 1 8942225 25295 1.5 16 11 2 7 90%  79 4723 404 30%
c u 312.25 43 13 0 565 1882 1 8945137 24641 1.5 16 11 2 7 90%  79 4723 404 30%
c v 312.42 43 13 0 565 1882 1 8945137 21419 1.5 16 11 2 7 90%  79 4723 404 30%
c
c seconds   switched     rate           size/glue  tier1   binary      remaining
c         MB  reductions    conflicts         size   tier2   irredundant
c          level    restarts       redundant     glue   trail      variables
c
c w 312.48 43 13 0 565 1882 1 8945137 19688 1.5 16 11 2 7 90%  79 4723 404 30%
c - 314.64 31 13 0 566 1892 1 8965994 21114 1.5 16 11 2 7 90%  79 4723 404 30%
c - 315.36 31 13 0 567 1902 1 8989785 22441 1.5 17 11 2 7 90%  79 4723 404 30%
c - 316.07 31 13 0 568 1912 1 9013596 22597 1.5 16 11 2 7 90%  79 4723 404 30%
c - 316.86 31 13 0 569 1914 1 9037429 24468 1.5 16 11 2 7 90%  79 4723 404 30%
c - 317.77 31 12 0 570 1914 1 9061282 25717 1.5 16 11 2 7 89%  79 4723 404 30%
c - 318.63 31 12 0 571 1915 1 9085158 27634 1.5 15 10 2 7 89%  80 4722 404 30%
c - 319.44 31 12 0 572 1915 1 9109054 28532 1.5 16 10 2 7 89%  80 4722 404 30%
c W 319.54 31 12 0 572 1915 1 9111410 29839 1.5 16 10 2 7 89%  80 4722 404 30%
c o 319.54 31 12 0 572 1915 1 9111410 29839 1.5 16 10 2 7 89%  80 4722 404 30%
c - 320.34 31 12 0 573 1917 1 9132970 25056 1.5 16 10 2 7 89%  80 4722 404 30%
c - 321.19 31 12 0 574 1930 1 9156907 25025 1.5 16 11 2 7 89%  80 4722 404 30%
c - 322.15 31 13 0 575 1940 1 9180865 24769 1.6 17 11 2 7 89%  80 4722 404 30%
c - 323.11 31 12 0 576 1946 1 9204845 24912 1.6 16 11 2 7 89%  80 4722 404 30%
c - 324.10 31 12 0 577 1956 1 9228846 27929 1.6 16 10 2 7 88%  80 4722 404 30%
c - 324.95 31 12 0 578 1967 1 9252867 29795 1.6 16 10 2 7 86%  80 4722 404 30%
c - 325.91 31 12 0 579 1976 1 9276908 31169 1.6 16 10 2 7 87%  81 4722 404 30%
c u 326.69 31 12 0 579 1977 1 9292664 38000 1.6 16 10 2 7 87%  81 4722 404 30%
c v 326.98 31 12 0 579 1977 1 9292664 31701 1.6 16 10 2 7 87%  81 4722 404 30%
c w 327.30 31 12 0 579 1977 1 9292664 25152 1.6 16 10 2 7 87%  81 4722 404 30%
c
c seconds   switched     rate           size/glue  tier1   binary      remaining
c         MB  reductions    conflicts         size   tier2   irredundant
c          level    restarts       redundant     glue   trail      variables
c
c - 327.60 31 12 0 580 1978 1 9300971 22292 1.6 16 10 2 7 88%  81 4722 404 30%
c - 328.45 31 12 0 581 1978 1 9325054 24747 1.6 16 10 2 7 88%  81 4722 404 30%
c - 329.35 31 12 0 582 1991 1 9349157 27436 1.6 16 10 2 7 89%  81 4722 404 30%
c - 330.29 31 11 0 583 2000 1 9373281 29658 1.6 15 9 2 7 89%  81 4722 404 30%
c - 331.23 31 11 0 584 2009 1 9397427 31254 1.6 15 9 2 7 89%  82 4722 404 30%
c - 332.19 31 11 0 585 2016 1 9421595 30968 1.6 15 9 2 7 89%  82 4722 404 30%
c - 333.16 31 11 0 586 2027 1 9445782 32118 1.6 14 9 2 7 87%  83 4722 404 30%
c - 334.28 31 10 0 587 2039 1 9469990 32748 1.6 14 9 2 7 87%  85 4722 404 30%
c i 334.63 31 10 0 587 2040 1 9477709 35949 1.6 14 9 2 7 87%  97 4722 403 29%
c - 335.25 29 11 0 588 2041 1 9494219 20152 1.6 15 9 2 7 87%  79 4722 403 29%
c I 335.69 29 11 0 588 2041 1 9504774 24224 1.6 15 9 2 7 88%  79 4722 403 29%
c o 335.69 29 11 0 588 2041 1 9504774 24224 1.6 15 9 2 7 88%  79 4722 403 29%
c - 336.05 30 11 0 589 2041 1 9518467 22883 1.6 15 9 2 7 88%  79 4722 403 29%
c - 336.87 30 11 0 590 2042 1 9542736 26054 1.6 15 9 2 7 88%  80 4721 403 29%
c - 337.76 31 11 0 591 2042 1 9567025 26518 1.6 15 9 2 7 89%  80 4721 403 29%
c - 338.67 31 11 0 592 2043 1 9591336 25516 1.5 15 10 2 7 89%  80 4721 403 29%
c s 339.26 31 12 0 592 2043 1 9606024 33952 1.6 15 10 2 7 89%  80 4468 403 29%
c e 339.26 31 12 0 592 2043 1 9606024 33952 1.6 15 10 2 7 89%  77 4504 400 29%
c s 339.26 31 12 0 592 2043 1 9606024 33952 1.6 15 10 2 7 89%  77 4492 400 29%
c e 339.26 31 12 0 592 2043 1 9606024 33952 1.6 15 10 2 7 89%  77 4500 399 29%
c
c seconds   switched     rate           size/glue  tier1   binary      remaining
c         MB  reductions    conflicts         size   tier2   irredundant
c          level    restarts       redundant     glue   trail      variables
c
c - 339.63 31 12 0 593 2043 1 9615669 24814 1.6 16 10 2 6 89%  77 4500 399 29%
c - 340.42 31 12 0 594 2043 1 9640020 25406 1.6 16 10 2 6 87%  77 4500 399 29%
c u 340.83 31 12 0 594 2043 1 9647397 28045 1.6 17 10 2 6 87%  82 4495 399 29%
c v 341.09 31 12 0 594 2043 1 9647397 23772 1.6 17 10 2 6 87%  82 4495 399 29%
c w 341.23 31 12 0 594 2043 1 9647397 21917 1.6 17 10 2 6 87%  82 4495 399 29%
c x 341.25 31 12 0 594 2043 1 9647397 21904 1.6 17 10 2 6 87%  88 4394 399 29%
c - 341.83 31 12 0 595 2043 1 9664393 21320 1.6 16 10 2 6 86%  88 4394 399 29%
c - 342.74 31 12 0 596 2043 1 9688785 24376 1.6 16 10 2 6 86%  88 4394 399 29%
c - 343.59 31 12 0 597 2043 1 9713203 26617 1.6 16 10 2 6 87%  89 4394 399 29%
c - 344.58 31 12 0 598 2044 1 9737638 26104 1.6 16 10 2 6 87%  89 4394 399 29%
c - 345.58 31 11 0 599 2044 1 9762092 26378 1.6 15 10 2 6 87%  90 4394 399 29%
c - 346.59 31 11 0 600 2044 1 9786566 27547 1.6 15 9 2 6 87%  92 4394 399 29%
c i 346.93 31 11 0 600 2044 1 9794291 30078 1.6 14 9 2 6 87% 107 4394 396 29%
c - 347.71 31 11 0 601 2044 1 9811060 19298 1.6 15 9 2 6 87%  86 4394 396 29%
c - 348.63 31 11 0 602 2044 1 9835575 22926 1.6 15 9 2 6 88%  87 4394 396 29%
c - 349.55 31 11 0 603 2044 1 9860111 24286 1.6 15 9 2 6 88%  87 4394 396 29%
c - 350.50 31 11 0 604 2044 1 9884667 24830 1.6 15 9 2 6 89%  88 4394 396 29%
c B 351.36 31 10 0 604 2044 1 9908429 35057 1.6 14 9 2 6 88%  89 4394 396 29%
c o 351.36 31 10 0 604 2044 1 9908429 35057 1.6 14 9 2 6 88%  89 4394 396 29%
c - 351.41 31 11 0 605 2044 1 9909243 25688 1.6 14 9 2 6 88%  89 4394 396 29%
c
c seconds   switched     rate           size/glue tier1   binary      remaining
c         MB  reductions    conflicts         size  tier2   irredundant
c          level    restarts       redundant    glue   trail      variables
c
c - 352.32 31 11 0 606 2044 1 9933840 26059 1.6 14 9 2 6 88%  89 4394 396 29%
c - 353.23 31 11 0 607 2044 1 9958458 25132 1.6 14 9 2 6 89%  90 4394 396 29%
c i 353.82 31 10 0 607 2044 1 9974296 31114 1.6 13 9 2 6 89% 103 4394 395 29%
c - 354.16 31 10 0 608 2044 1 9983095 19952 1.6 14 9 2 6 89%  96 4394 395 29%
c - 355.09 31 10 0 609 2045 1 10007753 23142 1.6 14 9 2 6 89%  97 4394 395 29%
c u 355.44 31 10 0 609 2045 1 10013381 23731 1.6 14 9 2 6 89% 160 3782 395 29%
c v 355.68 31 10 0 609 2045 1 10013381 18590 1.6 14 9 2 6 89% 163 3782 395 29%
c w 355.75 31 10 0 609 2045 1 10013381 17681 1.6 14 9 2 6 89% 163 3782 395 29%
c d 355.75 31 10 0 609 2045 1 10013381 17681 1.6 14 9 2 6 89% 155 3780 391 29%
c t 355.75 31 10 0 609 2045 1 10013381 17681 1.6 14 9 2 6 89% 142 3780 391 29%
c u 355.86 31 10 0 609 2045 1 10013381 16345 1.6 14 9 2 6 89% 144 3780 391 29%
c v 356.03 31 10 0 609 2045 1 10013381 14423 1.6 14 9 2 6 89% 144 3780 391 29%
c w 356.08 31 10 0 609 2045 1 10013381 14121 1.6 14 9 2 6 89% 144 3780 391 29%
c = 357.80 38 10 0 609 2045 1 10013381 14121 1.6 14 9 2 6 89% 148 3769 388 28%
c d 357.80 38 10 0 609 2045 1 10013381 13472 1.6 14 9 2 6 89% 143 3769 388 28%
c t 357.80 38 10 0 609 2045 1 10013381 13472 1.6 14 9 2 6 89% 142 3769 388 28%
c i 357.91 38 10 0 609 2045 1 10016712 15066 1.6 14 8 2 6 89% 153 3769 387 28%
c - 358.44 38 10 0 610 2045 1 10032430 16263 1.6 13 8 2 6 88% 132 3769 387 28%
c i 358.50 38 10 0 610 2045 1 10034467 17124 1.6 13 8 2 6 88% 145 3769 383 28%
c i 358.63 38 10 0 610 2045 1 10038085 19067 1.6 13 8 2 6 88% 155 3769 382 28%
c
c seconds   switched     rate            size/glue tier1   binary      remaining
c         MB  reductions    conflicts          size  tier2   irredundant
c          level    restarts        redundant    glue   trail      variables
c
c i 358.74 38 10 0 610 2045 1 10041331 20646 1.6 13 8 2 6 88% 164 3769 381 28%
c i 358.78 38 10 0 610 2045 1 10042356 21086 1.6 13 8 2 6 88% 171 3769 378 28%
c i 358.80 38 10 0 610 2045 1 10042822 21290 1.6 13 8 2 6 88% 179 3769 377 28%
c i 358.81 38 10 0 610 2045 1 10043089 21417 1.6 13 8 2 6 88% 188 3769 375 27%
c i 358.81 38 10 0 610 2045 1 10043156 21430 1.6 13 8 2 6 88% 192 3769 370 27%
c i 358.82 38 10 0 610 2045 1 10043187 21439 1.6 13 8 2 6 88% 198 3769 369 27%
c i 358.82 38 10 0 610 2045 1 10043200 21439 1.6 13 8 2 6 88% 201 3769 342 25%
c i 358.82 38 10 0 610 2045 1 10043210 21440 1.6 13 8 2 6 88% 204 3769 329 24%
c i 358.82 38 10 0 610 2045 1 10043215 21440 1.6 13 8 2 6 88% 205 3769 276 20%
c i 358.82 38 10 0 610 2045 1 10043216 21440 1.6 13 8 2 6 88% 205 3769 181 13%
c i 358.82 38 10 0 610 2045 1 10043218 21440 1.6 13 8 2 6 88% 206 3769 66 5%
c ] 358.82 38 10 0 610 2045 1 10043220 21440 1.6 13 8 2 6 88% 206 3769  2 0%
c 0 358.82 38 0 0 610 2045 0 10043220 21440 0.0 0 0 2 6 0% 206 3769  2 0%
c
c ---- [ result ] ------------------------------------------------------------
c
s UNSATISFIABLE
c
c ---- [ profiling ] ---------------------------------------------------------
c
c         332.32   92.62 %  search
c         332.32   92.62 %  stable
c          26.48    7.38 %  simplify
c          26.13    7.28 %  probe
c          16.61    4.63 %  vivify
c           9.31    2.59 %  sweep
c           1.29    0.36 %  reduce
c           0.29    0.08 %  walking
c           0.14    0.04 %  substitute
c           0.08    0.02 %  eliminate
c           0.05    0.01 %  factor
c           0.02    0.01 %  preprocess
c           0.01    0.00 %  subsume
c           0.01    0.00 %  congruence
c           0.01    0.00 %  transitive
c           0.00    0.00 %  backbone
c           0.00    0.00 %  lucky
c           0.00    0.00 %  parse
c =============================================
c         358.82  100.00 %  total
c
c ---- [ statistics ] --------------------------------------------------------
c
c conflicts:                         10043220            27989.63 per second
c congruent:                               53                4 %  variables
c decisions:                         10626380                1.06 per conflict
c eliminated:                             944               69 %  variables
c factored:                                66                5 %  variables
c iterations:                              18                1 %  variables
c propagations:                    1240427429          3456970    per second
c reductions:                             610            16464    interval
c reordered:                               41           244957    interval
c rephased:                                64           156925    interval
c restarts:                              2045             4911    interval
c strengthened:                          1341                0 %  checks
c substituted:                             90                7 %  variables
c subsumed:                               899                0 %  checks
c switched:                                 0                0    interval
c vivified:                            511348               43 %  checks
c walks:                                   21           478249    interval
c
c ---- [ glue usage ] --------------------------------------------------------
c
c stable glue 2 used 38506044 clauses 21.51% accumulated 67.29% tier1
c stable glue 3 used 20090024 clauses 11.22% accumulated 78.51%
c stable glue 4 used  9525884 clauses  5.32% accumulated 83.84%
c stable glue 5 used  6482392 clauses  3.62% accumulated 87.46%
c stable glue 6 used  4908460 clauses  2.74% accumulated 90.20% tier2
c
c ---- [ resources ] ---------------------------------------------------------
c
c maximum-resident-set-size:        424259584 bytes        405 MB
c process-time:                         5m 59s             358.82 seconds
c
c ---- [ shutting down ] -----------------------------------------------------
c
c exit 20
