c ---- [ banner ] ------------------------------------------------------------
c
c Kissat SAT Solver
c 
c Copyright (c) 2021-2024 Armin Biere University of Freiburg
c Copyright (c) 2019-2021 Armin Biere Johannes Kepler University Linz
c 
c Version 4.0.4 8af8e56f174b778aef3aa45af9f739b2a5f492c2
c gcc (GCC) 15.2.1 20260123 (Red Hat 15.2.1-7) -W -Wall -O3 -DNDEBUG
c Thu Apr 23 06:47:51 PM IST 2026 Linux krishnendu-LN 6.19.12-200.fc43.x86_64 x86_64
c
c ---- [ parsing ] -----------------------------------------------------------
c
c opened and reading DIMACS file:
c
c   /home/krishnendu/Research/fv-invariant-mining/data/circuits/cnf/miter_mult_9bit.cnf
c
c parsed 'p cnf 873 3299' header
c closing input after reading 48449 bytes (47 KB)
c finished parsing after 0.00 seconds
c
c ---- [ options ] -----------------------------------------------------------
c
c --decay=160                      (different from default '50')
c --eliminateeffort=1600           (different from default '100')
c
c ---- [ solving ] -----------------------------------------------------------
c
c seconds switched rate     size/glue tier1  binary      remaining
c        MB reductions conflicts size  tier2   irredundant
c         level restarts redundant glue  trail       variables
c
c *  0.00  3 0 0 0  0 0   0   0 0.0 0 0 0 0 0% 1142 2155 870 100%
c (  0.00  3 0 0 0  0 0   0   0 0.0 0 0 0 0 0% 1142 2155 870 100%
c .  0.00  3 0 0 0  0 0   0   0 0.0 0 0 0 0 0% 1138 2155 870 100%
c c  0.00  3 0 0 0  0 0   0   0 0.0 0 0 0 0 0% 1186 2153 836 96%
c d  0.00  3 0 0 0  0 0   0   0 0.0 0 0 0 0 0% 1070 2153 836 96%
c =  0.02  3 0 0 0  0 0   0   0 0.0 0 0 0 0 0% 1084 2141 828 95%
c d  0.02  3 0 0 0  0 0   0   0 0.0 0 0 0 0 0% 1064 2141 828 95%
c f  0.02  3 0 0 0  0 0   0   0 0.0 0 0 0 0 0% 1040 2124 852 98%
c )  0.02  3 0 0 0  0 0   0   0 0.0 0 0 0 0 0% 1040 2124 852 98%
c {  0.02  3 0 0 0  0 0   0   0 0.0 0 0 2 6 0% 1040 2124 852 98%
c -  0.04  4 18 0 1 297 3 1002 460 1.8 20 11 3 14 84% 1052 2124 852 98%
c }  0.04  4 18 1 1 297 3 1002 460 1.8 20 11 3 14 84% 1052 2124 852 98%
c [  0.04  4 0 1 1 297 0 1002 460 0.0 0 0 2 6 0% 1052 2124 852 98%
c B  0.04  4 0 1 1 297 0 1002 460 0.0 0 0 2 6 0% 1052 2124 852 98%
c -  0.06  4 46 1 2 297 1 2003 1263 2.3 20 9 4 11 91% 1053 2124 852 98%
c W  0.06  4 46 1 2 297 1 2003 1263 2.3 20 9 4 11 91% 1053 2124 852 98%
c ]  0.07  4 35 2 2 298 1 2818 2028 1.9 20 10 4 12 83% 1054 2124 852 98%
c {  0.07  4 18 2 2 298 3 2818 2028 1.8 20 11 3 14 84% 1054 2124 852 98%
c -  0.08  4 19 2 3 299 2 3417 2121 1.8 19 10 3 13 79% 1058 2124 852 98%
c u  0.08  4 19 2 3 300 2 3511 2005 1.8 19 10 3 13 78% 1065 2124 852 98%
c
c seconds  switched  rate       size/glue  tier1     binary      remaining
c        MB reductions conflicts      size   tier2     irredundant
c         level restarts   redundant     glue    trail       variables
c
c v  0.09  4 19 2 3 300 2 3511 1981 1.8 19 10 3 13 78% 1065 2124 852 98%
c w  0.09  4 19 2 3 300 2 3511 1974 1.8 19 10 3 13 78% 1065 2124 852 98%
c x  0.09  4 19 2 3 300 2 3511 1974 1.8 19 10 3 13 78% 1075 2072 852 98%
c =  0.11  4 19 2 3 300 2 3511 1974 1.8 19 10 3 13 78% 1105 2071 837 96%
c d  0.11  4 19 2 3 300 2 3511 1974 1.8 19 10 3 13 78% 1060 2071 837 96%
c t  0.11  4 19 2 3 300 2 3511 1974 1.8 19 10 3 13 78% 1051 2071 837 96%
c u  0.11  4 19 2 3 300 2 3511 1941 1.8 19 10 3 13 78% 1052 2071 837 96%
c v  0.12  4 19 2 3 300 2 3511 1887 1.8 19 10 3 13 78% 1052 2071 837 96%
c w  0.12  4 19 2 3 300 2 3511 1883 1.8 19 10 3 13 78% 1052 2071 837 96%
c x  0.12  4 19 2 3 300 2 3511 1883 1.8 19 10 3 13 78% 1052 2068 837 96%
c =  0.12  4 19 2 3 300 2 3511 1883 1.8 19 10 3 13 78% 1056 2066 835 96%
c d  0.13  4 19 2 3 300 2 3511 1883 1.8 19 10 3 13 78% 1051 2066 835 96%
c }  0.13  4 18 3 3 300 2 3819 2165 1.8 19 10 3 13 78% 1054 2066 835 96%
c [  0.13  4 35 3 3 300 1 3819 2165 1.9 20 10 4 12 83% 1054 2066 835 96%
c I  0.14  4 31 3 3 300 1 4265 2524 1.9 20 10 4 12 83% 1054 2066 835 96%
c ]  0.15  4 28 4 3 300 1 4849 3055 1.9 20 10 3 12 83% 1057 2066 835 96%
c {  0.15  4 18 4 3 300 2 4849 3055 1.8 19 10 3 13 78% 1057 2066 835 96%
c -  0.16  4 18 4 4 301 2 5150 2624 1.8 19 10 3 13 78% 1059 2066 835 96%
c -  0.20  5 18 4 5 325 2 7150 3840 2.3 21 9 2 11 78% 1072 2066 835 96%
c }  0.20  5 18 5 5 325 2 7202 3889 2.3 21 9 2 11 77% 1072 2066 835 96%
c
c seconds  switched  rate       size/glue  tier1     binary      remaining
c        MB reductions conflicts      size   tier2     irredundant
c         level restarts   redundant     glue    trail       variables
c
c [  0.20  5 28 5 5 325 1 7202 3889 1.9 20 10 3 12 83% 1072 2066 835 96%
c B  0.22  5 26 5 5 325 1 8037 4707 2.1 21 10 3 12 82% 1075 2065 835 96%
c ]  0.24  5 23 6 5 327 1 9292 5788 2.0 21 11 3 12 84% 1081 2065 835 96%
c {  0.24  5 18 6 5 327 2 9292 5788 2.3 21 9 2 11 77% 1081 2065 835 96%
c -  0.24  5 18 6 6 331 2 9386 4713 2.3 21 9 2 11 78% 1082 2064 835 96%
c o  0.26  5 18 6 6 375 2 10552 5719 2.1 20 9 2 11 79% 1087 2064 835 96%
c u  0.27  4 18 6 6 442 2 10832 5726 2.1 20 9 2 11 79% 1093 2064 835 96%
c v  0.28  5 18 6 6 442 2 10832 5697 2.1 20 9 2 11 79% 1093 2064 835 96%
c w  0.28  5 18 6 6 442 2 10832 5680 2.1 20 9 2 11 79% 1093 2064 835 96%
c t  0.30  5 18 6 6 442 2 10832 5680 2.1 20 9 2 11 79% 1080 2064 835 96%
c -  0.31  5 18 6 7 501 2 11835 5257 2.1 19 9 3 10 78% 1082 2064 835 96%
c }  0.34  5 17 7 7 540 2 13361 6599 2.1 19 9 3 10 80% 1082 2064 835 96%
c [  0.34  5 23 7 7 540 1 13361 6599 2.0 21 11 3 12 84% 1082 2064 835 96%
c W  0.34  5 23 7 7 540 1 13567 6780 2.0 21 10 3 12 84% 1082 2064 835 96%
c -  0.36  5 22 7 8 541 1 14480 5995 2.0 21 11 3 11 85% 1082 2064 835 96%
c ]  0.40  5 20 8 8 542 1 16058 7289 1.9 21 11 3 11 86% 1082 2064 835 96%
c {  0.40  5 17 8 8 542 2 16058 7289 2.1 19 9 3 10 80% 1082 2064 835 96%
c -  0.44  6 17 8 9 686 2 17309 6463 2.1 19 9 2 9 79% 1088 2064 835 96%
c s  0.45  6 17 8 9 733 2 17551 6682 2.1 19 9 2 9 79% 1090 2059 835 96%
c e  0.45  6 17 8 9 733 2 17551 6682 2.1 19 9 2 9 79% 330 2477 520 60%
c
c seconds  switched  rate        size/glue tier1   binary      remaining
c        MB reductions conflicts       size  tier2   irredundant
c         level restarts    redundant    glue   trail      variables
c
c 2  0.45  6 17 8 9 733 2 17551 6682 2.1 19 9 2 9 79% 329 2477 520 60%
c s  0.45  6 17 8 9 733 2 17551 6682 2.1 19 9 2 9 79% 332 2404 520 60%
c e  0.45  6 17 8 9 733 2 17551 6682 2.1 19 9 2 9 79% 321 2413 513 59%
c ^  0.45  6 17 8 9 733 2 17551 6682 2.1 19 9 2 9 79% 321 2413 513 59%
c -  0.52  6 16 8 10 784 2 20310 3815 2.3 20 9 2 8 80% 321 2413 513 59%
c o  0.53  6 16 8 10 856 2 20560 4036 2.3 20 9 2 8 80% 321 2413 513 59%
c u  0.58  6 16 8 10 1167 2 22185 5295 2.3 21 9 2 8 80% 325 2413 513 59%
c v  0.59  6 16 8 10 1167 2 22185 5226 2.3 21 9 2 8 80% 326 2413 513 59%
c w  0.59  6 16 8 10 1167 2 22185 5196 2.3 21 9 2 8 80% 326 2413 513 59%
c x  0.59  6 16 8 10 1167 2 22185 5191 2.3 21 9 2 8 80% 331 2334 513 59%
c t  0.60  6 16 8 10 1167 2 22185 5191 2.3 21 9 2 8 80% 322 2334 513 59%
c f  0.60  6 16 8 10 1167 2 22185 5191 2.3 21 9 2 8 80% 351 2276 527 60%
c u  0.60  6 16 8 10 1167 2 22185 5016 2.3 21 9 2 8 80% 353 2276 527 60%
c v  0.61  6 16 8 10 1167 2 22185 4888 2.3 21 9 2 8 80% 353 2276 527 60%
c w  0.61  6 16 8 10 1167 2 22185 4873 2.3 21 9 2 8 80% 353 2276 527 60%
c x  0.61  6 16 8 10 1167 2 22185 4872 2.3 21 9 2 8 80% 357 2244 527 60%
c =  0.64  6 16 8 10 1167 2 22185 4872 2.3 21 9 2 8 80% 357 2240 526 60%
c t  0.64  6 16 8 10 1167 2 22185 4815 2.3 21 9 2 8 80% 353 2240 526 60%
c }  0.65  6 16 9 10 1167 2 22217 4847 2.3 21 9 2 8 80% 353 2240 526 60%
c [  0.65  6 20 9 10 1167 1 22217 4847 1.9 21 11 3 11 86% 353 2240 526 60%
c
c seconds  switched    rate        size/glue  tier1    binary      remaining
c        MB  reductions  conflicts       size   tier2    irredundant
c         level   restarts    redundant     glue    trail      variables
c
c O  0.65  6 20 9 10 1167 1 22217 4847 1.9 21 11 3 11 86% 353 2240 526 60%
c -  0.68  6 19 9 11 1168 1 23473 4556 1.9 21 11 2 10 86% 353 2240 526 60%
c -  0.75  6 18 9 12 1170 1 26789 4829 2.0 21 11 2 9 87% 355 2240 526 60%
c -  0.80  6 17 9 13 1172 1 30254 5637 2.1 21 10 2 9 87% 355 2240 526 60%
c B  0.83  6 16 9 13 1173 1 31978 7196 2.1 21 10 2 9 87% 355 2240 526 60%
c ]  0.83  6 16 10 13 1173 1 32189 7379 2.1 21 10 2 9 87% 355 2240 526 60%
c {  0.83  6 16 10 13 1173 2 32189 7379 2.3 21 9 2 8 80% 355 2240 526 60%
c -  0.89  6 16 10 14 1603 2 33859 6533 2.2 21 9 1 8 80% 356 2240 526 60%
c e  0.93  6 17 10 14 1725 2 35538 8078 2.2 21 9 1 8 79% 252 2404 446 51%
c s  0.93  6 17 10 14 1725 2 35538 8078 2.2 21 9 1 8 79% 253 2376 446 51%
c e  0.93  6 17 10 14 1725 2 35538 8078 2.2 21 9 1 8 79% 244 2387 442 51%
c ^  0.93  6 17 10 14 1725 2 35538 8078 2.2 21 9 1 8 79% 244 2387 442 51%
c -  0.99  6 17 10 15 2225 2 37601 3767 2.2 21 10 1 7 80% 244 2387 442 51%
c u  1.01  5 17 10 15 2412 2 38338 4166 2.2 22 10 1 7 80% 245 2387 442 51%
c v  1.02  6 17 10 15 2412 2 38338 3919 2.2 22 10 1 7 80% 245 2387 442 51%
c w  1.03  6 17 10 15 2412 2 38338 3896 2.2 22 10 1 7 80% 245 2387 442 51%
c x  1.03  6 17 10 15 2412 2 38338 3895 2.2 22 10 1 7 80% 245 2341 442 51%
c =  1.07  6 17 10 15 2412 2 38338 3895 2.2 22 10 1 7 80% 247 2339 441 51%
c d  1.07  6 17 10 15 2412 2 38338 3895 2.2 22 10 1 7 80% 245 2339 441 51%
c t  1.07  6 17 10 15 2412 2 38338 3895 2.2 22 10 1 7 80% 241 2339 441 51%
c
c seconds   switched    rate        size/glue  tier1   binary      remaining
c        MB   reductions  conflicts       size   tier2   irredundant
c         level    restarts    redundant     glue   trail      variables
c
c f  1.07  6 17 10 15 2412 2 38338 3895 2.2 22 10 1 7 80% 247 2327 443 51%
c u  1.07  6 17 10 15 2412 2 38338 3869 2.2 22 10 1 7 80% 247 2327 443 51%
c v  1.08  6 17 10 15 2412 2 38338 3634 2.2 22 10 1 7 80% 247 2327 443 51%
c w  1.09  6 17 10 15 2412 2 38338 3623 2.2 22 10 1 7 80% 247 2327 443 51%
c x  1.09  6 17 10 15 2412 2 38338 3622 2.2 22 10 1 7 80% 247 2325 443 51%
c }  1.18  6 16 11 15 2440 2 40816 5862 2.3 22 10 1 7 80% 248 2325 443 51%
c [  1.18  6 16 11 15 2440 1 40816 5862 2.1 21 10 2 9 87% 248 2325 443 51%
c -  1.20  6 16 11 16 2440 1 41473 5013 2.2 21 10 2 9 87% 248 2325 443 51%
c W  1.28  6 15 11 16 2442 1 44200 6853 2.3 21 9 2 9 87% 248 2325 443 51%
c o  1.28  6 15 11 16 2442 1 44200 6853 2.3 21 9 2 9 87% 248 2325 443 51%
c -  1.31  6 15 11 17 2443 1 45474 5982 2.2 21 10 2 8 87% 248 2325 443 51%
c -  1.40  6 15 11 18 2446 1 49597 6282 2.1 21 10 2 8 87% 248 2324 443 51%
c ]  1.42  6 15 12 18 2446 1 50866 7036 2.1 20 10 2 8 87% 248 2324 443 51%
c {  1.42  6 16 12 18 2446 2 50866 7036 2.3 22 10 1 7 80% 248 2324 443 51%
c -  1.50  7 16 12 19 2726 2 53840 6725 2.3 22 10 1 7 79% 250 2324 443 51%
c -  1.60  7 16 12 20 2726 2 58198 8850 2.4 22 9 1 6 81% 250 2324 443 51%
c u  1.63  7 15 12 20 2726 2 59168 9339 2.5 22 9 1 6 81% 250 2324 443 51%
c v  1.64  8 15 12 20 2726 2 59168 8982 2.5 22 9 1 6 81% 250 2324 443 51%
c w  1.65  8 15 12 20 2726 2 59168 8876 2.5 22 9 1 6 81% 250 2324 443 51%
c }  1.75  7 16 13 20 3092 2 62346 11704 2.4 22 9 1 6 81% 251 2324 443 51%
c
c seconds   switched    rate         size/glue  tier1   binary      remaining
c        MB   reductions  conflicts        size   tier2   irredundant
c         level    restarts     redundant     glue   trail      variables
c
c [  1.75  7 15 13 20 3092 1 62346 11704 2.1 20 10 2 8 87% 251 2324 443 51%
c I  1.75  7 15 13 20 3092 1 62346 11704 2.1 20 10 2 8 87% 251 2324 443 51%
c -  1.76  7 15 13 21 3092 1 62670 9496 2.1 20 10 2 8 87% 251 2324 443 51%
c -  1.84  8 14 13 22 3095 1 67252 8619 2.0 20 10 2 8 87% 251 2324 443 51%
c -  1.94  6 14 13 23 3098 1 71943 7069 2.0 20 10 2 8 87% 251 2324 443 51%
c e  1.99  7 14 13 23 3099 1 74789 9114 2.0 19 10 2 8 87% 224 2394 418 48%
c s  1.99  7 14 13 23 3099 1 74789 9114 2.0 19 10 2 8 87% 224 2385 418 48%
c ^  1.99  7 14 13 23 3099 1 74789 9114 2.0 19 10 2 8 87% 224 2385 418 48%
c o  1.99  7 14 13 23 3099 1 74789 6865 2.0 19 10 2 8 87% 224 2385 418 48%
c -  2.01  7 14 13 24 3100 1 76738 5394 1.9 19 10 2 8 87% 224 2385 418 48%
c B  2.07  7 14 13 24 3103 1 80150 7698 1.9 19 10 2 8 88% 224 2385 418 48%
c -  2.09  7 14 13 25 3104 1 81636 6381 1.9 19 10 2 8 88% 224 2385 418 48%
c ]  2.12  7 14 14 25 3105 1 82945 7370 1.9 19 10 2 8 88% 224 2385 418 48%
c {  2.12  7 16 14 25 3105 2 82945 7370 2.4 22 9 1 6 81% 224 2385 418 48%
c u  2.18  7 15 14 25 3148 2 84792 8596 2.4 22 9 1 6 81% 225 2385 418 48%
c v  2.19  7 15 14 25 3148 2 84792 8386 2.4 22 9 1 6 81% 225 2385 418 48%
c w  2.19  7 15 14 25 3148 2 84792 8295 2.4 22 9 1 6 81% 225 2385 418 48%
c x  2.20  6 15 14 25 3148 2 84792 8293 2.4 22 9 1 6 81% 226 2366 418 48%
c t  2.25  6 15 14 25 3148 2 84792 8293 2.4 22 9 1 6 81% 224 2366 418 48%
c -  2.31  7 16 14 26 3591 2 86637 7142 2.4 22 9 1 5 81% 224 2366 418 48%
c
c seconds   switched    rate        size/glue tier1   binary      remaining
c        MB   reductions  conflicts       size  tier2   irredundant
c         level    restarts    redundant    glue   trail      variables
c
c -  2.41  7 15 14 27 3764 2 91736 9065 2.3 21 9 1 5 78% 224 2366 418 48%
c -  2.54  7 15 14 28 3771 2 96932 11128 2.4 21 9 1 5 77% 224 2366 418 48%
c }  2.56  7 15 15 28 3771 2 97660 11792 2.4 21 9 1 5 77% 224 2366 418 48%
c [  2.56  7 14 15 28 3771 1 97660 11792 1.9 19 10 2 8 88% 224 2366 418 48%
c W  2.66  7 13 15 28 3773 1 101061 14873 2.0 19 10 2 8 87% 224 2366 418 48%
c -  2.68  7 14 15 29 3774 1 102223 12820 2.0 19 10 2 8 87% 224 2366 418 48%
c -  2.80  7 14 15 30 3777 1 107609 12038 2.0 19 10 2 8 88% 224 2366 418 48%
c -  2.93  7 14 15 31 3780 1 113088 9441 2.0 19 10 2 7 88% 224 2366 418 48%
c ]  2.97  7 14 16 31 3781 1 114442 10587 2.0 20 10 2 7 88% 224 2366 418 48%
c {  2.97  7 15 16 31 3781 2 114442 10587 2.4 21 9 1 5 77% 224 2366 418 48%
c o  2.98  7 15 16 31 3794 2 114793 10770 2.4 21 9 1 5 77% 224 2366 418 48%
c u  3.01  7 15 16 31 3944 2 115363 10614 2.3 21 9 1 5 77% 225 2366 418 48%
c v  3.03  7 15 16 31 3944 2 115363 10339 2.3 21 9 1 5 77% 225 2366 418 48%
c w  3.03  7 15 16 31 3944 2 115363 10086 2.3 21 9 1 5 77% 225 2366 418 48%
c x  3.04  7 15 16 31 3944 2 115363 10084 2.3 21 9 1 5 77% 225 2359 418 48%
c t  3.04  7 15 16 31 3944 2 115363 10084 2.3 21 9 1 5 77% 224 2359 418 48%
c -  3.14  7 15 16 32 4442 2 118656 8861 2.3 21 9 1 5 78% 224 2359 418 48%
c -  3.32  7 15 16 33 5324 2 124313 10209 2.2 21 9 1 5 79% 224 2359 418 48%
c -  3.45  7 14 16 34 5390 2 130057 11433 2.2 21 9 1 5 80% 224 2359 418 48%
c }  3.52  7 14 17 34 5390 2 132780 13245 2.2 20 9 1 5 80% 224 2359 418 48%
c
c seconds   switched    rate          size/glue  tier1   binary      remaining
c        MB   reductions  conflicts         size   tier2   irredundant
c         level    restarts      redundant     glue   trail      variables
c
c [  3.52  7 14 17 34 5390 1 132780 13245 2.0 20 10 2 7 88% 224 2359 418 48%
c O  3.52  7 14 17 34 5390 1 132780 13245 2.0 20 10 2 7 88% 224 2359 418 48%
c -  3.60  7 14 17 35 5392 1 135888 10897 2.0 19 10 2 7 88% 224 2359 418 48%
c e  3.65  7 13 17 35 5394 1 138099 12247 2.0 19 10 2 7 88% 146 2598 371 43%
c s  3.65  7 13 17 35 5394 1 138099 12247 2.0 19 10 2 7 88% 146 2550 371 43%
c e  3.65  7 13 17 35 5394 1 138099 12247 2.0 19 10 2 7 88% 139 2573 366 42%
c ^  3.65  7 13 17 35 5394 1 138099 12247 2.0 19 10 2 7 88% 139 2573 366 42%
c -  3.73  6 13 17 36 5396 1 141804 6464 1.9 19 10 2 7 88% 139 2573 366 42%
c -  3.87  6 13 17 37 5399 1 147804 6724 1.9 19 10 2 7 88% 139 2573 366 42%
c u  3.95  6 13 17 37 5401 1 151106 7997 1.9 18 10 2 7 88% 139 2573 366 42%
c v  3.98  6 13 17 37 5401 1 151106 6945 1.9 18 10 2 7 88% 140 2573 366 42%
c w  3.99  6 13 17 37 5401 1 151106 5690 1.9 18 10 2 7 88% 140 2573 366 42%
c t  3.99  6 13 17 37 5401 1 151106 5690 1.9 18 10 2 7 88% 137 2573 366 42%
c -  4.05  7 13 17 38 5403 1 153887 5492 1.9 18 10 2 7 88% 137 2573 366 42%
c ]  4.08  7 13 18 38 5403 1 155591 6718 1.9 18 10 2 7 88% 137 2573 366 42%
c {  4.08  7 14 18 38 5403 2 155591 6718 2.2 20 9 1 5 80% 137 2573 366 42%
c -  4.18  7 14 18 39 5563 2 160052 6995 2.2 20 9 1 5 81% 137 2573 366 42%
c -  4.34  7 14 18 40 5578 2 166297 9616 2.3 20 9 1 5 81% 137 2573 366 42%
c o  4.37  7 14 18 40 5580 2 167388 10605 2.3 20 9 1 5 82% 137 2573 366 42%
c -  4.51  7 13 18 41 5712 2 172622 12189 2.3 20 9 1 5 82% 138 2573 366 42%
c
c seconds   switched    rate          size/glue tier1   binary      remaining
c        MB   reductions  conflicts         size  tier2   irredundant
c         level    restarts      redundant    glue   trail      variables
c
c }  4.64  7 13 19 41 6033 2 177937 15605 2.3 20 9 1 5 82% 138 2573 366 42%
c [  4.64  7 13 19 41 6033 1 177937 15605 1.9 18 10 2 7 88% 138 2573 366 42%
c B  4.64  7 13 19 41 6033 1 177937 15605 1.9 18 10 2 7 88% 138 2573 366 42%
c -  4.67  7 13 19 42 6034 1 179026 12204 1.9 18 10 2 7 88% 138 2573 366 42%
c -  4.79  7 13 19 43 6038 1 185506 10590 1.9 18 10 1 7 88% 139 2573 366 42%
c u  4.93  7 13 19 43 6041 1 191784 13913 1.9 18 10 1 7 88% 141 2573 366 42%
c v  4.95  7 13 19 43 6041 1 191784 13559 1.9 18 10 1 7 88% 141 2573 366 42%
c w  4.96  7 13 19 43 6041 1 191784 11679 1.9 18 10 1 7 88% 141 2573 366 42%
c x  4.97  7 13 19 43 6041 1 191784 11676 1.9 18 10 1 7 88% 142 2512 366 42%
c -  5.09  6 13 19 44 6041 1 192064 7154 1.9 18 10 1 7 88% 142 2512 366 42%
c -  5.20  7 13 19 45 6046 1 198699 7369 1.8 18 10 1 7 88% 142 2512 366 42%
c -  5.32  7 13 19 46 6047 1 205408 7721 1.8 17 10 2 7 88% 142 2512 366 42%
c W  5.40  7 12 19 46 6047 1 209387 9936 1.8 17 9 2 7 88% 142 2512 366 42%
c ]  5.42  7 12 20 46 6047 1 210343 10479 1.8 17 9 2 7 88% 142 2512 366 42%
c {  5.42  7 13 20 46 6047 2 210343 10479 2.3 20 9 1 5 82% 142 2512 366 42%
c -  5.46  7 13 20 47 6072 2 212191 8453 2.2 19 9 1 5 82% 142 2512 366 42%
c -  5.65  7 13 20 48 7403 2 219047 10240 2.2 19 9 1 5 83% 143 2512 366 42%
c -  5.85  7 13 20 49 8099 2 225975 11374 2.2 20 9 1 5 83% 143 2512 366 42%
c s  5.88  7 13 20 49 8113 2 227473 12310 2.2 19 9 1 5 83% 144 2510 366 42%
c e  5.88  7 13 20 49 8113 2 227473 12310 2.2 19 9 1 5 83%  90 2879 313 36%
c
c seconds   switched    rate          size/glue tier1   binary      remaining
c        MB   reductions  conflicts         size  tier2   irredundant
c         level    restarts      redundant    glue   trail      variables
c
c s  5.88  7 13 20 49 8113 2 227473 12310 2.2 19 9 1 5 83%  91 2790 313 36%
c e  5.88  7 13 20 49 8113 2 227473 12310 2.2 19 9 1 5 83%  90 2794 312 36%
c ^  5.89  7 13 20 49 8113 2 227473 12310 2.2 19 9 1 5 83%  90 2794 312 36%
c o  5.89  7 13 20 49 8113 2 227473 7511 2.2 19 9 1 5 83%  90 2794 312 36%
c -  6.02  7 13 20 50 8838 2 232975 8624 2.2 20 9 1 4 83%  90 2794 312 36%
c }  6.12  7 14 21 50 9463 2 237083 12026 2.2 20 9 1 4 83%  90 2794 312 36%
c [  6.12  7 12 21 50 9463 1 237083 12026 1.8 17 9 2 7 88%  90 2794 312 36%
c u  6.16  7 12 21 50 9463 1 237991 12050 1.8 17 9 2 7 88%  90 2794 312 36%
c v  6.18  7 12 21 50 9463 1 237991 11402 1.8 17 9 2 7 88%  90 2794 312 36%
c w  6.19  7 12 21 50 9463 1 237991 11319 1.8 17 9 2 7 88%  90 2794 312 36%
c x  6.20  7 12 21 50 9463 1 237991 11314 1.8 17 9 2 7 88%  90 2699 312 36%
c -  6.25  7 12 21 51 9465 1 240049 8635 1.8 17 10 2 7 88%  90 2699 312 36%
c I  6.35  7 12 21 51 9468 1 244738 11943 1.8 17 10 2 7 88%  90 2699 312 36%
c -  6.39  7 12 21 52 9469 1 247190 8946 1.8 17 10 2 7 88%  90 2699 312 36%
c -  6.52  7 12 21 53 9473 1 254402 8521 1.8 17 10 2 7 88%  90 2699 312 36%
c -  6.66  6 12 21 54 9476 1 261683 7371 1.8 17 10 2 6 88%  90 2699 312 36%
c -  6.81  6 12 21 55 9477 1 269031 7460 1.7 17 10 2 6 88%  90 2699 312 36%
c ]  6.94  7 12 22 55 9481 1 274875 10621 1.7 16 10 2 6 88%  90 2699 312 36%
c {  6.94  7 14 22 55 9481 2 274875 10621 2.2 20 9 1 4 83%  90 2699 312 36%
c -  6.97  7 14 22 56 9505 2 276447 7631 2.2 20 9 1 4 83%  90 2699 312 36%
c
c seconds   switched    rate         size/glue tier1   binary      remaining
c        MB   reductions  conflicts        size  tier2   irredundant
c         level    restarts     redundant    glue   trail      variables
c
c -  7.11  7 13 22 57 9930 2 283931 8697 2.1 19 9 1 5 84%  90 2699 312 36%
c u  7.22  7 13 22 57 10340 2 289297 11885 2.1 19 9 1 5 84%  90 2699 312 36%
c v  7.24  7 13 22 57 10340 2 289297 11278 2.1 19 9 1 5 84%  90 2699 312 36%
c w  7.25  7 13 22 57 10340 2 289297 10332 2.1 19 9 1 5 84%  90 2699 312 36%
c x  7.26  7 13 22 57 10340 2 289297 10332 2.1 19 9 1 5 84%  90 2681 312 36%
c -  7.30  7 13 22 58 10517 2 291481 7909 2.1 19 9 1 5 85%  90 2681 312 36%
c -  7.43  7 13 22 59 10699 2 299098 7968 2.0 18 9 1 5 85%  90 2681 312 36%
c o  7.58  7 13 22 59 10818 2 306216 12600 2.0 18 9 1 5 85%  90 2681 312 36%
c }  7.58  7 13 23 59 10852 2 306392 12749 2.0 18 9 1 5 85%  90 2681 312 36%
c [  7.58  7 12 23 59 10852 1 306392 12749 1.7 16 10 2 6 88%  90 2681 312 36%
c B  7.58  7 12 23 59 10852 1 306392 12749 1.7 16 10 2 6 88%  90 2681 312 36%
c -  7.59  7 12 23 60 10852 1 306779 8831 1.7 16 10 2 6 88%  90 2681 312 36%
c -  7.75  7 12 23 61 10857 1 314524 9087 1.7 16 10 2 6 88%  90 2681 312 36%
c -  7.90  7 12 23 62 10861 1 322334 8529 1.7 16 10 2 6 88%  90 2681 312 36%
c -  8.07  7 12 23 63 10865 1 330208 8396 1.7 16 10 2 6 88%  90 2681 312 36%
c ]  8.15  7 12 24 63 10866 1 333918 10675 1.7 16 10 2 6 88%  90 2681 312 36%
c {  8.15  7 13 24 63 10866 2 333918 10675 2.0 18 9 1 5 85%  90 2681 312 36%
c -  8.25  7 13 24 64 10886 2 338145 9166 2.0 18 9 1 5 85%  90 2681 312 36%
c s  8.41  7 13 24 64 11289 2 344553 13701 2.0 18 9 1 5 86%  90 2679 312 36%
c e  8.42  7 13 24 64 11289 2 344553 13701 2.0 18 9 1 5 86%  46 3288 264 30%
c
c seconds   switched     rate          size/glue tier1   binary      remaining
c        MB   reductions   conflicts         size  tier2   irredundant
c         level    restarts       redundant    glue   trail      variables
c
c s  8.42  7 13 24 64 11289 2 344553 13701 2.0 18 9 1 5 86%  46 3162 264 30%
c e  8.42  7 13 24 64 11289 2 344553 13701 2.0 18 9 1 5 86%  44 3187 262 30%
c !  8.42  7 13 24 64 11289 2 344553 13701 2.0 18 9 1 5 86%  44 3187 262 30%
c -  8.44  6 13 24 65 11309 2 346146 6529 2.0 18 9 1 5 85%  44 3187 262 30%
c u  8.45  6 13 24 65 11309 2 346225 6258 2.0 18 9 1 5 85%  44 3187 262 30%
c v  8.48  6 13 24 65 11309 2 346225 4653 2.0 18 9 1 5 85%  44 3187 262 30%
c w  8.49  6 13 24 65 11309 2 346225 4050 2.0 18 9 1 5 85%  44 3187 262 30%
c x  8.49  6 13 24 65 11309 2 346225 4047 2.0 18 9 1 5 85%  44 3034 262 30%
c f  8.50  6 13 24 65 11309 2 346225 4047 2.0 18 9 1 5 85%  46 2995 264 30%
c u  8.50  6 13 24 65 11309 2 346225 3973 2.0 18 9 1 5 85%  46 2995 264 30%
c v  8.52  6 13 24 65 11309 2 346225 3426 2.0 18 9 1 5 85%  46 2995 264 30%
c w  8.52  6 13 24 65 11309 2 346225 3332 2.0 18 9 1 5 85%  46 2995 264 30%
c x  8.53  6 13 24 65 11309 2 346225 3332 2.0 18 9 1 5 85%  46 2988 264 30%
c -  8.73  7 13 24 66 11832 2 354208 6627 2.0 18 9 1 5 85%  46 2988 264 30%
c -  8.93  7 13 24 67 12960 2 362334 8338 2.0 18 9 1 5 85%  46 2988 264 30%
c -  9.13  7 13 24 68 13495 2 370520 9676 2.0 18 9 1 5 86%  46 2988 264 30%
c }  9.13  7 13 25 68 13512 2 370597 9742 2.0 18 9 1 5 86%  46 2988 264 30%
c [  9.13  7 12 25 68 13512 1 370597 9742 1.7 16 10 2 6 88%  46 2988 264 30%
c W  9.13  7 12 25 68 13512 1 370597 9742 1.7 16 10 2 6 88%  46 2988 264 30%
c -  9.30  7 12 25 69 13517 1 378766 9309 1.7 16 10 2 6 89%  46 2988 264 30%
c
c seconds   switched     rate         size/glue tier1   binary      remaining
c        MB   reductions   conflicts        size  tier2   irredundant
c         level    restarts      redundant    glue   trail      variables
c
c -  9.48  7 12 25 70 13522 1 387072 8307 1.7 16 9 2 6 89%  46 2988 264 30%
c -  9.66  7 12 25 71 13526 1 395438 8568 1.7 16 9 2 6 89%  46 2988 264 30%
c -  9.83  7 12 25 72 13527 1 403865 8630 1.7 15 9 2 6 89%  46 2988 264 30%
c u  9.93  7 12 25 72 13530 1 407912 10362 1.7 15 9 2 6 89%  52 2988 264 30%
c v  9.98  7 12 25 72 13530 1 407912 7550 1.7 15 9 2 6 89%  56 2988 264 30%
c w 10.00  7 12 25 72 13530 1 407912 5644 1.7 15 9 2 6 89%  56 2988 264 30%
c t 10.00  7 12 25 72 13530 1 407912 5644 1.7 15 9 2 6 89%  54 2988 264 30%
c o 10.00  7 12 25 72 13530 1 407912 5644 1.7 15 9 2 6 89%  54 2988 264 30%
c ] 10.04  7 12 26 72 13532 1 410004 6852 1.7 15 9 2 6 89%  54 2988 264 30%
c { 10.04  7 13 26 72 13532 2 410004 6852 2.0 18 9 1 5 86%  54 2988 264 30%
c - 10.08  6 13 26 73 13571 2 412350 6318 2.0 18 9 1 5 86%  54 2988 264 30%
c - 10.25  7 12 26 74 13571 2 420895 8790 2.0 18 9 1 5 86%  55 2988 264 30%
c - 10.43  7 12 26 75 14016 1 429498 11274 2.0 18 9 1 5 87%  56 2987 264 30%
c - 10.66  7 12 26 76 14016 1 438159 11821 2.0 17 9 1 5 87%  60 2987 264 30%
c i 10.69  7 12 26 76 14016 1 439967 12777 2.0 17 9 1 5 87%  70 2987 263 30%
c - 10.84  7 12 26 77 14618 1 446876 9855 2.0 17 9 1 5 87%  55 2987 263 30%
c } 10.95  7 12 27 77 14953 1 452224 13606 2.0 17 9 1 5 87%  58 2986 263 30%
c [ 10.95  7 12 27 77 14953 1 452224 13606 1.7 15 9 2 6 89%  58 2986 263 30%
c O 10.95  7 12 27 77 14953 1 452224 13606 1.7 15 9 2 6 89%  58 2986 263 30%
c - 11.03  7 12 27 78 14955 1 455651 11154 1.7 15 9 2 6 89%  58 2986 263 30%
c
c seconds   switched     rate          size/glue tier1   binary      remaining
c        MB   reductions   conflicts         size  tier2   irredundant
c         level    restarts       redundant    glue   trail      variables
c
c - 11.22  7 12 27 79 14959 1 464482 11306 1.7 15 9 2 6 89%  58 2986 263 30%
c - 11.41  7 11 27 80 14966 1 473371 10944 1.7 15 9 1 6 89%  58 2986 263 30%
c u 11.47  7 11 27 80 14966 1 475260 11117 1.7 15 9 1 6 89%  75 2976 263 30%
c v 11.50  7 11 27 80 14966 1 475260 9992 1.7 15 9 1 6 89%  76 2976 263 30%
c w 11.51  7 11 27 80 14966 1 475260 9422 1.7 15 9 1 6 89%  76 2976 263 30%
c x 11.52  7 11 27 80 14966 1 475260 9398 1.7 15 9 1 6 89%  91 2808 263 30%
c t 11.52  7 11 27 80 14966 1 475260 9398 1.7 15 9 1 6 89%  84 2808 263 30%
c - 11.67  7 11 27 81 14967 1 482315 9515 1.7 15 9 1 6 89%  84 2808 263 30%
c s 11.82  7 11 27 81 14971 1 489691 13210 1.7 15 9 1 6 90%  88 2742 263 30%
c e 11.83  7 11 27 81 14971 1 489691 13210 1.7 15 9 1 6 90%  66 2909 250 29%
c s 11.83  7 11 27 81 14971 1 489691 13210 1.7 15 9 1 6 90%  66 2823 250 29%
c e 11.83  7 11 27 81 14971 1 489691 13210 1.7 15 9 1 6 90%  66 2836 249 29%
c - 11.85  7 11 27 82 14973 1 491315 8872 1.7 15 9 1 6 90%  66 2836 249 29%
c ] 11.93  7 11 28 82 14974 1 495429 11223 1.7 15 9 1 6 90%  67 2836 249 29%
c { 11.93  7 12 28 82 14974 1 495429 11223 2.0 17 9 1 5 87%  67 2836 249 29%
c - 12.04  7 12 28 83 14974 1 500372 10566 2.0 17 8 1 5 87%  68 2836 249 29%
c i 12.08  7 12 28 83 14974 1 502791 11938 2.0 17 8 1 5 87%  77 2836 248 28%
c o 12.08  7 12 28 83 14974 1 502791 11938 2.0 17 8 1 5 87%  77 2836 248 28%
c - 12.22  7 11 28 84 15067 1 509483 8550 2.0 16 8 1 5 87%  64 2836 248 28%
c i 12.37  7 11 28 84 15233 1 518088 13438 1.9 16 8 1 5 87%  79 2836 247 28%
c
c seconds   switched     rate         size/glue tier1   binary      remaining
c        MB   reductions   conflicts        size  tier2   irredundant
c         level    restarts      redundant    glue   trail      variables
c
c - 12.38  6 11 28 85 15246 1 518648 7583 1.9 16 8 1 4 87%  66 2836 247 28%
c i 12.42  7 11 28 85 15246 1 520571 8408 1.9 16 8 1 4 88%  77 2836 246 28%
c i 12.44  7 11 28 85 15246 1 521919 9623 1.9 16 8 1 4 87%  77 2836 245 28%
c i 12.52  7 11 28 85 15256 1 525694 11575 1.9 15 8 1 4 87%  91 2835 236 27%
c - 12.56  7 11 28 86 15284 1 527867 6340 1.9 15 8 1 4 87% 157 2186 236 27%
c i 12.56  7 11 28 86 15284 1 528401 6557 1.9 15 8 1 4 87% 168 2186 229 26%
c i 12.60  7 11 28 86 15284 1 530403 8109 1.9 15 8 1 4 87% 179 2186 228 26%
c i 12.63  7 11 28 86 15284 1 531528 8828 1.9 15 8 1 4 87% 191 2186 226 26%
c i 12.64  7 11 28 86 15284 1 531832 9018 1.9 15 8 1 4 87% 198 2186 225 26%
c i 12.64  7 11 28 86 15284 1 531881 9058 1.9 15 8 1 4 87% 198 2186 224 26%
c i 12.65  7 11 28 86 15284 1 532610 9513 1.9 15 8 1 4 87% 206 2186 220 25%
c i 12.66  7 11 28 86 15284 1 532812 9600 1.9 15 8 1 4 87% 215 2186 219 25%
c i 12.66  7 11 28 86 15284 1 532976 9652 1.9 15 8 1 4 87% 221 2186 192 22%
c i 12.66  7 11 28 86 15284 1 533006 9659 1.9 15 8 1 4 87% 226 2186 191 22%
c i 12.66  7 11 28 86 15284 1 533044 9675 1.9 15 8 1 4 87% 232 2186 162 19%
c i 12.66  7 11 28 86 15284 1 533051 9675 1.9 15 8 1 4 87% 235 2186 158 18%
c i 12.66  7 11 28 86 15284 1 533054 9677 1.9 15 8 1 4 87% 235 2186 155 18%
c i 12.66  7 11 28 86 15284 1 533057 9677 1.9 15 8 1 4 87% 236 2186 129 15%
c } 12.66  7 11 28 86 15284 1 533059 9677 1.9 15 8 1 4 87% 236 2186 89 10%
c 0 12.66  7 11 28 86 15284 1 533059 9677 1.9 15 8 1 4 87% 236 2186 89 10%
c
c ---- [ result ] ------------------------------------------------------------
c
s UNSATISFIABLE
c
c ---- [ profiling ] ---------------------------------------------------------
c
c          11.58   91.48 %  search
c           6.05   47.80 %  focused
c           5.53   43.68 %  stable
c           1.06    8.37 %  simplify
c           1.04    8.18 %  probe
c           0.63    4.98 %  vivify
c           0.37    2.90 %  sweep
c           0.09    0.74 %  reduce
c           0.03    0.23 %  eliminate
c           0.02    0.14 %  preprocess
c           0.02    0.13 %  substitute
c           0.01    0.12 %  factor
c           0.01    0.10 %  walking
c           0.01    0.05 %  subsume
c           0.00    0.03 %  congruence
c           0.00    0.01 %  transitive
c           0.00    0.01 %  backbone
c           0.00    0.00 %  parse
c           0.00    0.00 %  lucky
c =============================================
c          12.66  100.00 %  total
c
c ---- [ statistics ] --------------------------------------------------------
c
c conflicts:                           533059            42094.64 per second
c congruent:                               34                4 %  variables
c decisions:                           692648                1.30 per conflict
c eliminated:                             601               69 %  variables
c factored:                                42                5 %  variables
c iterations:                              20                2 %  variables
c propagations:                      59511796          4699532    per second
c reductions:                              86             6198    interval
c reordered:                               10            53306    interval
c rephased:                                18            29614    interval
c restarts:                             15284               35    interval
c strengthened:                           838                0 %  checks
c substituted:                             59                7 %  variables
c subsumed:                               525                0 %  checks
c switched:                                28            19038    interval
c vivified:                             39915               41 %  checks
c walks:                                    6            88843    interval
c
c ---- [ glue usage ] --------------------------------------------------------
c
c focused glue 1 used 2197060 clauses 56.14% accumulated 56.14% tier1
c focused glue 2 used  857731 clauses 21.92% accumulated 78.05%
c focused glue 3 used  326685 clauses  8.35% accumulated 86.40%
c focused glue 4 used  152199 clauses  3.89% accumulated 90.29% tier2
c
c stable glue 1   used 2034435 clauses 50.70% accumulated 50.70% tier1
c stable glue 2   used  834789 clauses 20.80% accumulated 71.50%
c stable glue 3-4 used  578951 clauses 14.43% accumulated 85.92%
c stable glue 5   used  133983 clauses  3.34% accumulated 89.26%
c stable glue 6   used   98922 clauses  2.47% accumulated 91.73% tier2
c
c ---- [ resources ] ---------------------------------------------------------
c
c maximum-resident-set-size:        423927808 bytes        404 MB
c process-time:                            13s              12.66 seconds
c
c ---- [ shutting down ] -----------------------------------------------------
c
c exit 20
