c ---- [ banner ] ------------------------------------------------------------
c
c Kissat SAT Solver
c 
c Copyright (c) 2021-2024 Armin Biere University of Freiburg
c Copyright (c) 2019-2021 Armin Biere Johannes Kepler University Linz
c 
c Version 4.0.4 8af8e56f174b778aef3aa45af9f739b2a5f492c2
c gcc (GCC) 15.2.1 20260123 (Red Hat 15.2.1-7) -W -Wall -O3 -DNDEBUG
c Thu Apr 23 06:47:51 PM IST 2026 Linux krishnendu-LN 6.19.12-200.fc43.x86_64 x86_64
c
c ---- [ parsing ] -----------------------------------------------------------
c
c opened and reading DIMACS file:
c
c   /home/krishnendu/Research/fv-invariant-mining/data/circuits/cnf/miter_mult_10bit.cnf
c
c parsed 'p cnf 1113 4205' header
c closing input after reading 64864 bytes (63 KB)
c finished parsing after 0.00 seconds
c
c ---- [ options ] -----------------------------------------------------------
c
c --decay=30                       (different from default '50')
c --eliminateeffort=1700           (different from default '100')
c --stable=2                       (different from default '1')
c
c ---- [ solving ] -----------------------------------------------------------
c
c seconds switched rate     size/glue tier1  binary       remaining
c        MB reductions conflicts size  tier2   irredundant
c         level restarts redundant glue  trail       variables
c
c *  0.00  3 0 0 0  0 0   0   0 0.0 0 0 0 0 0% 1458 2745 1110 100%
c (  0.00  3 0 0 0  0 0   0   0 0.0 0 0 0 0 0% 1458 2745 1110 100%
c .  0.00  3 0 0 0  0 0   0   0 0.0 0 0 0 0 0% 1454 2745 1110 100%
c c  0.00  3 0 0 0  0 0   0   0 0.0 0 0 0 0 0% 1518 2743 1067 96%
c d  0.00  3 0 0 0  0 0   0   0 0.0 0 0 0 0 0% 1368 2743 1067 96%
c =  0.02  3 0 0 0  0 0   0   0 0.0 0 0 0 0 0% 1372 2736 1064 96%
c d  0.02  3 0 0 0  0 0   0   0 0.0 0 0 0 0 0% 1367 2736 1064 96%
c f  0.02  4 0 0 0  0 0   0   0 0.0 0 0 0 0 0% 1339 2718 1086 98%
c )  0.02  4 0 0 0  0 0   0   0 0.0 0 0 0 0 0% 1339 2718 1086 98%
c [  0.02  4 0 0 0  0 0   0   0 0.0 0 0 2 6 0% 1339 2718 1086 98%
c -  0.04  4 15 0 1  0 1 1002 765 3.5 26 7 4 10 86% 1345 2718 1086 98%
c B  0.04  4 15 0 1  0 1 1002 765 3.5 26 7 4 10 86% 1345 2718 1086 98%
c -  0.07  4 16 0 2  1 1 2003 1456 2.5 25 10 4 14 91% 1346 2718 1086 98%
c W  0.07  4 16 0 2  1 1 2003 1456 2.5 25 10 4 14 91% 1346 2718 1086 98%
c u  0.09  4 16 0 2  2 1 3374 2614 2.3 25 11 5 14 91% 1347 2718 1086 98%
c v  0.09  4 16 0 2  2 1 3374 2471 2.3 25 11 5 14 91% 1347 2718 1086 98%
c w  0.10  5 16 0 2  2 1 3374 2238 2.3 25 11 5 14 91% 1347 2718 1086 98%
c x  0.10  5 16 0 2  2 1 3374 2238 2.3 25 11 5 14 91% 1361 2682 1086 98%
c =  0.12  5 16 0 2  2 1 3374 2238 2.3 25 11 5 14 91% 1391 2675 1071 96%
c d  0.12  5 16 0 2  2 1 3374 2238 2.3 25 11 5 14 91% 1346 2675 1071 96%
c
c seconds  switched rate       size/glue  tier1     binary       remaining
c        MB reductions conflicts     size   tier2     irredundant
c         level restarts  redundant     glue    trail       variables
c
c t  0.12  5 16 0 2  2 1 3374 2238 2.3 25 11 5 14 91% 1339 2675 1071 96%
c f  0.12  5 16 0 2  2 1 3374 2238 2.3 25 11 5 14 91% 1335 2675 1075 97%
c u  0.12  5 16 0 2  2 1 3374 2224 2.3 25 11 5 14 91% 1335 2675 1075 97%
c v  0.12  5 16 0 2  2 1 3374 2175 2.3 25 11 5 14 91% 1335 2675 1075 97%
c w  0.13  5 16 0 2  2 1 3374 2121 2.3 25 11 5 14 91% 1335 2675 1075 97%
c =  0.14  5 16 0 2  2 1 3374 2121 2.3 25 11 5 14 91% 1339 2675 1073 96%
c d  0.14  5 16 0 2  2 1 3374 2121 2.3 25 11 5 14 91% 1333 2675 1073 96%
c -  0.15  5 17 0 3  2 1 3418 1740 2.3 25 11 5 14 91% 1333 2675 1073 96%
c I  0.16  5 16 0 3  3 1 4264 2374 2.1 24 11 5 14 92% 1333 2675 1073 96%
c -  0.18  5 17 0 4  3 1 5151 2582 2.1 24 11 6 14 90% 1334 2675 1073 96%
c -  0.21  5 17 0 5  5 1 7153 3272 2.0 23 12 6 14 89% 1339 2675 1073 96%
c B  0.23  5 16 0 5  5 1 8035 3951 1.9 23 12 6 14 89% 1342 2675 1073 96%
c -  0.26  5 16 0 6  6 1 9390 3806 1.9 22 12 6 14 89% 1342 2675 1073 96%
c u  0.29  5 16 0 6  6 1 10400 4433 1.9 22 12 6 14 90% 1350 2675 1073 96%
c v  0.29  5 16 0 6  6 1 10400 4276 1.9 22 12 6 14 90% 1350 2675 1073 96%
c w  0.30  5 16 0 6  6 1 10400 4216 1.9 22 12 6 14 90% 1350 2675 1073 96%
c =  0.31  5 16 0 6  6 1 10400 4216 1.9 22 12 6 14 90% 1362 2671 1067 96%
c d  0.31  5 16 0 6  6 1 10400 4213 1.9 22 12 6 14 90% 1345 2671 1067 96%
c u  0.31  5 16 0 6  6 1 10400 4195 1.9 22 12 6 14 90% 1345 2671 1067 96%
c v  0.31  5 16 0 6  6 1 10400 4143 1.9 22 12 6 14 90% 1345 2671 1067 96%
c
c seconds  switched rate        size/glue  tier1     binary       remaining
c        MB reductions conflicts      size   tier2     irredundant
c         level restarts   redundant     glue    trail       variables
c
c w  0.31  5 16 0 6  6 1 10400 4065 1.9 22 12 6 14 90% 1345 2671 1067 96%
c x  0.32  5 16 0 6  6 1 10400 4065 1.9 22 12 6 14 90% 1345 2656 1067 96%
c o  0.33  5 16 0 6  6 1 10400 4065 1.9 22 12 6 14 90% 1345 2656 1067 96%
c -  0.36  6 16 0 7  6 1 11840 4145 1.8 22 12 6 14 90% 1345 2656 1067 96%
c W  0.40  5 16 0 7  8 1 13566 5428 1.8 22 12 6 14 90% 1345 2656 1067 96%
c -  0.42  5 16 0 8  9 1 14485 4677 1.8 22 12 5 14 90% 1346 2656 1067 96%
c e  0.48  6 16 0 8 10 1 16851 6452 1.8 22 12 5 14 91% 367 3245 656 59%
c 2  0.48  6 16 0 8 10 1 16851 6452 1.8 22 12 5 14 91% 364 3245 656 59%
c s  0.48  6 16 0 8 10 1 16851 6452 1.8 22 12 5 14 91% 368 3177 656 59%
c e  0.48  6 16 0 8 10 1 16851 6452 1.8 22 12 5 14 91% 339 3203 646 58%
c ^  0.48  6 16 0 8 10 1 16851 6452 1.8 22 12 5 14 91% 339 3203 646 58%
c -  0.48  5 16 0 9 10 1 17314 1860 1.8 22 12 5 13 91% 339 3203 646 58%
c -  0.53  5 16 0 10 12 1 20315 3229 1.8 22 12 5 13 91% 340 3203 646 58%
c O  0.55  5 16 0 10 13 1 21094 3777 1.8 22 12 5 13 91% 340 3203 646 58%
c o  0.55  5 16 0 10 13 1 21094 3777 1.8 22 12 5 13 91% 340 3203 646 58%
c u  0.55  5 16 0 10 13 1 21312 3738 1.8 22 12 5 13 91% 340 3203 646 58%
c v  0.56  5 16 0 10 13 1 21312 3611 1.8 22 12 5 13 91% 340 3203 646 58%
c w  0.57  6 16 0 10 13 1 21312 2852 1.8 22 12 5 13 91% 340 3203 646 58%
c t  0.57  6 16 0 10 13 1 21312 2852 1.8 22 12 5 13 91% 337 3203 646 58%
c f  0.57  5 16 0 10 13 1 21312 2852 1.8 22 12 5 13 91% 410 3055 682 61%
c
c seconds  switched  rate        size/glue  tier1    binary      remaining
c        MB  reductions conflicts      size   tier2    irredundant
c         level  restarts   redundant     glue    trail      variables
c
c u  0.57  5 16 0 10 13 1 21312 2845 1.8 22 12 5 13 91% 411 3055 682 61%
c v  0.57  5 16 0 10 13 1 21312 2802 1.8 22 12 5 13 91% 411 3055 682 61%
c w  0.59  5 16 0 10 13 1 21312 2420 1.8 22 12 5 13 91% 411 3055 682 61%
c t  0.61  5 16 0 10 13 1 21312 2420 1.8 22 12 5 13 91% 409 3055 682 61%
c -  0.66  6 16 0 11 13 1 23478 2854 1.8 22 12 5 13 91% 410 3055 682 61%
c -  0.72  6 16 0 12 14 1 26794 3932 1.8 22 12 4 13 91% 413 3055 682 61%
c -  0.80  6 16 0 13 14 1 30259 4641 1.8 22 12 4 13 90% 413 3055 682 61%
c B  0.81  6 16 0 13 14 1 30856 5030 1.8 22 12 4 13 90% 413 3055 682 61%
c -  0.88  6 16 0 14 15 1 33864 5407 1.8 22 12 4 13 90% 413 3055 682 61%
c s  0.89  6 16 0 14 16 1 34079 5528 1.8 22 12 4 13 90% 414 3045 682 61%
c e  0.89  6 16 0 14 16 1 34079 5528 1.8 22 12 4 13 90% 323 3196 608 55%
c s  0.89  6 16 0 14 16 1 34079 5528 1.8 22 12 4 13 90% 327 3124 608 55%
c e  0.89  6 16 0 14 16 1 34079 5528 1.8 22 12 4 13 90% 325 3126 607 55%
c ^  0.89  6 16 0 14 16 1 34079 5528 1.8 22 12 4 13 90% 325 3126 607 55%
c u  0.94  6 16 0 14 17 1 36702 4462 1.8 22 12 4 13 90% 326 3126 607 55%
c v  0.95  7 16 0 14 17 1 36702 4250 1.8 22 12 4 13 90% 326 3126 607 55%
c w  0.96  7 16 0 14 17 1 36702 3460 1.8 22 12 4 13 90% 326 3126 607 55%
c x  0.96  6 16 0 14 17 1 36702 3459 1.8 22 12 4 13 90% 331 2998 607 55%
c t  0.96  6 16 0 14 17 1 36702 3459 1.8 22 12 4 13 90% 327 2998 607 55%
c f  0.96  6 16 0 14 17 1 36702 3459 1.8 22 12 4 13 90% 331 2985 610 55%
c
c seconds  switched  rate        size/glue  tier1    binary      remaining
c        MB  reductions conflicts      size   tier2    irredundant
c         level  restarts   redundant     glue    trail      variables
c
c u  0.96  6 16 0 14 17 1 36702 3444 1.8 22 12 4 13 90% 331 2985 610 55%
c v  0.97  6 16 0 14 17 1 36702 3366 1.8 22 12 4 13 90% 331 2985 610 55%
c w  0.99  7 16 0 14 17 1 36702 2631 1.8 22 12 4 13 90% 331 2985 610 55%
c -  1.01  7 16 0 15 18 1 37605 2561 1.8 22 12 3 13 90% 331 2985 610 55%
c -  1.08  7 16 0 16 21 1 41477 4311 1.8 22 12 3 13 89% 331 2985 610 55%
c W  1.11  6 16 0 16 21 1 43079 5270 1.8 22 12 3 13 89% 331 2985 610 55%
c o  1.11  6 16 0 16 21 1 43079 5270 1.8 22 12 3 13 89% 331 2985 610 55%
c -  1.17  6 16 0 17 22 1 45477 5099 1.8 21 12 3 13 89% 332 2985 610 55%
c -  1.27  6 15 0 18 25 1 49600 5038 1.8 21 12 3 12 90% 332 2985 610 55%
c -  1.37  6 15 0 19 28 1 53843 5765 1.8 21 12 3 12 89% 332 2985 610 55%
c u  1.44  6 15 0 19 28 1 56661 7062 1.7 21 12 3 12 89% 333 2985 610 55%
c v  1.45  7 15 0 19 28 1 56661 6844 1.7 21 12 3 12 89% 333 2985 610 55%
c w  1.46  8 15 0 19 28 1 56661 6831 1.7 21 12 3 12 89% 333 2985 610 55%
c x  1.46  8 15 0 19 28 1 56661 6831 1.7 21 12 3 12 89% 333 2980 610 55%
c =  1.51  8 15 0 19 28 1 56661 6831 1.7 21 12 3 12 89% 335 2978 609 55%
c d  1.51  8 15 0 19 28 1 56661 6831 1.7 21 12 3 12 89% 333 2978 609 55%
c t  1.51  8 15 0 19 28 1 56661 6831 1.7 21 12 3 12 89% 332 2978 609 55%
c u  1.52  6 15 0 19 28 1 56661 6814 1.7 21 12 3 12 89% 332 2978 609 55%
c v  1.53  7 15 0 19 28 1 56661 6512 1.7 21 12 3 12 89% 332 2978 609 55%
c w  1.54  7 15 0 19 28 1 56661 5001 1.7 21 12 3 12 89% 332 2978 609 55%
c
c seconds  switched  rate        size/glue  tier1    binary      remaining
c        MB  reductions conflicts      size   tier2    irredundant
c         level  restarts   redundant     glue    trail      variables
c
c I  1.57  7 15 0 19 29 1 57984 5907 1.7 21 12 3 12 89% 332 2978 609 55%
c -  1.57  7 15 0 20 29 1 58201 4496 1.7 21 12 3 12 89% 332 2978 609 55%
c -  1.63  7 15 0 21 29 1 62673 5979 1.7 21 12 3 12 89% 333 2978 609 55%
c -  1.71  7 15 0 22 30 1 67255 6593 1.7 21 12 3 12 89% 333 2978 609 55%
c s  1.79  7 15 0 22 30 1 71589 9650 1.7 21 12 3 12 89% 334 2976 609 55%
c e  1.79  7 15 0 22 30 1 71589 9650 1.7 21 12 3 12 89% 252 3180 534 48%
c s  1.79  7 15 0 22 30 1 71589 9650 1.7 21 12 3 12 89% 252 3149 534 48%
c e  1.79  7 15 0 22 30 1 71589 9650 1.7 21 12 3 12 89% 248 3155 533 48%
c ^  1.79  7 15 0 22 30 1 71589 9650 1.7 21 12 3 12 89% 248 3155 533 48%
c -  1.80  6 15 0 23 30 1 71945 3974 1.7 21 12 3 12 89% 248 3155 533 48%
c B  1.85  7 15 0 23 30 1 75786 7090 1.7 21 12 3 12 88% 248 3155 533 48%
c o  1.85  7 15 0 23 30 1 75786 7090 1.7 21 12 3 12 88% 248 3155 533 48%
c -  1.88  7 15 0 24 30 1 76741 5309 1.7 21 12 3 12 89% 248 3155 533 48%
c u  1.97  7 15 0 24 30 1 81225 7783 1.7 21 12 3 12 89% 249 3155 533 48%
c v  1.99  7 15 0 24 30 1 81225 7374 1.7 21 12 3 12 89% 249 3155 533 48%
c w  2.00  7 15 0 24 30 1 81225 7268 1.7 21 12 3 12 89% 249 3155 533 48%
c f  2.05  7 15 0 24 30 1 81225 7268 1.7 21 12 3 12 89% 250 3149 534 48%
c u  2.06  7 15 0 24 30 1 81225 7229 1.7 21 12 3 12 89% 250 3149 534 48%
c v  2.07  7 15 0 24 30 1 81225 7095 1.7 21 12 3 12 89% 250 3149 534 48%
c w  2.07  7 15 0 24 30 1 81225 7086 1.7 21 12 3 12 89% 250 3149 534 48%
c
c seconds  switched  rate        size/glue  tier1    binary      remaining
c        MB  reductions conflicts      size   tier2    irredundant
c         level  restarts   redundant     glue    trail      variables
c
c x  2.08  7 15 0 24 30 1 81225 7084 1.7 21 12 3 12 89% 253 3109 534 48%
c -  2.09  7 15 0 25 30 1 81640 5378 1.7 21 12 3 12 89% 253 3109 534 48%
c -  2.20  7 15 0 26 33 1 86640 6137 1.7 21 12 3 12 89% 253 3109 534 48%
c -  2.31  7 15 0 27 37 1 91739 6250 1.7 21 12 3 11 89% 253 3109 534 48%
c W  2.43  7 15 0 27 39 1 96697 9414 1.7 21 12 3 11 89% 253 3109 534 48%
c -  2.44  7 15 0 28 39 1 96937 6464 1.7 21 12 3 11 89% 253 3109 534 48%
c -  2.56  8 15 0 29 43 1 102228 6612 1.7 21 12 3 11 89% 253 3109 534 48%
c -  2.68  8 15 0 30 45 1 107615 6708 1.7 21 12 3 11 89% 253 3109 534 48%
c u  2.75  8 15 0 30 45 1 110488 8081 1.7 21 12 3 11 89% 253 3109 534 48%
c v  2.77  8 15 0 30 45 1 110488 7609 1.7 21 12 3 11 89% 253 3109 534 48%
c w  2.78  8 15 0 30 45 1 110488 6188 1.7 21 12 3 11 89% 253 3109 534 48%
c -  2.83  8 15 0 31 45 1 113092 5438 1.7 21 12 3 11 89% 253 3109 534 48%
c -  2.95  8 15 0 32 48 1 118661 6358 1.7 21 12 2 11 89% 254 3109 534 48%
c O  3.00  8 15 0 32 50 1 120923 7796 1.7 21 12 2 11 89% 254 3109 534 48%
c o  3.00  8 15 0 32 50 1 120923 7796 1.7 21 12 2 11 89% 254 3109 534 48%
c -  3.09  8 15 0 33 52 1 124317 6807 1.7 21 12 2 11 90% 254 3109 534 48%
c -  3.21  8 15 0 34 55 1 130063 7346 1.7 21 12 2 11 90% 254 3109 534 48%
c s  3.26  8 15 0 34 56 1 132144 8473 1.7 20 12 2 11 90% 255 3108 534 48%
c e  3.27  8 15 0 34 56 1 132144 8473 1.7 20 12 2 11 90% 177 3367 481 43%
c s  3.27  8 15 0 34 56 1 132144 8473 1.7 20 12 2 11 90% 178 3304 481 43%
c
c seconds  switched  rate         size/glue  tier1    binary      remaining
c        MB  reductions conflicts       size   tier2    irredundant
c         level  restarts    redundant     glue    trail      variables
c
c e  3.27  8 15 0 34 56 1 132144 8473 1.7 20 12 2 11 90% 175 3320 476 43%
c ^  3.27  8 15 0 34 56 1 132144 8473 1.7 20 12 2 11 90% 175 3320 476 43%
c -  3.33  8 15 0 35 58 1 135898 5326 1.7 20 12 2 11 90% 176 3320 476 43%
c -  3.45  8 15 0 36 60 1 141814 6681 1.7 20 12 2 11 90% 176 3320 476 43%
c u  3.52  8 15 0 36 60 1 144686 8322 1.7 20 12 2 11 90% 176 3320 476 43%
c v  3.53  8 15 0 36 60 1 144686 7820 1.7 20 12 2 11 90% 176 3320 476 43%
c w  3.54  8 15 0 36 60 1 144686 7761 1.7 20 12 2 11 90% 176 3320 476 43%
c x  3.55  8 15 0 36 60 1 144686 7759 1.7 20 12 2 11 90% 177 3256 476 43%
c =  3.63  8 15 0 36 60 1 144686 7759 1.7 20 12 2 11 90% 177 3252 475 43%
c u  3.64  8 15 0 36 60 1 144686 7625 1.7 20 12 2 11 90% 178 3252 475 43%
c v  3.65  8 15 0 36 60 1 144686 7363 1.7 20 12 2 11 90% 178 3252 475 43%
c w  3.67  8 15 0 36 60 1 144686 6511 1.7 20 12 2 11 90% 178 3252 475 43%
c x  3.67  8 15 0 36 60 1 144686 6511 1.7 20 12 2 11 90% 178 3237 475 43%
c -  3.71  8 15 0 37 60 1 147816 6862 1.7 20 12 2 11 88% 178 3237 475 43%
c B  3.72  8 15 0 37 61 1 148665 7485 1.7 20 12 2 11 88% 178 3237 475 43%
c -  3.80  8 15 0 38 61 1 153898 8633 1.7 20 12 2 11 86% 178 3237 475 43%
c -  3.92  8 15 0 39 61 1 160062 9084 1.7 20 12 2 11 84% 178 3237 475 43%
c -  4.03  8 15 0 40 62 1 166308 9538 1.7 20 12 2 11 82% 179 3237 475 43%
c -  4.15  8 15 0 41 62 1 172632 10308 1.7 20 12 2 11 81% 179 3237 475 43%
c -  4.26  8 15 0 42 62 1 179035 10725 1.7 19 12 2 11 79% 179 3237 475 43%
c
c seconds  switched  rate          size/glue  tier1    binary      remaining
c        MB  reductions conflicts        size   tier2    irredundant
c         level  restarts     redundant     glue    trail      variables
c
c W  4.28  8 15 0 42 62 1 180115 11495 1.7 19 12 2 11 79% 179 3237 475 43%
c o  4.28  8 15 0 42 62 1 180115 11495 1.7 19 12 2 11 79% 179 3237 475 43%
c u  4.35  8 15 0 42 62 1 183822 13716 1.7 20 12 2 11 79% 179 3237 475 43%
c v  4.37  8 15 0 42 62 1 183822 13332 1.7 20 12 2 11 79% 179 3237 475 43%
c w  4.38 10 15 0 42 62 1 183822 13045 1.7 20 12 2 11 79% 179 3237 475 43%
c t  4.47 10 15 0 42 62 1 183822 13045 1.7 20 12 2 11 79% 178 3237 475 43%
c -  4.50  9 15 0 43 62 1 185515 9100 1.7 19 12 2 11 80% 178 3237 475 43%
c -  4.62  9 15 0 44 62 1 192072 7835 1.7 19 12 2 11 80% 178 3237 475 43%
c -  4.72  9 15 0 45 63 1 198706 8072 1.7 19 12 2 11 81% 178 3237 475 43%
c -  4.84  9 15 0 46 68 1 205414 8993 1.6 19 12 2 11 81% 178 3237 475 43%
c -  5.00  9 15 0 47 71 1 212196 9176 1.6 19 12 3 11 82% 178 3237 475 43%
c I  5.06  9 14 0 47 73 1 215467 11080 1.6 19 12 3 11 82% 178 3237 475 43%
c e  5.10  9 14 0 47 75 1 217815 12987 1.6 19 12 3 11 82% 111 3742 403 36%
c s  5.10  9 14 0 47 75 1 217815 12987 1.6 19 12 3 11 82% 112 3614 403 36%
c e  5.10  9 14 0 47 75 1 217815 12987 1.6 19 12 3 11 82% 107 3646 398 36%
c ^  5.10  9 14 0 47 75 1 217815 12987 1.6 19 12 3 11 82% 107 3646 398 36%
c -  5.12  8 14 0 48 76 1 219052 5102 1.6 19 12 3 11 83% 107 3646 398 36%
c -  5.24  9 15 0 49 77 1 225980 6845 1.6 19 12 3 11 83% 107 3646 398 36%
c u  5.28  9 14 0 49 77 1 228121 7990 1.6 19 12 3 11 83% 107 3646 398 36%
c v  5.29  9 14 0 49 77 1 228121 7347 1.6 19 12 3 11 83% 107 3646 398 36%
c
c seconds  switched  rate         size/glue  tier1    binary      remaining
c        MB  reductions conflicts       size   tier2    irredundant
c         level  restarts    redundant     glue    trail      variables
c
c w  5.31  9 14 0 49 77 1 228121 5909 1.6 19 12 3 11 83% 107 3646 398 36%
c x  5.31  8 14 0 49 77 1 228121 5902 1.6 19 12 3 11 83% 108 3541 398 36%
c -  5.38  9 14 0 50 79 1 232980 6527 1.6 19 12 3 11 83% 108 3541 398 36%
c -  5.49  9 14 0 51 84 1 240051 8455 1.6 19 12 3 11 84% 108 3541 398 36%
c -  5.61  9 14 0 52 87 1 247192 8794 1.6 19 12 3 11 84% 108 3541 398 36%
c -  5.75  9 14 0 53 91 1 254404 8262 1.6 19 12 3 10 84% 108 3541 398 36%
c B  5.76  9 14 0 53 91 1 254907 8554 1.6 19 12 3 10 84% 108 3541 398 36%
c o  5.76  9 14 0 53 91 1 254907 8554 1.6 19 12 3 10 84% 108 3541 398 36%
c -  5.88  9 14 0 54 92 1 261685 8086 1.6 19 12 3 10 85% 108 3541 398 36%
c -  6.03  9 14 0 55 93 1 269034 7334 1.6 19 12 3 10 85% 108 3541 398 36%
c -  6.17  9 14 0 56 93 1 276451 8101 1.6 18 11 3 10 86% 108 3541 398 36%
c u  6.19  9 14 0 56 93 1 277189 8093 1.6 18 11 3 10 86% 108 3541 398 36%
c v  6.22  9 14 0 56 93 1 277189 7287 1.6 18 11 3 10 86% 108 3541 398 36%
c w  6.22  9 14 0 56 93 1 277189 6364 1.6 18 11 3 10 86% 108 3541 398 36%
c x  6.23  9 14 0 56 93 1 277189 6363 1.6 18 11 3 10 86% 108 3534 398 36%
c -  6.33  9 14 0 57 96 1 283936 8080 1.6 18 11 3 10 84% 108 3534 398 36%
c -  6.46  9 14 0 58 100 1 291485 9013 1.6 18 11 3 10 83% 108 3534 398 36%
c W  6.61  8 14 0 58 105 1 298619 14071 1.6 18 11 3 10 84% 108 3534 398 36%
c -  6.62  8 14 0 59 105 1 299100 10196 1.6 18 11 3 10 84% 108 3534 398 36%
c -  6.77  8 14 0 60 108 1 306781 9976 1.6 18 11 3 10 84% 108 3534 398 36%
c
c seconds  switched   rate          size/glue  tier1    binary      remaining
c        MB  reductions conflicts         size   tier2    irredundant
c         level  restarts      redundant     glue    trail      variables
c
c -  6.93  8 14 0 61 109 1 314527 10529 1.6 18 11 3 10 84% 108 3534 398 36%
c -  7.11  8 14 0 62 115 1 322337 10945 1.6 18 11 3 10 85% 108 3534 398 36%
c e  7.30  8 14 0 62 118 1 329901 14856 1.6 17 11 3 10 85%  76 4181 350 31%
c s  7.30  8 14 0 62 118 1 329901 14856 1.6 17 11 3 10 85%  77 3967 350 31%
c e  7.30  8 14 0 62 118 1 329901 14856 1.6 17 11 3 10 85%  75 4001 348 31%
c !  7.30  8 14 0 62 118 1 329901 14856 1.6 17 11 3 10 85%  75 4001 348 31%
c o  7.30  8 14 0 62 118 1 329901 9484 1.6 17 11 3 10 85%  75 4001 348 31%
c -  7.31  8 14 0 63 119 1 330212 7363 1.6 18 11 3 10 85%  75 4001 348 31%
c u  7.33  8 14 0 63 120 1 331588 7937 1.6 18 11 3 10 85%  75 4001 348 31%
c v  7.36  8 14 0 63 120 1 331588 6965 1.6 18 11 3 10 85%  75 4001 348 31%
c w  7.39  8 14 0 63 120 1 331588 4624 1.6 18 11 3 10 85%  75 4001 348 31%
c f  7.44  8 14 0 63 120 1 331588 4624 1.6 18 11 3 10 85%  77 3947 350 31%
c u  7.45  8 14 0 63 120 1 331588 4574 1.6 18 11 3 10 85%  77 3947 350 31%
c v  7.46  8 14 0 63 120 1 331588 4152 1.6 18 11 3 10 85%  77 3947 350 31%
c w  7.48  8 14 0 63 120 1 331588 3828 1.6 18 11 3 10 85%  77 3947 350 31%
c x  7.49  8 14 0 63 120 1 331588 3825 1.6 18 11 3 10 85%  77 3828 350 31%
c -  7.62  7 14 0 64 122 1 338150 4380 1.6 18 11 3 10 85%  77 3828 350 31%
c -  7.77  8 14 0 65 123 1 346151 5339 1.6 18 11 3 10 86%  77 3828 350 31%
c O  7.78  8 14 0 65 124 1 346780 5723 1.6 18 11 3 10 86%  77 3828 350 31%
c -  7.94  8 14 0 66 124 1 354213 6143 1.6 18 11 3 10 86%  77 3828 350 31%
c
c seconds  switched   rate         size/glue  tier1    binary      remaining
c        MB  reductions conflicts        size   tier2    irredundant
c         level  restarts     redundant     glue    trail      variables
c
c -  8.10  8 14 0 67 124 1 362337 5863 1.6 18 11 3 10 86%  77 3828 350 31%
c -  8.28  8 14 0 68 125 1 370522 6503 1.6 18 11 3 10 86%  77 3828 350 31%
c -  8.45  8 14 0 69 125 1 378768 7609 1.6 18 11 2 10 86%  77 3828 350 31%
c -  8.61  8 14 0 70 125 1 387074 8488 1.6 18 11 2 10 86%  77 3828 350 31%
c u  8.68  8 14 0 70 125 1 390765 10177 1.6 18 11 2 10 86%  78 3828 350 31%
c v  8.71  8 14 0 70 125 1 390765 9561 1.6 18 11 2 10 86%  78 3828 350 31%
c w  8.73  8 14 0 70 125 1 390765 7846 1.6 18 11 2 10 86%  78 3828 350 31%
c x  8.73  8 14 0 70 125 1 390765 7846 1.6 18 11 2 10 86%  78 3790 350 31%
c -  8.82  8 14 0 71 125 1 395441 7286 1.6 18 11 2 10 86%  78 3790 350 31%
c B  8.90  8 14 0 71 126 1 399568 9850 1.6 18 11 2 10 86%  78 3790 350 31%
c -  8.99  8 14 0 72 126 1 403868 8028 1.6 18 11 2 10 86%  78 3790 350 31%
c -  9.16  8 14 0 73 126 1 412354 7903 1.6 18 11 2 10 87%  78 3790 350 31%
c -  9.31  8 14 0 74 126 1 420899 8535 1.6 18 11 2 10 86%  78 3790 350 31%
c -  9.47  8 14 0 75 126 1 429501 9266 1.6 18 11 2 10 85%  78 3790 350 31%
c -  9.66  8 14 0 76 126 1 438161 9427 1.6 18 12 2 10 86%  78 3790 350 31%
c -  9.84  8 14 0 77 126 1 446878 9637 1.6 18 11 2 10 86%  78 3790 350 31%
c u 10.07  8 14 0 77 126 1 455502 13179 1.6 18 11 2 10 86%  78 3790 350 31%
c v 10.10  8 14 0 77 126 1 455502 12494 1.6 18 11 2 10 86%  78 3790 350 31%
c w 10.11 10 14 0 77 126 1 455502 9559 1.6 18 11 2 10 86%  78 3790 350 31%
c x 10.12 10 14 0 77 126 1 455502 9558 1.6 18 11 2 10 86%  78 3784 350 31%
c
c seconds  switched   rate         size/glue  tier1    binary      remaining
c        MB  reductions conflicts        size   tier2    irredundant
c         level  restarts     redundant     glue    trail      variables
c
c o 10.12 10 14 0 77 126 1 455502 9558 1.6 18 11 2 10 86%  78 3784 350 31%
c - 10.13  9 14 0 78 126 1 455653 6755 1.6 18 11 2 9 86%  78 3784 350 31%
c W 10.15  8 14 0 78 126 1 457152 7676 1.6 18 11 2 9 86%  78 3784 350 31%
c - 10.29  8 14 0 79 129 1 464485 7384 1.6 18 11 2 9 87%  78 3784 350 31%
c e 10.39  8 14 0 79 132 1 469631 9734 1.6 18 11 2 9 87%  70 3842 345 31%
c s 10.39  8 14 0 79 132 1 469631 9734 1.6 18 11 2 9 87%  70 3815 345 31%
c - 10.45  8 14 0 80 133 1 473374 7042 1.6 18 11 2 9 87%  70 3815 345 31%
c - 10.59  8 14 0 81 140 1 482318 8805 1.6 18 11 2 9 87%  70 3815 345 31%
c - 10.75  8 14 0 82 141 1 491318 9386 1.6 18 11 2 9 87%  70 3815 345 31%
c - 10.95  8 14 0 83 146 1 500373 8590 1.6 18 11 2 9 87%  70 3815 345 31%
c - 11.12  8 14 0 84 151 1 509483 9153 1.6 18 11 2 9 87%  70 3815 345 31%
c - 11.29  8 13 0 85 155 1 518648 10223 1.6 18 11 2 9 88%  70 3815 345 31%
c I 11.31  8 13 0 85 156 1 519702 11005 1.6 18 11 2 9 88%  70 3815 345 31%
c u 11.43  8 13 0 85 156 1 525827 14440 1.6 18 11 2 9 88%  70 3815 345 31%
c v 11.48  8 13 0 85 156 1 525827 13430 1.6 18 11 2 9 88%  70 3815 345 31%
c w 11.49 10 13 0 85 156 1 525827 11060 1.6 18 11 2 9 88%  70 3815 345 31%
c - 11.68  9 13 0 86 157 1 527867 8171 1.6 18 11 2 9 88%  70 3815 345 31%
c - 11.87  9 13 0 87 157 1 537141 8737 1.6 18 11 2 9 88%  70 3815 345 31%
c - 12.07  9 13 0 88 160 1 546469 9194 1.6 18 11 2 9 88%  70 3815 345 31%
c - 12.27  9 13 0 89 164 1 555849 10405 1.6 18 11 2 9 88%  70 3815 345 31%
c
c seconds  switched   rate          size/glue  tier1   binary      remaining
c        MB  reductions conflicts         size   tier2   irredundant
c         level  restarts      redundant     glue   trail      variables
c
c - 12.48  9 13 0 90 171 1 565282 11190 1.6 18 11 2 9 88%  70 3815 345 31%
c - 12.70  9 13 0 91 172 1 574769 11713 1.6 18 11 2 9 89%  70 3815 345 31%
c - 12.92  9 13 0 92 178 1 584308 11257 1.6 17 11 2 9 89%  70 3815 345 31%
c B 12.98  9 13 0 92 179 1 587384 12399 1.6 17 11 2 9 89%  70 3815 345 31%
c o 12.98  9 13 0 92 179 1 587384 12399 1.6 17 11 2 9 89%  70 3815 345 31%
c - 13.14  9 13 0 93 183 1 593899 10933 1.6 17 11 2 9 89%  70 3815 345 31%
c u 13.33 10 13 0 93 187 1 601718 14960 1.6 17 11 2 9 89%  70 3815 345 31%
c v 13.38 10 13 0 93 187 1 601718 13938 1.6 17 11 2 9 89%  70 3815 345 31%
c w 13.40 10 13 0 93 187 1 601718 12780 1.6 17 11 2 9 89%  70 3815 345 31%
c x 13.41 10 13 0 93 187 1 601718 12778 1.6 17 11 2 9 89%  70 3790 345 31%
c - 13.46  9 13 0 94 187 1 603543 9098 1.6 17 11 2 9 89%  70 3790 345 31%
c - 13.69  9 13 0 95 188 1 613239 8472 1.6 17 11 2 9 90%  70 3790 345 31%
c - 13.91  9 13 0 96 188 1 622985 9013 1.6 17 11 2 9 90%  70 3790 345 31%
c - 14.09  9 13 0 97 189 1 632783 9683 1.6 17 11 2 9 90%  70 3790 345 31%
c - 14.29  9 13 0 98 189 1 642631 10254 1.6 17 11 2 9 89%  70 3790 345 31%
c - 14.52  9 13 0 99 189 1 652530 10389 1.5 17 11 2 9 89%  70 3790 345 31%
c W 14.66  8 13 0 99 191 1 660359 14559 1.5 17 11 2 9 89%  70 3790 345 31%
c - 14.70  8 13 0 100 192 1 662479 10967 1.5 17 11 2 9 89%  70 3790 345 31%
c - 14.90  8 13 0 101 198 1 672479 10670 1.5 17 11 2 9 90%  70 3790 345 31%
c - 15.13  8 13 0 102 203 1 682529 8803 1.5 17 11 2 8 90%  70 3790 345 31%
c
c seconds  switched    rate         size/glue  tier1   binary      remaining
c        MB  reductions  conflicts        size   tier2   irredundant
c         level   restarts     redundant     glue   trail      variables
c
c u 15.16  8 13 0 102 203 1 683430 8680 1.5 17 11 2 8 90%  70 3790 345 31%
c v 15.19  8 13 0 102 203 1 683430 7182 1.5 17 11 2 8 90%  70 3790 345 31%
c w 15.22  8 13 0 102 203 1 683430 6302 1.5 17 11 2 8 90%  70 3790 345 31%
c - 15.42  8 13 0 103 205 1 692629 6978 1.5 17 11 2 8 90%  70 3790 345 31%
c - 15.66  8 13 0 104 211 1 702777 7646 1.5 16 11 2 8 90%  70 3790 345 31%
c - 15.85  8 13 0 105 218 1 712976 8557 1.5 16 11 2 8 90%  70 3790 345 31%
c - 16.05  8 13 0 106 219 1 723222 8833 1.5 16 11 2 8 90%  70 3790 345 31%
c - 16.25  8 13 0 107 220 1 733517 9526 1.5 16 11 2 8 90%  70 3790 345 31%
c O 16.35  8 12 0 107 220 1 738787 12686 1.5 16 11 2 8 90%  70 3790 345 31%
c o 16.35  8 12 0 107 220 1 738787 12686 1.5 16 11 2 8 90%  70 3790 345 31%
c - 16.46  8 13 0 108 223 1 743861 10502 1.5 16 11 2 8 90%  70 3790 345 31%
c - 16.69  8 13 0 109 228 1 754254 10850 1.5 16 11 2 8 90%  70 3790 345 31%
c - 16.95  8 13 0 110 234 1 764695 9076 1.5 16 11 2 8 90%  70 3790 345 31%
c u 17.11  8 13 0 110 235 1 770951 11445 1.5 16 11 2 8 90%  70 3790 345 31%
c v 17.16  8 13 0 110 235 1 770951 10036 1.5 16 11 2 8 90%  70 3790 345 31%
c w 17.21  8 13 0 110 235 1 770951 8500 1.5 16 11 2 8 90%  70 3790 345 31%
c - 17.29  8 13 0 111 237 1 775184 7090 1.5 16 11 2 8 90%  70 3790 345 31%
c - 17.50  8 13 0 112 242 1 785719 8611 1.6 17 11 2 8 91%  70 3790 345 31%
c - 17.72  8 13 0 113 249 1 796303 9354 1.6 17 11 2 8 90%  70 3790 345 31%
c - 17.93  8 13 0 114 251 1 806933 10435 1.6 17 11 2 8 90%  70 3790 345 31%
c
c seconds  switched    rate          size/glue  tier1   binary      remaining
c        MB  reductions  conflicts         size   tier2   irredundant
c         level   restarts      redundant     glue   trail      variables
c
c - 18.17  8 13 0 115 251 1 817611 11603 1.6 17 11 2 8 90%  70 3790 345 31%
c B 18.29  8 13 0 115 251 1 822825 14536 1.6 17 11 2 8 90%  70 3790 345 31%
c - 18.41  8 13 0 116 252 1 828336 11117 1.6 17 11 2 8 90%  70 3790 345 31%
c - 18.65  8 13 0 117 252 1 839106 10357 1.6 17 11 2 8 90%  70 3790 345 31%
c - 18.89  8 13 0 118 252 1 849923 10370 1.6 17 11 2 8 90%  70 3790 345 31%
c - 19.14  8 13 0 119 253 1 860785 10597 1.6 17 11 2 8 90%  70 3790 345 31%
c u 19.23  8 13 0 119 253 1 864351 12286 1.6 17 11 2 8 90%  70 3790 345 31%
c v 19.28  8 13 0 119 253 1 864351 11032 1.6 17 11 2 8 90%  70 3790 345 31%
c w 19.30  8 13 0 119 253 1 864351 9406 1.6 17 11 2 8 90%  70 3790 345 31%
c x 19.31  8 13 0 119 253 1 864351 9406 1.6 17 11 2 8 90%  70 3785 345 31%
c o 19.31  8 13 0 119 253 1 864351 9406 1.6 17 11 2 8 90%  70 3785 345 31%
c s 19.31  8 13 0 119 253 1 864351 9406 1.6 17 11 2 8 90%  70 3784 345 31%
c e 19.31  8 13 0 119 253 1 864351 9406 1.6 17 11 2 8 90%  67 3802 344 31%
c - 19.48  8 13 0 120 253 1 871694 8352 1.6 17 11 2 8 90%  67 3802 344 31%
c - 19.71  8 13 0 121 253 1 882649 8711 1.6 17 11 2 8 90%  67 3802 344 31%
c - 19.93  8 13 0 122 253 1 893650 8533 1.6 17 11 2 8 90%  67 3802 344 31%
c - 20.17  8 13 0 123 253 1 904695 8471 1.6 17 11 2 8 90%  67 3802 344 31%
c W 20.33  8 13 0 123 253 1 912625 11756 1.5 17 11 2 8 90%  67 3802 344 31%
c - 20.40  8 13 0 124 253 1 915786 8786 1.5 17 11 2 8 90%  67 3802 344 31%
c - 20.62  8 13 0 125 254 1 926921 9935 1.5 17 11 2 8 90%  67 3802 344 31%
c
c seconds  switched    rate         size/glue  tier1   binary      remaining
c        MB  reductions  conflicts        size   tier2   irredundant
c         level   restarts     redundant     glue   trail      variables
c
c - 20.86  8 13 0 126 254 1 938101 9755 1.5 17 11 2 8 90%  67 3802 344 31%
c - 21.10  8 13 0 127 254 1 949325 11075 1.5 17 11 2 8 88%  67 3802 344 31%
c - 21.36  8 13 0 128 254 1 960595 11726 1.5 17 11 2 8 88%  67 3802 344 31%
c u 21.44  8 13 0 128 254 1 963719 12401 1.5 17 11 2 8 88%  67 3802 344 31%
c v 21.50  8 13 0 128 254 1 963719 10739 1.5 17 11 2 8 88%  67 3802 344 31%
c w 21.55  8 13 0 128 254 1 963719 8727 1.5 17 11 2 8 88%  67 3802 344 31%
c - 21.96 12 13 0 129 254 1 971908 8937 1.5 17 11 2 8 88%  67 3802 344 31%
c - 22.19 12 13 0 130 254 1 983265 10252 1.5 17 11 2 8 88%  67 3802 344 31%
c - 22.42 12 13 0 131 254 1 994666 10693 1.5 16 11 2 8 88%  67 3802 344 31%
c - 22.62 12 13 0 132 254 1 1006112 12073 1.5 16 11 2 8 88%  67 3802 344 31%
c I 22.67 12 13 0 132 254 1 1008340 13598 1.5 16 11 2 8 88%  67 3802 344 31%
c o 22.67 12 13 0 132 254 1 1008340 13598 1.5 16 11 2 8 88%  67 3802 344 31%
c - 22.83 12 13 0 133 254 1 1017601 12732 1.5 16 11 2 8 88%  67 3802 344 31%
c - 23.07 12 13 0 134 254 1 1029133 11987 1.5 16 11 2 8 88%  67 3802 344 31%
c - 23.34 12 13 0 135 254 1 1040709 12225 1.5 16 11 2 8 88%  67 3802 344 31%
c - 23.59 12 13 0 136 254 1 1052328 11989 1.5 16 11 2 8 88%  67 3802 344 31%
c - 23.81 12 13 0 137 261 1 1063989 12326 1.5 16 11 2 8 88%  67 3802 344 31%
c u 23.92 12 12 0 137 264 1 1069038 14224 1.5 16 10 2 8 88%  67 3802 344 31%
c v 23.99 12 12 0 137 264 1 1069038 12306 1.5 16 10 2 8 88%  67 3802 344 31%
c w 24.03 12 12 0 137 264 1 1069038 9662 1.5 16 10 2 8 88%  67 3802 344 31%
c
c seconds  switched    rate          size/glue  tier1   binary      remaining
c        MB  reductions   conflicts        size   tier2   irredundant
c         level   restarts      redundant     glue   trail      variables
c
c - 24.17 12 13 0 138 268 1 1075693 9224 1.5 16 11 2 8 88%  67 3802 344 31%
c - 24.43 12 13 0 139 271 1 1087440 9578 1.5 16 11 2 8 88%  67 3802 344 31%
c - 24.71 12 13 0 140 277 1 1099229 9915 1.6 16 11 2 8 89%  67 3802 344 31%
c B 24.97 12 13 0 140 283 1 1110117 14704 1.5 17 11 2 8 89%  67 3802 344 31%
c - 24.99 12 13 0 141 284 1 1111061 9926 1.5 17 11 2 8 89%  67 3802 344 31%
c - 25.21 12 13 0 142 285 1 1122936 10941 1.6 17 11 2 8 89%  67 3802 344 31%
c - 25.47 12 13 0 143 285 1 1134852 12186 1.6 17 11 2 8 89%  67 3802 344 31%
c - 25.74 12 13 0 144 292 1 1146810 12643 1.6 17 11 2 8 88%  67 3802 344 31%
c - 26.01 12 13 0 145 299 1 1158810 12761 1.6 17 11 2 8 88%  67 3802 344 31%
c - 26.28 12 13 0 146 303 1 1170851 14190 1.6 18 11 2 8 89%  67 3802 344 31%
c u 26.55 12 13 0 146 307 1 1180437 18352 1.6 18 11 2 8 89%  67 3802 344 31%
c v 26.63 12 13 0 146 307 1 1180437 16789 1.6 18 11 2 8 89%  67 3802 344 31%
c w 26.66 12 13 0 146 307 1 1180437 13117 1.6 18 11 2 8 89%  67 3802 344 31%
c o 26.67 12 13 0 146 307 1 1180437 13117 1.6 18 11 2 8 89%  67 3802 344 31%
c - 26.73 11 13 0 147 310 1 1182934 10402 1.6 18 11 2 8 89%  67 3802 344 31%
c - 27.02 12 13 0 148 315 1 1195059 11044 1.7 18 11 2 8 89%  67 3802 344 31%
c - 27.30 12 13 0 149 316 1 1207224 10919 1.7 18 11 2 8 88%  67 3802 344 31%
c W 27.57  7 13 0 149 317 1 1218104 16732 1.7 18 11 2 8 89%  67 3802 344 31%
c - 27.60  8 13 0 150 317 1 1219431 11341 1.7 18 11 2 8 88%  67 3802 344 31%
c - 27.86  8 13 0 151 317 1 1231678 11390 1.6 18 11 2 8 89%  67 3802 344 31%
c
c seconds  switched    rate           size/glue  tier1   binary      remaining
c        MB  reductions   conflicts         size   tier2   irredundant
c         level   restarts       redundant     glue   trail      variables
c
c - 28.13  8 13 0 152 317 1 1243966 11045 1.6 18 11 2 8 89%  67 3802 344 31%
c - 28.39  8 13 0 153 322 1 1256295 11929 1.6 18 11 2 8 88%  67 3802 344 31%
c - 28.70  8 13 0 154 329 1 1268665 12635 1.6 17 11 2 8 88%  67 3802 344 31%
c - 29.01  8 13 0 155 332 1 1281074 12558 1.6 17 11 2 8 89%  67 3802 344 31%
c - 29.27  8 13 0 156 339 1 1293523 12262 1.6 17 11 2 8 89%  67 3802 344 31%
c u 29.40  8 13 0 156 342 1 1297983 13869 1.6 17 11 2 8 89%  67 3802 344 31%
c v 29.46  8 13 0 156 342 1 1297983 12248 1.6 17 11 2 8 89%  67 3802 344 31%
c w 29.49  8 13 0 156 342 1 1297983 10575 1.6 17 11 2 8 89%  67 3802 344 31%
c x 29.50  8 13 0 156 342 1 1297983 10574 1.6 17 11 2 8 89%  67 3787 344 31%
c - 29.64  8 13 0 157 346 1 1306012 10497 1.6 17 11 2 8 89%  67 3787 344 31%
c - 29.87  8 12 0 158 348 1 1318542 12530 1.6 17 10 2 8 89%  67 3787 344 31%
c - 30.12  8 12 0 159 348 1 1331111 13772 1.6 17 10 2 8 89%  67 3787 344 31%
c O 30.15  8 12 0 159 348 1 1332444 14330 1.6 17 10 2 8 89%  67 3787 344 31%
c o 30.15  8 12 0 159 348 1 1332444 14330 1.6 17 10 2 8 89%  67 3787 344 31%
c - 30.44  7 13 0 160 355 1 1343720 11384 1.6 17 11 2 7 89%  67 3787 344 31%
c - 30.75  8 13 0 161 362 1 1356369 10974 1.6 17 11 2 7 88%  67 3787 344 31%
c - 31.07  8 13 0 162 366 1 1369057 10940 1.6 17 11 2 7 89%  67 3787 344 31%
c - 31.40  8 12 0 163 374 1 1381784 11264 1.6 17 10 2 7 89%  67 3787 344 31%
c e 31.42  8 13 0 163 375 1 1382827 11841 1.6 17 11 2 7 89%  67 3801 343 31%
c s 31.42  8 13 0 163 375 1 1382827 11841 1.6 17 11 2 7 89%  67 3794 343 31%
c
c seconds  switched    rate           size/glue  tier1   binary      remaining
c        MB  reductions   conflicts         size   tier2   irredundant
c         level   restarts       redundant     glue   trail      variables
c
c - 31.67  8 13 0 164 378 1 1394551 11459 1.6 17 11 2 7 89%  67 3794 343 31%
c - 31.98  8 13 0 165 379 1 1407358 10397 1.6 17 11 2 7 89%  67 3794 343 31%
c - 32.27  8 13 0 166 380 1 1420204 10282 1.6 17 11 2 7 89%  67 3794 343 31%
c u 32.34  8 13 0 166 380 1 1421823 10324 1.6 17 11 2 7 89%  67 3794 343 31%
c v 32.38  8 13 0 166 380 1 1421823 8858 1.6 17 11 2 7 89%  67 3794 343 31%
c w 32.41  8 13 0 166 380 1 1421823 8292 1.6 17 11 2 7 89%  67 3794 343 31%
c - 32.67  8 13 0 167 380 1 1433089 9437 1.6 18 11 2 7 89%  67 3794 343 31%
c - 32.98  8 13 0 168 380 1 1446012 9951 1.6 18 11 2 7 90%  67 3794 343 31%
c B 33.15  8 13 0 168 381 1 1453278 13352 1.6 18 11 2 7 90%  67 3794 343 31%
c - 33.28  8 13 0 169 381 1 1458974 10650 1.6 17 11 2 7 90%  67 3794 343 31%
c - 33.59  8 13 0 170 381 1 1471974 10858 1.6 17 11 2 7 90%  67 3794 343 31%
c - 33.91  8 13 0 171 381 1 1485012 11082 1.6 17 11 2 7 90%  67 3794 343 31%
c - 34.24  7 13 0 172 381 1 1498088 12063 1.7 18 11 2 7 90%  67 3794 343 31%
c - 34.58  7 13 0 173 381 1 1511202 12541 1.7 18 11 2 7 90%  67 3794 343 31%
c - 34.96  7 13 0 174 388 1 1524354 12810 1.7 18 10 2 7 90%  67 3794 343 31%
c - 35.30  8 12 0 175 395 1 1537544 13878 1.7 18 10 2 7 90%  67 3794 343 31%
c - 35.68  7 12 0 176 400 1 1550774 13559 1.7 18 10 2 7 91%  67 3794 343 31%
c u 35.74  8 12 0 176 401 1 1551876 13420 1.7 18 10 2 7 91%  67 3794 343 31%
c v 35.82  8 12 0 176 401 1 1551876 11049 1.7 18 10 2 7 91%  67 3794 343 31%
c w 35.85  8 12 0 176 401 1 1551876 9958 1.7 18 10 2 7 91%  67 3794 343 31%
c
c seconds  switched    rate          size/glue  tier1   binary      remaining
c        MB  reductions   conflicts        size   tier2   irredundant
c         level   restarts      redundant     glue   trail      variables
c
c o 35.85  8 12 0 176 401 1 1551876 9958 1.7 18 10 2 7 91%  67 3794 343 31%
c - 36.13  8 12 0 177 408 1 1564041 10019 1.7 17 10 2 7 91%  67 3794 343 31%
c - 36.42  8 12 0 178 411 1 1577345 11017 1.7 17 10 2 7 91%  67 3794 343 31%
c W 36.50  8 12 0 178 412 1 1580746 12899 1.7 17 10 2 7 91%  67 3794 343 31%
c - 36.72  8 12 0 179 412 1 1590686 12115 1.7 17 10 2 7 91%  67 3794 343 31%
c - 37.02  8 12 0 180 419 1 1604066 11442 1.7 17 10 2 7 91%  67 3794 343 31%
c - 37.31  8 12 0 181 426 1 1617483 11937 1.6 17 10 2 7 90%  67 3794 343 31%
c - 37.62  8 12 0 182 430 1 1630936 12494 1.6 17 10 2 7 90%  67 3794 343 31%
c - 37.94  8 12 0 183 437 1 1644427 13748 1.6 16 10 2 7 90%  67 3794 343 31%
c - 38.23  7 12 0 184 442 1 1657955 13920 1.6 17 10 2 7 90%  67 3794 343 31%
c - 38.58  7 12 0 185 443 1 1671520 12935 1.6 17 10 2 7 90%  67 3794 343 31%
c - 38.95  8 12 0 186 444 1 1685123 13561 1.7 17 10 2 7 90%  67 3794 343 31%
c u 39.05  8 12 0 186 444 1 1688250 14894 1.7 17 10 2 7 90%  67 3794 343 31%
c v 39.12  8 12 0 186 444 1 1688250 12549 1.7 17 10 2 7 90%  67 3794 343 31%
c w 39.17  8 12 0 186 444 1 1688250 10467 1.7 17 10 2 7 90%  67 3794 343 31%
c = 39.55 15 12 0 186 444 1 1688250 10467 1.7 17 10 2 7 90%  69 3780 341 31%
c d 39.55 15 12 0 186 444 1 1688250 10171 1.7 17 10 2 7 90%  67 3780 341 31%
c u 39.57 15 12 0 186 444 1 1688250 9967 1.7 17 10 2 7 90%  67 3780 341 31%
c v 39.62 15 12 0 186 444 1 1688250 9110 1.7 17 10 2 7 90%  67 3780 341 31%
c w 39.66 15 12 0 186 444 1 1688250 8613 1.7 17 10 2 7 90%  67 3780 341 31%
c
c seconds  switched    rate          size/glue  tier1   binary      remaining
c        MB  reductions   conflicts        size   tier2   irredundant
c         level   restarts      redundant     glue   trail      variables
c
c - 39.87  8 12 0 187 444 1 1698761 9894 1.7 16 10 2 7 90%  67 3780 341 31%
c - 40.19  8 12 0 188 447 1 1712437 12583 1.7 17 10 2 7 90%  67 3780 341 31%
c I 40.25  8 12 0 188 448 1 1714985 14383 1.7 17 10 2 7 90%  67 3780 341 31%
c o 40.25  8 12 0 188 448 1 1714985 14383 1.7 17 10 2 7 90%  67 3780 341 31%
c - 40.49  7 12 0 189 454 1 1726148 13489 1.6 17 10 2 7 89%  67 3780 341 31%
c - 40.83  7 12 0 190 459 1 1739896 12528 1.6 17 10 2 7 90%  67 3780 341 31%
c - 41.17  8 12 0 191 466 1 1753680 11556 1.6 16 10 2 7 90%  67 3780 341 31%
c - 41.51  8 12 0 192 473 1 1767502 12248 1.6 16 10 2 7 90%  67 3780 341 31%
c - 41.86  8 12 0 193 475 1 1781358 12902 1.6 16 10 2 7 90%  67 3780 341 31%
c - 42.22  8 12 0 194 478 1 1795250 12752 1.6 16 10 2 7 90%  67 3780 341 31%
c - 42.57  8 11 0 195 486 1 1809179 13413 1.6 15 10 2 7 90%  67 3780 341 31%
c - 42.87  8 11 0 196 490 1 1823144 14511 1.6 15 9 2 7 90%  67 3780 341 31%
c u 43.11  8 11 0 196 495 1 1831095 18336 1.6 15 9 2 7 90%  68 3780 341 31%
c v 43.19  9 11 0 196 495 1 1831095 14667 1.6 15 9 2 7 90%  68 3780 341 31%
c w 43.22  9 11 0 196 495 1 1831095 14295 1.6 15 9 2 7 90%  68 3780 341 31%
c x 43.23  9 11 0 196 495 1 1831095 14292 1.6 15 9 2 7 90%  68 3769 341 31%
c - 43.38  8 11 0 197 497 1 1837145 11638 1.6 15 9 2 7 90%  68 3769 341 31%
c - 43.70  9 11 0 198 505 1 1851181 12090 1.6 15 9 2 7 90%  68 3769 341 31%
c B 43.82  9 11 0 198 505 1 1856132 15129 1.6 15 9 2 7 89%  68 3769 341 31%
c - 44.06  8 11 0 199 506 1 1865254 12743 1.6 16 10 2 7 90%  68 3769 341 31%
c
c seconds  switched    rate           size/glue  tier1   binary      remaining
c        MB  reductions   conflicts         size   tier2   irredundant
c         level   restarts       redundant     glue   trail      variables
c
c - 44.42  9 11 0 200 507 1 1879360 11979 1.6 16 10 2 7 90%  68 3769 341 31%
c - 44.75  9 11 0 201 507 1 1893502 12575 1.6 15 10 2 7 90%  68 3769 341 31%
c - 45.11  9 11 0 202 508 1 1907679 14027 1.6 15 9 2 7 90%  69 3769 341 31%
c - 45.47  9 11 0 203 508 1 1921892 14961 1.6 15 9 2 7 90%  69 3769 341 31%
c - 45.85  9 11 0 204 508 1 1936140 14947 1.6 15 9 2 7 90%  69 3769 341 31%
c - 46.18  9 11 0 205 508 1 1950423 15929 1.6 14 9 2 7 89%  70 3769 341 31%
c - 46.54  9 11 0 206 508 1 1964740 16449 1.6 14 9 2 7 88%  71 3769 341 31%
c - 46.94  9 11 0 207 509 1 1979092 16297 1.6 14 9 2 7 89%  71 3769 341 31%
c u 47.01  9 10 0 207 509 1 1980395 15662 1.6 14 9 2 7 89%  71 3769 341 31%
c v 47.09  9 10 0 207 509 1 1980395 11575 1.6 14 9 2 7 89%  72 3769 341 31%
c w 47.11  9 10 0 207 509 1 1980395 9782 1.6 14 9 2 7 89%  72 3769 341 31%
c o 47.57 11 10 0 207 509 1 1980395 9782 1.6 14 9 2 7 89%  72 3769 341 31%
c - 47.88 10 10 0 208 509 1 1993479 12171 1.5 13 9 2 7 89%  75 3769 341 31%
c i 47.93 10 10 0 208 509 1 1995869 12968 1.5 13 9 2 7 89%  84 3769 340 31%
c W 48.15 10 10 0 208 509 1 2004320 17038 1.6 13 9 2 7 89%  67 3552 340 31%
c - 48.24 11 10 0 209 509 1 2007901 9376 1.6 13 9 2 7 89%  68 3552 340 31%
c - 48.61 11 10 0 210 509 1 2022358 12837 1.6 13 9 2 7 89%  69 3552 340 31%
c - 48.95 11 10 0 211 509 1 2036850 16233 1.6 13 8 2 7 89%  69 3552 340 31%
c - 49.33 11 10 0 212 509 1 2051376 16546 1.6 14 8 2 7 89%  70 3552 340 31%
c s 49.44 11 10 0 212 509 1 2055655 18623 1.6 14 8 2 7 89%  72 3526 340 31%
c
c seconds  switched    rate           size/glue tier1   binary      remaining
c        MB  reductions   conflicts         size  tier2   irredundant
c         level   restarts       redundant    glue   trail      variables
c
c e 49.44 11 10 0 212 509 1 2055655 18623 1.6 14 8 2 7 89%  64 3648 330 30%
c s 49.44 11 10 0 212 509 1 2055655 18623 1.6 14 8 2 7 89%  64 3559 330 30%
c - 49.70 11 10 0 213 509 1 2065936 15297 1.6 14 8 2 7 89%  65 3559 330 30%
c i 49.97 11 10 0 213 509 1 2077204 19398 1.6 13 8 2 7 89%  78 3559 329 30%
c - 50.06 10 10 0 214 509 1 2080532 10286 1.6 13 8 2 6 89%  63 3559 329 30%
c - 50.42 11 10 0 215 509 1 2095161 11763 1.6 13 8 2 6 89%  65 3559 329 30%
c i 50.49 11 10 0 215 509 1 2098573 12981 1.6 13 8 2 6 89%  77 3559 328 29%
c - 50.78 11 10 0 216 510 1 2109823 10122 1.6 13 8 2 6 89%  63 3559 328 29%
c i 51.06 11 10 0 216 510 1 2122137 15336 1.6 13 8 2 6 89%  77 3559 327 29%
c - 51.14 11 10 0 217 510 1 2124519 9880 1.6 13 8 2 6 89%  73 3559 327 29%
c i 51.35 11 10 0 217 510 1 2133232 14134 1.6 13 8 2 6 89%  83 3559 326 29%
c d 51.42 11 10 0 217 510 1 2136163 10503 1.6 13 8 2 6 89% 105 3032 323 29%
c d 51.42 11 10 0 217 510 1 2136163 10472 1.6 13 8 2 6 89% 102 3032 321 29%
c u 51.45 11 10 0 217 510 1 2136163 9069 1.6 13 8 2 6 89% 119 3032 319 29%
c v 51.50 11 10 0 217 510 1 2136163 7346 1.6 13 8 2 6 89% 120 3032 319 29%
c w 51.52 11 10 0 217 510 1 2136163 6789 1.6 13 8 2 6 89% 120 3032 319 29%
c d 51.52 11 10 0 217 510 1 2136163 6778 1.6 13 8 2 6 89% 130 3002 318 29%
c t 51.52 11 10 0 217 510 1 2136163 6778 1.6 13 8 2 6 89% 119 3002 318 29%
c b 51.52 11 10 0 217 510 1 2136163 6778 1.6 13 8 2 6 89% 119 3002 317 29%
c u 51.54 11 10 0 217 510 1 2136163 6133 1.6 13 8 2 6 89% 123 2994 317 29%
c
c seconds  switched    rate          size/glue tier1   binary      remaining
c        MB  reductions   conflicts        size  tier2   irredundant
c         level   restarts      redundant    glue   trail      variables
c
c v 51.58 11 10 0 217 510 1 2136163 5383 1.6 13 8 2 6 89% 123 2994 317 29%
c w 51.59 11 10 0 217 510 1 2136163 5273 1.6 13 8 2 6 89% 123 2994 317 29%
c t 51.59 11 10 0 217 510 1 2136163 5273 1.6 13 8 2 6 89% 122 2994 317 29%
c i 51.59 11 10 0 217 510 1 2136163 5273 1.6 13 8 2 6 89% 122 2994 317 29%
c - 51.65  9 10 0 218 510 1 2139250 5627 1.6 13 8 2 6 89%  95 2994 317 29%
c i 51.69  9 9 0 218 510 1 2141111 6119 1.6 13 8 2 6 89% 107 2994 315 28%
c i 51.77 10 9 0 218 510 1 2145135 7666 1.6 13 8 2 6 88% 114 2994 311 28%
c i 51.80 10 9 0 218 510 1 2146325 8074 1.6 13 8 2 6 88% 119 2994 310 28%
c i 51.82 10 9 0 218 510 1 2147003 8349 1.6 13 8 2 6 88% 126 2994 299 27%
c i 51.83 10 9 0 218 510 1 2147545 8519 1.6 13 8 2 6 88% 134 2994 282 25%
c i 51.83 10 9 0 218 510 1 2147589 8529 1.6 13 8 2 6 88% 137 2994 241 22%
c i 51.84 10 9 0 218 510 1 2147623 8550 1.6 13 8 2 6 88% 137 2994 240 22%
c i 51.84 10 9 0 218 510 1 2147634 8549 1.6 13 8 2 6 88% 141 2994 64 6%
c i 51.84 10 9 0 218 510 1 2147638 8549 1.6 13 8 2 6 88% 143 2994 63 6%
c i 51.84 10 9 0 218 510 1 2147640 8549 1.6 13 8 2 6 88% 144 2994 62 6%
c ] 51.84 10 9 0 218 510 1 2147642 8549 1.6 13 8 2 6 88% 144 2994  0 0%
c 0 51.84 10 0 0 218 510 0 2147642 8549 0.0 0 0 2 6 0% 144 2994  0 0%
c
c ---- [ result ] ------------------------------------------------------------
c
s UNSATISFIABLE
c
c ---- [ profiling ] ---------------------------------------------------------
c
c          47.42   91.47 %  search
c          47.42   91.47 %  stable
c           4.40    8.49 %  simplify
c           4.31    8.31 %  probe
c           2.58    4.97 %  vivify
c           1.65    3.18 %  sweep
c           0.28    0.53 %  reduce
c           0.06    0.13 %  walking
c           0.05    0.09 %  substitute
c           0.04    0.09 %  eliminate
c           0.03    0.05 %  factor
c           0.02    0.04 %  preprocess
c           0.01    0.02 %  subsume
c           0.01    0.01 %  congruence
c           0.00    0.01 %  transitive
c           0.00    0.00 %  backbone
c           0.00    0.00 %  lucky
c           0.00    0.00 %  parse
c =============================================
c          51.84  100.00 %  total
c
c ---- [ statistics ] --------------------------------------------------------
c
c conflicts:                          2147642            41430.18 per second
c congruent:                               43                4 %  variables
c decisions:                          2246209                1.05 per conflict
c eliminated:                             774               70 %  variables
c factored:                                68                6 %  variables
c iterations:                              16                1 %  variables
c propagations:                     260734223          5029826    per second
c reductions:                             218             9852    interval
c reordered:                               18           119313    interval
c rephased:                                35            61361    interval
c restarts:                               510             4211    interval
c strengthened:                          1007                0 %  checks
c substituted:                             76                7 %  variables
c subsumed:                               726                0 %  checks
c switched:                                 0                0    interval
c vivified:                            149621               46 %  checks
c walks:                                   12           178970    interval
c
c ---- [ glue usage ] --------------------------------------------------------
c
c stable glue 2 used 7111294 clauses 23.22% accumulated 65.52% tier1
c stable glue 3 used 4072988 clauses 13.30% accumulated 78.82%
c stable glue 4 used 1781854 clauses  5.82% accumulated 84.64%
c stable glue 5 used 1034174 clauses  3.38% accumulated 88.01%
c stable glue 6 used  687272 clauses  2.24% accumulated 90.26% tier2
c
c ---- [ resources ] ---------------------------------------------------------
c
c maximum-resident-set-size:        225984512 bytes        216 MB
c process-time:                            52s              51.84 seconds
c
c ---- [ shutting down ] -----------------------------------------------------
c
c exit 20
