c ---- [ banner ] ------------------------------------------------------------
c
c Kissat SAT Solver
c 
c Copyright (c) 2021-2024 Armin Biere University of Freiburg
c Copyright (c) 2019-2021 Armin Biere Johannes Kepler University Linz
c 
c Version 4.0.4 8af8e56f174b778aef3aa45af9f739b2a5f492c2
c gcc (GCC) 15.2.1 20260123 (Red Hat 15.2.1-7) -W -Wall -O3 -DNDEBUG
c Thu Apr 23 06:47:51 PM IST 2026 Linux krishnendu-LN 6.19.12-200.fc43.x86_64 x86_64
c
c ---- [ parsing ] -----------------------------------------------------------
c
c opened and reading DIMACS file:
c
c   /home/krishnendu/Research/fv-invariant-mining/data/circuits/cnf/miter_mult_10bit.cnf
c
c parsed 'p cnf 1113 4205' header
c closing input after reading 64864 bytes (63 KB)
c finished parsing after 0.00 seconds
c
c ---- [ options ] -----------------------------------------------------------
c
c --decay=1                        (different from default '50')
c --eliminateeffort=200            (different from default '100')
c --stable=2                       (different from default '1')
c
c ---- [ solving ] -----------------------------------------------------------
c
c seconds switched rate     size/glue tier1  binary       remaining
c        MB reductions conflicts size  tier2   irredundant
c         level restarts redundant glue  trail       variables
c
c *  0.00  3 0 0 0  0 0   0   0 0.0 0 0 0 0 0% 1458 2745 1110 100%
c (  0.00  3 0 0 0  0 0   0   0 0.0 0 0 0 0 0% 1458 2745 1110 100%
c .  0.00  3 0 0 0  0 0   0   0 0.0 0 0 0 0 0% 1454 2745 1110 100%
c c  0.00  3 0 0 0  0 0   0   0 0.0 0 0 0 0 0% 1518 2743 1067 96%
c d  0.00  3 0 0 0  0 0   0   0 0.0 0 0 0 0 0% 1368 2743 1067 96%
c =  0.02  3 0 0 0  0 0   0   0 0.0 0 0 0 0 0% 1372 2736 1064 96%
c d  0.02  3 0 0 0  0 0   0   0 0.0 0 0 0 0 0% 1367 2736 1064 96%
c f  0.02  4 0 0 0  0 0   0   0 0.0 0 0 0 0 0% 1339 2718 1086 98%
c )  0.02  4 0 0 0  0 0   0   0 0.0 0 0 0 0 0% 1339 2718 1086 98%
c [  0.02  4 0 0 0  0 0   0   0 0.0 0 0 2 6 0% 1339 2718 1086 98%
c -  0.04  4 15 0 1  0 1 1000 788 4.2 36 8 4 10 88% 1344 2718 1086 98%
c B  0.04  4 15 0 1  0 1 1002 790 4.2 36 8 4 10 88% 1344 2718 1086 98%
c -  0.07  4 15 0 2  1 1 2000 1356 3.1 32 10 4 13 90% 1344 2718 1086 98%
c W  0.07  4 15 0 2  1 1 2004 1359 3.1 32 10 4 13 90% 1344 2718 1086 98%
c u  0.10  4 14 0 2  2 1 3373 2286 2.8 30 11 4 13 91% 1344 2718 1086 98%
c v  0.10  4 14 0 2  2 1 3373 2207 2.8 30 11 4 13 91% 1344 2718 1086 98%
c w  0.11  5 14 0 2  2 1 3373 1862 2.8 30 11 4 13 91% 1344 2718 1086 98%
c x  0.11  5 14 0 2  2 1 3373 1862 2.8 30 11 4 13 91% 1357 2683 1086 98%
c =  0.13  5 14 0 2  2 1 3373 1862 2.8 30 11 4 13 91% 1387 2676 1071 96%
c d  0.13  5 14 0 2  2 1 3373 1862 2.8 30 11 4 13 91% 1342 2676 1071 96%
c
c seconds  switched rate       size/glue  tier1     binary       remaining
c        MB reductions conflicts     size   tier2     irredundant
c         level restarts  redundant     glue    trail       variables
c
c t  0.13  5 14 0 2  2 1 3373 1862 2.8 30 11 4 13 91% 1335 2676 1071 96%
c f  0.13  5 14 0 2  2 1 3373 1862 2.8 30 11 4 13 91% 1331 2676 1075 97%
c u  0.13  5 14 0 2  2 1 3373 1861 2.8 30 11 4 13 91% 1331 2676 1075 97%
c v  0.13  5 14 0 2  2 1 3373 1832 2.8 30 11 4 13 91% 1331 2676 1075 97%
c w  0.14  5 14 0 2  2 1 3373 1810 2.8 30 11 4 13 91% 1331 2676 1075 97%
c =  0.15  5 14 0 2  2 1 3373 1810 2.8 30 11 4 13 91% 1335 2676 1073 96%
c d  0.16  5 14 0 2  2 1 3373 1810 2.8 30 11 4 13 91% 1329 2676 1073 96%
c -  0.16  5 14 0 3  2 1 3415 1506 2.8 30 11 4 13 91% 1329 2676 1073 96%
c I  0.18  5 14 0 3  3 1 4263 2076 2.6 29 11 4 13 92% 1330 2676 1073 96%
c -  0.19  5 15 0 4  3 1 5147 2247 2.5 28 11 5 13 92% 1330 2676 1073 96%
c -  0.22  5 15 0 5  5 1 7147 2987 2.3 26 11 5 13 92% 1330 2676 1073 96%
c B  0.24  5 15 0 5  5 1 8035 3632 2.2 25 11 5 13 92% 1332 2676 1073 96%
c -  0.26  6 15 0 6  6 1 9385 3733 2.2 24 11 5 13 91% 1334 2676 1073 96%
c u  0.28  5 15 0 6  6 1 10399 4459 2.1 24 11 5 13 90% 1340 2676 1073 96%
c v  0.29  5 15 0 6  6 1 10399 4246 2.1 24 11 5 13 90% 1340 2676 1073 96%
c w  0.29  5 15 0 6  6 1 10399 4173 2.1 24 11 5 13 90% 1340 2676 1073 96%
c =  0.30  5 15 0 6  6 1 10399 4173 2.1 24 11 5 13 90% 1352 2672 1067 96%
c d  0.30  5 15 0 6  6 1 10399 4167 2.1 24 11 5 13 90% 1335 2672 1067 96%
c t  0.30  5 15 0 6  6 1 10399 4167 2.1 24 11 5 13 90% 1334 2672 1067 96%
c u  0.30  5 15 0 6  6 1 10399 4157 2.1 24 11 5 13 90% 1334 2672 1067 96%
c
c seconds  switched rate        size/glue  tier1     binary       remaining
c        MB reductions conflicts      size   tier2     irredundant
c         level restarts   redundant     glue    trail       variables
c
c v  0.30  5 15 0 6  6 1 10399 4106 2.1 24 11 5 13 90% 1334 2672 1067 96%
c w  0.31  5 15 0 6  6 1 10399 4086 2.1 24 11 5 13 90% 1334 2672 1067 96%
c x  0.31  5 15 0 6  6 1 10399 4086 2.1 24 11 5 13 90% 1335 2662 1067 96%
c o  0.32  5 15 0 6  6 1 10399 4086 2.1 24 11 5 13 90% 1335 2662 1067 96%
c -  0.36  5 15 0 7  6 1 11834 3866 2.2 25 11 4 13 91% 1335 2662 1067 96%
c W  0.41  5 15 0 7  8 1 13565 4519 2.1 24 11 4 13 92% 1335 2662 1067 96%
c -  0.43  5 15 0 8  9 1 14480 3782 2.1 24 12 4 13 93% 1335 2662 1067 96%
c e  0.49  5 15 0 8 10 1 16852 4931 2.1 24 12 4 12 93% 383 3212 659 59%
c s  0.50  5 15 0 8 10 1 16852 4931 2.1 24 12 4 12 93% 386 3130 659 59%
c e  0.50  5 15 0 8 10 1 16852 4931 2.1 24 12 4 12 93% 368 3147 650 58%
c ^  0.50  5 15 0 8 10 1 16852 4931 2.1 24 12 4 12 93% 368 3147 650 58%
c -  0.50  5 15 0 9 10 1 17309 1390 2.0 23 11 4 12 93% 368 3147 650 58%
c -  0.55  5 14 0 10 12 1 20310 2587 2.0 23 11 4 12 92% 369 3147 650 58%
c O  0.56  5 14 0 10 13 1 21094 3067 2.0 23 11 4 12 92% 369 3147 650 58%
c o  0.56  5 14 0 10 13 1 21094 3067 2.0 23 11 4 12 92% 369 3147 650 58%
c u  0.57  5 14 0 10 13 1 21312 3055 2.0 22 12 4 12 92% 369 3147 650 58%
c v  0.57  5 14 0 10 13 1 21312 2956 2.0 22 12 4 12 92% 369 3147 650 58%
c w  0.59  5 14 0 10 13 1 21312 1820 2.0 22 12 4 12 92% 369 3147 650 58%
c t  0.59  5 14 0 10 13 1 21312 1820 2.0 22 12 4 12 92% 367 3147 650 58%
c f  0.59  5 14 0 10 13 1 21312 1820 2.0 22 12 4 12 92% 431 3007 683 61%
c
c seconds  switched  rate        size/glue  tier1    binary      remaining
c        MB  reductions conflicts      size   tier2    irredundant
c         level  restarts   redundant     glue    trail      variables
c
c u  0.59  5 14 0 10 13 1 21312 1815 2.0 22 12 4 12 92% 431 3007 683 61%
c v  0.59  5 14 0 10 13 1 21312 1790 2.0 22 12 4 12 92% 431 3007 683 61%
c w  0.61  5 14 0 10 13 1 21312 1561 2.0 22 12 4 12 92% 431 3007 683 61%
c -  0.68  5 14 0 11 13 1 23473 1397 1.8 22 12 4 12 93% 431 3007 683 61%
c -  0.76  5 14 0 12 14 1 26789 1059 1.7 21 12 3 13 94% 431 3007 683 61%
c -  0.83  5 14 0 13 14 1 30254 1235 1.7 20 12 3 13 95% 431 3007 683 61%
c B  0.84  5 14 0 13 14 1 30856 1668 1.7 20 12 3 13 94% 431 3007 683 61%
c -  0.90  5 14 0 14 15 1 33860 2913 1.7 20 12 3 12 94% 431 3007 683 61%
c s  0.91  5 14 0 14 16 1 34102 2998 1.7 20 12 3 12 94% 431 2997 683 61%
c e  0.91  5 14 0 14 16 1 34102 2998 1.7 20 12 3 12 94% 334 3148 614 55%
c s  0.91  5 14 0 14 16 1 34102 2998 1.7 20 12 3 12 94% 339 3091 614 55%
c e  0.91  5 14 0 14 16 1 34102 2998 1.7 20 12 3 12 94% 329 3100 608 55%
c ^  0.91  5 14 0 14 16 1 34102 2998 1.7 20 12 3 12 94% 329 3100 608 55%
c u  0.96  6 14 0 14 17 1 36720 3279 1.8 20 12 3 12 94% 330 3100 608 55%
c v  0.97  6 14 0 14 17 1 36720 3170 1.8 20 12 3 12 94% 330 3100 608 55%
c w  0.98  6 14 0 14 17 1 36720 1719 1.8 20 12 3 12 94% 330 3100 608 55%
c x  0.99  6 14 0 14 17 1 36720 1719 1.8 20 12 3 12 94% 334 2988 608 55%
c t  0.99  6 14 0 14 17 1 36720 1719 1.8 20 12 3 12 94% 332 2988 608 55%
c f  0.99  6 14 0 14 17 1 36720 1719 1.8 20 12 3 12 94% 340 2965 613 55%
c u  0.99  6 14 0 14 17 1 36720 1716 1.8 20 12 3 12 94% 340 2965 613 55%
c
c seconds  switched  rate        size/glue  tier1    binary      remaining
c        MB  reductions conflicts      size   tier2    irredundant
c         level  restarts   redundant     glue    trail      variables
c
c v  1.00  6 14 0 14 17 1 36720 1584 1.8 20 12 3 12 94% 340 2965 613 55%
c w  1.01  6 14 0 14 17 1 36720 1290 1.8 20 12 3 12 94% 340 2965 613 55%
c -  1.03  6 14 0 15 18 1 37602 1698 1.8 21 11 3 12 94% 340 2965 613 55%
c -  1.11  6 14 0 16 21 1 41475 3849 1.9 21 11 3 12 93% 340 2965 613 55%
c W  1.14  6 14 0 16 21 1 43078 4827 1.9 21 11 3 12 93% 340 2965 613 55%
c o  1.14  6 14 0 16 21 1 43078 4827 1.9 21 11 3 12 93% 340 2965 613 55%
c -  1.20  6 14 0 17 22 1 45475 4448 1.8 21 11 3 12 94% 340 2965 613 55%
c -  1.30  6 14 0 18 25 1 49598 3465 1.8 20 11 3 12 94% 340 2965 613 55%
c -  1.39  6 14 0 19 28 1 53842 3801 1.8 20 11 3 12 94% 340 2965 613 55%
c u  1.44  6 14 0 19 28 1 56691 5329 1.8 20 11 3 12 94% 340 2965 613 55%
c v  1.46  6 14 0 19 28 1 56691 5161 1.8 20 11 3 12 94% 340 2965 613 55%
c w  1.46  7 14 0 19 28 1 56691 4275 1.8 20 11 3 12 94% 340 2965 613 55%
c x  1.47  7 14 0 19 28 1 56691 4275 1.8 20 11 3 12 94% 340 2958 613 55%
c =  1.52  7 14 0 19 28 1 56691 4275 1.8 20 11 3 12 94% 342 2956 612 55%
c d  1.52  7 14 0 19 28 1 56691 4275 1.8 20 11 3 12 94% 340 2956 612 55%
c u  1.53  6 14 0 19 28 1 56691 4257 1.8 20 11 3 12 94% 340 2956 612 55%
c v  1.54  6 14 0 19 28 1 56691 3585 1.8 20 11 3 12 94% 340 2956 612 55%
c w  1.56  6 14 0 19 28 1 56691 2976 1.8 20 11 3 12 94% 340 2956 612 55%
c I  1.58  6 14 0 19 29 1 57982 3700 1.8 20 11 3 12 94% 340 2956 612 55%
c -  1.59  6 14 0 20 29 1 58200 3089 1.8 20 11 3 12 94% 340 2956 612 55%
c
c seconds  switched  rate        size/glue  tier1    binary      remaining
c        MB  reductions conflicts      size   tier2    irredundant
c         level  restarts   redundant     glue    trail      variables
c
c -  1.65  6 14 0 21 29 1 62672 4652 1.8 20 11 3 12 93% 340 2956 612 55%
c -  1.73  6 14 0 22 30 1 67256 5438 1.7 20 11 3 12 92% 340 2956 612 55%
c e  1.82  6 14 0 22 30 1 71651 8142 1.7 20 11 3 12 92% 236 3196 529 48%
c s  1.82  6 14 0 22 30 1 71651 8142 1.7 20 11 3 12 92% 236 3173 529 48%
c e  1.82  6 14 0 22 30 1 71651 8142 1.7 20 11 3 12 92% 232 3182 526 47%
c ^  1.82  6 14 0 22 30 1 71651 8142 1.7 20 11 3 12 92% 232 3182 526 47%
c -  1.83  6 14 0 23 30 1 71947 2976 1.7 20 11 3 12 92% 232 3182 526 47%
c B  1.89  6 14 0 23 30 1 75784 5490 1.7 20 11 3 12 91% 232 3182 526 47%
c o  1.89  6 14 0 23 30 1 75784 5490 1.7 20 11 3 12 91% 232 3182 526 47%
c -  1.91  6 14 0 24 30 1 76742 4253 1.7 20 11 3 12 91% 232 3182 526 47%
c u  2.02  6 14 0 24 30 1 81273 4563 1.7 19 11 3 12 91% 232 3182 526 47%
c v  2.03  6 14 0 24 30 1 81273 4310 1.7 19 11 3 12 91% 232 3182 526 47%
c w  2.05  6 14 0 24 30 1 81273 2626 1.7 19 11 3 12 91% 232 3182 526 47%
c =  2.11  6 14 0 24 30 1 81273 2626 1.7 19 11 3 12 91% 232 3178 525 47%
c f  2.11  6 14 0 24 30 1 81273 2529 1.7 19 11 3 12 91% 236 3163 527 47%
c u  2.11  6 14 0 24 30 1 81273 2507 1.7 19 11 3 12 91% 236 3163 527 47%
c v  2.11  6 14 0 24 30 1 81273 2414 1.7 19 11 3 12 91% 236 3163 527 47%
c w  2.13  6 14 0 24 30 1 81273 2217 1.7 19 11 3 12 91% 236 3163 527 47%
c x  2.14  6 14 0 24 30 1 81273 2217 1.7 19 11 3 12 91% 237 3130 527 47%
c -  2.20  6 14 0 25 30 1 81641 1875 1.7 19 11 3 12 91% 237 3130 527 47%
c
c seconds  switched  rate        size/glue  tier1    binary      remaining
c        MB  reductions conflicts      size   tier2    irredundant
c         level  restarts   redundant     glue    trail      variables
c
c -  2.30  6 14 0 26 34 1 86642 2911 1.7 19 11 3 12 91% 237 3130 527 47%
c -  2.40  6 14 0 27 37 1 91741 4521 1.6 19 11 3 12 91% 237 3130 527 47%
c W  2.50  6 14 0 27 39 1 96696 6811 1.6 19 11 3 12 91% 237 3130 527 47%
c -  2.50  6 14 0 28 39 1 96938 5569 1.6 19 11 3 12 91% 237 3130 527 47%
c -  2.63  7 13 0 29 43 1 102230 6263 1.6 18 11 3 12 91% 237 3130 527 47%
c -  2.74  7 13 0 30 45 1 107615 7040 1.7 19 11 2 12 91% 237 3130 527 47%
c u  2.79  7 13 0 30 45 1 110529 8620 1.7 19 11 2 12 91% 237 3130 527 47%
c v  2.81  7 13 0 30 45 1 110529 8253 1.7 19 11 2 12 91% 237 3130 527 47%
c w  2.83  8 13 0 30 45 1 110529 6616 1.7 19 11 2 12 91% 237 3130 527 47%
c -  2.87  8 13 0 31 45 1 113094 6307 1.7 19 11 2 12 91% 237 3130 527 47%
c -  2.98  8 13 0 32 48 1 118662 6824 1.7 19 11 2 12 91% 237 3130 527 47%
c O  3.02  8 13 0 32 50 1 120922 8130 1.7 19 11 2 12 91% 237 3130 527 47%
c o  3.02  8 13 0 32 50 1 120922 8130 1.7 19 11 2 12 91% 237 3130 527 47%
c -  3.12  8 13 0 33 52 1 124319 5839 1.6 18 11 2 11 92% 237 3130 527 47%
c -  3.26  7 13 0 34 54 1 130064 4365 1.6 18 11 2 11 92% 237 3130 527 47%
c e  3.31  7 13 0 34 56 1 132174 5433 1.6 18 11 2 11 92% 175 3358 478 43%
c s  3.31  7 13 0 34 56 1 132174 5433 1.6 18 11 2 11 92% 177 3302 478 43%
c e  3.31  7 13 0 34 56 1 132174 5433 1.6 18 11 2 11 92% 175 3310 476 43%
c ^  3.31  7 13 0 34 56 1 132174 5433 1.6 18 11 2 11 92% 175 3310 476 43%
c -  3.38  8 13 0 35 58 1 135894 4149 1.6 18 11 2 11 92% 175 3310 476 43%
c
c seconds  switched  rate         size/glue  tier1    binary      remaining
c        MB  reductions conflicts       size   tier2    irredundant
c         level  restarts    redundant     glue    trail      variables
c
c -  3.49  8 13 0 36 60 1 141811 6006 1.6 18 11 2 11 92% 175 3310 476 43%
c u  3.54  8 13 0 36 60 1 144717 7425 1.6 18 11 2 11 92% 175 3310 476 43%
c v  3.56  8 13 0 36 60 1 144717 7029 1.6 18 11 2 11 92% 175 3310 476 43%
c w  3.57  8 13 0 36 60 1 144717 4978 1.6 18 11 2 11 92% 175 3310 476 43%
c x  3.58  8 13 0 36 60 1 144717 4978 1.6 18 11 2 11 92% 175 3242 476 43%
c t  3.66  8 13 0 36 60 1 144717 4978 1.6 18 11 2 11 92% 174 3242 476 43%
c -  3.72  8 13 0 37 60 1 147811 4709 1.6 18 11 2 11 92% 174 3242 476 43%
c B  3.74  8 13 0 37 61 1 148663 5132 1.6 18 11 2 11 92% 174 3242 476 43%
c -  3.82  8 13 0 38 61 1 153893 5473 1.6 18 11 2 11 91% 174 3242 476 43%
c -  3.94  8 13 0 39 61 1 160058 6375 1.6 18 11 2 11 90% 174 3242 476 43%
c -  4.05  8 13 0 40 62 1 166303 7396 1.6 18 11 2 11 90% 174 3242 476 43%
c -  4.17  8 13 0 41 62 1 172628 8077 1.6 18 11 2 11 90% 174 3242 476 43%
c -  4.30  8 13 0 42 62 1 179032 7859 1.6 18 11 2 11 90% 174 3242 476 43%
c W  4.33  8 13 0 42 62 1 180114 8310 1.6 18 11 2 11 90% 174 3242 476 43%
c o  4.33  8 13 0 42 62 1 180114 8310 1.6 18 11 2 11 90% 174 3242 476 43%
c u  4.43  8 13 0 42 62 1 183851 9133 1.6 18 11 2 11 90% 175 3242 476 43%
c v  4.45  8 13 0 42 62 1 183851 8442 1.6 18 11 2 11 90% 175 3242 476 43%
c w  4.46  8 13 0 42 62 1 183851 6501 1.6 18 11 2 11 90% 175 3242 476 43%
c x  4.46  8 13 0 42 62 1 183851 6501 1.6 18 11 2 11 90% 175 3239 476 43%
c -  4.51  8 13 0 43 62 1 185513 4725 1.6 18 11 2 11 91% 175 3239 476 43%
c
c seconds  switched  rate         size/glue  tier1    binary      remaining
c        MB  reductions conflicts       size   tier2    irredundant
c         level  restarts    redundant     glue    trail      variables
c
c -  4.63  7 13 0 44 62 1 192071 4832 1.6 18 11 2 11 91% 175 3239 476 43%
c -  4.74  8 13 0 45 63 1 198704 6217 1.6 18 11 2 11 91% 175 3239 476 43%
c -  4.87  8 13 0 46 68 1 205414 7142 1.6 18 11 2 11 91% 175 3239 476 43%
c -  5.02  8 13 0 47 71 1 212196 8008 1.6 18 11 2 11 91% 175 3239 476 43%
c I  5.10  8 13 0 47 74 1 215465 9608 1.6 18 11 2 11 91% 175 3239 476 43%
c e  5.14  8 13 0 47 75 1 217885 11197 1.6 18 11 2 11 91% 121 3705 410 37%
c s  5.14  8 13 0 47 75 1 217885 11197 1.6 18 11 2 11 91% 121 3602 410 37%
c e  5.14  8 13 0 47 75 1 217885 11197 1.6 18 11 2 11 91% 115 3656 403 36%
c ^  5.14  8 13 0 47 75 1 217885 11197 1.6 18 11 2 11 91% 115 3656 403 36%
c -  5.16  7 13 0 48 76 1 219051 4732 1.6 18 11 2 11 91% 115 3656 403 36%
c -  5.26  8 13 0 49 77 1 225980 4985 1.6 18 11 2 11 91% 115 3656 403 36%
c u  5.30  8 13 0 49 77 1 228154 5884 1.6 18 11 2 11 91% 115 3656 403 36%
c v  5.31  8 13 0 49 77 1 228154 5498 1.6 18 11 2 11 91% 115 3656 403 36%
c w  5.35  8 13 0 49 77 1 228154 3573 1.6 18 11 2 11 91% 115 3656 403 36%
c -  5.43  7 13 0 50 80 1 232981 3783 1.6 18 11 2 11 91% 115 3656 403 36%
c -  5.54  8 13 0 51 84 1 240052 4843 1.6 18 11 2 11 91% 115 3656 403 36%
c -  5.67  8 13 0 52 87 1 247195 6274 1.6 18 11 2 11 92% 115 3656 403 36%
c -  5.81  8 13 0 53 91 1 254406 6898 1.6 18 11 2 11 92% 115 3656 403 36%
c B  5.82  8 13 0 53 91 1 254905 7055 1.6 18 11 2 11 92% 115 3656 403 36%
c o  5.82  8 13 0 53 91 1 254905 7055 1.6 18 11 2 11 92% 115 3656 403 36%
c
c seconds  switched  rate         size/glue  tier1    binary      remaining
c        MB  reductions conflicts       size   tier2    irredundant
c         level  restarts    redundant     glue    trail      variables
c
c -  5.90  8 13 0 54 92 1 261687 7616 1.6 18 11 2 11 92% 115 3656 403 36%
c -  6.01  8 13 0 55 93 1 269036 8428 1.6 18 11 2 11 92% 115 3656 403 36%
c -  6.10  8 13 0 56 93 1 276454 10008 1.6 18 11 2 11 91% 115 3656 403 36%
c u  6.12  8 13 0 56 93 1 276958 10053 1.6 18 11 2 11 91% 115 3656 403 36%
c v  6.14  8 13 0 56 93 1 276958 9558 1.6 18 11 2 11 91% 115 3656 403 36%
c w  6.15 10 13 0 56 93 1 276958 9487 1.6 18 11 2 11 91% 115 3656 403 36%
c x  6.16 10 13 0 56 93 1 276958 9487 1.6 18 11 2 11 91% 115 3541 403 36%
c -  6.36  9 13 0 57 96 1 283937 9035 1.6 18 11 2 11 91% 115 3541 403 36%
c -  6.51  9 13 0 58 100 1 291486 8533 1.6 18 11 2 11 91% 115 3541 403 36%
c W  6.65  8 13 0 58 105 1 298616 11373 1.6 18 11 2 11 91% 115 3541 403 36%
c -  6.66  8 13 0 59 106 1 299101 8484 1.6 18 11 2 11 91% 115 3541 403 36%
c -  6.79  8 13 0 60 108 1 306784 9052 1.6 18 11 2 11 91% 115 3541 403 36%
c -  6.93  8 13 0 61 110 1 314530 9580 1.6 17 11 2 11 91% 115 3541 403 36%
c -  7.08  8 13 0 62 115 1 322340 8902 1.6 17 11 2 11 91% 115 3541 403 36%
c s  7.24  8 13 0 62 119 1 329883 12203 1.5 17 11 2 11 91% 115 3539 403 36%
c e  7.24  8 13 0 62 119 1 329883 12203 1.5 17 11 2 11 91%  56 4245 349 31%
c s  7.24  8 13 0 62 119 1 329883 12203 1.5 17 11 2 11 91%  58 4081 349 31%
c e  7.24  8 13 0 62 119 1 329883 12203 1.5 17 11 2 11 91%  55 4131 345 31%
c !  7.24  8 13 0 62 119 1 329883 12203 1.5 17 11 2 11 91%  55 4131 345 31%
c o  7.24  8 13 0 62 119 1 329883 6234 1.5 17 11 2 11 91%  55 4131 345 31%
c
c seconds  switched   rate         size/glue  tier1    binary      remaining
c        MB  reductions conflicts        size   tier2    irredundant
c         level  restarts     redundant     glue    trail      variables
c
c -  7.25  7 13 0 63 119 1 330214 3969 1.5 17 11 2 11 91%  55 4131 345 31%
c u  7.27  7 13 0 63 120 1 331322 4359 1.5 17 11 2 11 91%  55 4131 345 31%
c v  7.28  7 13 0 63 120 1 331322 3782 1.5 17 11 2 11 91%  55 4131 345 31%
c w  7.29  7 13 0 63 120 1 331322 2227 1.5 17 11 2 11 91%  55 4131 345 31%
c x  7.30  7 13 0 63 120 1 331322 2226 1.5 17 11 2 11 91%  55 4007 345 31%
c f  7.30  7 13 0 63 120 1 331322 2226 1.5 17 11 2 11 91%  56 3985 346 31%
c u  7.31  7 13 0 63 120 1 331322 2211 1.5 17 11 2 11 91%  56 3985 346 31%
c v  7.31  7 13 0 63 120 1 331322 2091 1.5 17 11 2 11 91%  56 3985 346 31%
c w  7.33  7 13 0 63 120 1 331322 1881 1.5 17 11 2 11 91%  56 3985 346 31%
c x  7.33  7 13 0 63 120 1 331322 1881 1.5 17 11 2 11 91%  56 3965 346 31%
c -  7.45  7 13 0 64 123 1 338151 2921 1.5 17 11 2 11 92%  56 3965 346 31%
c -  7.57  8 13 0 65 124 1 346152 5066 1.5 17 11 2 11 91%  56 3965 346 31%
c O  7.58  8 13 0 65 124 1 346778 5351 1.5 17 11 2 11 91%  56 3965 346 31%
c -  7.71  8 13 0 66 124 1 354214 5873 1.5 17 11 2 11 91%  56 3965 346 31%
c -  7.86  8 13 0 67 124 1 362338 6110 1.5 17 11 2 11 91%  56 3965 346 31%
c -  8.00  8 13 0 68 125 1 370523 6484 1.5 17 11 2 11 90%  56 3965 346 31%
c -  8.14  8 13 0 69 125 1 378770 6961 1.5 17 11 2 11 90%  56 3965 346 31%
c -  8.31  8 13 0 70 125 1 387076 7139 1.5 17 11 2 11 90%  56 3965 346 31%
c u  8.37  8 13 0 70 125 1 390221 8240 1.5 17 11 2 11 90%  56 3965 346 31%
c v  8.40  8 13 0 70 125 1 390221 7740 1.5 17 11 2 11 90%  56 3965 346 31%
c
c seconds  switched   rate         size/glue  tier1    binary      remaining
c        MB  reductions conflicts        size   tier2    irredundant
c         level  restarts     redundant     glue    trail      variables
c
c w  8.44  8 13 0 70 125 1 390221 4588 1.5 17 11 2 11 90%  56 3965 346 31%
c -  8.54  8 13 0 71 126 1 395443 4518 1.5 17 11 2 11 89%  56 3965 346 31%
c B  8.62  8 13 0 71 126 1 399565 6022 1.5 17 11 2 11 89%  56 3965 346 31%
c -  8.70  8 13 0 72 126 1 403869 5229 1.5 17 11 2 11 89%  56 3965 346 31%
c -  8.84  8 13 0 73 126 1 412354 5869 1.5 17 11 2 11 89%  56 3965 346 31%
c -  9.01  8 13 0 74 126 1 420899 7323 1.5 17 11 2 11 89%  56 3965 346 31%
c -  9.15  8 13 0 75 126 1 429501 8467 1.5 17 11 2 11 89%  56 3965 346 31%
c -  9.32  8 13 0 76 126 1 438162 9179 1.5 17 11 2 11 89%  56 3965 346 31%
c -  9.51  8 13 0 77 126 1 446879 9015 1.5 17 11 2 11 89%  56 3965 346 31%
c u  9.68  8 13 0 77 126 1 454553 11530 1.5 17 11 2 11 89%  56 3965 346 31%
c v  9.71  8 13 0 77 126 1 454553 10731 1.5 17 11 2 11 89%  56 3965 346 31%
c w  9.73  8 13 0 77 126 1 454553 6396 1.5 17 11 2 11 89%  56 3965 346 31%
c x  9.73  8 13 0 77 126 1 454553 6396 1.5 17 11 2 11 89%  56 3962 346 31%
c o  9.87 10 13 0 77 126 1 454553 6396 1.5 17 11 2 11 89%  56 3962 346 31%
c -  9.90 10 13 0 78 126 1 455653 4431 1.5 17 11 2 11 89%  56 3962 346 31%
c W  9.94 10 13 0 78 126 1 457149 4619 1.5 17 11 2 11 89%  56 3962 346 31%
c - 10.09 10 13 0 79 129 1 464485 4749 1.5 17 11 2 11 90%  56 3962 346 31%
c e 10.18 10 13 0 79 132 1 469019 6943 1.5 17 11 2 11 89%  50 4038 341 31%
c s 10.18 10 13 0 79 132 1 469019 6943 1.5 17 11 2 11 89%  50 4001 341 31%
c - 10.27 10 13 0 80 134 1 473373 5186 1.5 17 11 2 11 89%  50 4001 341 31%
c
c seconds  switched   rate         size/glue  tier1    binary      remaining
c        MB  reductions conflicts        size   tier2    irredundant
c         level  restarts     redundant     glue    trail      variables
c
c - 10.44 10 13 0 81 140 1 482318 5824 1.5 17 11 2 11 89%  50 4001 341 31%
c - 10.61 10 13 0 82 141 1 491319 5785 1.4 16 11 2 11 89%  50 4001 341 31%
c - 10.76 10 13 0 83 147 1 500374 6498 1.4 16 11 2 11 89%  50 4001 341 31%
c - 10.93 10 13 0 84 151 1 509484 6124 1.4 16 11 2 10 89%  50 4001 341 31%
c - 11.11 10 13 0 85 156 1 518650 6335 1.4 16 11 2 10 89%  50 4001 341 31%
c I 11.13 10 13 0 85 156 1 519699 6664 1.4 16 11 2 10 89%  50 4001 341 31%
c u 11.20 10 13 0 85 156 1 524428 9115 1.4 16 11 2 10 90%  50 4001 341 31%
c v 11.23 10 13 0 85 156 1 524428 8450 1.4 16 11 2 10 90%  50 4001 341 31%
c w 11.29 10 13 0 85 156 1 524428 4967 1.4 16 11 2 10 90%  50 4001 341 31%
c - 11.35 10 13 0 86 157 1 527869 4805 1.4 16 11 2 10 90%  50 4001 341 31%
c - 11.51 10 13 0 87 157 1 537142 6484 1.4 16 11 2 10 90%  50 4001 341 31%
c - 11.66 10 13 0 88 160 1 546469 8065 1.4 16 11 2 10 90%  50 4001 341 31%
c - 11.84 10 13 0 89 165 1 555850 8664 1.4 16 11 2 10 89%  50 4001 341 31%
c - 12.03 10 13 0 90 171 1 565283 10344 1.5 16 11 2 10 89%  50 4001 341 31%
c - 12.18 10 13 0 91 172 1 574770 12400 1.5 16 11 2 10 88%  50 4001 341 31%
c - 12.34 10 13 0 92 179 1 584309 13695 1.5 17 11 2 10 87%  50 4001 341 31%
c B 12.39 10 13 0 92 179 1 587381 15247 1.5 17 11 2 10 87%  50 4001 341 31%
c o 12.39 10 13 0 92 179 1 587381 15247 1.5 17 11 2 10 87%  50 4001 341 31%
c - 12.55 10 13 0 93 184 1 593901 11982 1.5 16 11 2 10 88%  50 4001 341 31%
c u 12.69 10 13 0 93 186 1 599808 13080 1.5 16 11 2 10 88%  50 4001 341 31%
c
c seconds  switched   rate          size/glue  tier1    binary      remaining
c        MB  reductions conflicts         size   tier2    irredundant
c         level  restarts      redundant     glue    trail      variables
c
c v 12.75 10 13 0 93 186 1 599808 11622 1.5 16 11 2 10 88%  50 4001 341 31%
c w 12.77 10 13 0 93 186 1 599808 11181 1.5 16 11 2 10 88%  50 4001 341 31%
c - 12.84 10 13 0 94 187 1 603544 8197 1.5 16 11 2 10 88%  50 4001 341 31%
c - 13.00 10 13 0 95 188 1 613241 8165 1.5 16 11 2 10 88%  50 4001 341 31%
c - 13.18 10 13 0 96 188 1 622988 7974 1.5 16 11 2 10 89%  50 4001 341 31%
c - 13.36 10 12 0 97 189 1 632785 8113 1.4 16 11 2 10 89%  50 4001 341 31%
c s 13.48 10 12 0 97 189 1 640072 10554 1.4 16 11 2 10 90%  51 3998 341 31%
c s 13.48 10 12 0 97 189 1 640072 10554 1.4 16 11 2 10 90%  51 3997 341 31%
c - 13.53 10 12 0 98 189 1 642633 8096 1.4 15 11 2 10 90%  51 3997 341 31%
c - 13.73 10 12 0 99 189 1 652533 7591 1.4 15 11 2 10 90%  51 3997 341 31%
c W 13.87 10 12 0 99 192 1 660356 11892 1.5 16 11 2 10 90%  51 3997 341 31%
c - 13.92 10 12 0 100 193 1 662483 8908 1.5 16 11 2 10 90%  51 3997 341 31%
c - 14.14 10 12 0 101 198 1 672483 7987 1.4 16 11 2 10 91%  51 3997 341 31%
c u 14.29 10 12 0 101 203 1 680886 12116 1.5 16 11 2 10 90%  51 3997 341 31%
c v 14.33 10 12 0 101 203 1 680886 11280 1.5 16 11 2 10 90%  51 3997 341 31%
c w 14.35 10 12 0 101 203 1 680886 10782 1.5 16 11 2 10 90%  51 3997 341 31%
c x 14.36 10 12 0 101 203 1 680886 10782 1.5 16 11 2 10 90%  51 3979 341 31%
c - 14.39 10 12 0 102 203 1 682533 7682 1.5 16 11 2 10 90%  51 3979 341 31%
c - 14.58 10 12 0 103 206 1 692632 8493 1.5 16 11 2 10 91%  51 3979 341 31%
c - 14.78 10 12 0 104 211 1 702780 8398 1.4 15 11 2 10 91%  51 3979 341 31%
c
c seconds  switched    rate         size/glue  tier1    binary      remaining
c        MB  reductions  conflicts        size   tier2    irredundant
c         level   restarts     redundant     glue    trail      variables
c
c - 14.97 10 12 0 105 218 1 712979 8093 1.4 16 11 2 10 92%  51 3979 341 31%
c - 15.15 10 12 0 106 219 1 723225 8322 1.4 15 11 2 10 92%  51 3979 341 31%
c - 15.34 10 12 0 107 220 1 733520 8711 1.4 15 11 2 10 92%  51 3979 341 31%
c O 15.46 10 12 0 107 220 1 738785 9929 1.4 15 11 2 10 92%  51 3979 341 31%
c o 15.46 10 12 0 107 220 1 738785 9929 1.4 15 11 2 10 92%  51 3979 341 31%
c - 15.58 10 12 0 108 223 1 743864 7462 1.4 15 11 2 10 93%  51 3979 341 31%
c - 15.77 10 12 0 109 229 1 754257 7871 1.4 15 11 2 10 92%  51 3979 341 31%
c - 16.03 10 12 0 110 234 1 764699 9703 1.4 15 10 2 10 92%  51 3979 341 31%
c u 16.11 10 12 0 110 235 1 767801 10587 1.5 15 10 2 10 92%  51 3979 341 31%
c v 16.15 10 12 0 110 235 1 767801 9589 1.5 15 10 2 10 92%  51 3979 341 31%
c w 16.20 10 12 0 110 235 1 767801 5373 1.5 15 10 2 10 92%  51 3979 341 31%
c - 16.34 10 12 0 111 238 1 775187 5429 1.4 15 11 2 10 92%  51 3979 341 31%
c - 16.54 10 12 0 112 243 1 785723 6215 1.4 15 11 2 10 92%  51 3979 341 31%
c - 16.73 10 12 0 113 249 1 796306 6848 1.4 16 11 2 10 92%  51 3979 341 31%
c - 16.94 10 12 0 114 251 1 806936 7260 1.4 16 11 2 10 92%  51 3979 341 31%
c - 17.16 10 12 0 115 251 1 817614 7460 1.4 16 11 2 10 91%  51 3979 341 31%
c B 17.27 10 12 0 115 252 1 822822 9137 1.4 16 11 2 10 91%  51 3979 341 31%
c - 17.38 10 12 0 116 252 1 828338 7862 1.4 16 11 2 10 91%  51 3979 341 31%
c - 17.57 10 12 0 117 252 1 839108 8316 1.4 15 11 2 10 91%  51 3979 341 31%
c - 17.77 10 12 0 118 252 1 849924 7656 1.4 15 11 2 9 91%  51 3979 341 31%
c
c seconds  switched    rate          size/glue  tier1   binary      remaining
c        MB  reductions  conflicts         size   tier2   irredundant
c         level   restarts      redundant     glue   trail      variables
c
c u 17.97 10 12 0 118 253 1 860552 11386 1.4 15 10 2 9 91%  51 3979 341 31%
c v 18.01 10 12 0 118 253 1 860552 10026 1.4 15 10 2 9 91%  51 3979 341 31%
c w 18.04 10 12 0 118 253 1 860552 4731 1.4 15 10 2 9 91%  51 3979 341 31%
c = 18.24 12 12 0 118 253 1 860552 4731 1.4 15 10 2 9 91%  51 3955 340 31%
c u 18.25 12 12 0 118 253 1 860552 4631 1.4 15 10 2 9 91%  51 3955 340 31%
c v 18.27 12 12 0 118 253 1 860552 4045 1.4 15 10 2 9 91%  51 3955 340 31%
c w 18.29 12 12 0 118 253 1 860552 3762 1.4 15 10 2 9 91%  51 3955 340 31%
c o 18.29 12 12 0 118 253 1 860552 3762 1.4 15 10 2 9 91%  51 3955 340 31%
c - 18.30 10 12 0 119 253 1 860786 2956 1.4 15 10 2 9 91%  50 3955 340 31%
c - 18.51 10 12 0 120 253 1 871694 3925 1.4 15 10 2 9 92%  50 3955 340 31%
c - 18.71 11 12 0 121 253 1 882650 6131 1.4 15 10 2 9 91%  50 3955 340 31%
c - 18.88 11 12 0 122 253 1 893650 8669 1.4 15 10 2 9 90%  50 3955 340 31%
c - 19.10 12 12 0 123 253 1 904695 8703 1.4 15 10 2 9 90%  50 3955 340 31%
c W 19.25 12 12 0 123 253 1 912623 11939 1.4 15 10 2 9 90%  50 3955 340 31%
c - 19.31 12 12 0 124 253 1 915787 8223 1.4 15 10 2 9 90%  50 3955 340 31%
c - 19.53 12 12 0 125 254 1 926922 7364 1.4 15 10 2 9 91%  50 3955 340 31%
c - 19.74 12 12 0 126 254 1 938103 7395 1.4 15 11 2 9 91%  50 3955 340 31%
c - 19.94 12 12 0 127 254 1 949328 7788 1.4 15 11 2 9 91%  50 3955 340 31%
c u 20.14 12 12 0 127 254 1 959303 11642 1.4 15 11 2 9 91%  51 3955 340 31%
c v 20.19 12 12 0 127 254 1 959303 10511 1.4 15 11 2 9 91%  51 3955 340 31%
c
c seconds  switched    rate         size/glue  tier1   binary      remaining
c        MB  reductions  conflicts        size   tier2   irredundant
c         level   restarts     redundant     glue   trail      variables
c
c w 20.21 12 12 0 127 254 1 959303 7602 1.4 15 11 2 9 91%  51 3955 340 31%
c x 20.22 12 12 0 127 254 1 959303 7602 1.4 15 11 2 9 91%  51 3952 340 31%
c - 20.24 12 12 0 128 254 1 960599 5679 1.4 15 11 2 9 91%  51 3952 340 31%
c - 20.44 12 12 0 129 254 1 971912 6361 1.4 15 11 2 9 91%  51 3952 340 31%
c - 20.68 12 12 0 130 254 1 983270 6870 1.4 15 11 2 9 91%  51 3952 340 31%
c - 20.91 12 12 0 131 254 1 994672 8275 1.4 16 11 2 9 91%  51 3952 340 31%
c - 21.12 12 12 0 132 254 1 1006118 8938 1.4 15 11 2 9 92%  51 3952 340 31%
c I 21.15 12 12 0 132 254 1 1008337 9927 1.4 15 11 2 9 91%  51 3952 340 31%
c o 21.15 12 12 0 132 254 1 1008337 9927 1.4 15 11 2 9 91%  51 3952 340 31%
c - 21.31 12 12 0 133 254 1 1017608 9710 1.4 15 11 2 9 92%  51 3952 340 31%
c - 21.52 12 12 0 134 254 1 1029142 10319 1.4 15 10 2 9 92%  52 3952 340 31%
c - 21.75 12 12 0 135 254 1 1040717 9974 1.4 15 10 2 9 91%  52 3952 340 31%
c - 21.97 12 12 0 136 255 1 1052335 9755 1.4 15 10 2 9 91%  52 3952 340 31%
c - 22.21 12 12 0 137 261 1 1063997 9972 1.4 15 10 2 9 91%  52 3952 340 31%
c u 22.22 12 12 0 137 261 1 1064044 9677 1.4 15 10 2 9 91%  52 3952 340 31%
c v 22.26 12 12 0 137 261 1 1064044 8041 1.4 15 10 2 9 91%  52 3952 340 31%
c w 22.28 12 12 0 137 261 1 1064044 4788 1.4 15 10 2 9 91%  52 3952 340 31%
c - 22.70 13 12 0 138 268 1 1075702 7202 1.4 14 10 2 9 91%  52 3952 340 31%
c s 22.84 13 12 0 138 269 1 1083470 10140 1.4 14 10 2 9 91%  52 3949 340 31%
c e 22.84 13 12 0 138 269 1 1083470 10140 1.4 14 10 2 9 91%  52 3961 339 30%
c
c seconds  switched    rate           size/glue  tier1   binary      remaining
c        MB  reductions   conflicts         size   tier2   irredundant
c         level   restarts       redundant     glue   trail      variables
c
c s 22.84 13 12 0 138 269 1 1083470 10140 1.4 14 10 2 9 91%  52 3954 339 30%
c e 22.84 13 12 0 138 269 1 1083470 10140 1.4 14 10 2 9 91%  52 3970 338 30%
c - 22.92 13 11 0 139 272 1 1087450 9321 1.4 14 10 2 9 91%  52 3970 338 30%
c - 23.13 13 11 0 140 278 1 1099239 9737 1.4 14 10 2 9 91%  52 3970 338 30%
c B 23.31 13 11 0 140 284 1 1110114 14620 1.4 14 10 2 9 91%  52 3970 338 30%
c - 23.33 13 11 0 141 284 1 1111071 10885 1.4 14 10 2 9 91%  52 3970 338 30%
c - 23.53 13 11 0 142 285 1 1122945 11293 1.4 14 10 2 9 91%  52 3970 338 30%
c - 23.76 13 11 0 143 286 1 1134861 11464 1.4 14 10 2 9 91%  52 3970 338 30%
c - 24.00 13 11 0 144 293 1 1146819 11684 1.4 14 10 2 9 91%  53 3970 338 30%
c - 24.29 13 11 0 145 299 1 1158819 10260 1.4 14 10 2 9 91%  53 3970 338 30%
c - 24.54 13 12 0 146 303 1 1170860 8738 1.4 14 10 2 9 92%  53 3970 338 30%
c u 24.64 13 12 0 146 306 1 1174826 10058 1.4 14 10 2 9 92%  80 3970 338 30%
c v 24.68 13 12 0 146 306 1 1174826 8358 1.4 14 10 2 9 92%  60 3970 338 30%
c w 24.74 13 12 0 146 306 1 1174826 5949 1.4 14 10 2 9 92%  60 3970 338 30%
c o 24.74 13 12 0 146 306 1 1174826 5949 1.4 14 10 2 9 92%  60 3970 338 30%
c - 24.92 12 12 0 147 310 1 1182944 5180 1.4 14 10 2 9 92%  60 3970 338 30%
c - 25.14 13 12 0 148 315 1 1195068 6963 1.4 15 10 2 9 92%  60 3970 338 30%
c - 25.38 13 12 0 149 316 1 1207233 8268 1.4 15 10 2 9 92%  60 3970 338 30%
c W 25.61 13 12 0 149 317 1 1218100 12475 1.4 15 10 2 9 91%  60 3970 338 30%
c - 25.64 13 12 0 150 317 1 1219439 8925 1.4 15 10 2 9 91%  60 3970 338 30%
c
c seconds  switched    rate          size/glue  tier1   binary      remaining
c        MB  reductions   conflicts        size   tier2   irredundant
c         level   restarts      redundant     glue   trail      variables
c
c - 25.88 13 12 0 151 317 1 1231686 9323 1.5 15 10 2 9 91%  60 3970 338 30%
c - 26.12 13 12 0 152 317 1 1243974 9488 1.4 15 10 2 9 91%  60 3970 338 30%
c - 26.38 13 12 0 153 323 1 1256302 9109 1.4 15 10 2 9 91%  60 3970 338 30%
c - 26.64 13 11 0 154 330 1 1268671 10390 1.5 15 10 2 9 91%  60 3970 338 30%
c - 26.88 13 11 0 155 332 1 1281081 11456 1.5 14 10 2 9 91%  60 3970 338 30%
c u 27.09 13 11 0 155 339 1 1291601 16236 1.5 15 10 2 9 91%  60 3970 338 30%
c v 27.16 13 11 0 155 339 1 1291601 13903 1.5 15 10 2 9 91%  61 3970 338 30%
c w 27.24 13 11 0 155 339 1 1291601 7993 1.5 15 10 2 9 91%  61 3970 338 30%
c - 27.28 13 11 0 156 339 1 1293530 6947 1.5 14 10 2 9 91%  61 3970 338 30%
c - 27.50 13 11 0 157 346 1 1306019 8887 1.5 15 10 2 9 91%  61 3970 338 30%
c - 27.75 13 11 0 158 348 1 1318548 9824 1.5 15 10 2 9 91%  61 3970 338 30%
c - 28.00 13 11 0 159 348 1 1331117 11299 1.5 15 10 2 9 91%  61 3970 338 30%
c O 28.02 13 11 0 159 350 1 1332439 11992 1.5 15 10 2 9 91%  61 3970 338 30%
c o 28.02 13 11 0 159 350 1 1332439 11992 1.5 15 10 2 9 91%  61 3970 338 30%
c - 28.29 13 11 0 160 356 1 1343726 10403 1.5 15 10 2 9 91%  61 3970 338 30%
c - 28.56 13 11 0 161 363 1 1356376 9400 1.5 15 10 2 9 91%  61 3970 338 30%
c s 28.63 13 11 0 161 363 1 1359416 10880 1.5 15 10 2 9 91%  67 3911 338 30%
c e 28.63 13 11 0 161 363 1 1359416 10880 1.5 15 10 2 9 91%  65 3942 336 30%
c s 28.63 13 11 0 161 363 1 1359416 10880 1.5 15 10 2 9 91%  66 3893 336 30%
c e 28.63 13 11 0 161 363 1 1359416 10880 1.5 15 10 2 9 91%  65 3910 335 30%
c
c seconds  switched    rate           size/glue  tier1   binary      remaining
c        MB  reductions   conflicts         size   tier2   irredundant
c         level   restarts       redundant     glue   trail      variables
c
c - 28.86 13 11 0 162 367 1 1369064 10139 1.5 15 10 2 9 91%  65 3910 335 30%
c - 29.13 13 11 0 163 375 1 1381792 10327 1.5 15 10 2 9 91%  65 3910 335 30%
c - 29.39 13 11 0 164 378 1 1394559 9938 1.5 15 10 2 9 91%  65 3910 335 30%
c - 29.62 13 11 0 165 379 1 1407365 10988 1.5 14 10 2 9 89%  66 3910 335 30%
c u 29.76 13 11 0 165 380 1 1414544 13583 1.5 14 10 2 9 89%  77 3910 335 30%
c v 29.82 13 11 0 165 380 1 1414544 11528 1.5 14 10 2 9 89%  75 3910 335 30%
c w 29.87 13 11 0 165 380 1 1414544 6570 1.5 14 10 2 9 89%  75 3910 335 30%
c t 29.87 13 11 0 165 380 1 1414544 6570 1.5 14 10 2 9 89%  72 3910 335 30%
c - 29.98 13 11 0 166 380 1 1420212 6756 1.5 14 10 2 9 89%  72 3910 335 30%
c - 30.24 13 11 0 167 380 1 1433097 9623 1.5 14 10 2 9 89%  72 3910 335 30%
c - 30.53 13 11 0 168 380 1 1446020 10651 1.5 14 9 2 8 90%  73 3910 335 30%
c B 30.70 13 11 0 168 381 1 1453273 12524 1.5 14 9 2 8 90%  73 3910 335 30%
c - 30.82 13 11 0 169 381 1 1458982 11255 1.5 14 9 2 8 90%  74 3910 335 30%
c - 31.08 13 10 0 170 381 1 1471983 12801 1.5 14 9 2 8 89%  76 3910 335 30%
c i 31.10 13 10 0 170 381 1 1472974 12990 1.5 13 9 2 8 89%  86 3910 333 30%
c - 31.40 14 11 0 171 381 1 1485021 6202 1.5 14 9 2 8 89%  51 3910 333 30%
c - 31.69 14 11 0 172 381 1 1498098 10958 1.6 14 9 2 8 89%  51 3910 333 30%
c - 31.98 14 10 0 173 381 1 1511212 13027 1.6 15 9 2 8 89%  51 3910 333 30%
c - 32.31 14 10 0 174 389 1 1524364 12705 1.7 15 9 2 8 89%  51 3910 333 30%
c - 32.62 14 10 0 175 396 1 1537554 11847 1.6 15 9 2 8 89%  52 3910 333 30%
c
c seconds  switched    rate           size/glue tier1   binary      remaining
c        MB  reductions   conflicts         size  tier2   irredundant
c         level   restarts       redundant    glue   trail      variables
c
c u 32.79 14 10 0 175 396 1 1543950 13764 1.6 15 9 2 8 89% 134 3512 333 30%
c v 32.83 14 10 0 175 396 1 1543950 9768 1.6 15 9 2 8 89% 106 3512 333 30%
c w 32.86 14 10 0 175 396 1 1543950 5044 1.6 15 9 2 8 89% 106 3512 333 30%
c x 32.86 14 10 0 175 396 1 1543950 5029 1.6 15 9 2 8 89% 117 3313 333 30%
c = 33.22 18 10 0 175 396 1 1543950 5029 1.6 15 9 2 8 89% 119 3313 332 30%
c d 33.22 18 10 0 175 396 1 1543950 5029 1.6 15 9 2 8 89% 115 3313 332 30%
c t 33.22 18 10 0 175 396 1 1543950 5029 1.6 15 9 2 8 89% 108 3313 332 30%
c u 33.23 18 10 0 175 396 1 1543950 4682 1.6 15 9 2 8 89% 108 3313 332 30%
c v 33.25 18 10 0 175 396 1 1543950 3728 1.6 15 9 2 8 89% 108 3313 332 30%
c w 33.26 18 10 0 175 396 1 1543950 3551 1.6 15 9 2 8 89% 108 3313 332 30%
c o 33.26 18 10 0 175 396 1 1543950 3551 1.6 15 9 2 8 89% 108 3313 332 30%
c - 33.41 17 10 0 176 402 1 1550783 4038 1.6 14 9 2 8 90% 108 3313 332 30%
c - 33.66 17 10 0 177 409 1 1564050 7338 1.6 14 9 2 8 90% 108 3313 332 30%
c - 33.90 18 10 0 178 412 1 1577354 10695 1.6 14 9 2 8 89% 108 3313 332 30%
c W 33.99 18 10 0 178 412 1 1580741 12415 1.6 14 9 2 8 90% 108 3313 332 30%
c - 34.19 18 10 0 179 412 1 1590695 12003 1.6 14 9 2 8 90% 109 3313 332 30%
c - 34.46 18 10 0 180 419 1 1604075 12057 1.6 14 9 2 8 90% 109 3313 332 30%
c - 34.71 18 10 0 181 426 1 1617491 12070 1.6 14 9 2 8 91% 110 3313 332 30%
c - 35.02 18 10 0 182 431 1 1630944 11260 1.6 14 9 1 8 90% 110 3313 332 30%
c - 35.33 18 10 0 183 439 1 1644435 10942 1.6 14 8 1 8 90% 112 3313 332 30%
c
c seconds  switched    rate           size/glue tier1   binary      remaining
c        MB  reductions   conflicts         size  tier2   irredundant
c         level   restarts       redundant    glue   trail      variables
c
c i 35.45 18 10 0 183 441 1 1650826 13344 1.6 13 8 1 8 91% 126 3313 328 29%
c - 35.60 17 10 0 184 442 1 1657962 5278 1.6 13 8 1 8 90%  99 3313 328 29%
c - 35.84 17 10 0 185 443 1 1671528 9155 1.6 13 8 1 8 90% 100 3313 328 29%
c s 35.89 17 10 0 185 443 1 1674198 10342 1.6 13 8 1 8 90% 110 2975 328 29%
c e 35.89 17 10 0 185 443 1 1674198 10342 1.6 13 8 1 8 90%  54 3372 285 26%
c 2 35.89 17 10 0 185 443 1 1674198 10342 1.6 13 8 1 8 90%  53 3372 285 26%
c s 35.89 17 10 0 185 443 1 1674198 10342 1.6 13 8 1 8 90%  59 3121 285 26%
c e 35.89 17 10 0 185 443 1 1674198 10342 1.6 13 8 1 8 90%  59 3147 283 25%
c u 36.06 18 10 0 185 444 1 1683046 10631 1.6 13 8 1 8 91%  80 3129 283 25%
c v 36.09 18 10 0 185 444 1 1683046 8389 1.6 13 8 1 8 91%  85 3129 283 25%
c w 36.13 18 10 0 185 444 1 1683046 4146 1.6 13 8 1 8 91%  85 3129 283 25%
c = 36.48 18 10 0 185 444 1 1683046 4146 1.6 13 8 1 8 91%  87 3127 282 25%
c d 36.48 18 10 0 185 444 1 1683046 4146 1.6 13 8 1 8 91%  83 3127 282 25%
c t 36.48 18 10 0 185 444 1 1683046 4146 1.6 13 8 1 8 91%  78 3127 282 25%
c u 36.49 18 10 0 185 444 1 1683046 3977 1.6 13 8 1 8 91%  79 3127 282 25%
c v 36.51 18 10 0 185 444 1 1683046 3383 1.6 13 8 1 8 91%  79 3127 282 25%
c w 36.53 18 10 0 185 444 1 1683046 3037 1.6 13 8 1 8 91%  79 3127 282 25%
c x 36.54 18 10 0 185 444 1 1683046 3035 1.6 13 8 1 8 91% 100 2868 282 25%
c = 36.88 18 10 0 185 444 1 1683046 3035 1.6 13 8 1 8 91% 104 2858 280 25%
c d 36.88 18 10 0 185 444 1 1683046 3035 1.6 13 8 1 8 91%  99 2858 280 25%
c
c seconds  switched    rate          size/glue tier1   binary      remaining
c        MB  reductions   conflicts        size  tier2   irredundant
c         level   restarts      redundant    glue   trail      variables
c
c t 36.88 18 10 0 185 444 1 1683046 3035 1.6 13 8 1 8 91%  86 2858 280 25%
c - 36.91 17 10 0 186 444 1 1685131 3172 1.6 13 8 1 8 91%  86 2858 280 25%
c - 37.11 17 10 0 187 444 1 1698769 6957 1.6 13 8 1 8 91%  87 2858 280 25%
c i 37.31 17 9 0 187 447 1 1711557 10827 1.6 13 8 1 8 91% 103 2858 279 25%
c o 37.31 17 9 0 187 447 1 1711557 10827 1.6 13 8 1 8 91% 103 2858 279 25%
c - 37.33 17 9 0 188 447 1 1712444 4343 1.6 13 8 1 8 91%  91 2858 279 25%
c i 37.36 17 9 0 188 449 1 1713902 4713 1.6 13 8 1 8 91% 101 2858 271 24%
c i 37.37 17 9 0 188 449 1 1714528 4849 1.6 13 8 1 8 91% 109 2858 270 24%
c I 37.38 17 9 0 188 450 1 1714983 4927 1.6 13 8 1 8 91% 111 2858 270 24%
c i 37.39 17 9 0 188 450 1 1715273 4970 1.6 12 8 1 8 91% 119 2858 262 24%
c i 37.39 17 9 0 188 450 1 1715332 4981 1.6 12 8 1 8 91% 124 2858 257 23%
c i 37.39 17 9 0 188 450 1 1715345 4981 1.6 12 8 1 8 91% 128 2858 252 23%
c i 37.39 17 9 0 188 450 1 1715356 4981 1.6 12 8 1 8 91% 132 2858 246 22%
c i 37.39 17 9 0 188 450 1 1715363 4982 1.6 12 8 1 8 91% 135 2858 224 20%
c ] 37.39 17 9 0 188 450 1 1715366 4982 1.6 12 8 1 8 91% 136 2858  0 0%
c 0 37.39 17 0 0 188 450 0 1715366 4982 0.0 0 0 2 6 0% 136 2858  0 0%
c
c ---- [ result ] ------------------------------------------------------------
c
s UNSATISFIABLE
c
c ---- [ profiling ] ---------------------------------------------------------
c
c          33.24   88.90 %  search
c          33.24   88.90 %  stable
c           4.13   11.05 %  simplify
c           4.06   10.86 %  probe
c           2.04    5.44 %  sweep
c           1.95    5.21 %  vivify
c           0.20    0.53 %  reduce
c           0.05    0.12 %  eliminate
c           0.04    0.12 %  walking
c           0.04    0.10 %  substitute
c           0.03    0.07 %  factor
c           0.02    0.05 %  preprocess
c           0.01    0.02 %  subsume
c           0.01    0.02 %  congruence
c           0.00    0.01 %  transitive
c           0.00    0.00 %  backbone
c           0.00    0.00 %  parse
c           0.00    0.00 %  lucky
c =============================================
c          37.39  100.00 %  total
c
c ---- [ statistics ] --------------------------------------------------------
c
c conflicts:                          1715366            45872.26 per second
c congruent:                               43                4 %  variables
c decisions:                          1765400                1.03 per conflict
c eliminated:                             815               73 %  variables
c factored:                                67                6 %  variables
c iterations:                              11                1 %  variables
c propagations:                     242431345          6483091    per second
c reductions:                             188             9124    interval
c reordered:                               17           100904    interval
c rephased:                                33            51981    interval
c restarts:                               450             3812    interval
c strengthened:                          1347                0 %  checks
c substituted:                             73                7 %  variables
c subsumed:                               937                0 %  checks
c switched:                                 0                0    interval
c vivified:                            154381               58 %  checks
c walks:                                   11           155942    interval
c
c ---- [ glue usage ] --------------------------------------------------------
c
c stable glue 1   used 8681409 clauses 50.67% accumulated 50.67% tier1
c stable glue 2   used 3307157 clauses 19.30% accumulated 69.98%
c stable glue 3-6 used 3051925 clauses 17.81% accumulated 87.79%
c stable glue 7   used  289620 clauses  1.69% accumulated 89.48%
c stable glue 8   used  293749 clauses  1.71% accumulated 91.20% tier2
c
c ---- [ resources ] ---------------------------------------------------------
c
c maximum-resident-set-size:        386359296 bytes        368 MB
c process-time:                            37s              37.39 seconds
c
c ---- [ shutting down ] -----------------------------------------------------
c
c exit 20
