c ---- [ banner ] ------------------------------------------------------------
c
c Kissat SAT Solver
c 
c Copyright (c) 2021-2024 Armin Biere University of Freiburg
c Copyright (c) 2019-2021 Armin Biere Johannes Kepler University Linz
c 
c Version 4.0.4 8af8e56f174b778aef3aa45af9f739b2a5f492c2
c gcc (GCC) 15.2.1 20260123 (Red Hat 15.2.1-7) -W -Wall -O3 -DNDEBUG
c Thu Apr 23 06:47:51 PM IST 2026 Linux krishnendu-LN 6.19.12-200.fc43.x86_64 x86_64
c
c ---- [ parsing ] -----------------------------------------------------------
c
c opened and reading DIMACS file:
c
c   /home/krishnendu/Research/fv-invariant-mining/data/circuits/cnf/miter_mult_11bit.cnf
c
c parsed 'p cnf 1368 5184' header
c closing input after reading 82324 bytes (80 KB)
c finished parsing after 0.00 seconds
c
c ---- [ options ] -----------------------------------------------------------
c
c --decay=1                        (different from default '50')
c --eliminateeffort=1100           (different from default '100')
c --stable=2                       (different from default '1')
c
c ---- [ solving ] -----------------------------------------------------------
c
c seconds switched rate     size/glue tier1  binary       remaining
c        MB reductions conflicts size  tier2   irredundant
c         level restarts redundant glue  trail       variables
c
c *  0.00  3 0 0 0  0 0   0   0 0.0 0 0 0 0 0% 1797 3385 1365 100%
c (  0.00  3 0 0 0  0 0   0   0 0.0 0 0 0 0 0% 1797 3385 1365 100%
c .  0.00  3 0 0 0  0 0   0   0 0.0 0 0 0 0 0% 1793 3385 1365 100%
c c  0.00  4 0 0 0  0 0   0   0 0.0 0 0 0 0 0% 1876 3383 1312 96%
c d  0.00  4 0 0 0  0 0   0   0 0.0 0 0 0 0 0% 1688 3383 1312 96%
c =  0.02  4 0 0 0  0 0   0   0 0.0 0 0 0 0 0% 1698 3373 1306 96%
c d  0.02  4 0 0 0  0 0   0   0 0.0 0 0 0 0 0% 1684 3373 1306 96%
c f  0.02  4 0 0 0  0 0   0   0 0.0 0 0 0 0 0% 1653 3352 1334 98%
c )  0.02  4 0 0 0  0 0   0   0 0.0 0 0 0 0 0% 1653 3352 1334 98%
c [  0.02  4 0 0 0  0 0   0   0 0.0 0 0 2 6 0% 1653 3352 1334 98%
c -  0.05  4 20 0 1  0 1 1000 866 4.0 37 9 4 12 82% 1657 3352 1334 98%
c B  0.05  4 20 0 1  0 1 1001 867 4.0 37 9 4 12 82% 1657 3352 1334 98%
c -  0.08  5 18 0 2  1 1 2001 1538 3.6 39 11 4 13 88% 1657 3352 1334 98%
c W  0.08  4 18 0 2  1 1 2003 1540 3.6 39 11 4 13 88% 1657 3352 1334 98%
c u  0.12  5 18 0 2  2 1 3262 2429 3.0 36 12 4 13 90% 1659 3352 1334 98%
c v  0.12  5 18 0 2  2 1 3262 2359 3.0 36 12 4 13 90% 1659 3352 1334 98%
c w  0.13  6 18 0 2  2 1 3262 2303 3.0 36 12 4 13 90% 1659 3352 1334 98%
c x  0.13  6 18 0 2  2 1 3262 2303 3.0 36 12 4 13 90% 1674 3309 1334 98%
c =  0.15  6 18 0 2  2 1 3262 2303 3.0 36 12 4 13 90% 1698 3304 1322 97%
c d  0.15  6 18 0 2  2 1 3262 2303 3.0 36 12 4 13 90% 1662 3304 1322 97%
c
c seconds  switched rate       size/glue  tier1     binary       remaining
c        MB reductions conflicts     size   tier2     irredundant
c         level restarts  redundant     glue    trail       variables
c
c t  0.15  6 18 0 2  2 1 3262 2303 3.0 36 12 4 13 90% 1654 3304 1322 97%
c f  0.15  6 18 0 2  2 1 3262 2303 3.0 36 12 4 13 90% 1652 3304 1324 97%
c u  0.15  6 18 0 2  2 1 3262 2300 3.0 36 12 4 13 90% 1653 3304 1324 97%
c v  0.15  6 18 0 2  2 1 3262 2263 3.0 36 12 4 13 90% 1653 3304 1324 97%
c w  0.16  6 18 0 2  2 1 3262 2093 3.0 36 12 4 13 90% 1653 3304 1324 97%
c x  0.16  6 18 0 2  2 1 3262 2093 3.0 36 12 4 13 90% 1653 3302 1324 97%
c =  0.18  6 18 0 2  2 1 3262 2093 3.0 36 12 4 13 90% 1677 3302 1312 96%
c d  0.18  6 18 0 2  2 1 3262 2093 3.0 36 12 4 13 90% 1641 3302 1312 96%
c t  0.18  6 18 0 2  2 1 3262 2093 3.0 36 12 4 13 90% 1640 3302 1312 96%
c -  0.18  6 18 0 3  2 1 3415 1782 3.0 35 12 4 14 89% 1640 3302 1312 96%
c I  0.21  6 17 0 3  3 1 4262 2413 2.8 34 12 4 14 90% 1640 3302 1312 96%
c -  0.23  6 18 0 4  3 1 5147 2397 2.8 34 12 4 14 91% 1640 3302 1312 96%
c -  0.27  5 18 0 5  5 1 7147 3288 2.6 32 12 5 14 91% 1640 3302 1312 96%
c B  0.28  5 17 0 5  5 1 8034 4091 2.6 31 12 5 14 91% 1643 3302 1312 96%
c -  0.31  6 17 0 6  6 1 9386 4100 2.5 30 12 5 14 91% 1644 3302 1312 96%
c u  0.33  5 18 0 6  6 1 10057 4628 2.4 30 12 5 14 90% 1651 3302 1312 96%
c v  0.33  5 18 0 6  6 1 10057 4456 2.4 30 12 5 14 90% 1651 3302 1312 96%
c w  0.34  6 18 0 6  6 1 10057 4450 2.4 30 12 5 14 90% 1651 3302 1312 96%
c t  0.36  6 18 0 6  6 1 10057 4450 2.4 30 12 5 14 90% 1650 3302 1312 96%
c o  0.36  6 18 0 6  6 1 10057 4450 2.4 30 12 5 14 90% 1650 3302 1312 96%
c
c seconds  switched rate        size/glue  tier1     binary       remaining
c        MB reductions conflicts      size   tier2     irredundant
c         level restarts   redundant     glue    trail       variables
c
c -  0.42  6 17 0 7  6 1 11836 3843 2.3 29 13 4 14 92% 1650 3302 1312 96%
c W  0.47  6 17 0 7  8 1 13564 4861 2.3 29 13 4 14 93% 1650 3302 1312 96%
c -  0.49  6 17 0 8  9 1 14481 3504 2.2 29 13 4 14 93% 1650 3302 1312 96%
c s  0.56  6 17 0 8  9 1 16300 3953 2.1 27 13 4 14 94% 1653 3295 1312 96%
c e  0.56  6 17 0 8  9 1 16300 3953 2.1 27 13 4 14 94% 441 4012 807 59%
c s  0.56  6 17 0 8  9 1 16300 3953 2.1 27 13 4 14 94% 449 3914 807 59%
c e  0.56  6 17 0 8  9 1 16300 3953 2.1 27 13 4 14 94% 417 3942 790 58%
c ^  0.56  6 17 0 8  9 1 16300 3953 2.1 27 13 4 14 94% 417 3942 790 58%
c -  0.60  5 17 0 9 10 1 17310 1313 2.0 27 13 4 14 94% 417 3942 790 58%
c -  0.71  5 17 0 10 12 1 20311 2223 2.0 26 13 4 14 94% 417 3942 790 58%
c u  0.72  5 17 0 10 12 1 20606 2423 2.0 26 13 4 14 94% 417 3942 790 58%
c v  0.72  5 17 0 10 12 1 20606 2365 2.0 26 13 4 14 94% 417 3942 790 58%
c w  0.74  5 17 0 10 12 1 20606 1625 2.0 26 13 4 14 94% 417 3942 790 58%
c x  0.74  5 17 0 10 12 1 20606 1625 2.0 26 13 4 14 94% 423 3791 790 58%
c t  0.74  5 17 0 10 12 1 20606 1625 2.0 26 13 4 14 94% 419 3791 790 58%
c f  0.74  5 17 0 10 12 1 20606 1625 2.0 26 13 4 14 94% 476 3664 820 60%
c u  0.74  5 17 0 10 12 1 20606 1619 2.0 26 13 4 14 94% 476 3664 820 60%
c v  0.74  5 17 0 10 12 1 20606 1598 2.0 26 13 4 14 94% 476 3664 820 60%
c w  0.76  5 17 0 10 12 1 20606 1321 2.0 26 13 4 14 94% 476 3664 820 60%
c x  0.76  5 17 0 10 12 1 20606 1321 2.0 26 13 4 14 94% 476 3662 820 60%
c
c seconds  switched  rate        size/glue  tier1    binary      remaining
c        MB  reductions conflicts      size   tier2    irredundant
c         level  restarts   redundant     glue    trail      variables
c
c o  0.77  5 17 0 10 12 1 20606 1321 2.0 26 13 4 14 94% 476 3662 820 60%
c O  0.79  5 17 0 10 13 1 21093 1379 2.0 26 13 4 14 94% 476 3662 820 60%
c -  0.86  5 17 0 11 13 1 23473 1291 1.9 25 13 4 14 95% 476 3662 820 60%
c -  0.96  5 16 0 12 14 1 26789 1012 1.8 24 14 3 15 96% 476 3662 820 60%
c -  1.06  5 16 0 13 14 1 30254 1363 1.7 23 14 3 14 96% 476 3662 820 60%
c B  1.07  5 16 0 13 14 1 30855 1811 1.7 23 13 3 14 96% 476 3662 820 60%
c e  1.13  5 16 0 13 15 1 32960 3431 1.7 23 13 3 14 95% 377 3846 718 53%
c s  1.13  5 16 0 13 15 1 32960 3431 1.7 23 13 3 14 95% 379 3815 718 53%
c e  1.13  5 16 0 13 15 1 32960 3431 1.7 23 13 3 14 95% 374 3820 715 52%
c ^  1.13  5 16 0 13 15 1 32960 3431 1.7 23 13 3 14 95% 374 3820 715 52%
c -  1.15  5 16 0 14 15 1 33859 1851 1.8 23 13 3 14 95% 374 3820 715 52%
c u  1.19  5 16 0 14 17 1 35559 3288 1.8 24 13 3 14 94% 374 3820 715 52%
c v  1.20  5 16 0 14 17 1 35559 3138 1.8 24 13 3 14 94% 374 3820 715 52%
c w  1.23  5 16 0 14 17 1 35559 2391 1.8 24 13 3 14 94% 374 3820 715 52%
c f  1.23  5 16 0 14 17 1 35559 2391 1.8 24 13 3 14 94% 380 3805 718 53%
c u  1.23  5 16 0 14 17 1 35559 2372 1.8 24 13 3 14 94% 380 3805 718 53%
c v  1.23  5 16 0 14 17 1 35559 2283 1.8 24 13 3 14 94% 380 3805 718 53%
c w  1.25  5 16 0 14 17 1 35559 2090 1.8 24 13 3 14 94% 380 3805 718 53%
c x  1.26  5 16 0 14 17 1 35559 2089 1.8 24 13 3 14 94% 385 3768 718 53%
c -  1.31  6 17 0 15 18 1 37600 3161 1.8 24 13 3 14 94% 385 3768 718 53%
c
c seconds  switched  rate        size/glue  tier1    binary      remaining
c        MB  reductions conflicts      size   tier2    irredundant
c         level  restarts   redundant     glue    trail      variables
c
c -  1.40  7 17 0 16 21 1 41474 5600 1.9 25 13 3 14 93% 385 3768 718 53%
c W  1.44  6 17 0 16 21 1 43078 6960 1.9 25 13 3 14 93% 385 3768 718 53%
c o  1.44  6 17 0 16 21 1 43078 6960 1.9 25 13 3 14 93% 385 3768 718 53%
c -  1.53  6 17 0 17 22 1 45475 5799 1.9 25 13 3 14 93% 385 3768 718 53%
c -  1.67  6 17 0 18 25 1 49598 3987 1.8 24 13 3 14 94% 385 3768 718 53%
c -  1.81  6 16 0 19 28 1 53841 3427 1.8 23 13 2 14 94% 385 3768 718 53%
c u  1.83  6 16 0 19 28 1 54800 3877 1.8 23 13 2 14 94% 385 3768 718 53%
c v  1.85  7 16 0 19 28 1 54800 3608 1.8 23 13 2 14 94% 385 3768 718 53%
c w  1.86  7 16 0 19 28 1 54800 2662 1.8 23 13 2 14 94% 385 3768 718 53%
c x  1.87  7 16 0 19 28 1 54800 2662 1.8 23 13 2 14 94% 385 3763 718 53%
c =  1.94  7 16 0 19 28 1 54800 2662 1.8 23 13 2 14 94% 389 3757 716 52%
c d  1.94  7 16 0 19 28 1 54800 2660 1.8 23 13 2 14 94% 384 3757 716 52%
c u  1.94  7 16 0 19 28 1 54800 2633 1.8 23 13 2 14 94% 384 3757 716 52%
c v  1.95  7 16 0 19 28 1 54800 2477 1.8 23 13 2 14 94% 384 3757 716 52%
c w  1.98  7 16 0 19 28 1 54800 2179 1.8 23 13 2 14 94% 384 3757 716 52%
c I  2.06  7 16 0 19 29 1 57982 4262 1.8 24 13 2 14 94% 384 3757 716 52%
c -  2.07  7 16 0 20 29 1 58200 3697 1.8 24 13 2 14 94% 384 3757 716 52%
c -  2.14  7 16 0 21 29 1 62673 5428 1.8 24 13 2 14 94% 384 3757 716 52%
c -  2.22  7 16 0 22 30 1 67255 6183 1.8 24 13 3 14 94% 384 3757 716 52%
c e  2.27  7 16 0 22 30 1 69300 7611 1.8 24 13 3 14 93% 285 3965 658 48%
c
c seconds  switched  rate        size/glue  tier1    binary      remaining
c        MB  reductions conflicts      size   tier2    irredundant
c         level  restarts   redundant     glue    trail      variables
c
c s  2.27  7 16 0 22 30 1 69300 7611 1.8 24 13 3 14 93% 285 3952 658 48%
c e  2.27  7 16 0 22 30 1 69300 7611 1.8 24 13 3 14 93% 284 3957 656 48%
c ^  2.27  7 16 0 22 30 1 69300 7611 1.8 24 13 3 14 93% 284 3957 656 48%
c -  2.32  7 16 0 23 30 1 71947 5085 1.8 24 13 3 14 93% 284 3957 656 48%
c B  2.39  7 16 0 23 30 1 75785 7192 1.8 24 13 3 14 93% 284 3957 656 48%
c o  2.39  7 16 0 23 30 1 75785 7192 1.8 24 13 3 14 93% 284 3957 656 48%
c -  2.42  7 16 0 24 30 1 76742 5796 1.8 24 13 3 14 93% 284 3957 656 48%
c u  2.48  6 16 0 24 30 1 78484 5825 1.8 24 13 3 14 94% 284 3957 656 48%
c v  2.49  6 16 0 24 30 1 78484 5586 1.8 24 13 3 14 94% 284 3957 656 48%
c w  2.50  8 16 0 24 30 1 78484 4557 1.8 24 13 3 14 94% 284 3957 656 48%
c x  2.51  7 16 0 24 30 1 78484 4556 1.8 24 13 3 14 94% 286 3913 656 48%
c f  2.57  7 16 0 24 30 1 78484 4556 1.8 24 13 3 14 94% 288 3906 657 48%
c u  2.57  7 16 0 24 30 1 78484 4545 1.8 24 13 3 14 94% 288 3906 657 48%
c v  2.57  7 16 0 24 30 1 78484 4454 1.8 24 13 3 14 94% 288 3906 657 48%
c w  2.59  7 16 0 24 30 1 78484 4427 1.8 24 13 3 14 94% 288 3906 657 48%
c x  2.59  7 16 0 24 30 1 78484 4427 1.8 24 13 3 14 94% 288 3900 657 48%
c -  2.69  7 16 0 25 30 1 81640 3544 1.7 23 13 3 14 94% 288 3900 657 48%
c -  2.81  7 16 0 26 34 1 86640 3756 1.7 23 13 3 14 94% 288 3900 657 48%
c -  2.94  7 16 0 27 37 1 91742 4673 1.7 23 13 3 13 94% 288 3900 657 48%
c W  3.06  6 16 0 27 40 1 96697 7385 1.8 23 13 3 13 94% 288 3900 657 48%
c
c seconds  switched  rate        size/glue  tier1    binary      remaining
c        MB  reductions conflicts      size   tier2    irredundant
c         level  restarts   redundant     glue    trail      variables
c
c -  3.07  6 16 0 28 40 1 96938 6112 1.8 23 13 3 13 94% 288 3900 657 48%
c -  3.22  7 16 0 29 43 1 102229 7718 1.8 23 13 3 13 94% 288 3900 657 48%
c u  3.35  8 16 0 29 44 1 106719 9705 1.8 23 13 3 13 94% 288 3900 657 48%
c v  3.37  8 16 0 29 44 1 106719 9326 1.8 23 13 3 13 94% 288 3900 657 48%
c w  3.40  9 16 0 29 44 1 106719 7108 1.8 23 13 3 13 94% 288 3900 657 48%
c -  3.42  7 16 0 30 45 1 107614 5680 1.8 23 13 3 13 93% 288 3900 657 48%
c -  3.56  8 16 0 31 45 1 113091 5993 1.8 23 13 3 13 93% 288 3900 657 48%
c -  3.72  8 16 0 32 48 1 118658 6276 1.8 23 13 3 13 92% 288 3900 657 48%
c O  3.79  8 16 0 32 50 1 120923 7549 1.8 23 13 3 13 92% 288 3900 657 48%
c o  3.79  8 16 0 32 50 1 120923 7549 1.8 23 13 3 13 92% 288 3900 657 48%
c -  3.91  7 16 0 33 52 1 124314 5522 1.7 23 13 3 13 92% 288 3900 657 48%
c e  4.02  7 16 0 33 53 1 127729 5747 1.7 23 13 3 13 93% 186 4229 589 43%
c s  4.02  7 16 0 33 53 1 127729 5747 1.7 23 13 3 13 93% 188 4155 589 43%
c e  4.02  7 16 0 33 53 1 127729 5747 1.7 23 13 3 13 93% 187 4154 587 43%
c ^  4.02  7 16 0 33 53 1 127729 5747 1.7 23 13 3 13 93% 187 4154 587 43%
c -  4.08  6 16 0 34 55 1 130059 3074 1.7 23 13 3 13 93% 187 4154 587 43%
c -  4.20  7 16 0 35 59 1 135890 5458 1.7 23 13 3 13 93% 187 4154 587 43%
c u  4.29  7 16 0 35 59 1 139715 7723 1.7 23 13 3 13 92% 190 4154 587 43%
c v  4.30  7 16 0 35 59 1 139715 7262 1.7 23 13 3 13 92% 190 4154 587 43%
c w  4.34  8 16 0 35 59 1 139715 5812 1.7 23 13 3 13 92% 190 4154 587 43%
c
c seconds  switched  rate         size/glue  tier1    binary      remaining
c        MB  reductions conflicts       size   tier2    irredundant
c         level  restarts    redundant     glue    trail      variables
c
c x  4.34  8 16 0 35 59 1 139715 5812 1.7 23 13 3 13 92% 190 4098 587 43%
c t  4.46  8 16 0 35 59 1 139715 5812 1.7 23 13 3 13 92% 187 4098 587 43%
c -  4.51  7 16 0 36 60 1 141807 5617 1.7 23 13 3 13 92% 187 4098 587 43%
c -  4.65  7 16 0 37 60 1 147807 6093 1.7 22 13 3 13 92% 187 4098 587 43%
c B  4.67  7 16 0 37 61 1 148663 6693 1.7 22 13 3 13 91% 187 4098 587 43%
c -  4.79  8 16 0 38 61 1 153889 7579 1.7 23 13 3 13 91% 187 4098 587 43%
c -  4.95  7 16 0 39 61 1 160055 8766 1.8 23 13 3 13 91% 187 4098 587 43%
c -  5.14  8 16 0 40 62 1 166300 9566 1.8 23 13 3 13 91% 187 4098 587 43%
c -  5.33  8 16 0 41 62 1 172625 8975 1.8 23 13 3 12 91% 187 4098 587 43%
c u  5.48  8 16 0 41 62 1 177436 11400 1.8 23 13 3 12 91% 187 4098 587 43%
c v  5.51  8 16 0 41 62 1 177436 10960 1.8 23 13 3 12 91% 187 4098 587 43%
c w  5.53  9 16 0 41 62 1 177436 9133 1.8 23 13 3 12 91% 187 4098 587 43%
c x  5.53  9 16 0 41 62 1 177436 9132 1.8 23 13 3 12 91% 187 4094 587 43%
c o  5.53  9 16 0 41 62 1 177436 9132 1.8 23 13 3 12 91% 187 4094 587 43%
c -  5.59  8 16 0 42 62 1 179028 6373 1.8 23 13 3 12 91% 187 4094 587 43%
c W  5.63  7 16 0 42 62 1 180113 6466 1.8 23 13 3 12 92% 187 4094 587 43%
c -  5.79  7 15 0 43 62 1 185508 4844 1.7 22 13 3 12 92% 187 4094 587 43%
c -  5.96  7 15 0 44 62 1 192066 5643 1.7 22 13 3 12 92% 187 4094 587 43%
c -  6.13  8 15 0 45 64 1 198700 7734 1.8 23 13 2 12 92% 187 4094 587 43%
c -  6.33  8 15 0 46 68 1 205409 8676 1.8 23 13 2 12 92% 187 4094 587 43%
c
c seconds  switched  rate          size/glue  tier1    binary      remaining
c        MB  reductions conflicts        size   tier2    irredundant
c         level  restarts     redundant     glue    trail      variables
c
c e  6.46  8 15 0 46 70 1 210446 12202 1.8 23 13 2 12 92% 125 4643 510 37%
c s  6.46  8 15 0 46 70 1 210446 12202 1.8 23 13 2 12 92% 127 4466 510 37%
c e  6.46  8 15 0 46 70 1 210446 12202 1.8 23 13 2 12 92% 119 4529 502 37%
c ^  6.46  8 15 0 46 70 1 210446 12202 1.8 23 13 2 12 92% 119 4529 502 37%
c -  6.50  6 15 0 47 72 1 212191 4279 1.8 23 13 2 12 92% 119 4529 502 37%
c I  6.57  7 15 0 47 74 1 215465 6687 1.8 23 13 2 12 92% 119 4529 502 37%
c -  6.61  7 16 0 48 76 1 219048 5248 1.8 23 13 2 12 92% 119 4529 502 37%
c u  6.63  6 16 0 48 76 1 220142 5938 1.8 23 13 2 12 92% 121 4529 502 37%
c v  6.65  6 16 0 48 76 1 220142 5546 1.8 23 13 2 12 92% 121 4529 502 37%
c w  6.71  8 16 0 48 76 1 220142 4361 1.8 23 13 2 12 92% 121 4529 502 37%
c -  6.80  7 16 0 49 77 1 225977 4868 1.8 23 13 2 12 92% 121 4529 502 37%
c -  6.91  7 16 0 50 80 1 232977 5534 1.8 23 13 2 12 92% 121 4529 502 37%
c -  7.04  7 16 0 51 84 1 240049 5649 1.7 23 13 3 12 92% 121 4529 502 37%
c -  7.17  7 16 0 52 88 1 247190 5991 1.7 23 13 3 13 92% 121 4529 502 37%
c -  7.30  7 16 0 53 91 1 254402 6691 1.7 23 14 3 13 92% 121 4529 502 37%
c B  7.31  7 16 0 53 92 1 254906 6965 1.7 23 14 3 13 92% 121 4529 502 37%
c o  7.31  7 16 0 53 92 1 254906 6965 1.7 23 14 3 13 92% 121 4529 502 37%
c -  7.52  7 16 0 54 92 1 261683 5212 1.7 23 14 3 13 93% 121 4529 502 37%
c u  7.68  7 16 0 54 93 1 267336 6012 1.6 22 14 3 13 93% 121 4529 502 37%
c v  7.70  8 16 0 54 93 1 267336 5621 1.6 22 14 3 13 93% 121 4529 502 37%
c
c seconds  switched  rate         size/glue  tier1    binary      remaining
c        MB  reductions conflicts       size   tier2    irredundant
c         level  restarts    redundant     glue    trail      variables
c
c w  7.73  8 16 0 54 93 1 267336 4878 1.6 22 14 3 13 93% 121 4529 502 37%
c x  7.73  7 16 0 54 93 1 267336 4875 1.6 22 14 3 13 93% 125 4335 502 37%
c t  7.73  7 16 0 54 93 1 267336 4875 1.6 22 14 3 13 93% 121 4335 502 37%
c -  7.78  6 16 0 55 93 1 269031 3730 1.6 22 14 2 13 93% 121 4335 502 37%
c -  7.94  7 16 0 56 93 1 276448 6596 1.7 23 14 2 13 93% 121 4335 502 37%
c -  8.13  7 16 0 57 97 1 283932 7693 1.7 22 14 2 12 93% 121 4335 502 37%
c -  8.32  8 16 0 58 100 1 291481 8420 1.7 23 13 2 12 93% 121 4335 502 37%
c W  8.52  7 16 0 58 106 1 298618 11746 1.7 22 13 2 12 93% 121 4335 502 37%
c -  8.53  7 16 0 59 106 1 299096 8602 1.7 22 13 2 12 93% 121 4335 502 37%
c -  8.73  8 16 0 60 108 1 306777 8818 1.7 23 13 2 12 93% 121 4335 502 37%
c -  8.95  8 16 0 61 111 1 314522 8713 1.7 23 13 2 12 93% 121 4335 502 37%
c s  9.07  8 16 0 61 114 1 318758 11189 1.7 23 13 2 12 93% 121 4334 502 37%
c e  9.07  8 16 0 61 114 1 318758 11189 1.7 23 13 2 12 93%  76 5140 439 32%
c s  9.07  8 16 0 61 114 1 318758 11189 1.7 23 13 2 12 93%  76 4976 439 32%
c e  9.08  8 16 0 61 114 1 318758 11189 1.7 23 13 2 12 93%  74 5004 437 32%
c !  9.08  8 16 0 61 114 1 318758 11189 1.7 23 13 2 12 93%  74 5004 437 32%
c u  9.10  8 16 0 61 114 1 319997 6151 1.7 23 13 2 12 93%  74 5004 437 32%
c v  9.11  8 16 0 61 114 1 319997 5882 1.7 23 13 2 12 93%  74 5004 437 32%
c w  9.16  9 16 0 61 114 1 319997 3442 1.7 23 13 2 12 93%  74 5004 437 32%
c x  9.17  7 16 0 61 114 1 319997 3442 1.7 23 13 2 12 93%  75 4839 437 32%
c
c seconds  switched   rate         size/glue  tier1    binary      remaining
c        MB  reductions conflicts        size   tier2    irredundant
c         level  restarts     redundant     glue    trail      variables
c
c f  9.33  7 16 0 61 114 1 319997 3442 1.7 23 13 2 12 93%  77 4795 439 32%
c u  9.34  7 16 0 61 114 1 319997 3416 1.7 23 13 2 12 93%  77 4795 439 32%
c v  9.34  8 16 0 61 114 1 319997 3264 1.7 23 13 2 12 93%  77 4795 439 32%
c w  9.38  8 16 0 61 114 1 319997 2584 1.7 23 13 2 12 93%  77 4795 439 32%
c x  9.39  8 16 0 61 114 1 319997 2584 1.7 23 13 2 12 93%  77 4778 439 32%
c -  9.44  6 16 0 62 115 1 322333 2799 1.7 23 13 2 12 93%  77 4778 439 32%
c -  9.62  7 16 0 63 120 1 330207 5441 1.7 23 13 2 12 93%  77 4778 439 32%
c -  9.78  7 16 0 64 123 1 338144 6533 1.7 23 13 2 12 93%  77 4778 439 32%
c -  9.96  8 16 0 65 124 1 346145 6381 1.7 23 13 2 12 93%  77 4778 439 32%
c O  9.97  8 16 0 65 124 1 346780 6765 1.7 23 13 2 12 93%  77 4778 439 32%
c o  9.97  8 16 0 65 124 1 346780 6765 1.7 23 13 2 12 93%  77 4778 439 32%
c - 10.18  7 16 0 66 124 1 354208 5070 1.7 22 13 2 12 93%  77 4778 439 32%
c - 10.38  8 16 0 67 125 1 362334 5718 1.7 22 13 2 12 93%  77 4778 439 32%
c - 10.60  7 15 0 68 125 1 370519 7074 1.7 22 13 2 12 93%  77 4778 439 32%
c u 10.80  8 15 0 68 125 1 377158 9503 1.7 22 13 2 12 93%  77 4778 439 32%
c v 10.84  8 15 0 68 125 1 377158 8947 1.7 22 13 2 12 93%  77 4778 439 32%
c w 10.89  9 15 0 68 125 1 377158 5111 1.7 22 13 2 12 93%  77 4778 439 32%
c - 10.94  7 15 0 69 125 1 378766 4219 1.7 22 13 2 12 93%  77 4778 439 32%
c - 11.14  8 15 0 70 125 1 387072 5449 1.7 22 13 2 12 93%  77 4778 439 32%
c - 11.33  8 15 0 71 126 1 395438 6632 1.7 22 13 2 12 92%  77 4778 439 32%
c
c seconds  switched   rate         size/glue  tier1    binary      remaining
c        MB  reductions conflicts        size   tier2    irredundant
c         level  restarts     redundant     glue    trail      variables
c
c B 11.46  8 15 0 71 126 1 399568 8171 1.7 22 13 2 12 92%  77 4778 439 32%
c - 11.55  8 15 0 72 126 1 403864 6745 1.6 22 13 2 12 92%  77 4778 439 32%
c - 11.74  8 16 0 73 126 1 412349 7426 1.6 22 13 2 12 92%  77 4778 439 32%
c - 11.94  8 16 0 74 126 1 420893 7494 1.6 22 13 2 12 92%  77 4778 439 32%
c - 12.18  8 16 0 75 126 1 429495 7476 1.6 22 13 2 12 92%  77 4778 439 32%
c - 12.39  8 15 0 76 126 1 438155 8905 1.6 22 13 2 12 91%  77 4778 439 32%
c u 12.43  8 15 0 76 126 1 439593 9264 1.6 22 13 2 12 92%  77 4778 439 32%
c v 12.45  8 15 0 76 126 1 439593 8412 1.6 22 13 2 12 92%  77 4778 439 32%
c w 12.49  9 15 0 76 126 1 439593 6457 1.6 22 13 2 12 92%  77 4778 439 32%
c x 12.50  9 15 0 76 126 1 439593 6457 1.6 22 13 2 12 92%  77 4775 439 32%
c o 12.50  9 15 0 76 126 1 439593 6457 1.6 22 13 2 12 92%  77 4775 439 32%
c - 12.70  8 15 0 77 126 1 446874 5588 1.6 21 13 2 12 92%  77 4775 439 32%
c s 12.86  8 15 0 77 126 1 453720 7164 1.6 21 13 2 12 92%  77 4774 439 32%
c e 12.86  8 15 0 77 126 1 453720 7164 1.6 21 13 2 12 92%  65 4910 430 31%
c s 12.86  8 15 0 77 126 1 453720 7164 1.6 21 13 2 12 92%  66 4874 430 31%
c - 12.90  6 15 0 78 126 1 455648 4190 1.6 21 13 2 12 92%  66 4874 430 31%
c W 12.93  6 15 0 78 126 1 457153 4760 1.6 21 13 2 12 92%  66 4874 430 31%
c - 13.06  6 15 0 79 130 1 464480 6294 1.6 21 13 2 12 92%  66 4874 430 31%
c - 13.23  8 15 0 80 134 1 473368 8684 1.6 21 13 2 12 92%  66 4874 430 31%
c - 13.43  8 16 0 81 140 1 482315 9090 1.6 21 13 2 12 92%  66 4874 430 31%
c
c seconds  switched   rate         size/glue  tier1    binary      remaining
c        MB  reductions conflicts        size   tier2    irredundant
c         level  restarts     redundant     glue    trail      variables
c
c - 13.62  8 15 0 82 141 1 491316 9086 1.6 21 13 2 12 92%  66 4874 430 31%
c - 13.86  8 15 0 83 147 1 500371 9914 1.6 22 13 2 12 92%  66 4874 430 31%
c u 14.06  8 15 0 83 150 1 507407 12638 1.6 21 13 2 12 92%  66 4874 430 31%
c v 14.09  9 15 0 83 150 1 507407 12018 1.6 21 13 2 12 92%  66 4874 430 31%
c w 14.16 10 15 0 83 150 1 507407 7700 1.6 21 13 2 12 92%  66 4874 430 31%
c - 14.21  7 15 0 84 151 1 509481 5914 1.6 21 13 2 12 92%  66 4874 430 31%
c - 14.40  7 15 0 85 156 1 518646 7313 1.6 21 13 2 12 92%  66 4874 430 31%
c I 14.43  7 15 0 85 156 1 519703 7673 1.6 21 13 2 12 92%  66 4874 430 31%
c - 14.55  8 15 0 86 157 1 527865 8720 1.6 21 13 2 12 92%  66 4874 430 31%
c - 14.72  8 16 0 87 157 1 537138 8668 1.6 21 13 2 12 92%  66 4874 430 31%
c - 14.88  8 15 0 88 160 1 546465 10022 1.6 21 13 2 12 91%  66 4874 430 31%
c - 15.05  8 15 0 89 165 1 555846 10485 1.6 20 13 2 12 91%  66 4874 430 31%
c - 15.25  8 15 0 90 171 1 565279 10173 1.5 20 13 2 12 91%  66 4874 430 31%
c - 15.42  8 15 0 91 172 1 574766 10842 1.5 20 13 2 12 91%  66 4874 430 31%
c u 15.53  8 15 0 91 176 1 580455 13561 1.5 20 13 2 12 91%  66 4874 430 31%
c v 15.56  9 15 0 91 176 1 580455 12815 1.5 20 13 2 12 91%  66 4874 430 31%
c w 15.60 10 15 0 91 176 1 580455 8765 1.5 20 13 2 12 91%  66 4874 430 31%
c o 15.62 10 15 0 91 176 1 580455 8765 1.5 20 13 2 12 91%  66 4874 430 31%
c - 15.70  8 15 0 92 179 1 584305 7578 1.6 20 13 2 12 91%  66 4874 430 31%
c B 15.76  8 15 0 92 179 1 587385 8969 1.6 20 13 2 12 92%  66 4874 430 31%
c
c seconds  switched   rate         size/glue  tier1    binary      remaining
c        MB  reductions conflicts        size   tier2    irredundant
c         level  restarts     redundant     glue    trail      variables
c
c - 15.92  8 15 0 93 184 1 593897 7848 1.5 20 13 2 12 91%  66 4874 430 31%
c - 16.16  8 15 0 94 187 1 603541 7917 1.5 20 13 2 12 91%  66 4874 430 31%
c - 16.43  8 15 0 95 188 1 613236 8319 1.5 20 13 2 12 91%  66 4874 430 31%
c - 16.69  8 15 0 96 188 1 622983 8510 1.5 20 13 2 12 91%  66 4874 430 31%
c - 16.92  8 15 0 97 189 1 632780 8686 1.5 20 13 2 12 92%  66 4874 430 31%
c - 17.17  8 15 0 98 189 1 642628 9281 1.5 20 13 2 12 91%  66 4874 430 31%
c - 17.41  8 15 0 99 189 1 652527 10431 1.5 20 13 2 12 91%  66 4874 430 31%
c u 17.60  9 15 0 99 191 1 659023 12848 1.5 20 13 2 12 91%  66 4874 430 31%
c v 17.64  9 15 0 99 191 1 659023 11842 1.5 20 13 2 12 91%  66 4874 430 31%
c w 17.69 10 15 0 99 191 1 659023 7855 1.5 20 13 2 12 91%  66 4874 430 31%
c x 17.70 10 15 0 99 191 1 659023 7854 1.5 20 13 2 12 91%  66 4833 430 31%
c s 17.70 10 15 0 99 191 1 659023 7854 1.5 20 13 2 12 91%  66 4829 430 31%
c e 17.71  7 15 0 99 191 1 659023 7854 1.5 20 13 2 12 91%  65 4845 429 31%
c s 17.71  7 15 0 99 191 1 659023 7854 1.5 20 13 2 12 91%  65 4837 429 31%
c W 17.75  7 15 0 99 192 1 660363 8309 1.5 20 13 2 12 91%  65 4837 429 31%
c - 17.79  7 15 0 100 193 1 662477 6524 1.5 20 13 2 12 91%  65 4837 429 31%
c - 18.03  7 15 0 101 199 1 672478 7068 1.5 20 13 2 12 91%  65 4837 429 31%
c - 18.25  8 15 0 102 204 1 682527 7007 1.5 20 13 2 12 91%  65 4837 429 31%
c - 18.47  8 15 0 103 207 1 692626 7934 1.5 20 13 2 12 91%  65 4837 429 31%
c - 18.75  8 15 0 104 211 1 702774 8728 1.5 20 13 2 12 91%  65 4837 429 31%
c
c seconds  switched    rate         size/glue  tier1    binary      remaining
c        MB  reductions  conflicts        size   tier2    irredundant
c         level   restarts     redundant     glue    trail      variables
c
c - 19.00  9 15 0 105 218 1 712972 9028 1.5 20 13 2 12 91%  65 4837 429 31%
c - 19.27  9 15 0 106 219 1 723219 9235 1.5 20 13 2 12 91%  65 4837 429 31%
c - 19.53  8 15 0 107 220 1 733514 9447 1.5 20 13 2 12 90%  65 4837 429 31%
c O 19.66  8 15 0 107 220 1 738792 11566 1.5 20 13 2 12 91%  65 4837 429 31%
c o 19.66  8 15 0 107 220 1 738792 11566 1.5 20 13 2 12 91%  65 4837 429 31%
c u 19.81  9 15 0 107 223 1 743287 11792 1.5 20 13 2 12 91%  65 4837 429 31%
c v 19.84  9 15 0 107 223 1 743287 10940 1.5 20 13 2 12 91%  65 4837 429 31%
c w 19.94 10 15 0 107 223 1 743287 6773 1.5 20 13 2 12 91%  65 4837 429 31%
c - 19.96  8 15 0 108 223 1 743859 4826 1.5 20 13 2 12 91%  65 4837 429 31%
c - 20.21  8 15 0 109 229 1 754251 6059 1.5 20 13 2 11 91%  65 4837 429 31%
c - 20.43  9 15 0 110 235 1 764692 9353 1.6 21 13 2 11 91%  65 4837 429 31%
c - 20.72  9 15 0 111 238 1 775180 10434 1.6 21 13 2 11 91%  65 4837 429 31%
c - 21.00  9 15 0 112 243 1 785715 10839 1.6 21 13 2 11 91%  65 4837 429 31%
c - 21.28  9 15 0 113 249 1 796298 11488 1.6 21 13 2 11 91%  65 4837 429 31%
c - 21.57  9 15 0 114 251 1 806929 11099 1.6 21 13 2 11 91%  65 4837 429 31%
c - 21.87  9 15 0 115 251 1 817606 11340 1.7 22 13 2 11 91%  65 4837 429 31%
c B 22.02  9 15 0 115 252 1 822829 13741 1.7 22 13 2 11 91%  65 4837 429 31%
c - 22.19  9 15 0 116 252 1 828330 11238 1.7 22 13 2 11 92%  65 4837 429 31%
c u 22.34  9 15 0 116 252 1 833203 13175 1.7 22 13 2 11 91%  65 4837 429 31%
c v 22.40 10 15 0 116 252 1 833203 12194 1.7 22 13 2 11 91%  65 4837 429 31%
c
c seconds  switched    rate          size/glue  tier1    binary      remaining
c        MB  reductions  conflicts         size   tier2    irredundant
c         level   restarts      redundant     glue    trail      variables
c
c w 22.44 10 15 0 116 252 1 833203 10655 1.7 22 13 2 11 91%  65 4837 429 31%
c x 22.45 10 15 0 116 252 1 833203 10653 1.7 22 13 2 11 91%  65 4815 429 31%
c - 22.60  8 15 0 117 252 1 839100 8894 1.7 22 13 2 11 91%  65 4815 429 31%
c - 22.86  9 15 0 118 252 1 849917 10166 1.7 22 13 2 11 91%  65 4815 429 31%
c s 23.04  8 15 0 118 253 1 857100 13824 1.6 21 13 2 11 91%  65 4813 429 31%
c o 23.04  8 15 0 118 253 1 857100 13824 1.6 21 13 2 11 91%  65 4813 429 31%
c - 23.16  9 15 0 119 253 1 860780 9620 1.6 21 13 2 11 92%  65 4813 429 31%
c - 23.46  9 15 0 120 253 1 871689 9562 1.6 21 13 2 11 92%  65 4813 429 31%
c - 23.74  9 15 0 121 253 1 882644 11015 1.6 21 13 2 11 92%  65 4813 429 31%
c - 24.04  9 15 0 122 253 1 893644 12301 1.6 21 13 2 11 92%  65 4813 429 31%
c - 24.34  9 15 0 123 253 1 904689 14126 1.7 21 12 2 11 92%  65 4813 429 31%
c W 24.58  8 15 0 123 253 1 912630 17560 1.6 21 13 2 11 91%  65 4813 429 31%
c - 24.67  8 15 0 124 253 1 915779 12938 1.6 20 13 2 11 91%  65 4813 429 31%
c - 24.98  7 15 0 125 254 1 926915 10338 1.6 20 13 2 11 92%  65 4813 429 31%
c u 25.05  7 15 0 125 254 1 928909 10370 1.6 20 13 2 11 92%  65 4813 429 31%
c v 25.11  7 15 0 125 254 1 928909 9217 1.6 20 13 2 11 92%  65 4813 429 31%
c w 25.18  7 15 0 125 254 1 928909 7271 1.6 20 13 2 11 92%  65 4813 429 31%
c - 25.40  8 15 0 126 254 1 938096 7729 1.6 20 13 2 11 92%  65 4813 429 31%
c - 25.64  8 15 0 127 254 1 949321 10386 1.6 20 13 2 11 91%  65 4813 429 31%
c - 25.93  8 15 0 128 254 1 960591 11743 1.6 20 13 2 11 92%  65 4813 429 31%
c
c seconds  switched    rate          size/glue  tier1    binary      remaining
c        MB  reductions  conflicts         size   tier2    irredundant
c         level   restarts      redundant     glue    trail      variables
c
c - 26.23  8 15 0 129 254 1 971904 12577 1.6 20 13 2 11 92%  65 4813 429 31%
c - 26.50  8 15 0 130 254 1 983262 13529 1.6 20 13 2 11 92%  65 4813 429 31%
c - 26.77  8 15 0 131 254 1 994665 15170 1.6 20 12 2 11 91%  65 4813 429 31%
c - 27.11  9 15 0 132 254 1 1006111 14341 1.6 20 13 2 11 91%  65 4813 429 31%
c I 27.18  9 15 0 132 254 1 1008344 15476 1.6 20 13 2 11 91%  65 4813 429 31%
c o 27.18  9 15 0 132 254 1 1008344 15476 1.6 20 13 2 11 91%  65 4813 429 31%
c - 27.33  9 15 0 133 254 1 1017600 11170 1.6 20 13 2 11 92%  65 4813 429 31%
c - 27.52  7 15 0 134 254 1 1029133 10824 1.6 20 13 2 11 92%  65 4813 429 31%
c u 27.56  7 15 0 134 254 1 1030414 10941 1.6 20 13 2 11 92%  65 4813 429 31%
c v 27.60  7 15 0 134 254 1 1030414 9877 1.6 20 13 2 11 92%  65 4813 429 31%
c w 27.66  7 15 0 134 254 1 1030414 8077 1.6 20 13 2 11 92%  65 4813 429 31%
c - 27.84  8 15 0 135 254 1 1040709 9549 1.6 20 13 2 11 91%  65 4813 429 31%
c - 28.07  8 15 0 136 255 1 1052327 10508 1.6 20 13 2 11 91%  65 4813 429 31%
c - 28.30  7 15 0 137 261 1 1063988 10104 1.5 20 13 2 11 91%  65 4813 429 31%
c - 28.52  8 15 0 138 268 1 1075692 10544 1.5 19 13 2 11 91%  65 4813 429 31%
c - 28.77  8 15 0 139 272 1 1087441 11215 1.5 19 13 2 11 91%  65 4813 429 31%
c - 29.04  8 15 0 140 278 1 1099231 11447 1.5 20 13 2 11 90%  65 4813 429 31%
c B 29.24  8 15 0 140 284 1 1110122 18619 1.5 19 13 2 11 89%  65 4813 429 31%
c - 29.27  8 15 0 141 284 1 1111064 12593 1.5 19 13 2 11 89%  65 4813 429 31%
c - 29.55  8 15 0 142 285 1 1122939 12091 1.5 20 13 2 11 89%  65 4813 429 31%
c
c seconds  switched    rate           size/glue  tier1    binary      remaining
c        MB  reductions   conflicts         size   tier2    irredundant
c         level   restarts       redundant     glue    trail      variables
c
c - 29.82  7 15 0 143 286 1 1134855 10548 1.5 20 13 2 11 89%  65 4813 429 31%
c u 29.90  7 15 0 143 288 1 1137778 11944 1.5 20 13 2 11 89%  65 4813 429 31%
c v 29.95  7 15 0 143 288 1 1137778 10773 1.5 20 13 2 11 89%  65 4813 429 31%
c w 29.99  8 15 0 143 288 1 1137778 8988 1.5 20 13 2 11 89%  65 4813 429 31%
c x 30.00  8 15 0 143 288 1 1137778 8987 1.5 20 13 2 11 89%  65 4811 429 31%
c = 30.24  9 15 0 143 288 1 1137778 8987 1.5 20 13 2 11 89%  65 4801 428 31%
c u 30.25  9 15 0 143 288 1 1137778 8873 1.5 20 13 2 11 89%  65 4801 428 31%
c v 30.29  9 15 0 143 288 1 1137778 8388 1.5 20 13 2 11 89%  65 4801 428 31%
c w 30.36  9 15 0 143 288 1 1137778 7547 1.5 20 13 2 11 89%  65 4801 428 31%
c - 30.57  7 15 0 144 293 1 1146813 7713 1.5 20 13 2 11 89%  65 4801 428 31%
c - 30.83  7 15 0 145 299 1 1158813 10513 1.5 20 13 2 11 89%  65 4801 428 31%
c - 31.09  8 15 0 146 303 1 1170854 11656 1.5 19 13 2 11 90%  65 4801 428 31%
c - 31.35  8 15 0 147 310 1 1182939 12328 1.5 19 13 2 11 89%  65 4801 428 31%
c - 31.60  8 15 0 148 315 1 1195063 12339 1.5 19 12 2 11 89%  65 4801 428 31%
c - 31.86  8 14 0 149 316 1 1207229 12566 1.5 19 12 2 11 90%  65 4801 428 31%
c W 32.07  8 14 0 149 317 1 1218109 17954 1.5 19 12 2 11 89%  65 4801 428 31%
c o 32.07  8 14 0 149 317 1 1218109 17954 1.5 19 12 2 11 89%  65 4801 428 31%
c - 32.11  8 14 0 150 317 1 1219435 13667 1.5 19 12 2 11 90%  65 4801 428 31%
c - 32.40  8 14 0 151 317 1 1231683 12595 1.5 19 12 2 11 90%  65 4801 428 31%
c - 32.65  7 14 0 152 317 1 1243972 9956 1.5 19 12 2 11 90%  65 4801 428 31%
c
c seconds  switched    rate           size/glue  tier1    binary      remaining
c        MB  reductions   conflicts         size   tier2    irredundant
c         level   restarts       redundant     glue    trail      variables
c
c u 32.81  7 14 0 152 319 1 1251110 12630 1.5 18 12 2 11 91%  65 4801 428 31%
c v 32.86  8 14 0 152 319 1 1251110 11818 1.5 18 12 2 11 91%  65 4801 428 31%
c w 32.93 10 14 0 152 319 1 1251110 8033 1.5 18 12 2 11 91%  65 4801 428 31%
c - 33.04  9 14 0 153 323 1 1256301 6914 1.5 18 12 2 11 91%  65 4801 428 31%
c - 33.24  9 14 0 154 330 1 1268670 8662 1.5 18 12 2 11 91%  65 4801 428 31%
c - 33.44  9 14 0 155 332 1 1281081 11255 1.5 18 12 2 11 91%  65 4801 428 31%
c - 33.68 10 14 0 156 339 1 1293531 12155 1.5 18 12 2 11 90%  65 4801 428 31%
c - 33.91 10 15 0 157 346 1 1306022 12847 1.5 18 12 2 11 91%  65 4801 428 31%
c - 34.22 10 15 0 158 348 1 1318551 13140 1.5 19 13 2 11 91%  65 4801 428 31%
c - 34.48 10 15 0 159 348 1 1331120 12426 1.5 19 13 2 11 90%  65 4801 428 31%
c O 34.51  9 15 0 159 349 1 1332449 12969 1.5 19 13 2 11 90%  65 4801 428 31%
c - 34.82 10 15 0 160 355 1 1343731 12158 1.5 19 13 2 11 90%  65 4801 428 31%
c - 35.17 10 15 0 161 363 1 1356381 11187 1.5 19 13 2 11 90%  65 4801 428 31%
c - 35.52 10 15 0 162 367 1 1369069 11498 1.5 20 13 2 11 89%  65 4801 428 31%
c u 35.56 10 15 0 162 368 1 1370434 11927 1.5 20 13 2 11 90%  65 4801 428 31%
c v 35.61 10 15 0 162 368 1 1370434 10680 1.5 20 13 2 11 90%  65 4801 428 31%
c w 35.72 11 15 0 162 368 1 1370434 8323 1.5 20 13 2 11 90%  65 4801 428 31%
c o 36.01 11 15 0 162 368 1 1370434 8323 1.5 20 13 2 11 90%  65 4801 428 31%
c - 36.30  8 15 0 163 374 1 1381797 8529 1.5 20 13 2 11 90%  65 4801 428 31%
c - 36.61 10 15 0 164 378 1 1394564 11038 1.6 20 13 2 11 91%  65 4801 428 31%
c
c seconds  switched    rate           size/glue  tier1    binary      remaining
c        MB  reductions   conflicts         size   tier2    irredundant
c         level   restarts       redundant     glue    trail      variables
c
c - 37.00 10 15 0 165 379 1 1407371 13086 1.6 21 13 2 11 91%  65 4801 428 31%
c - 37.38 10 15 0 166 380 1 1420217 12048 1.6 21 13 2 10 91%  65 4801 428 31%
c - 37.74 10 15 0 167 380 1 1433102 11331 1.7 21 13 2 10 91%  65 4801 428 31%
c - 38.09 10 15 0 168 380 1 1446025 11825 1.7 21 13 2 10 91%  65 4801 428 31%
c B 38.30 10 15 0 168 381 1 1453283 15912 1.7 21 13 2 10 91%  65 4801 428 31%
c - 38.43 10 15 0 169 381 1 1458988 11829 1.7 21 13 2 10 92%  65 4801 428 31%
c - 38.74  9 15 0 170 381 1 1471988 10199 1.6 21 13 2 10 92%  65 4801 428 31%
c - 39.06  8 15 0 171 381 1 1485026 8708 1.6 20 13 2 10 92%  65 4801 428 31%
c u 39.37  9 15 0 171 381 1 1495784 12838 1.6 20 13 2 10 92%  65 4801 428 31%
c v 39.41 10 15 0 171 381 1 1495784 11914 1.6 20 13 2 10 92%  65 4801 428 31%
c w 39.51 10 15 0 171 381 1 1495784 8564 1.6 20 13 2 10 92%  65 4801 428 31%
c x 39.51 10 15 0 171 381 1 1495784 8564 1.6 20 13 2 10 92%  65 4799 428 31%
c - 39.57  9 15 0 172 381 1 1498102 6376 1.6 20 13 2 10 92%  65 4799 428 31%
c - 39.87  9 15 0 173 381 1 1511216 8716 1.6 20 13 2 10 92%  65 4799 428 31%
c - 40.15  9 15 0 174 388 1 1524368 10133 1.6 20 13 2 10 92%  65 4799 428 31%
c - 40.45 10 14 0 175 396 1 1537559 11742 1.6 20 12 2 10 92%  65 4799 428 31%
c - 40.74 10 14 0 176 401 1 1550788 12422 1.6 19 12 2 10 92%  65 4799 428 31%
c - 41.00 10 14 0 177 409 1 1564054 12669 1.6 19 12 2 10 92%  65 4799 428 31%
c - 41.31 10 15 0 178 411 1 1577359 12179 1.6 19 12 2 10 91%  65 4799 428 31%
c W 41.40  9 15 0 178 412 1 1580751 13901 1.6 19 12 2 10 91%  65 4799 428 31%
c
c seconds  switched    rate           size/glue  tier1    binary      remaining
c        MB  reductions   conflicts         size   tier2    irredundant
c         level   restarts       redundant     glue    trail      variables
c
c o 41.40  9 15 0 178 412 1 1580751 13901 1.6 19 12 2 10 91%  65 4799 428 31%
c - 41.64  7 15 0 179 412 1 1590701 11295 1.5 19 12 2 10 92%  65 4799 428 31%
c - 41.95  7 14 0 180 419 1 1604080 10970 1.5 19 12 2 10 92%  65 4799 428 31%
c - 42.24  8 14 0 181 426 1 1617497 12088 1.5 19 12 2 10 92%  65 4799 428 31%
c u 42.47  8 14 0 181 428 1 1627235 16207 1.5 19 12 2 10 92%  65 4799 428 31%
c v 42.53 11 14 0 181 428 1 1627235 15110 1.5 19 12 2 10 92%  65 4799 428 31%
c w 42.65 11 14 0 181 428 1 1627235 10581 1.5 19 12 2 10 92%  65 4799 428 31%
c - 42.73  8 15 0 182 430 1 1630951 8155 1.5 19 12 2 10 92%  65 4799 428 31%
c - 43.01 10 15 0 183 438 1 1644441 9132 1.5 19 13 2 10 91%  65 4799 428 31%
c - 43.34 10 15 0 184 442 1 1657970 11153 1.5 19 13 2 10 91%  65 4799 428 31%
c - 43.67 10 15 0 185 443 1 1671534 12802 1.6 19 13 2 10 90%  65 4799 428 31%
c - 43.98 10 15 0 186 444 1 1685137 14194 1.6 19 12 2 10 89%  65 4799 428 31%
c - 44.33 11 15 0 187 444 1 1698776 14017 1.6 19 12 2 10 88%  65 4799 428 31%
c - 44.72 10 15 0 188 447 1 1712450 13834 1.6 20 13 2 10 88%  65 4799 428 31%
c I 44.78 10 15 0 188 449 1 1714990 15042 1.6 20 13 2 10 89%  65 4799 428 31%
c - 44.99 10 15 0 189 455 1 1726163 12655 1.6 20 13 2 10 89%  65 4799 428 31%
c - 45.27  9 15 0 190 459 1 1739910 11675 1.5 19 13 2 10 89%  65 4799 428 31%
c - 45.55 10 15 0 191 466 1 1753694 12121 1.5 20 13 2 10 89%  65 4799 428 31%
c u 45.83 11 15 0 191 473 1 1764842 18747 1.5 20 13 2 10 89%  65 4799 428 31%
c v 45.90 11 15 0 191 473 1 1764842 17187 1.5 20 13 2 10 89%  65 4799 428 31%
c
c seconds  switched    rate           size/glue  tier1    binary      remaining
c        MB  reductions   conflicts         size   tier2    irredundant
c         level   restarts       redundant     glue    trail      variables
c
c w 46.01 12 15 0 191 473 1 1764842 13693 1.5 20 13 2 10 89%  65 4799 428 31%
c o 46.02 12 15 0 191 473 1 1764842 13693 1.5 20 13 2 10 89%  65 4799 428 31%
c - 46.07  8 15 0 192 474 1 1767515 9739 1.6 20 13 2 10 89%  65 4799 428 31%
c - 46.35  8 15 0 193 475 1 1781373 10147 1.5 20 13 2 10 90%  65 4799 428 31%
c - 46.65  8 15 0 194 478 1 1795266 9775 1.5 20 13 2 10 90%  65 4799 428 31%
c - 46.98  9 15 0 195 486 1 1809194 10099 1.5 19 13 2 10 90%  65 4799 428 31%
c - 47.31  8 15 0 196 490 1 1823159 10169 1.5 19 13 2 10 91%  65 4799 428 31%
c - 47.62 10 15 0 197 498 1 1837160 11445 1.5 19 13 2 10 91%  65 4799 428 31%
c - 47.95 10 15 0 198 505 1 1851196 11395 1.5 19 13 2 10 90%  65 4799 428 31%
c B 48.08 10 15 0 198 505 1 1856137 13664 1.5 19 13 2 10 90%  65 4799 428 31%
c - 48.31  9 15 0 199 506 1 1865268 11004 1.5 19 13 2 10 90%  65 4799 428 31%
c - 48.68  9 15 0 200 507 1 1879374 10435 1.5 19 13 2 10 90%  65 4799 428 31%
c - 49.03  9 15 0 201 507 1 1893516 9977 1.5 19 13 2 10 90%  65 4799 428 31%
c - 49.39  8 15 0 202 508 1 1907693 10453 1.5 19 13 2 10 90%  65 4799 428 31%
c u 49.44  9 15 0 202 508 1 1908604 10543 1.5 19 13 2 10 90%  65 4799 428 31%
c v 49.48  9 15 0 202 508 1 1908604 9553 1.5 19 13 2 10 90%  65 4799 428 31%
c w 49.54  9 15 0 202 508 1 1908604 7468 1.5 19 13 2 10 90%  65 4799 428 31%
c - 50.26 10 15 0 203 508 1 1921905 8075 1.5 19 13 2 10 90%  65 4799 428 31%
c - 50.63 10 15 0 204 508 1 1936152 9433 1.5 19 13 2 10 90%  65 4799 428 31%
c - 51.04 10 15 0 205 508 1 1950434 10445 1.5 20 13 2 10 90%  65 4799 428 31%
c
c seconds  switched    rate           size/glue  tier1    binary      remaining
c        MB  reductions   conflicts         size   tier2    irredundant
c         level   restarts       redundant     glue    trail      variables
c
c - 51.42 12 15 0 206 508 1 1964751 11941 1.6 20 13 2 10 91%  65 4799 428 31%
c - 51.78 11 15 0 207 509 1 1979104 12999 1.6 20 13 2 10 90%  65 4799 428 31%
c - 52.19 11 15 0 208 509 1 1993491 13261 1.6 20 13 2 10 90%  65 4799 428 31%
c W 52.55 10 15 0 208 509 1 2004325 18517 1.6 20 13 2 10 90%  65 4799 428 31%
c o 52.55 10 15 0 208 509 1 2004325 18517 1.6 20 13 2 10 90%  65 4799 428 31%
c - 52.67 10 14 0 209 509 1 2007913 13045 1.6 20 13 2 10 91%  65 4799 428 31%
c - 53.02 10 14 0 210 509 1 2022371 13084 1.6 20 12 2 10 91%  65 4799 428 31%
c - 53.37 10 14 0 211 509 1 2036864 12113 1.6 19 12 2 10 91%  65 4799 428 31%
c - 53.71 10 14 0 212 509 1 2051389 13067 1.6 19 12 2 10 91%  65 4799 428 31%
c u 53.91 10 14 0 212 509 1 2058621 15865 1.6 19 12 2 10 91%  65 4799 428 31%
c v 53.97 10 14 0 212 509 1 2058621 14950 1.6 19 12 2 10 91%  65 4799 428 31%
c w 54.12 10 14 0 212 509 1 2058621 10503 1.6 19 12 2 10 91%  65 4799 428 31%
c - 54.31  9 14 0 213 509 1 2065952 8816 1.5 19 12 2 10 91%  65 4799 428 31%
c - 54.73  9 15 0 214 509 1 2080547 10189 1.6 20 13 2 10 91%  65 4799 428 31%
c - 55.19 10 15 0 215 509 1 2095175 11771 1.6 20 13 2 10 92%  65 4799 428 31%
c - 55.66 10 15 0 216 510 1 2109837 12193 1.6 21 13 2 10 92%  65 4799 428 31%
c - 56.09 10 15 0 217 510 1 2124537 13375 1.7 21 13 2 10 92%  65 4799 428 31%
c - 56.53 10 15 0 218 510 1 2139268 13801 1.6 21 13 2 10 92%  65 4799 428 31%
c - 56.97 10 15 0 219 510 1 2154032 13100 1.6 20 13 2 10 92%  65 4799 428 31%
c O 57.13 10 15 0 219 510 1 2159686 15523 1.6 20 13 2 10 92%  65 4799 428 31%
c
c seconds  switched    rate           size/glue  tier1    binary      remaining
c        MB  reductions   conflicts         size   tier2    irredundant
c         level   restarts       redundant     glue    trail      variables
c
c - 57.37 10 15 0 220 510 1 2168830 14334 1.6 20 13 2 10 90%  65 4799 428 31%
c - 57.80 10 15 0 221 510 1 2183662 14359 1.6 20 13 2 10 90%  65 4799 428 31%
c - 58.25 10 15 0 222 510 1 2198529 14057 1.6 20 13 2 10 90%  65 4799 428 31%
c - 58.74 10 15 0 223 510 1 2213429 13422 1.6 20 13 2 10 90%  65 4799 428 31%
c u 58.82 10 15 0 223 510 1 2214925 13452 1.6 20 13 2 10 90%  65 4799 428 31%
c v 58.88 10 15 0 223 510 1 2214925 12231 1.6 20 13 2 10 90%  65 4799 428 31%
c w 58.96 10 15 0 223 510 1 2214925 10070 1.6 20 13 2 10 90%  65 4799 428 31%
c x 58.97 10 15 0 223 510 1 2214925 10068 1.6 20 13 2 10 90%  65 4798 428 31%
c o 58.97 10 15 0 223 510 1 2214925 10068 1.6 20 13 2 10 90%  65 4798 428 31%
c - 59.35  9 15 0 224 510 1 2228365 9275 1.6 20 13 2 10 91%  65 4798 428 31%
c - 59.72 10 15 0 225 510 1 2243331 11345 1.6 20 13 2 10 91%  65 4798 428 31%
c - 60.13 10 15 0 226 510 1 2258331 12498 1.6 20 12 2 10 91%  65 4798 428 31%
c - 60.58 10 14 0 227 510 1 2273364 14278 1.6 20 12 2 10 92%  65 4798 428 31%
c - 61.03 10 14 0 228 510 1 2288431 15629 1.6 20 12 2 10 91%  65 4798 428 31%
c - 61.57 10 14 0 229 510 1 2303531 13287 1.6 20 12 2 9 91%  65 4798 428 31%
c - 62.11 10 15 0 230 510 1 2318663 11807 1.6 20 12 2 9 91%  65 4798 428 31%
c B 62.24 10 14 0 230 510 1 2322349 13204 1.6 20 12 2 9 91%  65 4798 428 31%
c - 62.59 10 15 0 231 510 1 2333828 12125 1.6 20 12 2 9 92%  65 4798 428 31%
c - 63.03 10 15 0 232 510 1 2349029 12172 1.6 20 13 2 9 92%  65 4798 428 31%
c - 63.44  9 15 0 233 510 1 2364261 11976 1.6 20 13 2 9 91%  65 4798 428 31%
c
c seconds  switched    rate           size/glue  tier1   binary      remaining
c        MB  reductions   conflicts         size   tier2   irredundant
c         level   restarts       redundant     glue   trail      variables
c
c u 63.87 10 15 0 233 517 1 2377554 18554 1.6 20 13 2 9 91%  65 4798 428 31%
c v 63.95 10 15 0 233 517 1 2377554 17206 1.6 20 13 2 9 91%  65 4798 428 31%
c w 64.17 10 15 0 233 517 1 2377554 12832 1.6 20 13 2 9 91%  65 4798 428 31%
c - 64.23  9 15 0 234 518 1 2379527 10078 1.6 20 13 2 9 91%  65 4798 428 31%
c - 64.64  9 15 0 235 525 1 2394825 11176 1.6 20 13 2 9 91%  65 4798 428 31%
c - 65.06  9 15 0 236 532 1 2410154 11327 1.6 20 13 2 9 91%  65 4798 428 31%
c - 65.44  9 15 0 237 540 1 2425517 11637 1.6 20 13 2 9 91%  65 4798 428 31%
c o 65.72  9 15 0 237 541 1 2437388 16113 1.6 20 13 2 9 92%  65 4798 428 31%
c - 65.84  9 15 0 238 541 1 2440912 11506 1.6 20 13 2 9 92%  65 4798 428 31%
c - 66.29 10 14 0 239 547 1 2456340 12723 1.6 20 12 2 9 92%  65 4798 428 31%
c - 66.73 10 14 0 240 555 1 2471800 13702 1.6 20 12 2 9 92%  65 4798 428 31%
c - 67.20 10 14 0 241 561 1 2487291 13193 1.6 20 12 2 9 92%  65 4798 428 31%
c W 67.37 10 14 0 241 563 1 2492445 15625 1.6 20 12 2 9 92%  65 4798 428 31%
c - 67.69 10 14 0 242 570 1 2502816 12906 1.6 19 12 2 9 92%  65 4798 428 31%
c - 68.08 10 14 0 243 572 1 2518373 13448 1.6 20 12 2 9 92%  65 4798 428 31%
c - 68.45 10 14 0 244 573 1 2533961 12434 1.6 19 12 2 9 92%  65 4798 428 31%
c u 68.79 10 14 0 244 573 1 2546539 17012 1.6 19 12 2 9 92%  65 4798 428 31%
c v 68.87 10 14 0 244 573 1 2546539 15736 1.6 19 12 2 9 92%  65 4798 428 31%
c w 68.99 10 14 0 244 573 1 2546539 11493 1.6 19 12 2 9 92%  65 4798 428 31%
c - 69.07  9 14 0 245 573 1 2549582 8631 1.6 19 12 2 9 92%  65 4798 428 31%
c
c seconds  switched    rate           size/glue  tier1   binary      remaining
c        MB  reductions   conflicts         size   tier2   irredundant
c         level   restarts       redundant     glue   trail      variables
c
c - 69.49  9 14 0 246 575 1 2565234 10874 1.5 19 12 2 9 91%  65 4798 428 31%
c - 69.97  9 14 0 247 584 1 2580919 11561 1.5 19 12 2 9 91%  65 4798 428 31%
c - 70.38  9 14 0 248 589 1 2596635 11453 1.5 18 12 2 9 91%  65 4798 428 31%
c - 70.79  9 14 0 249 598 1 2612384 10638 1.5 18 12 2 9 92%  65 4798 428 31%
c - 71.17  9 14 0 250 603 1 2628165 9481 1.4 18 12 2 9 92%  65 4798 428 31%
c - 71.54  9 14 0 251 604 1 2643976 9268 1.4 17 12 2 9 93%  65 4798 428 31%
c - 71.88  9 13 0 252 613 1 2659818 9675 1.4 17 12 2 9 93%  65 4798 428 31%
c I 72.12  9 14 0 252 618 1 2670099 13054 1.4 17 12 2 9 93%  65 4798 428 31%
c o 72.12  9 14 0 252 618 1 2670099 13054 1.4 17 12 2 9 93%  65 4798 428 31%
c - 72.22  9 14 0 253 619 1 2675693 10550 1.4 17 12 2 9 93%  65 4798 428 31%
c - 72.54  9 14 0 254 627 1 2691599 10482 1.4 17 12 2 9 93%  65 4798 428 31%
c - 72.86  9 14 0 255 634 1 2707536 10644 1.4 17 12 2 9 93%  65 4798 428 31%
c u 73.19 10 14 0 255 635 1 2721940 17466 1.4 17 12 2 9 93%  65 4798 428 31%
c v 73.25 10 14 0 255 635 1 2721940 16538 1.4 17 12 2 9 93%  65 4798 428 31%
c w 73.35 10 14 0 255 635 1 2721940 10652 1.4 17 12 2 9 93%  65 4798 428 31%
c - 73.89 14 14 0 256 635 1 2723505 7963 1.4 17 12 2 9 93%  65 4798 428 31%
c - 74.25 14 14 0 257 636 1 2739505 10549 1.5 18 12 2 9 92%  65 4798 428 31%
c - 74.62 14 14 0 258 636 1 2755537 11057 1.5 18 12 2 9 92%  65 4798 428 31%
c - 75.01 14 14 0 259 637 1 2771599 11767 1.5 18 12 2 9 92%  65 4798 428 31%
c - 75.42 14 14 0 260 637 1 2787692 11288 1.5 18 12 2 9 92%  65 4798 428 31%
c
c seconds  switched    rate           size/glue  tier1   binary      remaining
c        MB  reductions   conflicts         size   tier2   irredundant
c         level   restarts       redundant     glue   trail      variables
c
c - 75.81 14 14 0 261 637 1 2803816 10216 1.5 18 12 2 9 92%  65 4798 428 31%
c - 76.17 14 14 0 262 637 1 2819971 9202 1.4 18 12 2 9 92%  65 4798 428 31%
c - 76.56 14 14 0 263 644 1 2836158 9568 1.4 18 12 2 9 92%  65 4798 428 31%
c - 77.01 14 14 0 264 652 1 2852375 10570 1.4 18 12 2 9 92%  65 4798 428 31%
c B 77.06 14 14 0 264 652 1 2855433 12197 1.4 18 12 2 9 92%  65 4798 428 31%
c - 77.47 14 14 0 265 659 1 2868624 10962 1.5 18 12 2 9 92%  65 4798 428 31%
c - 77.98 15 14 0 266 667 1 2884902 11977 1.5 18 12 2 9 91%  65 4798 428 31%
c - 78.45 15 14 0 267 668 1 2901211 12674 1.5 19 12 2 9 91%  65 4798 428 31%
c u 78.58 15 14 0 267 668 1 2903794 13710 1.5 19 12 2 9 91%  65 4798 428 31%
c v 78.64 15 14 0 267 668 1 2903794 12454 1.5 19 12 2 9 91%  65 4798 428 31%
c w 78.73 15 14 0 267 668 1 2903794 9821 1.5 19 12 2 9 91%  65 4798 428 31%
c o 78.73 15 14 0 267 668 1 2903794 9821 1.5 19 12 2 9 91%  65 4798 428 31%
c - 79.13 14 14 0 268 675 1 2917552 8506 1.5 18 13 2 9 92%  65 4798 428 31%
c - 79.55 14 14 0 269 683 1 2933922 9892 1.5 19 13 2 9 92%  65 4798 428 31%
c - 79.99 15 14 0 270 690 1 2950324 11729 1.5 19 13 2 9 91%  65 4798 428 31%
c - 80.44 16 15 0 271 698 1 2966755 12019 1.5 19 13 2 9 91%  65 4798 428 31%
c - 80.85 16 15 0 272 699 1 2983217 13700 1.5 19 13 2 9 91%  65 4798 428 31%
c - 81.35 16 15 0 273 700 1 2999709 14336 1.6 20 13 2 9 91%  65 4798 428 31%
c - 81.82 16 14 0 274 700 1 3016231 13043 1.6 20 12 2 9 91%  65 4798 428 31%
c - 82.33 16 14 0 275 707 1 3032783 12567 1.6 20 12 2 9 91%  65 4798 428 31%
c
c seconds  switched    rate           size/glue  tier1   binary      remaining
c        MB  reductions   conflicts         size   tier2   irredundant
c         level   restarts       redundant     glue   trail      variables
c
c W 82.81 16 14 0 275 715 1 3048573 21124 1.6 20 12 2 9 91%  65 4798 428 31%
c - 82.83 16 14 0 276 715 1 3049367 13159 1.6 20 12 2 9 91%  65 4798 428 31%
c - 83.24 16 14 0 277 722 1 3065981 13544 1.6 20 12 2 9 92%  65 4798 428 31%
c - 83.64 16 14 0 278 730 1 3082624 13763 1.6 19 12 2 9 92%  65 4798 428 31%
c u 83.90 16 14 0 278 731 1 3092164 18077 1.6 19 12 2 9 92%  65 4798 428 31%
c v 83.99 16 14 0 278 731 1 3092164 16170 1.6 19 12 2 9 92%  65 4798 428 31%
c w 84.11 16 14 0 278 731 1 3092164 10657 1.6 19 12 2 9 92%  65 4798 428 31%
c - 84.28 14 14 0 279 731 1 3099298 9135 1.6 19 12 2 9 92%  65 4798 428 31%
c - 84.72 14 14 0 280 738 1 3116003 11940 1.6 19 12 2 9 92%  65 4798 428 31%
c - 85.25 15 14 0 281 746 1 3132736 12517 1.6 19 12 2 9 92%  65 4798 428 31%
c - 85.72 16 14 0 282 753 1 3149502 14675 1.6 19 12 2 9 92%  65 4798 428 31%
c - 86.13 16 14 0 283 761 1 3166295 14941 1.6 19 12 2 9 92%  65 4798 428 31%
c - 86.52 16 14 0 284 762 1 3183119 14085 1.6 19 12 2 9 91%  65 4798 428 31%
c - 86.94 16 13 0 285 763 1 3199971 13948 1.6 18 12 2 9 91%  65 4798 428 31%
c - 87.34 16 13 0 286 763 1 3216852 14799 1.6 18 11 2 9 91%  65 4798 428 31%
c - 87.74 16 13 0 287 764 1 3233764 15085 1.6 18 12 2 9 91%  65 4798 428 31%
c O 88.17 16 13 0 287 764 1 3249643 23980 1.6 18 11 2 9 91%  65 4798 428 31%
c o 88.17 16 13 0 287 764 1 3249643 23980 1.6 18 11 2 9 91%  65 4798 428 31%
c - 88.22 16 13 0 288 764 1 3250705 15394 1.6 18 11 2 9 91%  65 4798 428 31%
c - 88.76 16 14 0 289 764 1 3267675 14994 1.6 19 12 2 9 92%  65 4798 428 31%
c
c seconds  switched    rate           size/glue  tier1   binary      remaining
c        MB  reductions   conflicts         size   tier2   irredundant
c         level   restarts       redundant     glue   trail      variables
c
c - 89.26 16 14 0 290 764 1 3284675 13858 1.6 19 12 2 9 92%  65 4798 428 31%
c u 89.36 16 14 0 290 765 1 3287052 14546 1.6 19 12 2 9 92%  65 4798 428 31%
c v 89.45 16 14 0 290 765 1 3287052 12731 1.6 19 12 2 9 92%  65 4798 428 31%
c w 89.57 16 14 0 290 765 1 3287052 11575 1.6 19 12 2 9 92%  65 4798 428 31%
c x 89.58 16 14 0 290 765 1 3287052 11574 1.6 19 12 2 9 92%  65 4795 428 31%
c - 90.03 14 14 0 291 765 1 3301705 12031 1.6 19 12 2 9 92%  65 4795 428 31%
c - 90.58 16 14 0 292 765 1 3318764 13046 1.6 20 12 2 9 92%  65 4795 428 31%
c - 91.12 16 14 0 293 765 1 3335852 12945 1.6 19 12 2 9 92%  65 4795 428 31%
c - 91.62 16 14 0 294 765 1 3352969 14564 1.6 19 12 2 9 91%  65 4795 428 31%
c - 92.15 16 14 0 295 765 1 3370116 16210 1.6 19 12 2 9 91%  65 4795 428 31%
c - 92.68 16 14 0 296 765 1 3387291 16771 1.6 19 12 2 9 91%  65 4795 428 31%
c - 93.22 16 14 0 297 765 1 3404496 14047 1.6 19 12 2 8 90%  65 4795 428 31%
c - 93.76 16 14 0 298 769 1 3421729 14320 1.6 19 12 2 8 91%  65 4795 428 31%
c - 94.27 16 13 0 299 779 1 3438993 15045 1.6 19 11 2 8 91%  65 4795 428 31%
c - 94.84 16 14 0 300 786 1 3456284 15620 1.6 19 12 2 8 91%  65 4795 428 31%
c B 94.91 16 14 0 300 787 1 3458759 16726 1.6 19 12 2 8 91%  65 4795 428 31%
c - 95.41 16 13 0 301 794 1 3473605 15763 1.7 19 11 2 8 92%  65 4795 428 31%
c u 95.98 16 13 0 301 796 1 3488541 21330 1.6 19 11 2 8 92%  65 4795 428 31%
c v 96.16 16 13 0 301 796 1 3488541 19134 1.6 19 11 2 8 92%  65 4795 428 31%
c w 96.33 16 13 0 301 796 1 3488541 15337 1.6 19 11 2 8 92%  65 4795 428 31%
c
c seconds  switched    rate           size/glue  tier1   binary      remaining
c        MB  reductions   conflicts         size   tier2   irredundant
c         level   restarts       redundant     glue   trail      variables
c
c o 96.34 16 13 0 301 796 1 3488541 15337 1.6 19 11 2 8 92%  65 4795 428 31%
c - 96.42 14 13 0 302 796 1 3490955 11743 1.6 18 11 2 8 92%  65 4795 428 31%
c - 96.91 14 13 0 303 803 1 3508333 13043 1.6 18 11 2 8 92%  65 4795 428 31%
c - 97.34 16 13 0 304 811 1 3525739 13199 1.6 18 11 2 8 92%  65 4795 428 31%
c - 97.77 14 13 0 305 818 1 3543175 11603 1.6 18 12 2 8 93%  65 4795 428 31%
c - 98.21 14 14 0 306 826 1 3560640 9589 1.5 18 12 2 8 93%  65 4795 428 31%
c - 98.65 14 14 0 307 827 1 3578132 9212 1.5 18 12 2 8 93%  65 4795 428 31%
c - 99.07 14 14 0 308 828 1 3595653 9268 1.5 18 12 2 8 93%  65 4795 428 31%
c - 99.47 14 14 0 309 828 1 3613203 9134 1.5 18 12 2 8 93%  65 4795 428 31%
c - 99.89 14 14 0 310 839 1 3630782 9659 1.5 18 12 2 8 93%  65 4795 428 31%
c - 100.35 14 14 0 311 845 1 3648388 10473 1.5 18 12 2 8 93%  65 4795 428 31%
c - 100.75 14 14 0 312 856 1 3666023 11381 1.5 18 12 2 8 93%  65 4795 428 31%
c W 101.00 15 14 0 312 858 1 3676041 17190 1.5 18 12 2 8 93%  65 4795 428 31%
c - 101.21 14 14 0 313 859 1 3683687 12001 1.6 18 12 2 8 92%  65 4795 428 31%
c u 101.64 15 14 0 313 860 1 3696613 16660 1.5 18 12 2 8 93%  65 4795 428 31%
c v 101.71 15 14 0 313 860 1 3696613 14663 1.5 18 12 2 8 93%  65 4795 428 31%
c w 101.80 15 14 0 313 860 1 3696613 10208 1.5 18 12 2 8 93%  65 4795 428 31%
c - 101.92 14 13 0 314 864 1 3701379 9047 1.6 18 12 2 8 93%  65 4795 428 31%
c - 102.36 14 13 0 315 873 1 3719099 11742 1.6 18 12 2 8 93%  65 4795 428 31%
c - 102.77 16 14 0 316 881 1 3736849 13054 1.6 19 12 2 8 93%  65 4795 428 31%
c
c seconds   switched    rate           size/glue  tier1   binary      remaining
c         MB  reductions   conflicts         size   tier2   irredundant
c          level   restarts       redundant     glue   trail      variables
c
c - 103.22 16 14 0 317 889 1 3754625 12687 1.6 19 12 2 8 92%  65 4795 428 31%
c o 103.22 16 14 0 317 889 1 3754974 12910 1.6 19 12 2 8 92%  65 4795 428 31%
c - 103.70 16 14 0 318 890 1 3772430 12757 1.6 19 12 2 8 93%  65 4795 428 31%
c - 104.14 16 14 0 319 891 1 3790262 13671 1.6 19 12 2 8 92%  65 4795 428 31%
c - 104.63 16 14 0 320 891 1 3808125 15300 1.6 19 12 2 8 90%  65 4795 428 31%
c - 105.15 16 13 0 321 892 1 3826013 17152 1.6 18 11 2 8 89%  65 4795 428 31%
c - 105.68 16 13 0 322 892 1 3843929 18594 1.6 19 11 2 8 90%  65 4795 428 31%
c - 106.18 16 14 0 323 892 1 3861874 17495 1.7 19 11 2 8 89%  65 4795 428 31%
c - 106.63 16 13 0 324 895 1 3879846 18928 1.7 19 11 2 8 87%  65 4795 428 31%
c - 107.16 16 13 0 325 906 1 3897846 19357 1.7 18 11 2 8 88%  65 4795 428 31%
c I 107.28 16 13 0 325 907 1 3901607 20925 1.7 18 11 2 8 88%  65 4795 428 31%
c u 107.59 16 13 0 325 910 1 3911333 26675 1.7 19 11 2 8 89%  65 4795 428 31%
c v 107.75 16 13 0 325 910 1 3911333 23532 1.7 19 11 2 8 89%  65 4795 428 31%
c w 107.92 17 13 0 325 910 1 3911333 17125 1.7 19 11 2 8 89%  65 4795 428 31%
c - 108.06 14 13 0 326 913 1 3915873 12214 1.7 19 11 2 8 88%  65 4795 428 31%
c - 108.54 14 14 0 327 922 1 3933929 12345 1.6 19 12 2 8 89%  65 4795 428 31%
c - 108.96 14 14 0 328 923 1 3952012 12753 1.7 19 11 2 8 89%  65 4795 428 31%
c - 109.40 16 13 0 329 930 1 3970122 13745 1.6 19 11 2 8 89%  65 4795 428 31%
c - 109.81 16 13 0 330 938 1 3988260 14638 1.6 19 11 2 8 89%  65 4795 428 31%
c - 110.29 16 13 0 331 948 1 4006425 15021 1.6 19 11 2 8 89%  65 4795 428 31%
c
c seconds   switched    rate           size/glue  tier1   binary      remaining
c         MB  reductions   conflicts         size   tier2   irredundant
c          level   restarts       redundant     glue   trail      variables
c
c - 110.76 16 13 0 332 954 1 4024619 14249 1.6 18 11 2 8 89%  65 4795 428 31%
c - 111.29 16 13 0 333 955 1 4042839 14022 1.7 19 11 2 8 89%  65 4795 428 31%
c - 111.75 16 13 0 334 955 1 4061088 14070 1.7 19 11 2 8 89%  65 4795 428 31%
c - 112.19 16 13 0 335 960 1 4079363 14452 1.6 19 11 2 8 89%  65 4795 428 31%
c - 112.66 16 13 0 336 969 1 4097667 15045 1.6 19 11 2 8 88%  65 4795 428 31%
c - 113.12 16 13 0 337 977 1 4115997 15671 1.6 18 11 2 8 89%  65 4795 428 31%
c u 113.64 16 13 0 337 985 1 4132734 22644 1.6 18 11 2 8 89%  65 4795 428 31%
c v 113.75 16 13 0 337 985 1 4132734 20320 1.6 18 11 2 8 89%  65 4795 428 31%
c w 113.84 16 13 0 337 985 1 4132734 11738 1.6 18 11 2 8 89%  65 4795 428 31%
c o 113.84 16 13 0 337 985 1 4132734 11738 1.6 18 11 2 8 89%  65 4795 428 31%
c - 113.89 14 13 0 338 985 1 4134355 9066 1.6 18 11 2 8 89%  65 4795 428 31%
c B 113.92 14 13 0 338 985 1 4135574 9300 1.6 18 11 2 8 89%  65 4795 428 31%
c - 114.28 14 13 0 339 986 1 4152740 12098 1.6 17 11 2 8 90%  65 4795 428 31%
c - 114.72 16 13 0 340 996 1 4171151 14454 1.6 17 11 2 8 90%  65 4795 428 31%
c - 115.13 16 13 0 341 1003 1 4189592 15717 1.6 17 11 2 8 88%  65 4795 428 31%
c - 115.58 16 12 0 342 1014 1 4208058 17299 1.6 17 10 2 8 88%  65 4795 428 31%
c - 116.07 16 12 0 343 1017 1 4226552 17884 1.6 16 10 2 8 88%  65 4795 428 31%
c - 116.58 16 12 0 344 1018 1 4245073 18527 1.6 16 10 2 8 89%  65 4795 428 31%
c - 117.07 16 12 0 345 1018 1 4263620 18019 1.6 17 10 2 8 89%  66 4795 428 31%
c s 117.15 16 12 0 345 1018 1 4266979 19661 1.6 17 10 2 8 89%  69 4787 428 31%
c
c seconds   switched     rate           size/glue  tier1   binary      remaining
c         MB  reductions    conflicts         size   tier2   irredundant
c          level    restarts       redundant     glue   trail      variables
c
c s 117.15 16 12 0 345 1018 1 4266979 19661 1.6 17 10 2 8 89%  69 4775 428 31%
c - 117.58 16 12 0 346 1019 1 4282194 14863 1.6 17 11 2 8 89%  69 4775 428 31%
c - 118.06 16 13 0 347 1019 1 4300795 14934 1.6 17 11 2 8 89%  69 4775 428 31%
c - 118.51 16 13 0 348 1019 1 4319422 15306 1.6 17 11 2 8 89%  69 4775 428 31%
c - 119.07 16 13 0 349 1020 1 4338077 16144 1.6 18 11 2 8 88%  69 4775 428 31%
c - 119.63 16 13 0 350 1020 1 4356759 16266 1.6 18 11 2 8 87%  69 4775 428 31%
c u 119.79 16 13 0 350 1020 1 4360850 17780 1.6 18 11 2 8 87%  69 4775 428 31%
c v 119.90 16 13 0 350 1020 1 4360850 15001 1.6 18 11 2 8 87%  69 4775 428 31%
c w 120.03 16 13 0 350 1020 1 4360850 13459 1.6 18 11 2 8 87%  69 4775 428 31%
c - 120.34 16 13 0 351 1020 1 4375467 13650 1.6 18 11 2 8 85%  69 4775 428 31%
c W 120.39 16 13 0 351 1020 1 4378057 15367 1.6 18 11 2 8 85%  69 4775 428 31%
c - 120.82 16 13 0 352 1020 1 4394201 13920 1.6 18 11 2 8 85%  69 4775 428 31%
c - 121.35 16 13 0 353 1020 1 4412962 13558 1.6 18 11 2 8 86%  69 4775 428 31%
c - 121.85 16 13 0 354 1020 1 4431751 13882 1.6 18 11 2 8 86%  69 4775 428 31%
c - 122.34 16 13 0 355 1020 1 4450567 14723 1.6 18 11 2 8 86%  69 4775 428 31%
c - 122.89 16 13 0 356 1021 1 4469408 14762 1.6 18 11 2 8 86%  69 4775 428 31%
c - 123.46 16 13 0 357 1021 1 4488276 14136 1.6 18 11 2 8 86%  69 4775 428 31%
c - 124.02 16 13 0 358 1021 1 4507170 14461 1.6 18 11 2 8 87%  69 4775 428 31%
c - 124.52 16 13 0 359 1021 1 4526091 15251 1.6 18 11 2 8 88%  69 4775 428 31%
c - 125.06 16 13 0 360 1021 1 4545039 16541 1.6 17 11 2 8 88%  69 4775 428 31%
c
c seconds   switched     rate           size/glue  tier1   binary      remaining
c         MB  reductions    conflicts         size   tier2   irredundant
c          level    restarts       redundant     glue   trail      variables
c
c - 125.62 16 13 0 361 1021 1 4564012 16748 1.6 17 11 2 8 89%  69 4775 428 31%
c - 126.14 16 13 0 362 1021 1 4583012 15634 1.6 17 11 2 8 89%  69 4775 428 31%
c u 126.58 16 13 0 362 1021 1 4595834 20723 1.6 17 11 2 8 90%  69 4775 428 31%
c v 126.70 16 13 0 362 1021 1 4595834 18331 1.6 17 11 2 8 90%  69 4775 428 31%
c w 126.86 16 13 0 362 1021 1 4595834 14130 1.6 17 11 2 8 90%  69 4775 428 31%
c o 126.86 16 13 0 362 1021 1 4595834 14130 1.6 17 11 2 8 90%  69 4775 428 31%
c - 127.03 14 13 0 363 1021 1 4602039 12781 1.6 17 11 2 8 90%  69 4775 428 31%
c - 127.52 16 12 0 364 1021 1 4621092 16057 1.6 17 11 2 8 90%  69 4775 428 31%
c O 127.73 16 12 0 364 1021 1 4629167 19951 1.6 17 10 2 8 90%  69 4775 428 31%
c - 127.95 16 13 0 365 1021 1 4640170 17471 1.6 17 11 2 8 88%  69 4775 428 31%
c - 128.28 16 13 0 366 1021 1 4659275 16854 1.6 18 11 2 8 83%  69 4775 428 31%
c - 128.65 16 13 0 367 1021 1 4678407 15567 1.6 18 11 2 8 80%  69 4775 428 31%
c - 129.01 16 13 0 368 1021 1 4697564 15736 1.7 18 11 2 8 77%  69 4775 428 31%
c - 129.38 16 13 0 369 1021 1 4716747 16453 1.7 19 11 2 8 74%  69 4775 428 31%
c - 129.78 16 13 0 370 1022 1 4735956 16826 1.7 19 11 2 8 73%  69 4775 428 31%
c - 130.17 16 13 0 371 1022 1 4755191 17711 1.7 19 11 2 8 71%  69 4775 428 31%
c - 130.61 16 14 0 372 1022 1 4774452 17021 1.7 19 11 2 8 71%  69 4775 428 31%
c - 130.98 16 13 0 373 1022 1 4793740 16781 1.7 19 11 2 8 69%  69 4775 428 31%
c - 131.36 16 13 0 374 1022 1 4813053 18077 1.7 19 11 2 8 68%  69 4775 428 31%
c - 131.77 16 13 0 375 1022 1 4832392 18946 1.7 18 11 2 8 67%  69 4775 428 31%
c
c seconds   switched     rate           size/glue  tier1   binary      remaining
c         MB  reductions    conflicts         size   tier2   irredundant
c          level    restarts       redundant     glue   trail      variables
c
c u 131.92 16 13 0 375 1022 1 4837603 21601 1.7 18 11 2 8 67%  69 4775 428 31%
c v 132.05 16 13 0 375 1022 1 4837603 19921 1.7 18 11 2 8 67%  69 4775 428 31%
c w 132.10 16 13 0 375 1022 1 4837603 19543 1.7 18 11 2 8 67%  69 4775 428 31%
c x 132.11 16 13 0 375 1022 1 4837603 19540 1.7 18 11 2 8 67%  69 4757 428 31%
c s 132.11 16 13 0 375 1022 1 4837603 19540 1.7 18 11 2 8 67%  69 4755 428 31%
c e 132.11 16 13 0 375 1022 1 4837603 19540 1.7 18 11 2 8 67%  68 4786 426 31%
c s 132.11 16 13 0 375 1022 1 4837603 19540 1.7 18 11 2 8 67%  68 4768 426 31%
c - 132.37 16 13 0 376 1022 1 4851756 17679 1.7 19 11 2 8 66%  68 4768 426 31%
c - 132.76 17 14 0 377 1022 1 4871146 17968 1.8 20 11 2 8 67%  68 4768 426 31%
c B 133.08 17 14 0 377 1022 1 4889018 32583 1.8 20 11 2 8 67%  68 4768 426 31%
c o 133.08 17 14 0 377 1022 1 4889018 32583 1.8 20 11 2 8 67%  68 4768 426 31%
c - 133.13 17 14 0 378 1022 1 4890563 15866 1.8 20 11 2 8 67%  68 4768 426 31%
c - 133.58 17 13 0 379 1022 1 4910006 15537 1.7 19 11 2 8 71%  69 4768 426 31%
c - 134.03 17 13 0 380 1022 1 4929474 17156 1.7 18 10 2 8 74%  69 4768 426 31%
c - 134.47 17 12 0 381 1022 1 4948967 18426 1.7 17 10 2 8 78%  70 4768 426 31%
c - 134.94 17 12 0 382 1022 1 4968486 20105 1.7 16 10 2 8 80%  70 4768 426 31%
c i 135.36 17 11 0 382 1022 1 4986664 26257 1.7 15 9 2 8 82%  84 4768 425 31%
c - 135.40 14 11 0 383 1022 1 4988030 8705 1.7 15 9 2 8 82%  64 4768 425 31%
c - 135.94 14 12 0 384 1022 1 5007600 9601 1.6 16 10 2 8 84%  64 4768 425 31%
c - 136.51 14 12 0 385 1022 1 5027195 9367 1.6 16 10 2 8 86%  64 4768 425 31%
c
c seconds   switched     rate          size/glue  tier1   binary      remaining
c         MB  reductions    conflicts        size   tier2   irredundant
c          level    restarts      redundant     glue   trail      variables
c
c - 137.08 14 12 0 386 1022 1 5046816 9467 1.5 16 11 2 8 87%  64 4768 425 31%
c - 137.61 14 12 0 387 1022 1 5066462 10264 1.5 16 11 2 8 88%  64 4768 425 31%
c - 138.22 14 13 0 388 1022 1 5086135 11746 1.5 16 11 2 8 89%  64 4768 425 31%
c u 138.26 14 13 0 388 1022 1 5086330 11162 1.5 16 11 2 8 89%  72 4536 425 31%
c v 138.32 14 13 0 388 1022 1 5086330 10114 1.5 16 11 2 8 89%  72 4536 425 31%
c w 138.35 14 13 0 388 1022 1 5086330 9098 1.5 16 11 2 8 89%  72 4536 425 31%
c d 138.35 14 13 0 388 1022 1 5086330 9098 1.5 16 11 2 8 89%  70 4535 424 31%
c t 138.35 14 13 0 388 1022 1 5086330 9098 1.5 16 11 2 8 89%  69 4535 424 31%
c u 138.38 14 13 0 388 1022 1 5086330 8920 1.5 16 11 2 8 89%  69 4535 424 31%
c v 138.42 14 13 0 388 1022 1 5086330 8457 1.5 16 11 2 8 89%  69 4535 424 31%
c w 138.44 14 13 0 388 1022 1 5086330 8222 1.5 16 11 2 8 89%  69 4535 424 31%
c - 139.05 14 13 0 389 1022 1 5105832 10369 1.5 17 11 2 8 90%  69 4535 424 31%
c - 139.66 14 13 0 390 1022 1 5125555 11753 1.5 17 11 2 8 90%  69 4535 424 31%
c - 140.18 16 13 0 391 1022 1 5145304 12591 1.5 17 11 2 8 91%  69 4535 424 31%
c W 140.53 16 13 0 391 1022 1 5157719 17981 1.5 17 11 2 8 91%  69 4535 424 31%
c - 140.75 16 13 0 392 1022 1 5165079 12445 1.5 17 11 2 8 91%  69 4535 424 31%
c - 141.27 16 13 0 393 1022 1 5184878 13515 1.6 18 11 2 8 91%  69 4535 424 31%
c - 141.81 16 13 0 394 1022 1 5204702 14615 1.6 18 11 2 8 90%  69 4535 424 31%
c - 142.38 16 13 0 395 1022 1 5224552 15451 1.6 17 11 2 8 90%  69 4535 424 31%
c - 142.95 16 13 0 396 1022 1 5244426 15475 1.6 18 11 2 8 91%  69 4535 424 31%
c
c seconds   switched     rate           size/glue  tier1   binary      remaining
c         MB  reductions    conflicts         size   tier2   irredundant
c          level    restarts       redundant     glue   trail      variables
c
c - 143.60 16 13 0 397 1029 1 5264326 13989 1.6 18 11 2 8 92%  69 4535 424 31%
c - 144.13 16 13 0 398 1037 1 5284250 13596 1.6 18 11 2 8 92%  69 4535 424 31%
c - 144.74 16 13 0 399 1047 1 5304200 16444 1.6 18 11 2 8 92%  69 4535 424 31%
c - 145.43 16 13 0 400 1053 1 5324174 18977 1.6 18 11 2 8 92%  69 4535 424 31%
c u 146.18 16 13 0 400 1058 1 5343808 25666 1.6 18 11 2 8 92%  69 4535 424 31%
c v 146.39 16 13 0 400 1058 1 5343808 23146 1.6 18 11 2 8 92%  69 4535 424 31%
c w 146.64 16 13 0 400 1058 1 5343808 16889 1.6 18 11 2 8 92%  69 4535 424 31%
c = 147.59 26 13 0 400 1058 1 5343808 16889 1.6 18 11 2 8 92%  69 4523 423 31%
c u 147.64 26 13 0 400 1058 1 5343808 16624 1.6 18 11 2 8 92%  69 4523 423 31%
c v 147.79 26 13 0 400 1058 1 5343808 15282 1.6 18 11 2 8 92%  69 4523 423 31%
c w 147.95 26 13 0 400 1058 1 5343808 14394 1.6 18 11 2 8 92%  69 4523 423 31%
c x 147.96 26 13 0 400 1058 1 5343808 14391 1.6 18 11 2 8 92%  69 4462 423 31%
c o 147.96 26 13 0 400 1058 1 5343808 14391 1.6 18 11 2 8 92%  69 4462 423 31%
c - 147.98 24 13 0 401 1059 1 5344175 11199 1.6 18 11 2 8 92%  68 4462 423 31%
c - 148.62 26 13 0 402 1068 1 5364200 12783 1.6 18 11 2 8 93%  68 4462 423 31%
c - 149.25 26 13 0 403 1077 1 5384249 14293 1.6 18 11 2 8 93%  68 4462 423 31%
c - 149.92 26 13 0 404 1084 1 5404324 15470 1.6 18 11 2 8 93%  68 4462 423 31%
c - 150.56 26 13 0 405 1085 1 5424423 17646 1.6 18 11 2 8 93%  68 4462 423 31%
c I 150.93 26 13 0 405 1085 1 5435382 23315 1.6 18 11 2 8 93%  68 4462 423 31%
c e 151.06 26 13 0 405 1085 1 5441978 27762 1.6 18 11 2 8 93%  62 4643 407 30%
c
c seconds   switched     rate           size/glue  tier1   binary      remaining
c         MB  reductions    conflicts         size   tier2   irredundant
c          level    restarts       redundant     glue   trail      variables
c
c s 151.06 26 13 0 405 1085 1 5441978 27762 1.6 18 11 2 8 93%  62 4590 407 30%
c e 151.07 26 13 0 405 1085 1 5441978 27762 1.6 18 11 2 8 93%  60 4608 405 30%
c - 151.13 26 13 0 406 1085 1 5444548 16858 1.6 18 11 2 8 93%  60 4608 405 30%
c - 151.59 26 13 0 407 1092 1 5464697 14630 1.6 19 11 2 8 93%  60 4608 405 30%
c - 152.10 26 13 0 408 1100 1 5484872 13664 1.6 18 11 2 8 93%  60 4608 405 30%
c - 152.61 26 13 0 409 1113 1 5505072 14623 1.6 19 11 2 8 93%  60 4608 405 30%
c - 153.16 26 13 0 410 1116 1 5525296 15830 1.7 19 11 2 8 93%  60 4608 405 30%
c - 153.70 26 13 0 411 1123 1 5545546 15681 1.6 19 11 2 8 93%  60 4608 405 30%
c - 154.23 26 13 0 412 1131 1 5565820 15384 1.6 19 11 2 8 93%  60 4608 405 30%
c - 154.75 26 13 0 413 1143 1 5586117 16610 1.6 19 11 2 8 93%  60 4608 405 30%
c - 155.29 26 13 0 414 1147 1 5606440 17148 1.6 18 11 2 8 93%  60 4608 405 30%
c u 155.40 26 13 0 414 1147 1 5608891 17732 1.6 18 11 2 8 93%  60 4608 405 30%
c v 155.52 26 13 0 414 1147 1 5608891 15933 1.6 18 11 2 8 93%  60 4608 405 30%
c w 155.63 26 13 0 414 1147 1 5608891 13359 1.6 18 11 2 8 93%  60 4608 405 30%
c - 156.06 24 14 0 415 1148 1 5626786 12771 1.6 18 12 2 8 93%  60 4608 405 30%
c - 156.54 24 14 0 416 1148 1 5647158 12532 1.6 18 12 2 8 93%  60 4608 405 30%
c - 157.04 26 14 0 417 1149 1 5667555 14647 1.6 18 12 2 8 93%  60 4608 405 30%
c - 157.70 26 14 0 418 1149 1 5687975 14965 1.6 18 12 2 8 93%  60 4608 405 30%
c - 158.31 26 14 0 419 1149 1 5708420 13639 1.5 18 12 2 8 93%  60 4608 405 30%
c B 158.69 26 14 0 419 1155 1 5722116 18589 1.5 18 12 2 8 93%  60 4608 405 30%
c
c seconds   switched     rate           size/glue  tier1   binary      remaining
c         MB  reductions    conflicts         size   tier2   irredundant
c          level    restarts       redundant     glue   trail      variables
c
c o 158.69 26 14 0 419 1155 1 5722116 18589 1.5 18 12 2 8 93%  60 4608 405 30%
c - 158.90 26 14 0 420 1157 1 5728890 13556 1.5 18 12 2 8 93%  60 4608 405 30%
c - 159.39 26 13 0 421 1165 1 5749383 15493 1.6 18 12 2 8 94%  60 4608 405 30%
c - 159.95 26 13 0 422 1178 1 5769902 15468 1.6 18 12 2 8 94%  60 4608 405 30%
c - 160.52 26 13 0 423 1180 1 5790444 15877 1.5 18 11 2 8 94%  60 4608 405 30%
c - 161.15 26 13 0 424 1189 1 5811011 16399 1.6 18 12 2 8 94%  60 4608 405 30%
c - 161.84 26 13 0 425 1197 1 5831602 16223 1.6 18 12 2 8 94%  60 4608 405 30%
c - 162.42 26 13 0 426 1209 1 5852217 16964 1.6 18 11 2 8 94%  60 4608 405 30%
c - 163.07 26 13 0 427 1211 1 5872856 19118 1.6 18 11 2 8 93%  60 4608 405 30%
c u 163.33 26 13 0 427 1212 1 5879686 21493 1.6 18 11 2 8 93%  60 4608 405 30%
c v 163.51 26 13 0 427 1212 1 5879686 19192 1.6 18 11 2 8 93%  60 4608 405 30%
c w 163.63 26 13 0 427 1212 1 5879686 17818 1.6 18 11 2 8 93%  60 4608 405 30%
c x 163.64 26 13 0 427 1212 1 5879686 17818 1.6 18 11 2 8 93%  61 4561 405 30%
c t 163.64 26 13 0 427 1212 1 5879686 17818 1.6 18 11 2 8 93%  60 4561 405 30%
c - 164.02 26 13 0 428 1212 1 5893519 17800 1.6 18 11 2 8 93%  60 4561 405 30%
c - 164.55 26 12 0 429 1214 1 5914208 20139 1.6 17 11 2 8 93%  60 4561 405 30%
c - 165.20 27 13 0 430 1226 1 5934921 20455 1.7 18 11 2 8 93%  60 4561 405 30%
c - 165.85 27 13 0 431 1234 1 5955657 17282 1.7 19 11 2 8 92%  60 4561 405 30%
c - 166.51 27 13 0 432 1242 1 5976418 17351 1.8 19 11 2 8 92%  60 4561 405 30%
c - 167.12 27 13 0 433 1246 1 5997203 17992 1.8 19 11 2 8 91%  60 4561 405 30%
c
c seconds   switched     rate           size/glue  tier1   binary      remaining
c         MB  reductions    conflicts         size   tier2   irredundant
c          level    restarts       redundant     glue   trail      variables
c
c - 167.90 27 13 0 434 1257 1 6018011 15271 1.8 19 11 2 7 92%  60 4561 405 30%
c W 167.95 27 13 0 434 1257 1 6018026 15275 1.8 19 11 2 7 92%  60 4561 405 30%
c - 168.50 27 13 0 435 1265 1 6038843 15056 1.8 20 11 2 7 92%  60 4561 405 30%
c - 169.07 27 13 0 436 1273 1 6059700 15029 1.8 20 11 2 7 92%  60 4561 405 30%
c - 169.60 27 13 0 437 1275 1 6080580 14537 1.8 19 11 2 7 92%  60 4561 405 30%
c s 170.14 27 13 0 437 1275 1 6097703 22317 1.7 19 11 2 7 91%  60 4560 405 30%
c o 170.14 27 13 0 437 1275 1 6097703 22317 1.7 19 11 2 7 91%  60 4560 405 30%
c - 170.30 27 13 0 438 1275 1 6101485 14870 1.7 19 11 2 7 91%  60 4560 405 30%
c - 171.04 27 13 0 439 1276 1 6122414 15304 1.7 19 11 2 7 91%  60 4560 405 30%
c - 171.71 27 13 0 440 1276 1 6143368 15427 1.7 19 11 2 7 92%  60 4560 405 30%
c u 172.29 27 13 0 440 1276 1 6157911 21427 1.7 19 11 2 7 92%  60 4560 405 30%
c v 172.40 27 13 0 440 1276 1 6157911 18439 1.7 19 11 2 7 92%  60 4560 405 30%
c w 172.59 27 13 0 440 1276 1 6157911 14260 1.7 19 11 2 7 92%  60 4560 405 30%
c x 172.61 27 13 0 440 1276 1 6157911 14256 1.7 19 11 2 7 92%  60 4553 405 30%
c - 173.95 25 13 0 441 1276 1 6164345 11763 1.7 19 11 2 7 92%  60 4553 405 30%
c - 174.57 27 13 0 442 1277 1 6185346 13550 1.6 19 11 2 7 91%  60 4553 405 30%
c - 175.21 27 13 0 443 1277 1 6206371 15008 1.6 19 11 2 7 91%  60 4553 405 30%
c - 175.76 27 13 0 444 1277 1 6227418 16146 1.6 18 11 2 7 89%  60 4553 405 30%
c - 176.43 27 13 0 445 1277 1 6248490 15780 1.6 18 11 2 7 89%  60 4553 405 30%
c - 177.12 27 13 0 446 1277 1 6269586 17010 1.6 18 11 2 7 90%  60 4553 405 30%
c
c seconds   switched     rate           size/glue  tier1   binary      remaining
c         MB  reductions    conflicts         size   tier2   irredundant
c          level    restarts       redundant     glue   trail      variables
c
c - 177.77 27 13 0 447 1277 1 6290704 17598 1.6 18 11 2 7 91%  60 4553 405 30%
c - 178.40 27 13 0 448 1282 1 6311846 18224 1.7 18 11 2 7 91%  60 4553 405 30%
c O 178.74 27 13 0 448 1288 1 6323220 24429 1.7 18 11 2 7 91%  60 4553 405 30%
c - 179.09 27 13 0 449 1292 1 6333013 19161 1.7 18 11 2 7 91%  60 4553 405 30%
c - 179.89 27 12 0 450 1302 1 6354202 19005 1.7 18 11 2 7 92%  60 4553 405 30%
c - 180.63 27 12 0 451 1308 1 6375416 17841 1.7 18 11 2 7 92%  60 4553 405 30%
c - 181.37 27 12 0 452 1314 1 6396652 17616 1.7 17 10 2 7 92%  60 4553 405 30%
c - 182.12 27 12 0 453 1323 1 6417913 17824 1.6 17 10 2 7 93%  60 4553 405 30%
c - 182.83 27 12 0 454 1335 1 6439197 16852 1.6 16 10 2 7 93%  60 4553 405 30%
c u 183.03 27 12 0 454 1337 1 6443212 17219 1.6 16 10 2 7 93%  60 4553 405 30%
c v 183.14 27 12 0 454 1337 1 6443212 14447 1.6 16 10 2 7 93%  60 4553 405 30%
c w 183.18 27 12 0 454 1337 1 6443212 11686 1.6 16 10 2 7 93%  60 4553 405 30%
c o 183.18 27 12 0 454 1337 1 6443212 11686 1.6 16 10 2 7 93%  60 4553 405 30%
c - 183.70 25 12 0 455 1339 1 6460504 12648 1.6 16 10 2 7 93%  60 4553 405 30%
c - 184.33 27 12 0 456 1340 1 6481835 14395 1.6 17 11 2 7 93%  60 4553 405 30%
c - 185.03 27 12 0 457 1340 1 6503189 14810 1.6 17 11 2 7 93%  60 4553 405 30%
c - 185.67 27 12 0 458 1354 1 6524567 15418 1.6 17 11 2 7 93%  60 4553 405 30%
c - 186.31 27 12 0 459 1362 1 6545967 15413 1.6 17 11 2 7 93%  60 4553 405 30%
c - 186.97 27 12 0 460 1370 1 6567392 15216 1.5 16 11 2 7 93%  60 4553 405 30%
c - 187.57 27 12 0 461 1374 1 6588839 14484 1.5 16 11 2 7 93%  60 4553 405 30%
c
c seconds   switched     rate           size/glue  tier1   binary      remaining
c         MB  reductions    conflicts         size   tier2   irredundant
c          level    restarts       redundant     glue   trail      variables
c
c - 188.14 27 12 0 462 1386 1 6610309 14730 1.5 16 11 2 7 94%  60 4553 405 30%
c - 188.77 27 12 0 463 1395 1 6631803 16512 1.5 16 10 2 7 93%  60 4553 405 30%
c B 188.94 27 12 0 463 1399 1 6637803 19400 1.5 16 10 2 7 93%  60 4553 405 30%
c - 189.42 27 12 0 464 1402 1 6653320 16893 1.5 16 11 2 7 92%  60 4553 405 30%
c - 190.04 27 12 0 465 1403 1 6674861 15162 1.5 17 11 2 7 93%  60 4553 405 30%
c - 190.68 27 12 0 466 1403 1 6696425 15709 1.6 17 11 2 7 93%  60 4553 405 30%
c - 191.32 27 12 0 467 1404 1 6718013 15768 1.5 16 11 2 7 93%  60 4553 405 30%
c u 191.88 27 12 0 467 1404 1 6735580 20849 1.5 16 10 2 7 94%  65 4553 405 30%
c v 192.00 27 12 0 467 1404 1 6735580 18203 1.5 16 10 2 7 94%  65 4553 405 30%
c w 192.09 27 12 0 467 1404 1 6735580 13600 1.5 16 10 2 7 94%  65 4553 405 30%
c x 192.10 27 12 0 467 1404 1 6735580 13593 1.5 16 10 2 7 94%  67 4432 405 30%
c t 192.10 27 12 0 467 1404 1 6735580 13593 1.5 16 10 2 7 94%  65 4432 405 30%
c - 192.24 25 12 0 468 1404 1 6739623 11193 1.5 16 11 2 7 94%  65 4432 405 30%
c - 192.81 25 12 0 469 1404 1 6761256 12825 1.5 16 11 2 7 93%  65 4432 405 30%
c - 193.39 27 12 0 470 1415 1 6782913 14054 1.5 16 11 2 7 93%  65 4432 405 30%
c s 193.92 27 12 0 470 1423 1 6803720 23346 1.5 16 11 2 7 93%  65 4416 405 30%
c e 193.92 27 12 0 470 1423 1 6803720 23346 1.5 16 11 2 7 93%  62 4458 402 29%
c s 193.92 27 12 0 470 1423 1 6803720 23346 1.5 16 11 2 7 93%  62 4445 402 29%
c o 193.92 27 12 0 470 1423 1 6803720 22785 1.5 16 11 2 7 93%  62 4445 402 29%
c - 193.96 27 12 0 471 1424 1 6804593 15302 1.5 16 11 2 7 93%  62 4445 402 29%
c
c seconds   switched     rate           size/glue  tier1   binary      remaining
c         MB  reductions    conflicts         size   tier2   irredundant
c          level    restarts       redundant     glue   trail      variables
c
c - 194.52 27 12 0 472 1434 1 6826297 17695 1.6 16 10 2 7 93%  63 4445 402 29%
c - 195.21 27 12 0 473 1435 1 6848022 18345 1.6 16 11 2 7 92%  63 4445 402 29%
c - 195.87 27 12 0 474 1449 1 6869770 15341 1.5 16 11 2 7 92%  63 4445 402 29%
c - 196.54 27 12 0 475 1457 1 6891542 15348 1.5 16 11 2 7 92%  63 4445 402 29%
c - 197.21 27 12 0 476 1465 1 6913336 15538 1.5 16 10 2 7 92%  63 4445 402 29%
c - 197.92 27 12 0 477 1467 1 6935154 15673 1.5 16 11 2 7 92%  63 4445 402 29%
c - 198.61 27 12 0 478 1467 1 6956994 16068 1.5 16 11 2 7 91%  63 4445 402 29%
c W 198.76 27 12 0 478 1467 1 6961879 19070 1.5 16 11 2 7 91%  63 4445 402 29%
c - 199.20 27 13 0 479 1477 1 6978858 16136 1.5 16 11 2 7 89%  63 4445 402 29%
c - 199.91 27 13 0 480 1486 1 7000745 15655 1.5 17 11 2 7 89%  63 4445 402 29%
c - 200.54 27 13 0 481 1497 1 7022654 15869 1.5 17 11 2 7 89%  63 4445 402 29%
c u 201.00 27 13 0 481 1498 1 7036223 20546 1.5 17 11 2 7 90%  66 4445 402 29%
c v 201.15 27 13 0 481 1498 1 7036223 18106 1.5 17 11 2 7 90%  66 4445 402 29%
c w 201.25 27 13 0 481 1498 1 7036223 13957 1.5 17 11 2 7 90%  66 4445 402 29%
c x 201.26 27 13 0 481 1498 1 7036223 13956 1.5 17 11 2 7 90%  66 4392 402 29%
c - 201.54 25 13 0 482 1498 1 7044587 12732 1.5 17 11 2 7 90%  66 4392 402 29%
c - 202.13 27 13 0 483 1512 1 7066541 15033 1.6 17 11 2 7 90%  66 4392 402 29%
c - 202.78 27 13 0 484 1520 1 7088518 16578 1.6 17 11 2 7 91%  66 4392 402 29%
c - 203.52 27 13 0 485 1528 1 7110518 17454 1.6 17 11 2 7 90%  66 4392 402 29%
c - 204.24 27 13 0 486 1530 1 7132540 17530 1.6 17 11 2 7 91%  66 4392 402 29%
c
c seconds   switched     rate           size/glue  tier1   binary      remaining
c         MB  reductions    conflicts         size   tier2   irredundant
c          level    restarts       redundant     glue   trail      variables
c
c - 204.94 27 13 0 487 1530 1 7154585 18269 1.6 17 11 2 7 90%  66 4392 402 29%
c - 205.67 27 13 0 488 1531 1 7176654 19161 1.6 17 11 2 7 88%  66 4392 402 29%
c - 206.18 27 13 0 489 1531 1 7198745 21767 1.6 17 10 2 7 85%  66 4392 402 29%
c - 206.79 27 12 0 490 1531 1 7220859 22315 1.7 17 10 2 7 84%  67 4392 402 29%
c - 207.59 27 12 0 491 1532 1 7242994 21158 1.7 17 10 2 7 86%  67 4392 402 29%
c - 208.31 27 12 0 492 1532 1 7265152 19396 1.7 17 10 2 7 87%  67 4392 402 29%
c - 209.11 27 12 0 493 1532 1 7287335 18742 1.6 17 10 2 7 88%  67 4392 402 29%
c I 209.40 27 12 0 493 1532 1 7295551 22063 1.6 16 10 2 7 88%  67 4392 402 29%
c o 209.41 27 12 0 493 1532 1 7295551 22063 1.6 16 10 2 7 88%  67 4392 402 29%
c - 209.75 27 12 0 494 1532 1 7309538 18961 1.6 17 10 2 7 89%  67 4392 402 29%
c - 210.36 27 12 0 495 1532 1 7331765 18441 1.6 17 11 2 7 90%  67 4392 402 29%
c u 210.79 27 12 0 495 1532 1 7344418 22309 1.6 17 11 2 7 90%  67 4392 402 29%
c v 210.97 27 12 0 495 1532 1 7344418 19282 1.6 17 11 2 7 90%  69 4392 402 29%
c w 211.12 27 12 0 495 1532 1 7344418 15891 1.6 17 11 2 7 90%  69 4392 402 29%
c x 211.14 27 12 0 495 1532 1 7344418 15887 1.6 17 11 2 7 90%  77 4317 402 29%
c - 211.36 25 12 0 496 1532 1 7354014 12889 1.6 17 10 2 7 90%  77 4317 402 29%
c - 211.93 26 12 0 497 1533 1 7376285 13839 1.6 16 10 2 7 91%  77 4317 402 29%
c - 212.53 27 12 0 498 1533 1 7398580 15706 1.6 16 10 2 7 91%  77 4317 402 29%
c - 213.15 27 12 0 499 1533 1 7420896 16530 1.6 16 10 2 7 91%  77 4317 402 29%
c - 213.78 27 12 0 500 1533 1 7443236 16357 1.5 15 10 2 7 91%  77 4317 402 29%
c
c seconds   switched     rate           size/glue  tier1   binary      remaining
c         MB  reductions    conflicts         size   tier2   irredundant
c          level    restarts       redundant     glue   trail      variables
c
c - 214.37 27 12 0 501 1533 1 7465597 17490 1.5 15 10 2 7 91%  77 4317 402 29%
c - 215.04 27 11 0 502 1533 1 7487980 19074 1.5 15 10 2 7 91%  78 4317 402 29%
c - 215.58 27 12 0 503 1533 1 7510387 18725 1.5 15 10 2 7 90%  78 4317 402 29%
c - 216.15 27 11 0 504 1533 1 7532814 16328 1.5 15 10 2 7 90%  78 4317 402 29%
c - 216.74 27 11 0 505 1533 1 7555263 17299 1.5 15 10 2 7 90%  78 4317 402 29%
c s 216.90 27 11 0 505 1533 1 7562980 20290 1.5 14 9 2 7 91%  78 4288 402 29%
c e 216.90 27 11 0 505 1533 1 7562980 20290 1.5 14 9 2 7 91%  75 4350 398 29%
c s 216.90 27 11 0 505 1533 1 7562980 20290 1.5 14 9 2 7 91%  75 4313 398 29%
c - 217.29 27 11 0 506 1533 1 7577736 17794 1.5 14 9 2 7 91%  76 4313 398 29%
c - 217.81 27 11 0 507 1533 1 7600230 17563 1.5 13 9 2 7 91%  76 4313 398 29%
c - 218.41 27 10 0 508 1536 1 7622746 16352 1.4 13 9 2 7 91%  77 4313 398 29%
c B 218.86 27 10 0 508 1546 1 7638923 19379 1.4 12 9 2 7 91%  78 4313 398 29%
c o 218.86 27 10 0 508 1546 1 7638923 19379 1.4 12 9 2 7 91%  78 4313 398 29%
c - 219.05 27 10 0 509 1548 1 7645284 16101 1.4 12 9 2 7 92%  78 4313 398 29%
c u 219.51 27 10 0 509 1555 1 7660510 20547 1.4 12 9 2 7 92% 107 4313 398 29%
c v 219.57 27 10 0 509 1555 1 7660510 15306 1.4 12 9 2 7 92% 101 4313 398 29%
c w 219.60 27 10 0 509 1555 1 7660510 10026 1.4 12 9 2 7 92% 101 4313 398 29%
c x 219.61 27 10 0 509 1555 1 7660510 10018 1.4 12 9 2 7 92% 114 4191 398 29%
c t 220.53 27 10 0 509 1555 1 7660510 10018 1.4 12 9 2 7 92%  96 4191 398 29%
c - 220.71 25 10 0 510 1558 1 7667845 11589 1.4 12 9 2 7 92% 103 4191 398 29%
c
c seconds   switched     rate           size/glue tier1   binary      remaining
c         MB  reductions    conflicts         size  tier2   irredundant
c          level    restarts       redundant    glue   trail      variables
c
c i 220.71 25 10 0 510 1558 1 7667941 11597 1.4 12 9 2 7 92% 111 4191 397 29%
c i 220.92 25 10 0 510 1562 1 7676380 13963 1.4 12 8 2 7 92% 124 4191 395 29%
c - 221.26 25 10 0 511 1564 1 7690428 10456 1.4 12 8 2 7 92% 129 3687 395 29%
c - 221.82 26 10 0 512 1571 1 7713034 15498 1.4 12 8 2 7 92% 130 3687 395 29%
c i 222.18 26 9 0 512 1579 1 7728387 20107 1.4 11 8 2 7 92% 146 3687 393 29%
c - 222.39 25 9 0 513 1581 1 7735661 9081 1.4 11 8 2 7 92% 130 3687 393 29%
c i 222.86 26 9 0 513 1592 1 7754559 15679 1.4 11 8 2 7 92% 146 3687 388 28%
c i 222.92 26 9 0 513 1593 1 7756398 16214 1.4 11 8 2 7 92% 155 3687 384 28%
c - 222.97 26 9 0 514 1593 1 7758311 8862 1.4 11 8 2 7 92% 118 3687 384 28%
c i 223.14 26 9 0 514 1594 1 7765850 11673 1.4 11 8 2 7 92% 133 3687 378 28%
c i 223.21 26 9 0 514 1595 1 7768848 12688 1.4 11 7 2 7 92% 146 3687 376 28%
c i 223.28 26 9 0 514 1595 1 7771299 13408 1.4 11 7 2 7 92% 157 3687 360 26%
c i 223.32 26 9 0 514 1595 1 7772469 13683 1.4 11 7 2 7 92% 163 3687 332 24%
c i 223.33 26 9 0 514 1595 1 7772938 13879 1.4 11 7 2 7 92% 174 3687 293 21%
c i 223.33 26 9 0 514 1595 1 7773058 13905 1.4 11 7 2 7 92% 181 3687 290 21%
c i 223.33 26 9 0 514 1595 1 7773100 13913 1.4 11 7 2 7 92% 183 3687 274 20%
c i 223.33 26 9 0 514 1595 1 7773133 13924 1.4 11 7 2 7 92% 184 3687 248 18%
c i 223.33 26 9 0 514 1595 1 7773157 13928 1.4 11 7 2 7 92% 190 3687 247 18%
c i 223.33 26 9 0 514 1595 1 7773158 13928 1.4 11 7 2 7 92% 190 3687 230 17%
c i 223.33 26 9 0 514 1595 1 7773160 13926 1.4 11 7 2 7 92% 191 3687 180 13%
c
c seconds  switched     rate           size/glue tier1   binary      remaining
c         MB reductions    conflicts         size  tier2   irredundant
c          level   restarts       redundant    glue   trail      variables
c
c i 223.33 26 9 0 514 1595 1 7773161 13926 1.4 11 7 2 7 92% 191 3687 136 10%
c ] 223.33 26 9 0 514 1595 1 7773163 13926 1.4 11 7 2 7 92% 191 3687 26 2%
c 0 223.33 26 0 0 514 1595 0 7773163 13926 0.0 0 0 2 6 0% 191 3687 26 2%
c
c ---- [ result ] ------------------------------------------------------------
c
s UNSATISFIABLE
c
c ---- [ profiling ] ---------------------------------------------------------
c
c         207.57   92.94 %  search
c         207.57   92.94 %  stable
c          15.74    7.05 %  simplify
c          15.46    6.92 %  probe
c          10.33    4.63 %  vivify
c           4.97    2.22 %  sweep
c           0.89    0.40 %  reduce
c           0.23    0.10 %  walking
c           0.10    0.04 %  substitute
c           0.07    0.03 %  eliminate
c           0.05    0.02 %  factor
c           0.02    0.01 %  preprocess
c           0.01    0.01 %  subsume
c           0.01    0.00 %  congruence
c           0.01    0.00 %  transitive
c           0.00    0.00 %  backbone
c           0.00    0.00 %  parse
c           0.00    0.00 %  lucky
c =============================================
c         223.33  100.00 %  total
c
c ---- [ statistics ] --------------------------------------------------------
c
c conflicts:                          7773163            34805.17 per second
c congruent:                               53                4 %  variables
c decisions:                          8161838                1.05 per conflict
c eliminated:                             944               69 %  variables
c factored:                                66                5 %  variables
c iterations:                              19                1 %  variables
c propagations:                    1183548608          5299466    per second
c reductions:                             514            15123    interval
c reordered:                               35           222090    interval
c rephased:                                58           134020    interval
c restarts:                              1595             4873    interval
c strengthened:                          1494                0 %  checks
c substituted:                             85                6 %  variables
c subsumed:                               784                0 %  checks
c switched:                                 0                0    interval
c vivified:                            463246               53 %  checks
c walks:                                   19           409114    interval
c
c ---- [ glue usage ] --------------------------------------------------------
c
c stable glue 2   used 22528630 clauses 22.61% accumulated 67.74% tier1
c stable glue 3   used 11697065 clauses 11.74% accumulated 79.48%
c stable glue 4-5 used  7888239 clauses  7.92% accumulated 87.39%
c stable glue 6   used  1982561 clauses  1.99% accumulated 89.38%
c stable glue 7   used  1409514 clauses  1.41% accumulated 90.80% tier2
c
c ---- [ resources ] ---------------------------------------------------------
c
c maximum-resident-set-size:        429355008 bytes        409 MB
c process-time:                         3m 43s             223.33 seconds
c
c ---- [ shutting down ] -----------------------------------------------------
c
c exit 20
