c ---- [ banner ] ------------------------------------------------------------
c
c Kissat SAT Solver
c 
c Copyright (c) 2021-2024 Armin Biere University of Freiburg
c Copyright (c) 2019-2021 Armin Biere Johannes Kepler University Linz
c 
c Version 4.0.4 8af8e56f174b778aef3aa45af9f739b2a5f492c2
c gcc (GCC) 15.2.1 20260123 (Red Hat 15.2.1-7) -W -Wall -O3 -DNDEBUG
c Thu Apr 23 06:47:51 PM IST 2026 Linux krishnendu-LN 6.19.12-200.fc43.x86_64 x86_64
c
c ---- [ parsing ] -----------------------------------------------------------
c
c opened and reading DIMACS file:
c
c   /home/krishnendu/Research/fv-invariant-mining/data/circuits/cnf/miter_mult_9bit.cnf
c
c parsed 'p cnf 873 3299' header
c closing input after reading 48449 bytes (47 KB)
c finished parsing after 0.00 seconds
c
c ---- [ options ] -----------------------------------------------------------
c
c --decay=150                      (different from default '50')
c --eliminateeffort=1400           (different from default '100')
c --stable=2                       (different from default '1')
c
c ---- [ solving ] -----------------------------------------------------------
c
c seconds switched rate     size/glue tier1  binary      remaining
c        MB reductions conflicts size  tier2   irredundant
c         level restarts redundant glue  trail       variables
c
c *  0.00  3 0 0 0  0 0   0   0 0.0 0 0 0 0 0% 1142 2155 870 100%
c (  0.00  3 0 0 0  0 0   0   0 0.0 0 0 0 0 0% 1142 2155 870 100%
c .  0.00  3 0 0 0  0 0   0   0 0.0 0 0 0 0 0% 1138 2155 870 100%
c c  0.00  3 0 0 0  0 0   0   0 0.0 0 0 0 0 0% 1186 2153 836 96%
c d  0.00  3 0 0 0  0 0   0   0 0.0 0 0 0 0 0% 1070 2153 836 96%
c =  0.02  3 0 0 0  0 0   0   0 0.0 0 0 0 0 0% 1084 2141 828 95%
c d  0.02  3 0 0 0  0 0   0   0 0.0 0 0 0 0 0% 1064 2141 828 95%
c f  0.02  4 0 0 0  0 0   0   0 0.0 0 0 0 0 0% 1040 2124 852 98%
c )  0.02  4 0 0 0  0 0   0   0 0.0 0 0 0 0 0% 1040 2124 852 98%
c [  0.02  4 0 0 0  0 0   0   0 0.0 0 0 2 6 0% 1040 2124 852 98%
c -  0.04  4 13 0 1  0 1 1000 855 3.9 28 7 4 9 88% 1050 2124 852 98%
c B  0.04  4 13 0 1  0 1 1003 858 3.9 28 7 4 9 88% 1050 2124 852 98%
c -  0.06  4 14 0 2  1 1 2001 1468 3.1 27 9 3 10 90% 1051 2124 852 98%
c W  0.06  4 14 0 2  1 1 2005 1472 3.1 27 9 3 10 90% 1051 2124 852 98%
c -  0.09  4 17 0 3  2 1 3415 2131 2.5 26 10 4 13 90% 1053 2124 852 98%
c u  0.09  4 18 0 3  2 1 3511 2124 2.5 26 10 4 13 90% 1057 2124 852 98%
c v  0.09  4 18 0 3  2 1 3511 2027 2.5 26 10 4 13 90% 1057 2124 852 98%
c w  0.10  4 18 0 3  2 1 3511 2023 2.5 26 10 4 13 90% 1057 2124 852 98%
c x  0.10  4 18 0 3  2 1 3511 2023 2.5 26 10 4 13 90% 1067 2080 852 98%
c =  0.12  4 18 0 3  2 1 3511 2023 2.5 26 10 4 13 90% 1097 2079 837 96%
c
c seconds  switched rate       size/glue  tier1     binary      remaining
c        MB reductions conflicts     size   tier2     irredundant
c         level restarts  redundant     glue    trail       variables
c
c d  0.12  4 18 0 3  2 1 3511 2023 2.5 26 10 4 13 90% 1052 2079 837 96%
c t  0.12  4 18 0 3  2 1 3511 2023 2.5 26 10 4 13 90% 1041 2079 837 96%
c u  0.12  4 18 0 3  2 1 3511 2011 2.5 26 10 4 13 90% 1042 2079 837 96%
c v  0.12  4 18 0 3  2 1 3511 1881 2.5 26 10 4 13 90% 1042 2079 837 96%
c w  0.13  4 18 0 3  2 1 3511 1881 2.5 26 10 4 13 90% 1042 2079 837 96%
c x  0.13  4 18 0 3  2 1 3511 1881 2.5 26 10 4 13 90% 1042 2077 837 96%
c =  0.13  4 18 0 3  2 1 3511 1881 2.5 26 10 4 13 90% 1046 2075 835 96%
c d  0.13  4 18 0 3  2 1 3511 1881 2.5 26 10 4 13 90% 1041 2075 835 96%
c t  0.13  4 18 0 3  2 1 3511 1881 2.5 26 10 4 13 90% 1040 2075 835 96%
c I  0.15  5 18 0 3  3 1 4266 2580 2.4 25 11 4 13 90% 1042 2075 835 96%
c -  0.16  5 17 0 4  3 1 5148 2565 2.3 24 11 5 13 90% 1042 2075 835 96%
c -  0.19  5 17 0 5  5 1 7148 3490 2.1 24 11 5 13 89% 1044 2075 835 96%
c B  0.21  5 17 0 5  5 1 8037 4301 2.1 23 11 5 13 89% 1044 2075 835 96%
c -  0.24  5 17 0 6  6 1 9384 4352 2.1 23 11 4 13 89% 1045 2075 835 96%
c u  0.28  5 17 0 6  6 1 10833 5572 2.1 24 11 4 12 89% 1051 2075 835 96%
c v  0.29  5 17 0 6  6 1 10833 5479 2.1 24 11 4 12 89% 1051 2075 835 96%
c w  0.29  6 17 0 6  6 1 10833 5475 2.1 24 11 4 12 89% 1051 2075 835 96%
c t  0.31  6 17 0 6  6 1 10833 5475 2.1 24 11 4 12 89% 1049 2075 835 96%
c o  0.31  6 17 0 6  6 1 10833 5475 2.1 24 11 4 12 89% 1049 2075 835 96%
c -  0.33  6 16 0 7  6 1 11833 4942 2.1 23 11 4 12 89% 1050 2075 835 96%
c
c seconds  switched rate        size/glue  tier1     binary      remaining
c        MB reductions conflicts      size   tier2     irredundant
c         level restarts   redundant     glue    trail       variables
c
c W  0.37  5 16 0 7  8 1 13567 6455 2.1 23 11 4 12 90% 1051 2075 835 96%
c -  0.39  5 16 0 8  9 1 14479 5402 2.0 23 11 4 12 90% 1051 2075 835 96%
c -  0.44  5 16 0 9 10 1 17308 5335 2.0 22 11 4 11 90% 1054 2075 835 96%
c s  0.45  5 16 0 9 11 1 17552 5519 2.0 22 11 4 11 90% 1055 2070 835 96%
c e  0.45  5 16 0 9 11 1 17552 5519 2.0 22 11 4 11 90% 306 2489 514 59%
c s  0.45  5 16 0 9 11 1 17552 5519 2.0 22 11 4 11 90% 311 2430 514 59%
c e  0.45  5 16 0 9 11 1 17552 5519 2.0 22 11 4 11 90% 302 2438 510 58%
c ^  0.45  5 16 0 9 11 1 17552 5519 2.0 22 11 4 11 90% 302 2438 510 58%
c -  0.49  5 15 0 10 12 1 20308 3294 1.9 21 11 4 11 90% 304 2438 510 58%
c O  0.50  5 15 0 10 13 1 21095 3984 1.9 21 11 4 11 90% 305 2438 510 58%
c o  0.50  5 15 0 10 13 1 21095 3984 1.9 21 11 4 11 90% 305 2438 510 58%
c u  0.52  5 15 0 10 13 1 22196 4619 1.9 21 11 4 11 90% 305 2438 510 58%
c v  0.52  5 15 0 10 13 1 22196 4457 1.9 21 11 4 11 90% 305 2438 510 58%
c w  0.53  5 15 0 10 13 1 22196 4414 1.9 21 11 4 11 90% 305 2438 510 58%
c x  0.53  5 15 0 10 13 1 22196 4413 1.9 21 11 4 11 90% 308 2387 510 58%
c t  0.53  5 15 0 10 13 1 22196 4413 1.9 21 11 4 11 90% 305 2387 510 58%
c f  0.53  5 15 0 10 13 1 22196 4413 1.9 21 11 4 11 90% 334 2325 526 60%
c u  0.53  5 15 0 10 13 1 22196 4406 1.9 21 11 4 11 90% 334 2325 526 60%
c v  0.54  6 15 0 10 13 1 22196 4325 1.9 21 11 4 11 90% 334 2325 526 60%
c w  0.54  6 15 0 10 13 1 22196 3161 1.9 21 11 4 11 90% 334 2325 526 60%
c
c seconds  switched  rate        size/glue  tier1    binary      remaining
c        MB  reductions conflicts      size   tier2    irredundant
c         level  restarts   redundant     glue    trail      variables
c
c x  0.54  6 15 0 10 13 1 22196 3161 1.9 21 11 4 11 90% 338 2280 526 60%
c -  0.58  6 15 0 11 13 1 23472 3357 1.9 21 11 4 11 89% 339 2280 526 60%
c -  0.66  6 15 0 12 14 1 26789 4636 1.9 21 11 4 11 88% 341 2280 526 60%
c -  0.75  6 15 0 13 14 1 30253 5431 1.9 20 11 3 11 88% 341 2280 526 60%
c B  0.76  6 15 0 13 14 1 30857 5906 1.9 21 11 3 11 88% 341 2280 526 60%
c -  0.82  6 15 0 14 15 1 33860 6324 1.9 21 11 3 11 88% 342 2279 526 60%
c s  0.86  6 15 0 14 17 1 35534 7529 2.0 21 11 3 10 88% 342 2277 526 60%
c e  0.86  6 15 0 14 17 1 35534 7529 2.0 21 11 3 10 88% 248 2431 451 52%
c s  0.86  6 15 0 14 17 1 35534 7529 2.0 21 11 3 10 88% 249 2399 451 52%
c ^  0.86  6 15 0 14 17 1 35534 7529 2.0 21 11 3 10 88% 249 2399 451 52%
c -  0.90  7 15 0 15 18 1 37601 4134 2.0 21 11 3 10 88% 249 2399 451 52%
c u  0.91  6 15 0 15 19 1 38324 4476 2.0 21 11 3 10 88% 249 2399 451 52%
c v  0.92  6 15 0 15 19 1 38324 4298 2.0 21 11 3 10 88% 249 2399 451 52%
c w  0.93  6 15 0 15 19 1 38324 4035 2.0 21 11 3 10 88% 249 2399 451 52%
c x  0.93  6 15 0 15 19 1 38324 4032 2.0 21 11 3 10 88% 252 2348 451 52%
c t  0.93  6 15 0 15 19 1 38324 4032 2.0 21 11 3 10 88% 251 2348 451 52%
c f  0.93  6 15 0 15 19 1 38324 4032 2.0 21 11 3 10 88% 257 2336 453 52%
c u  0.93  6 15 0 15 19 1 38324 3997 2.0 21 11 3 10 88% 257 2336 453 52%
c v  0.94  6 15 0 15 19 1 38324 3770 2.0 21 11 3 10 88% 257 2336 453 52%
c w  0.94  6 15 0 15 19 1 38324 3613 2.0 21 11 3 10 88% 257 2336 453 52%
c
c seconds  switched  rate        size/glue  tier1    binary      remaining
c        MB  reductions conflicts      size   tier2    irredundant
c         level  restarts   redundant     glue    trail      variables
c
c x  0.95  6 15 0 15 19 1 38324 3613 2.0 21 11 3 10 88% 257 2331 453 52%
c -  0.99  6 15 0 16 21 1 41473 4133 1.9 20 11 3 10 88% 258 2331 453 52%
c W  1.02  6 14 0 16 21 1 43080 5262 1.9 20 11 3 10 88% 258 2331 453 52%
c o  1.02  6 14 0 16 21 1 43080 5262 1.9 20 11 3 10 88% 258 2331 453 52%
c -  1.07  6 14 0 17 22 1 45473 4886 1.9 20 11 3 10 88% 258 2331 453 52%
c -  1.15  6 14 0 18 25 1 49597 5656 1.9 20 11 3 10 88% 259 2330 453 52%
c -  1.25  6 14 0 19 28 1 53840 6071 1.9 20 11 3 10 88% 260 2330 453 52%
c I  1.33  6 14 0 19 29 1 57986 9136 1.8 20 11 3 10 87% 260 2330 453 52%
c -  1.34  7 14 0 20 29 1 58199 6619 1.8 20 11 3 10 87% 260 2330 453 52%
c u  1.36  7 14 0 20 29 1 59132 6943 1.8 20 11 3 10 88% 260 2330 453 52%
c v  1.37  7 14 0 20 29 1 59132 6715 1.8 20 11 3 10 88% 260 2330 453 52%
c w  1.38  7 14 0 20 29 1 59132 6661 1.8 20 11 3 10 88% 260 2330 453 52%
c =  1.42  7 14 0 20 29 1 59132 6661 1.8 20 11 3 10 88% 262 2324 451 52%
c d  1.42  7 14 0 20 29 1 59132 6645 1.8 20 11 3 10 88% 260 2324 451 52%
c u  1.43  7 14 0 20 29 1 59132 6590 1.8 20 11 3 10 88% 260 2324 451 52%
c v  1.44  7 14 0 20 29 1 59132 6457 1.8 20 11 3 10 88% 260 2324 451 52%
c w  1.44  7 14 0 20 29 1 59132 6377 1.8 20 11 3 10 88% 260 2324 451 52%
c x  1.44  7 14 0 20 29 1 59132 6374 1.8 20 11 3 10 88% 260 2321 451 52%
c -  1.50  7 14 0 21 29 1 62671 6756 1.8 20 11 3 10 88% 259 2321 451 52%
c -  1.58  7 14 0 22 30 1 67254 7247 1.8 20 11 3 10 88% 260 2321 451 52%
c
c seconds  switched  rate        size/glue  tier1    binary      remaining
c        MB  reductions conflicts      size   tier2    irredundant
c         level  restarts   redundant     glue    trail      variables
c
c -  1.67  7 14 0 23 30 1 71945 7894 1.9 20 11 3 10 88% 260 2321 451 52%
c s  1.72  7 14 0 23 30 1 74741 10237 1.9 20 11 3 10 88% 261 2319 451 52%
c e  1.72  7 14 0 23 30 1 74741 10237 1.9 20 11 3 10 88% 211 2436 414 47%
c s  1.72  7 14 0 23 30 1 74741 10237 1.9 20 11 3 10 88% 211 2426 414 47%
c ^  1.72  7 14 0 23 30 1 74741 10237 1.9 20 11 3 10 88% 211 2426 414 47%
c o  1.72  7 14 0 23 30 1 74741 6331 1.9 20 11 3 10 88% 211 2426 414 47%
c B  1.74  7 14 0 23 30 1 75788 7154 1.9 20 11 3 10 88% 211 2426 414 47%
c -  1.76  7 14 0 24 30 1 76741 5866 1.9 20 11 3 10 88% 211 2426 414 47%
c -  1.84  7 14 0 25 30 1 81642 6973 1.9 20 11 3 10 88% 211 2426 414 47%
c u  1.91  6 14 0 25 33 1 84743 8830 1.9 20 11 3 10 88% 212 2426 414 47%
c v  1.93  7 14 0 25 33 1 84743 8591 1.9 20 11 3 10 88% 212 2426 414 47%
c w  1.93  7 14 0 25 33 1 84743 7630 1.9 20 11 3 10 88% 212 2426 414 47%
c f  1.98  6 14 0 25 33 1 84743 7630 1.9 20 11 3 10 88% 214 2419 415 48%
c u  1.99  7 14 0 25 33 1 84743 7583 1.9 20 11 3 10 88% 214 2419 415 48%
c v  2.00  7 14 0 25 33 1 84743 7122 1.9 20 11 3 10 88% 214 2419 415 48%
c w  2.01  7 14 0 25 33 1 84743 7115 1.9 20 11 3 10 88% 214 2419 415 48%
c -  2.05  7 14 0 26 34 1 86642 6098 1.9 20 11 3 10 88% 214 2419 415 48%
c -  2.14  7 14 0 27 37 1 91742 7286 1.9 20 11 3 10 88% 214 2419 415 48%
c W  2.24  6 14 0 27 39 1 96699 10754 1.8 19 11 3 10 88% 214 2419 415 48%
c -  2.24  6 14 0 28 40 1 96938 7601 1.8 19 11 3 9 88% 214 2419 415 48%
c
c seconds  switched  rate         size/glue  tier1   binary      remaining
c        MB  reductions conflicts       size   tier2   irredundant
c         level  restarts    redundant     glue   trail      variables
c
c -  2.35  6 14 0 29 43 1 102229 7729 1.8 19 11 3 9 88% 214 2419 415 48%
c -  2.45  7 14 0 30 45 1 107614 8331 1.8 19 10 3 9 88% 214 2419 415 48%
c -  2.56  7 14 0 31 45 1 113091 9170 1.8 19 10 2 9 88% 214 2419 415 48%
c u  2.62  7 14 0 31 45 1 115228 9931 1.8 19 10 2 9 88% 214 2419 415 48%
c v  2.63  7 14 0 31 45 1 115228 9616 1.8 19 10 2 9 88% 214 2419 415 48%
c w  2.63  8 14 0 31 45 1 115228 8640 1.8 19 10 2 9 88% 214 2419 415 48%
c x  2.64  8 14 0 31 45 1 115228 8639 1.8 19 10 2 9 88% 214 2405 415 48%
c o  2.64  8 14 0 31 45 1 115228 8639 1.8 19 10 2 9 88% 214 2405 415 48%
c -  2.73  7 13 0 32 48 1 118659 7610 1.8 19 10 2 9 88% 214 2405 415 48%
c O  2.78  7 13 0 32 50 1 120924 8852 1.8 19 10 2 9 88% 214 2405 415 48%
c -  2.86  7 13 0 33 52 1 124315 7851 1.8 18 10 2 9 88% 214 2405 415 48%
c -  2.98  7 13 0 34 55 1 130059 8225 1.8 18 10 2 9 88% 214 2405 415 48%
c -  3.11  7 13 0 35 59 1 135891 8636 1.8 18 10 2 9 88% 214 2405 415 48%
c e  3.16  7 13 0 35 59 1 137937 9755 1.8 18 10 2 9 88% 132 2647 370 42%
c s  3.16  7 13 0 35 59 1 137937 9755 1.8 18 10 2 9 88% 132 2596 370 42%
c e  3.16  7 13 0 35 59 1 137937 9755 1.8 18 10 2 9 88% 129 2603 368 42%
c ^  3.16  7 13 0 35 59 1 137937 9755 1.8 18 10 2 9 88% 129 2603 368 42%
c -  3.24  6 13 0 36 60 1 141808 5954 1.8 18 10 2 8 87% 129 2603 368 42%
c -  3.36  7 13 0 37 60 1 147810 6574 1.7 18 10 2 8 87% 129 2603 368 42%
c B  3.37  7 13 0 37 61 1 148665 7104 1.7 18 10 2 8 87% 129 2603 368 42%
c
c seconds  switched  rate         size/glue  tier1   binary      remaining
c        MB  reductions conflicts       size   tier2   irredundant
c         level  restarts    redundant     glue   trail      variables
c
c u  3.42  7 13 0 37 61 1 150886 8128 1.7 18 10 2 8 87% 129 2603 368 42%
c v  3.45  7 13 0 37 61 1 150886 7002 1.7 18 10 2 8 87% 129 2603 368 42%
c w  3.46  7 13 0 37 61 1 150886 6562 1.7 18 10 2 8 87% 129 2603 368 42%
c =  3.55  7 13 0 37 61 1 150886 6562 1.7 18 10 2 8 87% 131 2595 367 42%
c d  3.55  7 13 0 37 61 1 150886 6442 1.7 18 10 2 8 87% 128 2595 367 42%
c t  3.55  7 13 0 37 61 1 150886 6442 1.7 18 10 2 8 87% 127 2595 367 42%
c u  3.55  7 13 0 37 61 1 150886 6348 1.7 18 10 2 8 87% 127 2595 367 42%
c v  3.58  7 13 0 37 61 1 150886 5698 1.7 18 10 2 8 87% 127 2595 367 42%
c w  3.59  7 13 0 37 61 1 150886 5326 1.7 18 10 2 8 87% 127 2595 367 42%
c -  3.65  6 13 0 38 61 1 153893 5070 1.7 18 10 2 8 87% 127 2595 367 42%
c -  3.76  7 13 0 39 61 1 160057 6311 1.7 17 10 2 8 87% 127 2595 367 42%
c -  3.89  7 13 0 40 62 1 166301 7154 1.7 17 10 2 8 87% 127 2595 367 42%
c -  4.02  7 13 0 41 62 1 172625 7803 1.7 17 10 2 8 87% 127 2595 367 42%
c -  4.15  7 13 0 42 62 1 179028 8387 1.7 17 10 2 8 87% 127 2595 367 42%
c W  4.17  6 13 0 42 62 1 180116 9203 1.7 17 10 2 8 86% 127 2595 367 42%
c o  4.17  6 13 0 42 62 1 180116 9203 1.7 17 10 2 8 86% 127 2595 367 42%
c -  4.27  6 13 0 43 62 1 185510 9026 1.7 17 10 2 8 87% 127 2595 367 42%
c u  4.40  7 13 0 43 62 1 191533 12317 1.7 17 10 2 8 87% 128 2595 367 42%
c v  4.43  8 13 0 43 62 1 191533 11583 1.7 17 10 2 8 87% 128 2595 367 42%
c w  4.44  8 13 0 43 62 1 191533 10901 1.7 17 10 2 8 87% 128 2595 367 42%
c
c seconds  switched  rate         size/glue  tier1   binary      remaining
c        MB  reductions conflicts       size   tier2   irredundant
c         level  restarts    redundant     glue   trail      variables
c
c -  4.54  7 13 0 44 62 1 192068 7989 1.7 17 10 2 8 87% 128 2595 367 42%
c -  4.66  7 13 0 45 64 1 198702 8893 1.7 17 10 2 8 86% 128 2595 367 42%
c -  4.78  7 13 0 46 68 1 205411 9204 1.7 17 10 2 8 87% 128 2595 367 42%
c -  4.89  7 12 0 47 72 1 212195 10187 1.7 17 10 2 8 87% 128 2595 367 42%
c I  4.96  7 12 0 47 74 1 215467 12292 1.7 17 10 2 8 87% 128 2595 367 42%
c -  5.01  7 12 0 48 76 1 219051 9947 1.7 17 10 2 8 87% 128 2595 367 42%
c -  5.15  7 12 0 49 77 1 225979 9805 1.7 17 10 2 8 87% 128 2595 367 42%
c s  5.17  7 12 0 49 77 1 227199 10542 1.7 16 10 2 8 87% 128 2588 367 42%
c e  5.17  7 12 0 49 77 1 227199 10542 1.7 16 10 2 8 87%  94 2962 315 36%
c s  5.17  7 12 0 49 77 1 227199 10542 1.7 16 10 2 8 87%  94 2813 315 36%
c e  5.17  7 12 0 49 77 1 227199 10542 1.7 16 10 2 8 87%  82 2865 309 35%
c ^  5.17  7 12 0 49 77 1 227199 10542 1.7 16 10 2 8 87%  82 2865 309 35%
c -  5.27  6 12 0 50 80 1 232981 7128 1.7 16 10 2 8 87%  83 2865 309 35%
c u  5.36  7 12 0 50 83 1 237541 9321 1.7 16 10 2 8 87%  83 2865 309 35%
c v  5.38  7 12 0 50 83 1 237541 7716 1.7 16 10 2 8 87%  83 2865 309 35%
c w  5.38  7 12 0 50 83 1 237541 6444 1.7 16 10 2 8 87%  83 2865 309 35%
c x  5.39  7 12 0 50 83 1 237541 6439 1.7 16 10 2 8 87%  83 2683 309 35%
c t  5.39  7 12 0 50 83 1 237541 6439 1.7 16 10 2 8 87%  82 2683 309 35%
c -  5.43  6 12 0 51 84 1 240054 5776 1.7 16 10 2 8 87%  82 2683 309 35%
c -  5.56  7 12 0 52 88 1 247195 7120 1.7 17 10 2 8 87%  82 2683 309 35%
c
c seconds  switched  rate         size/glue  tier1   binary      remaining
c        MB  reductions conflicts       size   tier2   irredundant
c         level  restarts    redundant     glue   trail      variables
c
c -  5.69  7 12 0 53 91 1 254407 8296 1.7 16 10 2 8 87%  82 2683 309 35%
c B  5.70  7 12 0 53 91 1 254907 8536 1.7 16 10 2 8 87%  82 2683 309 35%
c o  5.70  7 12 0 53 91 1 254907 8536 1.7 16 10 2 8 87%  82 2683 309 35%
c -  5.83  7 12 0 54 92 1 261687 9264 1.7 16 10 2 8 87%  82 2683 309 35%
c -  5.97  7 12 0 55 93 1 269035 9532 1.7 16 10 2 8 87%  82 2683 309 35%
c -  6.14  7 12 0 56 93 1 276451 11590 1.7 16 9 2 8 87%  83 2683 309 35%
c -  6.30  7 12 0 57 97 1 283934 11600 1.7 16 9 2 7 87%  85 2683 309 35%
c i  6.34  7 12 0 57 98 1 285622 12428 1.7 16 9 2 7 87%  97 2683 308 35%
c u  6.43  7 12 0 57 100 1 288923 7800 1.7 16 9 2 7 87% 111 2550 308 35%
c v  6.46  7 12 0 57 100 1 288923 7021 1.7 16 9 2 7 87% 111 2550 308 35%
c w  6.47  7 12 0 57 100 1 288923 6674 1.7 16 9 2 7 87% 111 2550 308 35%
c d  6.47  7 12 0 57 100 1 288923 6671 1.7 16 9 2 7 87% 102 2544 304 35%
c t  6.47  7 12 0 57 100 1 288923 6671 1.7 16 9 2 7 87% 101 2544 304 35%
c u  6.48  7 12 0 57 100 1 288923 6482 1.7 16 9 2 7 87% 101 2544 304 35%
c v  6.51  7 12 0 57 100 1 288923 5781 1.7 16 9 2 7 87% 101 2544 304 35%
c w  6.52  7 12 0 57 100 1 288923 5538 1.7 16 9 2 7 87% 101 2544 304 35%
c x  6.52  7 12 0 57 100 1 288923 5536 1.7 16 9 2 7 87% 103 2510 304 35%
c =  6.55  7 12 0 57 100 1 288923 5536 1.7 16 9 2 7 87% 105 2510 303 35%
c d  6.55  7 12 0 57 100 1 288923 5536 1.7 16 9 2 7 87% 102 2510 303 35%
c t  6.55  7 12 0 57 100 1 288923 5536 1.7 16 9 2 7 87%  99 2510 303 35%
c
c seconds  switched   rate         size/glue tier1   binary      remaining
c        MB  reductions conflicts        size  tier2   irredundant
c         level  restarts     redundant    glue   trail      variables
c
c -  6.59  6 12 0 58 100 1 291483 5199 1.7 16 9 2 7 87%  82 2510 303 35%
c W  6.70  6 12 0 58 106 1 298620 10647 1.7 16 9 2 7 86%  82 2510 303 35%
c -  6.71  6 12 0 59 106 1 299098 7223 1.7 16 9 2 7 86%  82 2510 303 35%
c -  6.84  7 12 0 60 108 1 306779 8118 1.7 16 9 2 7 86%  82 2510 303 35%
c -  6.99  7 12 0 61 110 1 314527 8681 1.7 16 9 2 7 86%  82 2510 303 35%
c -  7.16  7 12 0 62 115 1 322337 9580 1.7 16 9 2 7 86%  82 2510 303 35%
c -  7.32  7 12 0 63 120 1 330212 10179 1.7 16 9 2 7 86%  82 2510 303 35%
c -  7.49  7 12 0 64 123 1 338150 11290 1.7 16 9 2 7 86%  83 2510 303 35%
c s  7.60  7 12 0 64 123 1 343855 15471 1.7 16 9 2 7 86%  83 2504 303 35%
c e  7.60  7 12 0 64 123 1 343855 15471 1.7 16 9 2 7 86%  50 3028 258 30%
c s  7.60  7 12 0 64 123 1 343855 15471 1.7 16 9 2 7 86%  50 2839 258 30%
c e  7.60  7 12 0 64 123 1 343855 15471 1.7 16 9 2 7 86%  44 2904 253 29%
c !  7.60  7 12 0 64 123 1 343855 15471 1.7 16 9 2 7 86%  44 2904 253 29%
c o  7.60  7 12 0 64 123 1 343855 7948 1.7 16 9 2 7 86%  44 2904 253 29%
c -  7.65  6 12 0 65 124 1 346151 6439 1.7 16 9 2 7 86%  44 2904 253 29%
c u  7.66  6 12 0 65 124 1 346432 6132 1.7 16 9 2 7 86%  44 2904 253 29%
c v  7.69  6 12 0 65 124 1 346432 4446 1.7 16 9 2 7 86%  44 2904 253 29%
c w  7.70  6 12 0 65 124 1 346432 3846 1.7 16 9 2 7 86%  44 2904 253 29%
c x  7.70  6 12 0 65 124 1 346432 3840 1.7 16 9 2 7 86%  44 2819 253 29%
c f  7.70  6 12 0 65 124 1 346432 3840 1.7 16 9 2 7 86%  45 2794 254 29%
c
c seconds  switched   rate         size/glue tier1   binary      remaining
c        MB  reductions conflicts        size  tier2   irredundant
c         level  restarts     redundant    glue   trail      variables
c
c u  7.71  6 12 0 65 124 1 346432 3706 1.7 16 9 2 7 86%  45 2794 254 29%
c v  7.73  6 12 0 65 124 1 346432 3296 1.7 16 9 2 7 86%  45 2794 254 29%
c w  7.73  6 12 0 65 124 1 346432 3197 1.7 16 9 2 7 86%  45 2794 254 29%
c x  7.74  6 12 0 65 124 1 346432 3196 1.7 16 9 2 7 86%  45 2786 254 29%
c =  7.85  7 12 0 65 124 1 346432 3196 1.7 16 9 2 7 86%  49 2772 252 29%
c d  7.85  7 12 0 65 124 1 346432 3164 1.7 16 9 2 7 86%  44 2772 252 29%
c O  7.86  7 12 0 65 124 1 346781 3368 1.7 16 9 2 7 86%  44 2772 252 29%
c -  7.98  7 12 0 66 124 1 354214 5818 1.7 16 9 2 7 86%  45 2770 252 29%
c -  8.12  7 12 0 67 125 1 362339 8012 1.7 15 9 2 7 86%  45 2769 252 29%
c -  8.26  8 11 0 68 125 1 370525 9169 1.7 15 9 2 7 86%  46 2769 252 29%
c -  8.41  8 11 0 69 125 1 378771 10245 1.7 15 9 2 7 86%  47 2769 252 29%
c i  8.46  8 11 0 69 125 1 381330 11775 1.7 15 9 2 7 86%  58 2769 251 29%
c -  8.57  7 11 0 70 125 1 387079 5433 1.7 15 9 2 7 86%  47 2769 251 29%
c -  8.71  7 11 0 71 126 1 395445 7650 1.7 15 9 2 7 85%  48 2769 251 29%
c B  8.78  8 11 0 71 126 1 399569 9905 1.7 15 9 2 7 85%  48 2769 251 29%
c -  8.86  8 11 0 72 126 1 403871 9295 1.7 15 9 2 7 85%  50 2769 251 29%
c u  8.97  7 11 0 72 126 1 408896 11622 1.7 15 9 2 7 85%  96 2583 251 29%
c v  9.01  7 11 0 72 126 1 408896 10122 1.7 15 9 2 7 85%  76 2583 251 29%
c w  9.02  7 11 0 72 126 1 408896 8514 1.7 15 9 2 7 85%  76 2583 251 29%
c =  9.14 10 11 0 72 126 1 408896 8514 1.7 15 9 2 7 85%  81 2574 248 28%
c
c seconds  switched   rate         size/glue tier1   binary      remaining
c        MB  reductions conflicts        size  tier2   irredundant
c         level  restarts     redundant    glue   trail      variables
c
c d  9.14 10 11 0 72 126 1 408896 7531 1.7 15 9 2 7 85%  73 2574 248 28%
c t  9.14 10 11 0 72 126 1 408896 7531 1.7 15 9 2 7 85%  72 2574 248 28%
c u  9.16 10 11 0 72 126 1 408896 7230 1.7 15 9 2 7 85%  72 2574 248 28%
c v  9.19 10 11 0 72 126 1 408896 6322 1.7 15 9 2 7 85%  72 2574 248 28%
c w  9.19 10 11 0 72 126 1 408896 5683 1.7 15 9 2 7 85%  72 2574 248 28%
c x  9.20 10 11 0 72 126 1 408896 5673 1.7 15 9 2 7 85%  74 2458 248 28%
c -  9.39 10 11 0 73 126 1 412356 6438 1.7 15 9 2 7 85%  74 2458 248 28%
c -  9.55 10 11 0 74 126 1 420901 9415 1.7 15 9 2 7 85%  75 2458 248 28%
c i  9.59 10 11 0 74 126 1 422874 10311 1.7 15 9 2 7 85%  83 2458 244 28%
c i  9.73 10 11 0 74 126 1 429416 13768 1.7 14 9 2 7 85%  90 2458 239 27%
c o  9.73 10 11 0 74 126 1 429416 13768 1.7 14 9 2 7 85%  90 2458 239 27%
c -  9.73 10 11 0 75 126 1 429504 3582 1.7 14 9 2 7 85%  66 2458 239 27%
c i  9.80 10 11 0 75 126 1 433418 5662 1.7 14 8 2 7 85%  72 2458 226 26%
c i  9.83 10 11 0 75 126 1 435169 6581 1.7 14 8 2 7 85%  82 2458 185 21%
c i  9.83 10 11 0 75 126 1 435180 6581 1.7 14 8 2 7 85%  87 2458 184 21%
c i  9.83 10 11 0 75 126 1 435181 6581 1.7 14 8 2 7 85%  87 2458 153 18%
c i  9.83 10 11 0 75 126 1 435192 6583 1.7 14 8 2 7 85%  91 2458 152 17%
c i  9.83 10 11 0 75 126 1 435194 6583 1.7 14 8 2 7 85%  92 2458 151 17%
c ]  9.83 10 11 0 75 126 1 435197 6583 1.7 14 8 2 7 85%  93 2458 135 15%
c 0  9.83 10 0 0 75 126 0 435197 6583 0.0 0 0 2 6 0%  93 2458 135 15%
c
c ---- [ result ] ------------------------------------------------------------
c
s UNSATISFIABLE
c
c ---- [ profiling ] ---------------------------------------------------------
c
c           8.31   84.51 %  search
c           8.31   84.51 %  stable
c           1.50   15.27 %  simplify
c           1.49   15.11 %  probe
c           0.74    7.56 %  sweep
c           0.70    7.10 %  vivify
c           0.07    0.76 %  reduce
c           0.02    0.25 %  eliminate
c           0.02    0.22 %  substitute
c           0.02    0.21 %  preprocess
c           0.01    0.15 %  factor
c           0.01    0.12 %  walking
c           0.01    0.05 %  congruence
c           0.00    0.04 %  subsume
c           0.00    0.02 %  transitive
c           0.00    0.01 %  backbone
c           0.00    0.00 %  parse
c           0.00    0.00 %  lucky
c =============================================
c           9.83  100.00 %  total
c
c ---- [ statistics ] --------------------------------------------------------
c
c conflicts:                           435197            44258.30 per second
c congruent:                               34                4 %  variables
c decisions:                           481777                1.11 per conflict
c eliminated:                             592               68 %  variables
c factored:                                44                5 %  variables
c iterations:                              11                1 %  variables
c propagations:                      50044441          5089377    per second
c reductions:                              75             5803    interval
c reordered:                                9            48355    interval
c rephased:                                19            22905    interval
c restarts:                               126             3454    interval
c strengthened:                           691                0 %  checks
c substituted:                             69                8 %  variables
c subsumed:                               504                0 %  checks
c switched:                                 0                0    interval
c vivified:                             47310               44 %  checks
c walks:                                    6            72533    interval
c
c ---- [ glue usage ] --------------------------------------------------------
c
c stable glue 2   used 1091823 clauses 21.79% accumulated 60.67% tier1
c stable glue 3   used  693453 clauses 13.84% accumulated 74.51%
c stable glue 4-5 used  596040 clauses 11.89% accumulated 86.40%
c stable glue 6   used  145529 clauses  2.90% accumulated 89.30%
c stable glue 7   used  114503 clauses  2.28% accumulated 91.59% tier2
c
c ---- [ resources ] ---------------------------------------------------------
c
c maximum-resident-set-size:        423305216 bytes        404 MB
c process-time:                            10s               9.83 seconds
c
c ---- [ shutting down ] -----------------------------------------------------
c
c exit 20
