c ---- [ banner ] ------------------------------------------------------------
c
c Kissat SAT Solver
c 
c Copyright (c) 2021-2024 Armin Biere University of Freiburg
c Copyright (c) 2019-2021 Armin Biere Johannes Kepler University Linz
c 
c Version 4.0.4 8af8e56f174b778aef3aa45af9f739b2a5f492c2
c gcc (GCC) 15.2.1 20260123 (Red Hat 15.2.1-7) -W -Wall -O3 -DNDEBUG
c Thu Apr 23 06:47:51 PM IST 2026 Linux krishnendu-LN 6.19.12-200.fc43.x86_64 x86_64
c
c ---- [ parsing ] -----------------------------------------------------------
c
c opened and reading DIMACS file:
c
c   /home/krishnendu/Research/fv-invariant-mining/data/circuits/cnf/miter_mult_9bit.cnf
c
c parsed 'p cnf 873 3299' header
c closing input after reading 48449 bytes (47 KB)
c finished parsing after 0.00 seconds
c
c ---- [ options ] -----------------------------------------------------------
c
c --decay=10                       (different from default '50')
c --eliminateeffort=200            (different from default '100')
c --stable=2                       (different from default '1')
c
c ---- [ solving ] -----------------------------------------------------------
c
c seconds switched rate     size/glue tier1  binary      remaining
c        MB reductions conflicts size  tier2   irredundant
c         level restarts redundant glue  trail       variables
c
c *  0.00  3 0 0 0  0 0   0   0 0.0 0 0 0 0 0% 1142 2155 870 100%
c (  0.00  3 0 0 0  0 0   0   0 0.0 0 0 0 0 0% 1142 2155 870 100%
c .  0.00  3 0 0 0  0 0   0   0 0.0 0 0 0 0 0% 1138 2155 870 100%
c c  0.00  3 0 0 0  0 0   0   0 0.0 0 0 0 0 0% 1186 2153 836 96%
c d  0.00  3 0 0 0  0 0   0   0 0.0 0 0 0 0 0% 1070 2153 836 96%
c =  0.02  3 0 0 0  0 0   0   0 0.0 0 0 0 0 0% 1084 2141 828 95%
c d  0.02  3 0 0 0  0 0   0   0 0.0 0 0 0 0 0% 1064 2141 828 95%
c f  0.02  3 0 0 0  0 0   0   0 0.0 0 0 0 0 0% 1040 2124 852 98%
c )  0.02  3 0 0 0  0 0   0   0 0.0 0 0 0 0 0% 1040 2124 852 98%
c [  0.02  3 0 0 0  0 0   0   0 0.0 0 0 2 6 0% 1040 2124 852 98%
c -  0.05  4 12 0 1  0 1 1000 698 3.2 22 7 4 8 91% 1046 2124 852 98%
c B  0.05  4 12 0 1  0 1 1002 700 3.2 22 7 4 8 91% 1046 2124 852 98%
c -  0.07  4 14 0 2  1 1 2001 1363 2.5 22 9 5 11 91% 1050 2124 852 98%
c W  0.07  4 14 0 2  1 1 2004 1366 2.5 22 9 5 11 91% 1050 2124 852 98%
c -  0.09  4 14 0 3  2 1 3415 2015 2.2 21 10 5 12 92% 1051 2124 852 98%
c u  0.10  4 14 0 3  2 1 3511 2040 2.2 21 10 5 12 92% 1055 2124 852 98%
c v  0.10  4 14 0 3  2 1 3511 1831 2.2 21 10 5 12 92% 1055 2124 852 98%
c w  0.10  4 14 0 3  2 1 3511 1823 2.2 21 10 5 12 92% 1055 2124 852 98%
c x  0.10  4 14 0 3  2 1 3511 1823 2.2 21 10 5 12 92% 1065 2079 852 98%
c =  0.12  4 14 0 3  2 1 3511 1823 2.2 21 10 5 12 92% 1095 2078 837 96%
c
c seconds  switched rate       size/glue  tier1     binary      remaining
c        MB reductions conflicts     size   tier2     irredundant
c         level restarts  redundant     glue    trail       variables
c
c d  0.12  4 14 0 3  2 1 3511 1823 2.2 21 10 5 12 92% 1050 2078 837 96%
c t  0.12  4 14 0 3  2 1 3511 1823 2.2 21 10 5 12 92% 1044 2078 837 96%
c u  0.12  4 14 0 3  2 1 3511 1818 2.2 21 10 5 12 92% 1044 2078 837 96%
c v  0.13  4 14 0 3  2 1 3511 1718 2.2 21 10 5 12 92% 1044 2078 837 96%
c w  0.13  4 14 0 3  2 1 3511 1678 2.2 21 10 5 12 92% 1044 2078 837 96%
c x  0.13  4 14 0 3  2 1 3511 1678 2.2 21 10 5 12 92% 1044 2077 837 96%
c =  0.14  4 14 0 3  2 1 3511 1678 2.2 21 10 5 12 92% 1048 2075 835 96%
c d  0.14  4 14 0 3  2 1 3511 1678 2.2 21 10 5 12 92% 1043 2075 835 96%
c I  0.15  4 14 0 3  3 1 4264 2199 2.1 20 10 5 12 91% 1045 2075 835 96%
c -  0.17  5 14 0 4  3 1 5149 2384 2.0 20 10 5 12 91% 1045 2075 835 96%
c -  0.20  5 14 0 5  5 1 7150 3183 1.9 19 10 5 12 90% 1048 2075 835 96%
c B  0.22  5 14 0 5  5 1 8036 3748 1.8 19 10 5 12 89% 1049 2075 835 96%
c -  0.25  5 14 0 6  6 1 9386 3806 1.8 19 10 5 12 88% 1050 2075 835 96%
c u  0.28  4 14 0 6  6 1 10831 4811 1.8 19 10 5 12 88% 1056 2074 835 96%
c v  0.28  4 14 0 6  6 1 10831 4717 1.8 19 10 5 12 88% 1056 2074 835 96%
c w  0.29  5 14 0 6  6 1 10831 4704 1.8 19 10 5 12 88% 1056 2074 835 96%
c t  0.31  5 14 0 6  6 1 10831 4704 1.8 19 10 5 12 88% 1054 2074 835 96%
c o  0.31  5 14 0 6  6 1 10831 4704 1.8 19 10 5 12 88% 1054 2074 835 96%
c -  0.34  5 14 0 7  6 1 11837 3877 1.7 18 11 4 12 89% 1054 2074 835 96%
c W  0.38  5 14 0 7  8 1 13566 4853 1.7 18 11 4 12 90% 1054 2074 835 96%
c
c seconds  switched rate        size/glue  tier1     binary      remaining
c        MB reductions conflicts      size   tier2     irredundant
c         level restarts   redundant     glue    trail       variables
c
c -  0.39  5 14 0 8  9 1 14483 4109 1.7 18 11 4 12 90% 1054 2074 835 96%
c -  0.45  5 14 0 9 10 1 17311 4427 1.7 19 11 4 12 90% 1054 2074 835 96%
c s  0.46  5 14 0 9 11 1 17551 4567 1.7 19 11 4 12 90% 1055 2069 835 96%
c e  0.46  5 14 0 9 11 1 17551 4567 1.7 19 11 4 12 90% 292 2502 517 59%
c s  0.46  5 14 0 9 11 1 17551 4567 1.7 19 11 4 12 90% 296 2446 517 59%
c e  0.46  5 14 0 9 11 1 17551 4567 1.7 19 11 4 12 90% 281 2459 509 58%
c ^  0.46  5 14 0 9 11 1 17551 4567 1.7 19 11 4 12 90% 281 2459 509 58%
c -  0.50  5 14 0 10 12 1 20311 2619 1.7 19 11 4 12 90% 281 2459 509 58%
c O  0.51  5 14 0 10 13 1 21094 2973 1.7 18 11 4 12 90% 281 2459 509 58%
c o  0.51  5 14 0 10 13 1 21094 2973 1.7 18 11 4 12 90% 281 2459 509 58%
c u  0.54  5 14 0 10 13 1 22193 3083 1.7 18 11 4 12 90% 281 2459 509 58%
c v  0.55  5 14 0 10 13 1 22193 2954 1.7 18 11 4 12 90% 281 2459 509 58%
c w  0.55  5 14 0 10 13 1 22193 1885 1.7 18 11 4 12 90% 281 2459 509 58%
c x  0.55  5 14 0 10 13 1 22193 1885 1.7 18 11 4 12 90% 286 2355 509 58%
c t  0.55  5 14 0 10 13 1 22193 1885 1.7 18 11 4 12 90% 284 2355 509 58%
c f  0.55  5 14 0 10 13 1 22193 1885 1.7 18 11 4 12 90% 313 2294 524 60%
c u  0.56  5 14 0 10 13 1 22193 1882 1.7 18 11 4 12 90% 313 2294 524 60%
c v  0.56  5 14 0 10 13 1 22193 1806 1.7 18 11 4 12 90% 313 2294 524 60%
c w  0.57  5 14 0 10 13 1 22193 1650 1.7 18 11 4 12 90% 313 2294 524 60%
c x  0.57  5 14 0 10 13 1 22193 1650 1.7 18 11 4 12 90% 313 2290 524 60%
c
c seconds  switched  rate        size/glue  tier1    binary      remaining
c        MB  reductions conflicts      size   tier2    irredundant
c         level  restarts   redundant     glue    trail      variables
c
c -  0.62  5 14 0 11 13 1 23474 2018 1.7 18 11 4 12 90% 313 2290 524 60%
c -  0.68  5 14 0 12 14 1 26791 3435 1.7 18 11 4 12 90% 315 2290 524 60%
c -  0.75  5 14 0 13 14 1 30256 4388 1.7 18 11 4 12 90% 315 2290 524 60%
c B  0.76  5 13 0 13 14 1 30855 4727 1.7 18 11 4 12 90% 316 2290 524 60%
c -  0.82  6 13 0 14 15 1 33863 4999 1.7 18 11 3 11 90% 317 2290 524 60%
c e  0.85  6 13 0 14 17 1 35531 6050 1.7 18 11 3 11 90% 256 2406 459 53%
c 2  0.85  6 13 0 14 17 1 35531 6050 1.7 18 11 3 11 90% 254 2406 459 53%
c s  0.85  6 13 0 14 17 1 35531 6050 1.7 18 11 3 11 90% 256 2378 459 53%
c ^  0.85  6 13 0 14 17 1 35531 6050 1.7 18 11 3 11 90% 256 2378 459 53%
c -  0.88  6 13 0 15 18 1 37604 3782 1.7 18 11 3 11 89% 256 2378 459 53%
c u  0.89  5 13 0 15 19 1 38336 4221 1.7 18 11 3 11 89% 256 2378 459 53%
c v  0.90  5 13 0 15 19 1 38336 3941 1.7 18 11 3 11 89% 256 2378 459 53%
c w  0.91  5 13 0 15 19 1 38336 2672 1.7 18 11 3 11 89% 256 2378 459 53%
c t  0.91  5 13 0 15 19 1 38336 2672 1.7 18 11 3 11 89% 255 2378 459 53%
c f  0.91  5 13 0 15 19 1 38336 2672 1.7 18 11 3 11 89% 256 2374 460 53%
c u  0.91  5 13 0 15 19 1 38336 2655 1.7 18 11 3 11 89% 256 2374 460 53%
c v  0.92  5 13 0 15 19 1 38336 2447 1.7 18 11 3 11 89% 256 2374 460 53%
c w  0.93  5 13 0 15 19 1 38336 2330 1.7 18 11 3 11 89% 256 2374 460 53%
c x  0.93  5 13 0 15 19 1 38336 2327 1.7 18 11 3 11 89% 258 2331 460 53%
c -  0.98  6 13 0 16 21 1 41477 3721 1.7 18 11 3 11 89% 258 2331 460 53%
c
c seconds  switched  rate        size/glue  tier1    binary      remaining
c        MB  reductions conflicts      size   tier2    irredundant
c         level  restarts   redundant     glue    trail      variables
c
c W  1.01  6 13 0 16 21 1 43078 4888 1.7 18 11 3 11 89% 258 2331 460 53%
c o  1.01  6 13 0 16 21 1 43078 4888 1.7 18 11 3 11 89% 258 2331 460 53%
c -  1.06  6 13 0 17 22 1 45480 5136 1.7 18 11 3 11 89% 258 2331 460 53%
c -  1.14  6 13 0 18 25 1 49604 5480 1.7 17 10 3 11 89% 258 2331 460 53%
c -  1.24  6 13 0 19 28 1 53846 5854 1.7 17 10 3 11 90% 258 2331 460 53%
c I  1.32  6 13 0 19 29 1 57982 8682 1.7 17 10 3 11 89% 258 2331 460 53%
c -  1.33  6 13 0 20 29 1 58204 6903 1.7 17 10 3 11 89% 258 2331 460 53%
c u  1.34  6 13 0 20 29 1 59141 7413 1.7 18 10 3 11 89% 258 2331 460 53%
c v  1.35  7 13 0 20 29 1 59141 7229 1.7 18 10 3 11 89% 258 2331 460 53%
c w  1.36  7 13 0 20 29 1 59141 7189 1.7 18 10 3 11 89% 258 2331 460 53%
c x  1.36  7 13 0 20 29 1 59141 7189 1.7 18 10 3 11 89% 258 2329 460 53%
c =  1.41  7 13 0 20 29 1 59141 7189 1.7 18 10 3 11 89% 260 2323 458 53%
c d  1.41  7 13 0 20 29 1 59141 7176 1.7 18 10 3 11 89% 258 2323 458 53%
c u  1.41  7 13 0 20 29 1 59141 7147 1.7 18 10 3 11 89% 258 2323 458 53%
c v  1.43  7 13 0 20 29 1 59141 6925 1.7 18 10 3 11 89% 258 2323 458 53%
c w  1.44  7 13 0 20 29 1 59141 6871 1.7 18 10 3 11 89% 258 2323 458 53%
c -  1.49  7 13 0 21 29 1 62676 6791 1.7 18 10 3 11 90% 258 2323 458 53%
c -  1.57  7 13 0 22 30 1 67259 6892 1.7 18 10 3 11 89% 259 2323 458 53%
c -  1.65  7 13 0 23 30 1 71949 6909 1.7 17 10 3 11 89% 259 2323 458 53%
c s  1.70  7 13 0 23 30 1 74774 8372 1.7 17 10 3 11 89% 260 2322 458 53%
c
c seconds  switched  rate        size/glue  tier1    binary      remaining
c        MB  reductions conflicts      size   tier2    irredundant
c         level  restarts   redundant     glue    trail      variables
c
c e  1.70  7 13 0 23 30 1 74774 8372 1.7 17 10 3 11 89% 199 2460 412 47%
c s  1.70  7 13 0 23 30 1 74774 8372 1.7 17 10 3 11 89% 199 2440 412 47%
c e  1.70  7 13 0 23 30 1 74774 8372 1.7 17 10 3 11 89% 197 2446 410 47%
c ^  1.70  7 13 0 23 30 1 74774 8372 1.7 17 10 3 11 89% 197 2446 410 47%
c o  1.70  7 13 0 23 30 1 74774 3893 1.7 17 10 3 11 89% 197 2446 410 47%
c B  1.71  7 13 0 23 30 1 75785 4472 1.7 17 10 3 11 89% 197 2446 410 47%
c -  1.72  6 13 0 24 30 1 76744 3757 1.7 17 10 3 10 89% 197 2446 410 47%
c -  1.80  6 13 0 25 30 1 81642 5147 1.7 17 10 3 10 89% 197 2446 410 47%
c u  1.86  6 13 0 25 33 1 84753 6831 1.7 17 10 3 10 89% 197 2446 410 47%
c v  1.87  6 13 0 25 33 1 84753 6560 1.7 17 10 3 10 89% 197 2446 410 47%
c w  1.88  7 13 0 25 33 1 84753 6084 1.7 17 10 3 10 89% 197 2446 410 47%
c x  1.88  7 13 0 25 33 1 84753 6084 1.7 17 10 3 10 89% 197 2420 410 47%
c t  1.93  7 13 0 25 33 1 84753 6084 1.7 17 10 3 10 89% 195 2420 410 47%
c f  1.93  6 13 0 25 33 1 84753 6084 1.7 17 10 3 10 89% 197 2413 411 47%
c u  1.93  6 13 0 25 33 1 84753 6062 1.7 17 10 3 10 89% 197 2413 411 47%
c v  1.94  7 13 0 25 33 1 84753 5880 1.7 17 10 3 10 89% 197 2413 411 47%
c w  1.95  7 13 0 25 33 1 84753 5439 1.7 17 10 3 10 89% 197 2413 411 47%
c x  1.95  7 13 0 25 33 1 84753 5439 1.7 17 10 3 10 89% 197 2410 411 47%
c -  1.99  7 13 0 26 34 1 86643 4784 1.7 17 10 3 10 89% 197 2410 411 47%
c -  2.09  7 13 0 27 37 1 91742 5245 1.7 17 10 3 10 90% 197 2410 411 47%
c
c seconds  switched  rate        size/glue  tier1    binary      remaining
c        MB  reductions conflicts      size   tier2    irredundant
c         level  restarts   redundant     glue    trail      variables
c
c W  2.18  6 13 0 27 40 1 96696 7657 1.7 17 10 3 10 90% 197 2410 411 47%
c -  2.18  6 13 0 28 40 1 96938 5899 1.7 17 10 3 10 90% 197 2410 411 47%
c -  2.28  6 13 0 29 43 1 102230 6517 1.6 17 10 3 10 90% 197 2410 411 47%
c -  2.37  6 12 0 30 45 1 107615 7114 1.6 17 10 3 10 90% 197 2410 411 47%
c -  2.46  7 12 0 31 45 1 113092 8113 1.7 17 10 3 10 90% 197 2410 411 47%
c u  2.50  7 12 0 31 46 1 115290 9393 1.7 17 10 3 10 90% 197 2410 411 47%
c v  2.52  8 12 0 31 46 1 115290 8758 1.7 17 10 3 10 90% 197 2410 411 47%
c w  2.53  8 12 0 31 46 1 115290 5942 1.7 17 10 3 10 90% 197 2410 411 47%
c o  2.53  8 12 0 31 46 1 115290 5942 1.7 17 10 3 10 90% 197 2410 411 47%
c -  2.59  7 12 0 32 48 1 118659 6015 1.7 17 10 3 10 90% 197 2410 411 47%
c O  2.63  7 12 0 32 50 1 120922 7224 1.7 17 10 3 10 90% 197 2410 411 47%
c -  2.70  7 12 0 33 52 1 124317 6480 1.7 17 10 3 10 90% 197 2410 411 47%
c -  2.82  7 12 0 34 55 1 130061 6338 1.6 17 10 3 10 90% 197 2410 411 47%
c -  2.94  7 12 0 35 59 1 135893 6255 1.6 16 10 3 9 90% 197 2410 411 47%
c e  2.97  7 12 0 35 59 1 137945 7539 1.6 16 10 3 9 90% 137 2611 369 42%
c s  2.97  7 12 0 35 59 1 137945 7539 1.6 16 10 3 9 90% 139 2545 369 42%
c e  2.97  7 12 0 35 59 1 137945 7539 1.6 16 10 3 9 90% 136 2559 365 42%
c ^  2.97  7 12 0 35 59 1 137945 7539 1.6 16 10 3 9 90% 136 2559 365 42%
c -  3.03  6 12 0 36 60 1 141809 5415 1.6 16 10 3 9 90% 136 2559 365 42%
c -  3.12  7 12 0 37 60 1 147811 6781 1.6 16 10 3 9 89% 136 2559 365 42%
c
c seconds  switched  rate         size/glue  tier1   binary      remaining
c        MB  reductions conflicts       size   tier2   irredundant
c         level  restarts    redundant     glue   trail      variables
c
c B  3.13  7 12 0 37 61 1 148662 7332 1.6 16 10 3 9 88% 136 2559 365 42%
c u  3.18  7 12 0 37 61 1 150975 8101 1.6 16 10 3 9 89% 137 2559 365 42%
c v  3.20  7 12 0 37 61 1 150975 7507 1.6 16 10 3 9 89% 137 2559 365 42%
c w  3.20  7 12 0 37 61 1 150975 6319 1.6 16 10 3 9 89% 137 2559 365 42%
c x  3.21  7 12 0 37 61 1 150975 6318 1.6 16 10 3 9 89% 138 2498 365 42%
c t  3.29  7 12 0 37 61 1 150975 6318 1.6 16 10 3 9 89% 136 2498 365 42%
c -  3.33  7 12 0 38 61 1 153894 5984 1.6 16 10 3 9 89% 136 2498 365 42%
c -  3.43  7 12 0 39 61 1 160059 6300 1.6 16 10 3 9 89% 136 2498 365 42%
c -  3.54  7 12 0 40 62 1 166303 6604 1.6 17 10 3 9 89% 136 2498 365 42%
c -  3.64  7 12 0 41 62 1 172627 6935 1.6 16 10 3 9 89% 136 2498 365 42%
c -  3.74  7 12 0 42 62 1 179031 7688 1.6 16 10 3 9 89% 136 2498 365 42%
c W  3.76  6 12 0 42 62 1 180113 8301 1.6 16 10 3 9 89% 136 2498 365 42%
c o  3.76  6 12 0 42 62 1 180113 8301 1.6 16 10 3 9 89% 136 2498 365 42%
c -  3.87  6 12 0 43 62 1 185512 7070 1.6 16 10 2 9 89% 136 2498 365 42%
c u  3.99  7 12 0 43 62 1 191851 9684 1.6 16 10 2 9 90% 136 2498 365 42%
c v  4.00  8 12 0 43 62 1 191851 9269 1.6 16 10 2 9 90% 136 2498 365 42%
c w  4.01  8 12 0 43 62 1 191851 8878 1.6 16 10 2 9 90% 136 2498 365 42%
c x  4.02  8 12 0 43 62 1 191851 8878 1.6 16 10 2 9 90% 136 2488 365 42%
c -  4.02  7 12 0 44 62 1 192069 6333 1.6 16 10 2 9 90% 136 2488 365 42%
c -  4.15  7 12 0 45 64 1 198703 6562 1.6 16 10 2 9 90% 136 2488 365 42%
c
c seconds  switched  rate         size/glue  tier1   binary      remaining
c        MB  reductions conflicts       size   tier2   irredundant
c         level  restarts    redundant     glue   trail      variables
c
c -  4.26  7 12 0 46 68 1 205412 6303 1.6 16 10 2 9 90% 136 2488 365 42%
c -  4.40  7 12 0 47 72 1 212195 6638 1.6 16 10 2 9 90% 136 2488 365 42%
c I  4.46  7 12 0 47 74 1 215466 8303 1.6 16 10 2 9 90% 136 2488 365 42%
c -  4.51  7 12 0 48 76 1 219052 7323 1.6 16 10 2 9 90% 136 2488 365 42%
c -  4.62  7 12 0 49 77 1 225980 7542 1.6 16 10 2 9 90% 136 2488 365 42%
c e  4.65  7 12 0 49 77 1 227413 8208 1.6 16 10 2 9 90%  88 2833 317 36%
c s  4.65  7 12 0 49 77 1 227413 8208 1.6 16 10 2 9 90%  88 2755 317 36%
c e  4.65  7 12 0 49 77 1 227413 8208 1.6 16 10 2 9 90%  86 2780 314 36%
c ^  4.65  7 12 0 49 77 1 227413 8208 1.6 16 10 2 9 90%  86 2780 314 36%
c -  4.72  7 12 0 50 80 1 232983 4965 1.6 16 10 2 9 90%  86 2780 314 36%
c u  4.80  6 12 0 50 83 1 238148 7534 1.6 16 10 2 9 90%  86 2780 314 36%
c v  4.82  6 12 0 50 83 1 238148 6557 1.6 16 10 2 9 90%  86 2780 314 36%
c w  4.84  7 12 0 50 83 1 238148 3996 1.6 16 10 2 9 90%  86 2780 314 36%
c -  4.87  7 12 0 51 84 1 240055 3834 1.6 16 10 2 9 90%  86 2780 314 36%
c -  4.98  7 12 0 52 88 1 247197 5401 1.6 16 10 2 9 90%  86 2780 314 36%
c -  5.09  7 12 0 53 91 1 254411 7152 1.6 16 10 2 9 90%  86 2780 314 36%
c B  5.09  7 12 0 53 92 1 254907 7484 1.6 16 10 2 9 90%  86 2780 314 36%
c o  5.09  7 12 0 53 92 1 254907 7484 1.6 16 10 2 9 90%  86 2780 314 36%
c -  5.21  7 12 0 54 92 1 261692 8080 1.6 16 10 2 9 90%  86 2780 314 36%
c -  5.34  7 12 0 55 93 1 269040 8181 1.6 16 10 2 9 90%  86 2780 314 36%
c
c seconds  switched  rate         size/glue  tier1   binary      remaining
c        MB  reductions conflicts       size   tier2   irredundant
c         level  restarts    redundant     glue   trail      variables
c
c -  5.46  7 12 0 56 93 1 276456 8878 1.6 16 10 2 9 90%  86 2780 314 36%
c -  5.59  7 12 0 57 97 1 283941 9138 1.6 15 10 2 9 90%  86 2780 314 36%
c u  5.69  8 12 0 57 100 1 289219 11252 1.6 15 10 2 9 90%  88 2780 314 36%
c v  5.71  7 12 0 57 100 1 289219 9298 1.6 15 10 2 9 90%  92 2780 314 36%
c w  5.72  8 12 0 57 100 1 289219 5784 1.6 15 10 2 9 90%  90 2780 314 36%
c x  5.72  7 12 0 57 100 1 289219 5780 1.6 15 10 2 9 90%  92 2667 314 36%
c t  5.72  7 12 0 57 100 1 289219 5780 1.6 15 10 2 9 90%  91 2667 314 36%
c -  5.76  6 12 0 58 100 1 291490 4893 1.6 15 10 2 9 90%  91 2667 314 36%
c W  5.88  6 12 0 58 106 1 298618 8473 1.6 15 10 2 9 90%  91 2667 314 36%
c -  5.89  6 12 0 59 106 1 299106 6380 1.6 15 10 2 9 90%  91 2667 314 36%
c -  6.01  6 12 0 60 108 1 306787 7953 1.6 16 10 2 9 90%  91 2667 314 36%
c -  6.13  7 12 0 61 111 1 314533 9263 1.6 15 10 2 9 89%  91 2667 314 36%
c -  6.32  7 12 0 62 115 1 322343 9840 1.6 15 10 2 9 90%  91 2667 314 36%
c -  6.46  8 12 0 63 120 1 330217 10049 1.6 15 10 2 9 90%  91 2667 314 36%
c -  6.60  8 12 0 64 123 1 338154 10966 1.6 15 10 2 9 90%  91 2667 314 36%
c s  6.71  8 12 0 64 123 1 344615 14342 1.6 15 10 2 9 90%  91 2663 314 36%
c e  6.71  8 12 0 64 123 1 344615 14342 1.6 15 10 2 9 90%  59 3270 268 31%
c s  6.71  8 12 0 64 123 1 344615 14342 1.6 15 10 2 9 90%  60 3128 268 31%
c e  6.71  8 12 0 64 123 1 344615 14342 1.6 15 10 2 9 90%  54 3200 263 30%
c !  6.71  8 12 0 64 123 1 344615 14342 1.6 15 10 2 9 90%  54 3200 263 30%
c
c seconds  switched   rate         size/glue  tier1   binary      remaining
c        MB  reductions conflicts        size   tier2   irredundant
c         level  restarts     redundant     glue   trail      variables
c
c o  6.71  8 12 0 64 123 1 344615 8936 1.6 15 10 2 9 90%  54 3200 263 30%
c -  6.74  7 12 0 65 124 1 346155 7045 1.6 15 10 2 9 90%  54 3200 263 30%
c u  6.74  8 12 0 65 124 1 346190 6834 1.6 15 10 2 9 90%  54 3200 263 30%
c v  6.77  8 12 0 65 124 1 346190 5723 1.6 15 10 2 9 90%  54 3200 263 30%
c w  6.78  8 12 0 65 124 1 346190 5069 1.6 15 10 2 9 90%  54 3200 263 30%
c x  6.78  8 12 0 65 124 1 346190 5065 1.6 15 10 2 9 90%  54 3052 263 30%
c f  6.86  7 12 0 65 124 1 346190 5065 1.6 15 10 2 9 90%  55 3033 264 30%
c u  6.87  7 12 0 65 124 1 346190 5022 1.6 15 10 2 9 90%  55 3033 264 30%
c v  6.89  7 12 0 65 124 1 346190 4545 1.6 15 10 2 9 90%  55 3033 264 30%
c w  6.90  7 12 0 65 124 1 346190 3399 1.6 15 10 2 9 90%  55 3033 264 30%
c x  6.91  7 12 0 65 124 1 346190 3399 1.6 15 10 2 9 90%  55 3010 264 30%
c O  6.92  7 12 0 65 124 1 346779 3708 1.6 15 10 2 9 90%  55 3010 264 30%
c -  7.04  7 12 0 66 124 1 354217 4873 1.6 15 10 2 9 90%  55 3010 264 30%
c -  7.19  7 12 0 67 125 1 362342 5698 1.6 15 10 2 9 90%  55 3010 264 30%
c -  7.33  7 12 0 68 125 1 370527 6557 1.5 15 10 2 9 90%  55 3010 264 30%
c -  7.47  7 12 0 69 125 1 378773 7369 1.5 15 10 2 9 90%  55 3010 264 30%
c -  7.61  7 12 0 70 125 1 387079 7417 1.5 15 10 2 8 90%  55 3010 264 30%
c -  7.75  7 11 0 71 126 1 395446 7609 1.5 15 10 2 8 90%  55 3010 264 30%
c B  7.81  7 11 0 71 126 1 399567 9148 1.5 15 10 2 8 90%  55 3010 264 30%
c -  7.88  7 11 0 72 126 1 403873 7842 1.5 15 10 2 8 90%  55 3010 264 30%
c
c seconds  switched   rate         size/glue  tier1   binary      remaining
c        MB  reductions conflicts        size   tier2   irredundant
c         level  restarts     redundant     glue   trail      variables
c
c u  7.95  8 11 0 72 126 1 407772 9363 1.5 15 10 2 8 90%  55 3010 264 30%
c v  7.97  8 11 0 72 126 1 407772 8199 1.5 15 10 2 8 90%  55 3010 264 30%
c w  7.98  8 11 0 72 126 1 407772 6221 1.5 15 10 2 8 90%  55 3010 264 30%
c x  7.99  8 11 0 72 126 1 407772 6218 1.5 15 10 2 8 90%  55 3001 264 30%
c -  8.06  7 11 0 73 126 1 412358 6176 1.5 15 10 2 8 90%  55 3001 264 30%
c -  8.20  7 11 0 74 126 1 420904 8472 1.5 15 9 2 8 90%  56 3001 264 30%
c i  8.25  7 11 0 74 126 1 424519 9939 1.5 14 9 2 8 89%  64 3001 263 30%
c -  8.32  7 11 0 75 126 1 429506 4796 1.5 14 9 2 8 89%  53 3001 263 30%
c -  8.46  7 11 0 76 126 1 438167 6382 1.5 14 9 2 8 89%  53 3001 263 30%
c -  8.61  7 11 0 77 126 1 446885 7752 1.5 14 9 2 8 89%  54 3001 263 30%
c -  8.75  7 11 0 78 126 1 455661 8694 1.5 14 9 2 8 90%  54 3001 263 30%
c W  8.78  6 11 0 78 126 1 457152 9304 1.5 14 9 2 8 90%  54 2819 263 30%
c o  8.78  6 11 0 78 126 1 457152 9304 1.5 14 9 2 8 90%  54 2819 263 30%
c -  8.91  7 11 0 79 130 1 464492 8799 1.5 14 9 2 8 90%  54 2819 263 30%
c -  9.06  8 11 0 80 134 1 473380 9224 1.5 14 9 2 8 90%  54 2819 263 30%
c u  9.10  7 11 0 80 136 1 475068 9507 1.5 14 9 2 8 90%  67 2815 263 30%
c v  9.14  7 11 0 80 136 1 475068 6767 1.5 14 9 2 8 90%  79 2815 263 30%
c w  9.15  8 11 0 80 136 1 475068 4617 1.5 14 9 2 8 90%  75 2815 263 30%
c t  9.15  8 11 0 80 136 1 475068 4617 1.5 14 9 2 8 90%  70 2815 263 30%
c -  9.26  7 11 0 81 140 1 482325 6067 1.5 14 9 2 8 90%  70 2815 263 30%
c
c seconds  switched   rate         size/glue tier1   binary      remaining
c        MB  reductions conflicts        size  tier2   irredundant
c         level  restarts     redundant    glue   trail      variables
c
c s  9.37  7 11 0 81 141 1 489582 9051 1.5 14 9 2 8 90%  75 2699 263 30%
c e  9.37  7 11 0 81 141 1 489582 9051 1.5 14 9 2 8 90%  58 2873 249 29%
c s  9.37  7 11 0 81 141 1 489582 9051 1.5 14 9 2 8 90%  59 2776 249 29%
c -  9.40  7 11 0 82 141 1 491326 7478 1.5 14 9 2 8 90%  59 2776 249 29%
c -  9.55  7 11 0 83 147 1 500382 10020 1.5 14 9 2 8 90%  60 2776 249 29%
c -  9.70  7 11 0 84 151 1 509493 10749 1.5 13 9 2 8 89%  63 2776 249 29%
c i  9.73  7 11 0 84 153 1 511065 11393 1.5 13 9 2 8 89%  73 2776 244 28%
c i  9.84  7 10 0 84 155 1 517399 14424 1.5 13 9 2 8 89%  79 2776 243 28%
c -  9.87  7 10 0 85 156 1 518658 4718 1.5 13 9 2 8 89%  66 2776 243 28%
c i  9.88  7 10 0 85 156 1 519283 4854 1.5 13 9 2 8 89%  77 2776 238 27%
c I  9.89  7 10 0 85 156 1 519703 4956 1.5 13 9 2 8 89%  77 2776 238 27%
c i  9.89  7 10 0 85 156 1 520084 5017 1.5 13 9 2 8 89%  83 2776 215 25%
c i  9.89  7 10 0 85 156 1 520111 5021 1.5 13 9 2 8 89%  88 2776 206 24%
c i  9.89  7 10 0 85 156 1 520125 5022 1.5 13 9 2 8 89%  92 2776 200 23%
c i  9.89  7 10 0 85 156 1 520136 5022 1.5 13 9 2 8 89%  96 2776 196 22%
c i  9.90  7 10 0 85 156 1 520139 5022 1.5 13 9 2 8 89%  98 2776 175 20%
c i  9.90  7 10 0 85 156 1 520143 5023 1.5 13 9 2 8 89%  99 2776 149 17%
c i  9.90  7 10 0 85 156 1 520144 5023 1.5 13 9 2 8 89%  99 2776 126 14%
c ]  9.90  7 10 0 85 156 1 520146 5023 1.5 13 9 2 8 89%  99 2776 61 7%
c 0  9.90  7 0 0 85 156 0 520146 5023 0.0 0 0 2 6 0%  99 2776 61 7%
c
c ---- [ result ] ------------------------------------------------------------
c
s UNSATISFIABLE
c
c ---- [ profiling ] ---------------------------------------------------------
c
c           8.88   89.78 %  search
c           8.88   89.78 %  stable
c           0.99    9.99 %  simplify
c           0.97    9.75 %  probe
c           0.59    5.99 %  vivify
c           0.33    3.38 %  sweep
c           0.08    0.77 %  reduce
c           0.03    0.29 %  eliminate
c           0.02    0.22 %  preprocess
c           0.02    0.17 %  substitute
c           0.02    0.17 %  walking
c           0.01    0.14 %  factor
c           0.01    0.05 %  subsume
c           0.00    0.04 %  congruence
c           0.00    0.02 %  transitive
c           0.00    0.01 %  backbone
c           0.00    0.00 %  parse
c           0.00    0.00 %  lucky
c =============================================
c           9.90  100.00 %  total
c
c ---- [ statistics ] --------------------------------------------------------
c
c conflicts:                           520146            52559.37 per second
c congruent:                               34                4 %  variables
c decisions:                           547858                1.05 per conflict
c eliminated:                             601               69 %  variables
c factored:                                42                5 %  variables
c iterations:                              12                1 %  variables
c propagations:                      65293969          6597782    per second
c reductions:                              85             6119    interval
c reordered:                                9            57794    interval
c rephased:                                21            24769    interval
c restarts:                               156             3334    interval
c strengthened:                           922                0 %  checks
c substituted:                             59                7 %  variables
c subsumed:                               599                0 %  checks
c switched:                                 0                0    interval
c vivified:                             52393               50 %  checks
c walks:                                    7            74307    interval
c
c ---- [ glue usage ] --------------------------------------------------------
c
c stable glue 2   used 940220 clauses 20.61% accumulated 57.44% tier1
c stable glue 3   used 618128 clauses 13.55% accumulated 70.99%
c stable glue 4-6 used 698742 clauses 15.32% accumulated 86.31%
c stable glue 7   used 115690 clauses  2.54% accumulated 88.85%
c stable glue 8   used 106811 clauses  2.34% accumulated 91.19% tier2
c
c ---- [ resources ] ---------------------------------------------------------
c
c maximum-resident-set-size:        424259584 bytes        405 MB
c process-time:                            10s               9.90 seconds
c
c ---- [ shutting down ] -----------------------------------------------------
c
c exit 20
