c ---- [ banner ] ------------------------------------------------------------
c
c Kissat SAT Solver
c 
c Copyright (c) 2021-2024 Armin Biere University of Freiburg
c Copyright (c) 2019-2021 Armin Biere Johannes Kepler University Linz
c 
c Version 4.0.4 8af8e56f174b778aef3aa45af9f739b2a5f492c2
c gcc (GCC) 15.2.1 20260123 (Red Hat 15.2.1-7) -W -Wall -O3 -DNDEBUG
c Thu Apr 23 06:47:51 PM IST 2026 Linux krishnendu-LN 6.19.12-200.fc43.x86_64 x86_64
c
c ---- [ parsing ] -----------------------------------------------------------
c
c opened and reading DIMACS file:
c
c   /home/krishnendu/Research/fv-invariant-mining/data/circuits/cnf/miter_mult_8bit.cnf
c
c parsed 'p cnf 679 2553' header
c closing input after reading 37235 bytes (36 KB)
c finished parsing after 0.00 seconds
c
c ---- [ options ] -----------------------------------------------------------
c
c --decay=70                       (different from default '50')
c
c ---- [ solving ] -----------------------------------------------------------
c
c seconds switched rate     size/glue tier1 binary      remaining
c        MB reductions conflicts size  tier2  irredundant
c         level restarts redundant glue  trail      variables
c
c *  0.00  3 0 0 0  0 0   0   0 0.0 0 0 0 0 0% 887 1664 676 100%
c (  0.00  3 0 0 0  0 0   0   0 0.0 0 0 0 0 0% 887 1664 676 100%
c .  0.00  3 0 0 0  0 0   0   0 0.0 0 0 0 0 0% 883 1664 676 100%
c c  0.00  3 0 0 0  0 0   0   0 0.0 0 0 0 0 0% 919 1662 649 96%
c d  0.00  3 0 0 0  0 0   0   0 0.0 0 0 0 0 0% 829 1662 649 96%
c =  0.02  3 0 0 0  0 0   0   0 0.0 0 0 0 0 0% 843 1650 641 95%
c d  0.02  3 0 0 0  0 0   0   0 0.0 0 0 0 0 0% 823 1650 641 95%
c f  0.02  3 0 0 0  0 0   0   0 0.0 0 0 0 0 0% 812 1635 662 98%
c )  0.02  3 0 0 0  0 0   0   0 0.0 0 0 0 0 0% 812 1635 662 98%
c {  0.02  3 0 0 0  0 0   0   0 0.0 0 0 2 6 0% 812 1635 662 98%
c -  0.04  4 12 0 1 109 2 1000 541 2.2 17 8 3 9 85% 820 1635 662 98%
c }  0.04  4 12 1 1 109 2 1000 541 2.2 17 8 3 9 85% 820 1635 662 98%
c [  0.04  4 0 1 1 109 0 1000 541 0.0 0 0 2 6 0% 820 1635 662 98%
c B  0.04  4 9 1 1 109 1 1005 543 1.3 9 7 2 6 91% 820 1635 662 98%
c ]  0.06  4 10 2 1 109 1 1916 1360 4.4 21 5 2 5 85% 822 1635 662 98%
c {  0.06  4 12 2 1 109 2 1916 1360 2.2 17 8 3 9 85% 822 1635 662 98%
c -  0.06  4 12 2 2 109 2 2000 1159 2.3 18 8 3 9 85% 822 1635 662 98%
c }  0.08  4 11 3 2 109 2 2916 1995 2.9 20 7 2 8 85% 824 1635 662 98%
c [  0.08  4 10 3 2 109 1 2916 1995 4.4 21 5 2 5 85% 824 1635 662 98%
c W  0.08  4 10 3 2 109 1 2916 1995 4.4 21 5 2 5 85% 824 1635 662 98%
c
c seconds  switched  rate       size/glue tier1   binary      remaining
c        MB reductions conflicts      size  tier2   irredundant
c         level restarts   redundant    glue   trail      variables
c
c -  0.09  4 11 3 3 109 1 3414 2028 3.3 20 6 2 6 87% 824 1635 662 98%
c u  0.10  4 11 3 3 109 1 3667 2081 3.0 20 7 2 6 87% 830 1635 662 98%
c v  0.10  4 11 3 3 109 1 3667 1770 3.0 20 7 2 6 87% 830 1635 662 98%
c w  0.10  4 11 3 3 109 1 3667 1766 3.0 20 7 2 6 87% 830 1635 662 98%
c x  0.10  4 11 3 3 109 1 3667 1766 3.0 20 7 2 6 87% 836 1602 662 98%
c =  0.12  4 11 3 3 109 1 3667 1766 3.0 20 7 2 6 87% 878 1600 641 95%
c d  0.12  4 11 3 3 109 1 3667 1766 3.0 20 7 2 6 87% 816 1600 641 95%
c t  0.12  4 11 3 3 109 1 3667 1766 3.0 20 7 2 6 87% 807 1600 641 95%
c u  0.12  4 11 3 3 109 1 3667 1709 3.0 20 7 2 6 87% 808 1600 641 95%
c v  0.12  4 11 3 3 109 1 3667 1579 3.0 20 7 2 6 87% 808 1600 641 95%
c w  0.12  4 11 3 3 109 1 3667 1562 3.0 20 7 2 6 87% 808 1600 641 95%
c x  0.13  4 11 3 3 109 1 3667 1560 3.0 20 7 2 6 87% 808 1595 641 95%
c ]  0.15  4 12 4 3 110 1 4283 2039 2.6 19 7 2 6 86% 808 1595 641 95%
c {  0.15  4 11 4 3 110 2 4283 2039 2.9 20 7 2 8 85% 808 1595 641 95%
c -  0.18  4 12 4 4 237 2 5146 1958 2.7 19 7 2 7 84% 813 1595 641 95%
c }  0.21  5 12 5 4 445 2 6636 3271 2.5 19 7 2 7 84% 821 1595 641 95%
c [  0.21  5 12 5 4 445 1 6636 3271 2.6 19 7 2 6 86% 821 1595 641 95%
c I  0.21  5 12 5 4 445 1 6636 3271 2.6 19 7 2 6 86% 821 1595 641 95%
c -  0.22  5 12 5 5 445 1 7146 2923 2.4 18 8 2 9 87% 822 1595 641 95%
c -  0.25  5 12 5 6 447 1 9383 3694 2.0 17 8 3 9 87% 827 1595 641 95%
c
c seconds  switched  rate        size/glue tier1   binary      remaining
c        MB reductions conflicts       size  tier2   irredundant
c         level restarts    redundant    glue   trail      variables
c
c ]  0.26  5 12 6 6 447 1 10088 4287 2.0 16 8 3 9 86% 827 1595 641 95%
c {  0.26  5 12 6 6 447 2 10088 4287 2.5 19 7 2 7 84% 827 1595 641 95%
c o  0.26  5 12 6 6 452 2 10101 4298 2.5 19 7 2 7 84% 827 1595 641 95%
c u  0.28  5 12 6 6 577 2 11316 5174 2.4 17 7 2 7 78% 837 1595 641 95%
c v  0.29  5 12 6 6 577 2 11316 5050 2.4 17 7 2 7 78% 837 1595 641 95%
c w  0.29  5 12 6 6 577 2 11316 4880 2.4 17 7 2 7 78% 837 1595 641 95%
c t  0.29  5 12 6 6 577 2 11316 4880 2.4 17 7 2 7 78% 829 1595 641 95%
c -  0.30  5 12 6 7 591 2 11832 4182 2.3 16 7 2 7 75% 832 1595 641 95%
c }  0.33  5 12 7 7 1048 2 14157 6160 2.2 16 7 2 7 73% 835 1595 641 95%
c [  0.33  5 12 7 7 1048 1 14157 6160 2.0 16 8 3 9 86% 835 1595 641 95%
c B  0.33  5 12 7 7 1048 1 14157 6160 2.0 16 8 3 9 86% 835 1595 641 95%
c -  0.34  5 12 7 8 1048 1 14477 5242 1.9 16 8 3 9 85% 835 1595 641 95%
c -  0.39  5 12 7 9 1050 1 17305 5552 1.8 15 9 2 9 86% 837 1595 641 95%
c ]  0.39  5 12 8 9 1050 1 17332 5561 1.8 15 9 2 9 86% 837 1595 641 95%
c {  0.39  5 12 8 9 1050 2 17332 5561 2.2 16 7 2 7 73% 837 1595 641 95%
c s  0.42  5 13 8 9 1266 2 18332 6455 2.1 16 8 2 7 74% 842 1592 641 95%
c e  0.42  5 13 8 9 1266 2 18332 6455 2.1 16 8 2 7 74% 272 1915 398 59%
c 2  0.42  5 13 8 9 1266 2 18332 6455 2.1 16 8 2 7 74% 271 1915 398 59%
c s  0.42  5 13 8 9 1266 2 18332 6455 2.1 16 8 2 7 74% 274 1841 398 59%
c e  0.42  5 13 8 9 1266 2 18332 6455 2.1 16 8 2 7 74% 261 1850 392 58%
c
c seconds  switched   rate        size/glue tier1   binary      remaining
c        MB reductions  conflicts       size  tier2   irredundant
c         level  restarts    redundant    glue   trail      variables
c
c ^  0.42  5 13 8 9 1266 2 18332 6455 2.1 16 8 2 7 74% 261 1850 392 58%
c -  0.46  5 13 8 10 1466 2 20306 3359 2.2 17 8 2 7 76% 263 1850 392 58%
c o  0.46  5 13 8 10 1468 2 20395 3443 2.2 17 8 2 7 77% 263 1850 392 58%
c u  0.52  5 13 8 10 2026 2 23178 5681 2.2 17 8 2 7 79% 264 1850 392 58%
c v  0.53  5 13 8 10 2026 2 23178 5518 2.2 17 8 2 7 79% 264 1850 392 58%
c w  0.53  5 13 8 10 2026 2 23178 5452 2.2 17 8 2 7 79% 264 1850 392 58%
c x  0.53  5 13 8 10 2026 2 23178 5445 2.2 17 8 2 7 79% 268 1763 392 58%
c =  0.56  5 13 8 10 2026 2 23178 5445 2.2 17 8 2 7 79% 268 1759 391 58%
c t  0.56  5 13 8 10 2026 2 23178 5400 2.2 17 8 2 7 79% 265 1759 391 58%
c f  0.56  5 13 8 10 2026 2 23178 5400 2.2 17 8 2 7 79% 282 1713 404 60%
c u  0.56  5 13 8 10 2026 2 23178 5289 2.2 17 8 2 7 79% 282 1713 404 60%
c v  0.57  5 13 8 10 2026 2 23178 5225 2.2 17 8 2 7 79% 282 1713 404 60%
c w  0.57  6 13 8 10 2026 2 23178 5167 2.2 17 8 2 7 79% 282 1713 404 60%
c x  0.58  6 13 8 10 2026 2 23178 5167 2.2 17 8 2 7 79% 282 1704 404 60%
c -  0.61  6 13 8 11 2102 2 23469 4269 2.2 17 8 2 7 79% 281 1704 404 60%
c }  0.61  6 13 9 11 2107 2 23491 4289 2.2 18 8 2 7 79% 281 1704 404 60%
c [  0.61  6 12 9 11 2107 1 23491 4289 1.8 15 9 2 9 86% 281 1704 404 60%
c W  0.61  5 12 9 11 2107 1 23491 4289 1.8 15 9 2 9 86% 281 1704 404 60%
c -  0.66  5 11 9 12 2109 1 26785 4885 1.8 15 8 2 8 87% 281 1704 404 60%
c -  0.71  5 11 9 13 2112 1 30249 5587 1.7 15 9 2 9 87% 281 1704 404 60%
c
c seconds  switched    rate        size/glue tier1   binary      remaining
c        MB  reductions  conflicts       size  tier2   irredundant
c         level   restarts    redundant    glue   trail      variables
c
c O  0.73  5 11 9 13 2112 1 31020 6118 1.7 15 9 2 9 87% 281 1704 404 60%
c ]  0.75  5 11 10 13 2113 1 32049 6772 1.7 15 9 2 9 87% 281 1704 404 60%
c {  0.75  5 13 10 13 2113 2 32049 6772 2.2 18 8 2 7 79% 281 1704 404 60%
c -  0.79  6 13 10 14 2392 2 33854 6284 2.1 17 8 2 7 78% 285 1704 404 60%
c e  0.86  6 13 10 14 2627 2 37134 8442 2.1 17 8 2 6 79% 198 1827 352 52%
c s  0.86  6 13 10 14 2627 2 37134 8442 2.1 17 8 2 6 79% 198 1812 352 52%
c ^  0.86  6 13 10 14 2627 2 37134 8442 2.1 17 8 2 6 79% 198 1812 352 52%
c -  0.87  6 13 10 15 2742 2 37596 4529 2.0 17 8 2 6 80% 198 1812 352 52%
c u  0.92  5 13 10 15 2870 2 40090 5722 2.0 16 8 2 6 80% 198 1812 352 52%
c v  0.93  5 13 10 15 2870 2 40090 5511 2.0 16 8 2 6 80% 198 1812 352 52%
c w  0.93  5 13 10 15 2870 2 40090 5374 2.0 16 8 2 6 80% 198 1812 352 52%
c f  0.93  5 13 10 15 2870 2 40090 5374 2.0 16 8 2 6 80% 204 1794 356 53%
c u  0.94  5 13 10 15 2870 2 40090 5276 2.0 16 8 2 6 80% 204 1794 356 53%
c v  0.95  5 13 10 15 2870 2 40090 4806 2.0 16 8 2 6 80% 204 1794 356 53%
c w  0.95  5 13 10 15 2870 2 40090 4783 2.0 16 8 2 6 80% 204 1794 356 53%
c x  0.95  5 13 10 15 2870 2 40090 4779 2.0 16 8 2 6 80% 207 1762 356 53%
c =  0.99  6 13 10 15 2870 2 40090 4779 2.0 16 8 2 6 80% 209 1760 355 52%
c d  0.99  6 13 10 15 2870 2 40090 4779 2.0 16 8 2 6 80% 207 1760 355 52%
c t  0.99  6 13 10 15 2870 2 40090 4779 2.0 16 8 2 6 80% 206 1760 355 52%
c f  0.99  6 13 10 15 2870 2 40090 4779 2.0 16 8 2 6 80% 207 1756 356 53%
c
c seconds   switched    rate        size/glue tier1   binary      remaining
c        MB   reductions  conflicts       size  tier2   irredundant
c         level    restarts    redundant    glue   trail      variables
c
c }  1.00  6 13 11 15 2870 2 40676 5277 2.0 16 8 2 6 81% 207 1755 356 53%
c [  1.00  6 11 11 15 2870 1 40676 5277 1.7 15 9 2 9 87% 207 1755 356 53%
c B  1.00  6 11 11 15 2870 1 40781 5371 1.7 15 9 2 9 87% 207 1755 356 53%
c o  1.00  6 11 11 15 2870 1 40781 5371 1.7 15 9 2 9 87% 207 1755 356 53%
c -  1.01  6 11 11 16 2870 1 41468 4475 1.7 15 9 2 8 87% 207 1754 356 53%
c -  1.08  6 11 11 17 2873 1 45470 5177 1.7 15 9 2 8 88% 207 1754 356 53%
c -  1.13  6 11 11 18 2876 1 49593 5653 1.7 15 9 2 8 88% 207 1754 356 53%
c W  1.19  6 11 11 18 2876 1 53003 7864 1.7 15 9 2 8 88% 208 1754 356 53%
c -  1.21  6 11 11 19 2877 1 53836 6225 1.7 15 9 2 8 88% 208 1754 356 53%
c ]  1.21  6 11 12 19 2878 1 54227 6565 1.7 15 9 2 8 88% 208 1754 356 53%
c {  1.21  6 13 12 19 2878 2 54227 6565 2.0 16 8 2 6 81% 208 1754 356 53%
c -  1.32  7 13 12 20 3369 2 58195 7420 2.0 17 8 1 6 82% 211 1752 356 53%
c u  1.43  7 12 12 20 3369 2 61910 9904 2.1 17 8 1 6 83% 212 1752 356 53%
c v  1.44  7 12 12 20 3369 2 61910 9757 2.1 17 8 1 6 83% 212 1752 356 53%
c w  1.45  7 12 12 20 3369 2 61910 9677 2.1 17 8 1 6 83% 212 1752 356 53%
c x  1.45  6 12 12 20 3369 2 61910 9676 2.1 17 8 1 6 83% 216 1738 356 53%
c -  1.52  7 12 12 21 3385 2 62668 8322 2.1 17 8 1 5 83% 216 1738 356 53%
c }  1.60  7 12 13 21 3431 2 65706 10126 2.1 17 8 1 5 83% 217 1738 356 53%
c [  1.60  7 11 13 21 3431 1 65706 10126 1.7 15 9 2 8 88% 217 1738 356 53%
c -  1.64  7 11 13 22 3432 1 67250 9254 1.7 15 9 2 8 88% 217 1738 356 53%
c
c seconds   switched    rate        size/glue tier1   binary      remaining
c        MB   reductions  conflicts       size  tier2   irredundant
c         level    restarts    redundant    glue   trail      variables
c
c I  1.65  7 11 13 22 3433 1 67907 9793 1.7 15 9 2 8 88% 217 1738 356 53%
c -  1.72  7 11 13 23 3436 1 71940 8904 1.7 15 8 2 8 88% 217 1738 356 53%
c -  1.80  7 11 13 24 3437 1 76736 8992 1.8 15 8 2 8 89% 217 1738 356 53%
c s  1.83  7 11 13 24 3438 1 78243 9825 1.8 15 8 2 8 89% 218 1736 356 53%
c e  1.83  7 11 13 24 3438 1 78243 9825 1.8 15 8 2 8 89% 173 1832 324 48%
c s  1.83  7 11 13 24 3438 1 78243 9825 1.8 15 8 2 8 89% 173 1812 324 48%
c ^  1.83  7 11 13 24 3438 1 78243 9825 1.8 15 8 2 8 89% 173 1812 324 48%
c o  1.83  7 11 13 24 3438 1 78243 6199 1.8 15 8 2 8 89% 173 1812 324 48%
c -  1.89  6 11 13 25 3440 1 81635 5886 1.7 14 8 2 7 89% 174 1812 324 48%
c ]  1.89  6 11 14 25 3440 1 81950 6072 1.7 14 8 2 7 89% 174 1812 324 48%
c {  1.89  6 12 14 25 3440 2 81950 6072 2.1 17 8 1 5 83% 174 1812 324 48%
c -  1.97  6 11 14 26 3451 2 86636 6582 2.0 16 8 1 5 84% 174 1812 324 48%
c u  2.01  6 11 14 26 3638 2 88780 7768 2.0 16 8 1 5 84% 176 1812 324 48%
c v  2.03  6 11 14 26 3638 2 88780 6275 2.0 16 8 1 5 84% 181 1812 324 48%
c w  2.04  6 11 14 26 3638 2 88780 4843 2.0 16 8 1 5 84% 181 1812 324 48%
c t  2.04  6 11 14 26 3638 2 88780 4843 2.0 16 8 1 5 84% 176 1812 324 48%
c -  2.09  7 11 14 27 3995 2 91735 5330 2.0 16 8 1 5 85% 176 1812 324 48%
c i  2.16  7 11 14 27 4249 2 96216 8117 2.0 15 8 1 5 85% 189 1812 323 48%
c }  2.17  6 11 15 27 4353 2 96666 8408 2.0 15 8 1 5 85% 189 1812 323 48%
c [  2.17  6 11 15 27 4353 1 96666 8408 1.7 14 8 2 7 89% 189 1812 323 48%
c
c seconds   switched    rate        size/glue tier1   binary      remaining
c        MB   reductions  conflicts       size  tier2   irredundant
c         level    restarts    redundant    glue   trail      variables
c
c B  2.17  6 11 15 27 4353 1 96666 8408 1.7 14 8 2 7 89% 189 1812 323 48%
c -  2.18  6 11 15 28 4353 1 96932 4782 1.7 14 8 2 7 89% 171 1812 323 48%
c -  2.28  6 10 15 29 4357 1 102224 5579 1.7 14 8 2 7 89% 172 1812 323 48%
c i  2.33  6 10 15 29 4358 1 104808 6693 1.7 14 8 2 7 89% 183 1812 318 47%
c -  2.37  6 10 15 30 4359 1 107610 4290 1.7 14 8 2 7 89% 228 1603 318 47%
c i  2.41  6 10 15 30 4361 1 110351 5349 1.7 13 8 2 7 89% 235 1603 317 47%
c ]  2.42  6 10 16 30 4361 1 110570 5460 1.7 13 8 2 7 89% 235 1603 317 47%
c {  2.42  6 11 16 30 4361 2 110570 5460 2.0 15 8 1 5 85% 235 1603 317 47%
c -  2.46  7 11 16 31 4364 2 113088 4254 2.0 15 8 1 5 85% 231 1603 317 47%
c i  2.48  7 11 16 31 4364 2 114327 4911 2.0 15 8 1 5 85% 238 1603 312 46%
c i  2.51  7 11 16 31 4364 2 115902 6091 2.0 15 8 1 5 85% 247 1603 310 46%
c i  2.52  7 11 16 31 4364 2 116461 6486 2.0 15 7 1 5 85% 255 1603 308 45%
c i  2.53  7 11 16 31 4364 2 117127 6881 2.0 15 7 1 5 85% 265 1603 307 45%
c i  2.54  7 11 16 31 4364 2 117395 7085 2.0 15 7 1 5 85% 273 1603 305 45%
c i  2.54  7 11 16 31 4364 2 117459 7116 2.0 15 7 1 5 85% 276 1603 292 43%
c i  2.54  7 11 16 31 4364 2 117488 7132 2.0 15 7 1 5 85% 282 1603 284 42%
c i  2.54  7 11 16 31 4364 2 117493 7132 2.0 15 7 1 5 85% 285 1603 276 41%
c i  2.54  7 11 16 31 4364 2 117497 7133 2.0 15 7 1 5 85% 286 1603 253 37%
c i  2.54  7 11 16 31 4364 2 117499 7133 2.0 15 7 1 5 85% 287 1603 114 17%
c }  2.54  7 11 16 31 4364 2 117501 7133 2.0 15 7 1 5 85% 287 1603  1 0%
c
c seconds   switched    rate         size/glue tier1   binary    remaining
c        MB   reductions  conflicts        size  tier2   irredundant
c         level    restarts     redundant    glue   trail     variables
c
c 0  2.54  7 11 16 31 4364 2 117501 7133 2.0 15 7 1 5 85% 287 1603  1 0%
c
c ---- [ result ] ------------------------------------------------------------
c
s UNSATISFIABLE
c
c ---- [ profiling ] ---------------------------------------------------------
c
c           2.17   85.57 %  search
c           1.14   44.91 %  focused
c           1.03   40.67 %  stable
c           0.35   13.97 %  probe
c           0.35   13.64 %  simplify
c           0.19    7.55 %  sweep
c           0.15    5.83 %  vivify
c           0.02    0.86 %  reduce
c           0.02    0.76 %  preprocess
c           0.01    0.30 %  eliminate
c           0.01    0.27 %  substitute
c           0.00    0.17 %  factor
c           0.00    0.12 %  walking
c           0.00    0.10 %  congruence
c           0.00    0.05 %  subsume
c           0.00    0.03 %  transitive
c           0.00    0.01 %  backbone
c           0.00    0.01 %  lucky
c           0.00    0.01 %  parse
c =============================================
c           2.54  100.00 %  total
c
c ---- [ statistics ] --------------------------------------------------------
c
c conflicts:                           117501            46276.21 per second
c congruent:                               27                4 %  variables
c decisions:                           159088                1.35 per conflict
c eliminated:                             333               49 %  variables
c factored:                                39                6 %  variables
c iterations:                              14                2 %  variables
c propagations:                      15762120          6207702    per second
c reductions:                              31             3790    interval
c reordered:                                4            29375    interval
c rephased:                                10            11750    interval
c restarts:                              4364               27    interval
c strengthened:                           143                0 %  checks
c substituted:                             56                8 %  variables
c subsumed:                               110                0 %  checks
c switched:                                16             7344    interval
c vivified:                             10602               43 %  checks
c walks:                                    3            39167    interval
c
c ---- [ glue usage ] --------------------------------------------------------
c
c focused glue 1 used 313470 clauses 54.62% accumulated 54.62% tier1
c focused glue 2 used 115569 clauses 20.14% accumulated 74.75%
c focused glue 3 used  53621 clauses  9.34% accumulated 84.09%
c focused glue 4 used  26260 clauses  4.58% accumulated 88.67%
c focused glue 5 used  15748 clauses  2.74% accumulated 91.41% tier2
c
c stable glue 2   used 107136 clauses 19.00% accumulated 67.60% tier1
c stable glue 3   used  53805 clauses  9.54% accumulated 77.14%
c stable glue 4-5 used  51162 clauses  9.07% accumulated 86.22%
c stable glue 6   used  17433 clauses  3.09% accumulated 89.31%
c stable glue 7   used  16306 clauses  2.89% accumulated 92.20% tier2
c
c ---- [ resources ] ---------------------------------------------------------
c
c maximum-resident-set-size:        423305216 bytes        404 MB
c process-time:                             3s               2.54 seconds
c
c ---- [ shutting down ] -----------------------------------------------------
c
c exit 20
