c ---- [ banner ] ------------------------------------------------------------
c
c Kissat SAT Solver
c 
c Copyright (c) 2021-2024 Armin Biere University of Freiburg
c Copyright (c) 2019-2021 Armin Biere Johannes Kepler University Linz
c 
c Version 4.0.4 8af8e56f174b778aef3aa45af9f739b2a5f492c2
c gcc (GCC) 15.2.1 20260123 (Red Hat 15.2.1-7) -W -Wall -O3 -DNDEBUG
c Thu Apr 23 06:47:51 PM IST 2026 Linux krishnendu-LN 6.19.12-200.fc43.x86_64 x86_64
c
c ---- [ parsing ] -----------------------------------------------------------
c
c opened and reading DIMACS file:
c
c   /home/krishnendu/Research/fv-invariant-mining/data/circuits/cnf/miter_mult_9bit.cnf
c
c parsed 'p cnf 873 3299' header
c closing input after reading 48449 bytes (47 KB)
c finished parsing after 0.00 seconds
c
c ---- [ options ] -----------------------------------------------------------
c
c --decay=110                      (different from default '50')
c --eliminateeffort=500            (different from default '100')
c --stable=2                       (different from default '1')
c
c ---- [ solving ] -----------------------------------------------------------
c
c seconds switched rate     size/glue tier1  binary      remaining
c        MB reductions conflicts size  tier2   irredundant
c         level restarts redundant glue  trail       variables
c
c *  0.00  3 0 0 0  0 0   0   0 0.0 0 0 0 0 0% 1142 2155 870 100%
c (  0.00  3 0 0 0  0 0   0   0 0.0 0 0 0 0 0% 1142 2155 870 100%
c .  0.00  3 0 0 0  0 0   0   0 0.0 0 0 0 0 0% 1138 2155 870 100%
c c  0.00  3 0 0 0  0 0   0   0 0.0 0 0 0 0 0% 1186 2153 836 96%
c d  0.00  3 0 0 0  0 0   0   0 0.0 0 0 0 0 0% 1070 2153 836 96%
c =  0.02  3 0 0 0  0 0   0   0 0.0 0 0 0 0 0% 1084 2141 828 95%
c d  0.02  3 0 0 0  0 0   0   0 0.0 0 0 0 0 0% 1064 2141 828 95%
c f  0.02  4 0 0 0  0 0   0   0 0.0 0 0 0 0 0% 1040 2124 852 98%
c )  0.02  4 0 0 0  0 0   0   0 0.0 0 0 0 0 0% 1040 2124 852 98%
c [  0.02  4 0 0 0  0 0   0   0 0.0 0 0 2 6 0% 1040 2124 852 98%
c -  0.04  4 13 0 1  0 1 1002 759 3.4 25 7 4 9 90% 1049 2124 852 98%
c B  0.04  4 13 0 1  0 1 1002 759 3.4 25 7 4 9 90% 1049 2124 852 98%
c -  0.06  4 15 0 2  1 1 2003 1480 2.7 25 9 5 12 90% 1052 2124 852 98%
c W  0.06  4 15 0 2  1 1 2003 1480 2.7 25 9 5 12 90% 1052 2124 852 98%
c -  0.08  4 15 0 3  2 1 3418 2019 2.4 24 10 5 12 90% 1052 2124 852 98%
c u  0.09  4 15 0 3  2 1 3512 2038 2.3 24 10 5 12 90% 1056 2124 852 98%
c v  0.09  4 15 0 3  2 1 3512 1879 2.3 24 10 5 12 90% 1056 2124 852 98%
c w  0.09  4 15 0 3  2 1 3512 1877 2.3 24 10 5 12 90% 1056 2124 852 98%
c x  0.10  4 15 0 3  2 1 3512 1877 2.3 24 10 5 12 90% 1065 2080 852 98%
c =  0.11  4 15 0 3  2 1 3512 1877 2.3 24 10 5 12 90% 1095 2079 837 96%
c
c seconds  switched rate       size/glue  tier1     binary      remaining
c        MB reductions conflicts     size   tier2     irredundant
c         level restarts  redundant     glue    trail       variables
c
c d  0.11  4 15 0 3  2 1 3512 1877 2.3 24 10 5 12 90% 1050 2079 837 96%
c t  0.11  4 15 0 3  2 1 3512 1877 2.3 24 10 5 12 90% 1042 2079 837 96%
c u  0.11  4 15 0 3  2 1 3512 1868 2.3 24 10 5 12 90% 1043 2079 837 96%
c v  0.12  4 15 0 3  2 1 3512 1778 2.3 24 10 5 12 90% 1043 2079 837 96%
c w  0.12  4 15 0 3  2 1 3512 1761 2.3 24 10 5 12 90% 1043 2079 837 96%
c x  0.12  4 15 0 3  2 1 3512 1761 2.3 24 10 5 12 90% 1043 2077 837 96%
c =  0.13  4 15 0 3  2 1 3512 1761 2.3 24 10 5 12 90% 1047 2075 835 96%
c d  0.13  4 15 0 3  2 1 3512 1761 2.3 24 10 5 12 90% 1042 2075 835 96%
c I  0.14  4 16 0 3  3 1 4263 2421 2.2 23 11 5 13 90% 1043 2075 835 96%
c -  0.15  4 15 0 4  3 1 5151 2444 2.1 22 10 5 13 89% 1045 2073 835 96%
c -  0.19  5 15 0 5  5 1 7152 3198 2.0 21 10 5 12 88% 1048 2073 835 96%
c B  0.20  5 15 0 5  5 1 8034 3879 2.0 21 10 5 12 88% 1049 2073 835 96%
c -  0.23  5 15 0 6  6 1 9388 4093 2.0 21 10 5 12 88% 1050 2073 835 96%
c u  0.25  4 15 0 6  6 1 10832 5147 2.0 21 11 5 12 87% 1054 2073 835 96%
c v  0.26  5 15 0 6  6 1 10832 5075 2.0 21 11 5 12 87% 1054 2073 835 96%
c w  0.26  5 15 0 6  6 1 10832 5066 2.0 21 11 5 12 87% 1054 2073 835 96%
c t  0.28  5 15 0 6  6 1 10832 5066 2.0 21 11 5 12 87% 1053 2073 835 96%
c o  0.28  5 15 0 6  6 1 10832 5066 2.0 21 11 5 12 87% 1053 2073 835 96%
c -  0.30  5 15 0 7  6 1 11839 4527 1.9 20 11 5 12 88% 1053 2073 835 96%
c W  0.33  5 14 0 7  8 1 13564 5677 1.9 20 11 5 12 88% 1055 2073 835 96%
c
c seconds  switched rate        size/glue  tier1     binary      remaining
c        MB reductions conflicts      size   tier2     irredundant
c         level restarts   redundant     glue    trail       variables
c
c -  0.35  5 14 0 8  9 1 14485 4697 1.9 20 11 4 12 88% 1055 2073 835 96%
c -  0.40  5 14 0 9 10 1 17314 5042 1.8 20 11 4 11 88% 1056 2073 835 96%
c s  0.41  5 14 0 9 11 1 17552 5214 1.8 19 11 4 11 88% 1057 2069 835 96%
c e  0.41  5 14 0 9 11 1 17552 5214 1.8 19 11 4 11 88% 318 2478 518 59%
c s  0.41  5 14 0 9 11 1 17552 5214 1.8 19 11 4 11 88% 323 2424 518 59%
c e  0.41  5 14 0 9 11 1 17552 5214 1.8 19 11 4 11 88% 304 2440 511 59%
c ^  0.41  5 14 0 9 11 1 17552 5214 1.8 19 11 4 11 88% 304 2440 511 59%
c -  0.44  5 14 0 10 12 1 20314 3236 1.8 19 11 4 11 88% 304 2440 511 59%
c O  0.45  5 14 0 10 13 1 21092 3882 1.8 19 11 4 11 88% 304 2440 511 59%
c o  0.45  5 14 0 10 13 1 21092 3882 1.8 19 11 4 11 88% 304 2440 511 59%
c u  0.48  5 14 0 10 13 1 22194 4315 1.8 19 11 4 11 88% 304 2440 511 59%
c v  0.48  5 14 0 10 13 1 22194 4170 1.8 19 11 4 11 88% 304 2440 511 59%
c w  0.49  7 14 0 10 13 1 22194 4164 1.8 19 11 4 11 88% 304 2440 511 59%
c x  0.49  6 14 0 10 13 1 22194 4163 1.8 19 11 4 11 88% 307 2360 511 59%
c t  0.49  6 14 0 10 13 1 22194 4163 1.8 19 11 4 11 88% 302 2360 511 59%
c f  0.49  6 14 0 10 13 1 22194 4163 1.8 19 11 4 11 88% 343 2267 533 61%
c u  0.49  6 14 0 10 13 1 22194 4153 1.8 19 11 4 11 88% 343 2267 533 61%
c v  0.50  6 14 0 10 13 1 22194 4050 1.8 19 11 4 11 88% 343 2267 533 61%
c w  0.50  6 14 0 10 13 1 22194 3457 1.8 19 11 4 11 88% 343 2267 533 61%
c x  0.50  6 14 0 10 13 1 22194 3457 1.8 19 11 4 11 88% 345 2251 533 61%
c
c seconds  switched  rate        size/glue  tier1    binary      remaining
c        MB  reductions conflicts      size   tier2    irredundant
c         level  restarts   redundant     glue    trail      variables
c
c =  0.52  6 14 0 10 13 1 22194 3457 1.8 19 11 4 11 88% 345 2247 532 61%
c t  0.52  6 14 0 10 13 1 22194 3443 1.8 19 11 4 11 88% 344 2247 532 61%
c -  0.54  6 14 0 11 13 1 23477 3456 1.8 19 11 4 11 88% 343 2247 532 61%
c -  0.60  6 14 0 12 14 1 26793 4591 1.8 19 11 4 11 87% 344 2247 532 61%
c -  0.66  6 14 0 13 14 1 30257 5588 1.9 19 10 3 11 87% 345 2247 532 61%
c B  0.67  6 14 0 13 14 1 30853 6079 1.9 19 10 3 11 87% 345 2247 532 61%
c -  0.73  6 14 0 14 15 1 33862 6279 1.9 20 11 3 11 87% 345 2247 532 61%
c s  0.77  6 14 0 14 17 1 35529 7516 1.9 20 11 3 11 87% 346 2245 532 61%
c e  0.77  6 14 0 14 17 1 35529 7516 1.9 20 11 3 11 87% 249 2406 454 52%
c s  0.77  6 14 0 14 17 1 35529 7516 1.9 20 11 3 11 87% 252 2371 454 52%
c e  0.77  6 14 0 14 17 1 35529 7516 1.9 20 11 3 11 87% 246 2379 451 52%
c ^  0.77  6 14 0 14 17 1 35529 7516 1.9 20 11 3 11 87% 246 2379 451 52%
c -  0.81  6 14 0 15 18 1 37603 3713 1.9 20 11 3 11 87% 246 2379 451 52%
c u  0.82  6 14 0 15 19 1 38351 4162 1.9 20 11 3 11 87% 246 2379 451 52%
c v  0.83  6 14 0 15 19 1 38351 3828 1.9 20 11 3 11 87% 246 2379 451 52%
c w  0.84  6 14 0 15 19 1 38351 3759 1.9 20 11 3 11 87% 246 2379 451 52%
c =  0.87  6 14 0 15 19 1 38351 3759 1.9 20 11 3 11 87% 248 2377 450 52%
c d  0.87  6 14 0 15 19 1 38351 3759 1.9 20 11 3 11 87% 246 2377 450 52%
c t  0.87  6 14 0 15 19 1 38351 3759 1.9 20 11 3 11 87% 244 2377 450 52%
c f  0.87  6 14 0 15 19 1 38351 3759 1.9 20 11 3 11 87% 247 2368 452 52%
c
c seconds  switched  rate        size/glue  tier1    binary      remaining
c        MB  reductions conflicts      size   tier2    irredundant
c         level  restarts   redundant     glue    trail      variables
c
c u  0.87  6 14 0 15 19 1 38351 3736 1.9 20 11 3 11 87% 247 2368 452 52%
c v  0.88  6 14 0 15 19 1 38351 3613 1.9 20 11 3 11 87% 247 2368 452 52%
c w  0.88  6 14 0 15 19 1 38351 3225 1.9 20 11 3 11 87% 247 2368 452 52%
c x  0.89  6 14 0 15 19 1 38351 3223 1.9 20 11 3 11 87% 248 2330 452 52%
c -  0.97  6 14 0 16 21 1 41475 4529 1.9 20 11 3 11 87% 248 2329 452 52%
c W  1.00  6 14 0 16 21 1 43075 5784 1.9 20 11 3 11 87% 248 2329 452 52%
c o  1.00  6 14 0 16 21 1 43075 5784 1.9 20 11 3 11 87% 248 2329 452 52%
c -  1.05  6 14 0 17 22 1 45477 5411 1.9 20 11 3 10 87% 248 2329 452 52%
c -  1.14  6 14 0 18 25 1 49601 5881 1.9 20 11 3 10 87% 248 2329 452 52%
c -  1.25  6 14 0 19 28 1 53844 6411 1.9 19 10 3 10 87% 248 2329 452 52%
c I  1.34  6 14 0 19 29 1 57979 9114 1.8 19 10 3 10 87% 248 2329 452 52%
c -  1.34  6 14 0 20 29 1 58204 7060 1.9 19 10 3 10 87% 248 2329 452 52%
c u  1.36  7 14 0 20 29 1 59172 7621 1.9 19 10 3 10 87% 248 2329 452 52%
c v  1.37  7 14 0 20 29 1 59172 7415 1.9 19 10 3 10 87% 248 2329 452 52%
c w  1.37  7 14 0 20 29 1 59172 6507 1.9 19 10 3 10 87% 248 2329 452 52%
c x  1.37  7 14 0 20 29 1 59172 6507 1.9 19 10 3 10 87% 248 2326 452 52%
c -  1.43  7 14 0 21 29 1 62679 6435 1.8 19 10 3 10 87% 248 2326 452 52%
c -  1.50  7 14 0 22 30 1 67262 6620 1.8 19 10 3 10 86% 250 2325 452 52%
c -  1.57  7 14 0 23 30 1 71953 7243 1.8 19 10 3 10 86% 250 2325 452 52%
c s  1.61  7 14 0 23 30 1 74795 9333 1.8 19 10 3 10 86% 251 2324 452 52%
c
c seconds  switched  rate        size/glue  tier1    binary      remaining
c        MB  reductions conflicts      size   tier2    irredundant
c         level  restarts   redundant     glue    trail      variables
c
c e  1.62  7 14 0 23 30 1 74795 9333 1.8 19 10 3 10 86% 207 2431 414 47%
c s  1.62  7 14 0 23 30 1 74795 9333 1.8 19 10 3 10 86% 207 2420 414 47%
c e  1.62  7 14 0 23 30 1 74795 9333 1.8 19 10 3 10 86% 205 2424 413 47%
c ^  1.62  7 14 0 23 30 1 74795 9333 1.8 19 10 3 10 86% 205 2424 413 47%
c o  1.62  7 14 0 23 30 1 74795 5777 1.8 19 10 3 10 86% 205 2424 413 47%
c B  1.63  7 14 0 23 30 1 75783 6427 1.8 19 10 3 10 86% 205 2424 413 47%
c -  1.65  7 14 0 24 30 1 76748 5203 1.8 19 10 3 10 86% 205 2424 413 47%
c -  1.74  7 13 0 25 30 1 81646 6600 1.8 19 10 3 10 86% 205 2424 413 47%
c u  1.81  7 13 0 25 33 1 84795 8060 1.8 18 10 3 10 87% 205 2424 413 47%
c v  1.82  7 13 0 25 33 1 84795 7613 1.8 18 10 3 10 87% 205 2424 413 47%
c w  1.83  7 13 0 25 33 1 84795 6529 1.8 18 10 3 10 87% 205 2424 413 47%
c -  1.90  7 13 0 26 34 1 86647 5974 1.8 18 10 3 10 87% 206 2423 413 47%
c -  1.99  7 13 0 27 37 1 91748 6353 1.8 18 10 3 9 87% 206 2423 413 47%
c W  2.07  6 13 0 27 39 1 96694 9673 1.8 18 10 3 9 87% 206 2423 413 47%
c -  2.07  6 13 0 28 40 1 96946 6884 1.8 18 10 3 9 87% 206 2423 413 47%
c -  2.17  6 13 0 29 43 1 102237 7068 1.7 18 10 3 9 87% 206 2423 413 47%
c -  2.28  7 13 0 30 45 1 107622 8210 1.8 18 10 3 9 87% 206 2423 413 47%
c -  2.40  7 13 0 31 45 1 113099 8414 1.7 17 10 3 9 87% 207 2423 413 47%
c u  2.45  6 13 0 31 46 1 115287 9282 1.7 17 10 3 9 87% 207 2423 413 47%
c v  2.46  7 13 0 31 46 1 115287 8484 1.7 17 10 3 9 87% 207 2423 413 47%
c
c seconds  switched  rate         size/glue  tier1   binary      remaining
c        MB  reductions conflicts       size   tier2   irredundant
c         level  restarts    redundant     glue   trail      variables
c
c w  2.47  7 13 0 31 46 1 115287 8011 1.7 17 10 3 9 87% 207 2423 413 47%
c x  2.47  7 13 0 31 46 1 115287 8011 1.7 17 10 3 9 87% 209 2403 413 47%
c o  2.47  7 13 0 31 46 1 115287 8011 1.7 17 10 3 9 87% 209 2403 413 47%
c -  2.52  7 13 0 32 48 1 118666 7741 1.7 17 10 3 9 87% 209 2403 413 47%
c O  2.55  7 13 0 32 50 1 120919 9024 1.7 17 10 3 9 87% 209 2403 413 47%
c -  2.62  7 13 0 33 52 1 124322 8129 1.7 17 10 3 9 87% 211 2403 413 47%
c -  2.73  7 13 0 34 55 1 130067 7783 1.7 17 10 3 9 87% 211 2403 413 47%
c -  2.85  7 13 0 35 59 1 135897 7629 1.7 17 10 3 9 87% 212 2403 413 47%
c s  2.89  7 13 0 35 59 1 138023 9031 1.7 17 10 3 9 87% 212 2402 413 47%
c e  2.89  7 13 0 35 59 1 138023 9031 1.7 17 10 3 9 87% 146 2599 376 43%
c s  2.89  7 13 0 35 59 1 138023 9031 1.7 17 10 3 9 87% 148 2547 376 43%
c ^  2.89  7 13 0 35 59 1 138023 9031 1.7 17 10 3 9 87% 148 2547 376 43%
c -  2.97  7 13 0 36 60 1 141813 7452 1.7 17 10 3 9 87% 148 2547 376 43%
c -  3.07  7 13 0 37 60 1 147814 7745 1.7 17 10 3 9 87% 148 2547 376 43%
c B  3.09  7 13 0 37 61 1 148660 8394 1.7 17 10 3 9 87% 148 2547 376 43%
c u  3.14  7 13 0 37 61 1 150962 9492 1.7 17 10 3 9 87% 148 2547 376 43%
c v  3.16  7 13 0 37 61 1 150962 8971 1.7 17 10 3 9 87% 148 2547 376 43%
c w  3.16  8 13 0 37 61 1 150962 8267 1.7 17 10 3 9 87% 148 2547 376 43%
c t  3.17  8 13 0 37 61 1 150962 8267 1.7 17 10 3 9 87% 147 2547 376 43%
c -  3.22  7 13 0 38 61 1 153896 7166 1.7 17 10 3 9 87% 147 2547 376 43%
c
c seconds  switched  rate         size/glue  tier1   binary      remaining
c        MB  reductions conflicts       size   tier2   irredundant
c         level  restarts    redundant     glue   trail      variables
c
c -  3.32  7 13 0 39 61 1 160060 7713 1.7 17 10 3 9 87% 147 2547 376 43%
c -  3.44  7 13 0 40 62 1 166304 8705 1.7 17 10 3 9 87% 148 2547 376 43%
c -  3.56  7 13 0 41 62 1 172629 9632 1.7 17 10 3 9 87% 148 2547 376 43%
c -  3.69  7 13 0 42 62 1 179032 11037 1.7 17 10 2 9 87% 148 2547 376 43%
c W  3.72  6 13 0 42 62 1 180111 11694 1.7 17 10 2 9 87% 148 2547 376 43%
c o  3.72  6 13 0 42 62 1 180111 11694 1.7 17 10 2 9 87% 148 2547 376 43%
c -  3.83  7 13 0 43 62 1 185512 11350 1.7 17 10 2 9 87% 148 2547 376 43%
c u  3.97  8 13 0 43 62 1 191678 15027 1.7 17 10 2 9 87% 148 2547 376 43%
c v  3.99  8 13 0 43 62 1 191678 14499 1.7 17 10 2 9 87% 148 2547 376 43%
c w  4.00  9 13 0 43 62 1 191678 14071 1.7 17 10 2 9 87% 148 2547 376 43%
c t  4.10  9 13 0 43 62 1 191678 14071 1.7 17 10 2 9 87% 146 2547 376 43%
c -  4.11  7 13 0 44 62 1 192070 9959 1.7 17 10 2 9 87% 146 2547 376 43%
c -  4.23  8 13 0 45 64 1 198703 10229 1.7 17 10 2 9 87% 146 2547 376 43%
c -  4.35  8 13 0 46 68 1 205412 9742 1.7 17 10 2 8 87% 146 2547 376 43%
c -  4.49  7 13 0 47 72 1 212194 10586 1.7 17 10 2 8 87% 146 2547 376 43%
c I  4.55  7 13 0 47 74 1 215463 12912 1.7 17 10 2 8 87% 146 2547 376 43%
c -  4.63  7 13 0 48 76 1 219051 10610 1.7 17 10 2 8 87% 146 2547 376 43%
c -  4.76  8 13 0 49 77 1 225979 9923 1.7 17 10 2 8 86% 146 2547 376 43%
c s  4.79  7 13 0 49 77 1 227492 10988 1.7 17 10 2 8 86% 147 2545 376 43%
c e  4.79  7 13 0 49 77 1 227492 10988 1.7 17 10 2 8 86%  96 2967 319 37%
c
c seconds  switched  rate          size/glue  tier1   binary      remaining
c        MB  reductions conflicts        size   tier2   irredundant
c         level  restarts     redundant     glue   trail      variables
c
c s  4.79  7 13 0 49 77 1 227492 10988 1.7 17 10 2 8 86%  97 2829 319 37%
c e  4.79  7 13 0 49 77 1 227492 10988 1.7 17 10 2 8 86%  91 2874 313 36%
c ^  4.79  7 13 0 49 77 1 227492 10988 1.7 17 10 2 8 86%  91 2874 313 36%
c -  4.87  6 13 0 50 80 1 232980 5868 1.7 17 10 2 9 86%  91 2874 313 36%
c u  4.94  7 13 0 50 83 1 237771 8664 1.7 17 10 2 9 86%  91 2874 313 36%
c v  4.96  7 13 0 50 83 1 237771 8026 1.7 17 10 2 9 86%  91 2874 313 36%
c w  4.97  7 13 0 50 83 1 237771 7017 1.7 17 10 2 9 86%  91 2874 313 36%
c x  4.98  6 13 0 50 83 1 237771 7011 1.7 17 10 2 9 86%  95 2695 313 36%
c t  4.98  6 13 0 50 83 1 237771 7011 1.7 17 10 2 9 86%  93 2695 313 36%
c -  5.02  7 13 0 51 84 1 240051 6228 1.7 17 10 2 9 86%  93 2695 313 36%
c -  5.12  7 13 0 52 88 1 247193 7070 1.7 17 10 2 8 87%  93 2695 313 36%
c -  5.24  7 13 0 53 91 1 254407 7779 1.7 17 10 2 8 87%  93 2695 313 36%
c B  5.25  7 13 0 53 91 1 254904 8045 1.7 17 10 2 8 87%  93 2695 313 36%
c o  5.25  7 13 0 53 91 1 254904 8045 1.7 17 10 2 8 87%  93 2695 313 36%
c -  5.36  7 13 0 54 92 1 261687 8830 1.7 17 10 2 8 87%  93 2695 313 36%
c -  5.47  7 12 0 55 93 1 269036 9192 1.7 16 10 2 8 87%  93 2695 313 36%
c -  5.63  7 12 0 56 93 1 276452 9805 1.7 16 10 2 8 87%  93 2695 313 36%
c -  5.78  7 12 0 57 97 1 283935 9707 1.7 16 10 2 8 86%  93 2695 313 36%
c u  5.90  7 12 0 57 100 1 289082 11874 1.7 16 10 2 8 86%  93 2695 313 36%
c v  5.93  8 12 0 57 100 1 289082 10186 1.7 16 10 2 8 86%  93 2695 313 36%
c
c seconds  switched   rate         size/glue  tier1   binary      remaining
c        MB  reductions conflicts        size   tier2   irredundant
c         level  restarts     redundant     glue   trail      variables
c
c w  5.94  8 12 0 57 100 1 289082 7372 1.7 16 10 2 8 86%  93 2695 313 36%
c -  5.99  6 12 0 58 100 1 291485 6713 1.7 16 10 2 8 86%  93 2695 313 36%
c W  6.12  6 12 0 58 106 1 298615 11256 1.7 16 10 2 8 86%  94 2695 313 36%
c -  6.13  6 12 0 59 106 1 299101 9046 1.7 16 10 2 8 86%  94 2695 313 36%
c -  6.29  7 12 0 60 108 1 306783 9661 1.6 16 10 2 8 86%  94 2695 313 36%
c -  6.45  7 12 0 61 110 1 314529 9559 1.6 16 10 2 8 86%  94 2695 313 36%
c -  6.61  7 12 0 62 115 1 322340 10105 1.6 16 10 2 8 86%  94 2695 313 36%
c -  6.79  7 12 0 63 120 1 330215 9995 1.6 16 10 2 8 86%  94 2695 313 36%
c o  6.93  7 12 0 63 123 1 337234 13706 1.6 16 10 2 8 86%  94 2695 313 36%
c -  6.96  7 12 0 64 123 1 338152 10780 1.6 16 10 2 8 86%  94 2695 313 36%
c s  7.08  7 12 0 64 123 1 344028 14186 1.6 16 10 2 8 86%  94 2691 313 36%
c e  7.08  7 12 0 64 123 1 344028 14186 1.6 16 10 2 8 86%  62 3188 273 31%
c s  7.08  7 12 0 64 123 1 344028 14186 1.6 16 10 2 8 86%  62 3066 273 31%
c e  7.08  7 12 0 64 123 1 344028 14186 1.6 16 10 2 8 86%  56 3134 268 31%
c !  7.08  7 12 0 64 123 1 344028 14186 1.6 16 10 2 8 86%  56 3134 268 31%
c u  7.13  7 12 0 64 124 1 345949 9919 1.6 16 10 2 8 86%  56 3134 268 31%
c v  7.16  8 12 0 64 124 1 345949 8846 1.6 16 10 2 8 86%  56 3134 268 31%
c w  7.17  8 12 0 64 124 1 345949 7426 1.6 16 10 2 8 86%  56 3134 268 31%
c x  7.17  7 12 0 64 124 1 345949 7417 1.6 16 10 2 8 86%  59 2984 268 31%
c -  7.18  6 12 0 65 124 1 346152 5711 1.6 16 10 2 8 86%  59 2984 268 31%
c
c seconds  switched   rate         size/glue  tier1   binary      remaining
c        MB  reductions conflicts        size   tier2   irredundant
c         level  restarts     redundant     glue   trail      variables
c
c O  7.19  6 12 0 65 124 1 346777 6164 1.6 16 10 2 8 86%  59 2984 268 31%
c -  7.33  7 12 0 66 124 1 354215 8028 1.6 16 10 2 8 86%  59 2984 268 31%
c -  7.48  7 12 0 67 125 1 362339 9959 1.6 16 10 2 8 86%  60 2984 268 31%
c -  7.64  7 12 0 68 125 1 370525 10244 1.6 16 9 2 8 86%  60 2984 268 31%
c -  7.77  7 12 0 69 125 1 378774 10735 1.6 16 9 2 8 86%  60 2984 268 31%
c -  7.92  7 12 0 70 125 1 387080 11031 1.6 15 9 2 8 86%  61 2984 268 31%
c -  8.08  8 12 0 71 126 1 395447 11749 1.6 15 9 2 8 86%  61 2984 268 31%
c B  8.15  7 12 0 71 126 1 399564 14251 1.6 15 9 2 8 86%  61 2984 268 31%
c -  8.24  8 12 0 72 126 1 403873 11705 1.6 15 9 2 8 86%  61 2984 268 31%
c u  8.33  8 11 0 72 126 1 407606 13262 1.6 15 9 2 8 86%  62 2984 268 31%
c v  8.35  8 11 0 72 126 1 407606 12574 1.6 15 9 2 8 86%  63 2984 268 31%
c w  8.36  8 11 0 72 126 1 407606 10956 1.6 15 9 2 8 86%  63 2984 268 31%
c x  8.37  7 11 0 72 126 1 407606 10954 1.6 15 9 2 8 86%  68 2907 268 31%
c t  8.43  7 11 0 72 126 1 407606 10954 1.6 15 9 2 8 86%  66 2907 268 31%
c -  8.52  8 11 0 73 126 1 412358 11299 1.7 15 9 2 8 86%  67 2907 268 31%
c i  8.67  7 11 0 73 126 1 420202 15438 1.7 15 9 2 8 86%  77 2907 265 30%
c o  8.67  7 11 0 73 126 1 420202 15438 1.7 15 9 2 8 86%  77 2907 265 30%
c -  8.69  6 11 0 74 126 1 420902 5576 1.7 15 9 2 8 86%  57 2907 265 30%
c -  8.84  7 11 0 75 126 1 429504 8973 1.7 15 9 2 8 86%  57 2907 265 30%
c -  9.00  7 11 0 76 126 1 438164 12629 1.7 15 9 2 8 86%  59 2907 265 30%
c
c seconds  switched   rate          size/glue tier1   binary      remaining
c        MB  reductions conflicts         size  tier2   irredundant
c         level  restarts      redundant    glue   trail      variables
c
c -  9.18  8 11 0 77 126 1 446882 13632 1.7 14 9 2 8 86%  61 2907 265 30%
c i  9.20  7 11 0 77 126 1 447545 13827 1.7 14 9 2 8 86%  70 2907 263 30%
c -  9.35  8 11 0 78 126 1 455656 9020 1.7 14 9 2 7 86%  61 2907 263 30%
c W  9.38  7 11 0 78 126 1 457149 9950 1.7 14 8 2 7 85%  62 2597 263 30%
c -  9.52  8 11 0 79 129 1 464487 11905 1.7 14 8 2 7 85%  64 2597 263 30%
c i  9.55  8 11 0 79 131 1 465742 12531 1.7 14 8 2 7 86%  72 2597 262 30%
c -  9.74  8 10 0 80 134 1 473377 10444 1.7 14 8 2 7 86%  63 2597 262 30%
c i  9.76  7 10 0 80 135 1 474393 10799 1.7 14 8 2 7 86%  72 2597 248 28%
c i  9.78  7 10 0 80 136 1 474947 11042 1.7 14 8 2 7 86%  80 2597 241 28%
c i  9.78  7 10 0 80 136 1 475121 11164 1.7 14 8 2 7 86%  84 2597 238 27%
c b  9.79  7 10 0 80 136 1 475213 2737 1.7 14 8 2 7 86% 258 1644 237 27%
c u  9.79  7 10 0 80 136 1 475213 1782 1.7 14 8 2 7 86% 342 1644  0 0%
c ]  9.79  7 10 0 80 136 1 475213 1782 1.7 14 8 2 7 86% 342 1644  0 0%
c 0  9.79  7 0 0 80 136 0 475213 1782 0.0 0 0 2 6 0% 342 1644  0 0%
c
c ---- [ result ] ------------------------------------------------------------
c
s UNSATISFIABLE
c
c ---- [ profiling ] ---------------------------------------------------------
c
c           8.94   91.28 %  search
c           8.94   91.28 %  stable
c           0.83    8.52 %  simplify
c           0.81    8.28 %  probe
c           0.44    4.53 %  vivify
c           0.33    3.40 %  sweep
c           0.08    0.86 %  reduce
c           0.02    0.25 %  eliminate
c           0.02    0.19 %  preprocess
c           0.02    0.18 %  walking
c           0.02    0.16 %  substitute
c           0.01    0.13 %  factor
c           0.00    0.04 %  subsume
c           0.00    0.04 %  congruence
c           0.00    0.02 %  transitive
c           0.00    0.01 %  backbone
c           0.00    0.00 %  parse
c           0.00    0.00 %  lucky
c =============================================
c           9.79  100.00 %  total
c
c ---- [ statistics ] --------------------------------------------------------
c
c conflicts:                           475213            48540.74 per second
c congruent:                               34                4 %  variables
c decisions:                           525205                1.11 per conflict
c eliminated:                             589               68 %  variables
c factored:                                48                6 %  variables
c iterations:                               6                1 %  variables
c propagations:                      52385317          5350910    per second
c reductions:                              80             5940    interval
c reordered:                                9            52801    interval
c rephased:                                20            23761    interval
c restarts:                               136             3494    interval
c strengthened:                           620                0 %  checks
c substituted:                             59                7 %  variables
c subsumed:                               412                0 %  checks
c switched:                                 0                0    interval
c vivified:                             35450               48 %  checks
c walks:                                    7            67888    interval
c
c ---- [ glue usage ] --------------------------------------------------------
c
c stable glue 2   used 1065540 clauses 21.32% accumulated 56.14% tier1
c stable glue 3   used  750608 clauses 15.02% accumulated 71.16%
c stable glue 4-5 used  654298 clauses 13.09% accumulated 84.26%
c stable glue 6   used  172289 clauses  3.45% accumulated 87.70%
c stable glue 7   used  133827 clauses  2.68% accumulated 90.38% tier2
c
c ---- [ resources ] ---------------------------------------------------------
c
c maximum-resident-set-size:        424259584 bytes        405 MB
c process-time:                            10s               9.79 seconds
c
c ---- [ shutting down ] -----------------------------------------------------
c
c exit 20
