c ---- [ banner ] ------------------------------------------------------------
c
c Kissat SAT Solver
c 
c Copyright (c) 2021-2024 Armin Biere University of Freiburg
c Copyright (c) 2019-2021 Armin Biere Johannes Kepler University Linz
c 
c Version 4.0.4 8af8e56f174b778aef3aa45af9f739b2a5f492c2
c gcc (GCC) 15.2.1 20260123 (Red Hat 15.2.1-7) -W -Wall -O3 -DNDEBUG
c Thu Apr 23 06:47:51 PM IST 2026 Linux krishnendu-LN 6.19.12-200.fc43.x86_64 x86_64
c
c ---- [ parsing ] -----------------------------------------------------------
c
c opened and reading DIMACS file:
c
c   /home/krishnendu/Research/fv-invariant-mining/data/circuits/cnf/miter_mult_9bit.cnf
c
c parsed 'p cnf 873 3299' header
c closing input after reading 48449 bytes (47 KB)
c finished parsing after 0.00 seconds
c
c ---- [ options ] -----------------------------------------------------------
c
c --decay=1                        (different from default '50')
c --eliminateeffort=0              (different from default '100')
c --stable=2                       (different from default '1')
c
c ---- [ solving ] -----------------------------------------------------------
c
c seconds switched rate     size/glue tier1  binary      remaining
c        MB reductions conflicts size  tier2   irredundant
c         level restarts redundant glue  trail       variables
c
c *  0.00  3 0 0 0  0 0   0   0 0.0 0 0 0 0 0% 1142 2155 870 100%
c (  0.00  3 0 0 0  0 0   0   0 0.0 0 0 0 0 0% 1142 2155 870 100%
c .  0.00  3 0 0 0  0 0   0   0 0.0 0 0 0 0 0% 1138 2155 870 100%
c c  0.00  3 0 0 0  0 0   0   0 0.0 0 0 0 0 0% 1186 2153 836 96%
c d  0.00  3 0 0 0  0 0   0   0 0.0 0 0 0 0 0% 1070 2153 836 96%
c =  0.02  3 0 0 0  0 0   0   0 0.0 0 0 0 0 0% 1084 2141 828 95%
c d  0.02  3 0 0 0  0 0   0   0 0.0 0 0 0 0 0% 1064 2141 828 95%
c f  0.02  3 0 0 0  0 0   0   0 0.0 0 0 0 0 0% 1040 2124 852 98%
c )  0.02  3 0 0 0  0 0   0   0 0.0 0 0 0 0 0% 1040 2124 852 98%
c [  0.02  3 0 0 0  0 0   0   0 0.0 0 0 2 6 0% 1040 2124 852 98%
c -  0.04  4 12 0 1  0 1 1000 733 3.1 25 8 3 9 87% 1043 2124 852 98%
c B  0.04  4 12 0 1  0 1 1002 735 3.1 25 8 3 9 87% 1043 2124 852 98%
c -  0.06  4 13 0 2  1 1 2002 1338 2.4 23 9 3 11 86% 1043 2124 852 98%
c W  0.06  4 13 0 2  1 1 2005 1340 2.4 23 9 3 11 86% 1043 2124 852 98%
c -  0.09  4 13 0 3  2 1 3417 1889 2.3 23 10 4 12 88% 1043 2124 852 98%
c u  0.09  4 13 0 3  2 1 3511 1940 2.3 23 10 4 12 88% 1047 2124 852 98%
c v  0.09  4 13 0 3  2 1 3511 1841 2.3 23 10 4 12 88% 1047 2124 852 98%
c w  0.10  4 13 0 3  2 1 3511 1754 2.3 23 10 4 12 88% 1047 2124 852 98%
c x  0.10  4 13 0 3  2 1 3511 1754 2.3 23 10 4 12 88% 1058 2087 852 98%
c =  0.12  4 13 0 3  2 1 3511 1754 2.3 23 10 4 12 88% 1088 2086 837 96%
c
c seconds  switched rate       size/glue  tier1     binary      remaining
c        MB reductions conflicts     size   tier2     irredundant
c         level restarts  redundant     glue    trail       variables
c
c d  0.12  4 13 0 3  2 1 3511 1754 2.3 23 10 4 12 88% 1043 2086 837 96%
c t  0.12  4 13 0 3  2 1 3511 1754 2.3 23 10 4 12 88% 1036 2086 837 96%
c u  0.12  4 13 0 3  2 1 3511 1743 2.3 23 10 4 12 88% 1037 2086 837 96%
c v  0.12  4 13 0 3  2 1 3511 1637 2.3 23 10 4 12 88% 1037 2086 837 96%
c w  0.13  5 13 0 3  2 1 3511 1344 2.3 23 10 4 12 88% 1037 2086 837 96%
c x  0.13  5 13 0 3  2 1 3511 1344 2.3 23 10 4 12 88% 1037 2083 837 96%
c =  0.14  5 13 0 3  2 1 3511 1344 2.3 23 10 4 12 88% 1041 2081 835 96%
c d  0.14  5 13 0 3  2 1 3511 1344 2.3 23 10 4 12 88% 1036 2081 835 96%
c I  0.15  5 14 0 3  3 1 4264 1917 2.2 22 10 4 12 89% 1036 2079 835 96%
c -  0.16  5 14 0 4  4 1 5149 2137 2.1 21 10 5 12 89% 1039 2079 835 96%
c -  0.19  5 14 0 5  5 1 7150 3089 1.9 20 10 6 12 89% 1041 2079 835 96%
c B  0.21  5 14 0 5  5 1 8036 3740 1.9 20 11 6 12 89% 1041 2079 835 96%
c -  0.23  5 14 0 6  6 1 9387 3403 1.8 19 11 5 12 90% 1043 2079 835 96%
c u  0.26  4 14 0 6  6 1 10833 4220 1.8 19 11 5 12 90% 1048 2079 835 96%
c v  0.27  4 14 0 6  6 1 10833 4095 1.8 19 11 5 12 90% 1048 2079 835 96%
c w  0.27  5 14 0 6  6 1 10833 4078 1.8 19 11 5 12 90% 1048 2079 835 96%
c t  0.29  5 14 0 6  6 1 10833 4078 1.8 19 11 5 12 90% 1045 2079 835 96%
c o  0.29  5 14 0 6  6 1 10833 4078 1.8 19 11 5 12 90% 1045 2079 835 96%
c -  0.31  5 14 0 7  6 1 11838 3064 1.7 18 11 5 12 90% 1045 2079 835 96%
c W  0.36  5 13 0 7  8 1 13566 3337 1.6 18 11 5 12 92% 1045 2079 835 96%
c
c seconds  switched rate        size/glue  tier1     binary      remaining
c        MB reductions conflicts      size   tier2     irredundant
c         level restarts   redundant     glue    trail       variables
c
c -  0.39  5 13 0 8  9 1 14483 2366 1.6 17 11 4 12 92% 1045 2079 835 96%
c -  0.45  5 13 0 9 10 1 17311 2031 1.6 17 11 4 12 93% 1045 2079 835 96%
c s  0.46  5 13 0 9 11 1 17552 2143 1.6 17 11 4 12 93% 1046 2074 835 96%
c e  0.46  5 13 0 9 11 1 17552 2143 1.6 17 11 4 12 93% 1044 2069 833 96%
c ^  0.46  5 13 0 9 11 1 17552 2143 1.6 17 11 4 12 93% 1044 2069 833 96%
c -  0.52  5 13 0 10 12 1 20311 2786 1.6 17 10 3 11 94% 1044 2069 833 96%
c O  0.53  5 13 0 10 13 1 21094 3356 1.6 17 10 3 11 94% 1044 2069 833 96%
c o  0.53  5 13 0 10 13 1 21094 3356 1.6 17 10 3 11 94% 1044 2069 833 96%
c u  0.56  5 13 0 10 13 1 22196 3394 1.6 17 10 3 11 94% 1043 2069 833 96%
c v  0.57  5 13 0 10 13 1 22196 3242 1.6 17 10 3 11 94% 1043 2069 833 96%
c w  0.58  5 13 0 10 13 1 22196 3047 1.6 17 10 3 11 94% 1043 2069 833 96%
c x  0.58  5 13 0 10 13 1 22196 3047 1.6 17 10 3 11 94% 1043 2065 833 96%
c -  0.61  5 13 0 11 13 1 23473 2592 1.6 16 10 3 11 94% 1043 2065 833 96%
c -  0.70  5 12 0 12 14 1 26789 1951 1.5 16 10 3 11 95% 1043 2065 833 96%
c -  0.79  5 12 0 13 14 1 30253 2084 1.5 15 10 3 11 95% 1043 2065 833 96%
c B  0.80  5 12 0 13 14 1 30856 2401 1.5 16 10 3 11 95% 1043 2065 833 96%
c -  0.86  5 12 0 14 16 1 33860 3432 1.5 16 10 3 11 95% 1043 2065 833 96%
c e  0.89  5 12 0 14 17 1 35151 4054 1.5 16 10 3 11 95% 1044 2065 832 95%
c ^  0.89  5 12 0 14 17 1 35151 4054 1.5 16 10 3 11 95% 1044 2065 832 95%
c -  0.95  5 12 0 15 18 1 37601 4466 1.5 16 10 3 11 95% 1044 2065 832 95%
c
c seconds  switched  rate        size/glue  tier1     binary      remaining
c        MB  reductions conflicts      size   tier2     irredundant
c         level  restarts   redundant     glue    trail       variables
c
c u  0.95  5 12 0 15 18 1 37865 4624 1.6 16 10 3 11 95% 1045 2065 832 95%
c v  0.97  5 12 0 15 18 1 37865 4291 1.6 16 10 3 11 95% 1045 2065 832 95%
c w  0.98  5 12 0 15 18 1 37865 3270 1.6 16 10 3 11 95% 1045 2065 832 95%
c t  1.03  5 12 0 15 18 1 37865 3270 1.6 16 10 3 11 95% 1044 2065 832 95%
c -  1.10  6 12 0 16 21 1 41473 4410 1.6 16 10 3 11 95% 1045 2065 832 95%
c W  1.13  5 12 0 16 21 1 43078 5464 1.6 16 10 3 11 95% 1045 2065 832 95%
c o  1.13  5 12 0 16 21 1 43078 5464 1.6 16 10 3 11 95% 1045 2065 832 95%
c -  1.21  5 12 0 17 22 1 45474 5087 1.6 16 10 3 11 95% 1045 2065 832 95%
c -  1.30  5 12 0 18 25 1 49597 4926 1.6 16 10 3 10 95% 1045 2065 832 95%
c -  1.38  5 12 0 19 28 1 53839 4765 1.6 16 10 3 10 95% 1045 2065 832 95%
c I  1.47  5 12 0 19 29 1 57982 6464 1.6 16 10 3 10 94% 1046 2065 832 95%
c u  1.48  5 12 0 19 29 1 58039 6443 1.6 16 10 3 10 94% 1046 2065 832 95%
c v  1.50  5 12 0 19 29 1 58039 5996 1.6 16 10 3 10 94% 1046 2065 832 95%
c w  1.50  7 12 0 19 29 1 58039 4508 1.6 16 10 3 10 94% 1046 2065 832 95%
c -  1.51  6 12 0 20 29 1 58198 3303 1.6 16 10 3 10 94% 1046 2065 832 95%
c -  1.59  6 12 0 21 29 1 62672 4141 1.6 16 10 3 10 94% 1047 2065 832 95%
c -  1.67  6 12 0 22 30 1 67257 4816 1.6 16 10 3 10 94% 1047 2065 832 95%
c -  1.77  6 12 0 23 30 1 71947 5466 1.6 16 10 3 10 93% 1048 2065 832 95%
c e  1.80  6 12 0 23 30 1 73315 6406 1.6 16 10 3 10 93% 1047 2064 831 95%
c ^  1.80  6 12 0 23 30 1 73315 6406 1.6 16 10 3 10 93% 1047 2064 831 95%
c
c seconds  switched  rate        size/glue  tier1     binary      remaining
c        MB  reductions conflicts      size   tier2     irredundant
c         level  restarts   redundant     glue    trail       variables
c
c o  1.80  6 12 0 23 30 1 73315 6406 1.6 16 10 3 10 93% 1047 2064 831 95%
c B  1.85  6 12 0 23 30 1 75784 7838 1.6 16 10 3 10 93% 1047 2064 831 95%
c -  1.87  6 12 0 24 30 1 76742 6429 1.6 16 10 3 10 94% 1047 2064 831 95%
c -  2.00  7 12 0 25 30 1 81640 6276 1.6 16 10 3 10 94% 1047 2064 831 95%
c u  2.03  7 12 0 25 31 1 82857 6649 1.6 16 10 3 10 94% 1047 2064 831 95%
c v  2.05  7 12 0 25 31 1 82857 6299 1.6 16 10 3 10 94% 1047 2064 831 95%
c w  2.05  7 12 0 25 31 1 82857 5538 1.6 16 10 3 10 94% 1047 2064 831 95%
c x  2.05  7 12 0 25 31 1 82857 5538 1.6 16 10 3 10 94% 1047 2062 831 95%
c t  2.05  7 12 0 25 31 1 82857 5538 1.6 16 10 3 10 94% 1045 2062 831 95%
c -  2.14  6 12 0 26 34 1 86641 5074 1.6 16 10 3 10 93% 1045 2062 831 95%
c -  2.26  6 11 0 27 37 1 91740 5918 1.6 16 10 3 10 93% 1049 2062 831 95%
c W  2.37  6 11 0 27 40 1 96695 8314 1.6 15 10 3 10 93% 1049 2062 831 95%
c -  2.37  6 11 0 28 40 1 96937 6622 1.6 15 10 3 10 93% 1049 2062 831 95%
c -  2.50  6 11 0 29 43 1 102228 7449 1.6 15 10 3 10 92% 1049 2062 831 95%
c -  2.63  6 11 0 30 45 1 107615 7801 1.6 15 9 3 10 92% 1049 2062 831 95%
c u  2.75  7 11 0 30 45 1 112505 10259 1.6 15 9 3 10 92% 1049 2062 831 95%
c v  2.78  7 11 0 30 45 1 112505 9030 1.6 15 9 3 10 92% 1049 2062 831 95%
c w  2.79  7 11 0 30 45 1 112505 6787 1.6 15 9 3 10 92% 1049 2062 831 95%
c t  2.88  7 11 0 30 45 1 112505 6787 1.6 15 9 3 10 92% 1047 2062 831 95%
c -  2.89  6 11 0 31 45 1 113092 5249 1.6 15 9 3 9 92% 1047 2062 831 95%
c
c seconds  switched  rate         size/glue tier1    binary      remaining
c        MB  reductions conflicts       size  tier2    irredundant
c         level  restarts    redundant    glue   trail       variables
c
c -  3.03  6 11 0 32 48 1 118660 5666 1.6 15 9 3 9 92% 1047 2062 831 95%
c O  3.08  6 11 0 32 50 1 120922 6740 1.6 15 9 3 9 92% 1047 2062 831 95%
c o  3.08  6 11 0 32 50 1 120922 6740 1.6 15 9 3 9 92% 1047 2062 831 95%
c -  3.19  6 11 0 33 52 1 124317 5451 1.6 15 9 3 9 93% 1047 2062 831 95%
c -  3.34  6 11 0 34 55 1 130062 5185 1.6 15 9 2 9 93% 1047 2062 831 95%
c e  3.44  6 11 0 34 58 1 134778 7679 1.6 15 9 2 9 93% 1046 2063 830 95%
c ^  3.44  6 11 0 34 58 1 134778 7679 1.6 15 9 2 9 93% 1046 2063 830 95%
c -  3.47  6 11 0 35 59 1 135893 5635 1.6 15 9 2 9 93% 1046 2063 830 95%
c -  3.60  6 11 0 36 60 1 141809 5836 1.6 15 10 2 9 93% 1046 2063 830 95%
c u  3.73  6 11 0 36 60 1 147148 8398 1.6 15 10 2 9 93% 1046 2063 830 95%
c v  3.77  7 11 0 36 60 1 147148 7688 1.6 15 10 2 9 93% 1046 2063 830 95%
c w  3.78  7 11 0 36 60 1 147148 5135 1.6 15 10 2 9 93% 1046 2063 830 95%
c t  3.78  7 11 0 36 60 1 147148 5135 1.6 15 10 2 9 93% 1044 2063 830 95%
c -  3.80  6 11 0 37 61 1 147810 3940 1.6 15 10 2 9 93% 1044 2063 830 95%
c B  3.81  6 11 0 37 61 1 148663 4396 1.6 15 10 2 9 93% 1044 2063 830 95%
c -  3.92  6 11 0 38 61 1 153892 5577 1.6 15 10 2 9 92% 1045 2063 830 95%
c -  4.04  6 11 0 39 61 1 160056 6448 1.6 15 10 2 9 92% 1045 2063 830 95%
c -  4.18  6 11 0 40 62 1 166300 6864 1.6 15 9 2 9 92% 1045 2063 830 95%
c -  4.31  7 11 0 41 62 1 172625 7711 1.6 15 9 2 9 92% 1045 2063 830 95%
c -  4.44  7 11 0 42 62 1 179028 8540 1.7 16 9 2 9 92% 1046 2063 830 95%
c
c seconds  switched  rate         size/glue tier1    binary      remaining
c        MB  reductions conflicts       size  tier2    irredundant
c         level  restarts    redundant    glue   trail       variables
c
c W  4.47  6 11 0 42 62 1 180113 9270 1.7 16 9 2 9 92% 1046 2063 830 95%
c o  4.47  6 11 0 42 62 1 180113 9270 1.7 16 9 2 9 92% 1046 2063 830 95%
c -  4.63  7 11 0 43 62 1 185508 7783 1.7 16 9 2 9 92% 1046 2063 830 95%
c u  4.68  7 11 0 43 62 1 186900 7776 1.7 16 9 2 9 92% 1046 2063 830 95%
c v  4.72  8 11 0 43 62 1 186900 6655 1.7 16 9 2 9 92% 1046 2063 830 95%
c w  4.73  8 11 0 43 62 1 186900 5979 1.7 16 9 2 9 92% 1046 2063 830 95%
c -  4.85  7 11 0 44 62 1 192065 5871 1.7 16 9 2 9 93% 1048 2063 830 95%
c -  5.01  7 11 0 45 64 1 198698 6847 1.7 16 9 2 9 93% 1049 2063 830 95%
c -  5.17  8 11 0 46 69 1 205406 8203 1.7 15 9 2 9 93% 1050 2063 830 95%
c -  5.34  7 11 0 47 72 1 212188 8584 1.7 16 9 2 9 93% 1052 2063 830 95%
c I  5.42  8 11 0 47 75 1 215464 10302 1.7 16 9 2 9 92% 1052 2063 830 95%
c -  5.50  7 11 0 48 76 1 219043 8426 1.7 16 9 2 9 92% 1052 2063 830 95%
c e  5.58  8 11 0 48 77 1 222124 10217 1.7 16 9 2 9 92% 1051 2062 829 95%
c ^  5.58  8 11 0 48 77 1 222124 10217 1.7 16 9 2 9 92% 1051 2062 829 95%
c -  5.69  7 11 0 49 77 1 225971 8744 1.7 16 9 2 9 92% 1051 2062 829 95%
c u  5.84  8 11 0 49 80 1 231897 12216 1.7 16 9 2 9 92% 1052 2062 829 95%
c v  5.87  8 11 0 49 80 1 231897 11684 1.7 16 9 2 9 92% 1052 2062 829 95%
c w  5.89  8 11 0 49 80 1 231897 9877 1.7 16 9 2 9 92% 1052 2062 829 95%
c x  5.89  8 11 0 49 80 1 231897 9877 1.7 16 9 2 9 92% 1052 2052 829 95%
c t  5.89  8 11 0 49 80 1 231897 9877 1.7 16 9 2 9 92% 1050 2052 829 95%
c
c seconds  switched  rate         size/glue tier1    binary      remaining
c        MB  reductions conflicts       size  tier2    irredundant
c         level  restarts    redundant    glue   trail       variables
c
c -  5.92  7 11 0 50 80 1 232972 7932 1.7 16 9 2 9 92% 1050 2052 829 95%
c -  6.09  8 11 0 51 84 1 240043 7965 1.7 16 9 2 9 92% 1050 2052 829 95%
c -  6.32  7 11 0 52 88 1 247185 7922 1.7 16 9 2 9 92% 1050 2052 829 95%
c -  6.55  8 11 0 53 92 1 254396 8358 1.7 15 9 2 9 92% 1050 2052 829 95%
c B  6.57  8 11 0 53 92 1 254904 8585 1.7 15 9 2 9 92% 1050 2052 829 95%
c o  6.57  8 11 0 53 92 1 254904 8585 1.7 15 9 2 9 92% 1050 2052 829 95%
c -  6.77  8 11 0 54 92 1 261676 8624 1.7 15 9 2 9 93% 1050 2052 829 95%
c -  7.01  8 11 0 55 93 1 269024 7424 1.6 15 9 2 8 93% 1051 2052 829 95%
c -  7.21  8 11 0 56 93 1 276440 7361 1.6 15 9 2 8 93% 1051 2052 829 95%
c u  7.36  8 11 0 56 96 1 282296 9426 1.6 15 9 2 8 93% 1051 2052 829 95%
c v  7.41  8 11 0 56 96 1 282296 7279 1.6 15 9 2 8 93% 1051 2052 829 95%
c w  7.44  8 11 0 56 96 1 282296 4630 1.6 15 9 2 8 93% 1051 2052 829 95%
c =  7.61  8 11 0 56 96 1 282296 4630 1.6 15 9 2 8 93% 1053 2048 827 95%
c d  7.61  8 11 0 56 96 1 282296 4607 1.6 15 9 2 8 93% 1051 2048 827 95%
c u  7.62  8 11 0 56 96 1 282296 4480 1.6 15 9 2 8 93% 1051 2048 827 95%
c v  7.66  8 11 0 56 96 1 282296 3785 1.6 15 9 2 8 93% 1051 2048 827 95%
c w  7.67  8 11 0 56 96 1 282296 3565 1.6 15 9 2 8 93% 1051 2048 827 95%
c -  7.71  6 11 0 57 97 1 283923 3310 1.6 15 9 2 8 93% 1050 2048 827 95%
c -  7.89  7 11 0 58 101 1 291474 5053 1.6 14 9 2 8 93% 1051 2048 827 95%
c W  8.08  6 11 0 58 106 1 298615 8999 1.6 14 9 2 8 93% 1052 2048 827 95%
c
c seconds  switched   rate         size/glue tier1    binary      remaining
c        MB  reductions conflicts        size  tier2    irredundant
c         level  restarts     redundant    glue   trail       variables
c
c -  8.10  6 11 0 59 106 1 299089 7393 1.6 14 9 2 8 93% 1052 2048 827 95%
c -  8.29  7 11 0 60 108 1 306770 8349 1.6 15 9 2 8 93% 1052 2048 827 95%
c -  8.50  8 11 0 61 111 1 314515 8647 1.7 15 9 2 8 92% 1053 2048 827 95%
c -  8.71  8 11 0 62 115 1 322325 9238 1.7 15 9 2 8 92% 1053 2048 827 95%
c -  8.93  8 11 0 63 120 1 330199 9755 1.7 15 9 2 8 92% 1054 2048 827 95%
c s  9.15  8 11 0 63 123 1 337716 12548 1.7 15 9 2 8 92% 1056 2045 827 95%
c e  9.15  8 11 0 63 123 1 337716 12548 1.7 15 9 2 8 92% 1054 2045 826 95%
c !  9.15  8 11 0 63 123 1 337716 12548 1.7 15 9 2 8 92% 1054 2045 826 95%
c o  9.15  8 11 0 63 123 1 337716 12548 1.7 15 9 2 8 92% 1054 2045 826 95%
c -  9.16  7 11 0 64 123 1 338136 9850 1.7 15 9 2 8 92% 1054 2045 826 95%
c b  9.17  7 11 0 64 123 1 338164 9875 1.7 15 9 2 8 92% 1054 2045 823 94%
c u  9.18  7 11 0 64 123 1 338164 9479 1.7 15 9 2 8 92% 1068 2045 823 94%
c v  9.23  8 11 0 64 123 1 338164 6364 1.7 15 9 2 8 92% 1074 2045 823 94%
c w  9.26  8 11 0 64 123 1 338164 4382 1.7 15 9 2 8 92% 1077 2045 823 94%
c =  9.26  8 11 0 64 123 1 338164 4382 1.7 15 9 2 8 92% 1095 2035 814 93%
c d  9.27  8 11 0 64 123 1 338164 4382 1.7 15 9 2 8 92% 1072 2034 814 93%
c d  9.27  8 11 0 64 123 1 338164 4382 1.7 15 9 2 8 92% 1070 2034 813 93%
c t  9.27  8 11 0 64 123 1 338164 4382 1.7 15 9 2 8 92% 1046 2034 813 93%
c u  9.28  7 11 0 64 123 1 338164 4205 1.7 15 9 2 8 92% 1038 2034 813 93%
c v  9.31  7 11 0 64 123 1 338164 3499 1.7 15 9 2 8 92% 1038 2034 813 93%
c
c seconds  switched   rate         size/glue tier1    binary      remaining
c        MB  reductions conflicts        size  tier2    irredundant
c         level  restarts     redundant    glue   trail       variables
c
c w  9.33  7 11 0 64 123 1 338164 3333 1.7 15 9 2 8 92% 1038 2034 813 93%
c =  9.51  7 11 0 64 123 1 338164 3333 1.7 15 9 2 8 92% 1040 2033 812 93%
c d  9.51  7 11 0 64 123 1 338164 3333 1.7 15 9 2 8 92% 1037 2033 812 93%
c t  9.51  7 11 0 64 123 1 338164 3333 1.7 15 9 2 8 92% 1036 2033 812 93%
c -  9.72  6 11 0 65 124 1 346138 4868 1.7 15 9 2 8 92% 1036 2033 812 93%
c O  9.74  6 11 0 65 124 1 346776 5254 1.7 15 9 2 8 92% 1036 2033 812 93%
c -  9.93  6 10 0 66 124 1 354200 7298 1.7 15 9 2 8 92% 1036 2033 812 93%
c - 10.14  7 10 0 67 125 1 362325 8768 1.7 14 9 2 8 92% 1038 2033 812 93%
c i 10.24  7 10 0 67 125 1 366304 10688 1.7 14 9 2 8 92% 1047 2033 778 89%
c - 10.34  7 10 0 68 125 1 370510 4541 1.7 14 9 2 8 92% 1058 1678 778 89%
c i 10.42  7 10 0 68 125 1 373636 5579 1.7 14 8 2 8 92% 1071 1678 777 89%
c i 10.45  7 10 0 68 125 1 374784 5972 1.7 14 8 2 8 91% 1083 1678 771 88%
c i 10.46  7 10 0 68 125 1 374994 6052 1.7 14 8 2 8 91% 1092 1678 767 88%
c i 10.46  7 10 0 68 125 1 375124 6067 1.7 14 8 2 8 91% 1101 1678 763 88%
c i 10.47  7 10 0 68 125 1 375190 6071 1.7 14 8 2 8 91% 1106 1678 758 87%
c i 10.47  7 10 0 68 125 1 375259 6095 1.7 14 8 2 8 91% 1112 1678 717 82%
c i 10.47  7 10 0 68 125 1 375280 6098 1.7 14 8 2 8 91% 1117 1678 705 81%
c i 10.47  7 10 0 68 125 1 375299 6099 1.7 14 8 2 8 91% 1123 1678 688 79%
c i 10.47  7 10 0 68 125 1 375301 6099 1.7 14 8 2 8 91% 1124 1678 653 75%
c i 10.47  7 10 0 68 125 1 375305 6099 1.7 14 8 2 8 91% 1126 1678 613 70%
c
c seconds  switched   rate         size/glue tier1    binary      remaining
c        MB  reductions conflicts        size  tier2    irredundant
c         level  restarts     redundant    glue   trail       variables
c
c i 10.47  7 10 0 68 125 1 375307 6099 1.7 14 8 2 8 91% 1127 1678 611 70%
c ] 10.47  7 10 0 68 125 1 375309 6099 1.7 14 8 2 8 91% 1127 1678  0 0%
c 0 10.47  7 0 0 68 125 0 375309 6099 0.0 0 0 2 6 0% 1127 1678  0 0%
c
c ---- [ result ] ------------------------------------------------------------
c
s UNSATISFIABLE
c
c ---- [ profiling ] ---------------------------------------------------------
c
c           9.20   87.86 %  search
c           9.20   87.86 %  stable
c           1.25   11.97 %  simplify
c           1.24   11.86 %  probe
c           0.66    6.28 %  vivify
c           0.56    5.33 %  sweep
c           0.06    0.57 %  reduce
c           0.03    0.25 %  walking
c           0.02    0.16 %  preprocess
c           0.01    0.14 %  substitute
c           0.00    0.04 %  congruence
c           0.00    0.03 %  factor
c           0.00    0.02 %  eliminate
c           0.00    0.02 %  transitive
c           0.00    0.01 %  backbone
c           0.00    0.00 %  parse
c           0.00    0.00 %  subsume
c           0.00    0.00 %  lucky
c =============================================
c          10.47  100.00 %  total
c
c ---- [ statistics ] --------------------------------------------------------
c
c conflicts:                           375309            35842.35 per second
c congruent:                               34                4 %  variables
c decisions:                           395366                1.05 per conflict
c eliminated:                               7                1 %  variables
c factored:                                24                3 %  variables
c iterations:                              13                1 %  variables
c propagations:                     109236954         10432227    per second
c reductions:                              68             5519    interval
c reordered:                                8            46914    interval
c rephased:                                18            20850    interval
c restarts:                               125             3002    interval
c strengthened:                            12                0 %  checks
c substituted:                             70                8 %  variables
c subsumed:                                 7                0 %  checks
c switched:                                 0                0    interval
c vivified:                             44822               62 %  checks
c walks:                                    6            62552    interval
c
c ---- [ glue usage ] --------------------------------------------------------
c
c stable glue 2   used 670708 clauses 20.14% accumulated 61.03% tier1
c stable glue 3   used 417120 clauses 12.52% accumulated 73.55%
c stable glue 4-6 used 448516 clauses 13.47% accumulated 87.02%
c stable glue 7   used  87284 clauses  2.62% accumulated 89.64%
c stable glue 8   used  85841 clauses  2.58% accumulated 92.22% tier2
c
c ---- [ resources ] ---------------------------------------------------------
c
c maximum-resident-set-size:        423927808 bytes        404 MB
c process-time:                            10s              10.47 seconds
c
c ---- [ shutting down ] -----------------------------------------------------
c
c exit 20
