c ---- [ banner ] ------------------------------------------------------------
c
c Kissat SAT Solver
c 
c Copyright (c) 2021-2024 Armin Biere University of Freiburg
c Copyright (c) 2019-2021 Armin Biere Johannes Kepler University Linz
c 
c Version 4.0.4 8af8e56f174b778aef3aa45af9f739b2a5f492c2
c gcc (GCC) 15.2.1 20260123 (Red Hat 15.2.1-7) -W -Wall -O3 -DNDEBUG
c Thu Apr 23 06:47:51 PM IST 2026 Linux krishnendu-LN 6.19.12-200.fc43.x86_64 x86_64
c
c ---- [ parsing ] -----------------------------------------------------------
c
c opened and reading DIMACS file:
c
c   /home/krishnendu/Research/fv-invariant-mining/data/circuits/cnf/miter_mult_8bit.cnf
c
c parsed 'p cnf 679 2553' header
c closing input after reading 37235 bytes (36 KB)
c finished parsing after 0.00 seconds
c
c ---- [ options ] -----------------------------------------------------------
c
c --decay=150                      (different from default '50')
c --eliminateeffort=1400           (different from default '100')
c --stable=2                       (different from default '1')
c
c ---- [ solving ] -----------------------------------------------------------
c
c seconds switched rate     size/glue tier1 binary      remaining
c        MB reductions conflicts size  tier2  irredundant
c         level restarts redundant glue  trail      variables
c
c *  0.00  3 0 0 0  0 0   0   0 0.0 0 0 0 0 0% 887 1664 676 100%
c (  0.00  3 0 0 0  0 0   0   0 0.0 0 0 0 0 0% 887 1664 676 100%
c .  0.00  3 0 0 0  0 0   0   0 0.0 0 0 0 0 0% 883 1664 676 100%
c c  0.00  3 0 0 0  0 0   0   0 0.0 0 0 0 0 0% 919 1662 649 96%
c d  0.00  3 0 0 0  0 0   0   0 0.0 0 0 0 0 0% 829 1662 649 96%
c =  0.02  3 0 0 0  0 0   0   0 0.0 0 0 0 0 0% 843 1650 641 95%
c d  0.02  3 0 0 0  0 0   0   0 0.0 0 0 0 0 0% 823 1650 641 95%
c f  0.02  3 0 0 0  0 0   0   0 0.0 0 0 0 0 0% 812 1635 662 98%
c )  0.02  3 0 0 0  0 0   0   0 0.0 0 0 0 0 0% 812 1635 662 98%
c [  0.02  3 0 0 0  0 0   0   0 0.0 0 0 2 6 0% 812 1635 662 98%
c -  0.04  4 12 0 1  0 1 1001 824 3.5 23 7 4 8 88% 816 1635 662 98%
c B  0.04  4 12 0 1  0 1 1001 824 3.5 23 7 4 8 88% 816 1635 662 98%
c -  0.06  4 12 0 2  1 1 2001 1475 2.8 21 8 3 9 87% 821 1635 662 98%
c W  0.06  4 12 0 2  1 1 2003 1477 2.8 21 8 3 9 87% 821 1635 662 98%
c -  0.09  4 12 0 3  2 1 3415 1873 2.4 20 8 3 9 87% 821 1635 662 98%
c u  0.10  4 12 0 3  2 1 3666 1943 2.4 19 8 3 9 87% 826 1635 662 98%
c v  0.11  4 12 0 3  2 1 3666 1815 2.4 19 8 3 9 87% 826 1635 662 98%
c w  0.11  4 12 0 3  2 1 3666 1760 2.4 19 8 3 9 87% 826 1635 662 98%
c x  0.11  4 12 0 3  2 1 3666 1758 2.4 19 8 3 9 87% 832 1602 662 98%
c =  0.13  4 12 0 3  2 1 3666 1758 2.4 19 8 3 9 87% 874 1600 641 95%
c
c seconds  switched rate       size/glue tier1   binary      remaining
c        MB reductions conflicts     size  tier2   irredundant
c         level restarts  redundant    glue   trail      variables
c
c d  0.13  4 12 0 3  2 1 3666 1758 2.4 19 8 3 9 87% 812 1600 641 95%
c t  0.13  4 12 0 3  2 1 3666 1758 2.4 19 8 3 9 87% 808 1600 641 95%
c u  0.13  4 12 0 3  2 1 3666 1734 2.4 19 8 3 9 87% 808 1600 641 95%
c v  0.14  4 12 0 3  2 1 3666 1615 2.4 19 8 3 9 87% 808 1600 641 95%
c w  0.14  4 12 0 3  2 1 3666 1410 2.4 19 8 3 9 87% 808 1600 641 95%
c x  0.14  4 12 0 3  2 1 3666 1408 2.4 19 8 3 9 87% 808 1596 641 95%
c I  0.18  4 12 0 3  3 1 4263 1834 2.3 19 8 3 9 86% 810 1596 641 95%
c -  0.20  4 12 0 4  3 1 5148 1927 2.2 18 8 3 9 86% 813 1596 641 95%
c -  0.24  4 12 0 5  5 1 7148 2979 2.1 18 8 3 10 86% 815 1596 641 95%
c B  0.27  4 12 0 5  5 1 8034 3656 2.0 17 8 3 9 86% 817 1596 641 95%
c -  0.31  5 12 0 6  6 1 9386 3630 2.0 17 8 3 9 86% 819 1596 641 95%
c u  0.36  4 11 0 6  6 1 11315 4976 2.0 16 8 3 9 86% 824 1596 641 95%
c v  0.37  4 11 0 6  6 1 11315 4811 2.0 16 8 3 9 86% 824 1596 641 95%
c w  0.37  5 11 0 6  6 1 11315 4802 2.0 16 8 3 9 86% 824 1596 641 95%
c t  0.37  5 11 0 6  6 1 11315 4802 2.0 16 8 3 9 86% 821 1596 641 95%
c o  0.37  5 11 0 6  6 1 11315 4802 2.0 16 8 3 9 86% 821 1596 641 95%
c -  0.38  5 11 0 7  6 1 11835 4121 2.0 17 8 3 9 86% 821 1596 641 95%
c W  0.41  5 12 0 7  8 1 13565 5367 2.0 16 8 3 9 86% 821 1596 641 95%
c -  0.43  5 12 0 8  9 1 14480 4563 1.9 16 8 3 9 86% 821 1596 641 95%
c -  0.48  5 12 0 9 10 1 17309 4997 1.9 17 9 3 9 87% 822 1596 641 95%
c
c seconds  switched rate        size/glue tier1   binary      remaining
c        MB reductions conflicts      size  tier2   irredundant
c         level restarts   redundant    glue   trail      variables
c
c s  0.50  5 12 0 9 11 1 18329 5710 2.0 17 9 3 9 87% 822 1593 641 95%
c e  0.51  5 12 0 9 11 1 18329 5710 2.0 17 9 3 9 87% 257 1895 404 60%
c s  0.51  5 12 0 9 11 1 18329 5710 2.0 17 9 3 9 87% 262 1843 404 60%
c e  0.51  5 12 0 9 11 1 18329 5710 2.0 17 9 3 9 87% 250 1853 399 59%
c ^  0.51  5 12 0 9 11 1 18329 5710 2.0 17 9 3 9 87% 250 1853 399 59%
c -  0.53  5 12 0 10 12 1 20310 2600 2.0 17 8 3 9 87% 251 1853 399 59%
c O  0.54  5 12 0 10 13 1 21093 3181 2.0 17 8 3 9 87% 251 1853 399 59%
c u  0.58  5 12 0 10 13 1 23181 4457 2.0 17 8 3 9 87% 252 1853 399 59%
c v  0.58  5 12 0 10 13 1 23181 4260 2.0 17 8 3 9 87% 252 1853 399 59%
c w  0.58  5 12 0 10 13 1 23181 4210 2.0 17 8 3 9 87% 252 1853 399 59%
c x  0.59  5 12 0 10 13 1 23181 4210 2.0 17 8 3 9 87% 254 1799 399 59%
c =  0.61  5 12 0 10 13 1 23181 4210 2.0 17 8 3 9 87% 254 1795 398 59%
c t  0.61  5 12 0 10 13 1 23181 4160 2.0 17 8 3 9 87% 251 1795 398 59%
c f  0.61  5 12 0 10 13 1 23181 4160 2.0 17 8 3 9 87% 274 1744 412 61%
c u  0.61  5 12 0 10 13 1 23181 4142 2.0 17 8 3 9 87% 274 1744 412 61%
c v  0.62  5 12 0 10 13 1 23181 4035 2.0 17 8 3 9 87% 274 1744 412 61%
c w  0.62  5 12 0 10 13 1 23181 3642 2.0 17 8 3 9 87% 274 1744 412 61%
c x  0.62  5 12 0 10 13 1 23181 3642 2.0 17 8 3 9 87% 276 1730 412 61%
c o  0.64  5 12 0 10 13 1 23181 3642 2.0 17 8 3 9 87% 276 1730 412 61%
c -  0.65  5 12 0 11 13 1 23472 3181 2.0 17 9 3 9 87% 275 1730 412 61%
c
c seconds  switched  rate        size/glue tier1   binary      remaining
c        MB  reductions conflicts      size  tier2   irredundant
c         level  restarts   redundant    glue   trail      variables
c
c -  0.70  5 12 0 12 14 1 26788 4418 1.9 16 8 3 9 87% 276 1730 412 61%
c -  0.75  5 12 0 13 14 1 30252 4979 1.9 16 8 3 8 86% 276 1730 412 61%
c B  0.76  5 12 0 13 14 1 30854 5438 1.9 16 8 3 8 86% 276 1730 412 61%
c -  0.81  6 12 0 14 15 1 33858 5394 1.9 16 8 3 8 87% 277 1730 412 61%
c s  0.86  6 11 0 14 18 1 37143 7615 1.9 16 8 3 8 87% 277 1729 412 61%
c e  0.86  6 11 0 14 18 1 37143 7615 1.9 16 8 3 8 87% 214 1829 357 53%
c s  0.86  6 11 0 14 18 1 37143 7615 1.9 16 8 3 8 87% 216 1806 357 53%
c e  0.86  6 11 0 14 18 1 37143 7615 1.9 16 8 3 8 87% 213 1812 354 52%
c ^  0.86  6 11 0 14 18 1 37143 7615 1.9 16 8 3 8 87% 213 1812 354 52%
c -  0.87  5 11 0 15 18 1 37599 3292 1.9 16 8 2 8 87% 213 1812 354 52%
c u  0.90  5 11 0 15 20 1 40063 4693 1.9 16 8 2 8 87% 213 1812 354 52%
c v  0.91  5 11 0 15 20 1 40063 3799 1.9 16 8 2 8 87% 213 1812 354 52%
c w  0.92  5 11 0 15 20 1 40063 2498 1.9 16 8 2 8 87% 213 1812 354 52%
c f  0.92  5 11 0 15 20 1 40063 2498 1.9 16 8 2 8 87% 220 1791 358 53%
c u  0.92  5 11 0 15 20 1 40063 2428 1.9 16 8 2 8 87% 220 1791 358 53%
c v  0.93  5 11 0 15 20 1 40063 2133 1.9 16 8 2 8 87% 220 1791 358 53%
c w  0.93  5 11 0 15 20 1 40063 2122 1.9 16 8 2 8 87% 220 1791 358 53%
c x  0.93  5 11 0 15 20 1 40063 2121 1.9 16 8 2 8 87% 222 1770 358 53%
c -  0.98  5 11 0 16 21 1 41471 2357 1.9 16 8 2 8 87% 222 1770 358 53%
c W  1.00  5 11 0 16 21 1 43076 3491 1.9 16 8 2 8 87% 222 1770 358 53%
c
c seconds  switched  rate        size/glue tier1   binary      remaining
c        MB  reductions conflicts      size  tier2   irredundant
c         level  restarts   redundant    glue   trail      variables
c
c -  1.03  5 11 0 17 22 1 45471 4241 1.9 15 8 2 8 87% 222 1770 358 53%
c -  1.09  5 11 0 18 25 1 49594 5916 1.9 15 8 2 8 87% 223 1770 358 53%
c -  1.15  5 11 0 19 28 1 53836 6747 1.9 16 8 2 8 87% 223 1770 358 53%
c I  1.22  6 11 0 19 29 1 57980 9957 1.9 16 8 2 8 87% 223 1770 358 53%
c o  1.22  6 11 0 19 29 1 57980 9957 1.9 16 8 2 8 87% 223 1770 358 53%
c -  1.23  6 11 0 20 29 1 58194 7338 1.9 16 8 2 8 87% 223 1770 358 53%
c u  1.29  6 11 0 20 29 1 61829 9772 1.9 16 8 2 8 87% 224 1770 358 53%
c v  1.30  7 11 0 20 29 1 61829 9707 1.9 16 8 2 8 87% 224 1770 358 53%
c w  1.30  7 11 0 20 29 1 61829 9535 1.9 16 8 2 8 87% 224 1770 358 53%
c x  1.31  7 11 0 20 29 1 61829 9535 1.9 16 8 2 8 87% 224 1768 358 53%
c -  1.32  6 11 0 21 29 1 62667 7364 1.9 16 8 2 8 87% 224 1768 358 53%
c -  1.39  6 11 0 22 30 1 67249 6953 1.9 16 8 2 8 87% 224 1768 358 53%
c -  1.47  6 11 0 23 30 1 71939 7302 1.9 15 8 2 8 87% 224 1768 358 53%
c B  1.54  6 11 0 23 30 1 75784 9809 1.9 15 8 2 8 87% 225 1768 358 53%
c -  1.55  6 11 0 24 30 1 76735 7951 1.9 15 8 2 8 87% 225 1768 358 53%
c e  1.58  6 11 0 24 30 1 78198 8872 1.9 15 8 2 8 87% 195 1847 331 49%
c s  1.58  6 11 0 24 30 1 78198 8872 1.9 15 8 2 8 87% 196 1830 331 49%
c e  1.58  6 11 0 24 30 1 78198 8872 1.9 15 8 2 8 87% 195 1831 330 49%
c ^  1.58  6 11 0 24 30 1 78198 8872 1.9 15 8 2 8 87% 195 1831 330 49%
c -  1.64  6 11 0 25 30 1 81633 6564 1.8 15 8 2 8 87% 195 1831 330 49%
c
c seconds  switched  rate        size/glue tier1   binary      remaining
c        MB  reductions conflicts      size  tier2   irredundant
c         level  restarts   redundant    glue   trail      variables
c
c -  1.73  6 10 0 26 34 1 86634 7075 1.8 15 8 2 7 87% 196 1831 330 49%
c u  1.78  7 10 0 26 36 1 88607 7528 1.8 15 8 2 7 87% 201 1831 330 49%
c v  1.79  6 10 0 26 36 1 88607 4644 1.8 15 8 2 7 87% 215 1831 330 49%
c w  1.80  6 10 0 26 36 1 88607 3558 1.8 15 8 2 7 87% 213 1831 330 49%
c t  1.80  6 10 0 26 36 1 88607 3558 1.8 15 8 2 7 87% 206 1831 330 49%
c f  1.80  6 10 0 26 36 1 88607 3558 1.8 15 8 2 7 87% 207 1825 331 49%
c u  1.81  6 10 0 26 36 1 88607 3376 1.8 15 8 2 7 87% 212 1825 331 49%
c v  1.82  6 10 0 26 36 1 88607 2756 1.8 15 8 2 7 87% 212 1825 331 49%
c w  1.82  6 10 0 26 36 1 88607 2694 1.8 15 8 2 7 87% 212 1825 331 49%
c x  1.83  6 10 0 26 36 1 88607 2691 1.8 15 8 2 7 87% 214 1783 331 49%
c =  1.88  6 10 0 26 36 1 88607 2691 1.8 15 8 2 7 87% 218 1775 328 48%
c d  1.88  6 10 0 26 36 1 88607 2601 1.8 15 8 2 7 87% 214 1775 328 48%
c t  1.88  6 10 0 26 36 1 88607 2601 1.8 15 8 2 7 87% 211 1775 328 48%
c o  1.88  6 10 0 26 36 1 88607 2601 1.8 15 8 2 7 87% 211 1775 328 48%
c -  1.93  6 10 0 27 37 1 91735 3578 1.8 14 8 2 7 87% 211 1775 328 48%
c i  1.97  6 10 0 27 38 1 94638 4917 1.8 14 8 2 7 87% 222 1775 322 47%
c W  2.00  6 10 0 27 40 1 96695 6760 1.8 14 8 2 7 87% 195 1701 322 47%
c -  2.01  5 10 0 28 40 1 96933 3255 1.8 14 8 2 7 87% 244 1653 322 47%
c -  2.09  6 10 0 29 43 1 102224 5512 1.8 14 8 2 7 86% 245 1653 322 47%
c -  2.18  6 10 0 30 45 1 107609 7099 1.8 14 8 2 7 86% 249 1653 322 47%
c
c seconds  switched  rate         size/glue tier1   binary      remaining
c        MB  reductions conflicts       size  tier2   irredundant
c         level  restarts    redundant    glue   trail      variables
c
c i  2.19  6 10 0 30 45 1 107959 7238 1.8 14 8 2 7 86% 258 1653 321 47%
c i  2.27  7 10 0 30 45 1 112579 10010 1.8 14 8 2 7 86% 270 1653 320 47%
c -  2.28  6 10 0 31 45 1 113087 3284 1.8 14 8 2 7 86% 238 1653 320 47%
c i  2.32  6 10 0 31 46 1 115287 4543 1.8 13 7 2 7 86% 246 1653 319 47%
c i  2.36  7 10 0 31 48 1 117284 5387 1.8 13 7 2 7 86% 256 1653 309 46%
c i  2.36  7 10 0 31 48 1 117578 5497 1.8 13 7 2 7 86% 265 1653 307 45%
c i  2.37  7 10 0 31 48 1 117867 5595 1.8 13 7 2 7 86% 271 1653 305 45%
c i  2.37  7 10 0 31 48 1 118112 5698 1.8 13 7 2 7 86% 277 1653 304 45%
c i  2.37  7 10 0 31 48 1 118135 5700 1.8 13 7 2 7 86% 283 1653 286 42%
c i  2.37  7 10 0 31 48 1 118138 5700 1.8 13 7 2 7 86% 284 1653 275 41%
c i  2.37  7 10 0 31 48 1 118150 5701 1.8 13 7 2 7 86% 285 1653 166 24%
c i  2.37  7 10 0 31 48 1 118152 5701 1.8 13 7 2 7 86% 286 1653 130 19%
c ]  2.37  7 10 0 31 48 1 118154 5701 1.8 13 7 2 7 86% 286 1653  0 0%
c 0  2.37  7 0 0 31 48 0 118154 5701 0.0 0 0 2 6 0% 286 1653  0 0%
c
c ---- [ result ] ------------------------------------------------------------
c
s UNSATISFIABLE
c
c ---- [ profiling ] ---------------------------------------------------------
c
c           2.00   84.30 %  search
c           2.00   84.30 %  stable
c           0.36   15.12 %  probe
c           0.35   14.93 %  simplify
c           0.18    7.66 %  sweep
c           0.16    6.75 %  vivify
c           0.02    0.91 %  reduce
c           0.02    0.74 %  preprocess
c           0.01    0.34 %  eliminate
c           0.01    0.31 %  substitute
c           0.01    0.21 %  factor
c           0.00    0.21 %  walking
c           0.00    0.13 %  congruence
c           0.00    0.06 %  subsume
c           0.00    0.04 %  transitive
c           0.00    0.02 %  backbone
c           0.00    0.01 %  lucky
c           0.00    0.01 %  parse
c =============================================
c           2.37  100.00 %  total
c
c ---- [ statistics ] --------------------------------------------------------
c
c conflicts:                           118154            49776.93 per second
c congruent:                               27                4 %  variables
c decisions:                           129797                1.10 per conflict
c eliminated:                             328               48 %  variables
c factored:                                40                6 %  variables
c iterations:                              13                2 %  variables
c propagations:                      14671335          6180865    per second
c reductions:                              31             3811    interval
c reordered:                                4            29538    interval
c rephased:                                11            10741    interval
c restarts:                                48             2462    interval
c strengthened:                           152                0 %  checks
c substituted:                             57                8 %  variables
c subsumed:                                88                0 %  checks
c switched:                                 0                0    interval
c vivified:                             15375               48 %  checks
c walks:                                    4            29538    interval
c
c ---- [ glue usage ] --------------------------------------------------------
c
c stable glue 2   used 222533 clauses 22.53% accumulated 60.74% tier1
c stable glue 3   used 126600 clauses 12.82% accumulated 73.56%
c stable glue 4-5 used 117236 clauses 11.87% accumulated 85.43%
c stable glue 6   used  37187 clauses  3.77% accumulated 89.19%
c stable glue 7   used  32069 clauses  3.25% accumulated 92.44% tier2
c
c ---- [ resources ] ---------------------------------------------------------
c
c maximum-resident-set-size:        386809856 bytes        369 MB
c process-time:                             2s               2.37 seconds
c
c ---- [ shutting down ] -----------------------------------------------------
c
c exit 20
