c ---- [ banner ] ------------------------------------------------------------
c
c Kissat SAT Solver
c 
c Copyright (c) 2021-2024 Armin Biere University of Freiburg
c Copyright (c) 2019-2021 Armin Biere Johannes Kepler University Linz
c 
c Version 4.0.4 8af8e56f174b778aef3aa45af9f739b2a5f492c2
c gcc (GCC) 15.2.1 20260123 (Red Hat 15.2.1-7) -W -Wall -O3 -DNDEBUG
c Thu Apr 23 06:47:51 PM IST 2026 Linux krishnendu-LN 6.19.12-200.fc43.x86_64 x86_64
c
c ---- [ parsing ] -----------------------------------------------------------
c
c opened and reading DIMACS file:
c
c   /home/krishnendu/Research/fv-invariant-mining/data/circuits/cnf/miter_mult_9bit.cnf
c
c parsed 'p cnf 873 3299' header
c closing input after reading 48449 bytes (47 KB)
c finished parsing after 0.00 seconds
c
c ---- [ options ] -----------------------------------------------------------
c
c --decay=80                       (different from default '50')
c --eliminateeffort=1800           (different from default '100')
c --stable=2                       (different from default '1')
c
c ---- [ solving ] -----------------------------------------------------------
c
c seconds switched rate     size/glue tier1  binary      remaining
c        MB reductions conflicts size  tier2   irredundant
c         level restarts redundant glue  trail       variables
c
c *  0.00  3 0 0 0  0 0   0   0 0.0 0 0 0 0 0% 1142 2155 870 100%
c (  0.00  3 0 0 0  0 0   0   0 0.0 0 0 0 0 0% 1142 2155 870 100%
c .  0.00  3 0 0 0  0 0   0   0 0.0 0 0 0 0 0% 1138 2155 870 100%
c c  0.00  3 0 0 0  0 0   0   0 0.0 0 0 0 0 0% 1186 2153 836 96%
c d  0.00  3 0 0 0  0 0   0   0 0.0 0 0 0 0 0% 1070 2153 836 96%
c =  0.02  3 0 0 0  0 0   0   0 0.0 0 0 0 0 0% 1084 2141 828 95%
c d  0.02  3 0 0 0  0 0   0   0 0.0 0 0 0 0 0% 1064 2141 828 95%
c f  0.02  4 0 0 0  0 0   0   0 0.0 0 0 0 0 0% 1040 2124 852 98%
c )  0.02  4 0 0 0  0 0   0   0 0.0 0 0 0 0 0% 1040 2124 852 98%
c [  0.02  4 0 0 0  0 0   0   0 0.0 0 0 2 6 0% 1040 2124 852 98%
c -  0.04  4 13 0 1  0 1 1000 757 3.4 23 7 4 8 88% 1048 2124 852 98%
c B  0.04  4 13 0 1  0 1 1002 759 3.4 23 7 4 8 88% 1048 2124 852 98%
c -  0.06  4 13 0 2  1 1 2000 1427 2.9 22 8 3 9 87% 1048 2124 852 98%
c W  0.06  4 13 0 2  1 1 2004 1431 2.9 22 8 3 9 87% 1048 2124 852 98%
c -  0.09  4 13 0 3  2 1 3414 1837 2.4 21 9 3 9 88% 1051 2124 852 98%
c c  0.10  4 13 0 3  2 1 3512 1892 2.4 21 9 3 9 88% 1055 2124 851 98%
c d  0.10  4 13 0 3  2 1 3512 1892 2.4 21 9 3 9 88% 1053 2124 851 98%
c u  0.10  4 13 0 3  2 1 3512 1812 2.4 21 9 3 9 88% 1053 2124 851 98%
c v  0.10  4 13 0 3  2 1 3512 1654 2.4 21 9 3 9 88% 1053 2124 851 98%
c w  0.11  4 13 0 3  2 1 3512 1559 2.4 21 9 3 9 88% 1053 2124 851 98%
c
c seconds  switched rate       size/glue tier1    binary      remaining
c        MB reductions conflicts     size  tier2    irredundant
c         level restarts  redundant    glue   trail       variables
c
c x  0.11  4 13 0 3  2 1 3512 1559 2.4 21 9 3 9 88% 1063 2079 851 98%
c =  0.12  4 13 0 3  2 1 3512 1559 2.4 21 9 3 9 88% 1091 2078 837 96%
c d  0.12  4 13 0 3  2 1 3512 1559 2.4 21 9 3 9 88% 1049 2078 837 96%
c t  0.12  4 13 0 3  2 1 3512 1559 2.4 21 9 3 9 88% 1043 2078 837 96%
c u  0.13  4 13 0 3  2 1 3512 1542 2.4 21 9 3 9 88% 1049 2078 837 96%
c v  0.13  4 13 0 3  2 1 3512 1415 2.4 21 9 3 9 88% 1049 2078 837 96%
c w  0.13  4 13 0 3  2 1 3512 1351 2.4 21 9 3 9 88% 1049 2078 837 96%
c x  0.13  4 13 0 3  2 1 3512 1351 2.4 21 9 3 9 88% 1050 2071 837 96%
c =  0.14  4 13 0 3  2 1 3512 1351 2.4 21 9 3 9 88% 1054 2069 835 96%
c d  0.14  4 13 0 3  2 1 3512 1351 2.4 21 9 3 9 88% 1049 2069 835 96%
c t  0.14  4 13 0 3  2 1 3512 1351 2.4 21 9 3 9 88% 1047 2069 835 96%
c I  0.15  4 13 0 3  3 1 4264 1903 2.3 21 9 3 9 88% 1048 2069 835 96%
c -  0.17  4 14 0 4  3 1 5146 1897 2.2 20 9 3 10 88% 1051 2068 835 96%
c -  0.20  4 13 0 5  5 1 7150 2512 2.0 19 9 4 10 88% 1052 2068 835 96%
c B  0.21  4 13 0 5  5 1 8036 3074 2.0 19 9 4 10 87% 1052 2068 835 96%
c -  0.24  4 13 0 6  6 1 9387 3052 1.9 18 10 4 10 87% 1053 2068 835 96%
c u  0.27  5 13 0 6  6 1 10833 3947 1.9 18 10 4 10 87% 1054 2068 835 96%
c v  0.27  5 13 0 6  6 1 10833 3813 1.9 18 10 4 10 87% 1054 2068 835 96%
c w  0.28  5 13 0 6  6 1 10833 3800 1.9 18 10 4 10 87% 1054 2068 835 96%
c t  0.29  5 13 0 6  6 1 10833 3800 1.9 18 10 4 10 87% 1053 2068 835 96%
c
c seconds  switched rate        size/glue  tier1     binary      remaining
c        MB reductions conflicts      size   tier2     irredundant
c         level restarts   redundant     glue    trail       variables
c
c o  0.30  5 13 0 6  6 1 10833 3800 1.9 18 10 4 10 87% 1053 2068 835 96%
c -  0.32  5 13 0 7  6 1 11836 3489 1.9 18 10 4 10 87% 1053 2068 835 96%
c W  0.35  4 13 0 7  8 1 13566 4721 1.8 18 10 4 10 87% 1054 2068 835 96%
c -  0.37  5 14 0 8  9 1 14482 3961 1.8 18 10 4 10 87% 1054 2068 835 96%
c -  0.43  5 14 0 9 10 1 17311 4313 1.8 19 10 3 10 87% 1055 2068 835 96%
c e  0.44  5 14 0 9 11 1 17551 4497 1.8 19 10 3 10 87% 306 2493 514 59%
c s  0.44  5 14 0 9 11 1 17551 4497 1.8 19 10 3 10 87% 311 2432 514 59%
c e  0.44  5 14 0 9 11 1 17551 4497 1.8 19 10 3 10 87% 289 2452 505 58%
c ^  0.44  5 14 0 9 11 1 17551 4497 1.8 19 10 3 10 87% 289 2452 505 58%
c -  0.48  5 14 0 10 12 1 20312 2390 1.8 18 10 3 10 87% 290 2452 505 58%
c O  0.49  5 14 0 10 13 1 21096 2950 1.8 18 10 3 10 87% 291 2452 505 58%
c o  0.49  5 14 0 10 13 1 21096 2950 1.8 18 10 3 10 87% 291 2452 505 58%
c u  0.52  5 14 0 10 13 1 22199 3312 1.8 18 10 3 10 87% 294 2452 505 58%
c v  0.52  5 14 0 10 13 1 22199 3085 1.8 18 10 3 10 87% 294 2452 505 58%
c w  0.53  5 14 0 10 13 1 22199 2564 1.8 18 10 3 10 87% 294 2452 505 58%
c x  0.53  5 14 0 10 13 1 22199 2562 1.8 18 10 3 10 87% 296 2363 505 58%
c t  0.53  5 14 0 10 13 1 22199 2562 1.8 18 10 3 10 87% 290 2363 505 58%
c f  0.53  5 14 0 10 13 1 22199 2562 1.8 18 10 3 10 87% 321 2296 521 60%
c u  0.53  5 14 0 10 13 1 22199 2547 1.8 18 10 3 10 87% 321 2296 521 60%
c v  0.54  5 14 0 10 13 1 22199 2414 1.8 18 10 3 10 87% 321 2296 521 60%
c
c seconds  switched  rate        size/glue  tier1    binary      remaining
c        MB  reductions conflicts      size   tier2    irredundant
c         level  restarts   redundant     glue    trail      variables
c
c w  0.54  5 14 0 10 13 1 22199 2358 1.8 18 10 3 10 87% 321 2296 521 60%
c x  0.54  5 14 0 10 13 1 22199 2358 1.8 18 10 3 10 87% 321 2289 521 60%
c =  0.57  5 14 0 10 13 1 22199 2358 1.8 18 10 3 10 87% 321 2285 520 60%
c -  0.59  5 14 0 11 13 1 23475 2443 1.8 18 10 3 10 87% 321 2285 520 60%
c -  0.65  5 14 0 12 14 1 26791 3588 1.8 18 10 3 10 87% 322 2285 520 60%
c -  0.71  5 14 0 13 14 1 30255 4555 1.8 18 10 3 10 87% 323 2285 520 60%
c B  0.72  5 14 0 13 14 1 30859 4968 1.8 18 10 3 10 87% 323 2285 520 60%
c -  0.78  5 14 0 14 15 1 33860 5357 1.8 18 10 3 10 86% 323 2285 520 60%
c e  0.82  5 14 0 14 17 1 35531 6518 1.8 18 10 3 10 86% 245 2424 448 51%
c s  0.82  5 14 0 14 17 1 35531 6518 1.8 18 10 3 10 86% 245 2401 448 51%
c e  0.82  5 14 0 14 17 1 35531 6518 1.8 18 10 3 10 86% 241 2403 447 51%
c ^  0.82  5 14 0 14 17 1 35531 6518 1.8 18 10 3 10 86% 241 2403 447 51%
c -  0.86  6 14 0 15 18 1 37602 3443 1.8 18 10 3 10 86% 241 2403 447 51%
c u  0.88  6 14 0 15 19 1 38340 3806 1.8 18 10 3 10 86% 241 2403 447 51%
c v  0.89  6 14 0 15 19 1 38340 3479 1.8 18 10 3 10 86% 241 2403 447 51%
c w  0.90  6 14 0 15 19 1 38340 3446 1.8 18 10 3 10 86% 241 2403 447 51%
c t  0.94  6 14 0 15 19 1 38340 3446 1.8 18 10 3 10 86% 239 2403 447 51%
c f  0.94  6 14 0 15 19 1 38340 3446 1.8 18 10 3 10 86% 244 2389 450 52%
c u  0.94  6 14 0 15 19 1 38340 3424 1.8 18 10 3 10 86% 244 2389 450 52%
c v  0.95  6 14 0 15 19 1 38340 3292 1.8 18 10 3 10 86% 244 2389 450 52%
c
c seconds  switched  rate        size/glue  tier1    binary      remaining
c        MB  reductions conflicts      size   tier2    irredundant
c         level  restarts   redundant     glue    trail      variables
c
c w  0.96  6 14 0 15 19 1 38340 2635 1.8 18 10 3 10 86% 244 2389 450 52%
c x  0.96  6 14 0 15 19 1 38340 2634 1.8 18 10 3 10 86% 244 2360 450 52%
c -  1.02  6 14 0 16 21 1 41474 3614 1.8 18 10 3 10 86% 244 2360 450 52%
c W  1.05  6 14 0 16 21 1 43081 4865 1.8 18 10 3 10 86% 244 2360 450 52%
c o  1.05  6 14 0 16 21 1 43081 4865 1.8 18 10 3 10 86% 244 2360 450 52%
c -  1.09  6 14 0 17 22 1 45477 4989 1.8 18 10 3 10 86% 244 2360 450 52%
c -  1.17  6 14 0 18 25 1 49600 5865 1.8 18 10 3 10 86% 244 2360 450 52%
c -  1.26  6 13 0 19 28 1 53843 6417 1.8 18 10 3 10 86% 244 2360 450 52%
c I  1.35  6 13 0 19 29 1 57985 8992 1.7 18 10 3 10 86% 244 2360 450 52%
c -  1.35  6 13 0 20 29 1 58201 7134 1.7 18 10 3 10 86% 244 2360 450 52%
c u  1.37  6 13 0 20 29 1 59124 7535 1.7 18 10 3 10 86% 244 2360 450 52%
c v  1.37  7 13 0 20 29 1 59124 7310 1.7 18 10 3 10 86% 244 2360 450 52%
c w  1.38  7 13 0 20 29 1 59124 6179 1.7 18 10 3 10 86% 244 2360 450 52%
c x  1.38  7 13 0 20 29 1 59124 6178 1.7 18 10 3 10 86% 244 2359 450 52%
c -  1.48  6 13 0 21 29 1 62674 6167 1.7 18 10 3 10 86% 244 2359 450 52%
c -  1.56  7 13 0 22 30 1 67256 6139 1.7 18 10 3 10 86% 245 2359 450 52%
c -  1.65  7 13 0 23 30 1 71949 6779 1.7 17 10 3 10 87% 245 2359 450 52%
c e  1.70  7 13 0 23 30 1 74748 8839 1.7 17 10 3 10 87% 203 2455 420 48%
c s  1.70  7 13 0 23 30 1 74748 8839 1.7 17 10 3 10 87% 203 2451 420 48%
c ^  1.70  7 13 0 23 30 1 74748 8839 1.7 17 10 3 10 87% 203 2451 420 48%
c
c seconds  switched  rate        size/glue  tier1    binary      remaining
c        MB  reductions conflicts      size   tier2    irredundant
c         level  restarts   redundant     glue    trail      variables
c
c o  1.70  7 13 0 23 30 1 74748 6501 1.7 17 10 3 10 87% 203 2451 420 48%
c B  1.71  7 13 0 23 30 1 75787 7201 1.7 17 10 3 10 87% 203 2451 420 48%
c -  1.73  7 13 0 24 30 1 76744 6007 1.7 17 10 3 10 87% 203 2451 420 48%
c -  1.82  7 13 0 25 30 1 81642 6211 1.7 17 10 3 9 87% 203 2451 420 48%
c u  1.88  7 13 0 25 33 1 84698 7942 1.7 17 10 3 9 87% 203 2451 420 48%
c v  1.89  7 13 0 25 33 1 84698 7547 1.7 17 10 3 9 87% 203 2451 420 48%
c w  1.90  7 13 0 25 33 1 84698 6062 1.7 17 10 3 9 87% 203 2451 420 48%
c -  1.93  6 13 0 26 34 1 86642 5340 1.7 17 10 3 9 87% 203 2451 420 48%
c -  2.02  7 13 0 27 37 1 91742 6438 1.7 17 10 3 9 87% 203 2451 420 48%
c W  2.11  6 13 0 27 39 1 96698 9905 1.7 17 10 3 9 86% 203 2451 420 48%
c -  2.12  6 13 0 28 40 1 96940 7329 1.7 17 10 3 9 86% 203 2451 420 48%
c -  2.22  6 13 0 29 43 1 102231 7898 1.7 17 10 3 9 86% 203 2451 420 48%
c -  2.32  7 13 0 30 45 1 107617 7889 1.7 17 10 3 9 86% 203 2451 420 48%
c -  2.41  7 13 0 31 45 1 113095 8544 1.7 17 10 3 9 86% 203 2451 420 48%
c u  2.45  7 13 0 31 45 1 115141 9715 1.7 17 10 3 9 86% 203 2451 420 48%
c v  2.47  7 13 0 31 45 1 115141 9366 1.7 17 10 3 9 86% 203 2451 420 48%
c w  2.47  7 13 0 31 45 1 115141 7911 1.7 17 10 3 9 86% 203 2451 420 48%
c x  2.48  7 13 0 31 45 1 115141 7909 1.7 17 10 3 9 86% 203 2436 420 48%
c o  2.48  7 13 0 31 45 1 115141 7909 1.7 17 10 3 9 86% 203 2436 420 48%
c -  2.54  7 13 0 32 48 1 118663 7218 1.7 17 10 3 9 86% 203 2436 420 48%
c
c seconds  switched  rate         size/glue  tier1   binary      remaining
c        MB  reductions conflicts       size   tier2   irredundant
c         level  restarts    redundant     glue   trail      variables
c
c O  2.59  7 13 0 32 50 1 120923 8750 1.7 17 10 3 9 86% 203 2436 420 48%
c -  2.66  7 13 0 33 52 1 124322 7870 1.7 17 10 3 9 86% 203 2436 420 48%
c -  2.79  7 13 0 34 55 1 130066 8149 1.7 17 10 3 9 86% 203 2436 420 48%
c -  2.90  7 13 0 35 59 1 135897 8681 1.7 17 10 3 9 86% 203 2436 420 48%
c e  2.94  7 13 0 35 59 1 137875 9783 1.7 17 10 3 9 86% 134 2652 378 43%
c s  2.94  7 13 0 35 59 1 137875 9783 1.7 17 10 3 9 86% 136 2593 378 43%
c e  2.95  7 13 0 35 59 1 137875 9783 1.7 17 10 3 9 86% 133 2604 376 43%
c ^  2.95  7 13 0 35 59 1 137875 9783 1.7 17 10 3 9 86% 133 2604 376 43%
c -  3.03  7 13 0 36 60 1 141814 6741 1.7 17 10 3 9 86% 133 2604 376 43%
c -  3.15  7 12 0 37 60 1 147815 8142 1.7 16 10 3 9 86% 133 2604 376 43%
c B  3.17  7 12 0 37 61 1 148663 8597 1.7 16 10 3 9 86% 133 2604 376 43%
c u  3.23  6 12 0 37 61 1 150753 9335 1.7 16 10 3 9 86% 134 2604 376 43%
c v  3.25  7 12 0 37 61 1 150753 8351 1.7 16 10 3 9 86% 134 2604 376 43%
c w  3.26  7 12 0 37 61 1 150753 5918 1.7 16 10 3 9 86% 134 2604 376 43%
c =  3.34  7 12 0 37 61 1 150753 5918 1.7 16 10 3 9 86% 138 2594 374 43%
c d  3.34  7 12 0 37 61 1 150753 5862 1.7 16 10 3 9 86% 133 2594 374 43%
c u  3.35  7 12 0 37 61 1 150753 5727 1.7 16 10 3 9 86% 133 2594 374 43%
c v  3.38  7 12 0 37 61 1 150753 4872 1.7 16 10 3 9 86% 133 2594 374 43%
c w  3.39  7 12 0 37 61 1 150753 4421 1.7 16 10 3 9 86% 133 2594 374 43%
c -  3.45  6 12 0 38 61 1 153897 4962 1.7 16 10 3 9 86% 133 2594 374 43%
c
c seconds  switched  rate         size/glue  tier1   binary      remaining
c        MB  reductions conflicts       size   tier2   irredundant
c         level  restarts    redundant     glue   trail      variables
c
c -  3.56  7 12 0 39 61 1 160061 6941 1.7 17 10 3 9 86% 133 2594 374 43%
c -  3.69  7 12 0 40 62 1 166306 7557 1.7 17 10 2 8 86% 133 2594 374 43%
c -  3.81  7 12 0 41 62 1 172630 8337 1.7 17 10 2 8 86% 133 2594 374 43%
c -  3.95  7 12 0 42 62 1 179033 9047 1.7 17 10 2 8 86% 133 2594 374 43%
c W  3.97  6 12 0 42 62 1 180113 9721 1.7 16 10 2 8 86% 133 2594 374 43%
c o  3.97  6 12 0 42 62 1 180113 9721 1.7 16 10 2 8 86% 133 2594 374 43%
c -  4.08  7 12 0 43 62 1 185513 8780 1.7 17 10 2 8 86% 133 2594 374 43%
c u  4.20  8 12 0 43 62 1 191388 12175 1.7 17 10 2 8 86% 133 2594 374 43%
c v  4.21  8 12 0 43 62 1 191388 11462 1.7 17 10 2 8 86% 133 2594 374 43%
c w  4.22  8 12 0 43 62 1 191388 9796 1.7 17 10 2 8 86% 133 2594 374 43%
c x  4.23  7 12 0 43 62 1 191388 9795 1.7 17 10 2 8 86% 134 2529 374 43%
c -  4.33  6 12 0 44 62 1 192070 6907 1.7 16 10 2 8 86% 134 2529 374 43%
c -  4.45  6 12 0 45 64 1 198703 7708 1.7 16 10 2 8 86% 134 2529 374 43%
c -  4.59  6 12 0 46 68 1 205413 8561 1.7 16 10 2 8 85% 134 2529 374 43%
c -  4.71  6 12 0 47 72 1 212196 8465 1.7 17 10 2 8 85% 134 2529 374 43%
c I  4.76  6 12 0 47 74 1 215466 10768 1.7 17 10 2 8 85% 134 2529 374 43%
c -  4.82  6 12 0 48 76 1 219051 8919 1.7 17 10 2 8 85% 134 2529 374 43%
c -  4.93  6 12 0 49 77 1 225980 9503 1.7 17 10 2 8 85% 134 2529 374 43%
c s  4.95  6 12 0 49 77 1 227110 10321 1.8 17 10 2 8 85% 134 2525 374 43%
c e  4.95  6 12 0 49 77 1 227110 10321 1.8 17 10 2 8 85%  96 2901 319 37%
c
c seconds  switched  rate          size/glue  tier1   binary      remaining
c        MB  reductions conflicts        size   tier2   irredundant
c         level  restarts     redundant     glue   trail      variables
c
c s  4.96  6 12 0 49 77 1 227110 10321 1.8 17 10 2 8 85%  96 2774 319 37%
c e  4.96  6 12 0 49 77 1 227110 10321 1.8 17 10 2 8 85%  93 2798 316 36%
c ^  4.96  6 12 0 49 77 1 227110 10321 1.8 17 10 2 8 85%  93 2798 316 36%
c -  5.04  6 12 0 50 80 1 232981 6253 1.8 17 10 2 8 86%  93 2798 316 36%
c u  5.11  6 12 0 50 83 1 237568 9161 1.8 17 10 2 8 86%  93 2798 316 36%
c v  5.15  6 12 0 50 83 1 237568 8612 1.8 17 10 2 8 86%  93 2798 316 36%
c w  5.16  7 12 0 50 83 1 237568 7531 1.8 17 10 2 8 86%  93 2798 316 36%
c -  5.20  6 12 0 51 84 1 240054 7029 1.8 17 10 2 8 86%  93 2798 316 36%
c -  5.33  6 12 0 52 88 1 247196 8511 1.8 17 10 2 8 86%  93 2798 316 36%
c -  5.46  6 12 0 53 91 1 254407 9095 1.8 17 10 2 8 86%  93 2798 316 36%
c B  5.47  6 12 0 53 91 1 254906 9432 1.8 17 10 2 8 86%  93 2798 316 36%
c o  5.47  6 12 0 53 91 1 254906 9432 1.8 17 10 2 8 86%  93 2798 316 36%
c -  5.58  6 12 0 54 92 1 261687 9233 1.8 17 10 2 8 86%  93 2798 316 36%
c -  5.70  6 12 0 55 93 1 269036 9431 1.8 17 10 2 8 86%  93 2798 316 36%
c -  5.84  6 12 0 56 93 1 276452 9114 1.8 17 10 2 8 86%  93 2798 316 36%
c -  5.98  6 12 0 57 97 1 283935 9242 1.7 17 10 2 8 86%  93 2798 316 36%
c u  6.08  7 12 0 57 100 1 288568 11527 1.7 17 10 2 8 86%  93 2798 316 36%
c v  6.09  7 12 0 57 100 1 288568 11269 1.7 17 10 2 8 86%  93 2798 316 36%
c w  6.10  7 12 0 57 100 1 288568 9711 1.7 17 10 2 8 86%  93 2798 316 36%
c x  6.11  6 12 0 57 100 1 288568 9709 1.7 17 10 2 8 86%  94 2677 316 36%
c
c seconds  switched   rate         size/glue  tier1   binary      remaining
c        MB  reductions conflicts        size   tier2   irredundant
c         level  restarts     redundant     glue   trail      variables
c
c t  6.11  6 12 0 57 100 1 288568 9709 1.7 17 10 2 8 86%  93 2677 316 36%
c -  6.17  6 12 0 58 100 1 291486 8066 1.7 17 10 2 8 86%  93 2677 316 36%
c W  6.32  5 13 0 58 106 1 298619 12181 1.7 17 10 2 8 86%  93 2677 316 36%
c -  6.33  6 12 0 59 106 1 299101 8327 1.7 17 10 2 8 86%  93 2677 316 36%
c -  6.49  7 12 0 60 108 1 306783 9606 1.7 17 10 2 8 86%  93 2677 316 36%
c -  6.63  7 12 0 61 110 1 314529 11424 1.7 17 10 2 8 86%  93 2677 316 36%
c -  6.79  7 12 0 62 115 1 322340 11776 1.7 17 10 2 8 86%  94 2677 316 36%
c -  6.92  7 12 0 63 120 1 330214 11918 1.7 16 10 2 8 86%  94 2677 316 36%
c -  7.06  7 12 0 64 123 1 338151 11305 1.7 16 10 2 8 87%  94 2677 316 36%
c s  7.16  7 12 0 64 123 1 344141 15351 1.7 16 10 2 8 87%  94 2674 316 36%
c e  7.17  6 12 0 64 123 1 344141 15351 1.7 16 10 2 8 87%  61 3236 274 31%
c s  7.17  6 12 0 64 123 1 344141 15351 1.7 16 10 2 8 87%  61 3106 274 31%
c e  7.17  6 12 0 64 123 1 344141 15351 1.7 16 10 2 8 87%  56 3162 270 31%
c !  7.17  6 12 0 64 123 1 344141 15351 1.7 16 10 2 8 87%  56 3162 270 31%
c o  7.17  7 12 0 64 123 1 344141 9762 1.7 16 10 2 8 87%  56 3162 270 31%
c u  7.21  7 12 0 64 123 1 345498 10217 1.7 16 10 2 8 87%  56 3162 270 31%
c v  7.23  7 12 0 64 123 1 345498 9190 1.7 16 10 2 8 87%  56 3162 270 31%
c w  7.24  8 12 0 64 123 1 345498 7151 1.7 16 10 2 8 87%  56 3162 270 31%
c x  7.25  7 12 0 64 123 1 345498 7147 1.7 16 10 2 8 87%  58 2964 270 31%
c t  7.29  7 12 0 64 123 1 345498 7147 1.7 16 10 2 8 87%  57 2964 270 31%
c
c seconds  switched   rate         size/glue  tier1   binary      remaining
c        MB  reductions conflicts        size   tier2   irredundant
c         level  restarts     redundant     glue   trail      variables
c
c f  7.29  7 12 0 64 123 1 345498 7147 1.7 16 10 2 8 87%  58 2944 271 31%
c u  7.29  7 12 0 64 123 1 345498 7072 1.7 16 10 2 8 87%  58 2944 271 31%
c v  7.32  7 12 0 64 123 1 345498 6249 1.7 16 10 2 8 87%  58 2944 271 31%
c w  7.33  7 12 0 64 123 1 345498 5955 1.7 16 10 2 8 87%  58 2944 271 31%
c x  7.34  7 12 0 64 123 1 345498 5955 1.7 16 10 2 8 87%  59 2910 271 31%
c -  7.35  6 12 0 65 124 1 346152 4631 1.7 16 10 2 8 87%  59 2910 271 31%
c O  7.36  6 12 0 65 124 1 346780 5045 1.7 16 10 2 8 87%  59 2910 271 31%
c -  7.50  7 12 0 66 124 1 354216 6652 1.7 16 10 2 8 86%  59 2910 271 31%
c -  7.63  7 12 0 67 125 1 362340 8088 1.7 16 10 2 8 86%  59 2910 271 31%
c -  7.78  7 12 0 68 125 1 370525 9205 1.7 16 10 2 8 86%  59 2910 271 31%
c -  7.92  7 12 0 69 125 1 378771 10379 1.7 16 9 2 8 86%  59 2910 271 31%
c -  8.08  7 12 0 70 125 1 387077 10573 1.7 16 9 2 8 86%  59 2910 271 31%
c -  8.24  7 12 0 71 126 1 395444 10801 1.7 16 9 2 8 86%  59 2910 271 31%
c B  8.31  7 12 0 71 126 1 399568 13136 1.7 16 9 2 8 86%  59 2910 271 31%
c -  8.38  7 12 0 72 126 1 403871 12128 1.7 16 9 2 8 86%  59 2910 271 31%
c u  8.45  7 12 0 72 126 1 407408 14122 1.7 16 9 2 8 86%  59 2910 271 31%
c v  8.48  8 12 0 72 126 1 407408 13433 1.7 16 9 2 8 86%  59 2910 271 31%
c w  8.49  8 12 0 72 126 1 407408 12564 1.7 16 9 2 8 86%  59 2910 271 31%
c x  8.50  7 12 0 72 126 1 407408 12561 1.7 16 9 2 8 86%  61 2894 271 31%
c -  8.59  7 12 0 73 126 1 412357 11028 1.7 16 9 2 8 86%  61 2894 271 31%
c
c seconds  switched   rate          size/glue tier1   binary      remaining
c        MB  reductions conflicts         size  tier2   irredundant
c         level  restarts      redundant    glue   trail      variables
c
c -  8.73  7 12 0 74 126 1 420903 11786 1.7 16 9 2 8 86%  62 2894 271 31%
c i  8.81  7 11 0 74 126 1 425536 14174 1.7 15 9 2 8 86%  69 2894 270 31%
c o  8.81  7 11 0 74 126 1 425536 14174 1.7 15 9 2 8 86%  69 2894 270 31%
c -  8.88  7 11 0 75 126 1 429506 7597 1.7 15 9 2 8 86%  62 2894 270 31%
c -  9.03  7 11 0 76 126 1 438166 9753 1.7 15 9 2 8 86%  62 2894 270 31%
c -  9.17  7 11 0 77 126 1 446884 12213 1.7 15 9 2 8 86%  63 2894 270 31%
c i  9.29  7 11 0 77 126 1 453205 15505 1.7 15 9 2 8 86%  70 2894 269 31%
c -  9.33  7 11 0 78 126 1 455658 8334 1.7 15 9 2 8 86%  61 2894 269 31%
c W  9.37  6 11 0 78 126 1 457152 9223 1.7 15 9 2 8 86%  61 2582 269 31%
c i  9.49  7 11 0 78 128 1 462712 12140 1.7 15 9 2 8 86%  72 2582 267 31%
c -  9.53  7 11 0 79 129 1 464489 8381 1.7 15 9 2 8 86%  68 2582 267 31%
c i  9.61  7 11 0 79 132 1 469014 10520 1.7 15 9 2 8 87%  80 2582 266 31%
c i  9.66  7 11 0 79 133 1 471450 11666 1.7 14 9 2 8 87%  88 2582 262 30%
c i  9.69  7 11 0 79 133 1 472745 12214 1.7 14 9 2 8 87%  96 2581 258 30%
c -  9.70  6 11 0 80 134 1 473378 5892 1.7 14 9 2 8 87%  81 2581 258 30%
c d  9.73  6 11 0 80 135 1 475083 6856 1.7 14 9 2 8 87% 205 1897 257 29%
c d  9.73  6 11 0 80 135 1 475083 6797 1.7 14 9 2 8 87% 160 1838 235 27%
c u  9.74  6 11 0 80 135 1 475083 5753 1.7 14 9 2 8 87% 170 1838 235 27%
c v  9.77  6 11 0 80 135 1 475083 4102 1.7 14 9 2 8 87% 181 1838 235 27%
c w  9.77  6 11 0 80 135 1 475083 3446 1.7 14 9 2 8 87% 182 1838 235 27%
c
c seconds  switched   rate         size/glue tier1   binary      remaining
c        MB  reductions conflicts        size  tier2   irredundant
c         level  restarts     redundant    glue   trail      variables
c
c x  9.78  6 11 0 80 135 1 475083 3413 1.7 14 9 2 8 87% 191 1543 235 27%
c t  9.78  6 11 0 80 135 1 475083 3413 1.7 14 9 2 8 87% 162 1543 235 27%
c u  9.79  6 11 0 80 135 1 475083 2859 1.7 14 9 2 8 87% 164 1543 235 27%
c v  9.80  6 11 0 80 135 1 475083 2358 1.7 14 9 2 8 87% 164 1543 235 27%
c w  9.80  6 11 0 80 135 1 475083 2325 1.7 14 9 2 8 87% 164 1543 235 27%
c x  9.81  6 11 0 80 135 1 475083 2325 1.7 14 9 2 8 87% 165 1508 235 27%
c =  9.96  6 11 0 80 135 1 475083 2325 1.7 14 9 2 8 87% 181 1493 227 26%
c d  9.96  6 11 0 80 135 1 475083 2236 1.7 14 9 2 8 87% 162 1493 227 26%
c t  9.96  6 11 0 80 135 1 475083 2236 1.7 14 9 2 8 87% 156 1493 227 26%
c i  9.97  6 11 0 80 136 1 476126 2748 1.7 14 9 2 8 86% 166 1491 226 26%
c i  9.98  6 11 0 80 136 1 476784 3064 1.7 14 9 2 8 86% 172 1491 216 25%
c i  9.99  6 11 0 80 137 1 477373 3385 1.7 14 9 2 8 86% 180 1491 170 19%
c i  9.99  6 11 0 80 137 1 477377 3385 1.7 14 9 2 8 86% 182 1491 160 18%
c i  9.99  6 11 0 80 137 1 477383 3386 1.7 14 9 2 8 86% 185 1491 159 18%
c i  9.99  6 11 0 80 137 1 477384 3386 1.7 14 9 2 8 86% 185 1491 143 16%
c ]  9.99  6 11 0 80 137 1 477386 3386 1.7 14 9 2 8 86% 185 1491 20 2%
c 0  9.99  6 0 0 80 137 0 477386 3386 0.0 0 0 2 6 0% 185 1491 20 2%
c
c ---- [ result ] ------------------------------------------------------------
c
s UNSATISFIABLE
c
c ---- [ profiling ] ---------------------------------------------------------
c
c           8.77   87.72 %  search
c           8.77   87.72 %  stable
c           1.21   12.10 %  simplify
c           1.18   11.84 %  probe
c           0.62    6.16 %  vivify
c           0.53    5.27 %  sweep
c           0.08    0.82 %  reduce
c           0.03    0.25 %  eliminate
c           0.02    0.18 %  substitute
c           0.02    0.18 %  walking
c           0.02    0.18 %  preprocess
c           0.02    0.15 %  factor
c           0.00    0.05 %  congruence
c           0.00    0.04 %  subsume
c           0.00    0.02 %  transitive
c           0.00    0.01 %  backbone
c           0.00    0.00 %  lucky
c           0.00    0.00 %  parse
c =============================================
c           9.99  100.00 %  total
c
c ---- [ statistics ] --------------------------------------------------------
c
c conflicts:                           477386            47765.98 per second
c congruent:                               35                4 %  variables
c decisions:                           524601                1.10 per conflict
c eliminated:                             581               67 %  variables
c factored:                                44                5 %  variables
c iterations:                              13                1 %  variables
c propagations:                      54749437          5478084    per second
c reductions:                              80             5967    interval
c reordered:                                9            53043    interval
c rephased:                                20            23869    interval
c restarts:                               137             3485    interval
c strengthened:                           613                0 %  checks
c substituted:                             91               10 %  variables
c subsumed:                               404                0 %  checks
c switched:                                 0                0    interval
c vivified:                             49254               47 %  checks
c walks:                                    7            68198    interval
c
c ---- [ glue usage ] --------------------------------------------------------
c
c stable glue 2   used 1013232 clauses 21.13% accumulated 54.96% tier1
c stable glue 3   used  733276 clauses 15.29% accumulated 70.25%
c stable glue 4-6 used  803361 clauses 16.76% accumulated 87.01%
c stable glue 7   used  138972 clauses  2.90% accumulated 89.91%
c stable glue 8   used  115476 clauses  2.41% accumulated 92.32% tier2
c
c ---- [ resources ] ---------------------------------------------------------
c
c maximum-resident-set-size:        423305216 bytes        404 MB
c process-time:                            10s               9.99 seconds
c
c ---- [ shutting down ] -----------------------------------------------------
c
c exit 20
