c ---- [ banner ] ------------------------------------------------------------
c
c Kissat SAT Solver
c 
c Copyright (c) 2021-2024 Armin Biere University of Freiburg
c Copyright (c) 2019-2021 Armin Biere Johannes Kepler University Linz
c 
c Version 4.0.4 8af8e56f174b778aef3aa45af9f739b2a5f492c2
c gcc (GCC) 15.2.1 20260123 (Red Hat 15.2.1-7) -W -Wall -O3 -DNDEBUG
c Thu Apr 23 06:47:51 PM IST 2026 Linux krishnendu-LN 6.19.12-200.fc43.x86_64 x86_64
c
c ---- [ parsing ] -----------------------------------------------------------
c
c opened and reading DIMACS file:
c
c   /home/krishnendu/Research/fv-invariant-mining/data/circuits/cnf/miter_mult_8bit.cnf
c
c parsed 'p cnf 679 2553' header
c closing input after reading 37235 bytes (36 KB)
c finished parsing after 0.00 seconds
c
c ---- [ options ] -----------------------------------------------------------
c
c --decay=90                       (different from default '50')
c --eliminateeffort=1900           (different from default '100')
c
c ---- [ solving ] -----------------------------------------------------------
c
c seconds switched rate     size/glue tier1 binary      remaining
c        MB reductions conflicts size  tier2  irredundant
c         level restarts redundant glue  trail      variables
c
c *  0.00  3 0 0 0  0 0   0   0 0.0 0 0 0 0 0% 887 1664 676 100%
c (  0.00  3 0 0 0  0 0   0   0 0.0 0 0 0 0 0% 887 1664 676 100%
c .  0.00  3 0 0 0  0 0   0   0 0.0 0 0 0 0 0% 883 1664 676 100%
c c  0.00  3 0 0 0  0 0   0   0 0.0 0 0 0 0 0% 919 1662 649 96%
c d  0.00  3 0 0 0  0 0   0   0 0.0 0 0 0 0 0% 829 1662 649 96%
c =  0.02  3 0 0 0  0 0   0   0 0.0 0 0 0 0 0% 843 1650 641 95%
c d  0.02  3 0 0 0  0 0   0   0 0.0 0 0 0 0 0% 823 1650 641 95%
c f  0.02  3 0 0 0  0 0   0   0 0.0 0 0 0 0 0% 812 1635 662 98%
c )  0.02  3 0 0 0  0 0   0   0 0.0 0 0 0 0 0% 812 1635 662 98%
c {  0.02  3 0 0 0  0 0   0   0 0.0 0 0 2 6 0% 812 1635 662 98%
c -  0.04  4 12 0 1 109 2 1000 541 2.2 17 8 3 9 85% 820 1635 662 98%
c }  0.04  4 12 1 1 109 2 1000 541 2.2 17 8 3 9 85% 820 1635 662 98%
c [  0.04  4 0 1 1 109 0 1000 541 0.0 0 0 2 6 0% 820 1635 662 98%
c B  0.04  4 9 1 1 109 1 1005 543 1.3 9 7 2 6 91% 820 1635 662 98%
c ]  0.06  4 9 2 1 109 1 1894 1353 4.4 21 5 2 6 81% 822 1635 662 98%
c {  0.06  4 12 2 1 109 2 1894 1353 2.2 17 8 3 9 85% 822 1635 662 98%
c -  0.06  4 13 2 2 109 2 2000 1250 2.2 18 8 3 9 85% 823 1635 662 98%
c }  0.08  4 12 3 2 119 2 2895 2016 2.6 19 7 3 8 85% 828 1635 662 98%
c [  0.08  4 9 3 2 119 1 2895 2016 4.4 21 5 2 6 81% 828 1635 662 98%
c W  0.08  4 9 3 2 119 1 2895 2016 4.4 21 5 2 6 81% 828 1635 662 98%
c
c seconds  switched  rate       size/glue tier1   binary      remaining
c        MB reductions conflicts      size  tier2   irredundant
c         level restarts   redundant    glue   trail      variables
c
c -  0.09  4 10 3 3 119 1 3414 1786 3.4 19 6 2 5 82% 830 1635 662 98%
c u  0.10  4 10 3 3 119 1 3667 1867 3.3 20 6 2 5 83% 835 1635 662 98%
c v  0.11  4 10 3 3 119 1 3667 1501 3.3 20 6 2 5 83% 835 1635 662 98%
c w  0.11  4 10 3 3 119 1 3667 1480 3.3 20 6 2 5 83% 835 1635 662 98%
c x  0.11  4 10 3 3 119 1 3667 1479 3.3 20 6 2 5 83% 841 1596 662 98%
c =  0.12  4 10 3 3 119 1 3667 1479 3.3 20 6 2 5 83% 883 1594 641 95%
c d  0.12  4 10 3 3 119 1 3667 1479 3.3 20 6 2 5 83% 821 1594 641 95%
c t  0.12  4 10 3 3 119 1 3667 1479 3.3 20 6 2 5 83% 814 1594 641 95%
c u  0.13  4 10 3 3 119 1 3667 1315 3.3 20 6 2 5 83% 816 1594 641 95%
c v  0.13  4 10 3 3 119 1 3667 1145 3.3 20 6 2 5 83% 816 1594 641 95%
c w  0.13  4 10 3 3 119 1 3667 1137 3.3 20 6 2 5 83% 816 1594 641 95%
c x  0.13  4 10 3 3 119 1 3667 1137 3.3 20 6 2 5 83% 816 1591 641 95%
c t  0.15  4 10 3 3 119 1 3667 1137 3.3 20 6 2 5 83% 815 1591 641 95%
c ]  0.15  4 10 4 3 119 1 3750 1209 3.2 20 6 2 5 84% 815 1591 641 95%
c {  0.15  4 12 4 3 119 2 3750 1209 2.6 19 7 3 8 85% 815 1591 641 95%
c -  0.18  4 12 4 4 303 2 5148 1602 2.6 20 7 2 7 86% 816 1591 641 95%
c }  0.20  4 13 5 4 507 2 6102 2446 2.5 19 8 2 7 84% 823 1591 641 95%
c [  0.20  4 10 5 4 507 1 6102 2446 3.2 20 6 2 5 84% 823 1591 641 95%
c I  0.20  4 10 5 4 507 1 6102 2446 3.2 20 6 2 5 84% 823 1591 641 95%
c -  0.21  4 11 5 5 508 1 7149 2561 2.6 19 7 2 8 86% 824 1590 641 95%
c
c seconds  switched  rate       size/glue tier1   binary      remaining
c        MB reductions conflicts      size  tier2   irredundant
c         level restarts   redundant    glue   trail      variables
c
c -  0.24  4 12 5 6 509 1 9386 3079 2.2 18 8 2 8 88% 825 1590 641 95%
c ]  0.25  4 12 6 6 509 1 9628 3309 2.2 18 8 2 8 88% 825 1590 641 95%
c {  0.25  4 13 6 6 509 2 9628 3309 2.5 19 8 2 7 84% 825 1590 641 95%
c o  0.26  5 13 6 6 519 2 10255 3815 2.4 19 8 2 7 83% 827 1590 641 95%
c u  0.27  4 13 6 6 652 2 11316 4521 2.3 18 8 2 7 82% 834 1589 641 95%
c v  0.28  4 13 6 6 652 2 11316 4492 2.3 18 8 2 7 82% 834 1589 641 95%
c w  0.28  4 13 6 6 652 2 11316 4464 2.3 18 8 2 7 82% 834 1589 641 95%
c t  0.28  4 13 6 6 652 2 11316 4464 2.3 18 8 2 7 82% 828 1589 641 95%
c -  0.29  5 13 6 7 751 2 11836 3716 2.3 18 8 2 8 82% 829 1589 641 95%
c }  0.32  5 13 7 7 1011 2 13699 5301 2.2 17 8 2 8 83% 832 1589 641 95%
c [  0.32  5 12 7 7 1011 1 13699 5301 2.2 18 8 2 8 88% 832 1589 641 95%
c B  0.32  5 12 7 7 1011 1 13699 5301 2.2 18 8 2 8 88% 832 1589 641 95%
c -  0.34  5 11 7 8 1011 1 14482 4494 2.1 17 8 2 8 88% 832 1589 641 95%
c ]  0.38  5 11 8 8 1013 1 17091 6073 1.9 16 8 2 8 88% 832 1589 641 95%
c {  0.38  5 13 8 8 1013 2 17091 6073 2.2 17 8 2 8 83% 832 1589 641 95%
c -  0.39  5 13 8 9 1015 2 17310 4848 2.2 17 8 2 8 83% 832 1589 641 95%
c s  0.41  5 13 8 9 1167 2 18329 5602 2.1 17 8 2 8 84% 833 1586 641 95%
c e  0.41  5 13 8 9 1167 2 18329 5602 2.1 17 8 2 8 84% 258 1906 396 58%
c s  0.41  5 13 8 9 1167 2 18329 5602 2.1 17 8 2 8 84% 262 1849 396 58%
c e  0.41  5 13 8 9 1167 2 18329 5602 2.1 17 8 2 8 84% 250 1859 390 58%
c
c seconds  switched   rate        size/glue tier1   binary      remaining
c        MB reductions  conflicts       size  tier2   irredundant
c         level  restarts    redundant    glue   trail      variables
c
c ^  0.41  5 13 8 9 1167 2 18329 5602 2.1 17 8 2 8 84% 250 1859 390 58%
c o  0.45  5 14 8 9 1582 2 20255 3624 2.1 17 8 2 8 83% 252 1859 390 58%
c -  0.45  5 14 8 10 1597 2 20311 2672 2.1 17 8 2 8 83% 252 1859 390 58%
c u  0.51  5 13 8 10 1837 2 23182 5021 2.2 18 8 2 8 84% 253 1859 390 58%
c v  0.52  5 13 8 10 1837 2 23182 4440 2.2 18 8 2 8 84% 253 1859 390 58%
c w  0.52  5 13 8 10 1837 2 23182 4431 2.2 18 8 2 8 84% 253 1859 390 58%
c x  0.52  5 13 8 10 1837 2 23182 4429 2.2 18 8 2 8 84% 257 1769 390 58%
c =  0.55  5 13 8 10 1837 2 23182 4429 2.2 18 8 2 8 84% 257 1765 389 57%
c t  0.55  5 13 8 10 1837 2 23182 4374 2.2 18 8 2 8 84% 251 1765 389 57%
c f  0.55  5 13 8 10 1837 2 23182 4374 2.2 18 8 2 8 84% 278 1706 404 60%
c u  0.55  5 13 8 10 1837 2 23182 4264 2.2 18 8 2 8 84% 280 1706 404 60%
c v  0.56  5 13 8 10 1837 2 23182 4173 2.2 18 8 2 8 84% 280 1706 404 60%
c w  0.56  5 13 8 10 1837 2 23182 4112 2.2 18 8 2 8 84% 280 1706 404 60%
c x  0.56  5 13 8 10 1837 2 23182 4112 2.2 18 8 2 8 84% 281 1698 404 60%
c t  0.58  5 13 8 10 1837 2 23182 4112 2.2 18 8 2 8 84% 280 1698 404 60%
c }  0.59  5 14 9 10 1845 2 23250 4175 2.2 18 8 2 8 84% 280 1698 404 60%
c [  0.59  5 11 9 10 1845 1 23250 4175 1.9 16 8 2 8 88% 280 1698 404 60%
c W  0.59  5 11 9 10 1845 1 23250 4175 1.9 16 8 2 8 88% 280 1698 404 60%
c -  0.59  5 11 9 11 1845 1 23473 3546 1.9 16 8 2 8 88% 281 1698 404 60%
c -  0.64  5 11 9 12 1847 1 26790 4582 1.9 16 8 2 8 88% 281 1698 404 60%
c
c seconds  switched    rate        size/glue tier1   binary      remaining
c        MB  reductions  conflicts       size  tier2   irredundant
c         level   restarts    redundant    glue   trail      variables
c
c -  0.70  5 11 9 13 1850 1 30254 4878 1.9 16 8 2 8 87% 281 1698 404 60%
c ]  0.70  5 11 10 13 1850 1 30750 5239 1.9 16 8 2 8 88% 281 1698 404 60%
c {  0.70  5 14 10 13 1850 2 30750 5239 2.2 18 8 2 8 84% 281 1698 404 60%
c -  0.77  5 13 10 14 2003 2 33860 6204 2.2 18 8 2 7 84% 281 1698 404 60%
c e  0.85  6 13 10 14 2187 2 37134 8975 2.3 18 8 2 7 84% 213 1803 350 52%
c s  0.85  6 13 10 14 2187 2 37134 8975 2.3 18 8 2 7 84% 213 1784 350 52%
c ^  0.85  6 13 10 14 2187 2 37134 8975 2.3 18 8 2 7 84% 213 1784 350 52%
c -  0.86  6 13 10 15 2234 2 37601 3777 2.3 18 8 1 6 84% 213 1784 350 52%
c }  0.89  6 13 11 15 2395 2 39377 5296 2.3 18 8 1 6 84% 213 1784 350 52%
c [  0.89  6 11 11 15 2395 1 39377 5296 1.9 16 8 2 8 88% 213 1784 350 52%
c O  0.89  6 11 11 15 2395 1 39377 5296 1.9 16 8 2 8 88% 213 1784 350 52%
c u  0.91  5 11 11 15 2395 1 40107 5460 1.9 16 8 2 8 88% 213 1784 350 52%
c v  0.92  5 11 11 15 2395 1 40107 5123 1.9 16 8 2 8 88% 213 1784 350 52%
c w  0.92  5 11 11 15 2395 1 40107 5054 1.9 16 8 2 8 88% 213 1784 350 52%
c f  0.92  5 11 11 15 2395 1 40107 5054 1.9 16 8 2 8 88% 218 1765 354 52%
c u  0.93  5 11 11 15 2395 1 40107 5011 1.9 16 8 2 8 88% 219 1765 354 52%
c v  0.94  5 11 11 15 2395 1 40107 4659 1.9 16 8 2 8 88% 219 1765 354 52%
c w  0.94  5 11 11 15 2395 1 40107 4570 1.9 16 8 2 8 88% 219 1765 354 52%
c x  0.94  5 11 11 15 2395 1 40107 4567 1.9 16 8 2 8 88% 220 1739 354 52%
c =  0.98  6 11 11 15 2395 1 40107 4567 1.9 16 8 2 8 88% 222 1737 353 52%
c
c seconds   switched    rate        size/glue tier1   binary      remaining
c        MB   reductions  conflicts       size  tier2   irredundant
c         level    restarts    redundant    glue   trail      variables
c
c d  0.98  6 11 11 15 2395 1 40107 4567 1.9 16 8 2 8 88% 220 1737 353 52%
c -  1.00  6 11 11 16 2397 1 41473 4432 1.9 16 8 2 8 88% 220 1736 353 52%
c -  1.07  6 11 11 17 2399 1 45475 5518 1.9 16 8 2 8 88% 221 1735 353 52%
c B  1.13  6 11 11 17 2401 1 49138 8167 1.9 16 9 2 8 88% 221 1735 353 52%
c o  1.13  6 11 11 17 2401 1 49138 8167 1.9 16 9 2 8 88% 221 1735 353 52%
c -  1.14  6 11 11 18 2401 1 49599 5840 1.9 16 9 2 8 88% 221 1735 353 52%
c ]  1.17  6 11 12 18 2402 1 51974 7544 1.9 16 9 2 8 88% 221 1735 353 52%
c {  1.17  6 13 12 18 2402 2 51974 7544 2.3 18 8 1 6 84% 221 1735 353 52%
c -  1.22  7 13 12 19 2741 2 53841 6417 2.2 18 8 1 6 84% 222 1735 353 52%
c i  1.27  7 13 12 19 2741 2 57282 9279 2.2 17 8 1 6 82% 231 1735 352 52%
c -  1.29  7 13 12 20 2956 2 58200 6986 2.2 17 8 1 6 82% 226 1735 352 52%
c u  1.38  7 13 12 20 3503 2 61939 9482 2.1 17 8 1 6 82% 232 1727 352 52%
c v  1.39  7 13 12 20 3503 2 61939 9433 2.1 17 8 1 6 82% 232 1727 352 52%
c w  1.40  7 13 12 20 3503 2 61939 9405 2.1 17 8 1 6 82% 232 1727 352 52%
c x  1.40  7 13 12 20 3503 2 61939 9405 2.1 17 8 1 6 82% 232 1715 352 52%
c =  1.45  5 13 12 20 3503 2 61939 9405 2.1 17 8 1 6 82% 236 1715 350 52%
c d  1.45  5 13 12 20 3503 2 61939 9405 2.1 17 8 1 6 82% 228 1715 350 52%
c t  1.45  5 13 12 20 3503 2 61939 9405 2.1 17 8 1 6 82% 226 1715 350 52%
c u  1.46  5 13 12 20 3503 2 61939 9324 2.1 17 8 1 6 82% 226 1715 350 52%
c v  1.48  6 13 12 20 3503 2 61939 9109 2.1 17 8 1 6 82% 226 1715 350 52%
c
c seconds   switched    rate        size/glue tier1   binary      remaining
c        MB   reductions  conflicts       size  tier2   irredundant
c         level    restarts    redundant    glue   trail      variables
c
c w  1.48  6 13 12 20 3503 2 61939 9066 2.1 17 8 1 6 82% 226 1715 350 52%
c -  1.55  5 13 12 21 3677 2 62673 7374 2.1 17 8 1 6 82% 227 1715 350 52%
c }  1.57  5 13 13 21 3859 2 63453 7962 2.1 17 8 1 6 82% 227 1715 350 52%
c [  1.57  5 11 13 21 3859 1 63453 7962 1.9 16 9 2 8 88% 227 1715 350 52%
c W  1.57  5 11 13 21 3859 1 63453 7962 1.9 16 9 2 8 88% 227 1715 350 52%
c -  1.63  5 11 13 22 3861 1 67255 7946 1.8 16 9 2 8 88% 227 1715 350 52%
c -  1.71  5 11 13 23 3865 1 71945 8130 1.8 16 9 2 8 88% 227 1715 350 52%
c -  1.78  6 11 13 24 3866 1 76740 7776 1.8 15 8 2 7 87% 228 1715 350 52%
c s  1.81  6 11 13 24 3868 1 78290 9032 1.8 15 8 2 7 87% 228 1712 350 52%
c e  1.81  6 11 13 24 3868 1 78290 9032 1.8 15 8 2 7 87% 170 1819 317 47%
c s  1.81  6 11 13 24 3868 1 78290 9032 1.8 15 8 2 7 87% 170 1807 317 47%
c e  1.81  6 11 13 24 3868 1 78290 9032 1.8 15 8 2 7 87% 167 1812 316 47%
c ^  1.81  6 11 13 24 3868 1 78290 9032 1.8 15 8 2 7 87% 167 1812 316 47%
c I  1.81  6 11 13 24 3868 1 78358 7005 1.8 15 8 2 7 87% 167 1812 316 47%
c ]  1.85  6 11 14 24 3869 1 80809 8520 1.8 15 8 2 7 87% 167 1812 316 47%
c {  1.85  6 13 14 24 3869 2 80809 8520 2.1 17 8 1 6 82% 167 1812 316 47%
c o  1.85  6 13 14 24 3874 2 80826 8533 2.1 17 8 1 6 82% 167 1812 316 47%
c -  1.86  6 13 14 25 3959 2 81640 6467 2.1 17 8 1 6 82% 167 1812 316 47%
c -  1.95  6 12 14 26 3997 2 86641 7343 2.0 16 8 2 6 83% 169 1812 316 47%
c u  1.99  6 12 14 26 4014 2 88838 8504 2.0 16 8 2 6 83% 169 1812 316 47%
c
c seconds   switched    rate        size/glue tier1   binary      remaining
c        MB   reductions  conflicts       size  tier2   irredundant
c         level    restarts    redundant    glue   trail      variables
c
c v  2.00  6 12 14 26 4014 2 88838 8233 2.0 16 8 2 6 83% 169 1812 316 47%
c w  2.01  6 12 14 26 4014 2 88838 8116 2.0 16 8 2 6 83% 169 1812 316 47%
c x  2.01  6 12 14 26 4014 2 88838 8105 2.0 16 8 2 6 83% 170 1781 316 47%
c t  2.01  6 12 14 26 4014 2 88838 8105 2.0 16 8 2 6 83% 166 1781 316 47%
c -  2.08  6 12 14 27 4482 2 91741 8268 2.0 16 8 2 6 83% 166 1781 316 47%
c }  2.16  6 12 15 27 4522 2 95527 10058 2.0 16 8 2 6 84% 171 1781 316 47%
c [  2.16  6 11 15 27 4522 1 95527 10058 1.8 15 8 2 7 87% 171 1781 316 47%
c i  2.16  6 11 15 27 4522 1 95697 10120 1.8 15 8 2 7 87% 176 1781 315 46%
c B  2.17  6 11 15 27 4522 1 96160 10393 1.8 15 8 2 7 87% 176 1781 315 46%
c -  2.18  6 11 15 28 4523 1 96937 4377 1.8 15 8 2 7 87% 165 1781 315 46%
c -  2.28  6 11 15 29 4527 1 102229 5711 1.8 15 8 2 7 87% 165 1781 315 46%
c -  2.38  6 11 15 30 4528 1 107614 7053 1.7 15 8 2 7 87% 166 1781 315 46%
c ]  2.43  6 11 16 30 4531 1 110539 8535 1.7 14 8 2 7 87% 167 1781 315 46%
c {  2.43  6 12 16 30 4531 2 110539 8535 2.0 16 8 2 6 84% 167 1781 315 46%
c -  2.48  6 11 16 31 4535 2 113092 8322 2.0 15 8 2 5 84% 171 1781 315 46%
c i  2.48  6 11 16 31 4535 2 113383 8431 2.0 15 8 2 5 84% 175 1781 310 46%
c -  2.58  7 11 16 32 4589 2 118663 7628 2.0 15 8 1 5 84% 166 1781 310 46%
c d  2.63  6 11 16 32 4614 2 120949 9145 2.0 15 8 1 5 84% 224 1567 309 46%
c d  2.63  6 11 16 32 4614 2 120949 9105 2.0 15 8 1 5 84% 182 1538 287 42%
c u  2.63  7 11 16 32 4614 2 120949 8530 2.0 15 8 1 5 84% 183 1538 286 42%
c
c seconds   switched    rate         size/glue tier1   binary      remaining
c        MB   reductions  conflicts        size  tier2   irredundant
c         level    restarts     redundant    glue   trail      variables
c
c v  2.65  6 11 16 32 4614 2 120949 8103 2.0 15 8 1 5 84% 184 1538 286 42%
c w  2.65  6 11 16 32 4614 2 120949 7940 2.0 15 8 1 5 84% 184 1538 286 42%
c x  2.66  6 11 16 32 4614 2 120949 7932 2.0 15 8 1 5 84% 194 1471 286 42%
c =  2.73  7 11 16 32 4614 2 120949 7932 2.0 15 8 1 5 84% 200 1467 281 41%
c d  2.73  7 11 16 32 4614 2 120949 7216 2.0 15 8 1 5 84% 191 1457 281 41%
c t  2.73  7 11 16 32 4614 2 120949 7216 2.0 15 8 1 5 84% 183 1457 281 41%
c u  2.74  7 11 16 32 4614 2 120949 7074 2.0 15 8 1 5 84% 183 1457 281 41%
c v  2.75  7 11 16 32 4614 2 120949 6264 2.0 15 8 1 5 84% 183 1457 281 41%
c w  2.76  7 11 16 32 4614 2 120949 5940 2.0 15 8 1 5 84% 183 1457 281 41%
c x  2.76  7 11 16 32 4614 2 120949 5939 2.0 15 8 1 5 84% 183 1452 281 41%
c i  2.84  8 11 16 32 4614 2 120949 5939 2.0 15 8 1 5 84% 183 1452 281 41%
c o  2.84  8 11 16 32 4614 2 120949 5939 2.0 15 8 1 5 84% 183 1452 281 41%
c i  2.87  8 11 16 32 4614 2 122633 7106 2.0 15 7 1 5 84% 192 1452 279 41%
c -  2.91  8 11 16 33 4614 2 124319 7338 2.0 15 7 1 5 84% 176 1448 279 41%
c i  2.92  8 11 16 33 4614 2 124912 7592 2.0 15 7 1 5 84% 185 1448 277 41%
c i  2.97  8 11 16 33 4614 2 127185 9114 2.0 15 7 1 5 84% 197 1448 276 41%
c i  3.00  8 11 16 33 4614 2 128067 9845 2.1 15 7 1 5 84% 202 1448 274 40%
c }  3.02  8 11 17 33 4614 2 128878 10514 2.1 15 7 1 5 84% 204 1448 274 40%
c [  3.02  8 11 17 33 4614 1 128878 10514 1.7 14 8 2 7 87% 204 1448 274 40%
c W  3.02  8 11 17 33 4614 1 128878 10514 1.7 14 8 2 7 87% 171 1412 274 40%
c
c seconds   switched    rate          size/glue tier1   binary      remaining
c        MB   reductions  conflicts         size  tier2   irredundant
c         level    restarts      redundant    glue   trail      variables
c
c i  3.03  8 11 17 33 4614 1 129181 10611 1.7 14 8 2 7 87% 177 1412 266 39%
c i  3.03  8 11 17 33 4614 1 129320 10655 1.7 14 8 2 7 87% 184 1412 259 38%
c i  3.03  8 11 17 33 4614 1 129348 10663 1.7 14 8 2 7 87% 189 1412 238 35%
c i  3.04  8 10 17 33 4614 1 129360 10665 1.7 14 8 2 7 87% 193 1412 222 33%
c i  3.04  8 10 17 33 4614 1 129362 10665 1.7 14 8 2 7 87% 194 1412 185 27%
c ]  3.04  8 10 17 33 4614 1 129364 10665 1.7 14 8 2 7 87% 194 1412 169 25%
c 0  3.04  8 11 17 33 4614 2 129364 10665 2.1 15 7 1 5 84% 194 1412 169 25%
c
c ---- [ result ] ------------------------------------------------------------
c
s UNSATISFIABLE
c
c ---- [ profiling ] ---------------------------------------------------------
c
c           2.40   78.98 %  search
c           1.37   45.05 %  focused
c           1.03   33.93 %  stable
c           0.62   20.47 %  probe
c           0.62   20.32 %  simplify
c           0.38   12.41 %  sweep
c           0.22    7.40 %  vivify
c           0.02    0.76 %  reduce
c           0.02    0.68 %  preprocess
c           0.01    0.34 %  substitute
c           0.01    0.28 %  walking
c           0.01    0.25 %  eliminate
c           0.01    0.18 %  factor
c           0.00    0.10 %  congruence
c           0.00    0.04 %  subsume
c           0.00    0.03 %  transitive
c           0.00    0.01 %  backbone
c           0.00    0.01 %  lucky
c           0.00    0.01 %  parse
c =============================================
c           3.04  100.00 %  total
c
c ---- [ statistics ] --------------------------------------------------------
c
c conflicts:                           129364            42603.24 per second
c congruent:                               27                4 %  variables
c decisions:                           176357                1.36 per conflict
c eliminated:                             339               50 %  variables
c factored:                                40                6 %  variables
c iterations:                              13                2 %  variables
c propagations:                      16101185          5302577    per second
c reductions:                              33             3920    interval
c reordered:                                5            25873    interval
c rephased:                                11            11760    interval
c restarts:                              4614               28    interval
c strengthened:                           136                0 %  checks
c substituted:                             84               12 %  variables
c subsumed:                                90                0 %  checks
c switched:                                17             7610    interval
c vivified:                             12736               38 %  checks
c walks:                                    4            32341    interval
c
c ---- [ glue usage ] --------------------------------------------------------
c
c focused glue 1 used 347636 clauses 52.04% accumulated 52.04% tier1
c focused glue 2 used 142311 clauses 21.31% accumulated 73.35%
c focused glue 3 used  67493 clauses 10.10% accumulated 83.45%
c focused glue 4 used  32941 clauses  4.93% accumulated 88.39%
c focused glue 5 used  20580 clauses  3.08% accumulated 91.47% tier2
c
c stable glue 2   used 114538 clauses 20.51% accumulated 65.01% tier1
c stable glue 3   used  62388 clauses 11.17% accumulated 76.17%
c stable glue 4-5 used  53313 clauses  9.54% accumulated 85.72%
c stable glue 6   used  17281 clauses  3.09% accumulated 88.81%
c stable glue 7   used  15931 clauses  2.85% accumulated 91.67% tier2
c
c ---- [ resources ] ---------------------------------------------------------
c
c maximum-resident-set-size:        423305216 bytes        404 MB
c process-time:                             3s               3.04 seconds
c
c ---- [ shutting down ] -----------------------------------------------------
c
c exit 20
