c ---- [ banner ] ------------------------------------------------------------
c
c Kissat SAT Solver
c 
c Copyright (c) 2021-2024 Armin Biere University of Freiburg
c Copyright (c) 2019-2021 Armin Biere Johannes Kepler University Linz
c 
c Version 4.0.4 8af8e56f174b778aef3aa45af9f739b2a5f492c2
c gcc (GCC) 15.2.1 20260123 (Red Hat 15.2.1-7) -W -Wall -O3 -DNDEBUG
c Thu Apr 23 06:47:51 PM IST 2026 Linux krishnendu-LN 6.19.12-200.fc43.x86_64 x86_64
c
c ---- [ parsing ] -----------------------------------------------------------
c
c opened and reading DIMACS file:
c
c   /home/krishnendu/Research/fv-invariant-mining/data/circuits/cnf/miter_mult_8bit.cnf
c
c parsed 'p cnf 679 2553' header
c closing input after reading 37235 bytes (36 KB)
c finished parsing after 0.00 seconds
c
c ---- [ options ] -----------------------------------------------------------
c
c --decay=110                      (different from default '50')
c --eliminateeffort=600            (different from default '100')
c --stable=2                       (different from default '1')
c
c ---- [ solving ] -----------------------------------------------------------
c
c seconds switched rate     size/glue tier1 binary      remaining
c        MB reductions conflicts size  tier2  irredundant
c         level restarts redundant glue  trail      variables
c
c *  0.00  3 0 0 0  0 0   0   0 0.0 0 0 0 0 0% 887 1664 676 100%
c (  0.00  3 0 0 0  0 0   0   0 0.0 0 0 0 0 0% 887 1664 676 100%
c .  0.00  3 0 0 0  0 0   0   0 0.0 0 0 0 0 0% 883 1664 676 100%
c c  0.00  3 0 0 0  0 0   0   0 0.0 0 0 0 0 0% 919 1662 649 96%
c d  0.00  3 0 0 0  0 0   0   0 0.0 0 0 0 0 0% 829 1662 649 96%
c =  0.02  3 0 0 0  0 0   0   0 0.0 0 0 0 0 0% 843 1650 641 95%
c d  0.02  3 0 0 0  0 0   0   0 0.0 0 0 0 0 0% 823 1650 641 95%
c f  0.02  3 0 0 0  0 0   0   0 0.0 0 0 0 0 0% 812 1635 662 98%
c )  0.02  3 0 0 0  0 0   0   0 0.0 0 0 0 0 0% 812 1635 662 98%
c [  0.02  3 0 0 0  0 0   0   0 0.0 0 0 2 6 0% 812 1635 662 98%
c -  0.04  4 12 0 1  0 1 1001 833 2.9 21 7 4 9 85% 817 1635 662 98%
c B  0.04  4 12 0 1  0 1 1001 833 2.9 21 7 4 9 85% 817 1635 662 98%
c -  0.06  4 15 0 2  1 1 2002 1563 2.4 20 8 4 11 87% 818 1635 662 98%
c W  0.06  4 15 0 2  1 1 2002 1563 2.4 20 8 4 11 87% 818 1635 662 98%
c -  0.08  4 14 0 3  2 1 3417 2199 2.0 18 9 4 11 78% 819 1635 662 98%
c u  0.08  4 14 0 3  2 1 3666 2335 2.0 18 9 4 11 77% 823 1635 662 98%
c v  0.09  4 14 0 3  2 1 3666 2191 2.0 18 9 4 11 77% 823 1635 662 98%
c w  0.09  4 14 0 3  2 1 3666 2036 2.0 18 9 4 11 77% 823 1635 662 98%
c x  0.09  4 14 0 3  2 1 3666 2036 2.0 18 9 4 11 77% 829 1605 662 98%
c =  0.11  4 14 0 3  2 1 3666 2036 2.0 18 9 4 11 77% 871 1603 641 95%
c
c seconds  switched rate       size/glue tier1    binary      remaining
c        MB reductions conflicts     size  tier2    irredundant
c         level restarts  redundant    glue    trail      variables
c
c d  0.11  4 14 0 3  2 1 3666 2036 2.0 18 9 4 11 77% 809 1603 641 95%
c t  0.11  4 14 0 3  2 1 3666 2036 2.0 18 9 4 11 77% 806 1603 641 95%
c u  0.11  4 14 0 3  2 1 3666 2028 2.0 18 9 4 11 77% 806 1603 641 95%
c v  0.12  4 14 0 3  2 1 3666 1844 2.0 18 9 4 11 77% 806 1603 641 95%
c w  0.12  4 14 0 3  2 1 3666 1823 2.0 18 9 4 11 77% 806 1603 641 95%
c x  0.12  4 14 0 3  2 1 3666 1822 2.0 18 9 4 11 77% 806 1600 641 95%
c I  0.15  4 14 0 3  3 1 4261 2340 2.0 17 9 4 11 77% 809 1600 641 95%
c -  0.16  5 14 0 4  3 1 5149 2606 2.0 18 9 4 11 80% 811 1600 641 95%
c -  0.20  5 14 0 5  5 1 7150 3264 2.0 18 9 4 10 82% 812 1600 641 95%
c B  0.22  5 13 0 5  5 1 8034 3992 2.0 18 9 4 10 82% 812 1600 641 95%
c -  0.24  5 13 0 6  6 1 9386 4182 2.0 17 9 4 10 81% 812 1600 641 95%
c u  0.27  5 13 0 6  6 1 11317 5451 1.9 17 9 4 10 81% 817 1600 641 95%
c v  0.28  5 13 0 6  6 1 11317 5335 1.9 17 9 4 10 81% 817 1600 641 95%
c w  0.28  5 13 0 6  6 1 11317 5306 1.9 17 9 4 10 81% 817 1600 641 95%
c o  0.28  5 13 0 6  6 1 11317 5306 1.9 17 9 4 10 81% 817 1600 641 95%
c -  0.29  5 13 0 7  6 1 11835 4592 1.9 17 9 4 10 82% 817 1600 641 95%
c W  0.32  5 13 0 7  8 1 13564 5967 1.9 17 9 4 10 82% 820 1600 641 95%
c -  0.34  5 12 0 8  9 1 14481 5183 1.9 17 9 3 10 82% 822 1600 641 95%
c -  0.38  6 12 0 9 10 1 17311 5672 1.9 17 9 3 9 81% 823 1600 641 95%
c s  0.40  6 12 0 9 11 1 18331 6455 1.9 17 9 3 9 80% 823 1596 641 95%
c
c seconds  switched rate        size/glue tier1   binary      remaining
c        MB reductions conflicts      size  tier2   irredundant
c         level restarts   redundant    glue   trail      variables
c
c e  0.40  6 12 0 9 11 1 18331 6455 1.9 17 9 3 9 80% 249 1917 404 60%
c s  0.40  6 12 0 9 11 1 18331 6455 1.9 17 9 3 9 80% 255 1856 404 60%
c e  0.41  6 12 0 9 11 1 18331 6455 1.9 17 9 3 9 80% 244 1865 397 59%
c ^  0.41  6 12 0 9 11 1 18331 6455 1.9 17 9 3 9 80% 244 1865 397 59%
c -  0.43  6 12 0 10 12 1 20312 3257 1.9 16 9 3 9 78% 246 1865 397 59%
c O  0.44  6 12 0 10 13 1 21093 3770 1.9 16 8 3 9 77% 246 1865 397 59%
c u  0.46  6 12 0 10 13 1 23184 5228 1.9 16 8 3 9 75% 249 1865 397 59%
c v  0.47  6 12 0 10 13 1 23184 4925 1.9 16 8 3 9 75% 249 1865 397 59%
c w  0.47  7 12 0 10 13 1 23184 4852 1.9 16 8 3 9 75% 249 1865 397 59%
c x  0.47  6 12 0 10 13 1 23184 4852 1.9 16 8 3 9 75% 251 1795 397 59%
c =  0.49  6 12 0 10 13 1 23184 4852 1.9 16 8 3 9 75% 251 1793 396 58%
c t  0.49  6 12 0 10 13 1 23184 4825 1.9 16 8 3 9 75% 246 1793 396 58%
c f  0.49  6 12 0 10 13 1 23184 4825 1.9 16 8 3 9 75% 264 1751 407 60%
c u  0.50  6 12 0 10 13 1 23184 4799 1.9 16 8 3 9 75% 264 1751 407 60%
c v  0.50  6 12 0 10 13 1 23184 4606 1.9 16 8 3 9 75% 264 1751 407 60%
c w  0.50  6 12 0 10 13 1 23184 4328 1.9 16 8 3 9 75% 264 1751 407 60%
c x  0.50  6 12 0 10 13 1 23184 4328 1.9 16 8 3 9 75% 266 1730 407 60%
c o  0.52  6 12 0 10 13 1 23184 4328 1.9 16 8 3 9 75% 266 1730 407 60%
c -  0.53  6 12 0 11 13 1 23474 3706 1.9 16 8 3 9 76% 263 1730 407 60%
c -  0.58  6 12 0 12 14 1 26792 4715 1.9 16 8 3 9 77% 263 1730 407 60%
c
c seconds  switched  rate        size/glue tier1   binary      remaining
c        MB  reductions conflicts      size  tier2   irredundant
c         level  restarts   redundant    glue   trail      variables
c
c -  0.64  6 12 0 13 14 1 30256 5259 1.8 16 8 3 9 78% 263 1730 407 60%
c B  0.65  6 12 0 13 14 1 30856 5650 1.8 16 8 3 9 79% 263 1730 407 60%
c -  0.70  7 12 0 14 15 1 33863 6077 1.8 16 8 3 9 80% 264 1730 407 60%
c e  0.76  7 11 0 14 18 1 37136 8436 1.8 16 8 3 9 80% 215 1824 355 52%
c s  0.76  7 11 0 14 18 1 37136 8436 1.8 16 8 3 9 80% 216 1807 355 52%
c ^  0.76  7 11 0 14 18 1 37136 8436 1.8 16 8 3 9 80% 216 1807 355 52%
c -  0.77  7 11 0 15 18 1 37605 4080 1.8 16 8 3 9 80% 216 1807 355 52%
c u  0.81  6 12 0 15 20 1 40082 5571 1.9 16 8 3 9 81% 216 1807 355 52%
c v  0.82  6 12 0 15 20 1 40082 5369 1.9 16 8 3 9 81% 216 1807 355 52%
c w  0.82  6 12 0 15 20 1 40082 4600 1.9 16 8 3 9 81% 216 1807 355 52%
c x  0.82  6 12 0 15 20 1 40082 4598 1.9 16 8 3 9 81% 216 1783 355 52%
c f  0.82  6 12 0 15 20 1 40082 4598 1.9 16 8 3 9 81% 218 1778 356 53%
c u  0.83  6 12 0 15 20 1 40082 4559 1.9 16 8 3 9 81% 218 1778 356 53%
c v  0.83  6 12 0 15 20 1 40082 4298 1.9 16 8 3 9 81% 218 1778 356 53%
c w  0.84  6 12 0 15 20 1 40082 4170 1.9 16 8 3 9 81% 218 1778 356 53%
c x  0.84  6 12 0 15 20 1 40082 4170 1.9 16 8 3 9 81% 218 1775 356 53%
c -  0.89  6 12 0 16 21 1 41477 4004 1.8 16 8 3 9 81% 218 1775 356 53%
c W  0.91  6 12 0 16 21 1 43079 5131 1.8 16 9 3 9 81% 218 1775 356 53%
c -  0.96  6 12 0 17 22 1 45477 5308 1.8 16 9 3 9 82% 218 1775 356 53%
c -  1.03  6 12 0 18 25 1 49600 6180 1.8 15 9 3 9 82% 218 1775 356 53%
c
c seconds  switched  rate        size/glue tier1   binary      remaining
c        MB  reductions conflicts      size  tier2   irredundant
c         level  restarts   redundant    glue   trail      variables
c
c -  1.11  6 11 0 19 28 1 53842 6448 1.8 15 9 3 8 83% 218 1775 356 53%
c I  1.18  6 11 0 19 29 1 57983 9331 1.8 15 8 3 8 83% 221 1775 356 53%
c o  1.18  6 11 0 19 29 1 57983 9331 1.8 15 8 3 8 83% 221 1775 356 53%
c -  1.19  6 11 0 20 29 1 58200 7276 1.8 15 8 3 8 83% 221 1775 356 53%
c u  1.27  7 11 0 20 29 1 61845 9141 1.8 15 8 3 8 83% 221 1775 356 53%
c v  1.28  7 11 0 20 29 1 61845 7317 1.8 15 8 3 8 83% 221 1775 356 53%
c w  1.29  7 11 0 20 29 1 61845 6482 1.8 15 8 3 8 83% 221 1775 356 53%
c t  1.29  7 11 0 20 29 1 61845 6482 1.8 15 8 3 8 83% 220 1775 356 53%
c -  1.30  7 11 0 21 29 1 62672 5483 1.8 15 8 3 8 83% 220 1775 356 53%
c -  1.39  6 11 0 22 30 1 67254 6385 1.8 15 8 3 8 84% 222 1775 356 53%
c -  1.46  7 11 0 23 30 1 71944 7453 1.8 15 8 2 8 84% 225 1775 356 53%
c i  1.52  7 11 0 23 30 1 74750 8928 1.8 15 8 2 8 84% 231 1775 355 52%
c B  1.54  7 11 0 23 30 1 75785 9660 1.8 15 8 2 8 84% 231 1775 355 52%
c -  1.56  7 11 0 24 30 1 76740 4477 1.8 15 8 2 8 84% 219 1775 355 52%
c s  1.59  7 11 0 24 30 1 78199 5451 1.8 15 8 2 8 84% 219 1704 355 52%
c e  1.59  7 11 0 24 30 1 78199 5451 1.8 15 8 2 8 84% 158 1806 317 47%
c s  1.59  7 11 0 24 30 1 78199 5451 1.8 15 8 2 8 84% 158 1778 317 47%
c e  1.59  7 11 0 24 30 1 78199 5451 1.8 15 8 2 8 84% 152 1790 314 46%
c ^  1.59  7 11 0 24 30 1 78199 5451 1.8 15 8 2 8 84% 152 1790 314 46%
c -  1.66  6 11 0 25 30 1 81638 4485 1.8 15 8 2 8 84% 163 1779 314 46%
c
c seconds  switched  rate        size/glue tier1   binary      remaining
c        MB  reductions conflicts      size  tier2   irredundant
c         level  restarts   redundant    glue   trail      variables
c
c -  1.76  7 11 0 26 34 1 86638 6642 1.8 14 8 2 8 84% 163 1779 314 46%
c d  1.79  7 11 0 26 36 1 88616 7714 1.8 14 8 2 8 84% 155 1778 310 46%
c u  1.80  7 11 0 26 36 1 88616 7350 1.8 14 8 2 8 84% 155 1778 310 46%
c v  1.81  7 11 0 26 36 1 88616 6334 1.8 14 8 2 8 84% 155 1778 310 46%
c w  1.82  7 11 0 26 36 1 88616 5043 1.8 14 8 2 8 84% 155 1778 310 46%
c x  1.82  7 11 0 26 36 1 88616 5040 1.8 14 8 2 8 84% 157 1740 310 46%
c t  1.82  7 11 0 26 36 1 88616 5040 1.8 14 8 2 8 84% 154 1740 310 46%
c f  1.82  7 11 0 26 36 1 88616 5040 1.8 14 8 2 8 84% 154 1735 311 46%
c u  1.83  6 11 0 26 36 1 88616 4793 1.8 14 8 2 8 84% 155 1735 311 46%
c v  1.84  6 11 0 26 36 1 88616 4511 1.8 14 8 2 8 84% 155 1735 311 46%
c w  1.85  6 11 0 26 36 1 88616 4235 1.8 14 8 2 8 84% 155 1735 311 46%
c x  1.85  6 11 0 26 36 1 88616 4235 1.8 14 8 2 8 84% 155 1732 311 46%
c =  1.91  6 11 0 26 36 1 88616 4235 1.8 14 8 2 8 84% 159 1722 309 46%
c d  1.91  6 11 0 26 36 1 88616 4118 1.8 14 8 2 8 84% 154 1722 309 46%
c o  1.91  6 11 0 26 36 1 88616 4118 1.8 14 8 2 8 84% 154 1722 309 46%
c -  1.96  6 11 0 27 37 1 91739 5289 1.8 14 8 2 8 84% 154 1722 309 46%
c W  2.04  6 11 0 27 39 1 96697 8262 1.8 14 8 2 8 85% 155 1722 309 46%
c -  2.05  6 11 0 28 40 1 96936 6975 1.8 14 8 2 7 85% 155 1722 309 46%
c -  2.15  6 10 0 29 43 1 102227 8415 1.8 14 8 2 7 85% 156 1722 309 46%
c i  2.17  6 10 0 29 44 1 103329 8916 1.8 14 8 2 7 85% 163 1722 308 45%
c
c seconds  switched  rate          size/glue tier1   binary      remaining
c        MB  reductions conflicts        size  tier2   irredundant
c         level  restarts     redundant    glue   trail      variables
c
c i  2.25  7 10 0 29 45 1 107416 11115 1.8 14 8 2 7 85% 173 1722 307 45%
c -  2.25  7 10 0 30 45 1 107613 4132 1.8 14 8 2 7 85% 161 1722 307 45%
c i  2.29  7 10 0 30 45 1 109779 5084 1.8 14 8 2 7 85% 173 1722 301 44%
c i  2.32  7 10 0 30 45 1 111453 6124 1.8 14 8 2 7 85% 179 1722 291 43%
c i  2.33  7 10 0 30 45 1 112060 6434 1.8 14 8 2 7 85% 188 1722 262 39%
c i  2.33  7 10 0 30 45 1 112105 6442 1.8 14 8 2 7 85% 192 1722 259 38%
c i  2.34  7 10 0 30 45 1 112203 6479 1.8 14 8 2 7 85% 199 1722 258 38%
c i  2.34  7 10 0 30 45 1 112223 6489 1.8 14 8 2 7 85% 201 1722 257 38%
c i  2.34  7 10 0 30 45 1 112237 6489 1.8 14 8 2 7 85% 205 1722 235 35%
c ]  2.34  7 10 0 30 45 1 112241 6490 1.8 14 8 2 7 85% 206 1722 110 16%
c 0  2.34  7 0 0 30 45 0 112241 6490 0.0 0 0 2 6 0% 206 1722 110 16%
c
c ---- [ result ] ------------------------------------------------------------
c
s UNSATISFIABLE
c
c ---- [ profiling ] ---------------------------------------------------------
c
c           1.96   84.03 %  search
c           1.96   84.03 %  stable
c           0.36   15.37 %  probe
c           0.35   14.94 %  simplify
c           0.18    7.91 %  sweep
c           0.16    6.72 %  vivify
c           0.02    1.00 %  preprocess
c           0.02    0.94 %  reduce
c           0.01    0.35 %  eliminate
c           0.01    0.33 %  substitute
c           0.00    0.21 %  walking
c           0.00    0.20 %  factor
c           0.00    0.15 %  congruence
c           0.00    0.06 %  subsume
c           0.00    0.04 %  transitive
c           0.00    0.02 %  backbone
c           0.00    0.02 %  parse
c           0.00    0.02 %  lucky
c =============================================
c           2.34  100.00 %  total
c
c ---- [ statistics ] --------------------------------------------------------
c
c conflicts:                           112241            47999.31 per second
c congruent:                               27                4 %  variables
c decisions:                           123781                1.10 per conflict
c eliminated:                             337               50 %  variables
c factored:                                34                5 %  variables
c iterations:                              11                2 %  variables
c propagations:                      13535001          5788176    per second
c reductions:                              30             3741    interval
c reordered:                                4            28060    interval
c rephased:                                11            10204    interval
c restarts:                                45             2494    interval
c strengthened:                           149                0 %  checks
c substituted:                             61                9 %  variables
c subsumed:                               111                0 %  checks
c switched:                                 0                0    interval
c vivified:                             14464               46 %  checks
c walks:                                    4            28060    interval
c
c ---- [ glue usage ] --------------------------------------------------------
c
c stable glue 2   used 188787 clauses 21.95% accumulated 56.46% tier1
c stable glue 3   used 119070 clauses 13.85% accumulated 70.31%
c stable glue 4-5 used 115104 clauses 13.38% accumulated 83.69%
c stable glue 6   used  34938 clauses  4.06% accumulated 87.76%
c stable glue 7   used  29906 clauses  3.48% accumulated 91.23% tier2
c
c ---- [ resources ] ---------------------------------------------------------
c
c maximum-resident-set-size:        386809856 bytes        369 MB
c process-time:                             2s               2.34 seconds
c
c ---- [ shutting down ] -----------------------------------------------------
c
c exit 20
