c ---- [ banner ] ------------------------------------------------------------
c
c Kissat SAT Solver
c 
c Copyright (c) 2021-2024 Armin Biere University of Freiburg
c Copyright (c) 2019-2021 Armin Biere Johannes Kepler University Linz
c 
c Version 4.0.4 8af8e56f174b778aef3aa45af9f739b2a5f492c2
c gcc (GCC) 15.2.1 20260123 (Red Hat 15.2.1-7) -W -Wall -O3 -DNDEBUG
c Thu Apr 23 06:47:51 PM IST 2026 Linux krishnendu-LN 6.19.12-200.fc43.x86_64 x86_64
c
c ---- [ parsing ] -----------------------------------------------------------
c
c opened and reading DIMACS file:
c
c   /home/krishnendu/Research/fv-invariant-mining/data/circuits/cnf/miter_mult_10bit.cnf
c
c parsed 'p cnf 1113 4205' header
c closing input after reading 64864 bytes (63 KB)
c finished parsing after 0.00 seconds
c
c ---- [ options ] -----------------------------------------------------------
c
c --decay=130                      (different from default '50')
c --eliminateeffort=1800           (different from default '100')
c --stable=2                       (different from default '1')
c
c ---- [ solving ] -----------------------------------------------------------
c
c seconds switched rate     size/glue tier1  binary       remaining
c        MB reductions conflicts size  tier2   irredundant
c         level restarts redundant glue  trail       variables
c
c *  0.00  3 0 0 0  0 0   0   0 0.0 0 0 0 0 0% 1458 2745 1110 100%
c (  0.00  3 0 0 0  0 0   0   0 0.0 0 0 0 0 0% 1458 2745 1110 100%
c .  0.00  3 0 0 0  0 0   0   0 0.0 0 0 0 0 0% 1454 2745 1110 100%
c c  0.00  3 0 0 0  0 0   0   0 0.0 0 0 0 0 0% 1518 2743 1067 96%
c d  0.00  3 0 0 0  0 0   0   0 0.0 0 0 0 0 0% 1368 2743 1067 96%
c =  0.02  3 0 0 0  0 0   0   0 0.0 0 0 0 0 0% 1372 2736 1064 96%
c d  0.02  3 0 0 0  0 0   0   0 0.0 0 0 0 0 0% 1367 2736 1064 96%
c f  0.02  4 0 0 0  0 0   0   0 0.0 0 0 0 0 0% 1339 2718 1086 98%
c )  0.02  4 0 0 0  0 0   0   0 0.0 0 0 0 0 0% 1339 2718 1086 98%
c [  0.02  4 0 0 0  0 0   0   0 0.0 0 0 2 6 0% 1339 2718 1086 98%
c -  0.04  4 15 0 1  0 1 1002 816 4.3 34 8 3 10 89% 1345 2718 1086 98%
c B  0.04  4 15 0 1  0 1 1002 816 4.3 34 8 3 10 89% 1345 2718 1086 98%
c -  0.07  4 16 0 2  1 1 2002 1424 2.9 29 10 3 12 87% 1348 2718 1086 98%
c W  0.07  4 16 0 2  1 1 2004 1426 2.9 29 10 3 12 87% 1348 2718 1086 98%
c u  0.11  4 17 0 2  2 1 3373 2280 2.3 27 12 3 12 89% 1352 2718 1086 98%
c v  0.12  4 17 0 2  2 1 3373 2155 2.3 27 12 3 12 89% 1352 2718 1086 98%
c w  0.12  5 17 0 2  2 1 3373 2006 2.3 27 12 3 12 89% 1352 2718 1086 98%
c x  0.12  5 17 0 2  2 1 3373 2006 2.3 27 12 3 12 89% 1366 2675 1086 98%
c =  0.14  5 17 0 2  2 1 3373 2006 2.3 27 12 3 12 89% 1396 2668 1071 96%
c d  0.14  5 17 0 2  2 1 3373 2006 2.3 27 12 3 12 89% 1351 2668 1071 96%
c
c seconds  switched rate       size/glue  tier1     binary       remaining
c        MB reductions conflicts     size   tier2     irredundant
c         level restarts  redundant     glue    trail       variables
c
c t  0.14  5 17 0 2  2 1 3373 2006 2.3 27 12 3 12 89% 1343 2668 1071 96%
c f  0.14  5 17 0 2  2 1 3373 2006 2.3 27 12 3 12 89% 1339 2668 1075 97%
c u  0.14  5 17 0 2  2 1 3373 1995 2.3 27 12 3 12 89% 1339 2668 1075 97%
c v  0.15  5 17 0 2  2 1 3373 1929 2.3 27 12 3 12 89% 1339 2668 1075 97%
c w  0.15  5 17 0 2  2 1 3373 1824 2.3 27 12 3 12 89% 1339 2668 1075 97%
c =  0.17  5 17 0 2  2 1 3373 1824 2.3 27 12 3 12 89% 1343 2668 1073 96%
c d  0.17  5 17 0 2  2 1 3373 1824 2.3 27 12 3 12 89% 1337 2668 1073 96%
c -  0.18  5 17 0 3  2 1 3417 1398 2.3 27 12 3 13 89% 1337 2668 1073 96%
c I  0.19  5 17 0 3  3 1 4263 2121 2.2 26 12 4 13 88% 1338 2668 1073 96%
c -  0.21  5 17 0 4  3 1 5149 2296 2.2 26 12 4 13 88% 1338 2668 1073 96%
c -  0.24  5 17 0 5  5 1 7149 3182 2.1 25 12 5 13 88% 1339 2668 1073 96%
c B  0.26  5 17 0 5  5 1 8035 3922 2.1 25 12 5 13 88% 1339 2668 1073 96%
c -  0.29  6 17 0 6  6 1 9386 3924 2.1 24 12 5 13 89% 1340 2668 1073 96%
c u  0.31  5 16 0 6  6 1 10398 4661 2.0 24 12 5 13 89% 1348 2668 1073 96%
c v  0.32  5 16 0 6  6 1 10398 4514 2.0 24 12 5 13 89% 1348 2668 1073 96%
c w  0.32  5 16 0 6  6 1 10398 4498 2.0 24 12 5 13 89% 1348 2668 1073 96%
c =  0.33  5 16 0 6  6 1 10398 4498 2.0 24 12 5 13 89% 1360 2664 1067 96%
c d  0.33  5 16 0 6  6 1 10398 4497 2.0 24 12 5 13 89% 1343 2664 1067 96%
c t  0.33  5 16 0 6  6 1 10398 4497 2.0 24 12 5 13 89% 1342 2664 1067 96%
c u  0.33  5 16 0 6  6 1 10398 4488 2.0 24 12 5 13 89% 1343 2664 1067 96%
c
c seconds  switched rate        size/glue  tier1     binary       remaining
c        MB reductions conflicts      size   tier2     irredundant
c         level restarts   redundant     glue    trail       variables
c
c v  0.33  5 16 0 6  6 1 10398 4437 2.0 24 12 5 13 89% 1343 2664 1067 96%
c w  0.34  5 16 0 6  6 1 10398 4429 2.0 24 12 5 13 89% 1343 2664 1067 96%
c x  0.34  5 16 0 6  6 1 10398 4429 2.0 24 12 5 13 89% 1343 2655 1067 96%
c o  0.36  5 16 0 6  6 1 10398 4429 2.0 24 12 5 13 89% 1343 2655 1067 96%
c -  0.38  5 16 0 7  6 1 11836 4344 2.0 24 12 5 13 89% 1345 2655 1067 96%
c W  0.42  5 16 0 7  8 1 13565 5875 2.0 23 12 5 13 88% 1346 2655 1067 96%
c -  0.44  5 16 0 8  8 1 14481 5061 2.0 23 12 4 13 88% 1347 2655 1067 96%
c e  0.49  5 16 0 8 10 1 16853 6846 1.9 23 12 4 13 88% 359 3248 652 59%
c s  0.49  5 16 0 8 10 1 16853 6846 1.9 23 12 4 13 88% 364 3173 652 59%
c e  0.49  5 16 0 8 10 1 16853 6846 1.9 23 12 4 13 88% 363 3174 650 58%
c ^  0.49  5 16 0 8 10 1 16853 6846 1.9 23 12 4 13 88% 363 3174 650 58%
c -  0.50  5 16 0 9 10 1 17312 2007 1.9 23 12 4 12 88% 363 3174 650 58%
c -  0.56  5 16 0 10 12 1 20313 3087 1.9 22 12 4 12 88% 365 3174 650 58%
c O  0.57  5 16 0 10 13 1 21093 3665 1.9 22 12 4 12 88% 366 3174 650 58%
c o  0.57  5 16 0 10 13 1 21093 3665 1.9 22 12 4 12 88% 366 3174 650 58%
c u  0.58  5 16 0 10 13 1 21311 3671 1.9 22 12 4 12 88% 366 3174 650 58%
c v  0.58  5 16 0 10 13 1 21311 3502 1.9 22 12 4 12 88% 366 3174 650 58%
c w  0.59  5 16 0 10 13 1 21311 2837 1.9 22 12 4 12 88% 366 3174 650 58%
c t  0.59  5 16 0 10 13 1 21311 2837 1.9 22 12 4 12 88% 364 3174 650 58%
c f  0.59  5 16 0 10 13 1 21311 2837 1.9 22 12 4 12 88% 424 3047 682 61%
c
c seconds  switched  rate        size/glue  tier1    binary      remaining
c        MB  reductions conflicts      size   tier2    irredundant
c         level  restarts   redundant     glue    trail      variables
c
c u  0.60  5 16 0 10 13 1 21311 2823 1.9 22 12 4 12 88% 424 3047 682 61%
c v  0.60  5 16 0 10 13 1 21311 2772 1.9 22 12 4 12 88% 424 3047 682 61%
c w  0.61  5 16 0 10 13 1 21311 2349 1.9 22 12 4 12 88% 424 3047 682 61%
c -  0.70  6 16 0 11 13 1 23475 2723 1.9 22 12 3 12 88% 424 3047 682 61%
c -  0.79  6 16 0 12 14 1 26791 3824 1.9 23 12 3 12 89% 427 3047 682 61%
c -  0.87  6 16 0 13 14 1 30257 4939 2.0 23 12 3 12 88% 427 3047 682 61%
c B  0.89  6 16 0 13 14 1 30854 5367 2.0 23 12 3 12 88% 427 3047 682 61%
c -  0.94  6 16 0 14 15 1 33862 5900 2.0 23 12 3 12 88% 429 3046 682 61%
c s  0.95  6 16 0 14 16 1 34085 6081 2.0 23 12 3 12 88% 429 3042 682 61%
c e  0.95  6 16 0 14 16 1 34085 6081 2.0 23 12 3 12 88% 362 3160 622 56%
c s  0.95  6 16 0 14 16 1 34085 6081 2.0 23 12 3 12 88% 365 3097 622 56%
c e  0.95  6 16 0 14 16 1 34085 6081 2.0 23 12 3 12 88% 360 3103 620 56%
c ^  0.95  6 16 0 14 16 1 34085 6081 2.0 23 12 3 12 88% 360 3103 620 56%
c u  1.00  6 16 0 14 17 1 36696 5923 1.9 23 12 3 12 88% 363 3103 620 56%
c v  1.00  7 16 0 14 17 1 36696 5585 1.9 23 12 3 12 88% 363 3103 620 56%
c w  1.01  7 16 0 14 17 1 36696 5576 1.9 23 12 3 12 88% 363 3103 620 56%
c x  1.01  6 16 0 14 17 1 36696 5575 1.9 23 12 3 12 88% 366 2991 620 56%
c t  1.01  6 16 0 14 17 1 36696 5575 1.9 23 12 3 12 88% 362 2991 620 56%
c f  1.02  6 16 0 14 17 1 36696 5575 1.9 23 12 3 12 88% 363 2987 621 56%
c u  1.02  6 16 0 14 17 1 36696 5560 1.9 23 12 3 12 88% 363 2987 621 56%
c
c seconds  switched  rate        size/glue  tier1    binary      remaining
c        MB  reductions conflicts      size   tier2    irredundant
c         level  restarts   redundant     glue    trail      variables
c
c v  1.02  7 16 0 14 17 1 36696 5450 1.9 23 12 3 12 88% 363 2987 621 56%
c w  1.04  7 16 0 14 17 1 36696 4619 1.9 23 12 3 12 88% 363 2987 621 56%
c -  1.05  6 16 0 15 18 1 37604 4076 1.9 23 12 3 12 88% 363 2987 621 56%
c o  1.12  6 16 0 15 21 1 41256 6712 1.9 22 12 3 12 88% 363 2987 621 56%
c -  1.13  6 16 0 16 21 1 41476 5185 1.9 22 12 3 12 88% 363 2987 621 56%
c W  1.15  6 16 0 16 21 1 43076 6409 1.9 22 12 3 12 88% 363 2987 621 56%
c -  1.19  6 16 0 17 22 1 45476 6046 1.9 22 12 3 12 89% 363 2987 621 56%
c -  1.25  6 16 0 18 25 1 49599 6546 1.9 22 12 3 12 89% 363 2987 621 56%
c -  1.33  6 16 0 19 28 1 53842 7111 1.8 22 12 3 12 89% 363 2987 621 56%
c u  1.38  7 16 0 19 28 1 56622 9060 1.8 22 12 3 12 89% 363 2987 621 56%
c v  1.39  7 16 0 19 28 1 56622 8857 1.8 22 12 3 12 89% 363 2987 621 56%
c w  1.40  7 16 0 19 28 1 56622 6921 1.8 22 12 3 12 89% 363 2987 621 56%
c x  1.40  7 16 0 19 28 1 56622 6921 1.8 22 12 3 12 89% 365 2974 621 56%
c t  1.44  7 16 0 19 28 1 56622 6921 1.8 22 12 3 12 89% 364 2974 621 56%
c I  1.46  7 16 0 19 29 1 57982 7871 1.8 21 12 3 12 89% 364 2974 621 56%
c -  1.47  7 16 0 20 29 1 58201 5537 1.8 21 12 3 12 89% 364 2974 621 56%
c -  1.55  7 16 0 21 29 1 62675 6675 1.8 21 12 3 11 88% 364 2974 621 56%
c -  1.63  7 16 0 22 30 1 67257 7543 1.8 21 12 3 11 88% 364 2974 621 56%
c e  1.72  7 16 0 22 30 1 71573 10647 1.8 21 12 3 11 88% 242 3238 537 48%
c s  1.72  7 16 0 22 30 1 71573 10647 1.8 21 12 3 11 88% 243 3205 537 48%
c
c seconds  switched  rate         size/glue  tier1    binary      remaining
c        MB  reductions conflicts       size   tier2    irredundant
c         level  restarts    redundant     glue    trail      variables
c
c e  1.72  7 16 0 22 30 1 71573 10647 1.8 21 12 3 11 88% 235 3219 532 48%
c ^  1.72  7 16 0 22 30 1 71573 10647 1.8 21 12 3 11 88% 235 3219 532 48%
c o  1.72  7 16 0 22 30 1 71573 5064 1.8 21 12 3 11 88% 235 3219 532 48%
c -  1.73  6 16 0 23 30 1 71948 3911 1.8 21 12 3 11 88% 235 3219 532 48%
c B  1.78  7 15 0 23 30 1 75784 6641 1.8 21 12 3 11 88% 235 3219 532 48%
c -  1.80  7 15 0 24 30 1 76743 5806 1.8 21 12 3 11 88% 235 3219 532 48%
c u  1.88  6 16 0 24 30 1 81154 9471 1.8 21 12 3 11 87% 238 3218 532 48%
c v  1.89  7 16 0 24 30 1 81154 9027 1.8 21 12 3 11 87% 238 3218 532 48%
c w  1.90  8 16 0 24 30 1 81154 9001 1.8 21 12 3 11 87% 238 3218 532 48%
c t  1.90  8 16 0 24 30 1 81154 9001 1.8 21 12 3 11 87% 237 3218 532 48%
c f  1.90  6 16 0 24 30 1 81154 9001 1.8 21 12 3 11 87% 240 3203 534 48%
c u  1.90  7 16 0 24 30 1 81154 8969 1.8 21 12 3 11 87% 240 3203 534 48%
c v  1.92  7 16 0 24 30 1 81154 8568 1.8 21 12 3 11 87% 240 3203 534 48%
c w  1.92  7 16 0 24 30 1 81154 8550 1.8 21 12 3 11 87% 240 3203 534 48%
c -  1.94  7 16 0 25 30 1 81641 5844 1.7 21 12 3 11 87% 240 3203 534 48%
c -  2.04  7 16 0 26 34 1 86641 5603 1.7 21 12 3 11 88% 240 3203 534 48%
c -  2.15  7 16 0 27 37 1 91740 6061 1.7 21 12 3 11 88% 240 3203 534 48%
c W  2.27  6 16 0 27 39 1 96696 9646 1.7 21 12 3 11 88% 240 3203 534 48%
c -  2.28  6 16 0 28 40 1 96936 6713 1.7 21 12 3 11 88% 240 3203 534 48%
c -  2.40  6 16 0 29 43 1 102228 6996 1.7 21 12 3 11 88% 240 3203 534 48%
c
c seconds  switched  rate         size/glue  tier1    binary      remaining
c        MB  reductions conflicts       size   tier2    irredundant
c         level  restarts    redundant     glue    trail      variables
c
c -  2.52  6 16 0 30 45 1 107613 7232 1.7 21 12 3 11 88% 240 3203 534 48%
c u  2.58  7 16 0 30 45 1 110301 8955 1.7 21 12 3 11 88% 240 3203 534 48%
c v  2.60  7 16 0 30 45 1 110301 8484 1.7 21 12 3 11 88% 240 3203 534 48%
c w  2.61  7 16 0 30 45 1 110301 7630 1.7 21 12 3 11 88% 240 3203 534 48%
c x  2.61  7 16 0 30 45 1 110301 7629 1.7 21 12 3 11 88% 241 3146 534 48%
c t  2.61  7 16 0 30 45 1 110301 7629 1.7 21 12 3 11 88% 240 3146 534 48%
c -  2.67  7 16 0 31 45 1 113090 6714 1.7 21 12 3 11 88% 241 3146 534 48%
c -  2.80  7 15 0 32 48 1 118658 7462 1.7 21 12 3 11 87% 241 3146 534 48%
c O  2.86  7 15 0 32 50 1 120922 8994 1.7 21 12 3 11 87% 241 3146 534 48%
c o  2.86  7 15 0 32 50 1 120922 8994 1.7 21 12 3 11 87% 241 3146 534 48%
c -  2.95  7 15 0 33 52 1 124315 7173 1.7 21 12 3 10 87% 241 3146 534 48%
c -  3.09  7 15 0 34 55 1 130061 7021 1.7 21 12 3 10 88% 241 3146 534 48%
c e  3.14  7 15 0 34 56 1 131981 8424 1.7 21 12 3 10 88% 161 3409 478 43%
c s  3.14  7 15 0 34 56 1 131981 8424 1.7 21 12 3 10 88% 163 3336 478 43%
c e  3.14  7 15 0 34 56 1 131981 8424 1.7 21 12 3 10 88% 162 3337 477 43%
c ^  3.14  7 15 0 34 56 1 131981 8424 1.7 21 12 3 10 88% 162 3337 477 43%
c -  3.20  6 15 0 35 58 1 135891 5895 1.7 21 12 3 10 88% 162 3337 477 43%
c -  3.31  7 16 0 36 60 1 141807 6931 1.7 21 12 3 10 88% 162 3337 477 43%
c u  3.37  7 16 0 36 60 1 144457 8614 1.7 21 12 3 10 88% 162 3337 477 43%
c v  3.40  7 16 0 36 60 1 144457 7667 1.7 21 12 3 10 88% 162 3337 477 43%
c
c seconds  switched  rate         size/glue  tier1    binary      remaining
c        MB  reductions conflicts       size   tier2    irredundant
c         level  restarts    redundant     glue    trail      variables
c
c w  3.41  8 16 0 36 60 1 144457 7444 1.7 21 12 3 10 88% 162 3337 477 43%
c =  3.49  8 16 0 36 60 1 144457 7444 1.7 21 12 3 10 88% 166 3335 475 43%
c d  3.49  8 16 0 36 60 1 144457 7444 1.7 21 12 3 10 88% 162 3335 475 43%
c f  3.49  6 16 0 36 60 1 144457 7444 1.7 21 12 3 10 88% 165 3323 476 43%
c u  3.50  7 16 0 36 60 1 144457 7376 1.7 21 12 3 10 88% 165 3323 476 43%
c v  3.52  7 16 0 36 60 1 144457 6945 1.7 21 12 3 10 88% 165 3323 476 43%
c w  3.52  7 16 0 36 60 1 144457 6562 1.7 21 12 3 10 88% 165 3323 476 43%
c x  3.53  6 16 0 36 60 1 144457 6557 1.7 21 12 3 10 88% 166 3250 476 43%
c -  3.59  7 16 0 37 60 1 147807 6267 1.7 21 12 3 10 88% 166 3250 476 43%
c B  3.60  7 16 0 37 61 1 148662 7044 1.7 21 12 3 10 88% 166 3250 476 43%
c -  3.70  7 16 0 38 61 1 153891 7304 1.7 21 12 3 10 88% 167 3250 476 43%
c -  3.85  7 16 0 39 61 1 160055 7314 1.7 21 12 3 10 87% 167 3250 476 43%
c -  4.00  7 16 0 40 62 1 166300 7908 1.7 21 12 3 10 87% 167 3250 476 43%
c -  4.15  7 16 0 41 62 1 172625 8519 1.7 21 12 3 10 88% 167 3250 476 43%
c -  4.30  7 16 0 42 62 1 179028 9227 1.7 21 12 3 10 87% 168 3250 476 43%
c W  4.33  6 16 0 42 62 1 180114 10008 1.7 21 12 3 10 87% 168 3250 476 43%
c o  4.33  6 16 0 42 62 1 180114 10008 1.7 21 12 3 10 87% 168 3250 476 43%
c u  4.42  8 16 0 42 62 1 183591 11961 1.7 21 12 3 10 88% 170 3250 476 43%
c v  4.44  8 16 0 42 62 1 183591 11687 1.7 21 12 3 10 88% 170 3250 476 43%
c w  4.45  9 16 0 42 62 1 183591 11102 1.7 21 12 3 10 88% 170 3250 476 43%
c
c seconds  switched  rate          size/glue  tier1    binary      remaining
c        MB  reductions conflicts        size   tier2    irredundant
c         level  restarts     redundant     glue    trail      variables
c
c x  4.45  7 16 0 42 62 1 183591 11102 1.7 21 12 3 10 88% 171 3230 476 43%
c -  4.60  6 16 0 43 62 1 185509 8299 1.7 21 12 2 10 88% 171 3230 476 43%
c -  4.75  6 16 0 44 62 1 192068 8594 1.7 21 12 2 10 88% 171 3230 476 43%
c -  4.90  6 15 0 45 64 1 198702 9162 1.7 21 12 2 10 88% 171 3230 476 43%
c -  5.07  6 15 0 46 68 1 205410 8706 1.7 21 12 2 9 88% 171 3230 476 43%
c -  5.23  6 15 0 47 72 1 212192 8882 1.7 21 12 2 9 88% 171 3230 476 43%
c I  5.30  6 15 0 47 74 1 215465 10922 1.7 21 12 2 9 88% 171 3230 476 43%
c s  5.34  6 15 0 47 75 1 217637 12618 1.7 21 12 2 9 88% 171 3229 476 43%
c e  5.34  6 15 0 47 75 1 217637 12618 1.7 21 12 2 9 88% 123 3646 411 37%
c s  5.34  6 15 0 47 75 1 217637 12618 1.7 21 12 2 9 88% 123 3544 411 37%
c e  5.34  6 15 0 47 75 1 217637 12618 1.7 21 12 2 9 88% 114 3582 405 36%
c ^  5.34  6 15 0 47 75 1 217637 12618 1.7 21 12 2 9 88% 114 3582 405 36%
c -  5.37  5 15 0 48 76 1 219047 4344 1.7 21 12 2 9 88% 114 3582 405 36%
c -  5.50  6 15 0 49 77 1 225975 5483 1.7 20 12 2 9 88% 114 3582 405 36%
c u  5.54  6 15 0 49 77 1 227921 6483 1.7 20 12 2 9 88% 114 3582 405 36%
c v  5.56  6 15 0 49 77 1 227921 5785 1.7 20 12 2 9 88% 114 3582 405 36%
c w  5.59  6 15 0 49 77 1 227921 4592 1.7 20 12 2 9 88% 114 3582 405 36%
c -  5.68  5 15 0 50 80 1 232975 5083 1.7 20 12 2 9 88% 114 3582 405 36%
c -  5.81  6 15 0 51 84 1 240046 6204 1.7 20 12 2 9 88% 114 3582 405 36%
c -  5.95  6 15 0 52 88 1 247188 6844 1.7 20 12 2 9 88% 114 3582 405 36%
c
c seconds  switched  rate         size/glue  tier1   binary      remaining
c        MB  reductions conflicts       size   tier2   irredundant
c         level  restarts    redundant     glue   trail      variables
c
c -  6.08  6 15 0 53 91 1 254399 7365 1.7 20 12 2 9 88% 114 3582 405 36%
c B  6.09  6 15 0 53 91 1 254906 7725 1.7 20 12 2 9 88% 114 3582 405 36%
c o  6.09  6 15 0 53 91 1 254906 7725 1.7 20 12 2 9 88% 114 3582 405 36%
c -  6.21  6 15 0 54 92 1 261679 7980 1.7 20 12 2 9 87% 114 3582 405 36%
c -  6.37  6 15 0 55 93 1 269028 8073 1.7 20 12 2 9 87% 114 3582 405 36%
c -  6.54  6 15 0 56 93 1 276444 8545 1.7 20 12 2 9 87% 114 3582 405 36%
c u  6.56  6 15 0 56 93 1 276885 8398 1.7 20 12 2 9 87% 115 3582 405 36%
c v  6.58  6 15 0 56 93 1 276885 7618 1.7 20 12 2 9 87% 115 3582 405 36%
c w  6.59  6 15 0 56 93 1 276885 7372 1.7 20 12 2 9 87% 115 3582 405 36%
c x  6.59  6 15 0 56 93 1 276885 7368 1.7 20 12 2 9 87% 115 3465 405 36%
c -  6.75  6 15 0 57 96 1 283927 7519 1.7 20 12 2 9 87% 115 3465 405 36%
c -  6.94  6 15 0 58 100 1 291476 7191 1.7 20 12 2 9 87% 115 3465 405 36%
c W  7.10  6 15 0 58 106 1 298617 11766 1.6 19 12 2 9 88% 115 3465 405 36%
c -  7.11  6 15 0 59 106 1 299091 8117 1.6 19 12 2 9 88% 115 3465 405 36%
c -  7.28  6 15 0 60 108 1 306773 8176 1.6 19 12 2 9 88% 115 3465 405 36%
c -  7.44  7 15 0 61 110 1 314518 7889 1.6 19 12 2 9 88% 115 3465 405 36%
c -  7.62  7 15 0 62 115 1 322328 8498 1.6 19 12 2 9 88% 115 3465 405 36%
c s  7.80  7 15 0 62 119 1 330002 13034 1.6 19 12 2 9 88% 115 3461 405 36%
c e  7.80  7 15 0 62 119 1 330002 13034 1.6 19 12 2 9 88%  66 4279 340 31%
c s  7.80  7 15 0 62 119 1 330002 13034 1.6 19 12 2 9 88%  66 3956 340 31%
c
c seconds  switched   rate          size/glue  tier1   binary      remaining
c        MB  reductions conflicts         size   tier2   irredundant
c         level  restarts      redundant     glue   trail      variables
c
c e  7.80  7 15 0 62 119 1 330002 13034 1.6 19 12 2 9 88%  59 4031 334 30%
c !  7.80  7 15 0 62 119 1 330002 13034 1.6 19 12 2 9 88%  59 4031 334 30%
c o  7.81  7 15 0 62 119 1 330002 5898 1.6 19 12 2 9 88%  59 4031 334 30%
c -  7.81  6 15 0 63 119 1 330202 4317 1.6 19 12 2 9 88%  59 4031 334 30%
c u  7.84  6 15 0 63 121 1 331437 4466 1.6 19 12 2 9 88%  59 4031 334 30%
c v  7.86  6 15 0 63 121 1 331437 3936 1.6 19 12 2 9 88%  59 4031 334 30%
c w  7.87  6 15 0 63 121 1 331437 3179 1.6 19 12 2 9 88%  59 4031 334 30%
c x  7.87  6 15 0 63 121 1 331437 3174 1.6 19 12 2 9 88%  59 3842 334 30%
c -  8.10  6 15 0 64 123 1 338139 4351 1.6 19 12 2 9 88%  59 3842 334 30%
c -  8.25  7 14 0 65 124 1 346139 5680 1.6 19 12 2 9 88%  59 3842 334 30%
c O  8.26  7 14 0 65 124 1 346778 6163 1.6 19 12 2 9 88%  59 3842 334 30%
c -  8.42  7 14 0 66 124 1 354202 6474 1.6 19 12 2 9 88%  59 3842 334 30%
c -  8.59  7 14 0 67 125 1 362327 6350 1.6 19 12 2 9 89%  59 3842 334 30%
c -  8.77  7 14 0 68 125 1 370513 7146 1.6 19 12 2 9 89%  59 3842 334 30%
c -  8.95  7 14 0 69 125 1 378761 8049 1.6 19 12 2 9 89%  59 3842 334 30%
c -  9.12  7 14 0 70 125 1 387067 8812 1.6 19 11 2 9 89%  60 3840 334 30%
c u  9.20  7 14 0 70 125 1 390624 10116 1.6 19 11 2 9 89%  60 3840 334 30%
c v  9.23  8 14 0 70 125 1 390624 9463 1.6 19 11 2 9 89%  60 3840 334 30%
c w  9.24  8 14 0 70 125 1 390624 7551 1.6 19 11 2 9 89%  60 3840 334 30%
c x  9.25  8 14 0 70 125 1 390624 7546 1.6 19 11 2 9 89%  60 3813 334 30%
c
c seconds  switched   rate         size/glue  tier1   binary      remaining
c        MB  reductions conflicts        size   tier2   irredundant
c         level  restarts     redundant     glue   trail      variables
c
c -  9.34  7 14 0 71 126 1 395434 7254 1.6 19 11 2 9 89%  60 3813 334 30%
c B  9.42  7 14 0 71 126 1 399565 9786 1.6 19 11 2 9 89%  60 3813 334 30%
c -  9.51  7 14 0 72 126 1 403860 8377 1.6 19 11 2 9 89%  60 3813 334 30%
c -  9.69  7 14 0 73 126 1 412345 7424 1.7 19 11 2 8 89%  60 3813 334 30%
c -  9.84  7 14 0 74 126 1 420889 7510 1.7 19 11 2 8 89%  60 3813 334 30%
c - 10.00  7 14 0 75 126 1 429492 7463 1.7 19 11 2 8 90%  60 3813 334 30%
c - 10.17  7 14 0 76 126 1 438153 7613 1.6 19 11 2 8 90%  60 3813 334 30%
c - 10.33  7 14 0 77 126 1 446870 8543 1.6 19 11 2 8 90%  60 3813 334 30%
c u 10.53  8 14 0 77 126 1 455347 12330 1.7 19 11 2 8 90%  60 3813 334 30%
c v 10.56  8 14 0 77 126 1 455347 11775 1.7 19 11 2 8 90%  60 3813 334 30%
c w 10.57  8 14 0 77 126 1 455347 10153 1.7 19 11 2 8 90%  60 3813 334 30%
c x 10.58  8 14 0 77 126 1 455347 10151 1.7 19 11 2 8 90%  60 3808 334 30%
c o 10.58  8 14 0 77 126 1 455347 10151 1.7 19 11 2 8 90%  60 3808 334 30%
c - 10.59  7 14 0 78 126 1 455644 7140 1.7 19 11 2 8 90%  60 3808 334 30%
c W 10.62  6 14 0 78 126 1 457150 8155 1.7 19 11 2 8 90%  60 3808 334 30%
c - 10.77  6 14 0 79 129 1 464475 7981 1.6 19 11 2 8 90%  60 3808 334 30%
c e 10.87  6 14 0 79 133 1 469655 11069 1.6 19 11 2 8 90%  56 3888 328 29%
c s 10.87  6 14 0 79 133 1 469655 11069 1.6 19 11 2 8 90%  56 3856 328 29%
c e 10.87  6 14 0 79 133 1 469655 11069 1.6 19 11 2 8 90%  55 3870 327 29%
c - 10.94  7 14 0 80 134 1 473364 7319 1.6 19 11 2 8 90%  55 3870 327 29%
c
c seconds  switched   rate         size/glue  tier1   binary      remaining
c        MB  reductions conflicts        size   tier2   irredundant
c         level  restarts     redundant     glue   trail      variables
c
c - 11.12  7 14 0 81 140 1 482309 7754 1.6 18 11 2 8 90%  55 3870 327 29%
c - 11.29  7 14 0 82 141 1 491309 8524 1.6 18 11 2 8 89%  55 3870 327 29%
c - 11.49  7 14 0 83 147 1 500365 8390 1.6 18 11 2 8 89%  55 3870 327 29%
c - 11.66  7 14 0 84 151 1 509476 8836 1.6 18 11 2 8 89%  55 3870 327 29%
c - 11.89  7 14 0 85 156 1 518642 8999 1.6 18 11 2 8 89%  55 3870 327 29%
c I 11.92  7 14 0 85 156 1 519700 9523 1.6 18 11 2 8 89%  55 3870 327 29%
c u 12.02  8 14 0 85 156 1 525653 12882 1.6 18 11 2 8 89%  55 3870 327 29%
c v 12.06  8 14 0 85 156 1 525653 11246 1.6 18 11 2 8 89%  55 3870 327 29%
c w 12.08  8 14 0 85 156 1 525653 9798 1.6 18 11 2 8 89%  55 3870 327 29%
c - 12.13  7 14 0 86 157 1 527864 6819 1.6 18 11 2 8 89%  55 3870 327 29%
c - 12.27  7 14 0 87 157 1 537139 7088 1.6 18 11 2 8 90%  55 3870 327 29%
c - 12.42  7 14 0 88 160 1 546466 7809 1.6 18 11 2 8 89%  55 3870 327 29%
c - 12.59  8 14 0 89 165 1 555849 8844 1.6 18 11 2 8 89%  55 3870 327 29%
c - 12.75  8 14 0 90 171 1 565282 9052 1.6 18 12 2 8 89%  55 3870 327 29%
c - 12.93  8 14 0 91 172 1 574768 9567 1.6 18 12 2 8 89%  55 3870 327 29%
c - 13.10  7 14 0 92 178 1 584308 9939 1.6 18 12 2 8 89%  55 3870 327 29%
c B 13.15  7 14 0 92 179 1 587383 12278 1.6 18 12 2 8 89%  55 3870 327 29%
c o 13.15  7 14 0 92 179 1 587383 12278 1.6 18 12 2 8 89%  55 3870 327 29%
c - 13.31  8 14 0 93 184 1 593900 9789 1.6 18 12 2 8 89%  55 3870 327 29%
c u 13.51  8 14 0 93 187 1 601418 12533 1.5 18 12 2 8 89%  55 3870 327 29%
c
c seconds  switched   rate          size/glue  tier1   binary      remaining
c        MB  reductions conflicts         size   tier2   irredundant
c         level  restarts      redundant     glue   trail      variables
c
c v 13.54  8 14 0 93 187 1 601418 11762 1.5 18 12 2 8 89%  55 3870 327 29%
c w 13.55  8 14 0 93 187 1 601418 9777 1.5 18 12 2 8 89%  55 3870 327 29%
c x 13.56  8 14 0 93 187 1 601418 9776 1.5 18 12 2 8 89%  55 3813 327 29%
c - 13.77  7 14 0 94 187 1 603543 7863 1.6 18 12 2 8 89%  55 3813 327 29%
c - 13.98  7 14 0 95 188 1 613238 9116 1.6 19 12 2 8 90%  55 3813 327 29%
c - 14.20  8 14 0 96 188 1 622985 9805 1.7 19 11 2 8 90%  55 3813 327 29%
c - 14.44  7 14 0 97 189 1 632784 9531 1.6 19 11 2 8 90%  55 3813 327 29%
c s 14.64  8 14 0 97 189 1 641582 13861 1.6 19 11 2 8 90%  55 3812 327 29%
c - 14.67  8 14 0 98 189 1 642633 9616 1.6 19 11 2 8 90%  55 3812 327 29%
c - 14.89  8 14 0 99 189 1 652533 9923 1.6 19 11 2 8 91%  55 3812 327 29%
c W 15.08  7 14 0 99 191 1 660358 13220 1.6 18 11 2 8 90%  55 3812 327 29%
c - 15.13  7 14 0 100 192 1 662482 9796 1.6 18 11 2 8 90%  55 3812 327 29%
c - 15.37  7 14 0 101 198 1 672484 10731 1.6 18 11 2 8 90%  55 3812 327 29%
c - 15.59  7 13 0 102 203 1 682534 11003 1.6 18 11 2 8 90%  55 3812 327 29%
c u 15.63  7 13 0 102 204 1 683103 10434 1.6 18 11 2 8 90%  55 3812 327 29%
c v 15.67  7 13 0 102 204 1 683103 9347 1.6 18 11 2 8 90%  55 3812 327 29%
c w 15.68  7 13 0 102 204 1 683103 8465 1.6 18 11 2 8 90%  55 3812 327 29%
c x 15.69  7 13 0 102 204 1 683103 8464 1.6 18 11 2 8 90%  55 3807 327 29%
c - 15.90  7 14 0 103 206 1 692634 8769 1.6 18 11 2 8 90%  55 3807 327 29%
c - 16.12  7 14 0 104 211 1 702784 8563 1.6 18 11 2 8 90%  55 3807 327 29%
c
c seconds  switched    rate         size/glue  tier1   binary      remaining
c        MB  reductions  conflicts        size   tier2   irredundant
c         level   restarts     redundant     glue   trail      variables
c
c - 16.34  7 14 0 105 218 1 712982 8693 1.6 18 11 2 8 91%  55 3807 327 29%
c - 16.58  7 13 0 106 219 1 723228 9293 1.6 18 11 2 8 91%  55 3807 327 29%
c - 16.82  7 13 0 107 220 1 733524 10520 1.6 18 11 2 8 91%  55 3807 327 29%
c O 16.94  7 13 0 107 220 1 738786 12798 1.6 18 11 2 8 91%  55 3807 327 29%
c o 16.94  7 13 0 107 220 1 738786 12798 1.6 18 11 2 8 91%  55 3807 327 29%
c - 17.04  7 13 0 108 223 1 743869 11041 1.6 18 11 2 8 91%  55 3807 327 29%
c - 17.26  7 13 0 109 229 1 754261 11399 1.6 18 11 2 8 91%  55 3807 327 29%
c - 17.50  7 13 0 110 234 1 764702 10953 1.6 17 11 2 8 91%  55 3807 327 29%
c u 17.65  7 13 0 110 235 1 770618 13251 1.6 17 11 2 8 91%  55 3807 327 29%
c v 17.71  7 13 0 110 235 1 770618 12040 1.6 17 11 2 8 91%  55 3807 327 29%
c w 17.74  8 13 0 110 235 1 770618 9790 1.6 17 11 2 8 91%  55 3807 327 29%
c - 17.84  8 13 0 111 237 1 775192 8584 1.6 17 11 2 8 91%  55 3807 327 29%
c - 18.04  8 13 0 112 242 1 785727 10899 1.6 17 11 2 8 91%  55 3807 327 29%
c - 18.26  8 13 0 113 249 1 796311 11689 1.6 18 11 2 8 90%  55 3807 327 29%
c - 18.48  8 13 0 114 251 1 806942 12222 1.6 18 11 2 8 90%  55 3807 327 29%
c - 18.70  8 13 0 115 251 1 817620 12940 1.7 18 11 2 8 90%  55 3807 327 29%
c B 18.80  8 13 0 115 251 1 822824 16716 1.7 18 11 2 8 90%  55 3807 327 29%
c - 18.93  8 13 0 116 252 1 828344 13392 1.7 18 11 2 8 90%  55 3807 327 29%
c - 19.18  8 13 0 117 252 1 839114 12041 1.7 18 11 2 7 90%  55 3807 327 29%
c - 19.44  8 13 0 118 252 1 849930 10821 1.7 18 11 2 7 90%  55 3807 327 29%
c
c seconds  switched    rate          size/glue  tier1   binary      remaining
c        MB  reductions  conflicts         size   tier2   irredundant
c         level   restarts      redundant     glue   trail      variables
c
c o 19.55  8 13 0 118 253 1 855761 13911 1.6 18 11 2 7 90%  55 3807 327 29%
c - 19.67  8 13 0 119 253 1 860792 10927 1.6 18 11 2 7 90%  55 3807 327 29%
c u 19.78  8 13 0 119 253 1 864009 11547 1.6 18 11 2 7 90%  55 3807 327 29%
c v 19.82  8 13 0 119 253 1 864009 10725 1.6 18 11 2 7 90%  55 3807 327 29%
c w 19.83  8 13 0 119 253 1 864009 9731 1.6 18 11 2 7 90%  55 3807 327 29%
c x 19.84  8 13 0 119 253 1 864009 9730 1.6 18 11 2 7 90%  55 3802 327 29%
c - 20.00  8 13 0 120 253 1 871700 8934 1.6 18 11 2 7 90%  55 3802 327 29%
c - 20.20  8 13 0 121 253 1 882656 9658 1.6 17 11 2 7 90%  55 3802 327 29%
c - 20.45  8 13 0 122 253 1 893656 10663 1.6 17 11 2 7 90%  55 3802 327 29%
c - 20.71  8 13 0 123 253 1 904701 10746 1.6 17 11 2 7 90%  55 3802 327 29%
c W 20.91  8 13 0 123 253 1 912625 14286 1.6 17 11 2 7 90%  55 3802 327 29%
c - 20.99  8 13 0 124 253 1 915791 9830 1.6 17 11 2 7 90%  55 3802 327 29%
c - 21.26  8 13 0 125 254 1 926926 10437 1.6 17 11 2 7 90%  55 3802 327 29%
c - 21.51  8 13 0 126 254 1 938107 10708 1.6 17 11 2 7 91%  55 3802 327 29%
c - 21.75  8 13 0 127 254 1 949331 11765 1.6 17 11 2 7 91%  55 3802 327 29%
c - 22.00  8 13 0 128 254 1 960600 12573 1.6 17 11 2 7 90%  55 3802 327 29%
c u 22.08  8 13 0 128 254 1 963368 13341 1.6 17 10 2 7 90%  55 3802 327 29%
c v 22.15  8 13 0 128 254 1 963368 11371 1.6 17 10 2 7 90%  55 3802 327 29%
c w 22.17  8 13 0 128 254 1 963368 10322 1.6 17 10 2 7 90%  55 3802 327 29%
c - 22.39  8 13 0 129 254 1 971914 9550 1.6 17 11 2 7 90%  55 3802 327 29%
c
c seconds  switched    rate         size/glue  tier1   binary      remaining
c        MB  reductions  conflicts        size   tier2   irredundant
c         level   restarts     redundant     glue   trail      variables
c
c - 22.66  8 13 0 130 254 1 983272 9413 1.6 17 11 2 7 90%  55 3802 327 29%
c - 22.94  8 13 0 131 254 1 994673 9612 1.6 17 11 2 7 90%  55 3802 327 29%
c - 23.20  8 13 0 132 254 1 1006119 10064 1.6 16 11 2 7 90%  55 3802 327 29%
c I 23.25  8 13 0 132 254 1 1008339 11212 1.5 16 11 2 7 90%  55 3802 327 29%
c o 23.25  8 13 0 132 254 1 1008339 11212 1.5 16 11 2 7 90%  55 3802 327 29%
c - 23.40  8 13 0 133 254 1 1017608 10755 1.5 16 11 2 7 90%  55 3802 327 29%
c - 23.61  8 13 0 134 254 1 1029141 10629 1.5 16 11 2 7 90%  55 3802 327 29%
c - 23.84  8 13 0 135 254 1 1040716 10502 1.5 16 11 2 7 90%  55 3802 327 29%
c - 24.09  8 13 0 136 254 1 1052334 11047 1.5 16 11 2 7 90%  55 3802 327 29%
c - 24.34  8 13 0 137 261 1 1063995 10679 1.5 17 11 2 7 90%  55 3802 327 29%
c u 24.48  8 13 0 137 264 1 1068740 12261 1.5 17 11 2 7 90%  55 3802 327 29%
c v 24.54  8 13 0 137 264 1 1068740 10575 1.5 17 11 2 7 90%  55 3802 327 29%
c w 24.58  8 13 0 137 264 1 1068740 9190 1.5 17 11 2 7 90%  55 3802 327 29%
c - 24.96 12 13 0 138 268 1 1075699 8603 1.5 16 11 2 7 91%  55 3802 327 29%
c - 25.24 12 13 0 139 271 1 1087447 9887 1.5 17 11 2 7 91%  55 3802 327 29%
c - 25.48 12 13 0 140 277 1 1099236 10574 1.5 17 11 2 7 91%  55 3802 327 29%
c B 25.69 12 13 0 140 283 1 1110116 16917 1.5 17 11 2 7 91%  55 3802 327 29%
c - 25.71 12 13 0 141 284 1 1111069 10780 1.5 17 11 2 7 91%  55 3802 327 29%
c - 25.98 12 13 0 142 285 1 1122943 11519 1.6 17 11 2 7 91%  55 3802 327 29%
c - 26.27 12 13 0 143 285 1 1134859 11464 1.6 17 11 2 7 91%  55 3802 327 29%
c
c seconds  switched    rate           size/glue  tier1   binary      remaining
c        MB  reductions   conflicts         size   tier2   irredundant
c         level   restarts       redundant     glue   trail      variables
c
c - 26.56 12 13 0 144 292 1 1146817 12120 1.6 18 11 2 7 91%  55 3802 327 29%
c - 26.86 12 13 0 145 299 1 1158817 12469 1.6 18 11 2 7 91%  55 3802 327 29%
c - 27.16 12 13 0 146 303 1 1170859 12264 1.6 18 11 2 7 91%  55 3802 327 29%
c u 27.46 12 13 0 146 307 1 1180194 16541 1.6 17 11 2 7 91%  55 3802 327 29%
c v 27.50 12 13 0 146 307 1 1180194 16020 1.6 17 11 2 7 91%  55 3802 327 29%
c w 27.52 12 13 0 146 307 1 1180194 14157 1.6 17 11 2 7 91%  55 3802 327 29%
c x 27.54 12 13 0 146 307 1 1180194 14156 1.6 17 11 2 7 91%  55 3796 327 29%
c o 27.54 12 13 0 146 307 1 1180194 14156 1.6 17 11 2 7 91%  55 3796 327 29%
c - 27.61 12 13 0 147 310 1 1182942 10897 1.6 17 11 2 7 91%  55 3796 327 29%
c - 27.92 12 13 0 148 315 1 1195067 11918 1.6 17 11 2 7 91%  55 3796 327 29%
c - 28.22 12 13 0 149 316 1 1207232 11530 1.6 17 11 2 7 91%  55 3796 327 29%
c W 28.49 12 13 0 149 317 1 1218103 17269 1.6 17 11 2 7 91%  55 3796 327 29%
c - 28.53 12 13 0 150 317 1 1219438 11675 1.6 17 11 2 7 91%  55 3796 327 29%
c - 28.81 12 13 0 151 317 1 1231685 12403 1.6 17 11 2 7 92%  55 3796 327 29%
c - 29.07 12 13 0 152 317 1 1243973 12692 1.6 17 11 2 7 91%  55 3796 327 29%
c - 29.31 12 13 0 153 322 1 1256301 13943 1.6 17 11 2 7 90%  55 3796 327 29%
c - 29.60 12 13 0 154 329 1 1268671 14429 1.6 17 11 2 7 90%  55 3796 327 29%
c - 29.89 12 13 0 155 332 1 1281082 13712 1.6 17 10 2 7 90%  55 3796 327 29%
c - 30.22 12 12 0 156 339 1 1293531 14127 1.6 17 10 2 7 90%  55 3796 327 29%
c u 30.37 12 12 0 156 342 1 1297828 15258 1.6 16 10 2 7 90%  55 3796 327 29%
c
c seconds  switched    rate           size/glue  tier1   binary      remaining
c        MB  reductions   conflicts         size   tier2   irredundant
c         level   restarts       redundant     glue   trail      variables
c
c v 30.46 12 12 0 156 342 1 1297828 12819 1.6 16 10 2 7 90%  55 3796 327 29%
c w 30.49 12 12 0 156 342 1 1297828 11909 1.6 16 10 2 7 90%  55 3796 327 29%
c - 30.67 12 12 0 157 346 1 1306020 12560 1.6 16 10 2 7 90%  55 3796 327 29%
c - 30.96 12 12 0 158 348 1 1318550 14174 1.6 17 10 2 7 90%  55 3796 327 29%
c - 31.24 11 12 0 159 348 1 1331121 13699 1.7 17 10 2 7 90%  55 3796 327 29%
c O 31.27 11 12 0 159 349 1 1332442 14442 1.7 17 10 2 7 90%  55 3796 327 29%
c o 31.27 11 12 0 159 349 1 1332442 14442 1.7 17 10 2 7 90%  55 3796 327 29%
c - 31.55 12 12 0 160 355 1 1343730 14290 1.7 17 10 2 7 90%  55 3796 327 29%
c - 31.88 12 12 0 161 362 1 1356379 13240 1.7 17 10 2 7 90%  55 3796 327 29%
c s 32.11 12 12 0 161 364 1 1365964 17891 1.6 17 10 2 7 90%  55 3794 327 29%
c - 32.19 12 12 0 162 366 1 1369067 12355 1.6 17 10 2 7 90%  55 3794 327 29%
c - 32.47 12 12 0 163 374 1 1381796 12958 1.6 17 10 2 7 90%  55 3794 327 29%
c - 32.78 12 12 0 164 378 1 1394563 13456 1.6 17 10 2 7 90%  55 3794 327 29%
c - 33.07 12 12 0 165 379 1 1407371 15051 1.6 16 10 2 7 89%  55 3794 327 29%
c - 33.42 12 12 0 166 380 1 1420217 15643 1.6 16 10 2 7 89%  55 3794 327 29%
c u 33.49 12 12 0 166 380 1 1421682 15482 1.6 16 10 2 7 89%  55 3794 327 29%
c v 33.56 12 12 0 166 380 1 1421682 11867 1.6 16 10 2 7 89%  55 3794 327 29%
c w 33.61 12 12 0 166 380 1 1421682 10156 1.6 16 10 2 7 89%  55 3794 327 29%
c - 33.86 11 12 0 167 380 1 1433102 11128 1.6 16 10 2 7 89%  55 3794 327 29%
c - 34.16 12 12 0 168 380 1 1446024 11941 1.6 16 10 2 7 90%  55 3794 327 29%
c
c seconds  switched    rate           size/glue  tier1   binary      remaining
c        MB  reductions   conflicts         size   tier2   irredundant
c         level   restarts       redundant     glue   trail      variables
c
c B 34.31 12 12 0 168 381 1 1453275 16846 1.6 16 10 2 7 90%  55 3794 327 29%
c - 34.44 12 12 0 169 381 1 1458985 13179 1.6 16 10 2 7 90%  55 3794 327 29%
c - 34.75 12 12 0 170 381 1 1471985 14044 1.6 16 10 2 7 90%  55 3794 327 29%
c - 35.07 12 12 0 171 381 1 1485023 15072 1.6 16 10 2 7 90%  55 3794 327 29%
c - 35.40 11 12 0 172 381 1 1498099 13573 1.6 16 10 2 7 91%  55 3794 327 29%
c - 35.70 12 12 0 173 381 1 1511213 13128 1.6 16 10 2 7 91%  55 3794 327 29%
c - 35.99 12 12 0 174 388 1 1524365 13375 1.6 16 10 2 7 91%  55 3794 327 29%
c - 36.32 12 12 0 175 395 1 1537555 14557 1.6 16 10 2 7 91%  55 3794 327 29%
c - 36.64 12 12 0 176 400 1 1550784 15148 1.6 16 10 2 7 91%  55 3794 327 29%
c u 36.71 12 12 0 176 401 1 1551802 14676 1.6 16 10 2 7 91%  55 3794 327 29%
c v 36.80 12 12 0 176 401 1 1551802 11978 1.6 16 10 2 7 91%  55 3794 327 29%
c w 36.83 12 12 0 176 401 1 1551802 10862 1.6 16 10 2 7 91%  55 3794 327 29%
c o 36.84 12 12 0 176 401 1 1551802 10862 1.6 16 10 2 7 91%  55 3794 327 29%
c - 37.12 11 12 0 177 408 1 1564050 11074 1.6 16 10 2 7 91%  55 3794 327 29%
c - 37.39 12 12 0 178 411 1 1577355 11349 1.6 16 10 2 7 91%  55 3794 327 29%
c W 37.46 12 12 0 178 412 1 1580744 13822 1.6 16 10 2 7 91%  55 3794 327 29%
c - 37.66 12 12 0 179 412 1 1590696 12779 1.6 16 10 2 7 91%  55 3794 327 29%
c - 37.95 12 12 0 180 419 1 1604075 12839 1.6 16 10 2 7 91%  55 3794 327 29%
c - 38.23 12 12 0 181 426 1 1617491 12946 1.6 16 10 2 7 91%  55 3794 327 29%
c - 38.49 12 13 0 182 430 1 1630945 13740 1.6 16 10 2 7 91%  55 3794 327 29%
c
c seconds  switched    rate           size/glue  tier1   binary      remaining
c        MB  reductions   conflicts         size   tier2   irredundant
c         level   restarts       redundant     glue   trail      variables
c
c - 38.77 12 12 0 183 437 1 1644437 14273 1.6 16 10 2 7 91%  55 3794 327 29%
c - 39.10 11 13 0 184 442 1 1657964 14662 1.6 16 10 2 7 91%  55 3794 327 29%
c - 39.41 12 12 0 185 443 1 1671528 13930 1.6 16 10 2 7 91%  55 3794 327 29%
c - 39.77 12 12 0 186 444 1 1685129 14621 1.5 16 10 2 7 91%  55 3794 327 29%
c u 39.89 12 12 0 186 444 1 1688243 15147 1.5 16 10 2 7 91%  55 3794 327 29%
c v 39.94 12 12 0 186 444 1 1688243 12567 1.5 16 10 2 7 91%  55 3794 327 29%
c w 39.97 12 12 0 186 444 1 1688243 10707 1.5 16 10 2 7 91%  55 3794 327 29%
c x 39.98 12 12 0 186 444 1 1688243 10701 1.5 16 10 2 7 91%  55 3785 327 29%
c s 39.98 12 12 0 186 444 1 1688243 10701 1.5 16 10 2 7 91%  55 3780 327 29%
c e 39.98 12 12 0 186 444 1 1688243 10701 1.5 16 10 2 7 91%  54 3792 326 29%
c s 39.98 12 12 0 186 444 1 1688243 10701 1.5 16 10 2 7 91%  54 3783 326 29%
c - 40.19 12 12 0 187 444 1 1698767 12404 1.5 15 10 2 7 91%  54 3783 326 29%
c - 40.47 12 12 0 188 447 1 1712442 16029 1.6 15 10 2 7 91%  55 3782 326 29%
c I 40.52 12 12 0 188 448 1 1714983 18069 1.6 16 10 2 7 91%  55 3782 326 29%
c o 40.52 12 12 0 188 448 1 1714983 18069 1.6 16 10 2 7 91%  55 3782 326 29%
c - 40.74 13 12 0 189 454 1 1726153 16106 1.6 16 10 2 7 90%  55 3782 326 29%
c - 41.06 11 12 0 190 459 1 1739900 14176 1.5 15 10 2 7 90%  55 3782 326 29%
c - 41.38 12 12 0 191 466 1 1753685 14255 1.5 15 10 2 7 90%  55 3782 326 29%
c - 41.68 11 12 0 192 473 1 1767507 14885 1.5 15 10 2 7 90%  55 3782 326 29%
c - 42.01 11 12 0 193 475 1 1781364 15072 1.5 15 10 2 7 90%  55 3782 326 29%
c
c seconds  switched    rate           size/glue  tier1   binary      remaining
c        MB  reductions   conflicts         size   tier2   irredundant
c         level   restarts       redundant     glue   trail      variables
c
c - 42.35 12 12 0 194 478 1 1795256 15690 1.5 15 10 2 7 90%  55 3782 326 29%
c - 42.74 12 12 0 195 486 1 1809185 16596 1.6 15 10 2 7 90%  55 3782 326 29%
c - 43.09 12 12 0 196 490 1 1823150 17302 1.6 15 10 2 7 90%  55 3782 326 29%
c u 43.32 12 12 0 196 495 1 1831129 21774 1.6 15 10 2 7 90%  58 3782 326 29%
c v 43.41 12 12 0 196 495 1 1831129 19100 1.6 15 10 2 7 90%  58 3782 326 29%
c w 43.45 12 12 0 196 495 1 1831129 15921 1.6 15 10 2 7 90%  58 3782 326 29%
c = 43.81 18 12 0 196 495 1 1831129 15921 1.6 15 10 2 7 90%  60 3770 325 29%
c d 43.81 18 12 0 196 495 1 1831129 14893 1.6 15 10 2 7 90%  57 3770 325 29%
c u 43.86 18 12 0 196 495 1 1831129 14594 1.6 15 10 2 7 90%  57 3770 325 29%
c v 43.93 18 12 0 196 495 1 1831129 13511 1.6 15 10 2 7 90%  57 3770 325 29%
c w 43.96 18 12 0 196 495 1 1831129 12554 1.6 15 10 2 7 90%  57 3770 325 29%
c x 43.97  8 12 0 196 495 1 1831129 12548 1.6 15 10 2 7 90%  60 3708 325 29%
c - 44.12  7 12 0 197 497 1 1837150 11904 1.6 15 10 2 7 90%  60 3708 325 29%
c - 44.45  8 12 0 198 505 1 1851185 15142 1.6 15 10 2 7 90%  61 3708 325 29%
c B 44.58  8 12 0 198 505 1 1856130 18188 1.6 15 10 2 7 90%  61 3708 325 29%
c - 44.77  9 12 0 199 506 1 1865257 17156 1.6 16 10 2 7 90%  61 3708 325 29%
c - 45.06 10 12 0 200 507 1 1879363 18150 1.7 16 9 2 7 90%  61 3708 325 29%
c - 45.37 10 11 0 201 507 1 1893506 20942 1.7 16 9 2 7 89%  61 3708 325 29%
c - 45.71 10 11 0 202 508 1 1907683 22954 1.8 16 9 2 7 89%  61 3708 325 29%
c - 46.07 10 11 0 203 508 1 1921895 21476 1.8 16 9 2 6 90%  62 3708 325 29%
c
c seconds  switched    rate           size/glue tier1   binary      remaining
c        MB  reductions   conflicts         size  tier2   irredundant
c         level   restarts       redundant    glue   trail      variables
c
c - 46.45 10 11 0 204 508 1 1936143 20127 1.8 16 9 2 6 90%  62 3708 325 29%
c - 46.84 10 11 0 205 508 1 1950426 18093 1.9 17 9 2 6 90%  62 3708 325 29%
c - 47.20 10 11 0 206 508 1 1964744 19343 1.9 16 9 2 6 90%  63 3708 325 29%
c - 47.52 10 11 0 207 509 1 1979097 19487 1.9 16 9 2 6 90%  64 3708 325 29%
c u 47.62 10 11 0 207 509 1 1980868 18996 1.9 16 9 2 6 90%  79 3708 325 29%
c v 47.69 10 11 0 207 509 1 1980868 13809 1.9 16 9 2 6 90%  84 3708 325 29%
c w 47.70 10 11 0 207 509 1 1980868 13603 1.9 16 9 2 6 90%  84 3708 325 29%
c x 47.71 10 11 0 207 509 1 1980868 13592 1.9 16 9 2 6 90%  84 3684 325 29%
c t 47.71 10 11 0 207 509 1 1980868 13592 1.9 16 9 2 6 90%  79 3684 325 29%
c o 47.71 10 11 0 207 509 1 1980868 13592 1.9 16 9 2 6 90%  79 3684 325 29%
c - 48.01  8 11 0 208 509 1 1993485 13860 1.8 15 9 2 6 90%  79 3684 325 29%
c W 48.27  9 10 0 208 509 1 2004319 19904 1.8 15 9 2 6 90%  79 3684 325 29%
c - 48.34  9 10 0 209 509 1 2007907 15133 1.8 15 8 2 6 90%  79 3684 325 29%
c i 48.66  9 10 0 209 509 1 2020881 21968 1.8 15 8 2 6 90%  90 3684 324 29%
c - 48.69  9 10 0 210 509 1 2022364 10773 1.8 15 8 2 6 90%  78 3684 324 29%
c - 48.99  9 10 0 211 509 1 2036855 12963 1.7 15 8 2 6 89%  79 3684 324 29%
c s 49.22  9 10 0 211 509 1 2044958 17855 1.7 15 9 2 6 89%  80 3445 324 29%
c e 49.22  9 10 0 211 509 1 2044958 17855 1.7 15 9 2 6 89%  79 3526 316 28%
c s 49.22  9 10 0 211 509 1 2044958 17855 1.7 15 9 2 6 89%  79 3490 316 28%
c - 49.36  9 11 0 212 509 1 2051380 14162 1.7 15 9 2 6 89%  79 3490 316 28%
c
c seconds  switched    rate           size/glue tier1   binary      remaining
c        MB  reductions   conflicts         size  tier2   irredundant
c         level   restarts       redundant    glue   trail      variables
c
c - 49.70  9 11 0 213 509 1 2065940 14869 1.7 15 9 2 6 89%  79 3490 316 28%
c - 50.02  9 11 0 214 509 1 2080534 15963 1.6 14 9 2 6 89%  80 3489 316 28%
c i 50.11  9 10 0 214 509 1 2084122 17408 1.6 14 9 2 6 89%  92 3489 313 28%
c - 50.39  9 10 0 215 509 1 2095162 11435 1.6 14 9 2 6 88%  70 3489 313 28%
c i 50.60  9 10 0 215 510 1 2104870 16977 1.6 14 8 2 6 88%  79 3489 311 28%
c - 50.73  9 10 0 216 510 1 2109825 10798 1.6 14 8 2 6 88%  85 3488 311 28%
c i 50.74  9 10 0 216 510 1 2110222 10978 1.6 14 8 2 6 88%  91 3488 298 27%
c i 50.79  9 10 0 216 510 1 2112821 12200 1.6 13 8 2 6 88%  99 3488 297 27%
c i 50.84  9 10 0 216 510 1 2114874 13136 1.6 13 8 2 6 88% 109 3488 289 26%
c i 50.85  9 10 0 216 510 1 2115256 13305 1.6 13 8 2 6 88% 116 3488 260 23%
c i 50.86  9 10 0 216 510 1 2115577 13468 1.6 13 8 2 6 88% 123 3488 259 23%
c i 50.86  9 10 0 216 510 1 2115595 13473 1.6 13 8 2 6 88% 127 3488 257 23%
c i 50.86  9 10 0 216 510 1 2115625 13486 1.6 13 8 2 6 88% 130 3488 253 23%
c i 50.86  9 10 0 216 510 1 2115627 13486 1.6 13 8 2 6 88% 131 3488 242 22%
c i 50.86  9 10 0 216 510 1 2115631 13486 1.6 13 8 2 6 88% 134 3488 199 18%
c i 50.86  9 10 0 216 510 1 2115633 13486 1.6 13 8 2 6 88% 135 3488 181 16%
c i 50.86  9 10 0 216 510 1 2115634 13486 1.6 13 8 2 6 88% 135 3488 148 13%
c ] 50.86  9 10 0 216 510 1 2115636 13486 1.6 13 8 2 6 88% 135 3488  0 0%
c 0 50.86  9 0 0 216 510 0 2115636 13486 0.0 0 0 2 6 0% 135 3488  0 0%
c
c ---- [ result ] ------------------------------------------------------------
c
s UNSATISFIABLE
c
c ---- [ profiling ] ---------------------------------------------------------
c
c          47.03   92.48 %  search
c          47.03   92.48 %  stable
c           3.81    7.49 %  simplify
c           3.71    7.29 %  probe
c           2.46    4.84 %  vivify
c           1.17    2.29 %  sweep
c           0.29    0.56 %  reduce
c           0.07    0.13 %  walking
c           0.05    0.10 %  eliminate
c           0.04    0.09 %  substitute
c           0.03    0.05 %  factor
c           0.02    0.03 %  preprocess
c           0.01    0.02 %  subsume
c           0.01    0.01 %  congruence
c           0.00    0.01 %  transitive
c           0.00    0.00 %  backbone
c           0.00    0.00 %  parse
c           0.00    0.00 %  lucky
c =============================================
c          50.86  100.00 %  total
c
c ---- [ statistics ] --------------------------------------------------------
c
c conflicts:                          2115636            41597.41 per second
c congruent:                               43                4 %  variables
c decisions:                          2276684                1.08 per conflict
c eliminated:                             783               70 %  variables
c factored:                                62                6 %  variables
c iterations:                              15                1 %  variables
c propagations:                     230727095          4536532    per second
c reductions:                             216             9795    interval
c reordered:                               18           117535    interval
c rephased:                                35            60447    interval
c restarts:                               510             4148    interval
c strengthened:                          1055                0 %  checks
c substituted:                             71                6 %  variables
c subsumed:                               793                0 %  checks
c switched:                                 0                0    interval
c vivified:                            139094               44 %  checks
c walks:                                   12           176303    interval
c
c ---- [ glue usage ] --------------------------------------------------------
c
c stable glue 2 used 7052029 clauses 21.69% accumulated 65.10% tier1
c stable glue 3 used 4262416 clauses 13.11% accumulated 78.20%
c stable glue 4 used 1935480 clauses  5.95% accumulated 84.16%
c stable glue 5 used 1199441 clauses  3.69% accumulated 87.84%
c stable glue 6 used  831523 clauses  2.56% accumulated 90.40% tier2
c
c ---- [ resources ] ---------------------------------------------------------
c
c maximum-resident-set-size:        377647104 bytes        360 MB
c process-time:                            51s              50.86 seconds
c
c ---- [ shutting down ] -----------------------------------------------------
c
c exit 20
