c ---- [ banner ] ------------------------------------------------------------
c
c Kissat SAT Solver
c 
c Copyright (c) 2021-2024 Armin Biere University of Freiburg
c Copyright (c) 2019-2021 Armin Biere Johannes Kepler University Linz
c 
c Version 4.0.4 8af8e56f174b778aef3aa45af9f739b2a5f492c2
c gcc (GCC) 15.2.1 20260123 (Red Hat 15.2.1-7) -W -Wall -O3 -DNDEBUG
c Thu Apr 23 06:47:51 PM IST 2026 Linux krishnendu-LN 6.19.12-200.fc43.x86_64 x86_64
c
c ---- [ parsing ] -----------------------------------------------------------
c
c opened and reading DIMACS file:
c
c   /home/krishnendu/Research/fv-invariant-mining/data/circuits/cnf/miter_mult_8bit.cnf
c
c parsed 'p cnf 679 2553' header
c closing input after reading 37235 bytes (36 KB)
c finished parsing after 0.00 seconds
c
c ---- [ options ] -----------------------------------------------------------
c
c --decay=10                       (different from default '50')
c --eliminateeffort=1600           (different from default '100')
c --stable=2                       (different from default '1')
c
c ---- [ solving ] -----------------------------------------------------------
c
c seconds switched rate     size/glue tier1 binary      remaining
c        MB reductions conflicts size  tier2  irredundant
c         level restarts redundant glue  trail      variables
c
c *  0.00  3 0 0 0  0 0   0   0 0.0 0 0 0 0 0% 887 1664 676 100%
c (  0.00  3 0 0 0  0 0   0   0 0.0 0 0 0 0 0% 887 1664 676 100%
c .  0.00  3 0 0 0  0 0   0   0 0.0 0 0 0 0 0% 883 1664 676 100%
c c  0.00  3 0 0 0  0 0   0   0 0.0 0 0 0 0 0% 919 1662 649 96%
c d  0.00  3 0 0 0  0 0   0   0 0.0 0 0 0 0 0% 829 1662 649 96%
c =  0.02  3 0 0 0  0 0   0   0 0.0 0 0 0 0 0% 843 1650 641 95%
c d  0.02  3 0 0 0  0 0   0   0 0.0 0 0 0 0 0% 823 1650 641 95%
c f  0.02  3 0 0 0  0 0   0   0 0.0 0 0 0 0 0% 812 1635 662 98%
c )  0.03  3 0 0 0  0 0   0   0 0.0 0 0 0 0 0% 812 1635 662 98%
c [  0.03  3 0 0 0  0 0   0   0 0.0 0 0 2 6 0% 812 1635 662 98%
c -  0.04  4 11 0 1  0 1 1001 862 3.6 26 7 4 9 89% 815 1635 662 98%
c B  0.04  4 11 0 1  0 1 1001 862 3.6 26 7 4 9 89% 815 1635 662 98%
c -  0.06  4 12 0 2  1 1 2002 1600 3.0 24 8 4 10 88% 817 1635 662 98%
c W  0.06  4 12 0 2  1 1 2002 1600 3.0 24 8 4 10 88% 817 1635 662 98%
c -  0.09  4 11 0 3  2 1 3416 2134 2.9 23 8 3 9 88% 817 1635 662 98%
c u  0.10  4 11 0 3  2 1 3666 2237 2.9 23 8 3 9 88% 822 1635 662 98%
c v  0.11  4 11 0 3  2 1 3666 2064 2.9 23 8 3 9 88% 822 1635 662 98%
c w  0.11  4 11 0 3  2 1 3666 2048 2.9 23 8 3 9 88% 822 1635 662 98%
c x  0.11  4 11 0 3  2 1 3666 2048 2.9 23 8 3 9 88% 827 1607 662 98%
c =  0.13  4 11 0 3  2 1 3666 2048 2.9 23 8 3 9 88% 869 1605 641 95%
c
c seconds  switched rate       size/glue tier1   binary      remaining
c        MB reductions conflicts     size  tier2   irredundant
c         level restarts  redundant    glue   trail      variables
c
c d  0.13  4 11 0 3  2 1 3666 2048 2.9 23 8 3 9 88% 807 1605 641 95%
c t  0.13  4 11 0 3  2 1 3666 2048 2.9 23 8 3 9 88% 803 1605 641 95%
c u  0.13  4 11 0 3  2 1 3666 2040 2.9 23 8 3 9 88% 803 1605 641 95%
c v  0.14  4 11 0 3  2 1 3666 1907 2.9 23 8 3 9 88% 803 1605 641 95%
c w  0.14  4 11 0 3  2 1 3666 1883 2.9 23 8 3 9 88% 803 1605 641 95%
c x  0.14  4 11 0 3  2 1 3666 1881 2.9 23 8 3 9 88% 803 1601 641 95%
c I  0.17  4 11 0 3  3 1 4261 2231 2.8 22 8 3 9 89% 804 1601 641 95%
c -  0.18  5 11 0 4  3 1 5148 2446 2.6 21 8 4 9 89% 806 1601 641 95%
c -  0.22  5 12 0 5  5 1 7148 3428 2.6 20 8 4 9 89% 807 1601 641 95%
c B  0.23  5 12 0 5  5 1 8034 4245 2.5 20 8 4 9 88% 810 1601 641 95%
c -  0.26  5 12 0 6  6 1 9384 4071 2.4 19 8 4 9 87% 810 1601 641 95%
c u  0.30  5 12 0 6  6 1 11315 5193 2.2 18 8 4 9 86% 812 1601 641 95%
c v  0.31  5 12 0 6  6 1 11315 5130 2.2 18 8 4 9 86% 812 1601 641 95%
c w  0.32  5 12 0 6  6 1 11315 5101 2.2 18 8 4 9 86% 812 1601 641 95%
c t  0.32  5 12 0 6  6 1 11315 5101 2.2 18 8 4 9 86% 809 1601 641 95%
c o  0.32  5 12 0 6  6 1 11315 5101 2.2 18 8 4 9 86% 809 1601 641 95%
c -  0.33  5 12 0 7  6 1 11833 3973 2.2 19 8 4 9 87% 809 1601 641 95%
c W  0.38  5 12 0 7  8 1 13564 4886 2.2 18 8 4 9 88% 810 1601 641 95%
c -  0.40  5 11 0 8  9 1 14480 4049 2.1 18 8 4 9 88% 810 1601 641 95%
c -  0.47  5 11 0 9 10 1 17308 4103 2.1 17 8 4 9 89% 811 1601 641 95%
c
c seconds  switched rate        size/glue tier1   binary      remaining
c        MB reductions conflicts      size  tier2   irredundant
c         level restarts   redundant    glue   trail      variables
c
c s  0.49  5 11 0 9 11 1 18329 4637 2.0 17 8 4 9 89% 811 1599 641 95%
c e  0.49  5 11 0 9 11 1 18329 4637 2.0 17 8 4 9 89% 253 1896 398 59%
c s  0.49  5 11 0 9 11 1 18329 4637 2.0 17 8 4 9 89% 256 1832 398 59%
c e  0.49  5 11 0 9 11 1 18329 4637 2.0 17 8 4 9 89% 253 1835 396 58%
c ^  0.49  5 11 0 9 11 1 18329 4637 2.0 17 8 4 9 89% 253 1835 396 58%
c -  0.52  5 11 0 10 12 1 20308 2438 2.0 17 9 4 9 90% 253 1835 396 58%
c O  0.53  5 11 0 10 13 1 21093 2993 2.0 17 9 4 9 90% 253 1835 396 58%
c u  0.57  5 11 0 10 13 1 23188 4103 2.0 17 9 4 9 89% 253 1835 396 58%
c v  0.58  5 11 0 10 13 1 23188 3916 2.0 17 9 4 9 89% 253 1835 396 58%
c w  0.58  5 11 0 10 13 1 23188 3762 2.0 17 9 4 9 89% 253 1835 396 58%
c x  0.59  5 11 0 10 13 1 23188 3762 2.0 17 9 4 9 89% 257 1775 396 58%
c =  0.61  5 11 0 10 13 1 23188 3762 2.0 17 9 4 9 89% 257 1771 395 58%
c t  0.62  5 11 0 10 13 1 23188 3730 2.0 17 9 4 9 89% 254 1771 395 58%
c f  0.62  5 11 0 10 13 1 23188 3730 2.0 17 9 4 9 89% 278 1718 409 60%
c u  0.62  5 11 0 10 13 1 23188 3723 2.0 17 9 4 9 89% 278 1718 409 60%
c v  0.63  5 11 0 10 13 1 23188 3516 2.0 17 9 4 9 89% 278 1718 409 60%
c w  0.63  5 11 0 10 13 1 23188 3507 2.0 17 9 4 9 89% 278 1718 409 60%
c x  0.63  5 11 0 10 13 1 23188 3507 2.0 17 9 4 9 89% 278 1714 409 60%
c o  0.66  5 11 0 10 13 1 23188 3507 2.0 17 9 4 9 89% 278 1714 409 60%
c -  0.67  5 11 0 11 13 1 23471 2845 2.0 17 9 3 9 89% 277 1714 409 60%
c
c seconds  switched  rate        size/glue tier1   binary      remaining
c        MB  reductions conflicts      size  tier2   irredundant
c         level  restarts   redundant    glue   trail      variables
c
c -  0.72  5 11 0 12 14 1 26787 3788 1.9 17 9 3 9 89% 277 1714 409 60%
c -  0.77  5 11 0 13 14 1 30252 4414 1.9 16 8 3 9 90% 277 1714 409 60%
c B  0.78  5 11 0 13 14 1 30855 4692 1.9 16 8 3 9 90% 277 1714 409 60%
c -  0.82  6 11 0 14 15 1 33858 4759 1.9 16 9 3 9 90% 278 1714 409 60%
c e  0.89  6 11 0 14 18 1 37166 6349 1.8 16 9 3 9 90% 216 1816 357 53%
c s  0.89  6 11 0 14 18 1 37166 6349 1.8 16 9 3 9 90% 221 1781 357 53%
c e  0.89  6 11 0 14 18 1 37166 6349 1.8 16 9 3 9 90% 217 1786 355 52%
c ^  0.89  6 11 0 14 18 1 37166 6349 1.8 16 9 3 9 90% 217 1786 355 52%
c -  0.90  6 11 0 15 18 1 37599 3200 1.8 16 9 3 9 90% 217 1786 355 52%
c u  0.94  6 11 0 15 20 1 40092 4523 1.8 16 9 3 9 90% 217 1786 355 52%
c v  0.95  6 11 0 15 20 1 40092 3808 1.8 16 9 3 9 90% 217 1786 355 52%
c w  0.96  6 11 0 15 20 1 40092 3496 1.8 16 9 3 9 90% 217 1786 355 52%
c f  0.96  6 11 0 15 20 1 40092 3496 1.8 16 9 3 9 90% 219 1778 357 53%
c u  0.96  6 11 0 15 20 1 40092 3482 1.8 16 9 3 9 90% 219 1778 357 53%
c v  0.97  6 11 0 15 20 1 40092 3338 1.8 16 9 3 9 90% 219 1778 357 53%
c w  0.97  6 11 0 15 20 1 40092 3121 1.8 16 9 3 9 90% 219 1778 357 53%
c x  0.97  6 11 0 15 20 1 40092 3120 1.8 16 9 3 9 90% 222 1749 357 53%
c =  1.01  6 11 0 15 20 1 40092 3120 1.8 16 9 3 9 90% 224 1747 356 53%
c d  1.01  6 11 0 15 20 1 40092 3120 1.8 16 9 3 9 90% 222 1747 356 53%
c -  1.04  6 11 0 16 21 1 41474 2998 1.8 16 9 3 9 90% 222 1747 356 53%
c
c seconds  switched  rate        size/glue tier1   binary      remaining
c        MB  reductions conflicts      size  tier2   irredundant
c         level  restarts   redundant    glue   trail      variables
c
c W  1.06  6 11 0 16 21 1 43077 3979 1.8 15 9 3 9 90% 222 1747 356 53%
c -  1.10  6 11 0 17 22 1 45474 4068 1.8 15 9 3 9 90% 222 1745 356 53%
c -  1.17  6 11 0 18 25 1 49598 4628 1.8 15 9 3 9 90% 222 1745 356 53%
c -  1.23  6 11 0 19 28 1 53841 4921 1.7 15 9 3 9 90% 223 1745 356 53%
c I  1.31  6 11 0 19 29 1 57982 6774 1.7 15 9 3 9 91% 223 1745 356 53%
c o  1.31  6 11 0 19 29 1 57982 6774 1.7 15 9 3 9 91% 223 1745 356 53%
c -  1.32  6 11 0 20 29 1 58199 5094 1.7 15 9 3 9 91% 223 1745 356 53%
c u  1.37  6 11 0 20 29 1 61902 6528 1.7 15 9 3 9 91% 223 1745 356 53%
c v  1.38  6 11 0 20 29 1 61902 6079 1.7 15 9 3 9 91% 223 1745 356 53%
c w  1.39  6 11 0 20 29 1 61902 5619 1.7 15 9 3 9 91% 223 1745 356 53%
c x  1.39  6 11 0 20 29 1 61902 5619 1.7 15 9 3 9 91% 223 1743 356 53%
c -  1.44  6 11 0 21 29 1 62673 4714 1.7 14 8 3 9 91% 223 1743 356 53%
c -  1.51  6 10 0 22 30 1 67255 5307 1.7 14 8 3 9 91% 224 1743 356 53%
c -  1.60  6 10 0 23 30 1 71945 5501 1.7 14 8 2 8 91% 225 1743 356 53%
c B  1.67  6 10 0 23 30 1 75785 6738 1.7 14 8 2 8 91% 227 1743 356 53%
c -  1.68  6 10 0 24 30 1 76741 5579 1.7 14 8 2 8 91% 227 1743 356 53%
c i  1.70  6 10 0 24 30 1 77614 5808 1.7 13 8 2 8 91% 236 1743 355 52%
c s  1.71  6 10 0 24 30 1 78301 6241 1.7 13 8 2 8 91% 236 1679 355 52%
c e  1.71  6 10 0 24 30 1 78301 6241 1.7 13 8 2 8 91% 158 1790 312 46%
c s  1.71  6 10 0 24 30 1 78301 6241 1.7 13 8 2 8 91% 158 1767 312 46%
c
c seconds  switched  rate        size/glue tier1   binary      remaining
c        MB  reductions conflicts      size  tier2   irredundant
c         level  restarts   redundant    glue   trail      variables
c
c ^  1.71  6 10 0 24 30 1 78301 6241 1.7 13 8 2 8 91% 158 1767 312 46%
c -  1.75  6 10 0 25 30 1 81639 2273 1.7 13 8 2 8 91% 169 1756 312 46%
c -  1.83  6 10 0 26 34 1 86641 4318 1.7 13 8 2 8 91% 170 1756 312 46%
c d  1.86  6 10 0 26 36 1 88743 5442 1.7 13 8 2 8 91% 162 1754 308 45%
c u  1.86  6 10 0 26 36 1 88743 5215 1.7 13 8 2 8 91% 162 1754 308 45%
c v  1.87  6 10 0 26 36 1 88743 3766 1.7 13 8 2 8 91% 162 1754 308 45%
c w  1.89  6 10 0 26 36 1 88743 2099 1.7 13 8 2 8 91% 162 1754 308 45%
c f  1.89  6 10 0 26 36 1 88743 2099 1.7 13 8 2 8 91% 163 1748 309 46%
c u  1.89  5 10 0 26 36 1 88743 2019 1.7 13 8 2 8 91% 163 1748 309 46%
c v  1.90  5 10 0 26 36 1 88743 1727 1.7 13 8 2 8 91% 163 1748 309 46%
c w  1.91  5 10 0 26 36 1 88743 1648 1.7 13 8 2 8 91% 163 1748 309 46%
c x  1.91  5 10 0 26 36 1 88743 1646 1.7 13 8 2 8 91% 165 1706 309 46%
c t  1.96  5 10 0 26 36 1 88743 1646 1.7 13 8 2 8 91% 164 1706 309 46%
c o  1.96  5 10 0 26 36 1 88743 1646 1.7 13 8 2 8 91% 164 1706 309 46%
c -  2.00  5 10 0 27 37 1 91740 2477 1.6 13 8 2 8 91% 164 1706 309 46%
c W  2.07  5 10 0 27 40 1 96697 4910 1.6 13 8 2 8 91% 166 1706 309 46%
c -  2.08  5 10 0 28 40 1 96936 4526 1.6 13 8 2 8 91% 166 1706 309 46%
c -  2.16  6 10 0 29 43 1 102228 5700 1.6 13 8 2 8 91% 166 1706 309 46%
c -  2.26  6 10 0 30 45 1 107613 5578 1.6 13 8 2 8 91% 168 1706 309 46%
c i  2.32  6 9 0 30 45 1 111493 6696 1.6 12 8 2 8 91% 179 1706 283 42%
c
c seconds switched  rate         size/glue tier1   binary      remaining
c        MB reductions conflicts       size  tier2   irredundant
c         level restarts    redundant    glue   trail      variables
c
c -  2.34  5 9 0 31 45 1 113090 2036 1.6 12 8 2 8 91% 138 1706 283 42%
c i  2.35  5 9 0 31 45 1 113954 2236 1.6 12 8 2 8 91% 149 1706 269 40%
c i  2.36  5 9 0 31 45 1 114885 2404 1.6 12 8 2 8 91% 159 1706 239 35%
c i  2.37  5 9 0 31 45 1 114987 2423 1.6 12 8 2 8 91% 165 1706 238 35%
c i  2.37  5 9 0 31 45 1 115096 2440 1.6 12 8 2 8 91% 172 1706 188 28%
c i  2.37  5 9 0 31 45 1 115098 2439 1.6 12 8 2 8 91% 173 1706 137 20%
c ]  2.37  5 9 0 31 45 1 115100 2439 1.6 12 8 2 8 91% 173 1706 101 15%
c 0  2.37  5 0 0 31 45 0 115100 2439 0.0 0 0 2 6 0% 173 1706 101 15%
c
c ---- [ result ] ------------------------------------------------------------
c
s UNSATISFIABLE
c
c ---- [ profiling ] ---------------------------------------------------------
c
c           1.93   81.45 %  search
c           1.93   81.45 %  stable
c           0.42   17.89 %  probe
c           0.41   17.49 %  simplify
c           0.24    9.97 %  sweep
c           0.17    7.15 %  vivify
c           0.02    1.02 %  preprocess
c           0.02    0.87 %  reduce
c           0.01    0.38 %  eliminate
c           0.01    0.33 %  substitute
c           0.01    0.23 %  walking
c           0.01    0.22 %  factor
c           0.00    0.15 %  congruence
c           0.00    0.07 %  subsume
c           0.00    0.05 %  transitive
c           0.00    0.02 %  backbone
c           0.00    0.02 %  parse
c           0.00    0.02 %  lucky
c =============================================
c           2.37  100.00 %  total
c
c ---- [ statistics ] --------------------------------------------------------
c
c conflicts:                           115100            48585.63 per second
c congruent:                               27                4 %  variables
c decisions:                           121064                1.05 per conflict
c eliminated:                             342               50 %  variables
c factored:                                38                6 %  variables
c iterations:                               8                1 %  variables
c propagations:                      16466254          6950681    per second
c reductions:                              31             3713    interval
c reordered:                                4            28775    interval
c rephased:                                11            10464    interval
c restarts:                                45             2558    interval
c strengthened:                           166                0 %  checks
c substituted:                             60                9 %  variables
c subsumed:                               121                0 %  checks
c switched:                                 0                0    interval
c vivified:                             12342               44 %  checks
c walks:                                    4            28775    interval
c
c ---- [ glue usage ] --------------------------------------------------------
c
c stable glue 2   used 137944 clauses 19.49% accumulated 56.37% tier1
c stable glue 3   used  83680 clauses 11.82% accumulated 68.19%
c stable glue 4-6 used 119178 clauses 16.84% accumulated 85.03%
c stable glue 7   used  29371 clauses  4.15% accumulated 89.18%
c stable glue 8   used  27101 clauses  3.83% accumulated 93.01% tier2
c
c ---- [ resources ] ---------------------------------------------------------
c
c maximum-resident-set-size:        419086336 bytes        400 MB
c process-time:                             2s               2.37 seconds
c
c ---- [ shutting down ] -----------------------------------------------------
c
c exit 20
