c ---- [ banner ] ------------------------------------------------------------
c
c Kissat SAT Solver
c 
c Copyright (c) 2021-2024 Armin Biere University of Freiburg
c Copyright (c) 2019-2021 Armin Biere Johannes Kepler University Linz
c 
c Version 4.0.4 8af8e56f174b778aef3aa45af9f739b2a5f492c2
c gcc (GCC) 15.2.1 20260123 (Red Hat 15.2.1-7) -W -Wall -O3 -DNDEBUG
c Thu Apr 23 06:47:51 PM IST 2026 Linux krishnendu-LN 6.19.12-200.fc43.x86_64 x86_64
c
c ---- [ parsing ] -----------------------------------------------------------
c
c opened and reading DIMACS file:
c
c   /home/krishnendu/Research/fv-invariant-mining/data/circuits/cnf/miter_mult_9bit.cnf
c
c parsed 'p cnf 873 3299' header
c closing input after reading 48449 bytes (47 KB)
c finished parsing after 0.00 seconds
c
c ---- [ options ] -----------------------------------------------------------
c
c --decay=30                       (different from default '50')
c --eliminateeffort=1600           (different from default '100')
c --stable=2                       (different from default '1')
c
c ---- [ solving ] -----------------------------------------------------------
c
c seconds switched rate     size/glue tier1  binary      remaining
c        MB reductions conflicts size  tier2   irredundant
c         level restarts redundant glue  trail       variables
c
c *  0.00  3 0 0 0  0 0   0   0 0.0 0 0 0 0 0% 1142 2155 870 100%
c (  0.00  3 0 0 0  0 0   0   0 0.0 0 0 0 0 0% 1142 2155 870 100%
c .  0.00  3 0 0 0  0 0   0   0 0.0 0 0 0 0 0% 1138 2155 870 100%
c c  0.00  3 0 0 0  0 0   0   0 0.0 0 0 0 0 0% 1186 2153 836 96%
c d  0.00  3 0 0 0  0 0   0   0 0.0 0 0 0 0 0% 1070 2153 836 96%
c =  0.02  3 0 0 0  0 0   0   0 0.0 0 0 0 0 0% 1084 2141 828 95%
c d  0.02  3 0 0 0  0 0   0   0 0.0 0 0 0 0 0% 1064 2141 828 95%
c f  0.02  4 0 0 0  0 0   0   0 0.0 0 0 0 0 0% 1040 2124 852 98%
c )  0.02  4 0 0 0  0 0   0   0 0.0 0 0 0 0 0% 1040 2124 852 98%
c [  0.02  4 0 0 0  0 0   0   0 0.0 0 0 2 6 0% 1040 2124 852 98%
c -  0.04  4 13 0 1  0 1 1001 756 3.2 24 7 4 9 89% 1049 2124 852 98%
c B  0.04  4 13 0 1  0 1 1001 756 3.2 24 7 4 9 89% 1049 2124 852 98%
c -  0.06  4 14 0 2  1 1 2002 1379 2.4 22 9 5 11 89% 1050 2124 852 98%
c W  0.06  4 14 0 2  1 1 2002 1379 2.4 22 9 5 11 89% 1050 2124 852 98%
c -  0.08  4 14 0 3  2 1 3417 1948 2.2 21 10 5 11 86% 1050 2124 852 98%
c u  0.09  4 14 0 3  2 1 3512 1960 2.1 21 10 5 11 86% 1054 2124 852 98%
c v  0.09  4 14 0 3  2 1 3512 1806 2.1 21 10 5 11 86% 1054 2124 852 98%
c w  0.10  4 14 0 3  2 1 3512 1772 2.1 21 10 5 11 86% 1054 2124 852 98%
c x  0.10  4 14 0 3  2 1 3512 1772 2.1 21 10 5 11 86% 1064 2080 852 98%
c =  0.11  4 14 0 3  2 1 3512 1772 2.1 21 10 5 11 86% 1094 2079 837 96%
c
c seconds  switched rate       size/glue  tier1     binary      remaining
c        MB reductions conflicts     size   tier2     irredundant
c         level restarts  redundant     glue    trail       variables
c
c d  0.11  4 14 0 3  2 1 3512 1772 2.1 21 10 5 11 86% 1049 2079 837 96%
c t  0.12  4 14 0 3  2 1 3512 1772 2.1 21 10 5 11 86% 1041 2079 837 96%
c u  0.12  4 14 0 3  2 1 3512 1766 2.1 21 10 5 11 86% 1041 2079 837 96%
c v  0.12  4 14 0 3  2 1 3512 1647 2.1 21 10 5 11 86% 1041 2079 837 96%
c w  0.12  4 14 0 3  2 1 3512 1613 2.1 21 10 5 11 86% 1041 2079 837 96%
c x  0.12  4 14 0 3  2 1 3512 1613 2.1 21 10 5 11 86% 1041 2078 837 96%
c =  0.13  4 14 0 3  2 1 3512 1613 2.1 21 10 5 11 86% 1045 2076 835 96%
c d  0.13  4 14 0 3  2 1 3512 1613 2.1 21 10 5 11 86% 1040 2076 835 96%
c I  0.15  4 14 0 3  3 1 4261 2064 2.0 20 10 5 11 87% 1042 2076 835 96%
c -  0.16  4 14 0 4  3 1 5149 2370 2.0 20 10 5 12 87% 1043 2074 835 96%
c -  0.19  5 14 0 5  5 1 7149 3257 2.0 20 10 5 11 87% 1044 2074 835 96%
c B  0.20  5 14 0 5  5 1 8032 3982 2.0 20 10 5 11 87% 1044 2074 835 96%
c -  0.23  5 14 0 6  6 1 9385 4018 2.0 20 10 5 11 87% 1050 2074 835 96%
c u  0.26  5 14 0 6  6 1 10834 5148 1.9 19 10 5 11 86% 1056 2074 835 96%
c v  0.26  5 14 0 6  6 1 10834 5077 1.9 19 10 5 11 86% 1056 2074 835 96%
c w  0.27  5 14 0 6  6 1 10834 5060 1.9 19 10 5 11 86% 1056 2074 835 96%
c t  0.29  5 14 0 6  6 1 10834 5060 1.9 19 10 5 11 86% 1055 2074 835 96%
c o  0.29  5 14 0 6  6 1 10834 5060 1.9 19 10 5 11 86% 1055 2074 835 96%
c -  0.30  5 14 0 7  6 1 11834 4402 1.9 20 10 5 11 86% 1055 2074 835 96%
c W  0.33  5 14 0 7  8 1 13563 5748 1.9 19 10 5 11 87% 1056 2074 835 96%
c
c seconds  switched rate        size/glue  tier1     binary      remaining
c        MB reductions conflicts      size   tier2     irredundant
c         level restarts   redundant     glue    trail       variables
c
c -  0.35  5 14 0 8  8 1 14479 4691 1.9 20 10 5 11 87% 1056 2074 835 96%
c -  0.41  5 14 0 9 10 1 17307 5020 1.9 19 10 4 11 87% 1056 2074 835 96%
c s  0.42  5 14 0 9 10 1 17553 5200 1.9 19 10 4 11 87% 1057 2069 835 96%
c e  0.42  5 14 0 9 10 1 17553 5200 1.9 19 10 4 11 87% 314 2491 516 59%
c s  0.42  5 14 0 9 10 1 17553 5200 1.9 19 10 4 11 87% 320 2426 516 59%
c e  0.42  5 14 0 9 10 1 17553 5200 1.9 19 10 4 11 87% 314 2430 511 59%
c ^  0.42  5 14 0 9 10 1 17553 5200 1.9 19 10 4 11 87% 314 2430 511 59%
c -  0.47  6 14 0 10 12 1 20307 3312 1.9 19 10 4 11 87% 314 2430 511 59%
c O  0.48  6 14 0 10 13 1 21092 3721 1.9 19 10 4 11 87% 314 2430 511 59%
c o  0.48  6 14 0 10 13 1 21092 3721 1.9 19 10 4 11 87% 314 2430 511 59%
c u  0.51  6 14 0 10 13 1 22194 4096 1.8 19 10 4 11 87% 314 2430 511 59%
c v  0.51  6 14 0 10 13 1 22194 3869 1.8 19 10 4 11 87% 314 2430 511 59%
c w  0.52  7 14 0 10 13 1 22194 3859 1.8 19 10 4 11 87% 314 2430 511 59%
c x  0.52  6 14 0 10 13 1 22194 3859 1.8 19 10 4 11 87% 319 2348 511 59%
c t  0.52  6 14 0 10 13 1 22194 3859 1.8 19 10 4 11 87% 317 2348 511 59%
c f  0.52  6 14 0 10 13 1 22194 3859 1.8 19 10 4 11 87% 360 2253 534 61%
c u  0.52  6 14 0 10 13 1 22194 3847 1.8 19 10 4 11 87% 360 2253 534 61%
c v  0.53  6 14 0 10 13 1 22194 3766 1.8 19 10 4 11 87% 360 2253 534 61%
c w  0.53  6 14 0 10 13 1 22194 3448 1.8 19 10 4 11 87% 360 2253 534 61%
c x  0.53  6 14 0 10 13 1 22194 3448 1.8 19 10 4 11 87% 361 2237 534 61%
c
c seconds  switched  rate        size/glue  tier1    binary      remaining
c        MB  reductions conflicts      size   tier2    irredundant
c         level  restarts   redundant     glue    trail      variables
c
c =  0.56  6 14 0 10 13 1 22194 3448 1.8 19 10 4 11 87% 361 2233 533 61%
c f  0.56  6 14 0 10 13 1 22194 3438 1.8 19 10 4 11 87% 365 2227 534 61%
c -  0.58  6 14 0 11 13 1 23469 3314 1.8 19 10 4 11 87% 365 2227 534 61%
c -  0.64  6 14 0 12 14 1 26786 4300 1.8 19 10 4 11 87% 367 2227 534 61%
c -  0.71  7 14 0 13 14 1 30250 5466 1.8 19 10 4 11 87% 367 2227 534 61%
c B  0.72  7 14 0 13 14 1 30854 5892 1.8 19 10 4 11 87% 367 2227 534 61%
c -  0.79  7 14 0 14 15 1 33855 6328 1.8 19 10 4 11 87% 367 2227 534 61%
c s  0.83  6 13 0 14 17 1 35528 7485 1.8 19 10 4 11 87% 367 2226 534 61%
c e  0.83  6 13 0 14 17 1 35528 7485 1.8 19 10 4 11 87% 257 2388 459 53%
c s  0.83  6 13 0 14 17 1 35528 7485 1.8 19 10 4 11 87% 258 2358 459 53%
c e  0.83  6 13 0 14 17 1 35528 7485 1.8 19 10 4 11 87% 247 2371 455 52%
c ^  0.83  6 13 0 14 17 1 35528 7485 1.8 19 10 4 11 87% 247 2371 455 52%
c -  0.87  6 13 0 15 18 1 37596 3933 1.8 19 10 4 11 87% 247 2371 455 52%
c u  0.88  6 13 0 15 19 1 38348 4322 1.8 19 10 4 11 87% 247 2371 455 52%
c v  0.90  6 13 0 15 19 1 38348 3967 1.8 19 10 4 11 87% 247 2371 455 52%
c w  0.90  6 13 0 15 19 1 38348 3181 1.8 19 10 4 11 87% 247 2371 455 52%
c t  0.94  6 13 0 15 19 1 38348 3181 1.8 19 10 4 11 87% 246 2371 455 52%
c f  0.94  6 13 0 15 19 1 38348 3181 1.8 19 10 4 11 87% 253 2349 460 53%
c u  0.94  6 13 0 15 19 1 38348 3163 1.8 19 10 4 11 87% 253 2349 460 53%
c v  0.95  6 13 0 15 19 1 38348 2794 1.8 19 10 4 11 87% 253 2349 460 53%
c
c seconds  switched  rate        size/glue  tier1    binary      remaining
c        MB  reductions conflicts      size   tier2    irredundant
c         level  restarts   redundant     glue    trail      variables
c
c w  0.95  6 13 0 15 19 1 38348 2760 1.8 19 10 4 11 87% 253 2349 460 53%
c x  0.96  6 13 0 15 19 1 38348 2759 1.8 19 10 4 11 87% 254 2308 460 53%
c -  1.01  6 14 0 16 21 1 41468 3806 1.8 19 10 4 11 87% 254 2308 460 53%
c W  1.05  6 13 0 16 21 1 43079 4712 1.8 19 10 4 11 87% 255 2308 460 53%
c o  1.05  6 13 0 16 21 1 43079 4712 1.8 19 10 4 11 87% 255 2308 460 53%
c -  1.09  6 13 0 17 22 1 45469 4562 1.8 19 10 3 10 87% 255 2308 460 53%
c -  1.17  6 13 0 18 25 1 49592 5449 1.8 19 10 3 10 87% 256 2308 460 53%
c -  1.25  6 13 0 19 28 1 53836 5873 1.8 18 10 3 10 87% 256 2308 460 53%
c I  1.32  6 13 0 19 29 1 57985 8920 1.8 18 10 3 10 87% 256 2308 460 53%
c -  1.32  6 13 0 20 29 1 58194 6684 1.8 18 10 3 10 87% 256 2308 460 53%
c u  1.34  6 13 0 20 29 1 59190 7099 1.8 18 10 3 10 87% 256 2308 460 53%
c v  1.35  7 13 0 20 29 1 59190 6944 1.8 18 10 3 10 87% 256 2308 460 53%
c w  1.36  8 13 0 20 29 1 59190 6581 1.8 18 10 3 10 87% 256 2308 460 53%
c x  1.36  8 13 0 20 29 1 59190 6579 1.8 18 10 3 10 87% 256 2301 460 53%
c =  1.40  8 13 0 20 29 1 59190 6579 1.8 18 10 3 10 87% 258 2299 459 53%
c d  1.40  8 13 0 20 29 1 59190 6579 1.8 18 10 3 10 87% 256 2299 459 53%
c t  1.40  8 13 0 20 29 1 59190 6579 1.8 18 10 3 10 87% 255 2299 459 53%
c u  1.41  8 13 0 20 29 1 59190 6540 1.8 18 10 3 10 87% 255 2299 459 53%
c v  1.42  8 13 0 20 29 1 59190 6322 1.8 18 10 3 10 87% 255 2299 459 53%
c w  1.43  8 13 0 20 29 1 59190 6080 1.8 18 10 3 10 87% 255 2299 459 53%
c
c seconds  switched  rate        size/glue  tier1    binary      remaining
c        MB  reductions conflicts      size   tier2    irredundant
c         level  restarts   redundant     glue    trail      variables
c
c -  1.53  7 13 0 21 29 1 62666 5643 1.8 18 10 3 10 87% 256 2299 459 53%
c -  1.61  7 13 0 22 30 1 67249 5787 1.7 18 10 3 10 87% 256 2299 459 53%
c -  1.70  7 13 0 23 30 1 71939 6472 1.7 18 10 3 10 87% 256 2299 459 53%
c e  1.75  7 13 0 23 30 1 74812 8221 1.7 18 10 3 10 86% 203 2436 413 47%
c s  1.75  7 13 0 23 30 1 74812 8221 1.7 18 10 3 10 86% 203 2421 413 47%
c e  1.75  7 13 0 23 30 1 74812 8221 1.7 18 10 3 10 86% 201 2424 412 47%
c ^  1.75  7 13 0 23 30 1 74812 8221 1.7 18 10 3 10 86% 201 2424 412 47%
c o  1.75  7 13 0 23 30 1 74812 4653 1.7 18 10 3 10 86% 201 2424 412 47%
c B  1.76  7 13 0 23 30 1 75787 5236 1.7 18 10 3 10 86% 201 2424 412 47%
c -  1.78  7 13 0 24 30 1 76734 4513 1.7 18 10 3 10 86% 201 2424 412 47%
c -  1.87  7 13 0 25 30 1 81633 5971 1.7 18 10 3 10 86% 201 2424 412 47%
c u  1.94  6 13 0 25 33 1 84847 7622 1.7 18 10 3 10 86% 201 2424 412 47%
c v  1.95  6 13 0 25 33 1 84847 7345 1.7 18 10 3 10 86% 201 2424 412 47%
c w  1.96  8 13 0 25 33 1 84847 6207 1.7 18 10 3 10 86% 201 2424 412 47%
c x  1.96  7 13 0 25 33 1 84847 6206 1.7 18 10 3 10 86% 203 2397 412 47%
c t  1.96  7 13 0 25 33 1 84847 6206 1.7 18 10 3 10 86% 201 2397 412 47%
c -  2.00  7 13 0 26 33 1 86633 5163 1.7 18 10 3 10 86% 201 2397 412 47%
c -  2.10  7 13 0 27 37 1 91733 6165 1.7 18 10 3 10 86% 201 2397 412 47%
c W  2.21  7 13 0 27 39 1 96699 9290 1.7 18 10 3 10 86% 201 2397 412 47%
c -  2.21  7 13 0 28 39 1 96930 6939 1.7 18 10 3 10 86% 201 2397 412 47%
c
c seconds  switched  rate         size/glue  tier1    binary      remaining
c        MB  reductions conflicts       size   tier2    irredundant
c         level  restarts    redundant     glue    trail      variables
c
c -  2.33  7 13 0 29 43 1 102222 7106 1.7 17 10 3 10 86% 202 2397 412 47%
c -  2.43  7 13 0 30 45 1 107608 6800 1.7 17 10 3 9 86% 203 2397 412 47%
c -  2.55  7 13 0 31 45 1 113086 6336 1.7 17 10 3 9 87% 203 2397 412 47%
c u  2.60  7 13 0 31 45 1 115401 7696 1.7 17 10 3 9 87% 203 2397 412 47%
c v  2.61  8 13 0 31 45 1 115401 7118 1.7 17 10 3 9 87% 203 2397 412 47%
c w  2.62  8 13 0 31 45 1 115401 6472 1.7 17 10 3 9 87% 203 2397 412 47%
c x  2.62  8 13 0 31 45 1 115401 6472 1.7 17 10 3 9 87% 203 2391 412 47%
c t  2.69  8 13 0 31 45 1 115401 6472 1.7 17 10 3 9 87% 202 2391 412 47%
c o  2.70  8 13 0 31 45 1 115401 6472 1.7 17 10 3 9 87% 202 2391 412 47%
c -  2.75  7 13 0 32 48 1 118653 5958 1.7 17 10 3 9 87% 202 2391 412 47%
c O  2.79  7 13 0 32 50 1 120924 7463 1.7 17 10 3 9 87% 202 2391 412 47%
c -  2.86  7 13 0 33 52 1 124310 6522 1.7 17 10 3 9 87% 202 2391 412 47%
c -  2.97  7 13 0 34 55 1 130054 6982 1.7 17 10 3 9 87% 202 2391 412 47%
c -  3.09  7 13 0 35 58 1 135884 7553 1.7 17 10 3 9 87% 202 2391 412 47%
c s  3.12  8 13 0 35 59 1 138056 8793 1.7 17 10 3 9 87% 202 2388 412 47%
c e  3.13  8 13 0 35 59 1 138056 8793 1.7 17 10 3 9 87% 130 2631 364 42%
c s  3.13  8 13 0 35 59 1 138056 8793 1.7 17 10 3 9 87% 130 2577 364 42%
c e  3.13  8 13 0 35 59 1 138056 8793 1.7 17 10 3 9 87% 125 2596 360 41%
c ^  3.13  8 13 0 35 59 1 138056 8793 1.7 17 10 3 9 87% 125 2596 360 41%
c -  3.20  7 13 0 36 60 1 141801 6087 1.7 17 10 3 9 87% 125 2596 360 41%
c
c seconds  switched  rate         size/glue  tier1   binary      remaining
c        MB  reductions conflicts       size   tier2   irredundant
c         level  restarts    redundant     glue   trail      variables
c
c -  3.30  7 12 0 37 60 1 147803 7191 1.7 16 10 3 9 87% 125 2596 360 41%
c B  3.31  7 12 0 37 61 1 148664 7714 1.7 16 10 3 9 87% 125 2596 360 41%
c u  3.36  7 12 0 37 61 1 151120 8792 1.7 16 10 3 9 87% 125 2596 360 41%
c v  3.38  8 12 0 37 61 1 151120 7917 1.7 16 10 3 9 87% 125 2596 360 41%
c w  3.39  8 12 0 37 61 1 151120 6028 1.7 16 10 3 9 87% 125 2596 360 41%
c t  3.39  8 12 0 37 61 1 151120 6028 1.7 16 10 3 9 87% 124 2596 360 41%
c -  3.44  7 12 0 38 61 1 153885 6398 1.7 16 10 3 9 87% 124 2596 360 41%
c -  3.57  7 12 0 39 61 1 160050 7359 1.6 16 10 2 9 87% 124 2596 360 41%
c -  3.69  7 12 0 40 62 1 166295 7856 1.6 16 10 2 9 87% 124 2596 360 41%
c -  3.81  7 12 0 41 62 1 172619 8350 1.6 16 10 2 9 86% 124 2596 360 41%
c -  3.94  8 12 0 42 62 1 179023 8019 1.6 16 10 2 9 87% 124 2596 360 41%
c W  3.96  7 12 0 42 62 1 180114 8790 1.7 16 10 2 9 87% 124 2596 360 41%
c o  3.96  7 12 0 42 62 1 180114 8790 1.7 16 10 2 9 87% 124 2596 360 41%
c -  4.06  7 12 0 43 62 1 185504 8380 1.7 16 10 2 9 87% 124 2596 360 41%
c u  4.19  8 12 0 43 62 1 191771 11267 1.6 16 10 2 9 87% 124 2596 360 41%
c v  4.20  8 12 0 43 62 1 191771 10455 1.6 16 10 2 9 87% 124 2596 360 41%
c w  4.21  8 12 0 43 62 1 191771 8463 1.6 16 10 2 9 87% 124 2596 360 41%
c x  4.22  7 12 0 43 62 1 191771 8459 1.6 16 10 2 9 87% 126 2527 360 41%
c t  4.22  7 12 0 43 62 1 191771 8459 1.6 16 10 2 9 87% 125 2527 360 41%
c -  4.23  7 12 0 44 62 1 192062 5908 1.6 16 10 2 9 87% 125 2527 360 41%
c
c seconds  switched  rate         size/glue  tier1   binary      remaining
c        MB  reductions conflicts       size   tier2   irredundant
c         level  restarts    redundant     glue   trail      variables
c
c -  4.35  7 12 0 45 64 1 198695 6920 1.6 16 10 2 9 87% 125 2527 360 41%
c -  4.47  8 12 0 46 68 1 205403 8070 1.6 16 10 2 9 87% 125 2527 360 41%
c -  4.60  7 12 0 47 72 1 212185 7061 1.6 16 10 2 8 87% 125 2527 360 41%
c I  4.67  7 12 0 47 74 1 215466 8413 1.6 16 10 2 8 87% 125 2527 360 41%
c -  4.72  8 12 0 48 76 1 219040 7622 1.6 16 10 2 9 87% 125 2527 360 41%
c -  4.84  8 12 0 49 77 1 225968 8223 1.6 16 10 2 9 87% 125 2527 360 41%
c s  4.87  8 12 0 49 77 1 227379 9002 1.6 16 10 2 9 87% 126 2519 360 41%
c e  4.87  8 12 0 49 77 1 227379 9002 1.6 16 10 2 9 87%  91 2861 312 36%
c s  4.87  8 12 0 49 77 1 227379 9002 1.6 16 10 2 9 87%  91 2791 312 36%
c e  4.87  8 12 0 49 77 1 227379 9002 1.6 16 10 2 9 87%  88 2809 309 35%
c ^  4.87  8 12 0 49 77 1 227379 9002 1.6 16 10 2 9 87%  88 2809 309 35%
c -  4.96  7 12 0 50 80 1 232968 5915 1.6 16 10 2 9 87%  88 2809 309 35%
c u  5.06  7 12 0 50 83 1 237985 8545 1.6 16 10 2 9 87%  88 2809 309 35%
c v  5.07  7 12 0 50 83 1 237985 7824 1.6 16 10 2 9 87%  88 2809 309 35%
c w  5.08  8 12 0 50 83 1 237985 5442 1.6 16 10 2 9 87%  88 2809 309 35%
c x  5.09  7 12 0 50 83 1 237985 5442 1.6 16 10 2 9 87%  89 2738 309 35%
c =  5.18  7 12 0 50 83 1 237985 5442 1.6 16 10 2 9 87%  91 2738 308 35%
c d  5.18  7 12 0 50 83 1 237985 5438 1.6 16 10 2 9 87%  89 2738 308 35%
c t  5.18  7 12 0 50 83 1 237985 5438 1.6 16 10 2 9 87%  88 2738 308 35%
c u  5.19  6 12 0 50 83 1 237985 5367 1.6 16 10 2 9 87%  88 2738 308 35%
c
c seconds  switched  rate         size/glue  tier1   binary      remaining
c        MB  reductions conflicts       size   tier2   irredundant
c         level  restarts    redundant     glue   trail      variables
c
c v  5.21  6 12 0 50 83 1 237985 4625 1.6 16 10 2 9 87%  88 2738 308 35%
c w  5.22  6 12 0 50 83 1 237985 4002 1.6 16 10 2 9 87%  88 2738 308 35%
c x  5.22  6 12 0 50 83 1 237985 4000 1.6 16 10 2 9 87%  88 2725 308 35%
c -  5.26  6 12 0 51 84 1 240040 3798 1.6 16 10 2 9 87%  88 2717 308 35%
c -  5.37  6 12 0 52 88 1 247182 5924 1.6 16 10 2 9 87%  88 2717 308 35%
c -  5.50  7 12 0 53 91 1 254393 8009 1.6 16 10 2 9 87%  88 2717 308 35%
c B  5.51  7 12 0 53 91 1 254906 8342 1.6 16 10 2 9 87%  88 2717 308 35%
c o  5.51  7 12 0 53 91 1 254906 8342 1.6 16 10 2 9 87%  88 2717 308 35%
c -  5.63  8 12 0 54 92 1 261674 8872 1.6 16 10 2 9 87%  88 2717 308 35%
c -  5.77  8 12 0 55 93 1 269022 8769 1.6 16 10 2 9 87%  88 2717 308 35%
c -  5.91  8 12 0 56 93 1 276439 7858 1.6 16 10 2 8 87%  88 2717 308 35%
c -  6.06  8 12 0 57 96 1 283923 8381 1.6 16 10 2 8 87%  88 2716 308 35%
c u  6.19  8 12 0 57 100 1 289218 10429 1.6 16 10 2 8 87%  88 2716 308 35%
c v  6.22  8 12 0 57 100 1 289218 9437 1.6 16 10 2 8 87%  88 2716 308 35%
c w  6.23  8 12 0 57 100 1 289218 7064 1.6 16 10 2 8 87%  88 2716 308 35%
c -  6.28  7 12 0 58 100 1 291472 6433 1.6 16 10 2 8 87%  88 2716 308 35%
c W  6.41  7 12 0 58 106 1 298617 10440 1.6 16 10 2 8 87%  88 2716 308 35%
c -  6.42  7 12 0 59 106 1 299087 7590 1.6 16 10 2 8 87%  88 2716 308 35%
c -  6.55  7 12 0 60 108 1 306768 8522 1.6 16 10 2 8 87%  88 2716 308 35%
c -  6.71  8 12 0 61 110 1 314513 9042 1.6 15 10 2 8 87%  89 2716 308 35%
c
c seconds  switched   rate         size/glue  tier1   binary      remaining
c        MB  reductions conflicts        size   tier2   irredundant
c         level  restarts     redundant     glue   trail      variables
c
c -  6.87  8 12 0 62 115 1 322323 9355 1.6 15 10 2 8 87%  89 2716 308 35%
c -  7.02  8 12 0 63 119 1 330197 8952 1.6 15 10 2 8 87%  89 2716 308 35%
c -  7.15  8 12 0 64 123 1 338135 9774 1.6 15 10 2 8 87%  89 2716 308 35%
c s  7.26  8 12 0 64 123 1 344369 13519 1.6 15 10 2 8 87%  93 2709 308 35%
c e  7.26  8 12 0 64 123 1 344369 13519 1.6 15 10 2 8 87%  60 3311 263 30%
c s  7.26  8 12 0 64 123 1 344369 13519 1.6 15 10 2 8 87%  62 3155 263 30%
c e  7.26  8 12 0 64 123 1 344369 13519 1.6 15 10 2 8 87%  60 3199 260 30%
c !  7.26  8 12 0 64 123 1 344369 13519 1.6 15 10 2 8 87%  60 3199 260 30%
c o  7.26  8 12 0 64 123 1 344369 8135 1.6 15 10 2 8 87%  60 3199 260 30%
c u  7.30  8 12 0 64 124 1 346030 8724 1.6 15 10 2 8 87%  68 3199 260 30%
c v  7.32  8 12 0 64 124 1 346030 6907 1.6 15 10 2 8 87%  68 3199 260 30%
c w  7.34  8 12 0 64 124 1 346030 3394 1.6 15 10 2 8 87%  68 3199 260 30%
c x  7.34  7 12 0 64 124 1 346030 3383 1.6 15 10 2 8 87%  74 3003 260 30%
c t  7.34  7 12 0 64 124 1 346030 3383 1.6 15 10 2 8 87%  70 3003 260 30%
c -  7.35  6 12 0 65 124 1 346137 2831 1.6 15 10 2 8 87%  70 3003 260 30%
c O  7.36  6 12 0 65 124 1 346779 3128 1.6 15 10 2 8 87%  70 3003 260 30%
c -  7.48  7 12 0 66 124 1 354199 5427 1.6 15 10 2 8 87%  70 3003 260 30%
c -  7.62  7 11 0 67 125 1 362324 7117 1.6 15 9 2 8 87%  70 3003 260 30%
c -  7.76  8 11 0 68 125 1 370509 8277 1.6 15 9 2 8 87%  71 3003 260 30%
c -  7.90  8 11 0 69 125 1 378755 8914 1.6 15 9 2 8 87%  72 3003 260 30%
c
c seconds  switched   rate         size/glue tier1   binary      remaining
c        MB  reductions conflicts        size  tier2   irredundant
c         level  restarts     redundant    glue   trail      variables
c
c -  8.04  8 11 0 70 125 1 387062 9388 1.6 14 9 2 8 87%  75 3003 260 30%
c i  8.05  8 11 0 70 125 1 388227 9863 1.6 14 9 2 8 87%  85 3003 259 30%
c i  8.15  8 11 0 70 125 1 394381 14705 1.6 14 9 2 8 87%  87 3003 258 30%
c -  8.17  7 11 0 71 126 1 395428 5034 1.6 14 9 2 8 87%  70 3003 258 30%
c B  8.23  7 11 0 71 126 1 399566 7244 1.6 14 9 2 8 87%  70 3003 258 30%
c -  8.31  7 11 0 72 126 1 403854 7346 1.6 14 9 2 8 87%  70 3003 258 30%
c u  8.40  8 11 0 72 126 1 407587 8444 1.6 14 9 2 8 87% 110 2789 258 30%
c v  8.42  7 11 0 72 126 1 407587 7748 1.6 14 9 2 8 87% 112 2789 258 30%
c w  8.43  8 11 0 72 126 1 407587 6224 1.6 14 9 2 8 87% 112 2789 258 30%
c x  8.44  8 11 0 72 126 1 407587 6219 1.6 14 9 2 8 87% 125 2622 258 30%
c d  8.44  8 11 0 72 126 1 407587 6219 1.6 14 9 2 8 87% 123 2622 257 29%
c t  8.44  8 11 0 72 126 1 407587 6219 1.6 14 9 2 8 87% 104 2622 257 29%
c u  8.45  8 11 0 72 126 1 407587 6006 1.6 14 9 2 8 87% 105 2622 257 29%
c v  8.48  8 11 0 72 126 1 407587 5263 1.6 14 9 2 8 87% 109 2622 257 29%
c w  8.48  8 11 0 72 126 1 407587 5094 1.6 14 9 2 8 87% 109 2622 257 29%
c x  8.49  8 11 0 72 126 1 407587 5094 1.6 14 9 2 8 87% 109 2608 257 29%
c =  8.61  8 11 0 72 126 1 407587 5094 1.6 14 9 2 8 87% 111 2596 256 29%
c d  8.61  8 11 0 72 126 1 407587 4730 1.6 14 9 2 8 87% 108 2596 256 29%
c t  8.61  8 11 0 72 126 1 407587 4730 1.6 14 9 2 8 87% 103 2596 256 29%
c -  8.68  7 11 0 73 126 1 412339 5374 1.6 14 9 2 8 87% 103 2596 256 29%
c
c seconds  switched   rate         size/glue tier1   binary      remaining
c        MB  reductions conflicts        size  tier2   irredundant
c         level  restarts     redundant    glue   trail      variables
c
c -  8.82  7 11 0 74 126 1 420883 7672 1.6 14 9 2 8 87% 103 2596 256 29%
c -  8.96  8 11 0 75 126 1 429486 9653 1.6 14 9 2 8 87% 104 2596 256 29%
c -  9.10  8 11 0 76 126 1 438147 10717 1.6 14 9 2 8 87% 105 2596 256 29%
c i  9.17  8 11 0 76 126 1 442941 12965 1.6 14 9 2 8 87% 116 2596 253 29%
c o  9.17  8 11 0 76 126 1 442941 12965 1.6 14 9 2 8 87% 116 2596 253 29%
c -  9.23  7 11 0 77 126 1 446866 5962 1.6 14 9 2 8 87% 106 2596 253 29%
c i  9.34  8 11 0 77 126 1 453713 8957 1.6 14 9 2 8 87% 116 2596 248 28%
c i  9.36  7 11 0 77 126 1 454910 9572 1.6 14 9 2 8 87% 119 2596 241 28%
c -  9.37  7 11 0 78 126 1 455640 4109 1.6 14 9 2 8 87%  97 2596 241 28%
c i  9.38  7 11 0 78 126 1 456094 4263 1.6 14 9 2 8 87% 104 2596 223 26%
c i  9.38  7 11 0 78 126 1 456359 4349 1.6 14 9 2 8 87% 108 2596 222 25%
c W  9.40  6 11 0 78 126 1 457151 4729 1.6 14 9 2 8 87%  72 1759 222 25%
c i  9.40  6 11 0 78 126 1 457468 4854 1.6 14 9 2 8 87%  79 1759 210 24%
c i  9.40  6 11 0 78 126 1 457797 4992 1.6 14 9 2 8 87%  86 1759 209 24%
c i  9.40  6 11 0 78 126 1 457903 5027 1.6 14 9 2 8 87%  91 1759 208 24%
c i  9.41  6 11 0 78 126 1 458106 5113 1.6 14 9 2 8 87%  95 1759 193 22%
c i  9.41  6 11 0 78 126 1 458233 5159 1.6 14 9 2 8 87% 102 1757 189 22%
c ]  9.41  6 11 0 78 126 1 458239 5159 1.6 14 9 2 8 87% 105 1757 141 16%
c 0  9.41  6 0 0 78 126 0 458239 5159 0.0 0 0 2 6 0% 105 1757 141 16%
c
c ---- [ result ] ------------------------------------------------------------
c
s UNSATISFIABLE
c
c ---- [ profiling ] ---------------------------------------------------------
c
c           8.27   87.88 %  search
c           8.27   87.88 %  stable
c           1.12   11.91 %  simplify
c           1.10   11.65 %  probe
c           0.56    5.99 %  vivify
c           0.49    5.24 %  sweep
c           0.07    0.80 %  reduce
c           0.03    0.28 %  eliminate
c           0.02    0.20 %  preprocess
c           0.02    0.19 %  walking
c           0.02    0.19 %  substitute
c           0.02    0.16 %  factor
c           0.00    0.05 %  subsume
c           0.00    0.05 %  congruence
c           0.00    0.02 %  transitive
c           0.00    0.01 %  backbone
c           0.00    0.00 %  lucky
c           0.00    0.00 %  parse
c =============================================
c           9.41  100.00 %  total
c
c ---- [ statistics ] --------------------------------------------------------
c
c conflicts:                           458239            48699.12 per second
c congruent:                               34                4 %  variables
c decisions:                           494307                1.08 per conflict
c eliminated:                             601               69 %  variables
c factored:                                53                6 %  variables
c iterations:                              13                1 %  variables
c propagations:                      55842096          5934590    per second
c reductions:                              78             5875    interval
c reordered:                                9            50915    interval
c rephased:                                20            22912    interval
c restarts:                               126             3637    interval
c strengthened:                           720                0 %  checks
c substituted:                             62                7 %  variables
c subsumed:                               400                0 %  checks
c switched:                                 0                0    interval
c vivified:                             47477               48 %  checks
c walks:                                    7            65463    interval
c
c ---- [ glue usage ] --------------------------------------------------------
c
c stable glue 2   used 864616 clauses 19.67% accumulated 57.45% tier1
c stable glue 3   used 595466 clauses 13.55% accumulated 71.00%
c stable glue 4-6 used 693174 clauses 15.77% accumulated 86.77%
c stable glue 7   used 121914 clauses  2.77% accumulated 89.54%
c stable glue 8   used 105791 clauses  2.41% accumulated 91.95% tier2
c
c ---- [ resources ] ---------------------------------------------------------
c
c maximum-resident-set-size:        423501824 bytes        404 MB
c process-time:                             9s               9.41 seconds
c
c ---- [ shutting down ] -----------------------------------------------------
c
c exit 20
