c ---- [ banner ] ------------------------------------------------------------
c
c Kissat SAT Solver
c 
c Copyright (c) 2021-2024 Armin Biere University of Freiburg
c Copyright (c) 2019-2021 Armin Biere Johannes Kepler University Linz
c 
c Version 4.0.4 8af8e56f174b778aef3aa45af9f739b2a5f492c2
c gcc (GCC) 15.2.1 20260123 (Red Hat 15.2.1-7) -W -Wall -O3 -DNDEBUG
c Thu Apr 23 06:47:51 PM IST 2026 Linux krishnendu-LN 6.19.12-200.fc43.x86_64 x86_64
c
c ---- [ parsing ] -----------------------------------------------------------
c
c opened and reading DIMACS file:
c
c   /home/krishnendu/Research/fv-invariant-mining/data/circuits/cnf/miter_mult_9bit.cnf
c
c parsed 'p cnf 873 3299' header
c closing input after reading 48449 bytes (47 KB)
c finished parsing after 0.00 seconds
c
c ---- [ options ] -----------------------------------------------------------
c
c --decay=1                        (different from default '50')
c --stable=2                       (different from default '1')
c
c ---- [ solving ] -----------------------------------------------------------
c
c seconds switched rate     size/glue tier1  binary      remaining
c        MB reductions conflicts size  tier2   irredundant
c         level restarts redundant glue  trail       variables
c
c *  0.00  3 0 0 0  0 0   0   0 0.0 0 0 0 0 0% 1142 2155 870 100%
c (  0.00  3 0 0 0  0 0   0   0 0.0 0 0 0 0 0% 1142 2155 870 100%
c .  0.00  3 0 0 0  0 0   0   0 0.0 0 0 0 0 0% 1138 2155 870 100%
c c  0.00  3 0 0 0  0 0   0   0 0.0 0 0 0 0 0% 1186 2153 836 96%
c d  0.00  3 0 0 0  0 0   0   0 0.0 0 0 0 0 0% 1070 2153 836 96%
c =  0.02  3 0 0 0  0 0   0   0 0.0 0 0 0 0 0% 1084 2141 828 95%
c d  0.02  3 0 0 0  0 0   0   0 0.0 0 0 0 0 0% 1064 2141 828 95%
c f  0.02  4 0 0 0  0 0   0   0 0.0 0 0 0 0 0% 1040 2124 852 98%
c )  0.02  4 0 0 0  0 0   0   0 0.0 0 0 0 0 0% 1040 2124 852 98%
c [  0.02  4 0 0 0  0 0   0   0 0.0 0 0 2 6 0% 1040 2124 852 98%
c -  0.04  4 12 0 1  0 1 1000 733 3.1 25 8 3 9 87% 1043 2124 852 98%
c B  0.04  4 12 0 1  0 1 1002 735 3.1 25 8 3 9 87% 1043 2124 852 98%
c -  0.06  4 13 0 2  1 1 2002 1338 2.4 23 9 3 11 86% 1043 2124 852 98%
c W  0.06  4 13 0 2  1 1 2005 1340 2.4 23 9 3 11 86% 1043 2124 852 98%
c -  0.09  4 13 0 3  2 1 3417 1889 2.3 23 10 4 12 88% 1043 2124 852 98%
c u  0.10  4 13 0 3  2 1 3511 1940 2.3 23 10 4 12 88% 1047 2124 852 98%
c v  0.10  4 13 0 3  2 1 3511 1841 2.3 23 10 4 12 88% 1047 2124 852 98%
c w  0.10  4 13 0 3  2 1 3511 1754 2.3 23 10 4 12 88% 1047 2124 852 98%
c x  0.11  4 13 0 3  2 1 3511 1754 2.3 23 10 4 12 88% 1058 2087 852 98%
c =  0.12  4 13 0 3  2 1 3511 1754 2.3 23 10 4 12 88% 1088 2086 837 96%
c
c seconds  switched rate       size/glue  tier1     binary      remaining
c        MB reductions conflicts     size   tier2     irredundant
c         level restarts  redundant     glue    trail       variables
c
c d  0.12  4 13 0 3  2 1 3511 1754 2.3 23 10 4 12 88% 1043 2086 837 96%
c t  0.12  4 13 0 3  2 1 3511 1754 2.3 23 10 4 12 88% 1036 2086 837 96%
c u  0.12  4 13 0 3  2 1 3511 1743 2.3 23 10 4 12 88% 1037 2086 837 96%
c v  0.13  4 13 0 3  2 1 3511 1637 2.3 23 10 4 12 88% 1037 2086 837 96%
c w  0.13  5 13 0 3  2 1 3511 1344 2.3 23 10 4 12 88% 1037 2086 837 96%
c x  0.13  5 13 0 3  2 1 3511 1344 2.3 23 10 4 12 88% 1037 2083 837 96%
c =  0.14  5 13 0 3  2 1 3511 1344 2.3 23 10 4 12 88% 1041 2081 835 96%
c d  0.14  5 13 0 3  2 1 3511 1344 2.3 23 10 4 12 88% 1036 2081 835 96%
c I  0.15  5 14 0 3  3 1 4264 1917 2.2 22 10 4 12 89% 1036 2079 835 96%
c -  0.16  5 14 0 4  4 1 5149 2137 2.1 21 10 5 12 89% 1039 2079 835 96%
c -  0.19  5 14 0 5  5 1 7150 3089 1.9 20 10 6 12 89% 1041 2079 835 96%
c B  0.21  5 14 0 5  5 1 8036 3740 1.9 20 11 6 12 89% 1041 2079 835 96%
c -  0.23  5 14 0 6  6 1 9387 3403 1.8 19 11 5 12 90% 1043 2079 835 96%
c u  0.26  5 14 0 6  6 1 10833 4220 1.8 19 11 5 12 90% 1048 2079 835 96%
c v  0.26  5 14 0 6  6 1 10833 4095 1.8 19 11 5 12 90% 1048 2079 835 96%
c w  0.27  5 14 0 6  6 1 10833 4078 1.8 19 11 5 12 90% 1048 2079 835 96%
c t  0.28  5 14 0 6  6 1 10833 4078 1.8 19 11 5 12 90% 1045 2079 835 96%
c o  0.28  5 14 0 6  6 1 10833 4078 1.8 19 11 5 12 90% 1045 2079 835 96%
c -  0.31  5 14 0 7  6 1 11838 3064 1.7 18 11 5 12 90% 1045 2079 835 96%
c W  0.36  5 13 0 7  8 1 13566 3337 1.6 18 11 5 12 92% 1045 2079 835 96%
c
c seconds  switched rate        size/glue  tier1     binary      remaining
c        MB reductions conflicts      size   tier2     irredundant
c         level restarts   redundant     glue    trail       variables
c
c -  0.38  5 13 0 8  9 1 14483 2366 1.6 17 11 4 12 92% 1045 2079 835 96%
c -  0.45  5 13 0 9 10 1 17311 2031 1.6 17 11 4 12 93% 1045 2079 835 96%
c s  0.46  5 13 0 9 11 1 17552 2143 1.6 17 11 4 12 93% 1046 2074 835 96%
c e  0.46  5 13 0 9 11 1 17552 2143 1.6 17 11 4 12 93% 305 2491 521 60%
c s  0.46  5 13 0 9 11 1 17552 2143 1.6 17 11 4 12 93% 309 2439 521 60%
c e  0.46  5 13 0 9 11 1 17552 2143 1.6 17 11 4 12 93% 289 2457 512 59%
c ^  0.46  5 13 0 9 11 1 17552 2143 1.6 17 11 4 12 93% 289 2457 512 59%
c -  0.50  5 13 0 10 12 1 20312 1999 1.6 17 10 4 11 94% 289 2457 512 59%
c O  0.51  5 13 0 10 13 1 21094 2560 1.6 17 10 4 11 93% 289 2457 512 59%
c o  0.51  5 13 0 10 13 1 21094 2560 1.6 17 10 4 11 93% 289 2457 512 59%
c u  0.54  5 13 0 10 13 1 22197 2601 1.6 16 10 4 11 94% 289 2457 512 59%
c v  0.54  5 13 0 10 13 1 22197 2460 1.6 16 10 4 11 94% 289 2457 512 59%
c w  0.55  5 13 0 10 13 1 22197 1766 1.6 16 10 4 11 94% 289 2457 512 59%
c x  0.55  5 13 0 10 13 1 22197 1766 1.6 16 10 4 11 94% 294 2356 512 59%
c t  0.55  5 13 0 10 13 1 22197 1766 1.6 16 10 4 11 94% 290 2356 512 59%
c f  0.55  5 13 0 10 13 1 22197 1766 1.6 16 10 4 11 94% 312 2306 525 60%
c u  0.55  5 13 0 10 13 1 22197 1756 1.6 16 10 4 11 94% 312 2306 525 60%
c v  0.56  5 13 0 10 13 1 22197 1649 1.6 16 10 4 11 94% 312 2306 525 60%
c w  0.57  5 13 0 10 13 1 22197 1522 1.6 16 10 4 11 94% 312 2306 525 60%
c x  0.57  5 13 0 10 13 1 22197 1522 1.6 16 10 4 11 94% 312 2303 525 60%
c
c seconds  switched  rate        size/glue  tier1    binary      remaining
c        MB  reductions conflicts      size   tier2    irredundant
c         level  restarts   redundant     glue    trail      variables
c
c -  0.63  5 13 0 11 13 1 23475 1405 1.5 16 10 3 11 94% 312 2303 525 60%
c -  0.69  5 12 0 12 14 1 26791 1364 1.5 16 10 3 11 95% 312 2303 525 60%
c -  0.75  5 12 0 13 14 1 30256 2284 1.5 16 10 3 11 95% 312 2303 525 60%
c B  0.76  5 12 0 13 14 1 30855 2551 1.5 16 10 3 11 95% 312 2303 525 60%
c -  0.80  5 12 0 14 15 1 33862 3565 1.5 16 10 3 11 94% 312 2303 525 60%
c e  0.83  5 12 0 14 17 1 35525 4404 1.5 16 10 3 11 94% 238 2433 457 52%
c s  0.83  5 12 0 14 17 1 35525 4404 1.5 16 10 3 11 94% 241 2406 457 52%
c e  0.83  5 12 0 14 17 1 35525 4404 1.5 16 10 3 11 94% 240 2408 456 52%
c ^  0.83  5 12 0 14 17 1 35525 4404 1.5 16 10 3 11 94% 240 2408 456 52%
c -  0.86  5 12 0 15 18 1 37605 2778 1.5 16 10 3 11 94% 240 2408 456 52%
c u  0.87  5 12 0 15 19 1 38327 3047 1.5 16 10 3 11 94% 240 2408 456 52%
c v  0.87  5 12 0 15 19 1 38327 2830 1.5 16 10 3 11 94% 240 2408 456 52%
c w  0.89  5 12 0 15 19 1 38327 1267 1.5 16 10 3 11 94% 240 2408 456 52%
c -  0.93  5 12 0 16 21 1 41477 2221 1.5 16 10 3 11 94% 240 2408 456 52%
c W  0.96  5 12 0 16 21 1 43080 2857 1.5 16 10 3 11 94% 240 2408 456 52%
c o  0.96  5 12 0 16 21 1 43080 2857 1.5 16 10 3 11 94% 240 2408 456 52%
c -  0.99  5 12 0 17 22 1 45477 3053 1.5 16 10 3 11 94% 240 2408 456 52%
c -  1.05  5 12 0 18 25 1 49601 3334 1.5 15 10 3 11 94% 240 2408 456 52%
c -  1.12  5 12 0 19 28 1 53844 4097 1.5 15 10 3 11 94% 240 2408 456 52%
c I  1.19  5 12 0 19 29 1 57986 6075 1.5 15 10 3 11 94% 240 2408 456 52%
c
c seconds  switched  rate        size/glue  tier1    binary      remaining
c        MB  reductions conflicts      size   tier2    irredundant
c         level  restarts   redundant     glue    trail      variables
c
c -  1.20  5 12 0 20 29 1 58202 4729 1.5 15 10 3 11 94% 240 2408 456 52%
c u  1.21  5 12 0 20 29 1 59052 5116 1.5 15 10 3 11 94% 240 2408 456 52%
c v  1.22  6 12 0 20 29 1 59052 4699 1.5 15 10 3 11 94% 240 2408 456 52%
c w  1.22  7 12 0 20 29 1 59052 3520 1.5 15 10 3 11 94% 240 2408 456 52%
c x  1.23  6 12 0 20 29 1 59052 3520 1.5 15 10 3 11 94% 241 2366 456 52%
c -  1.28  6 12 0 21 29 1 62675 4035 1.5 15 10 3 11 94% 241 2366 456 52%
c -  1.35  6 12 0 22 30 1 67258 4648 1.5 15 10 3 11 94% 241 2366 456 52%
c -  1.43  6 12 0 23 30 1 71949 4778 1.5 15 10 3 11 93% 241 2366 456 52%
c e  1.47  6 12 0 23 30 1 74732 6338 1.5 15 10 3 11 93% 188 2490 418 48%
c s  1.47  6 12 0 23 30 1 74732 6338 1.5 15 10 3 11 93% 188 2467 418 48%
c ^  1.47  6 12 0 23 30 1 74732 6338 1.5 15 10 3 11 93% 188 2467 418 48%
c o  1.47  6 12 0 23 30 1 74732 3621 1.5 15 10 3 11 93% 188 2467 418 48%
c B  1.49  6 12 0 23 30 1 75788 3856 1.5 15 10 3 11 93% 188 2467 418 48%
c -  1.51  6 12 0 24 30 1 76744 2973 1.5 15 10 3 11 93% 188 2467 418 48%
c -  1.60  6 12 0 25 30 1 81644 3049 1.5 15 10 3 11 94% 188 2467 418 48%
c u  1.64  6 12 0 25 33 1 84619 4370 1.5 15 10 3 11 94% 189 2467 418 48%
c v  1.65  7 12 0 25 33 1 84619 3723 1.5 15 10 3 11 94% 189 2467 418 48%
c w  1.66  7 12 0 25 33 1 84619 2366 1.5 15 10 3 11 94% 189 2467 418 48%
c x  1.66  7 12 0 25 33 1 84619 2366 1.5 15 10 3 11 94% 189 2443 418 48%
c =  1.71  7 12 0 25 33 1 84619 2366 1.5 15 10 3 11 94% 191 2437 416 48%
c
c seconds  switched  rate        size/glue  tier1    binary      remaining
c        MB  reductions conflicts      size   tier2    irredundant
c         level  restarts   redundant     glue    trail      variables
c
c d  1.71  7 12 0 25 33 1 84619 2358 1.5 15 10 3 11 94% 189 2437 416 48%
c t  1.71  7 12 0 25 33 1 84619 2358 1.5 15 10 3 11 94% 188 2437 416 48%
c u  1.71  7 12 0 25 33 1 84619 2350 1.5 15 10 3 11 94% 188 2437 416 48%
c v  1.72  7 12 0 25 33 1 84619 2158 1.5 15 10 3 11 94% 188 2437 416 48%
c w  1.73  7 12 0 25 33 1 84619 1727 1.5 15 10 3 11 94% 188 2437 416 48%
c x  1.73  7 12 0 25 33 1 84619 1725 1.5 15 10 3 11 94% 188 2435 416 48%
c -  1.77  6 11 0 26 34 1 86644 1908 1.5 15 10 3 10 94% 187 2435 416 48%
c -  1.84  6 11 0 27 37 1 91744 3301 1.5 15 10 3 10 93% 187 2435 416 48%
c W  1.92  5 11 0 27 40 1 96699 5084 1.5 15 10 3 10 93% 187 2435 416 48%
c -  1.93  5 11 0 28 40 1 96941 4120 1.5 15 10 3 10 93% 187 2435 416 48%
c -  2.01  6 11 0 29 43 1 102232 5136 1.5 15 10 3 10 92% 187 2435 416 48%
c -  2.10  6 11 0 30 45 1 107618 6056 1.5 14 10 3 10 92% 187 2435 416 48%
c -  2.21  6 11 0 31 45 1 113096 6006 1.5 14 10 3 10 92% 187 2435 416 48%
c u  2.26  6 11 0 31 46 1 115123 6630 1.5 14 10 3 10 92% 187 2435 416 48%
c v  2.28  6 11 0 31 46 1 115123 5281 1.5 14 10 3 10 92% 187 2435 416 48%
c w  2.29  6 11 0 31 46 1 115123 2704 1.5 14 10 3 10 92% 187 2435 416 48%
c o  2.36  6 11 0 31 46 1 115123 2704 1.5 14 10 3 10 92% 187 2435 416 48%
c -  2.42  7 11 0 32 48 1 118663 2938 1.5 14 10 3 10 92% 187 2435 416 48%
c O  2.47  7 11 0 32 50 1 120924 3540 1.5 14 10 3 10 92% 187 2435 416 48%
c -  2.53  7 11 0 33 52 1 124320 4176 1.5 14 10 3 10 92% 187 2435 416 48%
c
c seconds  switched  rate         size/glue  tier1    binary      remaining
c        MB  reductions conflicts       size   tier2    irredundant
c         level  restarts    redundant     glue    trail      variables
c
c -  2.62  7 11 0 34 55 1 130065 4685 1.5 14 10 3 10 92% 187 2435 416 48%
c -  2.72  7 11 0 35 59 1 135896 4926 1.5 14 10 3 10 91% 187 2435 416 48%
c e  2.75  7 11 0 35 59 1 137856 5639 1.5 14 10 3 10 91% 135 2617 377 43%
c s  2.75  7 11 0 35 59 1 137856 5639 1.5 14 10 3 10 91% 137 2562 377 43%
c e  2.76  7 11 0 35 59 1 137856 5639 1.5 14 10 3 10 91% 134 2572 374 43%
c ^  2.76  7 11 0 35 59 1 137856 5639 1.5 14 10 3 10 91% 134 2572 374 43%
c -  2.82  7 11 0 36 60 1 141813 4192 1.5 14 10 2 10 91% 134 2572 374 43%
c -  2.91  7 11 0 37 60 1 147814 4829 1.5 14 9 2 10 91% 134 2572 374 43%
c B  2.92  7 11 0 37 61 1 148665 5222 1.5 14 9 2 10 90% 134 2572 374 43%
c u  2.96  7 11 0 37 61 1 150775 5981 1.5 14 9 2 10 91% 134 2572 374 43%
c v  2.98  7 11 0 37 61 1 150775 5180 1.5 14 9 2 10 91% 134 2572 374 43%
c w  2.99  8 11 0 37 61 1 150775 2965 1.5 14 9 2 10 91% 134 2572 374 43%
c x  2.99  8 11 0 37 61 1 150775 2964 1.5 14 9 2 10 91% 134 2513 374 43%
c -  3.05  7 11 0 38 61 1 153897 3441 1.5 14 10 2 10 90% 134 2513 374 43%
c -  3.14  7 11 0 39 61 1 160061 4794 1.4 14 9 2 10 90% 134 2513 374 43%
c -  3.23  7 11 0 40 62 1 166305 5659 1.4 14 9 2 10 90% 134 2513 374 43%
c -  3.33  7 11 0 41 62 1 172630 6078 1.4 14 9 2 10 90% 134 2513 374 43%
c -  3.43  7 11 0 42 62 1 179035 5948 1.4 14 9 2 9 90% 134 2513 374 43%
c W  3.45  6 11 0 42 62 1 180115 6376 1.4 14 9 2 9 90% 134 2513 374 43%
c o  3.45  6 11 0 42 62 1 180115 6376 1.4 14 9 2 9 90% 134 2513 374 43%
c
c seconds  switched  rate         size/glue tier1   binary      remaining
c        MB  reductions conflicts       size  tier2   irredundant
c         level  restarts    redundant    glue   trail      variables
c
c -  3.56  6 11 0 43 62 1 185516 5939 1.5 14 9 2 9 91% 134 2513 374 43%
c u  3.66  6 11 0 43 62 1 191614 8136 1.5 14 9 2 9 91% 134 2513 374 43%
c v  3.68  8 11 0 43 62 1 191614 6324 1.5 14 9 2 9 91% 134 2513 374 43%
c w  3.68  8 11 0 43 62 1 191614 5362 1.5 14 9 2 9 91% 134 2513 374 43%
c x  3.69  7 11 0 43 62 1 191614 5362 1.5 14 9 2 9 91% 135 2502 374 43%
c -  3.70  7 11 0 44 62 1 192074 4180 1.5 14 9 2 9 91% 135 2502 374 43%
c -  3.79  7 11 0 45 64 1 198708 5621 1.5 14 9 2 9 91% 135 2502 374 43%
c -  3.89  7 11 0 46 69 1 205416 6937 1.5 14 9 2 9 90% 135 2502 374 43%
c -  4.00  7 11 0 47 72 1 212198 7204 1.5 13 9 2 9 90% 136 2501 374 43%
c I  4.06  7 11 0 47 74 1 215466 8549 1.5 13 9 2 9 90% 137 2501 374 43%
c -  4.11  7 11 0 48 76 1 219053 7172 1.5 13 9 2 9 90% 137 2501 374 43%
c -  4.21  7 10 0 49 77 1 225981 6955 1.5 13 9 2 9 90% 137 2501 374 43%
c s  4.24  7 10 0 49 77 1 227263 7322 1.5 13 9 2 9 90% 138 2498 374 43%
c e  4.24  7 10 0 49 77 1 227263 7322 1.5 13 9 2 9 90%  94 2903 315 36%
c s  4.24  7 10 0 49 77 1 227263 7322 1.5 13 9 2 9 90%  95 2779 315 36%
c e  4.24  7 10 0 49 77 1 227263 7322 1.5 13 9 2 9 90%  88 2836 307 35%
c ^  4.24  7 10 0 49 77 1 227263 7322 1.5 13 9 2 9 90%  88 2836 307 35%
c -  4.33  7 10 0 50 80 1 232984 5621 1.5 13 9 2 9 90%  89 2836 307 35%
c u  4.41  7 10 0 50 83 1 237872 7521 1.5 13 9 2 9 90%  96 2836 307 35%
c v  4.42  7 10 0 50 83 1 237872 5358 1.5 13 9 2 9 90%  90 2836 307 35%
c
c seconds  switched  rate         size/glue tier1   binary      remaining
c        MB  reductions conflicts       size  tier2   irredundant
c         level  restarts    redundant    glue   trail      variables
c
c w  4.43  7 10 0 50 83 1 237872 2031 1.5 13 9 2 9 90%  90 2836 307 35%
c -  4.55  6 10 0 51 84 1 240056 2682 1.5 13 9 2 9 90%  90 2836 307 35%
c -  4.67  7 10 0 52 88 1 247198 4765 1.5 13 9 2 9 90%  92 2836 307 35%
c i  4.75  7 10 0 52 91 1 252454 6505 1.5 13 9 2 9 90% 101 2836 306 35%
c o  4.75  7 10 0 52 91 1 252454 6505 1.5 13 9 2 9 90% 101 2836 306 35%
c -  4.79  6 10 0 53 91 1 254409 1340 1.5 13 9 2 9 90%  85 2836 306 35%
c B  4.80  6 10 0 53 92 1 254906 1396 1.5 13 9 2 9 90%  85 2836 306 35%
c -  4.93  6 10 0 54 92 1 261690 1952 1.4 12 9 2 9 91%  85 2836 306 35%
c -  5.05  7 10 0 55 93 1 269039 3707 1.4 12 9 2 9 90%  85 2836 306 35%
c -  5.17  7 10 0 56 93 1 276456 5304 1.4 12 9 2 9 90%  85 2836 306 35%
c -  5.28  7 10 0 57 97 1 283939 6514 1.4 12 9 2 9 90%  86 2836 306 35%
c u  5.36  7 10 0 57 100 1 288766 7797 1.4 12 9 2 9 90%  94 2689 306 35%
c v  5.39  7 10 0 57 100 1 288766 5904 1.4 12 9 2 9 90%  95 2689 306 35%
c w  5.40  7 10 0 57 100 1 288766 3557 1.4 12 9 2 9 90%  95 2689 306 35%
c x  5.40  7 10 0 57 100 1 288766 3554 1.4 12 9 2 9 90% 102 2523 306 35%
c d  5.40  7 10 0 57 100 1 288766 3554 1.4 12 9 2 9 90%  98 2523 304 35%
c t  5.40  7 10 0 57 100 1 288766 3554 1.4 12 9 2 9 90%  91 2523 304 35%
c u  5.41  6 10 0 57 100 1 288766 3386 1.4 12 9 2 9 90%  91 2523 304 35%
c v  5.42  6 10 0 57 100 1 288766 2976 1.4 12 9 2 9 90%  91 2523 304 35%
c w  5.44  6 10 0 57 100 1 288766 2402 1.4 12 9 2 9 90%  93 2523 304 35%
c
c seconds  switched   rate         size/glue tier1   binary      remaining
c        MB  reductions conflicts        size  tier2   irredundant
c         level  restarts     redundant    glue   trail      variables
c
c x  5.45  6 10 0 57 100 1 288766 2402 1.4 12 9 2 9 90%  93 2503 304 35%
c t  5.45  6 10 0 57 100 1 288766 2402 1.4 12 9 2 9 90%  91 2503 304 35%
c -  5.49  6 10 0 58 101 1 291491 2725 1.4 12 9 2 9 90%  91 2503 304 35%
c W  5.60  6 10 0 58 106 1 298617 5228 1.4 12 9 2 9 90%  91 2503 304 35%
c -  5.61  6 10 0 59 106 1 299107 4524 1.4 12 9 2 9 90%  91 2503 304 35%
c -  5.72  6 10 0 60 108 1 306788 5730 1.4 12 9 2 9 90%  91 2503 304 35%
c i  5.77  6 10 0 60 108 1 310290 6757 1.4 12 8 2 9 89% 103 2503 302 35%
c -  5.84  6 10 0 61 111 1 314533 2696 1.4 12 8 2 9 89%  88 2503 302 35%
c -  5.97  6 10 0 62 115 1 322343 4406 1.4 12 8 2 9 89%  88 2503 302 35%
c -  6.10  6 10 0 63 120 1 330218 5667 1.4 12 8 2 9 89%  88 2503 302 35%
c -  6.23  7 10 0 64 123 1 338156 5884 1.4 12 8 2 8 89%  89 2503 302 35%
c s  6.32  7 10 0 64 123 1 344073 7787 1.4 12 8 2 8 89%  92 2355 302 35%
c e  6.33  7 10 0 64 123 1 344073 7787 1.4 12 8 2 8 89%  59 2949 251 29%
c s  6.33  7 10 0 64 123 1 344073 7787 1.4 12 8 2 8 89%  62 2656 251 29%
c e  6.33  7 10 0 64 123 1 344073 7787 1.4 12 8 2 8 89%  54 2730 246 28%
c !  6.33  7 10 0 64 123 1 344073 7787 1.4 12 8 2 8 89%  54 2730 246 28%
c o  6.33  7 10 0 64 123 1 344073 4667 1.4 12 8 2 8 89%  54 2730 246 28%
c i  6.35  7 10 0 64 124 1 345391 4899 1.4 12 8 2 8 89%  65 2730 245 28%
c -  6.36  6 10 0 65 124 1 346156 1288 1.4 12 8 2 8 90% 106 2555 245 28%
c d  6.36  6 10 0 65 124 1 346332 1333 1.4 12 8 2 8 90% 100 2549 242 28%
c
c seconds  switched   rate         size/glue tier1   binary      remaining
c        MB  reductions conflicts        size  tier2   irredundant
c         level  restarts     redundant    glue   trail      variables
c
c u  6.36  6 10 0 65 124 1 346332 1192 1.4 12 8 2 8 90% 100 2549 242 28%
c v  6.37  6 10 0 65 124 1 346332 1013 1.4 12 8 2 8 90% 101 2549 242 28%
c w  6.37  6 10 0 65 124 1 346332 845 1.4 12 8 2 8 90% 101 2549 242 28%
c t  6.37  6 10 0 65 124 1 346332 845 1.4 12 8 2 8 90%  99 2549 242 28%
c f  6.37  6 10 0 65 124 1 346332 845 1.4 12 8 2 8 90%  98 2499 244 28%
c u  6.37  6 10 0 65 124 1 346332 785 1.4 12 8 2 8 90%  99 2499 244 28%
c v  6.38  6 10 0 65 124 1 346332 661 1.4 12 8 2 8 90%  99 2499 244 28%
c w  6.38  6 10 0 65 124 1 346332 622 1.4 12 8 2 8 90%  99 2499 244 28%
c x  6.38  6 10 0 65 124 1 346332 619 1.4 12 8 2 8 90% 129 2200 244 28%
c =  6.49  6 10 0 65 124 1 346332 619 1.4 12 8 2 8 90% 131 2192 243 28%
c d  6.49  6 10 0 65 124 1 346332 603 1.4 12 8 2 8 90% 128 2192 243 28%
c t  6.49  6 10 0 65 124 1 346332 603 1.4 12 8 2 8 90% 112 2192 243 28%
c O  6.50  6 10 0 65 124 1 346778 794 1.4 12 8 2 8 90% 112 2192 243 28%
c -  6.61  7 10 0 66 124 1 354218 3166 1.5 12 8 2 8 90% 113 2192 243 28%
c -  6.71  7 9 0 67 125 1 362343 6522 1.5 12 8 2 8 90% 121 2192 243 28%
c i  6.71  7 9 0 67 125 1 362358 6525 1.5 12 8 2 8 90% 124 2192 233 27%
c -  6.83  7 9 0 68 125 1 370529 4587 1.5 12 8 2 8 90%  92 2192 233 27%
c i  6.83  7 9 0 68 125 1 370955 4673 1.5 12 8 2 8 90%  98 2192 228 26%
c i  6.89  7 9 0 68 125 1 375044 6044 1.5 12 8 2 8 90% 105 2192 217 25%
c i  6.92  7 9 0 68 125 1 377369 7109 1.5 11 8 2 8 90% 110 2192 213 24%
c
c seconds switched   rate         size/glue tier1   binary      remaining
c        MB reductions conflicts        size  tier2   irredundant
c         level restarts     redundant    glue   trail      variables
c
c i  6.94  7 9 0 68 125 1 378670 7764 1.5 11 8 2 8 90% 115 2192 197 23%
c -  6.94  6 9 0 69 125 1 378775 1207 1.5 11 8 2 8 90% 226 1168 197 23%
c i  6.94  6 9 0 69 125 1 379081 1354 1.5 11 8 2 8 90% 229 1168 178 20%
c i  6.94  6 9 0 69 125 1 379230 1419 1.5 11 8 2 8 90% 235 1168 177 20%
c ]  6.94  6 9 0 69 125 1 379249 1421 1.5 11 8 2 8 90% 239 1168 130 15%
c 0  6.94  6 0 0 69 125 0 379249 1421 0.0 0 0 2 6 0% 239 1168 130 15%
c
c ---- [ result ] ------------------------------------------------------------
c
s UNSATISFIABLE
c
c ---- [ profiling ] ---------------------------------------------------------
c
c           6.10   87.91 %  search
c           6.10   87.91 %  stable
c           0.82   11.80 %  simplify
c           0.80   11.58 %  probe
c           0.39    5.65 %  sweep
c           0.38    5.50 %  vivify
c           0.04    0.62 %  reduce
c           0.02    0.33 %  eliminate
c           0.02    0.27 %  preprocess
c           0.01    0.18 %  factor
c           0.01    0.17 %  walking
c           0.01    0.16 %  substitute
c           0.00    0.06 %  congruence
c           0.00    0.06 %  subsume
c           0.00    0.02 %  transitive
c           0.00    0.01 %  backbone
c           0.00    0.01 %  lucky
c           0.00    0.01 %  parse
c =============================================
c           6.94  100.00 %  total
c
c ---- [ statistics ] --------------------------------------------------------
c
c conflicts:                           379249            54625.13 per second
c congruent:                               34                4 %  variables
c decisions:                           397315                1.05 per conflict
c eliminated:                             595               68 %  variables
c factored:                                39                4 %  variables
c iterations:                              11                1 %  variables
c propagations:                      58917800          8486225    per second
c reductions:                              69             5496    interval
c reordered:                                8            47406    interval
c rephased:                                18            21069    interval
c restarts:                               125             3034    interval
c strengthened:                           722                0 %  checks
c substituted:                             65                7 %  variables
c subsumed:                               596                0 %  checks
c switched:                                 0                0    interval
c vivified:                             44238               54 %  checks
c walks:                                    6            63208    interval
c
c ---- [ glue usage ] --------------------------------------------------------
c
c stable glue 2   used 484178 clauses 19.78% accumulated 60.15% tier1
c stable glue 3   used 267489 clauses 10.93% accumulated 71.08%
c stable glue 4-6 used 317946 clauses 12.99% accumulated 84.07%
c stable glue 7   used  82572 clauses  3.37% accumulated 87.44%
c stable glue 8   used  81458 clauses  3.33% accumulated 90.77% tier2
c
c ---- [ resources ] ---------------------------------------------------------
c
c maximum-resident-set-size:        423927808 bytes        404 MB
c process-time:                             7s               6.94 seconds
c
c ---- [ shutting down ] -----------------------------------------------------
c
c exit 20
