c ---- [ banner ] ------------------------------------------------------------
c
c Kissat SAT Solver
c 
c Copyright (c) 2021-2024 Armin Biere University of Freiburg
c Copyright (c) 2019-2021 Armin Biere Johannes Kepler University Linz
c 
c Version 4.0.4 8af8e56f174b778aef3aa45af9f739b2a5f492c2
c gcc (GCC) 15.2.1 20260123 (Red Hat 15.2.1-7) -W -Wall -O3 -DNDEBUG
c Thu Apr 23 06:47:51 PM IST 2026 Linux krishnendu-LN 6.19.12-200.fc43.x86_64 x86_64
c
c ---- [ parsing ] -----------------------------------------------------------
c
c opened and reading DIMACS file:
c
c   /home/krishnendu/Research/fv-invariant-mining/data/circuits/cnf/miter_mult_9bit.cnf
c
c parsed 'p cnf 873 3299' header
c closing input after reading 48449 bytes (47 KB)
c finished parsing after 0.00 seconds
c
c ---- [ options ] -----------------------------------------------------------
c
c --decay=40                       (different from default '50')
c --eliminateeffort=1800           (different from default '100')
c --stable=2                       (different from default '1')
c
c ---- [ solving ] -----------------------------------------------------------
c
c seconds switched rate     size/glue tier1  binary      remaining
c        MB reductions conflicts size  tier2   irredundant
c         level restarts redundant glue  trail       variables
c
c *  0.00  3 0 0 0  0 0   0   0 0.0 0 0 0 0 0% 1142 2155 870 100%
c (  0.00  3 0 0 0  0 0   0   0 0.0 0 0 0 0 0% 1142 2155 870 100%
c .  0.00  3 0 0 0  0 0   0   0 0.0 0 0 0 0 0% 1138 2155 870 100%
c c  0.00  3 0 0 0  0 0   0   0 0.0 0 0 0 0 0% 1186 2153 836 96%
c d  0.00  3 0 0 0  0 0   0   0 0.0 0 0 0 0 0% 1070 2153 836 96%
c =  0.02  3 0 0 0  0 0   0   0 0.0 0 0 0 0 0% 1084 2141 828 95%
c d  0.02  3 0 0 0  0 0   0   0 0.0 0 0 0 0 0% 1064 2141 828 95%
c f  0.02  4 0 0 0  0 0   0   0 0.0 0 0 0 0 0% 1040 2124 852 98%
c )  0.02  4 0 0 0  0 0   0   0 0.0 0 0 0 0 0% 1040 2124 852 98%
c [  0.02  4 0 0 0  0 0   0   0 0.0 0 0 2 6 0% 1040 2124 852 98%
c -  0.04  4 13 0 1  0 1 1000 829 3.5 25 7 4 9 85% 1051 2124 852 98%
c B  0.04  4 13 0 1  0 1 1001 829 3.5 25 7 4 9 85% 1052 2124 852 98%
c -  0.06  4 15 0 2  1 1 2000 1595 2.7 24 9 4 11 87% 1052 2124 852 98%
c W  0.06  4 15 0 2  1 1 2003 1598 2.7 24 9 4 11 87% 1052 2124 852 98%
c -  0.08  4 15 0 3  2 1 3414 2158 2.3 21 9 5 11 87% 1053 2124 852 98%
c u  0.08  4 15 0 3  2 1 3512 2194 2.3 21 9 5 11 87% 1057 2124 852 98%
c v  0.09  4 15 0 3  2 1 3512 2033 2.3 21 9 5 11 87% 1057 2124 852 98%
c w  0.09  5 15 0 3  2 1 3512 2022 2.3 21 9 5 11 87% 1057 2124 852 98%
c x  0.09  5 15 0 3  2 1 3512 2022 2.3 21 9 5 11 87% 1067 2076 852 98%
c =  0.11  5 15 0 3  2 1 3512 2022 2.3 21 9 5 11 87% 1097 2075 837 96%
c
c seconds  switched rate       size/glue tier1     binary      remaining
c        MB reductions conflicts     size  tier2     irredundant
c         level restarts  redundant    glue    trail       variables
c
c d  0.11  5 15 0 3  2 1 3512 2022 2.3 21 9 5 11 87% 1052 2075 837 96%
c t  0.11  5 15 0 3  2 1 3512 2022 2.3 21 9 5 11 87% 1046 2075 837 96%
c u  0.11  5 15 0 3  2 1 3512 2020 2.3 21 9 5 11 87% 1046 2075 837 96%
c v  0.11  5 15 0 3  2 1 3512 1913 2.3 21 9 5 11 87% 1046 2075 837 96%
c w  0.11  5 15 0 3  2 1 3512 1906 2.3 21 9 5 11 87% 1046 2075 837 96%
c x  0.11  5 15 0 3  2 1 3512 1906 2.3 21 9 5 11 87% 1046 2074 837 96%
c =  0.12  5 15 0 3  2 1 3512 1906 2.3 21 9 5 11 87% 1050 2072 835 96%
c d  0.12  5 15 0 3  2 1 3512 1906 2.3 21 9 5 11 87% 1045 2072 835 96%
c I  0.13  5 15 0 3  3 1 4263 2536 2.2 21 10 5 12 86% 1048 2072 835 96%
c -  0.15  5 15 0 4  3 1 5146 2579 2.1 20 10 5 12 86% 1049 2072 835 96%
c -  0.18  5 15 0 5  5 1 7147 3222 2.0 20 10 5 11 87% 1049 2072 835 96%
c B  0.20  5 14 0 5  5 1 8034 3842 2.0 19 10 5 11 87% 1049 2072 835 96%
c -  0.23  5 14 0 6  6 1 9383 3997 1.9 19 10 4 11 87% 1050 2072 835 96%
c u  0.27  5 14 0 6  6 1 10832 4870 1.9 19 10 4 11 87% 1058 2072 835 96%
c v  0.28  5 14 0 6  6 1 10832 4758 1.9 19 10 4 11 87% 1058 2072 835 96%
c w  0.28  5 14 0 6  6 1 10832 4748 1.9 19 10 4 11 87% 1058 2072 835 96%
c t  0.30  5 14 0 6  6 1 10832 4748 1.9 19 10 4 11 87% 1052 2072 835 96%
c o  0.30  5 14 0 6  6 1 10832 4748 1.9 19 10 4 11 87% 1052 2072 835 96%
c -  0.32  5 14 0 7  6 1 11834 4092 1.9 19 10 4 11 88% 1052 2070 835 96%
c W  0.37  5 14 0 7  8 1 13565 5398 1.9 19 10 4 11 87% 1054 2070 835 96%
c
c seconds  switched rate        size/glue  tier1     binary      remaining
c        MB reductions conflicts      size   tier2     irredundant
c         level restarts   redundant     glue    trail       variables
c
c -  0.38  5 14 0 8  9 1 14480 4528 1.9 19 10 4 11 87% 1054 2070 835 96%
c -  0.44  5 14 0 9 10 1 17309 4856 1.8 19 10 4 11 87% 1055 2070 835 96%
c s  0.44  5 14 0 9 11 1 17552 5038 1.8 19 10 4 11 87% 1056 2065 835 96%
c e  0.45  5 14 0 9 11 1 17552 5038 1.8 19 10 4 11 87% 318 2473 519 60%
c s  0.45  5 14 0 9 11 1 17552 5038 1.8 19 10 4 11 87% 323 2423 519 60%
c e  0.45  5 14 0 9 11 1 17552 5038 1.8 19 10 4 11 87% 309 2436 511 59%
c ^  0.45  5 14 0 9 11 1 17552 5038 1.8 19 10 4 11 87% 309 2436 511 59%
c -  0.49  6 14 0 10 12 1 20309 2944 1.8 19 10 4 11 87% 309 2436 511 59%
c O  0.51  6 14 0 10 13 1 21093 3544 1.8 19 10 4 11 87% 309 2436 511 59%
c o  0.51  6 14 0 10 13 1 21093 3544 1.8 19 10 4 11 87% 309 2436 511 59%
c u  0.53  6 14 0 10 13 1 22196 3770 1.8 19 10 4 11 87% 310 2436 511 59%
c v  0.54  6 14 0 10 13 1 22196 3595 1.8 19 10 4 11 87% 310 2436 511 59%
c w  0.54  6 14 0 10 13 1 22196 3068 1.8 19 10 4 11 87% 310 2436 511 59%
c x  0.54  6 14 0 10 13 1 22196 3066 1.8 19 10 4 11 87% 315 2349 511 59%
c t  0.54  6 14 0 10 13 1 22196 3066 1.8 19 10 4 11 87% 312 2349 511 59%
c f  0.55  6 14 0 10 13 1 22196 3066 1.8 19 10 4 11 87% 362 2243 535 61%
c u  0.55  6 14 0 10 13 1 22196 3047 1.8 19 10 4 11 87% 362 2243 535 61%
c v  0.55  6 14 0 10 13 1 22196 2888 1.8 19 10 4 11 87% 362 2243 535 61%
c w  0.56  6 14 0 10 13 1 22196 2798 1.8 19 10 4 11 87% 362 2243 535 61%
c x  0.56  6 14 0 10 13 1 22196 2798 1.8 19 10 4 11 87% 362 2238 535 61%
c
c seconds  switched  rate        size/glue  tier1    binary      remaining
c        MB  reductions conflicts      size   tier2    irredundant
c         level  restarts   redundant     glue    trail      variables
c
c =  0.59  6 14 0 10 13 1 22196 2798 1.8 19 10 4 11 87% 362 2234 534 61%
c -  0.61  6 14 0 11 13 1 23471 2954 1.8 19 10 3 11 87% 361 2234 534 61%
c -  0.67  6 14 0 12 14 1 26788 3962 1.8 18 10 3 11 87% 361 2234 534 61%
c -  0.74  6 14 0 13 14 1 30253 4978 1.8 18 10 3 11 87% 362 2234 534 61%
c B  0.75  6 14 0 13 14 1 30854 5412 1.8 18 10 3 11 87% 362 2234 534 61%
c -  0.81  6 14 0 14 15 1 33859 5051 1.8 18 10 3 10 88% 362 2234 534 61%
c e  0.85  6 14 0 14 17 1 35527 6047 1.8 18 10 3 10 88% 257 2400 455 52%
c s  0.85  6 14 0 14 17 1 35527 6047 1.8 18 10 3 10 88% 258 2372 455 52%
c e  0.85  6 14 0 14 17 1 35527 6047 1.8 18 10 3 10 88% 252 2381 452 52%
c ^  0.85  6 14 0 14 17 1 35527 6047 1.8 18 10 3 10 88% 252 2381 452 52%
c -  0.88  6 14 0 15 18 1 37601 3468 1.8 18 10 3 10 87% 252 2381 452 52%
c u  0.89  6 13 0 15 19 1 38347 3705 1.8 18 10 3 10 88% 252 2381 452 52%
c v  0.91  6 13 0 15 19 1 38347 3338 1.8 18 10 3 10 88% 252 2381 452 52%
c w  0.91  6 13 0 15 19 1 38347 2580 1.8 18 10 3 10 88% 252 2381 452 52%
c =  0.95  6 13 0 15 19 1 38347 2580 1.8 18 10 3 10 88% 254 2379 451 52%
c d  0.95  6 13 0 15 19 1 38347 2580 1.8 18 10 3 10 88% 252 2379 451 52%
c f  0.95  6 13 0 15 19 1 38347 2580 1.8 18 10 3 10 88% 256 2366 454 52%
c u  0.95  6 13 0 15 19 1 38347 2555 1.8 18 10 3 10 88% 256 2366 454 52%
c v  0.96  6 13 0 15 19 1 38347 2385 1.8 18 10 3 10 88% 256 2366 454 52%
c w  0.96  6 13 0 15 19 1 38347 2082 1.8 18 10 3 10 88% 256 2366 454 52%
c
c seconds  switched  rate        size/glue  tier1    binary      remaining
c        MB  reductions conflicts      size   tier2    irredundant
c         level  restarts   redundant     glue    trail      variables
c
c x  0.96  6 13 0 15 19 1 38347 2080 1.8 18 10 3 10 88% 258 2318 454 52%
c -  1.05  6 13 0 16 21 1 41474 3016 1.7 18 10 3 10 88% 258 2318 454 52%
c W  1.08  6 13 0 16 21 1 43076 4054 1.7 18 10 3 10 88% 259 2318 454 52%
c o  1.08  6 13 0 16 21 1 43076 4054 1.7 18 10 3 10 88% 259 2318 454 52%
c -  1.11  6 13 0 17 22 1 45474 4403 1.7 18 10 3 10 88% 259 2318 454 52%
c -  1.19  6 13 0 18 25 1 49597 5158 1.7 18 10 3 10 88% 259 2318 454 52%
c -  1.27  6 13 0 19 28 1 53839 5843 1.7 17 10 3 10 88% 260 2318 454 52%
c I  1.35  6 13 0 19 29 1 57981 8399 1.7 17 10 3 10 88% 260 2318 454 52%
c -  1.35  6 13 0 20 29 1 58198 6577 1.7 17 10 3 10 88% 260 2318 454 52%
c u  1.37  7 13 0 20 29 1 59170 7034 1.7 17 10 3 10 88% 260 2318 454 52%
c v  1.38  7 13 0 20 29 1 59170 6881 1.7 17 10 3 10 88% 260 2318 454 52%
c w  1.39  7 13 0 20 29 1 59170 5801 1.7 17 10 3 10 88% 260 2318 454 52%
c x  1.39  7 13 0 20 29 1 59170 5800 1.7 17 10 3 10 88% 260 2309 454 52%
c t  1.39  7 13 0 20 29 1 59170 5800 1.7 17 10 3 10 88% 259 2309 454 52%
c -  1.45  6 13 0 21 29 1 62670 5725 1.7 17 10 3 10 88% 260 2309 454 52%
c -  1.52  7 13 0 22 30 1 67253 5760 1.7 17 10 3 10 88% 260 2309 454 52%
c -  1.61  7 13 0 23 30 1 71945 6447 1.7 17 10 3 10 88% 260 2309 454 52%
c e  1.67  7 13 0 23 30 1 74772 8121 1.7 17 10 3 10 88% 197 2442 415 48%
c s  1.67  7 13 0 23 30 1 74772 8121 1.7 17 10 3 10 88% 197 2436 415 48%
c e  1.67  7 13 0 23 30 1 74772 8121 1.7 17 10 3 10 88% 191 2444 414 47%
c
c seconds  switched  rate        size/glue  tier1    binary      remaining
c        MB  reductions conflicts      size   tier2    irredundant
c         level  restarts   redundant     glue    trail      variables
c
c ^  1.67  7 13 0 23 30 1 74772 8121 1.7 17 10 3 10 88% 191 2444 414 47%
c o  1.67  7 13 0 23 30 1 74772 5341 1.7 17 10 3 10 88% 191 2444 414 47%
c B  1.68  7 13 0 23 30 1 75783 5942 1.7 17 10 3 10 88% 191 2444 414 47%
c -  1.70  7 13 0 24 30 1 76740 4644 1.7 17 10 3 10 88% 191 2444 414 47%
c -  1.76  7 13 0 25 30 1 81640 6183 1.7 17 10 3 10 87% 191 2444 414 47%
c u  1.81  7 13 0 25 33 1 84804 7854 1.7 17 10 3 10 87% 191 2444 414 47%
c v  1.83  7 13 0 25 33 1 84804 7330 1.7 17 10 3 10 87% 191 2444 414 47%
c w  1.83  7 13 0 25 33 1 84804 5821 1.7 17 10 3 10 87% 191 2444 414 47%
c -  1.91  6 13 0 26 34 1 86643 5275 1.7 17 10 3 10 87% 191 2444 414 47%
c -  2.00  7 13 0 27 37 1 91743 6529 1.7 17 10 3 10 87% 191 2444 414 47%
c W  2.09  6 13 0 27 39 1 96695 9650 1.7 17 10 3 10 88% 191 2444 414 47%
c -  2.10  6 13 0 28 40 1 96940 7518 1.7 17 10 3 10 88% 191 2444 414 47%
c -  2.19  6 13 0 29 43 1 102231 8245 1.7 17 10 3 10 88% 191 2444 414 47%
c -  2.29  6 13 0 30 45 1 107617 8020 1.7 17 10 3 9 88% 191 2444 414 47%
c -  2.38  7 12 0 31 45 1 113094 8826 1.7 17 10 3 9 88% 191 2444 414 47%
c u  2.42  6 12 0 31 46 1 115284 10161 1.7 17 10 3 9 88% 191 2444 414 47%
c v  2.43  7 12 0 31 46 1 115284 9840 1.7 17 10 3 9 88% 191 2444 414 47%
c w  2.44  7 12 0 31 46 1 115284 8811 1.7 17 10 3 9 88% 191 2444 414 47%
c x  2.44  7 12 0 31 46 1 115284 8811 1.7 17 10 3 9 88% 191 2414 414 47%
c o  2.44  7 12 0 31 46 1 115284 8811 1.7 17 10 3 9 88% 191 2414 414 47%
c
c seconds  switched  rate         size/glue  tier1   binary      remaining
c        MB  reductions conflicts       size   tier2   irredundant
c         level  restarts    redundant     glue   trail      variables
c
c -  2.49  7 12 0 32 48 1 118661 7791 1.7 17 10 3 9 88% 191 2414 414 47%
c O  2.53  7 12 0 32 50 1 120920 9428 1.7 17 10 3 9 88% 191 2414 414 47%
c -  2.60  7 13 0 33 52 1 124317 7717 1.7 17 10 3 9 88% 191 2414 414 47%
c -  2.71  7 13 0 34 55 1 130061 7087 1.6 16 10 3 9 88% 191 2414 414 47%
c -  2.86  7 12 0 35 59 1 135891 7400 1.6 16 10 3 9 88% 191 2414 414 47%
c e  2.90  7 12 0 35 59 1 137976 8643 1.7 16 10 3 9 88% 138 2604 375 43%
c s  2.90  7 12 0 35 59 1 137976 8643 1.7 16 10 3 9 88% 139 2535 375 43%
c e  2.90  7 12 0 35 59 1 137976 8643 1.7 16 10 3 9 88% 133 2550 372 43%
c ^  2.90  7 12 0 35 59 1 137976 8643 1.7 16 10 3 9 88% 133 2550 372 43%
c -  2.96  6 12 0 36 60 1 141809 5413 1.6 16 10 3 9 88% 133 2550 372 43%
c -  3.07  7 12 0 37 60 1 147809 6489 1.6 16 10 3 9 88% 133 2550 372 43%
c B  3.08  7 12 0 37 61 1 148660 6926 1.6 16 10 3 9 88% 133 2550 372 43%
c u  3.13  7 12 0 37 61 1 150974 7877 1.6 16 10 3 9 88% 133 2550 372 43%
c v  3.14  7 12 0 37 61 1 150974 7467 1.6 16 10 3 9 88% 133 2550 372 43%
c w  3.15  7 12 0 37 61 1 150974 6295 1.6 16 10 3 9 88% 133 2550 372 43%
c x  3.15  6 12 0 37 61 1 150974 6295 1.6 16 10 3 9 88% 134 2501 372 43%
c t  3.15  6 12 0 37 61 1 150974 6295 1.6 16 10 3 9 88% 133 2501 372 43%
c -  3.20  6 12 0 38 61 1 153892 5915 1.6 16 10 3 9 88% 133 2501 372 43%
c -  3.30  7 12 0 39 61 1 160057 6596 1.6 16 10 3 9 88% 133 2501 372 43%
c -  3.41  7 12 0 40 62 1 166302 7392 1.6 16 10 3 9 88% 133 2501 372 43%
c
c seconds  switched  rate         size/glue  tier1   binary      remaining
c        MB  reductions conflicts       size   tier2   irredundant
c         level  restarts    redundant     glue   trail      variables
c
c -  3.52  7 12 0 41 62 1 172626 8201 1.6 16 10 3 9 88% 133 2501 372 43%
c -  3.63  7 12 0 42 62 1 179029 9086 1.6 16 10 3 9 88% 133 2501 372 43%
c W  3.65  6 12 0 42 62 1 180111 9620 1.6 16 10 3 9 88% 133 2501 372 43%
c o  3.65  6 12 0 42 62 1 180111 9620 1.6 16 10 3 9 88% 133 2501 372 43%
c -  3.76  6 12 0 43 62 1 185509 9057 1.6 16 10 3 9 88% 133 2501 372 43%
c u  3.88  7 12 0 43 62 1 191846 12459 1.6 16 10 3 9 88% 133 2501 372 43%
c v  3.89  8 12 0 43 62 1 191846 11617 1.6 16 10 3 9 88% 133 2501 372 43%
c w  3.90  8 12 0 43 62 1 191846 9987 1.6 16 10 3 9 88% 133 2501 372 43%
c x  3.91  8 12 0 43 62 1 191846 9987 1.6 16 10 3 9 88% 133 2496 372 43%
c -  3.99  7 12 0 44 62 1 192067 7194 1.6 16 10 3 9 88% 133 2496 372 43%
c -  4.11  7 12 0 45 64 1 198701 8182 1.6 16 10 3 9 88% 133 2496 372 43%
c -  4.23  7 12 0 46 68 1 205409 8996 1.6 16 10 3 9 88% 133 2496 372 43%
c -  4.35  7 12 0 47 72 1 212191 9584 1.6 16 10 3 9 88% 133 2496 372 43%
c I  4.41  7 12 0 47 74 1 215463 11410 1.6 16 10 3 9 88% 133 2496 372 43%
c -  4.47  7 12 0 48 76 1 219047 9577 1.6 16 10 3 9 88% 133 2496 372 43%
c -  4.58  7 12 0 49 77 1 225975 9764 1.6 15 10 3 9 88% 133 2496 372 43%
c s  4.61  7 12 0 49 77 1 227512 10559 1.6 15 10 3 9 88% 134 2493 372 43%
c e  4.61  7 12 0 49 77 1 227512 10559 1.6 15 10 3 9 88%  99 2841 323 37%
c s  4.61  7 12 0 49 77 1 227512 10559 1.6 15 10 3 9 88%  99 2734 323 37%
c e  4.61  7 12 0 49 77 1 227512 10559 1.6 15 10 3 9 88%  93 2780 317 36%
c
c seconds  switched  rate          size/glue  tier1   binary      remaining
c        MB  reductions conflicts        size   tier2   irredundant
c         level  restarts     redundant     glue   trail      variables
c
c ^  4.61  7 12 0 49 77 1 227512 10559 1.6 15 10 3 9 88%  93 2780 317 36%
c -  4.70  7 12 0 50 80 1 232975 7442 1.6 15 10 3 9 87%  93 2780 317 36%
c u  4.79  7 12 0 50 83 1 238128 9638 1.6 15 10 3 9 87%  93 2780 317 36%
c v  4.82  7 12 0 50 83 1 238128 8182 1.6 15 10 3 9 87%  93 2780 317 36%
c w  4.84  8 12 0 50 83 1 238128 6061 1.6 15 10 3 9 87%  93 2780 317 36%
c t  4.84  8 12 0 50 83 1 238128 6061 1.6 15 10 3 9 87%  92 2780 317 36%
c f  4.84  6 12 0 50 83 1 238128 6061 1.6 15 10 3 9 87%  92 2760 318 36%
c u  4.84  7 12 0 50 83 1 238128 5945 1.6 15 10 3 9 87%  92 2760 318 36%
c v  4.86  7 12 0 50 83 1 238128 5363 1.6 15 10 3 9 87%  92 2760 318 36%
c w  4.87  7 12 0 50 83 1 238128 4087 1.6 15 10 3 9 87%  92 2760 318 36%
c x  4.88  7 12 0 50 83 1 238128 4085 1.6 15 10 3 9 87%  92 2670 318 36%
c -  4.91  6 12 0 51 84 1 240046 3986 1.6 15 10 3 9 87%  92 2670 318 36%
c -  5.02  7 12 0 52 88 1 247188 6385 1.6 15 10 3 9 87%  92 2670 318 36%
c -  5.14  7 12 0 53 91 1 254399 9041 1.6 15 10 3 9 87%  92 2670 318 36%
c B  5.15  7 12 0 53 91 1 254903 9339 1.6 15 10 3 9 87%  92 2670 318 36%
c o  5.15  7 12 0 53 91 1 254903 9339 1.6 15 10 3 9 87%  92 2670 318 36%
c -  5.27  7 12 0 54 92 1 261679 9513 1.6 15 10 2 9 87%  92 2670 318 36%
c -  5.39  7 12 0 55 93 1 269028 9155 1.6 15 10 2 9 87%  92 2670 318 36%
c -  5.52  7 12 0 56 93 1 276444 9446 1.6 15 9 2 9 87%  92 2670 318 36%
c -  5.67  7 11 0 57 97 1 283927 8914 1.6 15 9 2 8 88%  93 2670 318 36%
c
c seconds  switched   rate          size/glue tier1   binary      remaining
c        MB  reductions conflicts         size  tier2   irredundant
c         level  restarts      redundant    glue   trail      variables
c
c u  5.78  8 11 0 57 100 1 289519 10811 1.6 14 9 2 8 88%  99 2670 318 36%
c v  5.81  8 11 0 57 100 1 289519 8094 1.6 14 9 2 8 88% 101 2670 318 36%
c w  5.81  8 11 0 57 100 1 289519 5142 1.6 14 9 2 8 88% 103 2670 318 36%
c x  5.82  8 11 0 57 100 1 289519 5137 1.6 14 9 2 8 88% 106 2620 318 36%
c t  5.82  8 11 0 57 100 1 289519 5137 1.6 14 9 2 8 88% 102 2620 318 36%
c -  5.85  6 11 0 58 100 1 291477 4967 1.6 15 9 2 8 88% 103 2620 318 36%
c W  5.99  6 11 0 58 106 1 298616 8410 1.6 14 9 2 8 88% 103 2620 318 36%
c -  6.00  6 11 0 59 106 1 299093 6713 1.6 14 9 2 8 88% 103 2620 318 36%
c -  6.16  7 11 0 60 108 1 306775 8169 1.6 14 9 2 8 88% 103 2620 318 36%
c -  6.33  8 11 0 61 111 1 314521 9486 1.6 14 9 2 8 88% 104 2620 318 36%
c -  6.51  8 11 0 62 115 1 322331 9942 1.6 14 9 2 8 88% 107 2620 318 36%
c i  6.54  8 11 0 62 115 1 324061 10539 1.6 14 9 2 8 88% 119 2620 317 36%
c -  6.65  7 11 0 63 120 1 330205 5688 1.6 14 9 2 8 88% 101 2620 317 36%
c -  6.79  7 11 0 64 123 1 338143 8739 1.6 14 9 2 8 88% 101 2620 317 36%
c e  6.91  8 11 0 64 123 1 344666 12664 1.6 14 9 2 8 88%  62 3144 265 30%
c s  6.91  8 11 0 64 123 1 344666 12664 1.6 14 9 2 8 88%  62 3001 265 30%
c e  6.91  8 11 0 64 123 1 344666 12664 1.6 14 9 2 8 88%  57 3051 262 30%
c !  6.91  8 11 0 64 123 1 344666 12664 1.6 14 9 2 8 88%  57 3051 262 30%
c o  6.91  8 11 0 64 123 1 344666 7332 1.6 14 9 2 8 88%  57 3051 262 30%
c -  6.94  7 11 0 65 124 1 346143 6233 1.6 14 9 2 8 88%  57 3051 262 30%
c
c seconds  switched   rate         size/glue tier1   binary      remaining
c        MB  reductions conflicts        size  tier2   irredundant
c         level  restarts     redundant    glue   trail      variables
c
c u  6.95  7 11 0 65 124 1 346618 6116 1.6 14 9 2 8 88%  57 3051 262 30%
c v  6.97  7 11 0 65 124 1 346618 5217 1.6 14 9 2 8 88%  57 3051 262 30%
c w  6.99  7 11 0 65 124 1 346618 4195 1.6 14 9 2 8 88%  57 3051 262 30%
c x  7.00  7 11 0 65 124 1 346618 4189 1.6 14 9 2 8 88%  58 2912 262 30%
c t  7.06  7 11 0 65 124 1 346618 4189 1.6 14 9 2 8 88%  57 2912 262 30%
c O  7.07  7 11 0 65 124 1 346777 4247 1.6 14 9 2 8 88%  57 2912 262 30%
c -  7.19  7 11 0 66 124 1 354205 5555 1.6 14 9 2 8 88%  57 2912 262 30%
c -  7.33  7 11 0 67 125 1 362329 6769 1.6 14 9 2 8 88%  57 2912 262 30%
c -  7.47  8 11 0 68 125 1 370515 7665 1.6 14 9 2 8 88%  57 2912 262 30%
c -  7.61  8 11 0 69 125 1 378761 8672 1.6 14 9 2 8 88%  58 2912 262 30%
c -  7.75  7 11 0 70 125 1 387067 9353 1.6 14 9 2 8 88%  58 2912 262 30%
c -  7.91  8 11 0 71 126 1 395433 9028 1.6 14 9 2 8 88%  58 2912 262 30%
c B  7.98  8 11 0 71 126 1 399564 10940 1.5 14 9 2 8 88%  58 2912 262 30%
c -  8.05  8 11 0 72 126 1 403859 10208 1.5 14 9 2 8 88%  58 2912 262 30%
c u  8.14  7 11 0 72 126 1 408528 11883 1.5 13 9 2 8 88%  61 2912 262 30%
c v  8.16  8 11 0 72 126 1 408528 9183 1.5 13 9 2 8 88%  64 2912 262 30%
c w  8.17  8 11 0 72 126 1 408528 7245 1.5 13 9 2 8 88%  64 2912 262 30%
c x  8.18  8 11 0 72 126 1 408528 7237 1.5 13 9 2 8 88%  70 2834 262 30%
c t  8.18  8 11 0 72 126 1 408528 7237 1.5 13 9 2 8 88%  66 2834 262 30%
c -  8.25  8 11 0 73 126 1 412344 7013 1.5 13 9 2 8 88%  67 2834 262 30%
c
c seconds  switched   rate          size/glue tier1   binary      remaining
c        MB  reductions conflicts         size  tier2   irredundant
c         level  restarts      redundant    glue   trail      variables
c
c i  8.36  7 10 0 73 126 1 419778 10316 1.5 13 9 2 8 88%  72 2834 261 30%
c -  8.38  7 10 0 74 126 1 420890 4156 1.5 13 9 2 8 88%  78 2834 261 30%
c -  8.53  7 10 0 75 126 1 429493 6497 1.5 13 9 2 8 88%  78 2834 261 30%
c -  8.69  7 10 0 76 126 1 438154 9286 1.5 13 8 2 8 88%  82 2834 261 30%
c i  8.70  7 10 0 76 126 1 438739 9451 1.5 13 8 2 8 88%  89 2834 259 30%
c o  8.70  7 10 0 76 126 1 438739 9451 1.5 13 8 2 8 88%  89 2834 259 30%
c -  8.82  8 10 0 77 126 1 446872 7633 1.5 13 8 2 8 88%  80 2834 259 30%
c -  8.98  8 10 0 78 126 1 455647 10323 1.5 13 8 2 8 87%  83 2834 259 30%
c W  9.02  7 10 0 78 126 1 457148 10933 1.5 13 8 2 8 87%  73 2531 259 30%
c i  9.03  7 10 0 78 126 1 458030 11303 1.5 13 8 2 8 87%  81 2531 252 29%
c i  9.04  7 10 0 78 126 1 458507 11563 1.5 13 8 2 8 87%  94 2531 249 29%
c i  9.04  7 10 0 78 126 1 458655 11597 1.5 13 8 2 8 87% 100 2531 236 27%
c i  9.05  7 10 0 78 126 1 458714 11617 1.5 13 8 2 8 87% 105 2531 232 27%
c i  9.05  7 10 0 78 126 1 458741 11622 1.5 13 8 2 8 87% 108 2531 205 24%
c i  9.05  7 10 0 78 126 1 458750 11624 1.5 13 8 2 8 87% 110 2531 202 23%
c ]  9.05  7 10 0 78 126 1 458757 11624 1.5 13 8 2 8 87% 113 2531 193 22%
c 0  9.05  7 0 0 78 126 0 458757 11624 0.0 0 0 2 6 0% 113 2531 193 22%
c
c ---- [ result ] ------------------------------------------------------------
c
s UNSATISFIABLE
c
c ---- [ profiling ] ---------------------------------------------------------
c
c           8.15   90.10 %  search
c           8.15   90.10 %  stable
c           0.88    9.68 %  simplify
c           0.85    9.45 %  probe
c           0.47    5.22 %  vivify
c           0.35    3.84 %  sweep
c           0.07    0.81 %  reduce
c           0.02    0.26 %  eliminate
c           0.02    0.21 %  preprocess
c           0.02    0.18 %  walking
c           0.01    0.16 %  substitute
c           0.01    0.16 %  factor
c           0.00    0.05 %  congruence
c           0.00    0.05 %  subsume
c           0.00    0.02 %  transitive
c           0.00    0.01 %  backbone
c           0.00    0.00 %  parse
c           0.00    0.00 %  lucky
c =============================================
c           9.05  100.00 %  total
c
c ---- [ statistics ] --------------------------------------------------------
c
c conflicts:                           458757            50707.88 per second
c congruent:                               34                4 %  variables
c decisions:                           496931                1.08 per conflict
c eliminated:                             598               69 %  variables
c factored:                                52                6 %  variables
c iterations:                              10                1 %  variables
c propagations:                      55862992          6174716    per second
c reductions:                              78             5882    interval
c reordered:                                9            50973    interval
c rephased:                                20            22938    interval
c restarts:                               126             3641    interval
c strengthened:                           710                0 %  checks
c substituted:                             59                7 %  variables
c subsumed:                               402                0 %  checks
c switched:                                 0                0    interval
c vivified:                             46290               49 %  checks
c walks:                                    7            65537    interval
c
c ---- [ glue usage ] --------------------------------------------------------
c
c stable glue 2   used 893935 clauses 20.72% accumulated 56.77% tier1
c stable glue 3   used 597097 clauses 13.84% accumulated 70.60%
c stable glue 4-6 used 705442 clauses 16.35% accumulated 86.95%
c stable glue 7   used 126241 clauses  2.93% accumulated 89.88%
c stable glue 8   used 109717 clauses  2.54% accumulated 92.42% tier2
c
c ---- [ resources ] ---------------------------------------------------------
c
c maximum-resident-set-size:        423927808 bytes        404 MB
c process-time:                             9s               9.05 seconds
c
c ---- [ shutting down ] -----------------------------------------------------
c
c exit 20
