c ---- [ banner ] ------------------------------------------------------------
c
c Kissat SAT Solver
c 
c Copyright (c) 2021-2024 Armin Biere University of Freiburg
c Copyright (c) 2019-2021 Armin Biere Johannes Kepler University Linz
c 
c Version 4.0.4 8af8e56f174b778aef3aa45af9f739b2a5f492c2
c gcc (GCC) 15.2.1 20260123 (Red Hat 15.2.1-7) -W -Wall -O3 -DNDEBUG
c Thu Apr 23 06:47:51 PM IST 2026 Linux krishnendu-LN 6.19.12-200.fc43.x86_64 x86_64
c
c ---- [ parsing ] -----------------------------------------------------------
c
c opened and reading DIMACS file:
c
c   /home/krishnendu/Research/fv-invariant-mining/data/circuits/cnf/miter_mult_11bit.cnf
c
c parsed 'p cnf 1368 5184' header
c closing input after reading 82324 bytes (80 KB)
c finished parsing after 0.00 seconds
c
c ---- [ options ] -----------------------------------------------------------
c
c --decay=10                       (different from default '50')
c --eliminateeffort=1600           (different from default '100')
c --stable=2                       (different from default '1')
c
c ---- [ solving ] -----------------------------------------------------------
c
c seconds switched rate     size/glue tier1  binary       remaining
c        MB reductions conflicts size  tier2   irredundant
c         level restarts redundant glue  trail       variables
c
c *  0.00  3 0 0 0  0 0   0   0 0.0 0 0 0 0 0% 1797 3385 1365 100%
c (  0.00  3 0 0 0  0 0   0   0 0.0 0 0 0 0 0% 1797 3385 1365 100%
c .  0.00  3 0 0 0  0 0   0   0 0.0 0 0 0 0 0% 1793 3385 1365 100%
c c  0.00  4 0 0 0  0 0   0   0 0.0 0 0 0 0 0% 1876 3383 1312 96%
c d  0.00  4 0 0 0  0 0   0   0 0.0 0 0 0 0 0% 1688 3383 1312 96%
c =  0.02  4 0 0 0  0 0   0   0 0.0 0 0 0 0 0% 1698 3373 1306 96%
c d  0.02  4 0 0 0  0 0   0   0 0.0 0 0 0 0 0% 1684 3373 1306 96%
c f  0.02  4 0 0 0  0 0   0   0 0.0 0 0 0 0 0% 1653 3352 1334 98%
c )  0.02  4 0 0 0  0 0   0   0 0.0 0 0 0 0 0% 1653 3352 1334 98%
c [  0.02  4 0 0 0  0 0   0   0 0.0 0 0 2 6 0% 1653 3352 1334 98%
c -  0.05  4 19 0 1  0 1 1002 871 4.1 39 9 3 12 90% 1658 3352 1334 98%
c B  0.05  4 19 0 1  0 1 1002 871 4.1 39 9 3 12 90% 1658 3352 1334 98%
c -  0.09  5 18 0 2  1 1 2003 1404 2.7 32 12 3 14 89% 1659 3352 1334 98%
c W  0.09  4 18 0 2  1 1 2003 1404 2.7 32 12 3 14 89% 1659 3352 1334 98%
c u  0.13  5 18 0 2  2 1 3263 2118 2.3 29 12 3 14 88% 1661 3352 1334 98%
c v  0.13  5 18 0 2  2 1 3263 2022 2.3 29 12 3 14 88% 1661 3352 1334 98%
c w  0.14  5 18 0 2  2 1 3263 1782 2.3 29 12 3 14 88% 1661 3352 1334 98%
c x  0.14  5 18 0 2  2 1 3263 1782 2.3 29 12 3 14 88% 1677 3305 1334 98%
c =  0.16  5 18 0 2  2 1 3263 1782 2.3 29 12 3 14 88% 1701 3300 1322 97%
c d  0.16  5 18 0 2  2 1 3263 1782 2.3 29 12 3 14 88% 1665 3300 1322 97%
c
c seconds  switched rate       size/glue  tier1     binary       remaining
c        MB reductions conflicts     size   tier2     irredundant
c         level restarts  redundant     glue    trail       variables
c
c t  0.16  5 18 0 2  2 1 3263 1782 2.3 29 12 3 14 88% 1657 3300 1322 97%
c f  0.16  5 18 0 2  2 1 3263 1782 2.3 29 12 3 14 88% 1655 3300 1324 97%
c u  0.16  5 18 0 2  2 1 3263 1772 2.3 29 12 3 14 88% 1655 3300 1324 97%
c v  0.16  5 18 0 2  2 1 3263 1740 2.3 29 12 3 14 88% 1655 3300 1324 97%
c w  0.17  5 18 0 2  2 1 3263 1724 2.3 29 12 3 14 88% 1655 3300 1324 97%
c x  0.17  5 18 0 2  2 1 3263 1724 2.3 29 12 3 14 88% 1655 3299 1324 97%
c =  0.18  5 18 0 2  2 1 3263 1724 2.3 29 12 3 14 88% 1679 3299 1312 96%
c d  0.19  5 18 0 2  2 1 3263 1724 2.3 29 12 3 14 88% 1643 3299 1312 96%
c -  0.19  6 18 0 3  2 1 3417 1379 2.3 29 13 3 15 89% 1643 3299 1312 96%
c I  0.21  6 19 0 3  3 1 4263 2087 2.1 28 13 4 15 89% 1644 3299 1312 96%
c -  0.22  6 19 0 4  3 1 5149 2129 2.1 28 13 4 16 89% 1646 3299 1312 96%
c -  0.26  6 18 0 5  5 1 7151 2891 1.9 26 14 5 16 89% 1647 3299 1312 96%
c B  0.28  6 18 0 5  5 1 8034 3539 1.9 26 14 5 16 89% 1647 3299 1312 96%
c -  0.32  6 18 0 6  6 1 9388 3615 1.8 26 14 5 16 90% 1647 3299 1312 96%
c u  0.33  5 18 0 6  6 1 10059 4052 1.8 26 14 5 16 90% 1655 3299 1312 96%
c v  0.34  5 18 0 6  6 1 10059 3909 1.8 26 14 5 16 90% 1655 3299 1312 96%
c w  0.35  5 18 0 6  6 1 10059 3889 1.8 26 14 5 16 90% 1655 3299 1312 96%
c o  0.36  5 18 0 6  6 1 10059 3889 1.8 26 14 5 16 90% 1655 3299 1312 96%
c -  0.40  6 18 0 7  6 1 11838 4104 1.9 27 14 5 16 91% 1655 3299 1312 96%
c W  0.45  6 18 0 7  8 1 13565 5410 1.9 27 14 5 16 91% 1656 3299 1312 96%
c
c seconds  switched rate        size/glue  tier1     binary       remaining
c        MB reductions conflicts      size   tier2     irredundant
c         level restarts   redundant     glue    trail       variables
c
c -  0.47  6 18 0 8  9 1 14483 4814 1.9 26 14 5 16 91% 1656 3299 1312 96%
c s  0.52  6 18 0 8  9 1 16302 6278 1.8 26 14 5 16 90% 1660 3291 1312 96%
c e  0.53  6 18 0 8  9 1 16302 6278 1.8 26 14 5 16 90% 440 4017 811 59%
c s  0.53  6 18 0 8  9 1 16302 6278 1.8 26 14 5 16 90% 447 3931 811 59%
c e  0.53  6 18 0 8  9 1 16302 6278 1.8 26 14 5 16 90% 419 3954 798 58%
c ^  0.53  6 18 0 8  9 1 16302 6278 1.8 26 14 5 16 90% 419 3954 798 58%
c -  0.54  6 18 0 9 10 1 17311 2599 1.8 26 14 4 15 89% 419 3954 798 58%
c -  0.60  6 18 0 10 12 1 20311 3910 1.8 25 14 4 15 87% 419 3954 798 58%
c u  0.61  6 18 0 10 12 1 20608 4044 1.8 25 14 4 15 87% 419 3954 798 58%
c v  0.62  6 18 0 10 12 1 20608 3798 1.8 25 14 4 15 87% 419 3954 798 58%
c w  0.63  7 18 0 10 12 1 20608 3446 1.8 25 14 4 15 87% 419 3954 798 58%
c x  0.63  6 18 0 10 12 1 20608 3446 1.8 25 14 4 15 87% 420 3815 798 58%
c t  0.63  6 18 0 10 12 1 20608 3446 1.8 25 14 4 15 87% 417 3815 798 58%
c f  0.63  6 18 0 10 12 1 20608 3446 1.8 25 14 4 15 87% 466 3712 825 60%
c u  0.63  6 18 0 10 12 1 20608 3442 1.8 25 14 4 15 87% 466 3712 825 60%
c v  0.64  6 18 0 10 12 1 20608 3354 1.8 25 14 4 15 87% 466 3712 825 60%
c w  0.65  7 18 0 10 12 1 20608 3228 1.8 25 14 4 15 87% 466 3712 825 60%
c x  0.65  7 18 0 10 12 1 20608 3228 1.8 25 14 4 15 87% 469 3679 825 60%
c o  0.66  7 18 0 10 12 1 20608 3228 1.8 25 14 4 15 87% 469 3679 825 60%
c O  0.67  7 18 0 10 13 1 21093 3505 1.8 25 14 4 15 88% 469 3679 825 60%
c
c seconds  switched  rate        size/glue  tier1    binary      remaining
c        MB  reductions conflicts      size   tier2    irredundant
c         level  restarts   redundant     glue    trail      variables
c
c -  0.73  7 18 0 11 13 1 23474 4009 1.8 26 14 4 15 88% 470 3679 825 60%
c -  0.81  7 18 0 12 14 1 26790 4643 1.9 26 14 4 15 88% 470 3679 825 60%
c -  0.90  7 18 0 13 14 1 30254 5249 1.9 26 14 4 15 88% 471 3679 825 60%
c B  0.91  7 18 0 13 14 1 30855 5723 1.9 26 14 4 15 88% 471 3679 825 60%
c s  0.96  7 18 0 13 14 1 32953 7312 1.9 26 14 4 15 88% 472 3678 825 60%
c e  0.97  7 18 0 13 14 1 32953 7312 1.9 26 14 4 15 88% 371 3867 719 53%
c s  0.97  7 18 0 13 14 1 32953 7312 1.9 26 14 4 15 88% 374 3818 719 53%
c e  0.97  7 18 0 13 14 1 32953 7312 1.9 26 14 4 15 88% 366 3829 714 52%
c ^  0.97  7 18 0 13 14 1 32953 7312 1.9 26 14 4 15 88% 366 3829 714 52%
c -  0.99  6 18 0 14 15 1 33859 3234 1.9 26 13 3 14 88% 366 3829 714 52%
c u  1.02  6 18 0 14 17 1 35553 4458 1.9 26 13 3 14 88% 366 3829 714 52%
c v  1.03  6 18 0 14 17 1 35553 4268 1.9 26 13 3 14 88% 366 3829 714 52%
c w  1.05  6 18 0 14 17 1 35553 3600 1.9 26 13 3 14 88% 366 3829 714 52%
c t  1.05  6 18 0 14 17 1 35553 3600 1.9 26 13 3 14 88% 365 3829 714 52%
c f  1.05  6 18 0 14 17 1 35553 3600 1.9 26 13 3 14 88% 371 3817 716 52%
c u  1.05  6 18 0 14 17 1 35553 3584 1.9 26 13 3 14 88% 371 3817 716 52%
c v  1.06  6 18 0 14 17 1 35553 3487 1.9 26 13 3 14 88% 371 3817 716 52%
c w  1.07  7 18 0 14 17 1 35553 3382 1.9 26 13 3 14 88% 371 3817 716 52%
c x  1.08  6 18 0 14 17 1 35553 3382 1.9 26 13 3 14 88% 375 3771 716 52%
c -  1.14  6 18 0 15 18 1 37601 3804 1.9 26 13 3 14 88% 376 3771 716 52%
c
c seconds  switched  rate        size/glue  tier1    binary      remaining
c        MB  reductions conflicts      size   tier2    irredundant
c         level  restarts   redundant     glue    trail      variables
c
c -  1.23  7 18 0 16 21 1 41474 5674 1.9 26 13 3 14 89% 376 3771 716 52%
c W  1.27  6 17 0 16 21 1 43078 6862 1.9 25 13 3 14 89% 376 3771 716 52%
c o  1.27  6 17 0 16 21 1 43078 6862 1.9 25 13 3 14 89% 376 3771 716 52%
c -  1.35  6 17 0 17 22 1 45475 6170 1.9 25 13 3 14 89% 376 3771 716 52%
c -  1.46  6 17 0 18 25 1 49599 6273 1.9 25 13 3 14 89% 376 3771 716 52%
c -  1.59  6 17 0 19 28 1 53841 5936 1.9 25 13 3 13 88% 376 3771 716 52%
c u  1.62  7 17 0 19 28 1 54798 6374 1.9 25 13 3 13 88% 376 3771 716 52%
c v  1.64  7 17 0 19 28 1 54798 6073 1.9 25 13 3 13 88% 376 3771 716 52%
c w  1.64  8 17 0 19 28 1 54798 6050 1.9 25 13 3 13 88% 376 3771 716 52%
c x  1.65  7 17 0 19 28 1 54798 6049 1.9 25 13 3 13 88% 377 3763 716 52%
c =  1.71  7 17 0 19 28 1 54798 6049 1.9 25 13 3 13 88% 379 3759 715 52%
c d  1.71  7 17 0 19 28 1 54798 6047 1.9 25 13 3 13 88% 376 3759 715 52%
c u  1.72  7 17 0 19 28 1 54798 6024 1.9 25 13 3 13 88% 376 3759 715 52%
c v  1.73  7 17 0 19 28 1 54798 5789 1.9 25 13 3 13 88% 376 3759 715 52%
c w  1.75  8 17 0 19 28 1 54798 4813 1.9 25 13 3 13 88% 376 3759 715 52%
c I  1.83  7 17 0 19 29 1 57983 6845 1.9 25 13 3 13 88% 376 3759 715 52%
c -  1.83  7 17 0 20 29 1 58199 4826 1.9 25 13 3 13 88% 376 3759 715 52%
c -  1.90  7 17 0 21 29 1 62671 5241 1.9 25 13 3 13 89% 377 3759 715 52%
c -  1.99  7 17 0 22 30 1 67254 5366 1.8 24 13 3 13 89% 377 3759 715 52%
c e  2.03  7 17 0 22 30 1 69292 6848 1.8 24 13 3 13 89% 298 3943 652 48%
c
c seconds  switched  rate        size/glue  tier1    binary      remaining
c        MB  reductions conflicts      size   tier2    irredundant
c         level  restarts   redundant     glue    trail      variables
c
c s  2.03  7 17 0 22 30 1 69292 6848 1.8 24 13 3 13 89% 298 3924 652 48%
c e  2.03  7 17 0 22 30 1 69292 6848 1.8 24 13 3 13 89% 295 3931 650 48%
c ^  2.03  7 17 0 22 30 1 69292 6848 1.8 24 13 3 13 89% 295 3931 650 48%
c -  2.07  6 17 0 23 30 1 71945 3376 1.8 24 13 3 13 89% 295 3931 650 48%
c B  2.14  7 17 0 23 30 1 75786 5705 1.8 24 13 3 13 89% 295 3931 650 48%
c o  2.14  7 17 0 23 30 1 75786 5705 1.8 24 13 3 13 89% 295 3931 650 48%
c -  2.18  6 17 0 24 30 1 76741 3893 1.8 24 13 3 13 90% 295 3931 650 48%
c u  2.23  6 17 0 24 30 1 78488 4634 1.8 24 13 3 13 90% 295 3931 650 48%
c v  2.24  6 17 0 24 30 1 78488 4336 1.8 24 13 3 13 90% 295 3931 650 48%
c w  2.25  7 17 0 24 30 1 78488 3857 1.8 24 13 3 13 90% 295 3931 650 48%
c x  2.25  6 17 0 24 30 1 78488 3857 1.8 24 13 3 13 90% 299 3889 650 48%
c t  2.31  6 17 0 24 30 1 78488 3857 1.8 24 13 3 13 90% 296 3889 650 48%
c -  2.39  7 17 0 25 30 1 81639 4575 1.8 24 13 3 13 90% 296 3889 650 48%
c -  2.54  7 17 0 26 34 1 86639 5981 1.8 24 13 3 13 90% 296 3889 650 48%
c -  2.69  7 17 0 27 37 1 91739 6000 1.8 24 13 3 13 90% 296 3889 650 48%
c W  2.83  6 16 0 27 39 1 96698 8090 1.8 24 13 3 13 90% 296 3889 650 48%
c -  2.83  6 16 0 28 40 1 96936 5767 1.8 24 13 3 13 90% 296 3889 650 48%
c -  3.00  6 16 0 29 43 1 102227 6120 1.8 23 13 3 13 90% 296 3889 650 48%
c u  3.14  6 16 0 29 44 1 106727 7797 1.8 23 13 3 13 90% 296 3889 650 48%
c v  3.16  8 16 0 29 44 1 106727 7432 1.8 23 13 3 13 90% 296 3889 650 48%
c
c seconds  switched  rate         size/glue  tier1    binary      remaining
c        MB  reductions conflicts       size   tier2    irredundant
c         level  restarts    redundant     glue    trail      variables
c
c w  3.17  8 16 0 29 44 1 106727 5853 1.8 23 13 3 13 90% 296 3889 650 48%
c x  3.18  7 16 0 29 44 1 106727 5853 1.8 23 13 3 13 90% 297 3883 650 48%
c -  3.20  7 16 0 30 45 1 107612 4262 1.8 23 13 3 12 90% 297 3883 650 48%
c -  3.35  7 16 0 31 45 1 113090 5082 1.8 23 13 3 12 90% 297 3883 650 48%
c -  3.50  7 16 0 32 48 1 118657 5991 1.8 23 13 3 12 90% 297 3883 650 48%
c O  3.56  7 16 0 32 50 1 120924 7355 1.8 23 13 3 12 90% 297 3883 650 48%
c o  3.56  7 16 0 32 50 1 120924 7355 1.8 23 13 3 12 90% 297 3883 650 48%
c -  3.66  7 16 0 33 52 1 124315 6324 1.7 23 13 3 12 90% 297 3883 650 48%
c s  3.74  7 16 0 33 53 1 127754 8296 1.7 23 13 3 12 90% 297 3882 650 48%
c e  3.75  7 16 0 33 53 1 127754 8296 1.7 23 13 3 12 90% 182 4245 580 42%
c s  3.75  7 16 0 33 53 1 127754 8296 1.7 23 13 3 12 90% 183 4161 580 42%
c e  3.75  7 16 0 33 53 1 127754 8296 1.7 23 13 3 12 90% 180 4167 578 42%
c ^  3.75  7 16 0 33 53 1 127754 8296 1.7 23 13 3 12 90% 180 4167 578 42%
c -  3.80  6 16 0 34 55 1 130060 3120 1.7 23 13 3 12 90% 180 4167 578 42%
c -  3.93  7 16 0 35 59 1 135892 3914 1.7 23 13 2 12 90% 180 4167 578 42%
c u  4.03  7 16 0 35 59 1 139733 5369 1.7 23 13 2 12 90% 180 4167 578 42%
c v  4.04  7 16 0 35 59 1 139733 5080 1.7 23 13 2 12 90% 180 4167 578 42%
c w  4.09  7 16 0 35 59 1 139733 3943 1.7 23 13 2 12 90% 180 4167 578 42%
c -  4.14  6 16 0 36 60 1 141809 3365 1.7 23 13 2 12 90% 180 4167 578 42%
c -  4.26  7 16 0 37 60 1 147809 4455 1.7 23 13 2 12 90% 180 4167 578 42%
c
c seconds  switched  rate         size/glue  tier1    binary      remaining
c        MB  reductions conflicts       size   tier2    irredundant
c         level  restarts    redundant     glue    trail      variables
c
c B  4.28  7 16 0 37 61 1 148664 4878 1.7 23 13 2 12 90% 180 4167 578 42%
c -  4.38  7 16 0 38 61 1 153891 5328 1.7 23 14 2 12 90% 180 4167 578 42%
c -  4.52  7 16 0 39 61 1 160055 6281 1.7 23 13 2 12 90% 180 4167 578 42%
c -  4.67  7 16 0 40 62 1 166302 6948 1.7 23 13 2 12 90% 180 4167 578 42%
c -  4.84  7 16 0 41 62 1 172627 7024 1.7 23 13 2 12 90% 180 4167 578 42%
c u  4.97  7 16 0 41 62 1 177367 9014 1.7 23 13 2 12 90% 180 4167 578 42%
c v  5.00  8 16 0 41 62 1 177367 8382 1.7 23 13 2 12 90% 180 4167 578 42%
c w  5.01  8 16 0 41 62 1 177367 7145 1.7 23 13 2 12 90% 180 4167 578 42%
c x  5.02  7 16 0 41 62 1 177367 7143 1.7 23 13 2 12 90% 181 4110 578 42%
c =  5.12  7 16 0 41 62 1 177367 7143 1.7 23 13 2 12 90% 183 4108 577 42%
c d  5.12  7 16 0 41 62 1 177367 7143 1.7 23 13 2 12 90% 181 4108 577 42%
c u  5.13  7 16 0 41 62 1 177367 7111 1.7 23 13 2 12 90% 181 4108 577 42%
c v  5.15  7 16 0 41 62 1 177367 6862 1.7 23 13 2 12 90% 181 4108 577 42%
c w  5.17  8 16 0 41 62 1 177367 6653 1.7 23 13 2 12 90% 181 4108 577 42%
c x  5.17  8 16 0 41 62 1 177367 6653 1.7 23 13 2 12 90% 181 4101 577 42%
c o  5.18  8 16 0 41 62 1 177367 6653 1.7 23 13 2 12 90% 181 4101 577 42%
c -  5.23  7 16 0 42 62 1 179031 4936 1.7 22 13 2 12 90% 181 4101 577 42%
c W  5.26  6 16 0 42 62 1 180114 5337 1.7 22 13 2 12 90% 181 4101 577 42%
c -  5.39  6 16 0 43 62 1 185512 5774 1.7 22 14 2 12 90% 181 4101 577 42%
c -  5.57  6 16 0 44 62 1 192069 5959 1.6 22 14 2 12 90% 181 4101 577 42%
c
c seconds  switched  rate         size/glue  tier1    binary      remaining
c        MB  reductions conflicts       size   tier2    irredundant
c         level  restarts    redundant     glue    trail      variables
c
c -  5.76  7 16 0 45 64 1 198704 6520 1.6 22 14 2 12 90% 181 4101 577 42%
c -  5.92  7 16 0 46 68 1 205413 7455 1.6 22 14 2 12 90% 181 4101 577 42%
c s  6.03  7 16 0 46 70 1 210453 10630 1.6 22 14 2 12 90% 182 4098 577 42%
c e  6.04  7 16 0 46 70 1 210453 10630 1.6 22 14 2 12 90% 136 4632 501 37%
c s  6.04  7 16 0 46 70 1 210453 10630 1.6 22 14 2 12 90% 138 4456 501 37%
c e  6.04  7 16 0 46 70 1 210453 10630 1.6 22 14 2 12 90% 129 4513 493 36%
c ^  6.04  7 16 0 46 70 1 210453 10630 1.6 22 14 2 12 90% 129 4513 493 36%
c -  6.08  6 16 0 47 72 1 212196 4219 1.6 22 14 2 12 90% 129 4513 493 36%
c I  6.15  7 16 0 47 74 1 215465 6182 1.6 22 14 2 12 90% 129 4513 493 36%
c -  6.20  7 16 0 48 76 1 219051 5270 1.6 22 14 2 12 90% 129 4513 493 36%
c u  6.22  6 16 0 48 76 1 220071 5937 1.6 22 14 2 12 90% 129 4513 493 36%
c v  6.23  6 16 0 48 76 1 220071 5601 1.6 22 14 2 12 90% 129 4513 493 36%
c w  6.29  7 16 0 48 76 1 220071 4587 1.6 22 14 2 12 90% 129 4513 493 36%
c -  6.51  7 16 0 49 77 1 225980 5038 1.6 22 14 2 12 90% 129 4513 493 36%
c -  6.64  7 17 0 50 80 1 232980 5774 1.6 22 14 2 12 90% 129 4513 493 36%
c -  6.77  7 17 0 51 84 1 240051 6194 1.6 22 14 2 12 90% 129 4513 493 36%
c -  6.90  7 17 0 52 88 1 247193 6742 1.6 22 14 2 12 90% 129 4513 493 36%
c -  7.04  7 17 0 53 91 1 254405 7344 1.6 22 14 2 12 90% 129 4513 493 36%
c B  7.05  7 17 0 53 91 1 254905 7642 1.6 22 14 2 12 90% 129 4513 493 36%
c o  7.05  7 17 0 53 91 1 254905 7642 1.6 22 14 2 12 90% 129 4513 493 36%
c
c seconds  switched  rate         size/glue  tier1    binary      remaining
c        MB  reductions conflicts       size   tier2    irredundant
c         level  restarts    redundant     glue    trail      variables
c
c -  7.19  7 17 0 54 92 1 261685 7717 1.6 22 14 2 12 90% 129 4513 493 36%
c u  7.32  7 17 0 54 93 1 267278 11260 1.6 23 14 2 12 90% 129 4513 493 36%
c v  7.34  8 17 0 54 93 1 267278 10650 1.6 23 14 2 12 90% 129 4513 493 36%
c w  7.36  9 17 0 54 93 1 267278 10279 1.6 23 14 2 12 90% 129 4513 493 36%
c x  7.36  7 17 0 54 93 1 267278 10278 1.6 23 14 2 12 90% 131 4354 493 36%
c -  7.41  8 17 0 55 93 1 269033 6590 1.6 23 14 2 12 90% 131 4354 493 36%
c -  7.57  7 17 0 56 93 1 276450 6501 1.6 23 14 2 12 90% 131 4354 493 36%
c -  7.73  7 17 0 57 96 1 283933 6673 1.6 23 14 2 12 90% 131 4354 493 36%
c -  7.89  8 17 0 58 100 1 291483 7352 1.6 22 14 3 12 90% 131 4354 493 36%
c W  8.07  7 16 0 58 106 1 298617 11217 1.6 22 14 3 12 90% 131 4354 493 36%
c -  8.08  7 17 0 59 106 1 299098 7802 1.6 22 14 3 12 90% 131 4354 493 36%
c -  8.27  7 16 0 60 108 1 306779 7690 1.6 22 14 3 12 90% 131 4354 493 36%
c -  8.48  7 16 0 61 110 1 314524 7083 1.6 22 14 3 12 90% 131 4354 493 36%
c s  8.59  8 16 0 61 113 1 318786 9224 1.6 22 14 3 12 90% 131 4352 493 36%
c e  8.59  8 16 0 61 113 1 318786 9224 1.6 22 14 3 12 90%  81 5407 414 30%
c s  8.60  8 16 0 61 113 1 318786 9224 1.6 22 14 3 12 90%  82 5093 414 30%
c e  8.60  8 16 0 61 113 1 318786 9224 1.6 22 14 3 12 90%  80 5133 411 30%
c !  8.60  8 16 0 61 113 1 318786 9224 1.6 22 14 3 12 90%  80 5133 411 30%
c u  8.62  8 16 0 61 114 1 319883 4260 1.6 22 14 3 12 90%  80 5133 411 30%
c v  8.63  8 16 0 61 114 1 319883 4038 1.6 22 14 3 12 90%  80 5133 411 30%
c
c seconds  switched   rate         size/glue  tier1    binary      remaining
c        MB  reductions conflicts        size   tier2    irredundant
c         level  restarts     redundant     glue    trail      variables
c
c w  8.65  8 16 0 61 114 1 319883 2377 1.6 22 14 3 12 90%  80 5133 411 30%
c x  8.66  7 16 0 61 114 1 319883 2372 1.6 22 14 3 12 90%  82 4908 411 30%
c f  8.66  7 16 0 61 114 1 319883 2372 1.6 22 14 3 12 90%  85 4866 413 30%
c u  8.66  7 16 0 61 114 1 319883 2332 1.6 22 14 3 12 90%  85 4866 413 30%
c v  8.67  7 16 0 61 114 1 319883 2232 1.6 22 14 3 12 90%  85 4866 413 30%
c w  8.68  7 16 0 61 114 1 319883 2051 1.6 22 14 3 12 90%  85 4866 413 30%
c x  8.69  7 16 0 61 114 1 319883 2051 1.6 22 14 3 12 90%  85 4831 413 30%
c -  8.81  6 16 0 62 115 1 322335 2239 1.6 22 14 2 12 90%  85 4831 413 30%
c -  8.97  7 16 0 63 120 1 330209 4519 1.6 22 14 2 12 90%  85 4831 413 30%
c -  9.14  7 16 0 64 123 1 338147 6287 1.6 22 14 2 12 90%  85 4831 413 30%
c -  9.32  7 16 0 65 124 1 346147 6867 1.6 22 14 2 12 90%  85 4831 413 30%
c O  9.34  7 16 0 65 124 1 346779 7156 1.6 22 14 2 12 90%  85 4831 413 30%
c o  9.34  7 16 0 65 124 1 346779 7156 1.6 22 14 2 12 90%  85 4831 413 30%
c -  9.51  7 16 0 66 124 1 354209 6895 1.6 22 14 2 12 90%  85 4831 413 30%
c -  9.69  8 16 0 67 125 1 362333 6756 1.6 22 14 2 12 90%  85 4831 413 30%
c -  9.89  8 16 0 68 125 1 370519 7011 1.6 21 14 2 12 90%  85 4831 413 30%
c u 10.05  8 16 0 68 125 1 376935 9097 1.6 21 14 2 12 90%  85 4831 413 30%
c v 10.08  8 16 0 68 125 1 376935 8410 1.6 21 14 2 12 90%  85 4831 413 30%
c w 10.12  8 16 0 68 125 1 376935 5338 1.6 21 14 2 12 90%  85 4831 413 30%
c - 10.16  6 16 0 69 125 1 378765 4394 1.6 21 14 2 12 90%  85 4831 413 30%
c
c seconds  switched   rate         size/glue  tier1    binary      remaining
c        MB  reductions conflicts        size   tier2    irredundant
c         level  restarts     redundant     glue    trail      variables
c
c - 10.33  7 16 0 70 125 1 387071 6094 1.6 21 14 2 12 90%  85 4831 413 30%
c - 10.51  7 16 0 71 126 1 395437 6978 1.6 22 13 2 12 90%  85 4831 413 30%
c B 10.60  7 16 0 71 126 1 399567 9144 1.6 22 13 2 12 90%  85 4831 413 30%
c - 10.71  7 16 0 72 126 1 403864 7576 1.6 22 13 2 12 90%  85 4831 413 30%
c - 10.90  8 16 0 73 126 1 412350 8291 1.6 22 13 2 12 89%  85 4831 413 30%
c - 11.11  8 16 0 74 126 1 420894 8990 1.7 22 13 2 12 89%  85 4831 413 30%
c - 11.35  8 16 0 75 126 1 429497 7932 1.7 22 13 2 11 90%  85 4831 413 30%
c - 11.60  8 16 0 76 126 1 438157 7258 1.6 22 13 2 11 90%  85 4831 413 30%
c u 11.64  8 16 0 76 126 1 439248 7597 1.6 22 13 2 11 90%  85 4831 413 30%
c v 11.67  8 16 0 76 126 1 439248 6738 1.6 22 13 2 11 90%  85 4831 413 30%
c w 11.70  8 16 0 76 126 1 439248 4856 1.6 22 13 2 11 90%  85 4831 413 30%
c x 11.71  8 16 0 76 126 1 439248 4854 1.6 22 13 2 11 90%  85 4830 413 30%
c o 11.71  8 16 0 76 126 1 439248 4854 1.6 22 13 2 11 90%  85 4830 413 30%
c - 11.92  8 16 0 77 126 1 446876 5654 1.6 22 13 2 11 90%  85 4830 413 30%
c e 12.09  8 16 0 77 126 1 453200 8386 1.6 22 13 2 11 90%  76 4914 406 30%
c s 12.09  8 16 0 77 126 1 453200 8386 1.6 22 13 2 11 90%  76 4892 406 30%
c - 12.15  8 16 0 78 126 1 455650 6876 1.6 22 13 2 11 90%  76 4892 406 30%
c W 12.19  7 16 0 78 126 1 457151 7690 1.6 22 13 2 11 90%  76 4892 406 30%
c - 12.37  7 16 0 79 129 1 464481 7734 1.6 22 13 2 11 90%  76 4892 406 30%
c - 12.59  8 16 0 80 134 1 473370 8046 1.6 22 13 2 11 90%  76 4892 406 30%
c
c seconds  switched   rate         size/glue  tier1    binary      remaining
c        MB  reductions conflicts        size   tier2    irredundant
c         level  restarts     redundant     glue    trail      variables
c
c - 12.78  8 16 0 81 140 1 482316 8508 1.6 22 13 2 11 89%  76 4892 406 30%
c - 12.98  8 16 0 82 141 1 491319 9049 1.6 21 13 2 11 89%  76 4892 406 30%
c - 13.19  8 16 0 83 147 1 500374 10022 1.6 21 13 2 11 89%  76 4892 406 30%
c u 13.35  7 16 0 83 150 1 506925 13694 1.6 21 13 2 11 90%  76 4892 406 30%
c v 13.40  7 16 0 83 150 1 506925 12621 1.6 21 13 2 11 90%  76 4892 406 30%
c w 13.45 10 16 0 83 150 1 506925 10862 1.6 21 13 2 11 90%  76 4892 406 30%
c - 13.51  9 16 0 84 151 1 509484 8240 1.6 21 13 2 11 90%  76 4892 406 30%
c - 13.71  9 16 0 85 156 1 518649 7882 1.6 21 13 2 11 90%  76 4892 406 30%
c I 13.73  8 16 0 85 156 1 519701 8421 1.6 21 13 2 11 90%  76 4892 406 30%
c - 13.86  9 16 0 86 157 1 527870 8366 1.6 21 13 2 11 90%  76 4892 406 30%
c - 14.05  9 16 0 87 157 1 537143 8550 1.6 21 13 2 11 90%  76 4892 406 30%
c - 14.23  8 16 0 88 160 1 546470 9321 1.6 21 13 2 11 90%  76 4892 406 30%
c - 14.44  8 16 0 89 165 1 555850 8625 1.5 21 13 2 11 90%  76 4892 406 30%
c - 14.64  9 16 0 90 171 1 565283 7961 1.5 20 13 2 11 90%  76 4892 406 30%
c - 14.84  9 16 0 91 172 1 574770 8376 1.5 20 13 2 11 90%  76 4892 406 30%
c u 14.95  9 15 0 91 175 1 579908 9912 1.5 20 13 2 11 90%  76 4892 406 30%
c v 14.98  9 15 0 91 175 1 579908 9031 1.5 20 13 2 11 90%  76 4892 406 30%
c w 15.03  9 15 0 91 175 1 579908 6471 1.5 20 13 2 11 90%  76 4892 406 30%
c = 15.19  9 15 0 91 175 1 579908 6471 1.5 20 13 2 11 90%  76 4888 405 30%
c u 15.19  9 15 0 91 175 1 579908 6265 1.5 20 13 2 11 90%  76 4888 405 30%
c
c seconds  switched   rate         size/glue  tier1    binary      remaining
c        MB  reductions conflicts        size   tier2    irredundant
c         level  restarts     redundant     glue    trail      variables
c
c v 15.21  9 15 0 91 175 1 579908 5969 1.5 20 13 2 11 90%  76 4888 405 30%
c w 15.25  9 15 0 91 175 1 579908 5408 1.5 20 13 2 11 90%  76 4888 405 30%
c x 15.26  9 15 0 91 175 1 579908 5407 1.5 20 13 2 11 90%  76 4855 405 30%
c o 15.26  9 15 0 91 175 1 579908 5407 1.5 20 13 2 11 90%  76 4855 405 30%
c - 15.36  7 15 0 92 179 1 584309 4848 1.5 20 13 2 11 91%  76 4855 405 30%
c B 15.41  7 16 0 92 179 1 587385 6580 1.5 20 13 2 11 91%  76 4855 405 30%
c - 15.55  8 16 0 93 184 1 593901 6110 1.5 20 13 2 11 90%  76 4855 405 30%
c - 15.76  8 16 0 94 187 1 603544 6698 1.5 20 13 2 11 90%  76 4855 405 30%
c - 15.99  8 16 0 95 188 1 613240 7521 1.5 20 13 2 11 90%  76 4855 405 30%
c e 16.15  8 16 0 95 188 1 618812 10112 1.5 20 13 2 11 90%  76 4867 404 30%
c s 16.15  8 16 0 95 188 1 618812 10112 1.5 20 13 2 11 90%  76 4861 404 30%
c - 16.25  8 16 0 96 188 1 622988 8349 1.5 20 13 2 11 90%  76 4861 404 30%
c - 16.46  9 16 0 97 189 1 632786 9403 1.5 21 13 2 11 90%  76 4861 404 30%
c - 16.72  9 15 0 98 189 1 642635 8591 1.5 20 13 2 11 90%  76 4861 404 30%
c - 16.98  9 15 0 99 189 1 652535 8315 1.5 20 13 2 11 90%  76 4861 404 30%
c u 17.11  9 15 0 99 190 1 658499 11389 1.5 20 13 2 11 90%  76 4861 404 30%
c v 17.14  9 15 0 99 190 1 658499 10694 1.5 20 13 2 11 90%  76 4861 404 30%
c w 17.21 10 15 0 99 190 1 658499 7360 1.5 20 13 2 11 90%  76 4861 404 30%
c W 17.47  8 15 0 99 192 1 660360 8028 1.5 20 13 2 11 90%  76 4861 404 30%
c - 17.53  8 15 0 100 193 1 662485 6092 1.5 20 13 2 11 90%  76 4861 404 30%
c
c seconds  switched    rate         size/glue  tier1    binary      remaining
c        MB  reductions  conflicts        size   tier2    irredundant
c         level   restarts     redundant     glue    trail      variables
c
c - 17.73  8 15 0 101 199 1 672487 7359 1.5 20 13 2 11 90%  76 4861 404 30%
c - 17.96  8 15 0 102 203 1 682536 7872 1.5 20 13 2 11 90%  76 4861 404 30%
c - 18.19  8 15 0 103 206 1 692635 7749 1.5 19 13 2 11 90%  76 4861 404 30%
c - 18.44  8 15 0 104 211 1 702784 8557 1.5 19 13 2 11 90%  76 4861 404 30%
c - 18.67  8 15 0 105 218 1 712983 8913 1.5 19 13 2 11 90%  76 4861 404 30%
c - 18.89  8 15 0 106 219 1 723229 8716 1.5 19 13 2 11 90%  76 4861 404 30%
c - 19.12  8 15 0 107 220 1 733526 8427 1.5 19 13 2 10 90%  76 4861 404 30%
c O 19.24  8 15 0 107 220 1 738790 12040 1.5 19 13 2 10 89%  76 4861 404 30%
c o 19.24  8 15 0 107 220 1 738790 12040 1.5 19 13 2 10 89%  76 4861 404 30%
c u 19.37  8 15 0 107 223 1 742663 12824 1.5 19 13 2 10 90%  76 4861 404 30%
c v 19.41  8 15 0 107 223 1 742663 11813 1.5 19 13 2 10 90%  76 4861 404 30%
c w 19.49 11 15 0 107 223 1 742663 9203 1.5 19 13 2 10 90%  76 4861 404 30%
c - 19.52  9 15 0 108 223 1 743871 6806 1.5 19 13 2 10 90%  76 4861 404 30%
c - 19.76  9 15 0 109 229 1 754264 7170 1.5 19 13 2 10 90%  76 4861 404 30%
c - 20.01  9 15 0 110 234 1 764705 6870 1.5 19 13 2 10 90%  76 4861 404 30%
c - 20.26  9 15 0 111 237 1 775194 7627 1.5 19 13 2 10 90%  76 4861 404 30%
c - 20.52  9 15 0 112 243 1 785730 8385 1.5 19 13 2 10 90%  76 4861 404 30%
c - 20.79  9 15 0 113 249 1 796314 8045 1.5 19 13 2 10 90%  76 4861 404 30%
c - 21.06  9 15 0 114 251 1 806944 9140 1.5 19 13 2 10 90%  76 4861 404 30%
c - 21.35  9 15 0 115 251 1 817621 9516 1.5 19 13 2 10 90%  76 4861 404 30%
c
c seconds  switched    rate          size/glue  tier1    binary      remaining
c        MB  reductions  conflicts         size   tier2    irredundant
c         level   restarts      redundant     glue    trail      variables
c
c B 21.49  9 15 0 115 252 1 822827 11143 1.5 19 13 2 10 90%  76 4861 404 30%
c - 21.66  9 15 0 116 252 1 828345 8761 1.5 19 13 2 10 90%  76 4861 404 30%
c u 21.81  9 15 0 116 252 1 832478 9916 1.5 19 13 2 10 90%  76 4861 404 30%
c v 21.85  9 15 0 116 252 1 832478 8959 1.5 19 13 2 10 90%  76 4861 404 30%
c w 21.94 10 15 0 116 252 1 832478 7351 1.5 19 13 2 10 90%  76 4861 404 30%
c - 22.12  9 15 0 117 252 1 839115 6761 1.5 19 13 2 10 90%  76 4861 404 30%
c - 22.42  9 15 0 118 252 1 849931 7606 1.5 19 13 2 10 90%  76 4861 404 30%
c - 22.72  9 15 0 119 253 1 860795 7614 1.5 19 13 2 10 91%  76 4861 404 30%
c - 22.98  9 15 0 120 253 1 871705 8047 1.4 18 13 2 10 91%  76 4861 404 30%
c - 23.25  9 15 0 121 253 1 882659 7997 1.4 18 13 2 10 91%  76 4861 404 30%
c - 23.55  9 15 0 122 253 1 893659 7121 1.4 18 13 2 10 91%  76 4861 404 30%
c - 23.84  9 15 0 123 253 1 904704 7418 1.4 18 13 2 10 91%  76 4861 404 30%
c W 24.01  8 14 0 123 253 1 912628 11467 1.4 18 13 2 10 91%  76 4861 404 30%
c o 24.01  8 14 0 123 253 1 912628 11467 1.4 18 13 2 10 91%  76 4861 404 30%
c - 24.08  8 14 0 124 253 1 915795 9073 1.4 18 13 2 10 91%  76 4861 404 30%
c - 24.36  8 15 0 125 254 1 926931 9670 1.4 18 13 2 10 90%  76 4861 404 30%
c u 24.41  8 15 0 125 254 1 928011 9553 1.4 18 13 2 10 90%  76 4861 404 30%
c v 24.44  8 15 0 125 254 1 928011 8715 1.4 18 13 2 10 90%  76 4861 404 30%
c w 24.50  8 15 0 125 254 1 928011 7469 1.4 18 13 2 10 90%  76 4861 404 30%
c x 24.51  8 15 0 125 254 1 928011 7468 1.4 18 13 2 10 90%  78 4847 404 30%
c
c seconds  switched    rate         size/glue  tier1    binary      remaining
c        MB  reductions  conflicts        size   tier2    irredundant
c         level   restarts     redundant     glue    trail      variables
c
c = 24.78 11 15 0 125 254 1 928011 7468 1.4 18 13 2 10 90%  80 4827 402 29%
c d 24.78 11 15 0 125 254 1 928011 7394 1.4 18 13 2 10 90%  77 4827 402 29%
c t 24.78 11 15 0 125 254 1 928011 7394 1.4 18 13 2 10 90%  75 4827 402 29%
c u 24.80 11 15 0 125 254 1 928011 7301 1.4 18 13 2 10 90%  74 4827 402 29%
c v 24.82 11 15 0 125 254 1 928011 6930 1.4 18 13 2 10 90%  74 4827 402 29%
c w 24.88 11 15 0 125 254 1 928011 6191 1.4 18 13 2 10 90%  74 4827 402 29%
c - 25.09 11 15 0 126 254 1 938112 7111 1.5 19 13 2 10 90%  74 4827 402 29%
c - 25.34 11 15 0 127 254 1 949337 7836 1.5 19 13 2 10 90%  74 4827 402 29%
c - 25.56 11 15 0 128 254 1 960606 9477 1.5 19 13 2 10 90%  74 4827 402 29%
c - 25.80 11 15 0 129 254 1 971919 10553 1.5 20 13 2 10 90%  74 4827 402 29%
c - 26.05 11 15 0 130 254 1 983276 10899 1.5 20 13 2 10 89%  74 4827 402 29%
c - 26.28 11 15 0 131 254 1 994677 10997 1.6 20 13 2 10 89%  74 4827 402 29%
c - 26.53 11 15 0 132 254 1 1006122 12586 1.6 20 13 2 10 88%  74 4827 402 29%
c I 26.59 11 15 0 132 254 1 1008342 14047 1.6 20 13 2 10 88%  74 4827 402 29%
c - 26.75 11 15 0 133 254 1 1017613 12990 1.6 20 13 2 10 88%  74 4827 402 29%
c - 26.96 10 15 0 134 254 1 1029147 10946 1.6 21 13 2 10 88%  74 4827 402 29%
c u 26.98 10 15 0 134 254 1 1029442 10853 1.6 21 13 2 10 88%  74 4827 402 29%
c v 27.03 10 15 0 134 254 1 1029442 9582 1.6 21 13 2 10 88%  74 4827 402 29%
c w 27.09 10 15 0 134 254 1 1029442 8569 1.6 21 13 2 10 88%  74 4827 402 29%
c - 27.51 10 15 0 135 254 1 1040723 8221 1.6 21 13 2 10 89%  74 4827 402 29%
c
c seconds  switched    rate           size/glue  tier1    binary      remaining
c        MB  reductions   conflicts         size   tier2    irredundant
c         level   restarts       redundant     glue    trail      variables
c
c s 27.64 10 15 0 135 254 1 1048311 13286 1.6 21 13 2 10 89%  74 4826 402 29%
c e 27.64 10 15 0 135 254 1 1048311 13286 1.6 21 13 2 10 89%  74 4848 399 29%
c o 27.64 10 15 0 135 254 1 1048311 13272 1.6 21 13 2 10 89%  74 4848 399 29%
c - 27.70 10 15 0 136 254 1 1052342 8441 1.6 21 13 2 10 89%  74 4848 399 29%
c - 27.88 10 15 0 137 261 1 1064003 8828 1.6 20 13 2 10 89%  74 4848 399 29%
c - 28.08 10 15 0 138 268 1 1075707 9295 1.6 20 13 2 10 89%  74 4848 399 29%
c - 28.29 10 15 0 139 271 1 1087454 9531 1.5 20 13 2 10 88%  74 4848 399 29%
c - 28.52 11 15 0 140 278 1 1099243 10468 1.5 20 13 2 10 88%  74 4848 399 29%
c B 28.76 11 16 0 140 283 1 1110120 16876 1.5 20 13 2 10 88%  74 4848 399 29%
c - 28.79 10 16 0 141 284 1 1111076 10860 1.5 20 13 2 10 88%  74 4848 399 29%
c - 29.08 10 16 0 142 285 1 1122950 10390 1.6 21 13 2 10 88%  74 4848 399 29%
c - 29.39 10 16 0 143 285 1 1134866 9615 1.6 21 13 2 10 88%  74 4848 399 29%
c u 29.45 10 16 0 143 287 1 1136729 10258 1.6 21 13 2 10 88%  74 4848 399 29%
c v 29.49 10 16 0 143 287 1 1136729 8929 1.6 21 13 2 10 88%  74 4848 399 29%
c w 29.54 10 16 0 143 287 1 1136729 8101 1.6 21 13 2 10 88%  74 4848 399 29%
c - 29.79 10 16 0 144 292 1 1146824 8742 1.6 22 13 2 10 88%  74 4848 399 29%
c - 30.10 11 16 0 145 299 1 1158824 9949 1.6 22 13 2 10 88%  74 4848 399 29%
c - 30.41 10 15 0 146 303 1 1170867 10458 1.7 22 13 2 10 88%  74 4848 399 29%
c - 30.70 10 15 0 147 310 1 1182951 10705 1.7 22 13 2 10 88%  74 4848 399 29%
c - 30.99 10 15 0 148 315 1 1195077 10229 1.7 23 13 2 10 89%  74 4848 399 29%
c
c seconds  switched    rate           size/glue  tier1    binary      remaining
c        MB  reductions   conflicts         size   tier2    irredundant
c         level   restarts       redundant     glue    trail      variables
c
c - 31.29 11 15 0 149 316 1 1207243 10970 1.8 23 13 2 10 89%  74 4848 399 29%
c W 31.62 11 15 0 149 317 1 1218106 17728 1.8 23 13 2 10 89%  74 4848 399 29%
c o 31.62 11 15 0 149 317 1 1218106 17728 1.8 23 13 2 10 89%  74 4848 399 29%
c - 31.67 11 15 0 150 317 1 1219449 12622 1.8 23 13 2 10 89%  74 4848 399 29%
c - 32.01 11 15 0 151 317 1 1231696 12058 1.8 23 13 2 10 89%  74 4848 399 29%
c - 32.30 10 15 0 152 317 1 1243985 10095 1.7 23 13 2 9 88%  74 4848 399 29%
c u 32.45 10 15 0 152 317 1 1249860 12549 1.7 22 13 2 9 88%  74 4848 399 29%
c v 32.51 10 15 0 152 317 1 1249860 11235 1.7 22 13 2 9 88%  74 4848 399 29%
c w 32.57 10 15 0 152 317 1 1249860 9403 1.7 22 13 2 9 88%  74 4848 399 29%
c - 32.73 10 15 0 153 323 1 1256313 7814 1.7 22 13 2 9 88%  74 4848 399 29%
c - 33.01 10 15 0 154 330 1 1268682 8368 1.7 22 13 2 9 89%  74 4848 399 29%
c - 33.32 10 15 0 155 332 1 1281091 9115 1.6 21 13 2 9 89%  74 4848 399 29%
c - 33.63 10 15 0 156 339 1 1293540 9330 1.6 21 13 2 9 89%  74 4848 399 29%
c - 33.95 10 15 0 157 346 1 1306029 9166 1.6 21 13 2 9 90%  74 4848 399 29%
c - 34.30 10 15 0 158 348 1 1318558 10202 1.6 20 13 2 9 90%  74 4848 399 29%
c - 34.62 11 15 0 159 348 1 1331128 10975 1.5 20 13 2 9 89%  74 4848 399 29%
c O 34.65 11 15 0 159 349 1 1332445 11516 1.5 20 13 2 9 89%  74 4848 399 29%
c - 34.95 10 15 0 160 355 1 1343737 9830 1.5 20 13 2 9 89%  74 4848 399 29%
c - 35.30 11 15 0 161 362 1 1356386 9695 1.5 20 13 2 9 89%  74 4848 399 29%
c u 35.65 11 15 0 161 366 1 1368971 15505 1.5 20 13 2 9 89%  74 4848 399 29%
c
c seconds  switched    rate           size/glue  tier1   binary      remaining
c        MB  reductions   conflicts         size   tier2   irredundant
c         level   restarts       redundant     glue   trail      variables
c
c v 35.72 11 15 0 161 366 1 1368971 14177 1.5 20 13 2 9 89%  74 4848 399 29%
c w 35.75 11 15 0 161 366 1 1368971 13372 1.5 20 13 2 9 89%  74 4848 399 29%
c x 35.76 11 15 0 161 366 1 1368971 13371 1.5 20 13 2 9 89%  75 4842 399 29%
c t 36.02 11 15 0 161 366 1 1368971 13371 1.5 20 13 2 9 89%  74 4842 399 29%
c o 36.02 11 15 0 161 366 1 1368971 13371 1.5 20 13 2 9 89%  74 4842 399 29%
c s 36.02 11 15 0 161 366 1 1368971 13371 1.5 20 13 2 9 89%  74 4841 399 29%
c - 36.03 11 15 0 162 367 1 1369074 8864 1.5 20 13 2 9 89%  74 4841 399 29%
c - 36.33 11 15 0 163 374 1 1381801 9672 1.5 20 13 2 9 90%  74 4841 399 29%
c - 36.68 10 15 0 164 378 1 1394571 9100 1.5 20 13 2 9 90%  74 4841 399 29%
c - 37.04 11 15 0 165 379 1 1407378 9124 1.5 20 13 2 9 90%  74 4841 399 29%
c - 37.39 11 15 0 166 380 1 1420223 8638 1.5 20 13 2 9 90%  74 4841 399 29%
c - 37.73 11 15 0 167 380 1 1433107 9928 1.5 20 13 2 9 89%  74 4841 399 29%
c - 38.04 11 15 0 168 380 1 1446029 11218 1.5 20 13 2 9 89%  74 4841 399 29%
c B 38.28 11 15 0 168 381 1 1453279 14373 1.5 20 13 2 9 89%  74 4841 399 29%
c - 38.45 10 15 0 169 381 1 1458991 11225 1.5 20 13 2 9 89%  74 4841 399 29%
c - 38.85 10 15 0 170 381 1 1471992 10281 1.5 20 13 2 9 89%  74 4841 399 29%
c - 39.20 10 15 0 171 381 1 1485030 9496 1.5 19 13 2 9 90%  74 4841 399 29%
c u 39.48 10 15 0 171 381 1 1494121 12533 1.5 19 13 2 9 90%  74 4841 399 29%
c v 39.53 10 15 0 171 381 1 1494121 11617 1.5 19 13 2 9 90%  74 4841 399 29%
c w 39.62 10 15 0 171 381 1 1494121 9108 1.5 19 13 2 9 90%  74 4841 399 29%
c
c seconds  switched    rate          size/glue  tier1   binary      remaining
c        MB  reductions   conflicts        size   tier2   irredundant
c         level   restarts      redundant     glue   trail      variables
c
c - 39.73 10 15 0 172 381 1 1498107 7561 1.5 19 13 2 9 90%  74 4841 399 29%
c - 40.07 10 15 0 173 381 1 1511222 8394 1.5 19 13 2 9 90%  74 4841 399 29%
c - 40.43 10 15 0 174 388 1 1524374 8612 1.5 19 13 2 9 90%  74 4841 399 29%
c - 40.74 10 15 0 175 396 1 1537565 9718 1.5 19 13 2 9 90%  74 4841 399 29%
c - 41.08 10 15 0 176 401 1 1550794 10576 1.5 19 13 2 9 90%  74 4841 399 29%
c - 41.46 10 15 0 177 409 1 1564060 10306 1.5 19 13 2 9 90%  74 4841 399 29%
c - 41.79 11 15 0 178 411 1 1577364 10996 1.5 19 13 2 9 89%  74 4841 399 29%
c W 41.91 11 15 0 178 412 1 1580747 12137 1.5 19 13 2 9 89%  74 4841 399 29%
c o 41.91 11 15 0 178 412 1 1580747 12137 1.5 19 13 2 9 89%  74 4841 399 29%
c - 42.15 10 15 0 179 412 1 1590706 11687 1.5 19 13 2 9 90%  74 4841 399 29%
c - 42.49 10 15 0 180 419 1 1604085 11230 1.5 19 13 2 9 90%  74 4841 399 29%
c - 42.83 10 15 0 181 426 1 1617501 10689 1.5 19 13 2 9 90%  74 4841 399 29%
c u 43.04 10 15 0 181 427 1 1625356 14313 1.5 19 13 2 9 90%  74 4841 399 29%
c v 43.10 10 15 0 181 427 1 1625356 13007 1.5 19 13 2 9 90%  74 4841 399 29%
c w 43.20 10 15 0 181 427 1 1625356 9969 1.5 19 13 2 9 90%  74 4841 399 29%
c - 43.35 10 15 0 182 430 1 1630955 8456 1.5 19 13 2 9 90%  74 4841 399 29%
c - 43.68 10 15 0 183 438 1 1644447 9466 1.5 19 13 2 9 90%  74 4841 399 29%
c - 44.04 11 15 0 184 442 1 1657974 10056 1.5 19 13 2 9 90%  74 4841 399 29%
c - 44.44 10 15 0 185 443 1 1671538 9637 1.5 19 13 2 9 90%  74 4841 399 29%
c - 44.78 10 15 0 186 444 1 1685139 10042 1.5 19 13 2 9 90%  74 4841 399 29%
c
c seconds  switched    rate           size/glue  tier1   binary      remaining
c        MB  reductions   conflicts         size   tier2   irredundant
c         level   restarts       redundant     glue   trail      variables
c
c - 45.17 11 14 0 187 444 1 1698778 10166 1.5 19 13 2 9 90%  74 4841 399 29%
c - 45.55 10 14 0 188 447 1 1712452 10727 1.5 19 13 2 9 90%  74 4841 399 29%
c I 45.61 10 14 0 188 449 1 1714986 12087 1.5 19 12 2 9 90%  74 4841 399 29%
c - 45.81 10 15 0 189 454 1 1726163 11065 1.5 19 13 2 9 90%  74 4841 399 29%
c - 46.07 10 15 0 190 459 1 1739910 10864 1.5 20 13 2 9 90%  74 4841 399 29%
c - 46.35 10 15 0 191 466 1 1753695 10238 1.5 20 13 2 9 90%  74 4841 399 29%
c u 46.55 10 15 0 191 472 1 1762737 15806 1.6 20 13 2 9 90%  74 4841 399 29%
c v 46.60 10 15 0 191 472 1 1762737 14574 1.6 20 13 2 9 90%  74 4841 399 29%
c w 46.74 10 15 0 191 472 1 1762737 11749 1.6 20 13 2 9 90%  74 4841 399 29%
c o 46.74 10 15 0 191 472 1 1762737 11749 1.6 20 13 2 9 90%  74 4841 399 29%
c - 46.81 10 15 0 192 474 1 1767516 8645 1.6 20 13 2 9 90%  74 4841 399 29%
c - 47.05 11 15 0 193 475 1 1781372 10695 1.6 20 13 2 9 89%  74 4841 399 29%
c - 47.32 10 15 0 194 478 1 1795264 11398 1.5 20 13 2 9 89%  74 4841 399 29%
c - 47.66 10 15 0 195 486 1 1809192 11363 1.5 19 13 2 9 89%  74 4841 399 29%
c - 47.96 10 15 0 196 490 1 1823158 12428 1.5 19 13 2 9 89%  74 4841 399 29%
c - 48.28 10 15 0 197 497 1 1837159 11627 1.5 19 13 2 9 89%  74 4841 399 29%
c - 48.58 10 15 0 198 505 1 1851195 12157 1.5 19 13 2 9 89%  74 4841 399 29%
c B 48.71 10 15 0 198 505 1 1856135 14927 1.5 19 13 2 9 89%  74 4841 399 29%
c - 48.95 10 15 0 199 506 1 1865266 12743 1.5 19 13 2 9 89%  74 4841 399 29%
c - 49.38 10 15 0 200 507 1 1879373 12269 1.5 19 13 2 9 89%  74 4841 399 29%
c
c seconds  switched    rate           size/glue  tier1   binary      remaining
c        MB  reductions   conflicts         size   tier2   irredundant
c         level   restarts       redundant     glue   trail      variables
c
c - 49.86 10 15 0 201 507 1 1893517 11526 1.5 19 13 2 9 89%  74 4841 399 29%
c u 50.32 11 15 0 201 507 1 1906265 16678 1.5 19 13 2 9 89%  74 4841 399 29%
c v 50.38 11 15 0 201 507 1 1906265 14996 1.5 19 13 2 9 89%  74 4841 399 29%
c w 50.49 11 15 0 201 507 1 1906265 12202 1.5 19 13 2 9 89%  74 4841 399 29%
c - 50.92 14 15 0 202 508 1 1907695 9047 1.5 19 13 2 9 89%  74 4841 399 29%
c - 51.27 14 15 0 203 508 1 1921907 10720 1.5 19 13 2 9 88%  74 4841 399 29%
c - 51.62 14 15 0 204 508 1 1936154 10714 1.5 19 13 2 9 89%  74 4841 399 29%
c - 52.04 14 15 0 205 508 1 1950436 11426 1.5 19 13 2 9 89%  74 4841 399 29%
c - 52.47 14 15 0 206 508 1 1964753 11206 1.5 19 13 2 8 89%  74 4841 399 29%
c - 52.87 14 15 0 207 509 1 1979105 11240 1.5 19 13 2 8 89%  74 4841 399 29%
c - 53.27 14 15 0 208 509 1 1993493 11574 1.5 19 13 2 8 89%  74 4841 399 29%
c W 53.60 15 15 0 208 509 1 2004323 15770 1.5 19 13 2 8 90%  74 4841 399 29%
c o 53.60 15 15 0 208 509 1 2004323 15770 1.5 19 13 2 8 90%  74 4841 399 29%
c - 53.72 14 15 0 209 509 1 2007915 11351 1.5 19 13 2 8 90%  74 4841 399 29%
c - 54.05 14 15 0 210 509 1 2022372 12201 1.5 19 13 2 8 90%  74 4841 399 29%
c - 54.39 14 15 0 211 509 1 2036863 12085 1.5 19 13 2 8 89%  74 4841 399 29%
c - 54.77 14 15 0 212 509 1 2051388 12169 1.5 19 13 2 8 89%  74 4841 399 29%
c u 54.90 14 15 0 212 509 1 2056037 14876 1.5 19 13 2 8 89%  74 4841 399 29%
c v 54.97 14 15 0 212 509 1 2056037 13139 1.5 19 13 2 8 89%  74 4841 399 29%
c w 55.06 14 15 0 212 509 1 2056037 10759 1.5 19 13 2 8 89%  74 4841 399 29%
c
c seconds  switched    rate           size/glue  tier1   binary      remaining
c        MB  reductions   conflicts         size   tier2   irredundant
c         level   restarts       redundant     glue   trail      variables
c
c - 55.32 14 15 0 213 509 1 2065949 10024 1.5 19 13 2 8 89%  74 4841 399 29%
c - 55.69 14 15 0 214 509 1 2080544 10730 1.5 19 13 2 8 89%  74 4841 399 29%
c - 56.05 14 15 0 215 509 1 2095173 11299 1.5 19 13 2 8 89%  74 4841 399 29%
c - 56.41 14 15 0 216 510 1 2109835 11683 1.5 19 13 2 8 88%  74 4841 399 29%
c - 56.78 14 15 0 217 510 1 2124531 12581 1.6 19 12 2 8 88%  74 4841 399 29%
c - 57.17 14 15 0 218 510 1 2139263 12561 1.5 19 12 2 8 88%  74 4841 399 29%
c - 57.57 14 14 0 219 510 1 2154028 12587 1.6 19 12 2 8 88%  74 4841 399 29%
c O 57.70 15 14 0 219 510 1 2159685 16519 1.6 19 12 2 8 88%  74 4841 399 29%
c - 57.98 14 15 0 220 510 1 2168826 12837 1.6 20 12 2 8 88%  74 4841 399 29%
c - 58.40 16 15 0 221 510 1 2183659 12571 1.6 20 12 2 8 88%  74 4841 399 29%
c - 58.81 14 15 0 222 510 1 2198526 11468 1.6 20 13 2 8 88%  74 4841 399 29%
c u 59.23 15 15 0 222 510 1 2212086 19454 1.6 21 12 2 8 87%  74 4841 399 29%
c v 59.31 15 15 0 222 510 1 2212086 17845 1.6 21 12 2 8 87%  74 4841 399 29%
c w 59.36 15 15 0 222 510 1 2212086 14448 1.6 21 12 2 8 87%  74 4841 399 29%
c x 59.37 15 15 0 222 510 1 2212086 14447 1.6 21 12 2 8 87%  74 4834 399 29%
c o 59.37 15 15 0 222 510 1 2212086 14447 1.6 21 12 2 8 87%  74 4834 399 29%
c s 59.37 15 15 0 222 510 1 2212086 14447 1.6 21 12 2 8 87%  74 4832 399 29%
c - 59.43 14 15 0 223 510 1 2213425 9231 1.6 21 13 2 8 87%  74 4832 399 29%
c - 59.85 14 15 0 224 510 1 2228358 10005 1.6 20 13 2 8 88%  74 4832 399 29%
c - 60.30 14 15 0 225 510 1 2243325 9891 1.6 20 13 2 8 88%  74 4832 399 29%
c
c seconds  switched    rate           size/glue  tier1   binary      remaining
c        MB  reductions   conflicts         size   tier2   irredundant
c         level   restarts       redundant     glue   trail      variables
c
c - 60.69 14 15 0 226 510 1 2258326 10822 1.6 20 13 2 8 88%  74 4832 399 29%
c - 61.09 14 15 0 227 510 1 2273359 10937 1.6 20 13 2 8 89%  74 4832 399 29%
c - 61.51 14 15 0 228 510 1 2288425 11084 1.6 20 12 2 8 89%  74 4832 399 29%
c - 61.90 14 14 0 229 510 1 2303524 12191 1.6 20 12 2 8 88%  74 4832 399 29%
c - 62.40 14 15 0 230 510 1 2318656 11479 1.6 20 12 2 8 89%  74 4832 399 29%
c B 62.50 14 15 0 230 510 1 2322349 13037 1.6 20 12 2 8 89%  74 4832 399 29%
c - 62.83 14 15 0 231 510 1 2333822 11548 1.6 20 12 2 8 88%  74 4832 399 29%
c - 63.30 14 15 0 232 510 1 2349021 11349 1.5 19 12 2 8 89%  74 4832 399 29%
c - 63.73 14 15 0 233 510 1 2364252 11246 1.5 19 13 2 8 89%  74 4832 399 29%
c u 64.06 15 15 0 233 516 1 2374482 15446 1.5 19 13 2 8 89%  74 4832 399 29%
c v 64.13 15 15 0 233 516 1 2374482 14092 1.5 19 13 2 8 89%  74 4832 399 29%
c w 64.23 15 15 0 233 516 1 2374482 10955 1.5 19 13 2 8 89%  74 4832 399 29%
c - 64.37 14 15 0 234 518 1 2379516 9267 1.5 19 13 2 8 89%  74 4832 399 29%
c - 64.82 14 15 0 235 525 1 2394813 10919 1.5 20 13 2 8 89%  74 4832 399 29%
c - 65.23 14 15 0 236 532 1 2410143 11811 1.6 20 13 2 8 89%  74 4832 399 29%
c - 65.65 14 15 0 237 540 1 2425506 11721 1.6 21 13 2 8 89%  74 4832 399 29%
c - 66.02 14 15 0 238 541 1 2440901 11788 1.6 21 13 2 8 90%  74 4832 399 29%
c - 66.44 14 15 0 239 547 1 2456328 12456 1.6 21 13 2 8 90%  74 4832 399 29%
c - 66.86 14 15 0 240 555 1 2471787 12412 1.7 21 13 2 8 89%  74 4832 399 29%
c - 67.26 14 15 0 241 561 1 2487279 12679 1.7 21 13 2 8 90%  74 4832 399 29%
c
c seconds  switched    rate           size/glue  tier1   binary      remaining
c        MB  reductions   conflicts         size   tier2   irredundant
c         level   restarts       redundant     glue   trail      variables
c
c W 67.40 14 15 0 241 563 1 2492443 16168 1.7 21 13 2 8 90%  74 4832 399 29%
c o 67.40 14 15 0 241 563 1 2492443 16168 1.7 21 13 2 8 90%  74 4832 399 29%
c - 67.67 15 15 0 242 570 1 2502804 13708 1.7 21 13 2 8 90%  74 4832 399 29%
c - 68.06 15 15 0 243 572 1 2518361 13714 1.7 21 13 2 8 89%  74 4832 399 29%
c - 68.49 15 15 0 244 573 1 2533949 13271 1.6 21 13 2 8 89%  74 4832 399 29%
c u 68.81 15 15 0 244 573 1 2543233 17045 1.6 21 13 2 8 89%  74 4832 399 29%
c v 68.89 15 15 0 244 573 1 2543233 15301 1.6 21 13 2 8 89%  74 4832 399 29%
c w 69.02 15 15 0 244 573 1 2543233 12222 1.6 21 13 2 8 89%  74 4832 399 29%
c - 69.18 14 15 0 245 573 1 2549571 10836 1.6 21 13 2 8 89%  74 4832 399 29%
c - 69.56 14 15 0 246 575 1 2565224 12664 1.6 21 13 2 8 88%  74 4832 399 29%
c - 69.99 14 15 0 247 584 1 2580908 12081 1.6 21 13 2 8 88%  74 4832 399 29%
c - 70.43 15 15 0 248 588 1 2596624 12997 1.6 21 13 2 8 88%  74 4832 399 29%
c - 70.84 16 15 0 249 598 1 2612372 14033 1.6 21 13 2 8 88%  74 4832 399 29%
c - 71.27 16 15 0 250 603 1 2628151 13516 1.6 21 13 2 8 88%  74 4832 399 29%
c - 71.71 14 15 0 251 604 1 2643963 13007 1.6 20 13 2 8 88%  74 4832 399 29%
c - 72.09 15 15 0 252 613 1 2659806 13755 1.6 20 13 2 8 87%  74 4832 399 29%
c I 72.34 15 15 0 252 618 1 2670096 19504 1.6 20 12 2 8 87%  74 4832 399 29%
c - 72.45 15 15 0 253 619 1 2675680 13919 1.6 20 13 2 8 87%  74 4832 399 29%
c - 72.80 14 15 0 254 626 1 2691585 13379 1.6 20 13 2 8 88%  74 4832 399 29%
c - 73.17 14 15 0 255 634 1 2707523 13003 1.6 20 13 2 8 88%  74 4832 399 29%
c
c seconds  switched    rate           size/glue  tier1   binary      remaining
c        MB  reductions   conflicts         size   tier2   irredundant
c         level   restarts       redundant     glue   trail      variables
c
c u 73.47 15 15 0 255 635 1 2718393 18005 1.6 20 13 2 8 88%  74 4832 399 29%
c v 73.55 15 15 0 255 635 1 2718393 16409 1.6 20 13 2 8 88%  74 4832 399 29%
c w 73.68 15 15 0 255 635 1 2718393 13038 1.6 20 13 2 8 88%  74 4832 399 29%
c o 74.24 19 15 0 255 635 1 2718393 13038 1.6 20 13 2 8 88%  74 4832 399 29%
c - 74.34 18 15 0 256 635 1 2723491 10299 1.6 20 13 2 8 88%  74 4832 399 29%
c - 74.70 18 15 0 257 636 1 2739491 11503 1.6 20 13 2 8 88%  74 4832 399 29%
c - 75.05 18 15 0 258 636 1 2755523 12231 1.6 20 13 2 8 87%  74 4832 399 29%
c - 75.42 18 15 0 259 637 1 2771585 12892 1.6 20 13 2 8 87%  74 4832 399 29%
c - 75.88 18 15 0 260 637 1 2787678 12828 1.5 20 13 2 8 87%  74 4832 399 29%
c - 76.31 18 15 0 261 637 1 2803802 12835 1.5 20 13 2 8 88%  74 4832 399 29%
c - 76.74 18 15 0 262 637 1 2819958 13014 1.5 20 13 2 8 88%  74 4832 399 29%
c - 77.18 19 15 0 263 644 1 2836145 13586 1.5 20 13 2 8 88%  74 4832 399 29%
c - 77.63 19 15 0 264 652 1 2852362 13415 1.5 20 13 2 8 88%  74 4832 399 29%
c B 77.73 19 15 0 264 652 1 2855431 15038 1.5 20 13 2 8 88%  74 4832 399 29%
c - 78.05 19 15 0 265 659 1 2868611 13544 1.5 20 13 2 8 86%  74 4832 399 29%
c - 78.57 19 15 0 266 667 1 2884889 13704 1.5 20 13 2 8 86%  74 4832 399 29%
c u 79.15 19 15 0 266 668 1 2899997 20950 1.5 20 13 2 8 86%  74 4832 399 29%
c v 79.25 19 15 0 266 668 1 2899997 19118 1.5 20 13 2 8 86%  74 4832 399 29%
c w 79.41 19 15 0 266 668 1 2899997 16046 1.5 20 13 2 8 86%  74 4832 399 29%
c - 79.45 18 15 0 267 668 1 2901198 10929 1.5 20 13 2 8 86%  74 4832 399 29%
c
c seconds  switched    rate           size/glue  tier1   binary      remaining
c        MB  reductions   conflicts         size   tier2   irredundant
c         level   restarts       redundant     glue   trail      variables
c
c - 79.98 18 15 0 268 674 1 2917540 11747 1.5 20 13 2 8 86%  74 4832 399 29%
c - 80.41 18 15 0 269 682 1 2933911 12920 1.5 20 13 2 8 86%  74 4832 399 29%
c - 80.88 18 15 0 270 689 1 2950312 13050 1.5 20 13 2 8 86%  74 4832 399 29%
c - 81.38 19 15 0 271 697 1 2966743 13495 1.5 20 13 2 8 87%  74 4832 399 29%
c - 81.85 18 15 0 272 699 1 2983206 13445 1.5 20 13 2 8 87%  74 4832 399 29%
c - 82.33 19 15 0 273 700 1 2999700 13945 1.6 20 13 2 8 87%  74 4832 399 29%
c - 82.78 19 15 0 274 700 1 3016223 14661 1.6 20 13 2 8 86%  74 4832 399 29%
c - 83.26 19 15 0 275 707 1 3032775 16230 1.6 20 12 2 8 86%  74 4832 399 29%
c W 83.74 19 15 0 275 714 1 3048573 25554 1.6 19 12 2 8 85%  74 4832 399 29%
c o 83.74 19 15 0 275 714 1 3048573 25554 1.6 19 12 2 8 85%  74 4832 399 29%
c - 83.77 19 15 0 276 715 1 3049358 16503 1.6 19 12 2 8 85%  74 4832 399 29%
c - 84.21 19 15 0 277 722 1 3065972 16849 1.6 19 12 2 8 85%  74 4832 399 29%
c - 84.66 19 15 0 278 730 1 3082616 15321 1.6 19 12 2 8 86%  74 4832 399 29%
c u 84.85 19 15 0 278 730 1 3088108 17771 1.6 19 12 2 8 86%  74 4832 399 29%
c v 84.96 19 15 0 278 730 1 3088108 15763 1.6 19 12 2 8 86%  74 4832 399 29%
c w 85.06 19 15 0 278 730 1 3088108 13445 1.6 19 12 2 8 86%  74 4832 399 29%
c - 85.40 18 15 0 279 731 1 3099289 12377 1.6 19 12 2 8 86%  74 4832 399 29%
c - 85.92 19 14 0 280 738 1 3115992 13888 1.6 19 12 2 8 86%  74 4832 399 29%
c - 86.38 19 14 0 281 746 1 3132727 15214 1.6 19 12 2 8 87%  74 4832 399 29%
c - 86.84 19 14 0 282 753 1 3149491 14835 1.6 19 12 2 8 87%  74 4832 399 29%
c
c seconds  switched    rate           size/glue  tier1   binary      remaining
c        MB  reductions   conflicts         size   tier2   irredundant
c         level   restarts       redundant     glue   trail      variables
c
c - 87.26 19 14 0 283 761 1 3166284 14733 1.6 19 12 2 8 86%  74 4832 399 29%
c - 87.74 19 14 0 284 762 1 3183107 15043 1.6 19 12 2 8 86%  74 4832 399 29%
c - 88.22 19 14 0 285 763 1 3199959 15407 1.6 19 12 2 8 86%  74 4832 399 29%
c - 88.69 19 14 0 286 763 1 3216840 16543 1.6 19 12 2 8 86%  74 4832 399 29%
c - 89.19 19 14 0 287 764 1 3233753 16930 1.6 18 12 2 8 86%  74 4832 399 29%
c O 89.65 19 13 0 287 764 1 3249642 24900 1.6 18 11 2 8 86%  74 4832 399 29%
c - 89.68 19 14 0 288 764 1 3250695 17339 1.6 18 11 2 8 86%  74 4832 399 29%
c - 90.25 19 14 0 289 764 1 3267666 17017 1.6 19 12 2 8 86%  74 4832 399 29%
c u 90.80 19 14 0 289 764 1 3282727 23172 1.6 19 12 2 8 87%  74 4832 399 29%
c v 90.93 19 14 0 289 764 1 3282727 20971 1.6 19 12 2 8 87%  74 4832 399 29%
c w 91.10 19 14 0 289 764 1 3282727 16521 1.6 19 12 2 8 87%  74 4832 399 29%
c o 91.10 19 14 0 289 764 1 3282727 16521 1.6 19 12 2 8 87%  74 4832 399 29%
c - 91.18 18 14 0 290 764 1 3284666 11469 1.6 19 12 2 8 87%  74 4832 399 29%
c - 91.63 18 14 0 291 765 1 3301695 12583 1.6 19 12 2 8 88%  74 4832 399 29%
c - 92.07 18 14 0 292 765 1 3318753 12449 1.5 19 12 2 8 88%  74 4832 399 29%
c - 92.62 18 14 0 293 765 1 3335841 12909 1.5 19 12 2 8 88%  74 4832 399 29%
c - 93.09 19 14 0 294 765 1 3352959 13684 1.5 18 12 2 8 89%  74 4832 399 29%
c - 93.62 19 14 0 295 765 1 3370105 13822 1.5 18 12 2 8 89%  74 4832 399 29%
c - 94.16 19 14 0 296 765 1 3387281 13869 1.5 19 12 2 8 89%  74 4832 399 29%
c - 94.71 19 14 0 297 765 1 3404485 14567 1.5 18 12 2 8 89%  74 4832 399 29%
c
c seconds  switched    rate           size/glue  tier1   binary      remaining
c        MB  reductions   conflicts         size   tier2   irredundant
c         level   restarts       redundant     glue   trail      variables
c
c - 95.22 19 14 0 298 768 1 3421720 15731 1.5 18 12 2 8 90%  74 4832 399 29%
c - 95.70 19 14 0 299 778 1 3438983 17375 1.6 18 12 2 8 88%  74 4832 399 29%
c - 96.24 20 14 0 300 784 1 3456274 15548 1.6 19 12 2 8 88%  74 4832 399 29%
c B 96.31 20 14 0 300 786 1 3458757 16827 1.6 19 12 2 8 88%  74 4832 399 29%
c - 96.77 20 14 0 301 794 1 3473594 15603 1.6 19 12 2 8 88%  74 4832 399 29%
c u 97.13 20 14 0 301 795 1 3483920 20983 1.6 19 12 2 8 88%  74 4832 399 29%
c v 97.26 20 14 0 301 795 1 3483920 19183 1.6 19 12 2 8 88%  74 4832 399 29%
c w 97.33 20 14 0 301 795 1 3483920 16006 1.6 19 12 2 8 88%  74 4832 399 29%
c x 97.34 20 14 0 301 795 1 3483920 16006 1.6 19 12 2 8 88%  74 4823 399 29%
c s 97.34 20 14 0 301 795 1 3483920 16006 1.6 19 12 2 8 88%  74 4822 399 29%
c e 97.34 20 14 0 301 795 1 3483920 16006 1.6 19 12 2 8 88%  72 4840 398 29%
c s 97.34 20 14 0 301 795 1 3483920 16006 1.6 19 12 2 8 88%  72 4836 398 29%
c - 97.55 20 14 0 302 796 1 3490944 13462 1.6 19 12 2 8 88%  72 4836 398 29%
c - 98.01 20 14 0 303 802 1 3508323 15266 1.6 20 12 2 8 88%  72 4836 398 29%
c - 98.56 20 14 0 304 811 1 3525729 14531 1.6 20 12 2 8 88%  72 4836 398 29%
c - 99.11 20 14 0 305 818 1 3543164 14821 1.6 19 12 2 8 88%  72 4836 398 29%
c - 99.63 20 14 0 306 826 1 3560629 14880 1.6 19 12 2 7 88%  72 4836 398 29%
c - 100.17 20 14 0 307 827 1 3578121 14100 1.6 19 12 2 7 88%  72 4836 398 29%
c - 100.68 20 14 0 308 828 1 3595644 14289 1.6 19 12 2 7 88%  72 4836 398 29%
c - 101.21 20 14 0 309 828 1 3613193 14575 1.6 19 12 2 7 88%  72 4836 398 29%
c
c seconds   switched    rate           size/glue  tier1   binary      remaining
c         MB  reductions   conflicts         size   tier2   irredundant
c          level   restarts       redundant     glue   trail      variables
c
c - 101.70 20 14 0 310 838 1 3630771 14720 1.6 19 12 2 7 88%  72 4836 398 29%
c - 102.27 20 13 0 311 843 1 3648379 15519 1.6 18 11 2 7 88%  72 4836 398 29%
c - 102.80 20 14 0 312 854 1 3666015 16529 1.6 19 12 2 7 88%  72 4836 398 29%
c W 103.12 20 14 0 312 858 1 3676039 23265 1.6 19 12 2 7 88%  72 4836 398 29%
c o 103.12 20 14 0 312 858 1 3676039 23265 1.6 19 12 2 7 88%  72 4836 398 29%
c - 103.39 20 14 0 313 859 1 3683678 15690 1.6 19 12 2 7 88%  72 4836 398 29%
c u 103.68 20 14 0 313 859 1 3691746 19251 1.6 20 12 2 7 88%  72 4836 398 29%
c v 103.82 20 14 0 313 859 1 3691746 16911 1.6 20 12 2 7 88%  72 4836 398 29%
c w 103.93 20 14 0 313 859 1 3691746 14354 1.6 20 12 2 7 88%  72 4836 398 29%
c - 104.23 18 14 0 314 862 1 3701369 12295 1.6 20 12 2 7 88%  72 4836 398 29%
c - 104.70 18 14 0 315 873 1 3719089 12610 1.6 19 12 2 7 88%  72 4836 398 29%
c - 105.19 18 14 0 316 879 1 3736838 12798 1.6 19 12 2 7 89%  72 4836 398 29%
c - 105.65 19 14 0 317 888 1 3754615 13595 1.6 19 12 2 7 88%  72 4836 398 29%
c - 106.14 19 14 0 318 890 1 3772419 14348 1.6 19 12 2 7 88%  72 4836 398 29%
c - 106.67 19 14 0 319 891 1 3790251 14132 1.6 19 12 2 7 89%  72 4836 398 29%
c - 107.16 19 14 0 320 891 1 3808111 13730 1.6 19 12 2 7 89%  72 4836 398 29%
c - 107.62 18 14 0 321 892 1 3826000 13320 1.6 19 12 2 7 90%  72 4836 398 29%
c - 108.10 19 14 0 322 892 1 3843917 13956 1.6 19 12 2 7 90%  72 4836 398 29%
c - 108.61 19 14 0 323 892 1 3861862 14084 1.6 18 12 2 7 90%  72 4836 398 29%
c - 109.10 19 14 0 324 894 1 3879834 13795 1.6 18 12 2 7 90%  72 4836 398 29%
c
c seconds   switched    rate           size/glue  tier1   binary      remaining
c         MB  reductions   conflicts         size   tier2   irredundant
c          level   restarts       redundant     glue   trail      variables
c
c - 109.59 19 13 0 325 905 1 3897835 14418 1.6 18 12 2 7 90%  72 4836 398 29%
c I 109.69 19 13 0 325 906 1 3901605 15939 1.5 18 12 2 7 90%  72 4836 398 29%
c u 109.84 19 14 0 325 907 1 3906137 18004 1.5 18 12 2 7 90%  72 4836 398 29%
c v 109.94 19 14 0 325 907 1 3906137 16380 1.5 18 12 2 7 90%  72 4836 398 29%
c w 110.05 19 14 0 325 907 1 3906137 13759 1.5 18 12 2 7 90%  72 4836 398 29%
c - 111.00 22 14 0 326 911 1 3915862 11773 1.5 18 12 2 7 90%  72 4836 398 29%
c - 111.43 22 14 0 327 921 1 3933918 12219 1.5 19 12 2 7 90%  72 4836 398 29%
c - 111.90 22 15 0 328 923 1 3952002 12689 1.5 19 13 2 7 89%  72 4836 398 29%
c - 112.33 22 15 0 329 930 1 3970112 13243 1.5 20 13 2 7 89%  72 4836 398 29%
c - 112.83 22 15 0 330 938 1 3988251 13396 1.5 20 13 2 7 89%  72 4836 398 29%
c - 113.29 23 15 0 331 946 1 4006417 14080 1.6 20 13 2 7 89%  72 4836 398 29%
c - 113.82 23 15 0 332 953 1 4024611 14043 1.6 20 13 2 7 89%  72 4836 398 29%
c - 114.32 22 15 0 333 955 1 4042832 13362 1.6 20 13 2 7 89%  72 4836 398 29%
c - 114.82 22 15 0 334 955 1 4061081 13528 1.6 20 13 2 7 89%  72 4836 398 29%
c - 115.31 23 15 0 335 958 1 4079356 14397 1.6 20 13 2 7 89%  72 4836 398 29%
c - 115.78 23 15 0 336 969 1 4097659 14144 1.6 20 13 2 7 89%  72 4836 398 29%
c - 116.24 23 15 0 337 976 1 4115990 14803 1.6 20 13 2 7 89%  72 4836 398 29%
c u 116.61 23 15 0 337 983 1 4127200 20467 1.6 20 13 2 7 89%  72 4836 398 29%
c v 116.72 23 15 0 337 983 1 4127200 18670 1.6 20 13 2 7 89%  72 4836 398 29%
c w 116.85 23 15 0 337 983 1 4127200 14512 1.6 20 13 2 7 89%  72 4836 398 29%
c
c seconds   switched    rate           size/glue  tier1   binary      remaining
c         MB  reductions   conflicts         size   tier2   irredundant
c          level   restarts       redundant     glue   trail      variables
c
c o 116.85 23 15 0 337 983 1 4127200 14512 1.6 20 13 2 7 89%  72 4836 398 29%
c - 117.11 22 15 0 338 985 1 4134348 11783 1.6 20 13 2 7 89%  72 4836 398 29%
c B 117.15 22 15 0 338 985 1 4135572 12433 1.6 20 13 2 7 89%  72 4836 398 29%
c - 117.65 23 15 0 339 986 1 4152734 13932 1.6 20 12 2 7 89%  72 4836 398 29%
c - 118.26 23 15 0 340 995 1 4171146 13892 1.6 20 12 2 7 89%  72 4836 398 29%
c - 118.86 22 14 0 341 1001 1 4189585 13213 1.6 20 12 2 7 89%  72 4836 398 29%
c - 119.45 23 14 0 342 1012 1 4208052 13843 1.6 20 12 2 7 89%  72 4836 398 29%
c - 119.99 23 14 0 343 1017 1 4226546 15019 1.6 20 12 2 7 88%  72 4836 398 29%
c - 120.54 23 14 0 344 1018 1 4245067 14746 1.7 20 12 2 7 89%  72 4836 398 29%
c - 121.10 23 14 0 345 1018 1 4263615 15981 1.7 19 12 2 7 88%  72 4836 398 29%
c - 121.67 24 14 0 346 1019 1 4282189 15796 1.7 20 12 2 7 88%  72 4836 398 29%
c - 122.22 24 14 0 347 1019 1 4300791 14588 1.7 20 12 2 7 88%  72 4836 398 29%
c - 122.80 24 14 0 348 1019 1 4319418 14689 1.7 20 12 2 7 88%  72 4836 398 29%
c - 123.40 24 14 0 349 1019 1 4338072 15101 1.7 20 12 2 7 88%  72 4836 398 29%
c u 124.04 24 14 0 349 1020 1 4354966 23093 1.7 20 12 2 7 88%  72 4836 398 29%
c v 124.18 24 14 0 349 1020 1 4354966 21293 1.7 20 12 2 7 88%  72 4836 398 29%
c w 124.36 24 14 0 349 1020 1 4354966 15467 1.7 20 12 2 7 88%  72 4836 398 29%
c - 124.41 22 14 0 350 1020 1 4356754 11921 1.7 20 12 2 7 88%  72 4836 398 29%
c - 124.97 22 14 0 351 1020 1 4375462 12720 1.7 20 12 2 7 88%  72 4836 398 29%
c W 125.11 22 14 0 351 1020 1 4378053 14877 1.7 20 12 2 7 88%  72 4836 398 29%
c
c seconds   switched     rate           size/glue  tier1   binary      remaining
c         MB  reductions    conflicts         size   tier2   irredundant
c          level    restarts       redundant     glue   trail      variables
c
c o 125.11 22 14 0 351 1020 1 4378053 14877 1.7 20 12 2 7 88%  72 4836 398 29%
c - 125.64 22 14 0 352 1020 1 4394197 12896 1.7 21 12 2 7 88%  72 4836 398 29%
c - 126.21 22 15 0 353 1020 1 4412959 12794 1.6 20 12 2 7 89%  72 4836 398 29%
c - 126.78 22 15 0 354 1020 1 4431748 12893 1.6 20 13 2 7 89%  72 4836 398 29%
c - 127.35 22 15 0 355 1020 1 4450564 12897 1.6 20 13 2 7 89%  72 4836 398 29%
c - 127.88 22 15 0 356 1020 1 4469407 13050 1.6 20 13 2 7 90%  72 4836 398 29%
c - 128.45 22 15 0 357 1021 1 4488274 13240 1.6 20 13 2 7 90%  72 4836 398 29%
c - 128.94 23 14 0 358 1021 1 4507168 13932 1.6 20 12 2 7 90%  72 4836 398 29%
c - 129.49 23 14 0 359 1021 1 4526089 14305 1.6 20 12 2 7 90%  72 4836 398 29%
c - 130.07 23 14 0 360 1021 1 4545037 14310 1.6 20 13 2 7 90%  72 4836 398 29%
c - 130.60 23 14 0 361 1021 1 4564010 13849 1.6 20 12 2 7 91%  72 4836 398 29%
c - 131.16 22 14 0 362 1021 1 4583010 13611 1.6 20 12 2 7 91%  72 4836 398 29%
c u 131.40 22 14 0 362 1021 1 4589468 16112 1.6 20 12 2 7 91%  72 4836 398 29%
c v 131.48 22 14 0 362 1021 1 4589468 14670 1.6 20 12 2 7 91%  72 4836 398 29%
c w 131.56 22 14 0 362 1021 1 4589468 12937 1.6 20 12 2 7 91%  72 4836 398 29%
c - 131.88 22 14 0 363 1021 1 4602036 12373 1.6 20 12 2 7 91%  72 4836 398 29%
c - 132.39 23 14 0 364 1021 1 4621089 13411 1.6 20 12 2 7 91%  72 4836 398 29%
c O 132.60 23 14 0 364 1021 1 4629163 17985 1.6 20 12 2 7 91%  72 4836 398 29%
c - 132.94 23 14 0 365 1021 1 4640168 14524 1.6 20 12 2 7 91%  72 4836 398 29%
c - 133.49 23 14 0 366 1021 1 4659272 14423 1.6 20 12 2 7 91%  72 4836 398 29%
c
c seconds   switched     rate           size/glue  tier1   binary      remaining
c         MB  reductions    conflicts         size   tier2   irredundant
c          level    restarts       redundant     glue   trail      variables
c
c - 134.08 24 14 0 367 1021 1 4678404 14535 1.7 20 12 2 7 90%  72 4836 398 29%
c - 134.70 22 14 0 368 1021 1 4697561 13248 1.7 20 12 2 7 89%  72 4836 398 29%
c - 135.29 23 14 0 369 1021 1 4716744 14275 1.6 20 12 2 7 89%  72 4836 398 29%
c - 135.90 23 14 0 370 1022 1 4735953 14692 1.6 19 12 2 7 89%  72 4836 398 29%
c - 136.46 23 14 0 371 1022 1 4755188 15041 1.6 19 12 2 7 88%  72 4836 398 29%
c - 137.09 23 14 0 372 1022 1 4774449 16231 1.6 19 12 2 7 89%  72 4836 398 29%
c - 137.69 24 14 0 373 1022 1 4793736 16596 1.6 19 12 2 7 89%  72 4836 398 29%
c - 138.31 24 13 0 374 1022 1 4813049 16231 1.6 19 11 2 7 88%  72 4836 398 29%
c u 138.97 24 13 0 374 1022 1 4830739 22338 1.6 18 11 2 7 89%  72 4836 398 29%
c v 139.12 24 13 0 374 1022 1 4830739 20126 1.6 18 11 2 7 89%  72 4836 398 29%
c w 139.26 24 13 0 374 1022 1 4830739 15685 1.6 18 11 2 7 89%  72 4836 398 29%
c o 139.26 24 13 0 374 1022 1 4830739 15685 1.6 18 11 2 7 89%  72 4836 398 29%
c - 139.33 22 13 0 375 1022 1 4832388 12730 1.6 18 11 2 7 89%  72 4836 398 29%
c - 139.94 23 13 0 376 1022 1 4851754 14114 1.6 18 11 2 7 89%  72 4836 398 29%
c - 140.51 23 13 0 377 1022 1 4871144 14653 1.6 18 11 2 7 89%  72 4836 398 29%
c B 141.04 23 13 0 377 1022 1 4889014 22649 1.6 17 11 2 7 89%  72 4836 398 29%
c - 141.10 23 13 0 378 1022 1 4890560 15710 1.6 17 11 2 7 89%  72 4836 398 29%
c - 141.70 23 13 0 379 1022 1 4910003 15500 1.6 18 11 2 7 89%  72 4836 398 29%
c - 142.30 23 13 0 380 1022 1 4929470 14928 1.5 17 11 2 7 90%  72 4836 398 29%
c - 142.85 23 13 0 381 1022 1 4948965 16064 1.5 17 11 2 7 90%  72 4836 398 29%
c
c seconds   switched     rate           size/glue  tier1   binary      remaining
c         MB  reductions    conflicts         size   tier2   irredundant
c          level    restarts       redundant     glue   trail      variables
c
c - 143.38 23 13 0 382 1022 1 4968485 17068 1.5 17 11 2 7 90%  72 4836 398 29%
c - 143.90 23 13 0 383 1022 1 4988030 16905 1.6 17 11 2 7 90%  72 4836 398 29%
c - 144.41 23 13 0 384 1022 1 5007600 17470 1.6 17 11 2 7 90%  72 4836 398 29%
c - 144.96 23 13 0 385 1022 1 5027195 17811 1.6 17 11 2 7 91%  72 4836 398 29%
c - 145.46 23 12 0 386 1022 1 5046816 16839 1.6 17 11 2 7 91%  72 4836 398 29%
c - 146.05 23 12 0 387 1022 1 5066463 17577 1.6 17 11 2 7 91%  72 4836 398 29%
c u 146.47 23 12 0 387 1022 1 5078812 22279 1.6 16 10 2 7 91%  72 4836 398 29%
c v 146.63 23 12 0 387 1022 1 5078812 19383 1.6 16 10 2 7 91%  72 4836 398 29%
c w 146.72 23 12 0 387 1022 1 5078812 15067 1.6 16 10 2 7 91%  72 4836 398 29%
c - 146.93 22 12 0 388 1022 1 5086136 13900 1.6 16 10 2 7 91%  72 4836 398 29%
c - 147.45 23 12 0 389 1022 1 5105833 15456 1.6 17 10 2 7 91%  72 4836 398 29%
c - 148.02 23 12 0 390 1022 1 5125557 15662 1.6 17 10 2 7 91%  72 4836 398 29%
c - 148.59 23 12 0 391 1022 1 5145305 16241 1.6 17 10 2 7 91%  72 4836 398 29%
c W 149.00 23 12 0 391 1022 1 5157715 22458 1.6 17 10 2 7 91%  72 4836 398 29%
c o 149.01 23 12 0 391 1022 1 5157715 22458 1.6 17 10 2 7 91%  72 4836 398 29%
c - 149.26 23 12 0 392 1022 1 5165079 16321 1.6 17 10 2 7 91%  72 4836 398 29%
c - 149.83 23 12 0 393 1022 1 5184878 16323 1.6 17 10 2 7 91%  72 4836 398 29%
c - 150.35 24 13 0 394 1022 1 5204703 16201 1.6 17 11 2 7 92%  72 4836 398 29%
c - 150.89 24 13 0 395 1022 1 5224554 15255 1.6 18 11 2 7 92%  72 4836 398 29%
c - 151.41 24 13 0 396 1022 1 5244428 14927 1.6 18 11 2 7 92%  72 4836 398 29%
c
c seconds   switched     rate           size/glue  tier1   binary      remaining
c         MB  reductions    conflicts         size   tier2   irredundant
c          level    restarts       redundant     glue   trail      variables
c
c - 152.00 24 13 0 397 1028 1 5264330 16232 1.6 18 11 2 7 91%  72 4836 398 29%
c - 152.59 24 13 0 398 1037 1 5284255 16896 1.6 18 11 2 7 89%  72 4836 398 29%
c - 153.22 24 13 0 399 1046 1 5304204 16807 1.6 18 11 2 7 90%  72 4836 398 29%
c - 153.85 24 13 0 400 1053 1 5324178 17576 1.6 18 11 2 7 90%  72 4836 398 29%
c u 154.24 24 13 0 400 1053 1 5333721 20753 1.6 18 11 2 7 90%  72 4836 398 29%
c v 154.38 24 13 0 400 1053 1 5333721 18463 1.6 18 11 2 7 90%  72 4836 398 29%
c w 154.48 24 13 0 400 1053 1 5333721 16437 1.6 18 11 2 7 90%  72 4836 398 29%
c x 154.49 24 13 0 400 1053 1 5333721 16435 1.6 18 11 2 7 90%  72 4828 398 29%
c s 154.49 24 13 0 400 1053 1 5333721 16435 1.6 18 11 2 7 90%  72 4827 398 29%
c - 154.82 24 13 0 401 1057 1 5344178 14124 1.6 18 11 2 7 90%  72 4827 398 29%
c - 155.36 24 13 0 402 1068 1 5364204 14479 1.6 18 11 2 7 91%  72 4827 398 29%
c - 156.00 24 13 0 403 1075 1 5384254 15513 1.6 18 11 2 7 90%  72 4827 398 29%
c - 156.70 24 13 0 404 1083 1 5404329 15692 1.6 18 12 2 7 91%  72 4827 398 29%
c - 157.40 24 13 0 405 1085 1 5424428 14917 1.6 18 12 2 7 91%  72 4827 398 29%
c I 157.74 24 13 0 405 1085 1 5435378 19010 1.5 18 12 2 7 91%  72 4827 398 29%
c - 157.95 24 14 0 406 1085 1 5444552 15797 1.6 18 12 2 7 90%  72 4827 398 29%
c - 158.48 24 14 0 407 1092 1 5464702 16728 1.6 19 12 2 7 90%  72 4827 398 29%
c - 159.02 24 14 0 408 1100 1 5484877 15755 1.6 19 12 2 7 91%  72 4827 398 29%
c - 159.53 24 14 0 409 1112 1 5505077 16588 1.6 19 12 2 7 90%  72 4827 398 29%
c - 160.09 24 14 0 410 1116 1 5525300 16748 1.6 19 12 2 7 89%  72 4827 398 29%
c
c seconds   switched     rate           size/glue  tier1   binary      remaining
c         MB  reductions    conflicts         size   tier2   irredundant
c          level    restarts       redundant     glue   trail      variables
c
c - 160.65 24 14 0 411 1123 1 5545549 16762 1.6 19 12 2 7 90%  72 4827 398 29%
c - 161.20 24 14 0 412 1131 1 5565823 17341 1.6 19 12 2 7 90%  72 4827 398 29%
c - 161.79 24 14 0 413 1142 1 5586120 17643 1.6 19 12 2 7 90%  72 4827 398 29%
c u 162.17 24 14 0 413 1146 1 5595563 22128 1.6 19 12 2 7 90%  72 4827 398 29%
c v 162.32 24 14 0 413 1146 1 5595563 19829 1.6 19 12 2 7 90%  72 4827 398 29%
c w 162.51 24 14 0 413 1146 1 5595563 17252 1.6 19 12 2 7 90%  72 4827 398 29%
c o 163.35 31 14 0 413 1146 1 5595563 17252 1.6 19 12 2 7 90%  72 4827 398 29%
c - 163.71 29 14 0 414 1147 1 5606443 14244 1.6 20 12 2 7 91%  72 4827 398 29%
c - 164.32 31 14 0 415 1148 1 5626789 14523 1.6 19 12 2 7 91%  72 4827 398 29%
c - 164.94 31 14 0 416 1148 1 5647161 14496 1.6 19 12 2 7 91%  72 4827 398 29%
c - 165.51 31 14 0 417 1149 1 5667557 14591 1.6 19 12 2 7 91%  72 4827 398 29%
c - 166.08 31 14 0 418 1149 1 5687977 14971 1.6 19 12 2 7 91%  72 4827 398 29%
c - 166.65 31 14 0 419 1149 1 5708422 15092 1.6 19 13 2 7 92%  72 4827 398 29%
c B 167.03 31 15 0 419 1154 1 5722111 21896 1.5 19 13 2 7 91%  72 4827 398 29%
c - 167.27 31 14 0 420 1156 1 5728891 15332 1.6 19 13 2 7 91%  72 4827 398 29%
c - 167.83 31 14 0 421 1164 1 5749386 16261 1.6 20 12 2 7 91%  72 4827 398 29%
c - 168.51 31 14 0 422 1177 1 5769905 15894 1.6 19 12 2 7 91%  72 4827 398 29%
c - 169.07 31 14 0 423 1180 1 5790447 16979 1.6 19 12 2 7 91%  72 4827 398 29%
c - 169.68 31 14 0 424 1187 1 5811014 17326 1.6 19 12 2 7 90%  72 4827 398 29%
c - 170.29 31 14 0 425 1195 1 5831606 16725 1.6 19 12 2 7 90%  72 4827 398 29%
c
c seconds   switched     rate           size/glue  tier1   binary      remaining
c         MB  reductions    conflicts         size   tier2   irredundant
c          level    restarts       redundant     glue   trail      variables
c
c - 170.93 31 14 0 426 1208 1 5852221 16538 1.6 19 12 2 7 90%  72 4827 398 29%
c u 171.37 31 14 0 426 1210 1 5864316 21748 1.6 19 12 2 7 90%  72 4827 398 29%
c v 171.50 31 14 0 426 1210 1 5864316 19886 1.6 19 12 2 7 90%  72 4827 398 29%
c w 171.66 31 14 0 426 1210 1 5864316 15932 1.6 19 12 2 7 90%  72 4827 398 29%
c - 171.87 29 14 0 427 1211 1 5872861 13738 1.6 19 12 2 7 89%  72 4827 398 29%
c - 172.44 31 14 0 428 1212 1 5893524 14960 1.6 19 12 2 7 89%  72 4827 398 29%
c - 172.97 31 14 0 429 1213 1 5914213 15139 1.6 19 12 2 7 88%  72 4827 398 29%
c - 173.47 31 14 0 430 1226 1 5934925 15708 1.6 19 12 2 7 88%  72 4827 398 29%
c - 174.00 31 14 0 431 1234 1 5955662 15639 1.6 19 12 2 7 88%  72 4827 398 29%
c - 174.55 31 14 0 432 1242 1 5976422 16031 1.6 19 12 2 7 89%  72 4827 398 29%
c - 175.20 31 14 0 433 1245 1 5997208 15850 1.5 19 12 2 7 89%  72 4827 398 29%
c - 175.87 31 14 0 434 1257 1 6018016 15478 1.5 19 12 2 7 89%  72 4827 398 29%
c W 175.93 31 14 0 434 1257 1 6018021 15482 1.5 19 12 2 7 89%  72 4827 398 29%
c o 175.93 31 14 0 434 1257 1 6018021 15482 1.5 19 12 2 7 89%  72 4827 398 29%
c - 176.60 31 15 0 435 1265 1 6038849 16855 1.6 20 13 2 7 89%  72 4827 398 29%
c - 177.26 31 15 0 436 1273 1 6059705 16135 1.6 20 13 2 7 89%  72 4827 398 29%
c - 177.91 31 15 0 437 1275 1 6080587 15882 1.6 20 13 2 7 90%  72 4827 398 29%
c - 178.52 31 15 0 438 1275 1 6101491 15956 1.6 20 13 2 7 90%  72 4827 398 29%
c - 179.13 31 15 0 439 1276 1 6122422 15690 1.6 20 13 2 7 90%  72 4827 398 29%
c u 179.71 31 15 0 439 1276 1 6140003 24196 1.6 20 13 2 7 90%  72 4827 398 29%
c
c seconds   switched     rate           size/glue  tier1   binary      remaining
c         MB  reductions    conflicts         size   tier2   irredundant
c          level    restarts       redundant     glue   trail      variables
c
c v 179.84 31 15 0 439 1276 1 6140003 22524 1.6 20 13 2 7 90%  72 4827 398 29%
c w 180.06 31 15 0 439 1276 1 6140003 17118 1.6 20 13 2 7 90%  72 4827 398 29%
c - 180.16 29 15 0 440 1276 1 6143374 12907 1.6 20 13 2 7 90%  72 4827 398 29%
c - 180.80 31 14 0 441 1276 1 6164350 15947 1.6 20 12 2 7 90%  72 4827 398 29%
c - 181.44 31 14 0 442 1277 1 6185350 17411 1.6 20 12 2 7 91%  72 4827 398 29%
c - 182.06 31 14 0 443 1277 1 6206374 17991 1.7 20 12 2 7 91%  72 4827 398 29%
c - 182.69 31 14 0 444 1277 1 6227422 17969 1.6 19 12 2 7 91%  72 4827 398 29%
c - 183.43 31 14 0 445 1277 1 6248493 17944 1.6 19 12 2 7 91%  72 4827 398 29%
c - 184.16 31 14 0 446 1277 1 6269589 17714 1.7 20 12 2 7 91%  72 4827 398 29%
c - 184.88 31 14 0 447 1277 1 6290707 16249 1.6 20 12 2 7 91%  72 4827 398 29%
c - 185.53 31 14 0 448 1280 1 6311850 16140 1.6 19 12 2 7 90%  72 4827 398 29%
c O 185.90 31 14 0 448 1287 1 6323215 21302 1.6 19 12 2 7 90%  72 4827 398 29%
c o 185.90 31 14 0 448 1287 1 6323215 21302 1.6 19 12 2 7 90%  72 4827 398 29%
c - 186.24 31 14 0 449 1292 1 6333018 17184 1.6 19 12 2 7 90%  72 4827 398 29%
c - 186.88 31 13 0 450 1301 1 6354208 18166 1.6 18 11 2 7 91%  72 4827 398 29%
c - 187.49 31 13 0 451 1308 1 6375423 17862 1.6 18 11 2 7 91%  72 4827 398 29%
c - 188.20 31 13 0 452 1314 1 6396660 18159 1.7 18 11 2 7 91%  72 4827 398 29%
c - 188.88 31 12 0 453 1323 1 6417920 18407 1.6 18 11 2 7 91%  72 4827 398 29%
c u 189.12 31 12 0 453 1323 1 6422625 19151 1.6 17 11 2 7 91%  73 4827 398 29%
c v 189.25 31 12 0 453 1323 1 6422625 16832 1.6 17 11 2 7 91%  73 4827 398 29%
c
c seconds   switched     rate           size/glue  tier1   binary      remaining
c         MB  reductions    conflicts         size   tier2   irredundant
c          level    restarts       redundant     glue   trail      variables
c
c w 189.32 31 12 0 453 1323 1 6422625 14781 1.6 17 11 2 7 91%  73 4827 398 29%
c s 189.32 31 12 0 453 1323 1 6422625 14781 1.6 17 11 2 7 91%  73 4824 398 29%
c - 189.81 31 12 0 454 1334 1 6439203 15877 1.6 17 11 2 7 90%  73 4824 398 29%
c - 190.42 31 12 0 455 1339 1 6460510 18793 1.6 17 10 2 7 90%  73 4824 398 29%
c - 191.03 31 12 0 456 1340 1 6481841 21478 1.6 16 10 2 7 89%  73 4824 398 29%
c - 191.71 31 12 0 457 1340 1 6503195 22627 1.6 17 10 2 7 89%  74 4824 398 29%
c - 192.33 31 13 0 458 1353 1 6524573 21560 1.7 17 11 2 7 88%  74 4824 398 29%
c - 192.98 31 13 0 459 1362 1 6545974 20233 1.7 18 11 2 7 85%  74 4824 398 29%
c - 193.66 31 13 0 460 1370 1 6567398 19447 1.7 18 11 2 7 86%  74 4824 398 29%
c - 194.34 31 13 0 461 1374 1 6588846 19933 1.6 18 11 2 7 87%  74 4824 398 29%
c - 195.00 31 13 0 462 1385 1 6610318 20266 1.6 18 11 2 7 86%  74 4824 398 29%
c - 195.64 31 13 0 463 1393 1 6631812 20757 1.7 18 11 2 7 86%  74 4824 398 29%
c B 195.77 31 13 0 463 1398 1 6637798 24946 1.7 18 11 2 7 85%  74 4824 398 29%
c o 195.77 31 13 0 463 1398 1 6637798 24946 1.7 18 11 2 7 85%  74 4824 398 29%
c - 196.35 31 13 0 464 1402 1 6653329 20680 1.7 19 11 2 7 85%  74 4824 398 29%
c - 197.16 31 13 0 465 1403 1 6674869 19159 1.7 19 11 2 7 86%  74 4824 398 29%
c - 197.87 31 13 0 466 1403 1 6696433 18298 1.7 19 11 2 7 87%  74 4824 398 29%
c u 198.48 31 13 0 466 1404 1 6712238 24313 1.7 19 11 2 7 88%  74 4824 398 29%
c v 198.63 31 13 0 466 1404 1 6712238 21786 1.7 19 11 2 7 88%  74 4824 398 29%
c w 198.80 31 13 0 466 1404 1 6712238 16272 1.7 19 11 2 7 88%  74 4824 398 29%
c
c seconds   switched     rate           size/glue  tier1   binary      remaining
c         MB  reductions    conflicts         size   tier2   irredundant
c          level    restarts       redundant     glue   trail      variables
c
c - 198.97 29 13 0 467 1404 1 6718020 13917 1.7 19 11 2 7 88%  74 4824 398 29%
c - 199.61 31 13 0 468 1404 1 6739630 16476 1.7 19 11 2 7 88%  74 4824 398 29%
c - 200.34 31 13 0 469 1404 1 6761263 16984 1.7 18 11 2 7 89%  74 4824 398 29%
c - 200.99 31 13 0 470 1414 1 6782919 17003 1.7 18 11 2 7 89%  74 4824 398 29%
c - 201.73 31 13 0 471 1423 1 6804600 17873 1.7 19 11 2 7 89%  74 4824 398 29%
c - 202.37 31 13 0 472 1434 1 6826302 18545 1.7 19 11 2 7 89%  74 4824 398 29%
c - 203.07 31 12 0 473 1435 1 6848027 19523 1.8 18 11 2 7 89%  74 4824 398 29%
c - 203.77 31 13 0 474 1448 1 6869775 20651 1.7 19 11 2 7 89%  74 4824 398 29%
c - 204.42 31 13 0 475 1457 1 6891546 19839 1.7 19 11 2 7 89%  74 4824 398 29%
c - 205.10 31 13 0 476 1465 1 6913341 17484 1.7 19 11 2 7 90%  74 4824 398 29%
c s 205.81 31 13 0 476 1467 1 6934025 26868 1.6 19 11 2 7 90%  74 4793 398 29%
c s 205.81 31 13 0 476 1467 1 6934025 26868 1.6 19 11 2 7 90%  74 4781 398 29%
c e 205.81 31 13 0 476 1467 1 6934025 26868 1.6 19 11 2 7 90%  74 4795 397 29%
c - 205.85 31 13 0 477 1467 1 6935158 17412 1.6 19 11 2 7 90%  74 4795 397 29%
c - 206.49 31 14 0 478 1467 1 6956998 17749 1.6 19 12 2 7 90%  74 4795 397 29%
c W 206.62 31 14 0 478 1467 1 6961876 20448 1.6 19 12 2 7 90%  74 4795 397 29%
c o 206.62 31 14 0 478 1467 1 6961876 20448 1.6 19 12 2 7 90%  74 4795 397 29%
c - 207.14 31 14 0 479 1477 1 6978862 17012 1.6 19 12 2 7 90%  74 4795 397 29%
c - 207.83 31 14 0 480 1485 1 7000748 17328 1.6 19 12 2 7 90%  74 4795 397 29%
c u 208.14 31 14 0 480 1489 1 7008870 21229 1.6 19 12 2 7 89%  77 4795 397 29%
c
c seconds   switched     rate           size/glue  tier1   binary      remaining
c         MB  reductions    conflicts         size   tier2   irredundant
c          level    restarts       redundant     glue   trail      variables
c
c v 208.28 31 14 0 480 1489 1 7008870 19026 1.6 19 12 2 7 89%  77 4795 397 29%
c w 208.41 31 14 0 480 1489 1 7008870 16650 1.6 19 12 2 7 89%  77 4795 397 29%
c - 208.78 31 14 0 481 1497 1 7022657 15063 1.6 18 12 2 7 89%  77 4795 397 29%
c - 209.34 31 14 0 482 1498 1 7044588 15844 1.5 18 12 2 7 90%  77 4795 397 29%
c - 209.88 31 13 0 483 1511 1 7066542 16725 1.5 17 11 2 7 90%  77 4795 397 29%
c - 210.46 31 13 0 484 1520 1 7088519 17291 1.5 18 12 2 7 90%  77 4795 397 29%
c - 211.10 31 13 0 485 1528 1 7110519 15890 1.5 17 12 2 6 91%  77 4795 397 29%
c - 211.72 31 13 0 486 1530 1 7132541 15243 1.5 17 11 2 6 91%  77 4795 397 29%
c - 212.29 31 13 0 487 1530 1 7154586 15851 1.5 17 11 2 6 91%  77 4795 397 29%
c - 212.89 31 13 0 488 1531 1 7176654 16372 1.5 17 11 2 6 90%  77 4795 397 29%
c - 213.46 31 13 0 489 1531 1 7198747 15708 1.5 17 11 2 6 91%  77 4795 397 29%
c - 213.99 31 13 0 490 1531 1 7220861 16688 1.5 17 11 2 6 91%  77 4795 397 29%
c - 214.54 31 13 0 491 1532 1 7242997 17705 1.5 17 11 2 6 90%  77 4795 397 29%
c - 215.19 31 13 0 492 1532 1 7265155 18011 1.5 17 11 2 6 90%  77 4795 397 29%
c - 215.85 31 13 0 493 1532 1 7287338 17056 1.5 17 11 2 6 89%  77 4795 397 29%
c I 216.11 31 13 0 493 1532 1 7295549 21707 1.5 17 11 2 6 89%  77 4795 397 29%
c o 216.11 31 13 0 493 1532 1 7295549 21707 1.5 17 11 2 6 89%  77 4795 397 29%
c - 216.44 31 13 0 494 1532 1 7309541 17988 1.5 17 11 2 6 89%  77 4795 397 29%
c u 216.61 31 13 0 494 1532 1 7312788 19221 1.5 17 11 2 6 89%  77 4795 397 29%
c v 216.75 31 13 0 494 1532 1 7312788 16904 1.5 17 11 2 6 89%  77 4795 397 29%
c
c seconds   switched     rate           size/glue  tier1   binary      remaining
c         MB  reductions    conflicts         size   tier2   irredundant
c          level    restarts       redundant     glue   trail      variables
c
c w 216.80 31 13 0 494 1532 1 7312788 15355 1.5 17 11 2 6 89%  77 4795 397 29%
c - 217.24 31 14 0 495 1532 1 7331767 15366 1.5 18 12 2 6 89%  77 4795 397 29%
c - 217.77 31 14 0 496 1532 1 7354016 15621 1.6 18 12 2 6 89%  77 4795 397 29%
c - 218.31 31 14 0 497 1533 1 7376288 15746 1.5 18 12 2 6 89%  77 4795 397 29%
c - 218.85 31 14 0 498 1533 1 7398581 16802 1.6 18 12 2 6 89%  77 4795 397 29%
c - 219.44 31 14 0 499 1533 1 7420896 17333 1.6 19 12 2 6 88%  77 4795 397 29%
c - 220.06 31 14 0 500 1533 1 7443234 17307 1.6 18 12 2 6 88%  77 4795 397 29%
c - 220.63 31 14 0 501 1533 1 7465595 18135 1.6 18 12 2 6 88%  77 4795 397 29%
c - 221.26 31 14 0 502 1533 1 7487979 19283 1.6 19 12 2 6 87%  77 4795 397 29%
c s 221.35 31 14 0 502 1533 1 7491231 21534 1.6 19 12 2 6 87%  77 4781 397 29%
c s 221.35 31 14 0 502 1533 1 7491231 21534 1.6 19 12 2 6 87%  77 4778 397 29%
c - 221.93 31 14 0 503 1533 1 7510384 18745 1.6 19 12 2 6 87%  77 4778 397 29%
c - 222.58 31 14 0 504 1533 1 7532811 18096 1.6 19 12 2 6 87%  77 4778 397 29%
c - 223.20 31 14 0 505 1533 1 7555261 18003 1.6 19 11 2 6 87%  77 4778 397 29%
c - 223.84 31 13 0 506 1533 1 7577734 18230 1.6 18 11 2 6 88%  77 4778 397 29%
c - 224.50 31 14 0 507 1533 1 7600228 18575 1.6 18 11 2 6 88%  77 4778 397 29%
c - 225.15 31 13 0 508 1535 1 7622744 18666 1.6 18 11 2 6 87%  77 4778 397 29%
c u 225.26 31 13 0 508 1536 1 7623776 18400 1.6 18 11 2 6 87%  77 4778 397 29%
c v 225.41 31 13 0 508 1536 1 7623776 15845 1.6 18 11 2 6 87%  77 4778 397 29%
c w 225.42 31 13 0 508 1536 1 7623776 15560 1.6 18 11 2 6 87%  77 4778 397 29%
c
c seconds   switched     rate           size/glue  tier1   binary      remaining
c         MB  reductions    conflicts         size   tier2   irredundant
c          level    restarts       redundant     glue   trail      variables
c
c B 225.79 31 13 0 508 1545 1 7638920 24734 1.6 18 11 2 6 87%  77 4778 397 29%
c o 225.80 31 13 0 508 1545 1 7638920 24734 1.6 18 11 2 6 87%  77 4778 397 29%
c - 226.00 31 13 0 509 1547 1 7645283 16827 1.6 18 11 2 6 87%  77 4778 397 29%
c - 226.67 31 13 0 510 1557 1 7667844 17186 1.6 18 11 2 6 88%  77 4778 397 29%
c - 227.36 31 13 0 511 1564 1 7690428 16700 1.6 18 11 2 6 89%  77 4778 397 29%
c - 228.07 31 13 0 512 1571 1 7713033 16325 1.6 18 11 2 6 89%  77 4778 397 29%
c - 228.78 31 13 0 513 1579 1 7735660 16940 1.6 17 11 2 6 89%  77 4778 397 29%
c - 229.51 31 13 0 514 1593 1 7758309 16963 1.6 17 11 2 6 89%  77 4778 397 29%
c - 230.27 31 13 0 515 1595 1 7780981 16505 1.5 17 11 2 6 90%  77 4778 397 29%
c - 231.04 31 12 0 516 1596 1 7803675 17290 1.6 17 11 2 6 90%  77 4778 397 29%
c - 231.79 31 12 0 517 1603 1 7826391 17042 1.6 16 10 2 6 91%  77 4778 397 29%
c - 232.51 31 12 0 518 1611 1 7849128 17864 1.6 16 10 2 6 90%  77 4778 397 29%
c - 233.06 31 12 0 519 1625 1 7871887 19887 1.6 15 10 2 6 89%  77 4778 397 29%
c - 233.83 31 12 0 520 1627 1 7894668 20374 1.6 16 10 2 6 89%  78 4778 397 29%
c - 234.57 31 12 0 521 1638 1 7917473 18385 1.6 16 10 2 6 90%  78 4778 397 29%
c - 235.28 31 11 0 522 1648 1 7940298 17569 1.6 15 10 2 6 90%  78 4778 397 29%
c u 235.43 31 11 0 522 1649 1 7942042 16959 1.6 15 10 2 6 90%  88 4778 397 29%
c v 235.54 31 11 0 522 1649 1 7942042 14279 1.6 15 10 2 6 90%  88 4778 397 29%
c w 235.55 31 11 0 522 1649 1 7942042 13983 1.6 15 10 2 6 90%  88 4778 397 29%
c x 235.56 31 11 0 522 1649 1 7942042 13965 1.6 15 10 2 6 90%  97 4624 397 29%
c
c seconds   switched     rate           size/glue  tier1   binary      remaining
c         MB  reductions    conflicts         size   tier2   irredundant
c          level    restarts       redundant     glue   trail      variables
c
c t 236.84 32 11 0 522 1649 1 7942042 13965 1.6 15 10 2 6 90%  95 4624 397 29%
c - 237.43 30 12 0 523 1657 1 7963146 14274 1.5 15 10 2 6 90%  95 4624 397 29%
c - 238.09 30 12 0 524 1659 1 7986017 14383 1.5 15 10 2 6 91%  95 4624 397 29%
c W 238.30 30 12 0 524 1659 1 7992090 16621 1.5 15 10 2 6 91%  95 4624 397 29%
c o 238.30 30 12 0 524 1659 1 7992090 16621 1.5 15 10 2 6 91%  95 4624 397 29%
c - 238.81 31 12 0 525 1659 1 8008908 15505 1.5 16 10 2 6 91%  95 4624 397 29%
c - 239.45 31 12 0 526 1660 1 8031820 15967 1.5 15 10 2 6 91%  95 4624 397 29%
c - 240.12 32 12 0 527 1660 1 8054754 17239 1.6 16 10 2 6 91%  95 4624 397 29%
c - 240.84 32 11 0 528 1660 1 8077711 17908 1.6 15 10 2 6 91%  95 4624 397 29%
c s 241.33 32 11 0 528 1670 1 8095236 26393 1.6 15 10 2 6 91%  96 4598 397 29%
c e 241.34 32 11 0 528 1670 1 8095236 26393 1.6 15 10 2 6 91%  84 4708 389 28%
c s 241.34 32 11 0 528 1670 1 8095236 26393 1.6 15 10 2 6 91%  84 4674 389 28%
c - 241.49 32 11 0 529 1673 1 8100690 18353 1.6 15 10 2 6 91%  84 4674 389 28%
c - 242.05 32 11 0 530 1682 1 8123690 20017 1.6 15 9 2 6 90%  85 4674 389 28%
c - 242.64 32 11 0 531 1691 1 8146712 20682 1.6 14 9 2 6 90%  87 4674 389 28%
c i 242.81 32 11 0 531 1691 1 8153658 23741 1.6 14 9 2 6 90%  97 4674 387 28%
c - 243.32 30 11 0 532 1697 1 8169757 14042 1.6 14 9 2 6 90%  76 4674 387 28%
c - 244.03 31 11 0 533 1706 1 8192823 15549 1.6 14 9 2 6 90%  77 4674 387 28%
c - 244.68 31 11 0 534 1720 1 8215910 16216 1.5 14 9 2 6 91%  77 4674 387 28%
c - 245.33 31 11 0 535 1722 1 8239018 16647 1.5 14 9 2 6 91%  78 4674 387 28%
c
c seconds   switched     rate           size/glue tier1   binary      remaining
c         MB  reductions    conflicts         size  tier2   irredundant
c          level    restarts       redundant    glue   trail      variables
c
c - 245.97 31 11 0 536 1723 1 8262148 19482 1.5 14 9 2 6 91%  81 4674 387 28%
c i 246.00 31 11 0 536 1723 1 8262996 19793 1.5 14 9 2 6 91%  87 4674 386 28%
c b 246.17 31 11 0 536 1723 1 8268871 16780 1.5 14 9 2 6 90% 154 4228 385 28%
c u 246.25 31 11 0 536 1723 1 8268871 15346 1.5 14 9 2 6 90% 162 4228 385 28%
c v 246.34 31 11 0 536 1723 1 8268871 14214 1.5 14 9 2 6 90% 166 4228 385 28%
c w 246.42 31 11 0 536 1723 1 8268871 12897 1.5 14 9 2 6 90% 166 4228 385 28%
c d 246.42 31 11 0 536 1723 1 8268871 12897 1.5 14 9 2 6 90% 165 4214 384 28%
c t 246.42 31 11 0 536 1723 1 8268871 12897 1.5 14 9 2 6 90% 163 4214 384 28%
c u 246.49 31 11 0 536 1723 1 8268871 12185 1.5 14 9 2 6 90% 163 4214 384 28%
c v 246.55 31 11 0 536 1723 1 8268871 11397 1.5 14 9 2 6 90% 163 4214 384 28%
c w 246.61 31 11 0 536 1723 1 8268871 10763 1.5 14 9 2 6 90% 163 4214 384 28%
c - 247.06 30 11 0 537 1729 1 8285299 11739 1.5 15 9 2 6 90% 147 4214 384 28%
c - 247.74 30 12 0 538 1738 1 8308474 12893 1.5 15 10 2 6 90% 147 4214 384 28%
c - 248.36 30 12 0 539 1752 1 8331668 13476 1.5 15 10 2 6 91% 147 4214 384 28%
c - 249.00 31 12 0 540 1754 1 8354885 14163 1.5 15 10 2 6 91% 147 4214 384 28%
c O 249.01 31 12 0 540 1754 1 8355162 14298 1.5 15 10 2 6 91% 147 4214 384 28%
c o 249.01 31 12 0 540 1754 1 8355162 14298 1.5 15 10 2 6 91% 147 4214 384 28%
c - 249.71 31 12 0 541 1767 1 8378122 15177 1.5 15 10 2 6 91% 147 4214 384 28%
c - 250.36 31 12 0 542 1776 1 8401381 15181 1.5 15 10 2 6 91% 147 4214 384 28%
c - 251.01 31 12 0 543 1784 1 8424662 16111 1.5 15 10 2 6 91% 147 4214 384 28%
c
c seconds   switched     rate           size/glue  tier1   binary      remaining
c         MB  reductions    conflicts         size   tier2   irredundant
c          level    restarts       redundant     glue   trail      variables
c
c - 251.69 31 11 0 544 1786 1 8447966 17348 1.5 15 10 2 6 91% 147 4214 384 28%
c - 252.33 31 11 0 545 1786 1 8471289 17969 1.5 14 10 2 6 91% 148 4214 384 28%
c - 252.98 31 11 0 546 1787 1 8494634 19129 1.5 14 10 2 6 91% 149 4214 384 28%
c - 253.60 32 11 0 547 1787 1 8518001 18949 1.5 14 9 2 6 91% 149 4214 384 28%
c - 254.21 32 11 0 548 1788 1 8541391 18744 1.5 14 9 2 6 92% 149 4214 384 28%
c i 254.55 32 11 0 548 1788 1 8552129 23223 1.5 14 9 2 6 91% 160 4214 378 28%
c - 254.94 30 11 0 549 1788 1 8564800 13277 1.5 14 9 2 6 91% 137 4214 378 28%
c - 255.58 31 11 0 550 1788 1 8588230 16644 1.5 14 9 2 6 91% 137 4214 378 28%
c b 256.12 31 11 0 550 1788 1 8606899 24253 1.5 14 9 2 6 91% 174 3924 376 28%
c u 256.20 31 11 0 550 1788 1 8606899 22669 1.5 14 9 2 6 91% 219 3924 374 27%
c v 256.39 31 11 0 550 1788 1 8606899 18533 1.5 14 9 2 6 91% 233 3924 374 27%
c w 256.44 31 11 0 550 1788 1 8606899 12835 1.5 14 9 2 6 91% 234 3924 374 27%
c d 256.44 31 11 0 550 1788 1 8606899 12834 1.5 14 9 2 6 91% 234 3860 371 27%
c t 256.44 31 11 0 550 1788 1 8606899 12834 1.5 14 9 2 6 91% 195 3860 371 27%
c u 256.51 31 11 0 550 1788 1 8606899 11777 1.5 14 9 2 6 91% 198 3860 371 27%
c v 256.61 31 11 0 550 1788 1 8606899 9995 1.5 14 9 2 6 91% 199 3860 371 27%
c w 256.63 31 11 0 550 1788 1 8606899 9763 1.5 14 9 2 6 91% 199 3860 371 27%
c t 256.63 31 11 0 550 1788 1 8606899 9763 1.5 14 9 2 6 91% 193 3860 371 27%
c i 256.63 31 11 0 550 1788 1 8606899 9763 1.5 14 9 2 6 91% 193 3860 371 27%
c - 256.74 30 11 0 551 1788 1 8611683 9505 1.5 14 9 2 6 91% 193 3860 371 27%
c
c seconds   switched     rate           size/glue tier1   binary      remaining
c         MB  reductions    conflicts         size  tier2   irredundant
c          level    restarts       redundant    glue   trail      variables
c
c - 257.25 30 10 0 552 1788 1 8635156 13996 1.5 13 9 2 6 91% 195 3860 371 27%
c i 257.48 30 10 0 552 1788 1 8645326 18674 1.5 13 9 2 6 91% 205 3860 356 26%
c - 257.79 30 10 0 553 1788 1 8658651 11815 1.5 13 9 2 6 91% 160 3860 356 26%
c - 258.30 31 10 0 554 1795 1 8682166 16794 1.5 13 9 2 6 89% 163 3857 356 26%
c i 258.51 31 10 0 554 1801 1 8691572 21364 1.5 13 9 2 6 88% 175 3857 346 25%
c - 258.84 30 10 0 555 1805 1 8705703 12491 1.5 13 8 2 6 88% 154 3857 346 25%
c i 258.92 30 10 0 555 1808 1 8709922 14300 1.5 13 8 2 6 88% 162 3856 339 25%
c i 259.17 30 10 0 555 1816 1 8722546 21357 1.5 13 8 2 6 88% 177 3856 337 25%
c i 259.19 30 10 0 555 1816 1 8723107 21547 1.5 13 8 2 6 88% 183 3856 332 24%
c i 259.20 30 10 0 555 1816 1 8723332 21596 1.5 13 8 2 6 88% 190 3856 320 23%
c i 259.20 30 10 0 555 1816 1 8723384 21607 1.5 13 8 2 6 88% 194 3856 319 23%
c i 259.20 30 10 0 555 1816 1 8723463 21625 1.5 13 8 2 6 88% 199 3856 318 23%
c i 259.20 30 10 0 555 1816 1 8723516 21639 1.5 13 8 2 6 88% 201 3856 276 20%
c ] 259.20 30 10 0 555 1816 1 8723519 21639 1.5 13 8 2 6 88% 202 3856 205 15%
c 0 259.20 30 0 0 555 1816 0 8723519 21639 0.0 0 0 2 6 0% 202 3856 205 15%
c
c ---- [ result ] ------------------------------------------------------------
c
s UNSATISFIABLE
c
c ---- [ profiling ] ---------------------------------------------------------
c
c         241.50   93.17 %  search
c         241.50   93.17 %  stable
c          17.69    6.82 %  simplify
c          17.20    6.63 %  probe
c          11.65    4.50 %  vivify
c           5.37    2.07 %  sweep
c           0.96    0.37 %  reduce
c           0.44    0.17 %  walking
c           0.11    0.04 %  substitute
c           0.07    0.03 %  eliminate
c           0.04    0.02 %  factor
c           0.02    0.01 %  preprocess
c           0.01    0.00 %  subsume
c           0.01    0.00 %  congruence
c           0.01    0.00 %  transitive
c           0.00    0.00 %  backbone
c           0.00    0.00 %  lucky
c           0.00    0.00 %  parse
c =============================================
c         259.20  100.00 %  total
c
c ---- [ statistics ] --------------------------------------------------------
c
c conflicts:                          8723519            33654.83 per second
c congruent:                               53                4 %  variables
c decisions:                          9162411                1.05 per conflict
c eliminated:                             949               69 %  variables
c factored:                                61                4 %  variables
c iterations:                              13                1 %  variables
c propagations:                    1191806582          4597921    per second
c reductions:                             555            15718    interval
c reordered:                               37           235771    interval
c rephased:                                60           145392    interval
c restarts:                              1816             4804    interval
c strengthened:                          1350                0 %  checks
c substituted:                             89                7 %  variables
c subsumed:                               886                0 %  checks
c switched:                                 0                0    interval
c vivified:                            440790               48 %  checks
c walks:                                   20           436176    interval
c
c ---- [ glue usage ] --------------------------------------------------------
c
c stable glue 2 used 28477584 clauses 20.76% accumulated 69.26% tier1
c stable glue 3 used 14860204 clauses 10.83% accumulated 80.09%
c stable glue 4 used  6769342 clauses  4.93% accumulated 85.03%
c stable glue 5 used  4345894 clauses  3.17% accumulated 88.19%
c stable glue 6 used  3081701 clauses  2.25% accumulated 90.44% tier2
c
c ---- [ resources ] ---------------------------------------------------------
c
c maximum-resident-set-size:        429355008 bytes        409 MB
c process-time:                         4m 19s             259.20 seconds
c
c ---- [ shutting down ] -----------------------------------------------------
c
c exit 20
