c ---- [ banner ] ------------------------------------------------------------
c
c Kissat SAT Solver
c 
c Copyright (c) 2021-2024 Armin Biere University of Freiburg
c Copyright (c) 2019-2021 Armin Biere Johannes Kepler University Linz
c 
c Version 4.0.4 8af8e56f174b778aef3aa45af9f739b2a5f492c2
c gcc (GCC) 15.2.1 20260123 (Red Hat 15.2.1-7) -W -Wall -O3 -DNDEBUG
c Thu Apr 23 06:47:51 PM IST 2026 Linux krishnendu-LN 6.19.12-200.fc43.x86_64 x86_64
c
c ---- [ parsing ] -----------------------------------------------------------
c
c opened and reading DIMACS file:
c
c   /home/krishnendu/Research/fv-invariant-mining/data/circuits/cnf/miter_mult_9bit.cnf
c
c parsed 'p cnf 873 3299' header
c closing input after reading 48449 bytes (47 KB)
c finished parsing after 0.00 seconds
c
c ---- [ options ] -----------------------------------------------------------
c
c --decay=200                      (different from default '50')
c --eliminateeffort=400            (different from default '100')
c
c ---- [ solving ] -----------------------------------------------------------
c
c seconds switched rate     size/glue tier1  binary      remaining
c        MB reductions conflicts size  tier2   irredundant
c         level restarts redundant glue  trail       variables
c
c *  0.00  3 0 0 0  0 0   0   0 0.0 0 0 0 0 0% 1142 2155 870 100%
c (  0.00  3 0 0 0  0 0   0   0 0.0 0 0 0 0 0% 1142 2155 870 100%
c .  0.00  3 0 0 0  0 0   0   0 0.0 0 0 0 0 0% 1138 2155 870 100%
c c  0.00  3 0 0 0  0 0   0   0 0.0 0 0 0 0 0% 1186 2153 836 96%
c d  0.00  3 0 0 0  0 0   0   0 0.0 0 0 0 0 0% 1070 2153 836 96%
c =  0.02  3 0 0 0  0 0   0   0 0.0 0 0 0 0 0% 1084 2141 828 95%
c d  0.02  3 0 0 0  0 0   0   0 0.0 0 0 0 0 0% 1064 2141 828 95%
c f  0.02  4 0 0 0  0 0   0   0 0.0 0 0 0 0 0% 1040 2124 852 98%
c )  0.02  4 0 0 0  0 0   0   0 0.0 0 0 0 0 0% 1040 2124 852 98%
c {  0.02  4 0 0 0  0 0   0   0 0.0 0 0 2 6 0% 1040 2124 852 98%
c -  0.05  4 18 0 1 297 3 1002 460 1.8 20 11 3 14 84% 1052 2124 852 98%
c }  0.05  4 18 1 1 297 3 1002 460 1.8 20 11 3 14 84% 1052 2124 852 98%
c [  0.05  4 0 1 1 297 0 1002 460 0.0 0 0 2 6 0% 1052 2124 852 98%
c B  0.05  4 0 1 1 297 0 1002 460 0.0 0 0 2 6 0% 1052 2124 852 98%
c -  0.06  4 47 1 2 297 1 2004 1302 2.4 22 9 5 12 90% 1053 2124 852 98%
c W  0.06  4 47 1 2 297 1 2004 1302 2.4 22 9 5 12 90% 1053 2124 852 98%
c ]  0.07  4 36 2 2 298 1 2632 1852 2.2 21 10 5 12 88% 1055 2124 852 98%
c {  0.07  4 18 2 2 298 3 2632 1852 1.8 20 11 3 14 84% 1055 2124 852 98%
c -  0.09  4 16 2 3 299 2 3419 2179 2.3 24 10 3 12 78% 1062 2124 852 98%
c u  0.10  4 16 2 3 299 2 3511 2067 2.4 24 10 3 12 78% 1068 2124 852 98%
c
c seconds  switched  rate       size/glue  tier1     binary      remaining
c        MB reductions conflicts      size   tier2     irredundant
c         level restarts   redundant     glue    trail       variables
c
c v  0.10  4 16 2 3 299 2 3511 2051 2.4 24 10 3 12 78% 1068 2124 852 98%
c w  0.10  4 16 2 3 299 2 3511 2036 2.4 24 10 3 12 78% 1068 2124 852 98%
c x  0.10  4 16 2 3 299 2 3511 2035 2.4 24 10 3 12 78% 1079 2070 852 98%
c =  0.12  4 16 2 3 299 2 3511 2035 2.4 24 10 3 12 78% 1109 2069 837 96%
c d  0.12  4 16 2 3 299 2 3511 2035 2.4 24 10 3 12 78% 1064 2069 837 96%
c t  0.12  4 16 2 3 299 2 3511 2035 2.4 24 10 3 12 78% 1054 2069 837 96%
c u  0.12  4 16 2 3 299 2 3511 1988 2.4 24 10 3 12 78% 1054 2069 837 96%
c v  0.13  4 16 2 3 299 2 3511 1941 2.4 24 10 3 12 78% 1054 2069 837 96%
c w  0.13  4 16 2 3 299 2 3511 1939 2.4 24 10 3 12 78% 1054 2069 837 96%
c x  0.13  4 16 2 3 299 2 3511 1939 2.4 24 10 3 12 78% 1054 2068 837 96%
c =  0.14  4 16 2 3 299 2 3511 1939 2.4 24 10 3 12 78% 1058 2066 835 96%
c d  0.14  4 16 2 3 299 2 3511 1939 2.4 24 10 3 12 78% 1053 2066 835 96%
c }  0.14  4 16 3 3 299 2 3632 2055 2.4 24 10 3 12 78% 1053 2066 835 96%
c [  0.14  4 36 3 3 299 1 3632 2055 2.2 21 10 5 12 88% 1053 2066 835 96%
c I  0.16  4 30 3 3 299 1 4263 2627 2.3 22 9 4 12 85% 1054 2066 835 96%
c ]  0.17  5 27 4 3 300 1 4805 3099 2.2 22 10 4 12 86% 1055 2065 835 96%
c {  0.17  5 16 4 3 300 2 4805 3099 2.4 24 10 3 12 78% 1055 2065 835 96%
c -  0.17  5 16 4 4 303 2 5151 2803 2.3 23 10 3 12 80% 1055 2065 835 96%
c -  0.21  5 15 4 5 303 2 7151 4003 2.5 23 9 3 10 77% 1056 2065 835 96%
c }  0.21  5 15 5 5 303 2 7158 4008 2.5 23 9 3 10 77% 1056 2065 835 96%
c
c seconds  switched  rate       size/glue  tier1     binary      remaining
c        MB reductions conflicts      size   tier2     irredundant
c         level restarts   redundant     glue    trail       variables
c
c [  0.21  5 27 5 5 303 1 7158 4008 2.2 22 10 4 12 86% 1056 2065 835 96%
c B  0.23  5 24 5 5 303 1 8035 4795 2.4 22 9 4 12 86% 1057 2064 835 96%
c ]  0.25  5 22 6 5 304 1 9161 5770 2.3 23 10 4 12 86% 1057 2064 835 96%
c {  0.25  5 15 6 5 304 2 9161 5770 2.5 23 9 3 10 77% 1057 2064 835 96%
c -  0.25  5 16 6 6 309 2 9387 4825 2.5 22 9 3 10 77% 1059 2064 835 96%
c o  0.27  5 16 6 6 429 2 10736 6042 2.3 20 9 3 10 74% 1065 2064 835 96%
c u  0.28  5 16 6 6 464 2 10830 5993 2.3 20 9 3 10 74% 1070 2064 835 96%
c v  0.29  5 16 6 6 464 2 10830 5973 2.3 20 9 3 10 74% 1070 2064 835 96%
c w  0.29  5 16 6 6 464 2 10830 5957 2.3 20 9 3 10 74% 1070 2064 835 96%
c -  0.32  5 15 6 7 582 2 11836 5475 2.2 20 9 3 10 74% 1073 2064 835 96%
c }  0.34  5 15 7 7 676 2 13230 6689 2.1 19 9 3 10 74% 1075 2064 835 96%
c [  0.34  5 22 7 7 676 1 13230 6689 2.3 23 10 4 12 86% 1075 2064 835 96%
c W  0.35  5 22 7 7 676 1 13565 6956 2.3 22 10 4 12 85% 1075 2064 835 96%
c -  0.37  5 20 7 8 677 1 14484 5880 2.3 22 10 3 10 85% 1076 2064 835 96%
c ]  0.41  5 18 8 8 678 1 16987 7928 2.2 21 10 3 10 86% 1077 2064 835 96%
c {  0.41  5 15 8 8 678 2 16987 7928 2.1 19 9 3 10 74% 1077 2064 835 96%
c -  0.43  5 15 8 9 774 2 17313 6384 2.1 19 9 3 10 75% 1080 2064 835 96%
c s  0.44  5 15 8 9 797 2 17551 6610 2.2 20 9 3 10 75% 1083 2059 835 96%
c e  0.44  5 15 8 9 797 2 17551 6610 2.2 20 9 3 10 75% 312 2492 518 59%
c s  0.44  5 15 8 9 797 2 17551 6610 2.2 20 9 3 10 75% 313 2430 518 59%
c
c seconds  switched  rate        size/glue tier1    binary      remaining
c        MB reductions conflicts       size  tier2    irredundant
c         level restarts    redundant    glue    trail      variables
c
c e  0.44  5 15 8 9 797 2 17551 6610 2.2 20 9 3 10 75% 300 2443 512 59%
c ^  0.44  5 15 8 9 797 2 17551 6610 2.2 20 9 3 10 75% 300 2443 512 59%
c -  0.48  6 15 8 10 993 2 20313 3704 2.2 20 9 2 9 74% 303 2443 512 59%
c o  0.51  6 15 8 10 998 2 21581 4892 2.4 21 9 2 9 76% 304 2443 512 59%
c u  0.52  6 15 8 10 1051 2 22187 5139 2.4 21 9 2 9 75% 306 2442 512 59%
c v  0.53  6 15 8 10 1051 2 22187 5043 2.4 21 9 2 9 75% 306 2442 512 59%
c w  0.53  6 15 8 10 1051 2 22187 5021 2.4 21 9 2 9 75% 306 2442 512 59%
c x  0.53  6 15 8 10 1051 2 22187 5019 2.4 21 9 2 9 75% 310 2373 512 59%
c t  0.53  6 15 8 10 1051 2 22187 5019 2.4 21 9 2 9 75% 305 2373 512 59%
c f  0.53  6 15 8 10 1051 2 22187 5019 2.4 21 9 2 9 75% 339 2303 529 61%
c u  0.54  6 15 8 10 1051 2 22187 4871 2.4 21 9 2 9 75% 341 2303 529 61%
c v  0.54  6 15 8 10 1051 2 22187 4845 2.4 21 9 2 9 75% 341 2303 529 61%
c w  0.55  6 15 8 10 1051 2 22187 4810 2.4 21 9 2 9 75% 341 2303 529 61%
c x  0.55  6 15 8 10 1051 2 22187 4808 2.4 21 9 2 9 75% 342 2256 529 61%
c =  0.57  6 15 8 10 1051 2 22187 4808 2.4 21 9 2 9 75% 342 2252 528 61%
c }  0.60  6 15 9 10 1143 2 23147 5681 2.3 21 9 2 9 75% 345 2252 528 61%
c [  0.60  6 18 9 10 1143 1 23147 5681 2.2 21 10 3 10 86% 345 2252 528 61%
c O  0.60  6 18 9 10 1143 1 23147 5681 2.2 21 10 3 10 86% 345 2252 528 61%
c -  0.60  6 18 9 11 1143 1 23475 5042 2.2 21 10 3 10 85% 344 2252 528 61%
c -  0.69  6 17 9 12 1145 1 26792 5111 2.0 20 10 2 9 85% 345 2252 528 61%
c
c seconds   switched    rate        size/glue  tier1   binary      remaining
c        MB   reductions  conflicts       size   tier2   irredundant
c         level    restarts    redundant     glue   trail      variables
c
c ]  0.73  6 16 10 12 1147 1 28904 6329 1.9 19 10 2 9 85% 345 2252 528 61%
c {  0.73  6 15 10 12 1147 2 28904 6329 2.3 21 9 2 9 75% 345 2252 528 61%
c -  0.77  6 16 10 13 1484 2 30256 5307 2.3 21 9 2 8 76% 347 2252 528 61%
c -  0.85  6 15 10 14 1756 2 33861 6904 2.3 20 9 2 8 73% 348 2252 528 61%
c e  0.88  6 15 10 14 1756 2 35528 8344 2.3 20 9 2 8 71% 249 2409 452 52%
c s  0.88  6 15 10 14 1756 2 35528 8344 2.3 20 9 2 8 71% 252 2381 452 52%
c e  0.88  6 15 10 14 1756 2 35528 8344 2.3 20 9 2 8 71% 249 2385 451 52%
c ^  0.88  6 15 10 14 1756 2 35528 8344 2.3 20 9 2 8 71% 249 2385 451 52%
c }  0.93  6 15 11 14 1887 2 37532 6382 2.3 20 9 2 7 72% 249 2385 451 52%
c [  0.93  6 16 11 14 1887 1 37532 6382 1.9 19 10 2 9 85% 249 2385 451 52%
c B  0.93  6 16 11 14 1887 1 37532 6382 1.9 19 10 2 9 85% 249 2385 451 52%
c -  0.93  6 16 11 15 1887 1 37605 5212 1.9 19 10 2 8 85% 249 2385 451 52%
c u  0.95  6 16 11 15 1887 1 38339 5484 1.9 19 10 2 8 85% 249 2385 451 52%
c v  0.95  6 16 11 15 1887 1 38339 5377 1.9 19 10 2 8 85% 249 2385 451 52%
c w  0.96  6 16 11 15 1887 1 38339 5357 1.9 19 10 2 8 85% 249 2385 451 52%
c x  0.96  6 16 11 15 1887 1 38339 5334 1.9 19 10 2 8 85% 251 2348 451 52%
c =  1.00  6 16 11 15 1887 1 38339 5334 1.9 19 10 2 8 85% 253 2346 450 52%
c d  1.00  6 16 11 15 1887 1 38339 5334 1.9 19 10 2 8 85% 251 2346 450 52%
c t  1.00  6 16 11 15 1887 1 38339 5334 1.9 19 10 2 8 85% 249 2346 450 52%
c u  1.01  6 16 11 15 1887 1 38339 5054 1.9 19 10 2 8 85% 249 2346 450 52%
c
c seconds   switched    rate        size/glue  tier1   binary      remaining
c        MB   reductions  conflicts       size   tier2   irredundant
c         level    restarts    redundant     glue   trail      variables
c
c v  1.02  6 16 11 15 1887 1 38339 4899 1.9 19 10 2 8 85% 249 2346 450 52%
c w  1.02  6 16 11 15 1887 1 38339 4875 1.9 19 10 2 8 85% 249 2346 450 52%
c x  1.02  6 16 11 15 1887 1 38339 4875 1.9 19 10 2 8 85% 249 2345 450 52%
c -  1.12  7 16 11 16 1889 1 41477 5296 1.9 19 10 2 9 86% 250 2345 450 52%
c -  1.18  7 16 11 17 1892 1 45478 5589 1.9 19 10 2 9 86% 250 2345 450 52%
c -  1.26  7 15 11 18 1893 1 49602 6489 1.9 19 10 2 9 86% 250 2344 450 52%
c W  1.26  5 15 11 18 1893 1 49754 6630 1.9 19 10 2 9 86% 250 2344 450 52%
c o  1.26  5 15 11 18 1893 1 49754 6630 1.9 19 10 2 9 86% 250 2344 450 52%
c ]  1.30  6 15 12 18 1896 1 52255 8626 1.9 19 10 2 9 86% 250 2344 450 52%
c {  1.30  6 15 12 18 1896 2 52255 8626 2.3 20 9 2 7 72% 250 2344 450 52%
c -  1.34  7 15 12 19 2202 2 53844 7056 2.3 20 9 1 7 71% 251 2342 450 52%
c i  1.34  7 15 12 19 2202 2 54587 7492 2.3 19 9 1 7 70% 260 2342 449 51%
c -  1.45  7 15 12 20 2472 2 58202 8062 2.4 21 9 1 6 72% 252 2342 449 51%
c u  1.48  7 15 12 20 2714 2 59138 8493 2.3 21 9 1 6 73% 255 2337 449 51%
c v  1.50  8 15 12 20 2714 2 59138 8366 2.3 21 9 1 6 73% 255 2337 449 51%
c w  1.50  8 15 12 20 2714 2 59138 8325 2.3 21 9 1 6 73% 255 2337 449 51%
c d  1.50  8 15 12 20 2714 2 59138 8322 2.3 21 9 1 6 73% 253 2337 448 51%
c t  1.50  8 15 12 20 2714 2 59138 8322 2.3 21 9 1 6 73% 251 2337 448 51%
c u  1.51  8 15 12 20 2714 2 59138 8266 2.3 21 9 1 6 73% 251 2337 448 51%
c v  1.52  8 15 12 20 2714 2 59138 8208 2.3 21 9 1 6 73% 251 2337 448 51%
c
c seconds   switched    rate        size/glue tier1   binary      remaining
c        MB   reductions  conflicts       size  tier2   irredundant
c         level    restarts    redundant    glue   trail      variables
c
c w  1.52  8 15 12 20 2714 2 59138 8188 2.3 21 9 1 6 73% 251 2337 448 51%
c x  1.53  8 15 12 20 2714 2 59138 8187 2.3 21 9 1 6 73% 251 2335 448 51%
c -  1.66  7 15 12 21 2941 2 62676 9415 2.4 21 9 1 6 74% 254 2335 448 51%
c }  1.69  8 15 13 21 3228 2 63735 10392 2.4 21 9 1 6 74% 254 2335 448 51%
c [  1.69  8 15 13 21 3228 1 63735 10392 1.9 19 10 2 9 86% 254 2335 448 51%
c I  1.71  7 15 13 21 3228 1 64658 11160 1.9 19 10 2 9 86% 254 2335 448 51%
c -  1.76  8 15 13 22 3230 1 67258 9514 1.9 19 10 2 9 86% 254 2335 448 51%
c -  1.85  8 15 13 23 3233 1 71949 8913 1.8 19 10 2 9 86% 254 2335 448 51%
c s  1.90  7 15 13 23 3234 1 74770 11198 1.8 19 10 2 9 86% 254 2334 448 51%
c e  1.91  7 15 13 23 3234 1 74770 11198 1.8 19 10 2 9 86% 206 2449 412 47%
c s  1.91  7 15 13 23 3234 1 74770 11198 1.8 19 10 2 9 86% 206 2437 412 47%
c ^  1.91  7 15 13 23 3234 1 74770 11198 1.8 19 10 2 9 86% 206 2437 412 47%
c -  1.94  7 15 13 24 3235 1 76746 5902 1.8 19 10 2 9 86% 206 2437 412 47%
c -  2.02  7 15 13 25 3239 1 81644 6495 1.8 19 10 2 9 86% 206 2437 412 47%
c ]  2.02  7 15 14 25 3239 1 81651 6502 1.8 19 10 2 9 86% 206 2437 412 47%
c {  2.02  7 15 14 25 3239 2 81651 6502 2.4 21 9 1 6 74% 206 2437 412 47%
c o  2.02  7 15 14 25 3243 2 81667 6515 2.4 21 9 1 6 74% 206 2437 412 47%
c u  2.12  6 15 14 25 3649 2 84741 8749 2.4 21 9 1 6 75% 206 2437 412 47%
c v  2.13  6 15 14 25 3649 2 84741 8272 2.4 21 9 1 6 75% 206 2437 412 47%
c w  2.14  7 15 14 25 3649 2 84741 8198 2.4 21 9 1 6 75% 206 2437 412 47%
c
c seconds   switched    rate        size/glue tier1   binary      remaining
c        MB   reductions  conflicts       size  tier2   irredundant
c         level    restarts    redundant    glue   trail      variables
c
c f  2.14  6 15 14 25 3649 2 84741 8198 2.4 21 9 1 6 75% 208 2428 413 47%
c u  2.15  7 15 14 25 3649 2 84741 8135 2.4 21 9 1 6 75% 208 2428 413 47%
c v  2.17  7 15 14 25 3649 2 84741 7746 2.4 21 9 1 6 75% 208 2428 413 47%
c w  2.18  7 15 14 25 3649 2 84741 7689 2.4 21 9 1 6 75% 208 2428 413 47%
c -  2.23  7 15 14 26 3939 2 86644 7353 2.4 21 9 1 6 75% 208 2428 413 47%
c -  2.36  7 15 14 27 4397 2 91744 9613 2.4 21 9 1 5 76% 209 2428 413 47%
c }  2.51  7 15 15 27 5037 2 96367 13470 2.4 21 9 1 5 77% 209 2428 413 47%
c [  2.51  7 15 15 27 5037 1 96367 13470 1.8 19 10 2 9 86% 209 2428 413 47%
c B  2.51  7 15 15 27 5037 1 96367 13470 1.8 19 10 2 9 86% 209 2428 413 47%
c -  2.52  8 15 15 28 5037 1 96940 10646 1.8 19 11 2 9 86% 209 2428 413 47%
c -  2.62  8 15 15 29 5041 1 102231 10085 1.8 19 11 2 9 86% 209 2428 413 47%
c -  2.72  7 14 15 30 5043 1 107616 8832 1.8 19 11 2 9 87% 209 2428 413 47%
c -  2.83  8 14 15 31 5047 1 113094 8984 1.8 19 11 2 9 87% 209 2428 413 47%
c u  2.89  7 14 15 31 5049 1 115220 9894 1.8 18 11 2 9 87% 210 2428 413 47%
c v  2.90  8 14 15 31 5049 1 115220 9675 1.8 18 11 2 9 87% 210 2428 413 47%
c w  2.90  8 14 15 31 5049 1 115220 8504 1.8 18 11 2 9 87% 210 2428 413 47%
c x  2.91  8 14 15 31 5049 1 115220 8500 1.8 18 11 2 9 87% 210 2398 413 47%
c t  2.99  8 14 15 31 5049 1 115220 8500 1.8 18 11 2 9 87% 209 2398 413 47%
c W  3.04  7 14 15 31 5050 1 117278 9675 1.7 18 10 2 9 87% 209 2398 413 47%
c -  3.06  7 14 15 32 5050 1 118662 7574 1.7 18 10 2 8 87% 209 2398 413 47%
c
c seconds   switched    rate         size/glue  tier1   binary      remaining
c        MB   reductions  conflicts        size   tier2   irredundant
c         level    restarts     redundant     glue   trail      variables
c
c ]  3.07  7 14 16 32 5050 1 118790 7642 1.7 18 10 2 8 87% 209 2398 413 47%
c {  3.07  7 15 16 32 5050 2 118790 7642 2.4 21 9 1 5 77% 209 2398 413 47%
c o  3.15  7 15 16 32 5511 2 121683 9782 2.3 21 9 1 5 78% 209 2398 413 47%
c -  3.22  7 15 16 33 6105 2 124320 9257 2.3 21 9 1 5 78% 209 2398 413 47%
c -  3.37  8 14 16 34 6105 2 130065 11281 2.3 21 9 1 5 79% 215 2398 413 47%
c i  3.38  8 14 16 34 6105 2 130561 11446 2.3 21 9 1 5 80% 225 2398 412 47%
c -  3.55  8 15 16 35 6866 2 135895 12048 2.3 21 9 1 5 80% 205 2398 412 47%
c }  3.60  8 15 17 35 7189 2 137127 13035 2.3 21 9 1 5 80% 205 2398 412 47%
c [  3.60  8 14 17 35 7189 1 137127 13035 1.7 18 10 2 8 87% 205 2398 412 47%
c s  3.61  8 14 17 35 7189 1 137941 13731 1.7 18 10 2 8 87% 205 2394 412 47%
c e  3.62  8 14 17 35 7189 1 137941 13731 1.7 18 10 2 8 87% 143 2581 373 43%
c s  3.62  8 14 17 35 7189 1 137941 13731 1.7 18 10 2 8 87% 143 2536 373 43%
c e  3.62  8 14 17 35 7189 1 137941 13731 1.7 18 10 2 8 87% 138 2552 369 42%
c ^  3.62  8 14 17 35 7189 1 137941 13731 1.7 18 10 2 8 87% 138 2552 369 42%
c O  3.67  7 14 17 35 7192 1 141504 11653 1.7 18 10 2 8 86% 138 2552 369 42%
c -  3.68  8 14 17 36 7192 1 141811 8211 1.7 18 10 2 8 85% 138 2552 369 42%
c -  3.82  8 14 17 37 7195 1 147814 8588 1.8 18 10 2 8 86% 138 2552 369 42%
c u  3.90  8 14 17 37 7197 1 150906 10118 1.8 18 10 2 8 85% 138 2552 369 42%
c v  3.93  8 14 17 37 7197 1 150906 9400 1.8 18 10 2 8 85% 138 2552 369 42%
c w  3.94  8 14 17 37 7197 1 150906 8359 1.8 18 10 2 8 85% 138 2552 369 42%
c
c seconds   switched    rate         size/glue  tier1   binary      remaining
c        MB   reductions  conflicts        size   tier2   irredundant
c         level    restarts     redundant     glue   trail      variables
c
c -  4.01  8 14 17 38 7199 1 153896 7198 1.8 18 10 2 8 85% 138 2552 369 42%
c -  4.14  8 13 17 39 7202 1 160061 8288 1.8 18 10 2 8 86% 138 2552 369 42%
c ]  4.19  8 13 18 39 7203 1 162391 9576 1.8 18 10 2 8 86% 138 2552 369 42%
c {  4.19  8 15 18 39 7203 2 162391 9576 2.3 21 9 1 5 80% 138 2552 369 42%
c -  4.28  8 14 18 40 7227 2 166305 9501 2.3 21 9 1 5 81% 138 2552 369 42%
c -  4.43  8 14 18 41 7243 2 172632 11628 2.3 20 9 1 5 81% 138 2552 369 42%
c -  4.62  8 14 18 42 7243 2 179035 14436 2.4 21 9 1 5 81% 139 2552 369 42%
c o  4.68  8 13 18 42 7248 2 181033 16236 2.4 21 9 1 5 82% 139 2552 369 42%
c }  4.85  9 13 19 42 7252 2 184736 19656 2.5 21 8 1 5 82% 141 2552 369 42%
c [  4.85  9 13 19 42 7252 1 184736 19656 1.8 18 10 2 8 86% 141 2552 369 42%
c B  4.85  9 13 19 42 7252 1 184736 19656 1.8 18 10 2 8 86% 141 2552 369 42%
c -  4.87  8 13 19 43 7252 1 185515 16628 1.8 18 10 2 8 86% 141 2552 369 42%
c u  5.02  9 13 19 43 7257 1 191633 20477 1.8 18 10 2 8 86% 141 2552 369 42%
c v  5.04 10 13 19 43 7257 1 191633 20178 1.8 18 10 2 8 86% 141 2552 369 42%
c w  5.05 10 13 19 43 7257 1 191633 19143 1.8 18 10 2 8 86% 141 2552 369 42%
c x  5.06  9 13 19 43 7257 1 191633 19139 1.8 18 10 2 8 86% 143 2488 369 42%
c t  5.07  9 13 19 43 7257 1 191633 19139 1.8 18 10 2 8 86% 142 2488 369 42%
c -  5.08  9 13 19 44 7257 1 192072 13825 1.8 18 10 2 8 86% 142 2488 369 42%
c -  5.21  8 14 19 45 7260 1 198708 11093 1.8 19 10 2 8 86% 142 2488 369 42%
c -  5.34  8 14 19 46 7265 1 205418 9797 1.8 19 10 2 7 87% 142 2488 369 42%
c
c seconds   switched    rate         size/glue  tier1   binary      remaining
c        MB   reductions  conflicts        size   tier2   irredundant
c         level    restarts     redundant     glue   trail      variables
c
c -  5.47  8 13 19 47 7266 1 212201 9492 1.8 18 10 2 7 87% 142 2488 369 42%
c W  5.56  7 13 19 47 7266 1 216186 11981 1.8 18 10 2 7 87% 142 2488 369 42%
c -  5.61  7 13 19 48 7268 1 219057 9793 1.8 18 10 2 7 87% 142 2488 369 42%
c ]  5.67  8 13 20 48 7270 1 221942 11939 1.8 18 10 2 7 87% 142 2488 369 42%
c {  5.67  8 13 20 48 7270 2 221942 11939 2.5 21 8 1 5 82% 142 2488 369 42%
c -  5.79  8 13 20 49 8318 2 225985 10808 2.4 21 9 1 4 82% 142 2488 369 42%
c e  5.83  8 14 20 49 8704 2 227437 11966 2.4 21 9 1 4 82% 100 2834 321 37%
c s  5.83  8 14 20 49 8704 2 227437 11966 2.4 21 9 1 4 82% 101 2748 321 37%
c e  5.83  8 14 20 49 8704 2 227437 11966 2.4 21 9 1 4 82%  98 2772 318 36%
c ^  5.83  8 14 20 49 8704 2 227437 11966 2.4 21 9 1 4 82%  98 2772 318 36%
c -  5.98  8 14 20 50 9612 2 232988 8406 2.4 21 9 1 4 83%  98 2772 318 36%
c u  6.12  7 14 20 50 10699 2 237913 11773 2.3 21 9 1 4 83%  98 2772 318 36%
c v  6.14  8 14 20 50 10699 2 237913 11366 2.3 21 9 1 4 83%  99 2772 318 36%
c w  6.15  8 14 20 50 10699 2 237913 11259 2.3 21 9 1 4 83%  99 2772 318 36%
c x  6.16  8 14 20 50 10699 2 237913 11254 2.3 21 9 1 4 83% 100 2657 318 36%
c t  6.16  8 14 20 50 10699 2 237913 11254 2.3 21 9 1 4 83%  98 2657 318 36%
c -  6.23  8 14 20 51 11154 2 240059 8804 2.3 21 9 1 4 83%  98 2657 318 36%
c o  6.25  8 14 20 51 11372 2 241130 9635 2.3 21 9 1 4 83%  98 2657 318 36%
c -  6.39  8 14 20 52 11845 2 247200 9239 2.2 21 9 1 4 84%  98 2657 318 36%
c }  6.42  8 14 21 52 11845 2 248682 10016 2.2 21 9 1 4 84%  98 2657 318 36%
c
c seconds   switched     rate          size/glue  tier1   binary      remaining
c        MB   reductions   conflicts         size   tier2   irredundant
c         level    restarts       redundant     glue   trail      variables
c
c [  6.42  8 13 21 52 11845 1 248682 10016 1.8 18 10 2 7 87%  98 2657 318 36%
c I  6.47  8 13 21 52 11847 1 251538 11913 1.8 18 10 2 7 87%  98 2657 318 36%
c -  6.52  8 13 21 53 11849 1 254412 9823 1.8 18 10 2 7 87%  98 2657 318 36%
c -  6.66  8 13 21 54 11852 1 261692 9863 1.8 18 10 2 7 87%  98 2656 318 36%
c -  6.78  8 13 21 55 11857 1 269040 9750 1.8 18 10 2 7 87%  98 2656 318 36%
c -  6.92  8 13 21 56 11859 1 276456 9972 1.8 17 10 2 7 87%  98 2656 318 36%
c -  7.06  8 13 21 57 11862 1 283939 10249 1.7 17 10 2 7 87%  98 2656 318 36%
c ]  7.12  8 13 22 57 11864 1 287179 12109 1.7 17 10 2 7 87%  98 2656 318 36%
c {  7.12  8 14 22 57 11864 2 287179 12109 2.2 21 9 1 4 84%  98 2656 318 36%
c u  7.18  8 14 22 57 11864 2 289327 13012 2.2 20 9 1 4 84%  99 2656 318 36%
c v  7.20  8 14 22 57 11864 2 289327 12510 2.2 20 9 1 4 84%  99 2656 318 36%
c w  7.21  8 14 22 57 11864 2 289327 9741 2.2 20 9 1 4 84%  99 2656 318 36%
c x  7.22  8 14 22 57 11864 2 289327 9741 2.2 20 9 1 4 84%  99 2638 318 36%
c -  7.36  8 14 22 58 11934 2 291489 8121 2.2 20 9 1 4 84%  99 2638 318 36%
c -  7.52  8 13 22 59 12014 2 299105 9792 2.2 20 9 1 5 84% 100 2638 318 36%
c -  7.66  8 13 22 60 12158 2 306787 10914 2.1 19 9 1 5 85% 100 2638 318 36%
c o  7.76  8 13 22 60 12215 2 311700 14266 2.1 19 9 1 5 85% 100 2638 318 36%
c -  7.81  8 13 22 61 12349 2 314532 11166 2.1 19 9 1 5 85% 100 2638 318 36%
c }  7.87  8 13 23 61 12377 2 318695 14375 2.1 19 9 1 5 85% 100 2638 318 36%
c [  7.87  8 13 23 61 12377 1 318695 14375 1.7 17 10 2 7 87% 100 2638 318 36%
c
c seconds   switched     rate          size/glue  tier1   binary      remaining
c        MB   reductions   conflicts         size   tier2   irredundant
c         level    restarts       redundant     glue   trail      variables
c
c B  7.87  8 13 23 61 12377 1 318695 14375 1.7 17 10 2 7 87% 100 2638 318 36%
c -  7.95  8 13 23 62 12379 1 322343 12471 1.7 17 10 2 7 87% 100 2638 318 36%
c -  8.11  8 12 23 63 12383 1 330217 12484 1.7 16 10 2 7 86% 100 2638 318 36%
c -  8.28  8 12 23 64 12389 1 338155 12102 1.7 16 10 2 7 86% 101 2638 318 36%
c s  8.41  8 12 23 64 12391 1 344612 15905 1.7 16 9 2 7 86% 101 2622 318 36%
c e  8.42  7 12 23 64 12391 1 344612 15905 1.7 16 9 2 7 86%  65 3177 273 31%
c s  8.42  7 12 23 64 12391 1 344612 15905 1.7 16 9 2 7 86%  65 3003 273 31%
c e  8.42  7 12 23 64 12391 1 344612 15905 1.7 16 9 2 7 86%  59 3090 267 31%
c !  8.42  7 12 23 64 12391 1 344612 15905 1.7 16 9 2 7 86%  59 3090 267 31%
c ]  8.43  8 12 24 64 12391 1 345275 10725 1.7 16 9 2 7 86%  59 3090 267 31%
c {  8.43  8 13 24 64 12391 2 345275 10725 2.1 19 9 1 5 85%  59 3090 267 31%
c -  8.45  7 13 24 65 12563 2 346156 7666 2.1 19 9 1 5 85%  59 3090 267 31%
c u  8.47  7 13 24 65 12613 2 346372 7547 2.1 19 9 1 5 85%  59 3090 267 31%
c v  8.49  7 13 24 65 12613 2 346372 5289 2.1 19 9 1 5 85%  59 3090 267 31%
c w  8.51  7 13 24 65 12613 2 346372 4485 2.1 19 9 1 5 85%  59 3090 267 31%
c f  8.51  6 13 24 65 12613 2 346372 4485 2.1 19 9 1 5 85%  63 3027 270 31%
c u  8.51  7 13 24 65 12613 2 346372 4403 2.1 19 9 1 5 85%  63 3027 270 31%
c v  8.53  7 13 24 65 12613 2 346372 3708 2.1 19 9 1 5 85%  63 3027 270 31%
c w  8.54  7 13 24 65 12613 2 346372 3539 2.1 19 9 1 5 85%  63 3027 270 31%
c x  8.55  7 13 24 65 12613 2 346372 3533 2.1 19 9 1 5 85%  64 2908 270 31%
c
c seconds   switched     rate         size/glue tier1   binary      remaining
c        MB   reductions   conflicts        size  tier2   irredundant
c         level    restarts      redundant    glue   trail      variables
c
c -  8.71  8 13 24 66 12995 2 354218 8250 2.1 19 9 1 5 85%  64 2908 270 31%
c -  8.92  8 13 24 67 13353 2 362343 12920 2.2 20 9 1 5 86%  64 2908 270 31%
c -  9.11  9 13 24 68 13663 2 370529 15134 2.3 20 9 1 5 87%  65 2907 270 31%
c -  9.32  9 13 24 69 14239 2 378776 14676 2.3 20 9 1 5 87%  65 2906 270 31%
c }  9.41  9 13 25 69 14696 2 381953 17063 2.3 20 9 1 5 87%  65 2906 270 31%
c [  9.41  9 12 25 69 14696 1 381953 17063 1.7 16 9 2 7 86%  65 2906 270 31%
c W  9.41  8 12 25 69 14696 1 381953 17063 1.7 16 9 2 7 86%  65 2906 270 31%
c -  9.52  8 12 25 70 14699 1 387082 13132 1.7 16 9 2 7 87%  65 2906 270 31%
c o  9.65  8 12 25 70 14703 1 394268 18151 1.7 16 9 2 7 87%  65 2906 270 31%
c -  9.68  7 12 25 71 14704 1 395449 11903 1.7 16 9 2 7 87%  65 2906 270 31%
c -  9.85  7 12 25 72 14709 1 403875 11136 1.7 16 9 2 7 87%  65 2906 270 31%
c u  9.95  7 12 25 72 14710 1 408271 13228 1.7 16 9 2 7 87%  66 2906 270 31%
c v  9.98  8 12 25 72 14710 1 408271 12669 1.7 16 9 2 7 87%  66 2906 270 31%
c w  9.99  8 12 25 72 14710 1 408271 11147 1.7 16 9 2 7 87%  66 2906 270 31%
c x 10.00  8 12 25 72 14710 1 408271 11144 1.7 16 9 2 7 87%  67 2866 270 31%
c t 10.00  8 12 25 72 14710 1 408271 11144 1.7 16 9 2 7 87%  66 2866 270 31%
c - 10.08  8 12 25 73 14710 1 412361 9012 1.7 16 9 2 7 87%  66 2866 270 31%
c - 10.26  8 12 25 74 14715 1 420905 10053 1.7 17 9 2 7 87%  66 2866 270 31%
c ] 10.36  8 12 26 74 14717 1 425578 12828 1.7 16 9 2 7 87%  66 2866 270 31%
c { 10.36  8 13 26 74 14717 2 425578 12828 2.3 20 9 1 5 87%  66 2866 270 31%
c
c seconds   switched     rate          size/glue tier1   binary      remaining
c        MB   reductions   conflicts         size  tier2   irredundant
c         level    restarts       redundant    glue   trail      variables
c
c - 10.45  8 13 26 75 15078 2 429507 10730 2.2 20 9 1 5 87%  66 2866 270 31%
c - 10.66  8 12 26 76 15224 2 438170 12626 2.2 19 9 1 5 87%  67 2866 270 31%
c - 10.86  8 13 26 77 16326 2 446887 13919 2.1 19 9 1 5 87%  67 2866 270 31%
c - 11.05  8 12 26 78 16731 2 455662 13595 2.1 19 9 1 5 87%  67 2866 270 31%
c - 11.22  8 12 26 79 16731 2 464493 14030 2.1 18 9 1 5 87%  69 2866 270 31%
c } 11.29  8 12 27 79 16731 1 467796 16459 2.1 18 9 1 5 87%  71 2866 270 31%
c [ 11.29  8 12 27 79 16731 1 467796 16459 1.7 16 9 2 7 87%  71 2866 270 31%
c O 11.29  8 12 27 79 16731 1 467796 16459 1.7 16 9 2 7 87%  71 2866 270 31%
c - 11.42  8 12 27 80 16735 1 473381 14857 1.7 16 9 2 7 87%  71 2866 270 31%
c u 11.49  8 12 27 80 16737 1 476035 15933 1.7 16 9 2 7 87%  83 2866 270 31%
c v 11.52  8 12 27 80 16737 1 476035 15239 1.7 16 9 2 7 87%  89 2866 270 31%
c w 11.53  8 12 27 80 16737 1 476035 13552 1.7 16 9 2 7 87%  90 2866 270 31%
c x 11.54  8 12 27 80 16737 1 476035 13542 1.7 16 9 2 7 87%  96 2791 270 31%
c t 11.55  8 12 27 80 16737 1 476035 13542 1.7 16 9 2 7 87%  89 2791 270 31%
c - 11.66  8 12 27 81 16740 1 482326 11806 1.7 16 9 2 7 87%  89 2791 270 31%
c s 11.82  8 12 27 81 16744 1 490371 16723 1.7 16 9 2 7 87%  90 2774 270 31%
c e 11.82  8 12 27 81 16744 1 490371 16723 1.7 16 9 2 7 87%  70 2911 260 30%
c s 11.82  8 12 27 81 16744 1 490371 16723 1.7 16 9 2 7 87%  70 2868 260 30%
c o 11.82  8 12 27 81 16744 1 490371 13955 1.7 16 9 2 7 87%  70 2868 260 30%
c - 11.84  8 12 27 82 16744 1 491327 8684 1.7 16 9 2 6 87%  70 2868 260 30%
c
c seconds   switched     rate         size/glue tier1   binary      remaining
c        MB   reductions   conflicts        size  tier2   irredundant
c         level    restarts      redundant    glue   trail      variables
c
c - 12.01  8 12 27 83 16745 1 500382 9137 1.7 16 9 2 6 87%  70 2868 260 30%
c - 12.19  8 12 27 84 16752 1 509492 10084 1.7 16 9 2 6 87%  71 2868 260 30%
c ] 12.28  8 11 28 84 16754 1 514736 13290 1.7 16 9 2 6 87%  72 2868 260 30%
c { 12.28  8 12 28 84 16754 1 514736 13290 2.1 18 9 1 5 87%  72 2868 260 30%
c - 12.35  8 12 28 85 16759 1 518657 11572 2.1 18 8 1 5 87%  76 2868 260 30%
c i 12.36  8 12 28 85 16759 1 518953 11671 2.1 18 8 1 5 87%  83 2868 258 30%
c - 12.54  8 12 28 86 17260 1 527876 8897 2.0 17 8 1 5 87% 143 2868 258 30%
c i 12.61  8 11 28 86 17260 1 532122 11107 2.0 17 8 1 5 87% 155 2867 257 29%
c - 12.71  8 11 28 87 17327 1 537149 7958 2.0 17 8 1 5 87% 146 2867 257 29%
c i 12.76  8 11 28 87 17327 1 539866 9300 2.0 17 8 1 5 87% 153 2867 247 28%
c i 12.81  8 11 28 87 17327 1 542466 11103 2.0 16 8 1 5 87% 166 2867 246 28%
c } 12.85  8 11 28 87 17327 1 543931 12258 2.0 16 8 1 5 87% 181 2867 237 27%
c 0 12.85  8 11 28 87 17327 1 543931 12258 2.0 16 8 1 5 87% 181 2867 237 27%
c
c ---- [ result ] ------------------------------------------------------------
c
s UNSATISFIABLE
c
c ---- [ profiling ] ---------------------------------------------------------
c
c          11.69   90.97 %  search
c           6.06   47.17 %  focused
c           5.63   43.80 %  stable
c           1.14    8.88 %  simplify
c           1.11    8.67 %  probe
c           0.68    5.30 %  vivify
c           0.39    3.04 %  sweep
c           0.10    0.81 %  reduce
c           0.03    0.22 %  eliminate
c           0.02    0.16 %  substitute
c           0.02    0.14 %  preprocess
c           0.02    0.13 %  walking
c           0.02    0.12 %  factor
c           0.01    0.04 %  subsume
c           0.00    0.03 %  congruence
c           0.00    0.01 %  transitive
c           0.00    0.01 %  backbone
c           0.00    0.01 %  parse
c           0.00    0.00 %  lucky
c =============================================
c          12.85  100.00 %  total
c
c ---- [ statistics ] --------------------------------------------------------
c
c conflicts:                           543931            42330.39 per second
c congruent:                               34                4 %  variables
c decisions:                           724270                1.33 per conflict
c eliminated:                             591               68 %  variables
c factored:                                45                5 %  variables
c iterations:                               7                1 %  variables
c propagations:                      59246415          4610739    per second
c reductions:                              87             6252    interval
c reordered:                               10            54393    interval
c rephased:                                18            30218    interval
c restarts:                             17327               31    interval
c strengthened:                           820                0 %  checks
c substituted:                             60                7 %  variables
c subsumed:                               484                0 %  checks
c switched:                                28            19426    interval
c vivified:                             39447               41 %  checks
c walks:                                    6            90655    interval
c
c ---- [ glue usage ] --------------------------------------------------------
c
c focused glue 1 used 1950250 clauses 54.89% accumulated 54.89% tier1
c focused glue 2 used  786768 clauses 22.14% accumulated 77.04%
c focused glue 3 used  315224 clauses  8.87% accumulated 85.91%
c focused glue 4 used  142942 clauses  4.02% accumulated 89.93%
c focused glue 5 used   87531 clauses  2.46% accumulated 92.40% tier2
c
c stable glue 2 used 788524 clauses 20.66% accumulated 69.47% tier1
c stable glue 3 used 369533 clauses  9.68% accumulated 79.16%
c stable glue 4 used 200431 clauses  5.25% accumulated 84.41%
c stable glue 5 used 129479 clauses  3.39% accumulated 87.80%
c stable glue 6 used  97149 clauses  2.55% accumulated 90.35% tier2
c
c ---- [ resources ] ---------------------------------------------------------
c
c maximum-resident-set-size:        423927808 bytes        404 MB
c process-time:                            13s              12.85 seconds
c
c ---- [ shutting down ] -----------------------------------------------------
c
c exit 20
