c ---- [ banner ] ------------------------------------------------------------
c
c Kissat SAT Solver
c 
c Copyright (c) 2021-2024 Armin Biere University of Freiburg
c Copyright (c) 2019-2021 Armin Biere Johannes Kepler University Linz
c 
c Version 4.0.4 8af8e56f174b778aef3aa45af9f739b2a5f492c2
c gcc (GCC) 15.2.1 20260123 (Red Hat 15.2.1-7) -W -Wall -O3 -DNDEBUG
c Thu Apr 23 06:47:51 PM IST 2026 Linux krishnendu-LN 6.19.12-200.fc43.x86_64 x86_64
c
c ---- [ parsing ] -----------------------------------------------------------
c
c opened and reading DIMACS file:
c
c   /home/krishnendu/Research/fv-invariant-mining/data/circuits/cnf/miter_mult_9bit.cnf
c
c parsed 'p cnf 873 3299' header
c closing input after reading 48449 bytes (47 KB)
c finished parsing after 0.00 seconds
c
c ---- [ options ] -----------------------------------------------------------
c
c --decay=180                      (different from default '50')
c --eliminateeffort=1e3            (different from default '100')
c --stable=2                       (different from default '1')
c
c ---- [ solving ] -----------------------------------------------------------
c
c seconds switched rate     size/glue tier1  binary      remaining
c        MB reductions conflicts size  tier2   irredundant
c         level restarts redundant glue  trail       variables
c
c *  0.00  3 0 0 0  0 0   0   0 0.0 0 0 0 0 0% 1142 2155 870 100%
c (  0.00  3 0 0 0  0 0   0   0 0.0 0 0 0 0 0% 1142 2155 870 100%
c .  0.00  3 0 0 0  0 0   0   0 0.0 0 0 0 0 0% 1138 2155 870 100%
c c  0.00  3 0 0 0  0 0   0   0 0.0 0 0 0 0 0% 1186 2153 836 96%
c d  0.00  3 0 0 0  0 0   0   0 0.0 0 0 0 0 0% 1070 2153 836 96%
c =  0.02  3 0 0 0  0 0   0   0 0.0 0 0 0 0 0% 1084 2141 828 95%
c d  0.02  3 0 0 0  0 0   0   0 0.0 0 0 0 0 0% 1064 2141 828 95%
c f  0.02  4 0 0 0  0 0   0   0 0.0 0 0 0 0 0% 1040 2124 852 98%
c )  0.02  4 0 0 0  0 0   0   0 0.0 0 0 0 0 0% 1040 2124 852 98%
c [  0.02  4 0 0 0  0 0   0   0 0.0 0 0 2 6 0% 1040 2124 852 98%
c -  0.04  4 13 0 1  0 1 1001 737 3.3 25 7 4 9 90% 1049 2124 852 98%
c B  0.04  4 13 0 1  0 1 1001 737 3.3 25 7 4 9 90% 1049 2124 852 98%
c -  0.06  4 13 0 2  1 1 2001 1431 2.6 22 8 4 10 89% 1053 2124 852 98%
c W  0.06  4 13 0 2  1 1 2002 1432 2.6 22 8 4 10 89% 1053 2124 852 98%
c -  0.09  4 13 0 3  2 1 3416 1888 2.3 21 9 4 10 89% 1054 2124 852 98%
c u  0.09  4 13 0 3  2 1 3511 1890 2.3 21 9 4 10 89% 1059 2124 852 98%
c v  0.10  4 13 0 3  2 1 3511 1698 2.3 21 9 4 10 89% 1059 2124 852 98%
c w  0.10  4 13 0 3  2 1 3511 1616 2.3 21 9 4 10 89% 1059 2124 852 98%
c x  0.10  4 13 0 3  2 1 3511 1616 2.3 21 9 4 10 89% 1069 2074 852 98%
c =  0.12  4 13 0 3  2 1 3511 1616 2.3 21 9 4 10 89% 1099 2073 837 96%
c
c seconds  switched rate       size/glue tier1     binary      remaining
c        MB reductions conflicts     size  tier2     irredundant
c         level restarts  redundant    glue    trail       variables
c
c d  0.12  4 13 0 3  2 1 3511 1616 2.3 21 9 4 10 89% 1054 2073 837 96%
c t  0.12  4 13 0 3  2 1 3511 1616 2.3 21 9 4 10 89% 1048 2073 837 96%
c u  0.12  4 13 0 3  2 1 3511 1603 2.3 21 9 4 10 89% 1048 2073 837 96%
c v  0.13  4 13 0 3  2 1 3511 1528 2.3 21 9 4 10 89% 1048 2073 837 96%
c w  0.13  4 13 0 3  2 1 3511 1497 2.3 21 9 4 10 89% 1048 2073 837 96%
c x  0.13  4 13 0 3  2 1 3511 1497 2.3 21 9 4 10 89% 1048 2072 837 96%
c =  0.14  4 13 0 3  2 1 3511 1497 2.3 21 9 4 10 89% 1052 2070 835 96%
c d  0.14  4 13 0 3  2 1 3511 1497 2.3 21 9 4 10 89% 1047 2070 835 96%
c I  0.16  4 13 0 3  3 1 4261 2071 2.3 21 9 4 10 88% 1048 2070 835 96%
c -  0.17  4 14 0 4  3 1 5148 2317 2.3 21 9 4 10 88% 1052 2068 835 96%
c -  0.20  5 14 0 5  5 1 7149 3159 2.1 20 9 4 11 87% 1055 2068 835 96%
c B  0.22  5 14 0 5  5 1 8032 3899 2.1 20 10 4 11 87% 1056 2068 835 96%
c -  0.25  5 14 0 6  6 1 9386 3459 2.0 20 10 4 10 87% 1058 2068 835 96%
c u  0.28  4 14 0 6  6 1 10831 4337 2.0 19 10 4 10 87% 1065 2068 835 96%
c v  0.29  4 14 0 6  6 1 10831 4234 2.0 19 10 4 10 87% 1065 2068 835 96%
c w  0.29  5 14 0 6  6 1 10831 4223 2.0 19 10 4 10 87% 1065 2068 835 96%
c t  0.31  5 14 0 6  6 1 10831 4223 2.0 19 10 4 10 87% 1061 2068 835 96%
c o  0.31  5 14 0 6  6 1 10831 4223 2.0 19 10 4 10 87% 1061 2068 835 96%
c -  0.33  5 14 0 7  6 1 11836 3681 2.0 19 10 4 10 87% 1061 2068 835 96%
c W  0.37  5 14 0 7  8 1 13563 4983 1.9 20 10 4 10 88% 1062 2068 835 96%
c
c seconds  switched rate        size/glue  tier1     binary      remaining
c        MB reductions conflicts      size   tier2     irredundant
c         level restarts   redundant     glue    trail       variables
c
c -  0.39  5 14 0 8  9 1 14483 4034 1.9 20 10 4 10 88% 1065 2068 835 96%
c -  0.46  5 14 0 9 10 1 17311 4492 2.0 20 10 3 10 88% 1066 2068 835 96%
c s  0.47  5 14 0 9 11 1 17551 4696 2.0 20 10 3 10 88% 1067 2063 835 96%
c e  0.47  5 14 0 9 11 1 17551 4696 2.0 20 10 3 10 88% 341 2458 519 60%
c s  0.47  5 14 0 9 11 1 17551 4696 2.0 20 10 3 10 88% 343 2391 519 60%
c e  0.47  5 14 0 9 11 1 17551 4696 2.0 20 10 3 10 88% 325 2406 509 58%
c ^  0.47  5 14 0 9 11 1 17551 4696 2.0 20 10 3 10 88% 325 2406 509 58%
c -  0.52  5 14 0 10 12 1 20311 2594 1.9 20 10 3 10 88% 325 2406 509 58%
c O  0.54  5 14 0 10 13 1 21092 3128 1.9 20 10 3 10 88% 325 2406 509 58%
c o  0.54  5 14 0 10 13 1 21092 3128 1.9 20 10 3 10 88% 325 2406 509 58%
c u  0.56  5 14 0 10 13 1 22191 3679 1.9 20 10 3 10 88% 325 2406 509 58%
c v  0.57  5 14 0 10 13 1 22191 3481 1.9 20 10 3 10 88% 325 2406 509 58%
c w  0.57  5 14 0 10 13 1 22191 2671 1.9 20 10 3 10 88% 325 2406 509 58%
c x  0.57  5 14 0 10 13 1 22191 2669 1.9 20 10 3 10 88% 329 2324 509 58%
c t  0.57  5 14 0 10 13 1 22191 2669 1.9 20 10 3 10 88% 327 2324 509 58%
c f  0.57  5 14 0 10 13 1 22191 2669 1.9 20 10 3 10 88% 370 2229 531 61%
c u  0.58  5 14 0 10 13 1 22191 2650 1.9 20 10 3 10 88% 370 2229 531 61%
c v  0.58  5 14 0 10 13 1 22191 2409 1.9 20 10 3 10 88% 370 2229 531 61%
c w  0.59  5 14 0 10 13 1 22191 2379 1.9 20 10 3 10 88% 370 2229 531 61%
c x  0.59  5 14 0 10 13 1 22191 2379 1.9 20 10 3 10 88% 371 2224 531 61%
c
c seconds  switched  rate        size/glue  tier1    binary      remaining
c        MB  reductions conflicts      size   tier2    irredundant
c         level  restarts   redundant     glue    trail      variables
c
c =  0.62  5 14 0 10 13 1 22191 2379 1.9 20 10 3 10 88% 371 2220 530 61%
c -  0.64  5 14 0 11 13 1 23474 2451 1.9 20 10 3 10 88% 370 2220 530 61%
c -  0.71  5 14 0 12 14 1 26790 3616 1.9 20 10 3 10 88% 371 2220 530 61%
c -  0.78  5 14 0 13 14 1 30254 4562 1.9 20 10 3 10 88% 372 2220 530 61%
c B  0.80  5 14 0 13 14 1 30854 5010 1.9 20 10 3 10 88% 372 2220 530 61%
c -  0.86  6 14 0 14 15 1 33859 5237 1.9 20 10 3 10 88% 372 2220 530 61%
c e  0.89  6 14 0 14 17 1 35542 6425 1.9 20 10 3 10 88% 250 2405 454 52%
c s  0.89  6 14 0 14 17 1 35542 6425 1.9 20 10 3 10 88% 252 2370 454 52%
c e  0.89  6 14 0 14 17 1 35542 6425 1.9 20 10 3 10 88% 249 2373 452 52%
c ^  0.89  6 14 0 14 17 1 35542 6425 1.9 20 10 3 10 88% 249 2373 452 52%
c -  0.93  6 14 0 15 18 1 37600 3747 1.9 20 10 3 10 88% 249 2373 452 52%
c u  0.94  6 14 0 15 19 1 38347 4209 1.9 20 10 3 10 88% 249 2373 452 52%
c v  0.95  6 14 0 15 19 1 38347 3848 1.9 20 10 3 10 88% 249 2373 452 52%
c w  0.95  6 14 0 15 19 1 38347 3805 1.9 20 10 3 10 88% 249 2373 452 52%
c f  0.99  6 14 0 15 19 1 38347 3805 1.9 20 10 3 10 88% 255 2354 456 52%
c u  0.99  6 14 0 15 19 1 38347 3794 1.9 20 10 3 10 88% 255 2354 456 52%
c v  1.00  6 14 0 15 19 1 38347 3628 1.9 20 10 3 10 88% 255 2354 456 52%
c w  1.00  6 14 0 15 19 1 38347 3276 1.9 20 10 3 10 88% 255 2354 456 52%
c x  1.01  6 14 0 15 19 1 38347 3275 1.9 20 10 3 10 88% 258 2310 456 52%
c -  1.06  6 14 0 16 21 1 41474 4167 1.9 19 10 3 10 88% 258 2310 456 52%
c
c seconds  switched  rate        size/glue  tier1    binary      remaining
c        MB  reductions conflicts      size   tier2    irredundant
c         level  restarts   redundant     glue    trail      variables
c
c W  1.08  6 14 0 16 21 1 43078 5416 1.9 19 10 3 10 87% 258 2310 456 52%
c o  1.08  6 14 0 16 21 1 43078 5416 1.9 19 10 3 10 87% 258 2310 456 52%
c -  1.13  6 14 0 17 22 1 45476 5203 1.9 19 10 3 10 88% 258 2310 456 52%
c -  1.20  6 14 0 18 25 1 49599 6112 1.9 19 10 3 10 88% 259 2310 456 52%
c -  1.29  6 14 0 19 28 1 53841 7160 1.9 19 10 3 10 88% 259 2310 456 52%
c I  1.38  6 14 0 19 29 1 57983 9732 1.8 19 10 3 10 87% 259 2310 456 52%
c -  1.38  6 14 0 20 29 1 58200 7279 1.8 19 10 3 9 87% 259 2310 456 52%
c u  1.40  7 14 0 20 29 1 59182 7771 1.8 19 10 3 9 87% 259 2310 456 52%
c v  1.41  7 14 0 20 29 1 59182 7553 1.8 19 10 3 9 87% 259 2310 456 52%
c w  1.42  7 14 0 20 29 1 59182 7397 1.8 19 10 3 9 87% 259 2310 456 52%
c x  1.42  7 14 0 20 29 1 59182 7397 1.8 19 10 3 9 87% 259 2309 456 52%
c =  1.47  7 14 0 20 29 1 59182 7397 1.8 19 10 3 9 87% 265 2301 453 52%
c d  1.47  7 14 0 20 29 1 59182 7205 1.8 19 10 3 9 87% 258 2301 453 52%
c t  1.47  7 14 0 20 29 1 59182 7205 1.8 19 10 3 9 87% 257 2301 453 52%
c u  1.47  7 14 0 20 29 1 59182 7167 1.8 19 10 3 9 87% 257 2301 453 52%
c v  1.49  7 14 0 20 29 1 59182 6829 1.8 19 10 3 9 87% 257 2301 453 52%
c w  1.49  7 14 0 20 29 1 59182 6293 1.8 19 10 3 9 87% 257 2301 453 52%
c -  1.59  7 14 0 21 29 1 62672 6400 1.8 19 10 3 9 87% 258 2301 453 52%
c -  1.66  7 14 0 22 30 1 67257 6097 1.8 19 10 3 9 87% 258 2301 453 52%
c -  1.74  7 14 0 23 30 1 71947 6578 1.8 19 10 3 9 87% 259 2301 453 52%
c
c seconds  switched  rate        size/glue  tier1   binary      remaining
c        MB  reductions conflicts      size   tier2   irredundant
c         level  restarts   redundant     glue   trail      variables
c
c s  1.79  7 13 0 23 30 1 74817 8611 1.8 18 10 3 9 87% 259 2300 453 52%
c e  1.79  7 13 0 23 30 1 74817 8611 1.8 18 10 3 9 87% 212 2409 416 48%
c s  1.79  7 13 0 23 30 1 74817 8611 1.8 18 10 3 9 87% 212 2399 416 48%
c ^  1.79  7 13 0 23 30 1 74817 8611 1.8 18 10 3 9 87% 212 2399 416 48%
c o  1.79  7 13 0 23 30 1 74817 5470 1.8 18 10 3 9 87% 212 2399 416 48%
c B  1.80  7 13 0 23 30 1 75785 6266 1.8 18 10 3 9 87% 212 2399 416 48%
c -  1.82  7 14 0 24 30 1 76742 5130 1.8 18 10 3 9 87% 213 2398 416 48%
c -  1.90  7 14 0 25 30 1 81640 6771 1.8 19 10 3 9 87% 213 2398 416 48%
c u  1.97  6 14 0 25 33 1 84833 9129 1.8 19 10 3 9 87% 215 2398 416 48%
c v  1.98  6 14 0 25 33 1 84833 8996 1.8 19 10 3 9 87% 215 2398 416 48%
c w  1.99  8 14 0 25 33 1 84833 8937 1.8 19 10 3 9 87% 215 2398 416 48%
c x  1.99  8 14 0 25 33 1 84833 8937 1.8 19 10 3 9 87% 215 2381 416 48%
c t  1.99  8 14 0 25 33 1 84833 8937 1.8 19 10 3 9 87% 214 2381 416 48%
c -  2.03  7 14 0 26 34 1 86641 6799 1.8 19 10 3 9 87% 214 2381 416 48%
c -  2.12  7 14 0 27 37 1 91741 7439 1.8 18 10 3 9 86% 214 2381 416 48%
c W  2.23  6 13 0 27 39 1 96697 10613 1.8 18 10 3 9 86% 214 2381 416 48%
c -  2.24  6 14 0 28 40 1 96938 8185 1.8 18 10 3 9 86% 214 2381 416 48%
c -  2.34  7 13 0 29 43 1 102230 8556 1.8 18 10 3 9 86% 214 2381 416 48%
c -  2.44  7 13 0 30 45 1 107616 8585 1.8 18 10 3 9 86% 214 2381 416 48%
c -  2.54  8 13 0 31 45 1 113093 9191 1.8 18 10 3 9 86% 214 2381 416 48%
c
c seconds  switched  rate          size/glue  tier1   binary      remaining
c        MB  reductions conflicts        size   tier2   irredundant
c         level  restarts     redundant     glue   trail      variables
c
c u  2.59  8 13 0 31 46 1 115394 10279 1.8 18 10 3 9 86% 214 2381 416 48%
c v  2.61  8 13 0 31 46 1 115394 9646 1.8 18 10 3 9 86% 214 2381 416 48%
c w  2.61  8 13 0 31 46 1 115394 8491 1.8 18 10 3 9 86% 214 2381 416 48%
c o  2.68  8 13 0 31 46 1 115394 8491 1.8 18 10 3 9 86% 214 2381 416 48%
c -  2.74  7 13 0 32 48 1 118661 7926 1.8 18 10 3 9 86% 214 2381 416 48%
c O  2.77  7 13 0 32 50 1 120922 9449 1.8 18 10 3 9 86% 214 2381 416 48%
c -  2.83  7 13 0 33 52 1 124317 8298 1.7 18 10 3 9 86% 215 2381 416 48%
c -  2.95  7 13 0 34 55 1 130062 8300 1.7 18 10 3 9 86% 215 2381 416 48%
c -  3.08  7 13 0 35 58 1 135893 7941 1.7 18 10 3 9 86% 215 2381 416 48%
c e  3.12  7 13 0 35 59 1 138119 9579 1.7 18 10 3 9 86% 159 2565 378 43%
c s  3.12  7 13 0 35 59 1 138119 9579 1.7 18 10 3 9 86% 161 2508 378 43%
c e  3.12  7 13 0 35 59 1 138119 9579 1.7 18 10 3 9 86% 159 2516 376 43%
c ^  3.12  7 13 0 35 59 1 138119 9579 1.7 18 10 3 9 86% 159 2516 376 43%
c -  3.19  7 13 0 36 60 1 141810 6189 1.7 18 10 3 9 86% 160 2516 376 43%
c -  3.28  7 13 0 37 60 1 147810 7441 1.7 18 10 3 9 86% 161 2516 376 43%
c B  3.29  7 13 0 37 61 1 148663 8184 1.7 18 10 3 9 86% 161 2516 376 43%
c u  3.35  7 13 0 37 61 1 151107 9522 1.7 18 10 3 9 86% 161 2516 376 43%
c v  3.37  7 13 0 37 61 1 151107 8911 1.7 18 10 3 9 86% 161 2516 376 43%
c w  3.38  8 13 0 37 61 1 151107 7636 1.7 18 10 3 9 86% 161 2516 376 43%
c t  3.38  8 13 0 37 61 1 151107 7636 1.7 18 10 3 9 86% 160 2516 376 43%
c
c seconds  switched  rate         size/glue  tier1   binary      remaining
c        MB  reductions conflicts       size   tier2   irredundant
c         level  restarts    redundant     glue   trail      variables
c
c -  3.43  7 13 0 38 61 1 153892 6764 1.7 18 10 3 9 86% 160 2516 376 43%
c -  3.56  7 13 0 39 61 1 160057 7646 1.7 18 10 3 9 86% 160 2516 376 43%
c -  3.67  8 13 0 40 62 1 166301 8026 1.7 18 10 3 8 86% 160 2516 376 43%
c -  3.81  7 13 0 41 62 1 172626 8189 1.7 17 10 3 8 86% 160 2516 376 43%
c -  3.95  7 13 0 42 62 1 179031 9036 1.7 17 10 3 8 86% 160 2516 376 43%
c W  3.97  7 13 0 42 62 1 180113 9731 1.7 17 10 3 8 86% 160 2516 376 43%
c o  3.97  7 13 0 42 62 1 180113 9731 1.7 17 10 3 8 86% 160 2516 376 43%
c -  4.07  7 13 0 43 62 1 185512 9695 1.7 17 10 2 8 86% 160 2516 376 43%
c u  4.19  8 13 0 43 62 1 191870 14003 1.7 17 10 2 8 86% 160 2516 376 43%
c v  4.21  8 13 0 43 62 1 191870 13656 1.7 17 10 2 8 86% 160 2516 376 43%
c w  4.22  8 13 0 43 62 1 191870 12361 1.7 17 10 2 8 86% 160 2516 376 43%
c x  4.22  7 13 0 43 62 1 191870 12359 1.7 17 10 2 8 86% 161 2454 376 43%
c t  4.23  7 13 0 43 62 1 191870 12359 1.7 17 10 2 8 86% 160 2454 376 43%
c -  4.23  8 13 0 44 62 1 192069 8611 1.7 17 10 2 8 86% 160 2454 376 43%
c -  4.35  7 13 0 45 64 1 198702 9216 1.7 17 10 2 8 86% 160 2454 376 43%
c -  4.47  8 13 0 46 68 1 205410 9799 1.7 17 10 2 8 86% 160 2454 376 43%
c -  4.59  8 13 0 47 72 1 212193 10207 1.7 17 10 2 8 86% 160 2454 376 43%
c I  4.64  8 13 0 47 74 1 215464 12503 1.7 17 10 2 8 86% 160 2454 376 43%
c -  4.71  8 13 0 48 76 1 219048 9161 1.7 17 10 2 8 86% 160 2454 376 43%
c -  4.85  8 13 0 49 77 1 225978 9181 1.7 17 10 2 8 86% 160 2454 376 43%
c
c seconds  switched  rate          size/glue  tier1   binary      remaining
c        MB  reductions conflicts        size   tier2   irredundant
c         level  restarts     redundant     glue   trail      variables
c
c s  4.88  8 13 0 49 77 1 227700 10283 1.7 17 10 2 8 86% 160 2450 376 43%
c e  4.88  7 13 0 49 77 1 227700 10283 1.7 17 10 2 8 86%  98 2945 309 35%
c s  4.88  7 13 0 49 77 1 227700 10283 1.7 17 10 2 8 86%  98 2826 309 35%
c e  4.88  7 13 0 49 77 1 227700 10283 1.7 17 10 2 8 86%  95 2858 305 35%
c ^  4.88  7 13 0 49 77 1 227700 10283 1.7 17 10 2 8 86%  95 2858 305 35%
c -  4.97  7 13 0 50 80 1 232979 5751 1.7 17 10 2 8 86%  95 2858 305 35%
c u  5.07  7 13 0 50 83 1 238197 9008 1.7 17 10 2 8 86%  95 2858 305 35%
c v  5.09  7 13 0 50 83 1 238197 8070 1.7 17 10 2 8 86%  95 2858 305 35%
c w  5.11  8 13 0 50 83 1 238197 7452 1.7 17 10 2 8 86%  95 2858 305 35%
c -  5.23  7 13 0 51 84 1 240051 5876 1.7 17 10 2 8 86%  95 2858 305 35%
c -  5.35  7 13 0 52 88 1 247192 7271 1.7 17 10 2 8 86%  95 2858 305 35%
c -  5.48  8 13 0 53 91 1 254404 8018 1.7 17 10 2 8 86%  95 2858 305 35%
c B  5.49  8 13 0 53 91 1 254905 8316 1.7 17 10 2 8 86%  95 2858 305 35%
c o  5.49  8 13 0 53 91 1 254905 8316 1.7 17 10 2 8 86%  95 2858 305 35%
c -  5.63  7 13 0 54 92 1 261685 8718 1.7 17 10 2 8 86%  95 2858 305 35%
c -  5.78  8 13 0 55 93 1 269033 8993 1.7 17 10 2 8 86%  95 2858 305 35%
c -  5.92  8 13 0 56 93 1 276449 9386 1.7 17 10 2 8 86%  95 2858 305 35%
c -  6.07  8 13 0 57 97 1 283934 9400 1.7 17 10 2 8 86%  95 2858 305 35%
c u  6.17  8 12 0 57 100 1 289013 11730 1.7 17 10 2 8 86%  96 2858 305 35%
c v  6.19  8 12 0 57 100 1 289013 11105 1.7 17 10 2 8 86%  96 2858 305 35%
c
c seconds  switched   rate         size/glue  tier1   binary      remaining
c        MB  reductions conflicts        size   tier2   irredundant
c         level  restarts     redundant     glue   trail      variables
c
c w  6.20  8 12 0 57 100 1 289013 8655 1.7 17 10 2 8 86%  96 2858 305 35%
c x  6.20  7 12 0 57 100 1 289013 8653 1.7 17 10 2 8 86%  99 2734 305 35%
c t  6.20  7 12 0 57 100 1 289013 8653 1.7 17 10 2 8 86%  98 2734 305 35%
c -  6.26  8 12 0 58 100 1 291483 7262 1.7 17 10 2 8 86%  98 2734 305 35%
c W  6.41  7 12 0 58 106 1 298617 11597 1.7 17 10 2 8 86%  99 2734 305 35%
c -  6.42  7 12 0 59 106 1 299099 9715 1.7 17 10 2 8 86%  99 2734 305 35%
c -  6.58  8 12 0 60 108 1 306780 10407 1.7 17 10 2 8 86%  99 2734 305 35%
c -  6.73  8 12 0 61 110 1 314526 9234 1.7 17 10 2 8 86%  99 2734 305 35%
c -  6.87  8 12 0 62 115 1 322336 9721 1.7 17 10 2 8 86%  99 2734 305 35%
c -  7.01  8 12 0 63 120 1 330211 10373 1.7 17 10 2 8 86%  99 2734 305 35%
c -  7.18  8 12 0 64 123 1 338149 10472 1.7 17 10 2 8 86%  99 2734 305 35%
c s  7.30  8 12 0 64 123 1 344316 14240 1.7 17 10 2 8 86%  99 2729 305 35%
c e  7.30  8 12 0 64 123 1 344316 14240 1.7 17 10 2 8 86%  66 3190 271 31%
c s  7.30  8 12 0 64 123 1 344316 14240 1.7 17 10 2 8 86%  66 3067 271 31%
c e  7.30  8 12 0 64 123 1 344316 14240 1.7 17 10 2 8 86%  64 3124 267 31%
c !  7.30  8 12 0 64 123 1 344316 14240 1.7 17 10 2 8 86%  64 3124 267 31%
c o  7.30  8 12 0 64 123 1 344316 10140 1.7 17 10 2 8 86%  64 3124 267 31%
c u  7.34  8 12 0 64 124 1 345732 10352 1.7 17 10 2 8 86%  64 3124 267 31%
c v  7.36  8 12 0 64 124 1 345732 9399 1.7 17 10 2 8 86%  64 3124 267 31%
c w  7.37  8 12 0 64 124 1 345732 7233 1.7 17 10 2 8 86%  64 3124 267 31%
c
c seconds  switched   rate         size/glue  tier1   binary      remaining
c        MB  reductions conflicts        size   tier2   irredundant
c         level  restarts     redundant     glue   trail      variables
c
c x  7.38  7 12 0 64 124 1 345732 7229 1.7 17 10 2 8 86%  65 3000 267 31%
c t  7.38  7 12 0 64 124 1 345732 7229 1.7 17 10 2 8 86%  64 3000 267 31%
c f  7.38  7 12 0 64 124 1 345732 7229 1.7 17 10 2 8 86%  65 2979 268 31%
c u  7.39  8 12 0 64 124 1 345732 7129 1.7 17 10 2 8 86%  65 2979 268 31%
c v  7.42  8 12 0 64 124 1 345732 6033 1.7 17 10 2 8 86%  65 2979 268 31%
c w  7.43  8 12 0 64 124 1 345732 5617 1.7 17 10 2 8 86%  65 2979 268 31%
c x  7.43  8 12 0 64 124 1 345732 5617 1.7 17 10 2 8 86%  65 2956 268 31%
c -  7.44  7 12 0 65 124 1 346150 4676 1.7 17 10 2 8 86%  65 2956 268 31%
c O  7.45  7 12 0 65 124 1 346778 5036 1.7 17 10 2 8 86%  65 2956 268 31%
c -  7.57  7 12 0 66 124 1 354212 7169 1.7 17 10 2 8 86%  65 2956 268 31%
c -  7.72  8 12 0 67 125 1 362336 8884 1.7 17 10 2 8 86%  65 2956 268 31%
c -  7.87  8 12 0 68 125 1 370521 10194 1.7 16 10 2 8 86%  65 2956 268 31%
c -  8.04  8 12 0 69 125 1 378767 11225 1.7 16 10 2 8 86%  65 2956 268 31%
c -  8.18  8 12 0 70 125 1 387073 13209 1.7 16 9 2 8 86%  67 2956 268 31%
c -  8.34  8 12 0 71 126 1 395440 12886 1.7 16 9 2 7 86%  69 2956 268 31%
c i  8.36  8 12 0 71 126 1 396269 13256 1.7 16 9 2 7 86%  79 2956 265 30%
c B  8.43  8 12 0 71 126 1 399565 15795 1.7 16 9 2 7 85%  80 2956 265 30%
c -  8.51  7 12 0 72 126 1 403867 6882 1.7 16 9 2 7 85%  64 2956 265 30%
c u  8.59  7 12 0 72 126 1 407463 8468 1.7 16 9 2 7 85% 109 2735 265 30%
c v  8.63  7 12 0 72 126 1 407463 7528 1.7 16 9 2 7 85% 109 2735 265 30%
c
c seconds  switched   rate         size/glue tier1   binary      remaining
c        MB  reductions conflicts        size  tier2   irredundant
c         level  restarts     redundant    glue   trail      variables
c
c w  8.64  7 12 0 72 126 1 407463 7217 1.7 16 9 2 7 85% 109 2735 265 30%
c =  8.76  7 12 0 72 126 1 407463 7217 1.7 16 9 2 7 85% 114 2720 263 30%
c d  8.76  7 12 0 72 126 1 407463 7031 1.7 16 9 2 7 85% 107 2720 263 30%
c t  8.77  7 12 0 72 126 1 407463 7031 1.7 16 9 2 7 85%  98 2720 263 30%
c u  8.78  7 12 0 72 126 1 407463 6766 1.7 16 9 2 7 85%  98 2720 263 30%
c v  8.80  7 12 0 72 126 1 407463 6357 1.7 16 9 2 7 85%  98 2720 263 30%
c w  8.81  7 12 0 72 126 1 407463 5763 1.7 16 9 2 7 85%  98 2720 263 30%
c x  8.82  7 12 0 72 126 1 407463 5761 1.7 16 9 2 7 85% 113 2562 263 30%
c t  8.82  7 12 0 72 126 1 407463 5761 1.7 16 9 2 7 85% 102 2562 263 30%
c -  8.90  7 12 0 73 126 1 412353 6827 1.7 16 9 2 7 85% 102 2562 263 30%
c -  9.05  8 11 0 74 126 1 420897 9049 1.7 15 9 2 7 85% 102 2562 263 30%
c i  9.17  8 11 0 74 126 1 427878 12748 1.7 15 9 2 7 85% 115 2562 262 30%
c o  9.17  8 11 0 74 126 1 427878 12748 1.7 15 9 2 7 85% 115 2562 262 30%
c -  9.20  7 11 0 75 126 1 429501 6077 1.7 15 9 2 7 85% 102 2562 262 30%
c -  9.36  7 11 0 76 126 1 438163 8537 1.7 15 9 2 7 85% 103 2562 262 30%
c i  9.50  8 11 0 76 126 1 445975 12358 1.7 15 9 2 7 85% 115 2562 257 29%
c -  9.51  7 11 0 77 126 1 446881 4875 1.7 15 9 2 7 85%  94 2562 257 29%
c i  9.61  7 11 0 77 126 1 453175 8629 1.7 14 9 2 7 85% 100 2562 256 29%
c -  9.65  7 11 0 78 126 1 455656 5947 1.7 14 9 2 7 85%  91 2562 256 29%
c W  9.69  7 11 0 78 126 1 457149 6763 1.7 14 8 2 7 85%  91 2121 256 29%
c
c seconds  switched   rate         size/glue tier1   binary      remaining
c        MB  reductions conflicts        size  tier2   irredundant
c         level  restarts     redundant    glue   trail      variables
c
c i  9.73  7 11 0 78 126 1 459727 8118 1.7 14 8 2 7 85% 102 2121 253 29%
c i  9.76  7 11 0 78 127 1 460818 8859 1.7 14 8 2 7 85% 111 2121 252 29%
c i  9.76  7 11 0 78 127 1 461263 9092 1.7 14 8 2 7 85% 116 2120 251 29%
c i  9.77  7 11 0 78 128 1 461764 9366 1.7 14 8 2 7 85% 120 2120 237 27%
c i  9.78  7 11 0 78 128 1 461790 9370 1.7 14 8 2 7 85% 125 2120 232 27%
c i  9.78  7 11 0 78 128 1 461795 9374 1.7 14 8 2 7 85% 125 2120 231 26%
c i  9.78  7 11 0 78 128 1 461821 9376 1.7 14 8 2 7 85% 128 2120 230 26%
c i  9.78  7 11 0 78 128 1 461831 9376 1.7 14 8 2 7 85% 132 2120 228 26%
c i  9.78  7 11 0 78 128 1 461841 9377 1.7 14 8 2 7 85% 135 2120 227 26%
c i  9.78  7 11 0 78 128 1 461847 9377 1.7 14 8 2 7 85% 138 2120 121 14%
c i  9.78  7 11 0 78 128 1 461848 9377 1.7 14 8 2 7 85% 138 2120 59 7%
c ]  9.78  7 11 0 78 128 1 461850 9377 1.7 14 8 2 7 85% 138 2120  0 0%
c 0  9.78  7 0 0 78 128 0 461850 9377 0.0 0 0 2 6 0% 138 2120  0 0%
c
c ---- [ result ] ------------------------------------------------------------
c
s UNSATISFIABLE
c
c ---- [ profiling ] ---------------------------------------------------------
c
c           8.63   88.25 %  search
c           8.63   88.25 %  stable
c           1.13   11.56 %  simplify
c           1.11   11.30 %  probe
c           0.58    5.98 %  vivify
c           0.48    4.93 %  sweep
c           0.08    0.79 %  reduce
c           0.02    0.25 %  eliminate
c           0.02    0.19 %  walking
c           0.02    0.19 %  preprocess
c           0.02    0.18 %  substitute
c           0.01    0.15 %  factor
c           0.00    0.04 %  subsume
c           0.00    0.04 %  congruence
c           0.00    0.02 %  transitive
c           0.00    0.01 %  backbone
c           0.00    0.00 %  lucky
c           0.00    0.00 %  parse
c =============================================
c           9.78  100.00 %  total
c
c ---- [ statistics ] --------------------------------------------------------
c
c conflicts:                           461850            47231.77 per second
c congruent:                               34                4 %  variables
c decisions:                           511509                1.11 per conflict
c eliminated:                             590               68 %  variables
c factored:                                51                6 %  variables
c iterations:                              16                2 %  variables
c propagations:                      51225854          5238688    per second
c reductions:                              78             5921    interval
c reordered:                                9            51317    interval
c rephased:                                20            23092    interval
c restarts:                               128             3608    interval
c strengthened:                           690                0 %  checks
c substituted:                             63                7 %  variables
c subsumed:                               419                0 %  checks
c switched:                                 0                0    interval
c vivified:                             40770               44 %  checks
c walks:                                    7            65979    interval
c
c ---- [ glue usage ] --------------------------------------------------------
c
c stable glue 2   used 1086872 clauses 21.31% accumulated 57.20% tier1
c stable glue 3   used  755354 clauses 14.81% accumulated 72.01%
c stable glue 4-5 used  661429 clauses 12.97% accumulated 84.97%
c stable glue 6   used  167688 clauses  3.29% accumulated 88.26%
c stable glue 7   used  130778 clauses  2.56% accumulated 90.82% tier2
c
c ---- [ resources ] ---------------------------------------------------------
c
c maximum-resident-set-size:        424259584 bytes        405 MB
c process-time:                            10s               9.78 seconds
c
c ---- [ shutting down ] -----------------------------------------------------
c
c exit 20
