c ---- [ banner ] ------------------------------------------------------------
c
c Kissat SAT Solver
c 
c Copyright (c) 2021-2024 Armin Biere University of Freiburg
c Copyright (c) 2019-2021 Armin Biere Johannes Kepler University Linz
c 
c Version 4.0.4 8af8e56f174b778aef3aa45af9f739b2a5f492c2
c gcc (GCC) 15.2.1 20260123 (Red Hat 15.2.1-7) -W -Wall -O3 -DNDEBUG
c Thu Apr 23 06:47:51 PM IST 2026 Linux krishnendu-LN 6.19.12-200.fc43.x86_64 x86_64
c
c ---- [ parsing ] -----------------------------------------------------------
c
c opened and reading DIMACS file:
c
c   /home/krishnendu/Research/fv-invariant-mining/data/circuits/cnf/miter_mult_10bit.cnf
c
c parsed 'p cnf 1113 4205' header
c closing input after reading 64864 bytes (63 KB)
c finished parsing after 0.00 seconds
c
c ---- [ options ] -----------------------------------------------------------
c
c --decay=180                      (different from default '50')
c --eliminateeffort=1e3            (different from default '100')
c --stable=2                       (different from default '1')
c
c ---- [ solving ] -----------------------------------------------------------
c
c seconds switched rate     size/glue tier1  binary       remaining
c        MB reductions conflicts size  tier2   irredundant
c         level restarts redundant glue  trail       variables
c
c *  0.00  3 0 0 0  0 0   0   0 0.0 0 0 0 0 0% 1458 2745 1110 100%
c (  0.00  3 0 0 0  0 0   0   0 0.0 0 0 0 0 0% 1458 2745 1110 100%
c .  0.00  3 0 0 0  0 0   0   0 0.0 0 0 0 0 0% 1454 2745 1110 100%
c c  0.00  3 0 0 0  0 0   0   0 0.0 0 0 0 0 0% 1518 2743 1067 96%
c d  0.00  3 0 0 0  0 0   0   0 0.0 0 0 0 0 0% 1368 2743 1067 96%
c =  0.02  3 0 0 0  0 0   0   0 0.0 0 0 0 0 0% 1372 2736 1064 96%
c d  0.02  3 0 0 0  0 0   0   0 0.0 0 0 0 0 0% 1367 2736 1064 96%
c f  0.02  4 0 0 0  0 0   0   0 0.0 0 0 0 0 0% 1339 2718 1086 98%
c )  0.02  4 0 0 0  0 0   0   0 0.0 0 0 0 0 0% 1339 2718 1086 98%
c [  0.02  4 0 0 0  0 0   0   0 0.0 0 0 2 6 0% 1339 2718 1086 98%
c -  0.04  4 16 0 1  0 1 1000 813 4.1 33 8 3 10 86% 1345 2718 1086 98%
c B  0.04  4 16 0 1  0 1 1002 815 4.1 33 8 3 10 86% 1345 2718 1086 98%
c -  0.07  4 18 0 2  1 1 2002 1453 2.7 29 11 3 13 81% 1351 2718 1086 98%
c W  0.07  4 18 0 2  1 1 2005 1456 2.7 29 11 3 13 81% 1351 2718 1086 98%
c u  0.10  4 18 0 2  2 1 3372 2410 2.3 26 12 3 14 84% 1351 2718 1086 98%
c v  0.10  4 18 0 2  2 1 3372 2271 2.3 26 12 3 14 84% 1351 2718 1086 98%
c w  0.11  5 18 0 2  2 1 3372 2185 2.3 26 12 3 14 84% 1351 2718 1086 98%
c x  0.11  5 18 0 2  2 1 3372 2185 2.3 26 12 3 14 84% 1365 2678 1086 98%
c =  0.12  5 18 0 2  2 1 3372 2185 2.3 26 12 3 14 84% 1395 2671 1071 96%
c d  0.12  5 18 0 2  2 1 3372 2185 2.3 26 12 3 14 84% 1350 2671 1071 96%
c
c seconds  switched rate       size/glue  tier1     binary       remaining
c        MB reductions conflicts     size   tier2     irredundant
c         level restarts  redundant     glue    trail       variables
c
c t  0.12  5 18 0 2  2 1 3372 2185 2.3 26 12 3 14 84% 1342 2671 1071 96%
c f  0.12  5 18 0 2  2 1 3372 2185 2.3 26 12 3 14 84% 1338 2671 1075 97%
c u  0.12  5 18 0 2  2 1 3372 2173 2.3 26 12 3 14 84% 1338 2671 1075 97%
c v  0.13  5 18 0 2  2 1 3372 2114 2.3 26 12 3 14 84% 1338 2671 1075 97%
c w  0.13  5 18 0 2  2 1 3372 2030 2.3 26 12 3 14 84% 1338 2671 1075 97%
c =  0.15  5 18 0 2  2 1 3372 2030 2.3 26 12 3 14 84% 1342 2671 1073 96%
c d  0.15  5 18 0 2  2 1 3372 2030 2.3 26 12 3 14 84% 1336 2671 1073 96%
c -  0.15  5 18 0 3  2 1 3416 1571 2.3 26 12 3 14 84% 1336 2671 1073 96%
c I  0.17  5 18 0 3  3 1 4265 2313 2.2 26 12 4 14 85% 1336 2671 1073 96%
c -  0.18  5 18 0 4  3 1 5148 2542 2.1 25 12 4 14 84% 1342 2671 1073 96%
c -  0.21  5 18 0 5  5 1 7149 3420 2.0 23 11 5 13 83% 1345 2671 1073 96%
c B  0.23  5 17 0 5  5 1 8038 4091 2.0 23 11 5 13 83% 1346 2671 1073 96%
c -  0.26  6 17 0 6  6 1 9385 4054 1.9 22 12 5 13 84% 1347 2671 1073 96%
c u  0.28  5 17 0 6  6 1 10398 4836 1.9 22 12 5 13 84% 1355 2671 1073 96%
c v  0.29  5 17 0 6  6 1 10398 4647 1.9 22 12 5 13 84% 1355 2671 1073 96%
c w  0.29  5 17 0 6  6 1 10398 4642 1.9 22 12 5 13 84% 1355 2671 1073 96%
c =  0.30  5 17 0 6  6 1 10398 4642 1.9 22 12 5 13 84% 1367 2667 1067 96%
c d  0.30  5 17 0 6  6 1 10398 4639 1.9 22 12 5 13 84% 1350 2667 1067 96%
c t  0.30  5 17 0 6  6 1 10398 4639 1.9 22 12 5 13 84% 1347 2667 1067 96%
c u  0.30  5 17 0 6  6 1 10398 4615 1.9 22 12 5 13 84% 1347 2667 1067 96%
c
c seconds  switched rate        size/glue  tier1     binary       remaining
c        MB reductions conflicts      size   tier2     irredundant
c         level restarts   redundant     glue    trail       variables
c
c v  0.31  5 17 0 6  6 1 10398 4553 1.9 22 12 5 13 84% 1347 2667 1067 96%
c w  0.31  5 17 0 6  6 1 10398 4549 1.9 22 12 5 13 84% 1347 2667 1067 96%
c x  0.31  5 17 0 6  6 1 10398 4549 1.9 22 12 5 13 84% 1347 2649 1067 96%
c o  0.33  5 17 0 6  6 1 10398 4549 1.9 22 12 5 13 84% 1347 2649 1067 96%
c -  0.35  6 17 0 7  6 1 11834 4327 1.9 22 12 5 13 85% 1347 2649 1067 96%
c W  0.39  5 17 0 7  8 1 13569 5814 1.9 22 12 5 13 86% 1347 2649 1067 96%
c -  0.41  6 17 0 8  8 1 14479 4986 1.9 23 12 4 13 86% 1349 2649 1067 96%
c e  0.46  6 18 0 8 10 1 16852 7227 2.0 23 12 4 13 87% 412 3185 653 59%
c 2  0.46  6 18 0 8 10 1 16852 7227 2.0 23 12 4 13 87% 410 3185 653 59%
c s  0.46  6 18 0 8 10 1 16852 7227 2.0 23 12 4 13 87% 413 3114 653 59%
c e  0.46  6 18 0 8 10 1 16852 7227 2.0 23 12 4 13 87% 396 3130 645 58%
c ^  0.46  6 18 0 8 10 1 16852 7227 2.0 23 12 4 13 87% 396 3130 645 58%
c -  0.47  5 18 0 9 10 1 17307 1503 1.9 23 12 4 13 86% 396 3130 645 58%
c -  0.52  5 18 0 10 12 1 20307 2967 1.9 23 12 4 13 86% 398 3130 645 58%
c O  0.53  5 18 0 10 13 1 21097 3629 1.9 23 12 4 13 86% 398 3130 645 58%
c o  0.53  5 18 0 10 13 1 21097 3629 1.9 23 12 4 13 86% 398 3130 645 58%
c u  0.54  5 18 0 10 13 1 21315 3540 1.9 23 12 4 13 87% 399 3130 645 58%
c v  0.54  5 18 0 10 13 1 21315 3301 1.9 23 12 4 13 87% 400 3130 645 58%
c w  0.55  6 18 0 10 13 1 21315 3021 1.9 23 12 4 13 87% 400 3130 645 58%
c t  0.55  6 18 0 10 13 1 21315 3021 1.9 23 12 4 13 87% 396 3130 645 58%
c
c seconds  switched  rate        size/glue  tier1    binary      remaining
c        MB  reductions conflicts      size   tier2    irredundant
c         level  restarts   redundant     glue    trail      variables
c
c f  0.55  5 18 0 10 13 1 21315 3021 1.9 23 12 4 13 87% 462 2994 678 61%
c u  0.56  5 18 0 10 13 1 21315 3012 1.9 23 12 4 13 87% 462 2994 678 61%
c v  0.56  5 18 0 10 13 1 21315 2932 1.9 23 12 4 13 87% 462 2994 678 61%
c w  0.57  5 18 0 10 13 1 21315 2708 1.9 23 12 4 13 87% 462 2994 678 61%
c -  0.63  6 18 0 11 13 1 23469 3672 2.0 23 12 4 13 87% 463 2994 678 61%
c -  0.71  6 17 0 12 14 1 26785 5529 2.1 24 12 3 13 87% 464 2994 678 61%
c -  0.79  6 17 0 13 14 1 30249 6949 2.2 25 12 3 12 88% 464 2994 678 61%
c B  0.81  7 17 0 13 14 1 30860 7545 2.2 25 12 3 12 88% 464 2994 678 61%
c -  0.86  7 17 0 14 15 1 33856 7383 2.2 26 12 3 12 88% 466 2994 678 61%
c s  0.86  7 17 0 14 15 1 34093 7579 2.2 25 12 3 12 88% 467 2974 678 61%
c e  0.87  7 17 0 14 15 1 34093 7579 2.2 25 12 3 12 88% 334 3158 600 54%
c s  0.87  7 17 0 14 15 1 34093 7579 2.2 25 12 3 12 88% 338 3092 600 54%
c e  0.87  7 17 0 14 15 1 34093 7579 2.2 25 12 3 12 88% 337 3093 599 54%
c ^  0.87  7 17 0 14 15 1 34093 7579 2.2 25 12 3 12 88% 337 3093 599 54%
c u  0.91  7 17 0 14 17 1 36711 5027 2.2 25 12 3 12 88% 341 3093 599 54%
c v  0.91  7 17 0 14 17 1 36711 4782 2.2 25 12 3 12 88% 341 3093 599 54%
c w  0.92  8 17 0 14 17 1 36711 4767 2.2 25 12 3 12 88% 341 3093 599 54%
c x  0.92  7 17 0 14 17 1 36711 4765 2.2 25 12 3 12 88% 347 2972 599 54%
c t  0.92  7 17 0 14 17 1 36711 4765 2.2 25 12 3 12 88% 345 2972 599 54%
c f  0.92  7 17 0 14 17 1 36711 4765 2.2 25 12 3 12 88% 349 2962 601 54%
c
c seconds  switched  rate        size/glue  tier1    binary      remaining
c        MB  reductions conflicts      size   tier2    irredundant
c         level  restarts   redundant     glue    trail      variables
c
c u  0.92  7 17 0 14 17 1 36711 4744 2.2 25 12 3 12 88% 349 2962 601 54%
c v  0.93  7 17 0 14 17 1 36711 4585 2.2 25 12 3 12 88% 349 2962 601 54%
c w  0.94  7 17 0 14 17 1 36711 3751 2.2 25 12 3 12 88% 349 2962 601 54%
c -  0.96  7 17 0 15 18 1 37598 3312 2.1 25 12 3 12 88% 351 2962 601 54%
c -  1.01  7 17 0 16 21 1 41472 4877 2.1 25 12 3 12 88% 351 2962 601 54%
c W  1.04  6 17 0 16 21 1 43082 6080 2.1 24 12 3 12 88% 351 2962 601 54%
c o  1.04  6 17 0 16 21 1 43082 6080 2.1 24 12 3 12 88% 351 2962 601 54%
c -  1.08  6 17 0 17 22 1 45473 5940 2.1 24 12 3 12 88% 352 2962 601 54%
c -  1.15  6 17 0 18 25 1 49597 7046 2.0 24 12 3 12 87% 353 2962 601 54%
c -  1.23  7 16 0 19 28 1 53839 7873 2.0 24 12 3 12 87% 353 2962 601 54%
c u  1.29  7 16 0 19 28 1 56676 9792 2.0 23 12 3 12 87% 354 2962 601 54%
c v  1.30  7 16 0 19 28 1 56676 9600 2.0 23 12 3 12 87% 354 2962 601 54%
c w  1.30  8 16 0 19 28 1 56676 8246 2.0 23 12 3 12 87% 354 2962 601 54%
c x  1.31  8 16 0 19 28 1 56676 8245 2.0 23 12 3 12 87% 354 2957 601 54%
c I  1.37  7 16 0 19 29 1 57987 9152 2.0 23 12 3 12 87% 354 2957 601 54%
c -  1.38  7 16 0 20 29 1 58198 6484 2.0 23 12 3 11 87% 354 2957 601 54%
c -  1.46  7 16 0 21 29 1 62672 6958 2.0 23 12 3 11 87% 354 2957 601 54%
c -  1.55  7 16 0 22 30 1 67255 6815 1.9 23 12 3 11 87% 354 2957 601 54%
c e  1.64  7 16 0 22 30 1 71640 10123 1.9 23 12 3 11 87% 252 3173 532 48%
c s  1.64  7 16 0 22 30 1 71640 10123 1.9 23 12 3 11 87% 252 3155 532 48%
c
c seconds  switched  rate         size/glue  tier1    binary      remaining
c        MB  reductions conflicts       size   tier2    irredundant
c         level  restarts    redundant     glue    trail      variables
c
c e  1.64  7 16 0 22 30 1 71640 10123 1.9 23 12 3 11 87% 251 3158 531 48%
c ^  1.64  7 16 0 22 30 1 71640 10123 1.9 23 12 3 11 87% 251 3158 531 48%
c -  1.65  6 16 0 23 30 1 71946 3802 1.9 23 12 3 11 87% 251 3158 531 48%
c B  1.71  7 16 0 23 30 1 75790 6632 1.9 22 12 3 11 88% 251 3158 531 48%
c o  1.71  7 16 0 23 30 1 75790 6632 1.9 22 12 3 11 88% 251 3158 531 48%
c -  1.72  7 16 0 24 30 1 76744 5130 1.9 22 12 3 11 88% 251 3158 531 48%
c u  1.81  6 16 0 24 30 1 81239 8170 1.9 22 12 3 11 88% 252 3158 531 48%
c v  1.82  6 16 0 24 30 1 81239 7739 1.9 22 12 3 11 88% 253 3158 531 48%
c w  1.83  7 16 0 24 30 1 81239 7669 1.9 22 12 3 11 88% 253 3158 531 48%
c t  1.83  7 16 0 24 30 1 81239 7669 1.9 22 12 3 11 88% 252 3158 531 48%
c f  1.83  6 16 0 24 30 1 81239 7669 1.9 22 12 3 11 88% 255 3145 533 48%
c u  1.84  7 16 0 24 30 1 81239 7648 1.9 22 12 3 11 88% 255 3145 533 48%
c v  1.85  7 16 0 24 30 1 81239 7314 1.9 22 12 3 11 88% 255 3145 533 48%
c w  1.86  7 16 0 24 30 1 81239 6778 1.9 22 12 3 11 88% 255 3145 533 48%
c -  1.87  6 16 0 25 30 1 81642 5447 1.9 22 12 3 11 88% 255 3145 533 48%
c -  1.97  7 16 0 26 34 1 86644 6347 1.8 22 12 3 11 88% 255 3145 533 48%
c -  2.06  7 16 0 27 37 1 91746 7219 1.8 21 12 3 11 88% 255 3145 533 48%
c W  2.17  6 16 0 27 39 1 96701 11005 1.8 21 12 3 11 88% 255 3145 533 48%
c -  2.18  6 16 0 28 40 1 96943 7592 1.8 21 12 3 11 88% 255 3145 533 48%
c -  2.30  6 16 0 29 43 1 102234 7299 1.8 21 12 3 11 88% 255 3145 533 48%
c
c seconds  switched  rate         size/glue  tier1    binary      remaining
c        MB  reductions conflicts       size   tier2    irredundant
c         level  restarts    redundant     glue    trail      variables
c
c -  2.42  7 16 0 30 45 1 107620 6998 1.8 21 12 3 11 88% 256 3145 533 48%
c u  2.49  7 16 0 30 45 1 110446 8618 1.8 21 12 3 11 88% 256 3145 533 48%
c v  2.50  7 16 0 30 45 1 110446 8213 1.8 21 12 3 11 88% 256 3145 533 48%
c w  2.51  8 16 0 30 45 1 110446 7057 1.8 21 12 3 11 88% 256 3145 533 48%
c x  2.51  7 16 0 30 45 1 110446 7057 1.8 21 12 3 11 88% 258 3107 533 48%
c t  2.51  7 16 0 30 45 1 110446 7057 1.8 21 12 3 11 88% 256 3107 533 48%
c -  2.57  7 15 0 31 45 1 113098 5727 1.8 21 12 3 10 88% 256 3107 533 48%
c -  2.67  7 15 0 32 48 1 118665 6642 1.8 21 12 3 10 88% 256 3107 533 48%
c O  2.72  7 15 0 32 50 1 120926 8048 1.8 21 12 3 10 88% 256 3107 533 48%
c o  2.72  7 15 0 32 50 1 120926 8048 1.8 21 12 3 10 88% 256 3107 533 48%
c -  2.79  7 15 0 33 52 1 124322 6759 1.8 21 12 3 10 87% 256 3107 533 48%
c -  2.91  7 15 0 34 55 1 130067 6954 1.8 21 12 3 10 88% 256 3107 533 48%
c e  2.95  7 15 0 34 56 1 132178 8562 1.8 21 12 3 10 88% 164 3379 481 43%
c s  2.95  7 15 0 34 56 1 132178 8562 1.8 21 12 3 10 88% 166 3319 481 43%
c e  2.95  7 15 0 34 56 1 132178 8562 1.8 21 12 3 10 88% 163 3328 477 43%
c ^  2.95  7 15 0 34 56 1 132178 8562 1.8 21 12 3 10 88% 163 3328 477 43%
c -  3.02  7 15 0 35 58 1 135897 5201 1.7 21 12 3 10 88% 163 3328 477 43%
c -  3.14  7 15 0 36 60 1 141814 5662 1.7 20 12 3 10 88% 163 3328 477 43%
c u  3.19  7 15 0 36 60 1 144641 7063 1.7 20 12 3 10 88% 163 3328 477 43%
c v  3.21  7 15 0 36 60 1 144641 6194 1.7 20 12 3 10 88% 163 3328 477 43%
c
c seconds  switched  rate         size/glue  tier1    binary      remaining
c        MB  reductions conflicts       size   tier2    irredundant
c         level  restarts    redundant     glue    trail      variables
c
c w  3.23  7 15 0 36 60 1 144641 5005 1.7 20 12 3 10 88% 163 3328 477 43%
c =  3.30  7 15 0 36 60 1 144641 5005 1.7 20 12 3 10 88% 165 3326 476 43%
c d  3.30  7 15 0 36 60 1 144641 5005 1.7 20 12 3 10 88% 163 3326 476 43%
c u  3.31  7 15 0 36 60 1 144641 4935 1.7 20 12 3 10 88% 163 3326 476 43%
c v  3.32  7 15 0 36 60 1 144641 4603 1.7 20 12 3 10 88% 163 3326 476 43%
c w  3.33  7 15 0 36 60 1 144641 4410 1.7 20 12 3 10 88% 163 3326 476 43%
c x  3.33  7 15 0 36 60 1 144641 4408 1.7 20 12 3 10 88% 163 3249 476 43%
c -  3.39  6 15 0 37 60 1 147814 4790 1.7 20 12 3 10 88% 163 3249 476 43%
c B  3.41  6 15 0 37 61 1 148667 5429 1.7 20 12 3 10 88% 163 3249 476 43%
c -  3.56  7 15 0 38 61 1 153896 6222 1.7 20 12 3 10 87% 164 3249 476 43%
c -  3.71  7 15 0 39 61 1 160060 6597 1.7 20 12 2 10 87% 164 3249 476 43%
c -  3.85  7 15 0 40 62 1 166305 7349 1.7 20 12 2 10 87% 164 3249 476 43%
c -  3.99  7 15 0 41 62 1 172629 8032 1.7 20 12 2 10 87% 164 3249 476 43%
c -  4.16  7 15 0 42 62 1 179032 8321 1.7 20 12 2 10 87% 166 3249 476 43%
c W  4.18  6 15 0 42 62 1 180118 9095 1.7 20 12 2 10 87% 166 3249 476 43%
c o  4.18  6 15 0 42 62 1 180118 9095 1.7 20 12 2 10 87% 166 3249 476 43%
c u  4.25  6 15 0 42 62 1 183782 11153 1.7 20 12 2 10 87% 168 3249 476 43%
c v  4.27  8 15 0 42 62 1 183782 10849 1.7 20 12 2 10 87% 168 3249 476 43%
c w  4.27  8 15 0 42 62 1 183782 10556 1.7 20 12 2 10 87% 168 3249 476 43%
c x  4.28  8 15 0 42 62 1 183782 10555 1.7 20 12 2 10 87% 168 3244 476 43%
c
c seconds  switched  rate         size/glue  tier1    binary      remaining
c        MB  reductions conflicts       size   tier2    irredundant
c         level  restarts    redundant     glue    trail      variables
c
c -  4.41  7 15 0 43 62 1 185512 8025 1.7 20 12 2 10 87% 168 3244 476 43%
c -  4.53  7 15 0 44 62 1 192069 7980 1.7 20 12 2 10 87% 169 3244 476 43%
c -  4.64  7 15 0 45 63 1 198702 8418 1.7 20 12 2 10 87% 169 3244 476 43%
c -  4.75  7 15 0 46 68 1 205410 9155 1.7 20 12 2 10 87% 169 3244 476 43%
c -  4.87  8 15 0 47 71 1 212192 9847 1.7 19 12 2 10 87% 169 3244 476 43%
c I  4.94  7 15 0 47 74 1 215469 11932 1.7 19 12 2 10 87% 169 3244 476 43%
c s  4.97  7 15 0 47 75 1 217865 13923 1.7 19 12 2 10 87% 170 3243 476 43%
c e  4.98  7 15 0 47 75 1 217865 13923 1.7 19 12 2 10 87% 124 3697 411 37%
c s  4.98  7 15 0 47 75 1 217865 13923 1.7 19 12 2 10 87% 124 3557 411 37%
c e  4.98  7 15 0 47 75 1 217865 13923 1.7 19 12 2 10 87% 117 3588 407 37%
c ^  4.98  7 15 0 47 75 1 217865 13923 1.7 19 12 2 10 87% 117 3588 407 37%
c -  5.00  7 15 0 48 76 1 219049 5381 1.7 19 12 2 10 87% 117 3588 407 37%
c -  5.11  7 15 0 49 77 1 225977 6471 1.6 19 12 2 10 87% 117 3588 407 37%
c u  5.15  7 15 0 49 77 1 228089 7596 1.6 19 12 2 10 87% 117 3588 407 37%
c v  5.17  7 15 0 49 77 1 228089 6718 1.6 19 12 2 10 87% 117 3588 407 37%
c w  5.18  7 15 0 49 77 1 228089 5731 1.6 19 12 2 10 87% 117 3588 407 37%
c f  5.19  6 15 0 49 77 1 228089 5731 1.6 19 12 2 10 87% 119 3568 408 37%
c u  5.19  7 15 0 49 77 1 228089 5676 1.6 19 12 2 10 87% 119 3568 408 37%
c v  5.20  7 15 0 49 77 1 228089 5333 1.6 19 12 2 10 87% 119 3568 408 37%
c w  5.21  7 15 0 49 77 1 228089 5016 1.6 19 12 2 10 87% 119 3568 408 37%
c
c seconds  switched  rate         size/glue  tier1    binary      remaining
c        MB  reductions conflicts       size   tier2    irredundant
c         level  restarts    redundant     glue    trail      variables
c
c x  5.22  7 15 0 49 77 1 228089 5008 1.6 19 12 2 10 87% 120 3468 408 37%
c -  5.30  7 15 0 50 80 1 232978 5464 1.6 19 12 2 10 87% 120 3468 408 37%
c -  5.43  7 15 0 51 84 1 240049 7540 1.7 19 12 2 10 88% 120 3468 408 37%
c -  5.56  7 15 0 52 87 1 247190 9013 1.7 19 12 2 10 88% 120 3468 408 37%
c o  5.57  7 15 0 52 89 1 248247 9844 1.7 19 12 2 10 88% 120 3468 408 37%
c -  5.68  8 15 0 53 91 1 254403 10111 1.7 19 12 2 10 88% 120 3468 408 37%
c B  5.69  8 15 0 53 91 1 254911 10466 1.7 19 12 2 10 88% 120 3468 408 37%
c -  5.82  8 15 0 54 92 1 261684 9807 1.6 19 12 2 10 88% 120 3468 408 37%
c -  5.96  8 15 0 55 93 1 269032 9236 1.6 19 12 2 10 88% 120 3468 408 37%
c -  6.12  8 15 0 56 93 1 276448 8799 1.6 19 12 2 10 88% 120 3468 408 37%
c u  6.14  8 15 0 56 93 1 277291 8927 1.6 19 12 2 10 88% 120 3468 408 37%
c v  6.16  8 15 0 56 93 1 277291 8358 1.6 19 12 2 10 88% 120 3468 408 37%
c w  6.17  8 15 0 56 93 1 277291 7341 1.6 19 12 2 10 88% 120 3468 408 37%
c x  6.18  8 15 0 56 93 1 277291 7340 1.6 19 12 2 10 88% 120 3451 408 37%
c -  6.41  8 15 0 57 96 1 283933 7777 1.6 19 12 2 10 88% 120 3451 408 37%
c -  6.57  7 15 0 58 100 1 291482 8345 1.6 19 12 2 9 88% 120 3451 408 37%
c W  6.70  7 15 0 58 105 1 298624 13399 1.7 19 12 2 9 88% 120 3451 408 37%
c -  6.71  7 15 0 59 106 1 299098 9377 1.7 19 12 2 9 88% 120 3451 408 37%
c -  6.86  8 15 0 60 108 1 306780 9664 1.7 19 12 2 9 88% 120 3451 408 37%
c -  7.01  8 15 0 61 110 1 314525 9782 1.7 19 12 2 9 89% 120 3451 408 37%
c
c seconds  switched   rate          size/glue  tier1   binary      remaining
c        MB  reductions conflicts         size   tier2   irredundant
c         level  restarts      redundant     glue   trail      variables
c
c -  7.17  8 15 0 62 115 1 322335 10164 1.7 19 12 2 9 89% 120 3451 408 37%
c e  7.33  8 15 0 62 119 1 330187 15828 1.7 19 12 2 9 88%  67 4160 353 32%
c s  7.33  8 15 0 62 119 1 330187 15828 1.7 19 12 2 9 88%  70 3997 353 32%
c e  7.34  8 15 0 62 119 1 330187 15828 1.7 19 12 2 9 88%  64 4072 348 31%
c !  7.34  8 15 0 62 119 1 330187 15828 1.7 19 12 2 9 88%  64 4072 348 31%
c o  7.34  8 15 0 62 119 1 330187 5842 1.7 19 12 2 9 88%  64 4072 348 31%
c -  7.34  7 15 0 63 119 1 330209 3865 1.7 19 12 2 9 88%  64 4072 348 31%
c u  7.36  7 15 0 63 121 1 331864 4824 1.7 19 12 2 9 89%  64 4072 348 31%
c v  7.38  7 15 0 63 121 1 331864 4281 1.7 19 12 2 9 89%  64 4072 348 31%
c w  7.39  7 15 0 63 121 1 331864 3609 1.7 19 12 2 9 89%  64 4072 348 31%
c f  7.40  6 15 0 63 121 1 331864 3609 1.7 19 12 2 9 89%  69 4021 350 31%
c u  7.40  6 15 0 63 121 1 331864 3552 1.7 19 12 2 9 89%  69 4021 350 31%
c v  7.41  6 15 0 63 121 1 331864 3247 1.7 19 12 2 9 89%  69 4021 350 31%
c w  7.42  6 15 0 63 121 1 331864 3022 1.7 19 12 2 9 89%  69 4021 350 31%
c x  7.43  6 15 0 63 121 1 331864 3021 1.7 19 12 2 9 89%  69 3870 350 31%
c -  7.53  6 15 0 64 123 1 338147 4407 1.7 19 12 2 9 89%  69 3870 350 31%
c -  7.68  7 15 0 65 124 1 346148 6023 1.7 19 12 2 9 88%  69 3870 350 31%
c O  7.69  7 15 0 65 124 1 346786 6432 1.7 19 12 2 9 88%  69 3870 350 31%
c -  7.87  7 15 0 66 124 1 354210 6899 1.7 20 12 2 9 88%  69 3870 350 31%
c -  8.05  7 15 0 67 124 1 362334 6677 1.7 20 12 2 9 89%  69 3870 350 31%
c
c seconds  switched   rate         size/glue  tier1   binary      remaining
c        MB  reductions conflicts        size   tier2   irredundant
c         level  restarts     redundant     glue   trail      variables
c
c -  8.24  7 14 0 68 125 1 370520 7348 1.7 20 12 2 9 89%  69 3870 350 31%
c -  8.41  8 14 0 69 125 1 378766 8531 1.7 20 11 2 9 89%  69 3870 350 31%
c -  8.58  7 14 0 70 125 1 387072 9228 1.7 19 11 2 9 88%  69 3870 350 31%
c u  8.68  8 14 0 70 125 1 390958 10574 1.7 19 11 2 9 88%  69 3870 350 31%
c v  8.71  8 14 0 70 125 1 390958 10007 1.7 19 11 2 9 88%  69 3870 350 31%
c w  8.72  8 14 0 70 125 1 390958 7813 1.7 19 11 2 9 88%  69 3870 350 31%
c x  8.73  8 14 0 70 125 1 390958 7811 1.7 19 11 2 9 88%  69 3850 350 31%
c -  8.83  8 14 0 71 126 1 395440 7512 1.7 19 11 2 9 88%  69 3850 350 31%
c B  8.92  8 14 0 71 126 1 399574 9625 1.7 19 11 2 9 88%  69 3850 350 31%
c -  9.01  7 14 0 72 126 1 403867 8364 1.7 19 11 2 9 88%  69 3850 350 31%
c -  9.17  8 14 0 73 126 1 412352 8606 1.7 19 11 2 9 89%  69 3850 350 31%
c -  9.37  8 14 0 74 126 1 420896 9041 1.7 19 11 2 9 88%  69 3850 350 31%
c -  9.57  8 14 0 75 126 1 429498 9756 1.7 19 11 2 9 88%  69 3850 350 31%
c -  9.81  8 14 0 76 126 1 438158 8761 1.7 19 11 2 8 88%  69 3850 350 31%
c -  9.98  8 14 0 77 126 1 446877 9343 1.7 19 11 2 8 88%  69 3850 350 31%
c u 10.21  8 14 0 77 126 1 455557 13084 1.7 19 11 2 8 87%  69 3850 350 31%
c v 10.24  8 14 0 77 126 1 455557 12310 1.7 19 11 2 8 87%  69 3850 350 31%
c w 10.25  8 14 0 77 126 1 455557 9552 1.7 19 11 2 8 87%  69 3850 350 31%
c x 10.26  8 14 0 77 126 1 455557 9549 1.7 19 11 2 8 87%  69 3845 350 31%
c = 10.42  9 14 0 77 126 1 455557 9549 1.7 19 11 2 8 87%  73 3843 348 31%
c
c seconds  switched   rate         size/glue  tier1   binary      remaining
c        MB  reductions conflicts        size   tier2   irredundant
c         level  restarts     redundant     glue   trail      variables
c
c d 10.42  9 14 0 77 126 1 455557 9549 1.7 19 11 2 8 87%  69 3843 348 31%
c u 10.43  9 14 0 77 126 1 455557 9409 1.7 19 11 2 8 87%  69 3843 348 31%
c v 10.48  9 14 0 77 126 1 455557 8130 1.7 19 11 2 8 87%  69 3843 348 31%
c w 10.51  9 14 0 77 126 1 455557 7698 1.7 19 11 2 8 87%  69 3843 348 31%
c o 10.51  9 14 0 77 126 1 455557 7698 1.7 19 11 2 8 87%  69 3843 348 31%
c - 10.51  6 14 0 78 126 1 455651 5950 1.6 19 11 2 8 87%  69 3843 348 31%
c W 10.54  6 14 0 78 126 1 457159 6879 1.6 19 11 2 8 87%  69 3841 348 31%
c - 10.66  7 14 0 79 129 1 464483 8128 1.6 19 11 2 8 87%  69 3840 348 31%
c s 10.76  7 14 0 79 133 1 469590 12085 1.7 19 11 2 8 87%  69 3833 348 31%
c e 10.76  7 14 0 79 133 1 469590 12085 1.7 19 11 2 8 87%  61 3942 341 31%
c s 10.76  7 14 0 79 133 1 469590 12085 1.7 19 11 2 8 87%  61 3887 341 31%
c e 10.76  7 14 0 79 133 1 469590 12085 1.7 19 11 2 8 87%  61 3917 339 30%
c - 10.84  8 14 0 80 133 1 473371 7278 1.6 19 11 2 8 87%  61 3917 339 30%
c - 11.05  8 14 0 81 140 1 482315 7106 1.6 19 11 2 8 88%  61 3917 339 30%
c - 11.23  8 14 0 82 141 1 491315 7481 1.6 19 11 2 8 88%  61 3917 339 30%
c - 11.40  8 14 0 83 147 1 500371 8247 1.6 18 11 2 8 88%  61 3917 339 30%
c - 11.57  8 14 0 84 151 1 509481 9239 1.6 18 11 2 8 88%  61 3917 339 30%
c - 11.76  8 14 0 85 155 1 518647 9867 1.6 18 11 2 8 88%  61 3917 339 30%
c I 11.79  8 14 0 85 156 1 519710 10512 1.6 18 11 2 8 88%  61 3917 339 30%
c u 11.91  8 14 0 85 156 1 525737 14399 1.6 18 11 2 8 88%  61 3917 339 30%
c
c seconds  switched   rate          size/glue  tier1   binary      remaining
c        MB  reductions conflicts         size   tier2   irredundant
c         level  restarts      redundant     glue   trail      variables
c
c v 11.94  8 14 0 85 156 1 525737 13543 1.6 18 11 2 8 88%  61 3917 339 30%
c w 11.95  9 14 0 85 156 1 525737 13197 1.6 18 11 2 8 88%  61 3917 339 30%
c x 11.96  9 14 0 85 156 1 525737 13197 1.6 18 11 2 8 88%  62 3851 339 30%
c - 12.14 10 14 0 86 157 1 527867 8606 1.6 18 11 2 8 88%  62 3851 339 30%
c - 12.26 10 14 0 87 157 1 537140 9203 1.6 18 11 2 8 86%  62 3851 339 30%
c - 12.44 10 14 0 88 160 1 546467 9420 1.6 18 11 2 8 86%  62 3851 339 30%
c - 12.62 10 14 0 89 165 1 555850 9339 1.6 18 11 2 8 86%  62 3851 339 30%
c - 12.82 10 14 0 90 171 1 565283 9584 1.6 18 11 2 8 86%  62 3851 339 30%
c - 13.00 10 14 0 91 172 1 574770 10741 1.6 18 11 2 8 87%  62 3851 339 30%
c - 13.19 10 14 0 92 178 1 584309 11416 1.6 18 11 2 8 86%  62 3851 339 30%
c B 13.26 10 14 0 92 179 1 587392 13556 1.6 18 11 2 8 86%  62 3851 339 30%
c o 13.26 10 14 0 92 179 1 587392 13556 1.6 18 11 2 8 86%  62 3851 339 30%
c - 13.41 10 14 0 93 184 1 593900 10295 1.6 18 11 2 8 86%  62 3851 339 30%
c u 13.63 10 14 0 93 187 1 601539 13783 1.6 18 11 2 8 87%  62 3851 339 30%
c v 13.66 10 14 0 93 187 1 601539 12740 1.6 18 11 2 8 87%  62 3851 339 30%
c w 13.67 10 14 0 93 187 1 601539 10746 1.6 18 11 2 8 87%  62 3851 339 30%
c x 13.68 10 14 0 93 187 1 601539 10745 1.6 18 11 2 8 87%  62 3844 339 30%
c - 13.73 10 14 0 94 187 1 603543 7845 1.6 18 11 2 8 87%  62 3844 339 30%
c - 13.96 10 14 0 95 188 1 613240 8654 1.6 18 11 2 8 87%  62 3844 339 30%
c - 14.18 10 14 0 96 188 1 622986 9521 1.6 18 11 2 8 87%  62 3844 339 30%
c
c seconds  switched   rate          size/glue  tier1   binary      remaining
c        MB  reductions conflicts         size   tier2   irredundant
c         level  restarts      redundant     glue   trail      variables
c
c - 14.35 10 14 0 97 189 1 632783 10859 1.6 18 11 2 8 87%  62 3844 339 30%
c - 14.56 10 14 0 98 189 1 642631 11525 1.6 18 11 2 8 87%  62 3844 339 30%
c - 14.78 10 14 0 99 189 1 652530 11043 1.6 18 11 2 8 88%  62 3844 339 30%
c W 14.97 10 14 0 99 191 1 660367 15116 1.6 17 11 2 8 88%  62 3844 339 30%
c - 15.03 10 14 0 100 192 1 662480 11257 1.6 17 11 2 8 88%  62 3844 339 30%
c - 15.29 10 14 0 101 198 1 672482 11571 1.6 17 11 2 8 88%  62 3844 339 30%
c - 15.51 10 14 0 102 203 1 682533 11138 1.6 18 11 2 8 88%  63 3844 339 30%
c u 15.54 10 14 0 102 203 1 683094 10535 1.6 18 11 2 8 88%  63 3844 339 30%
c v 15.59 10 14 0 102 203 1 683094 8608 1.6 18 11 2 8 88%  63 3844 339 30%
c w 15.62 10 14 0 102 203 1 683094 8076 1.6 18 11 2 8 88%  63 3844 339 30%
c - 15.80 10 14 0 103 206 1 692633 8660 1.6 18 11 2 8 88%  63 3844 339 30%
c - 16.00 10 14 0 104 211 1 702781 9030 1.6 18 11 2 8 89%  63 3844 339 30%
c - 16.20 10 14 0 105 218 1 712979 9844 1.6 18 11 2 8 89%  63 3844 339 30%
c - 16.41 10 14 0 106 219 1 723225 10304 1.6 18 11 2 8 89%  63 3844 339 30%
c - 16.64 10 14 0 107 220 1 733520 11132 1.6 18 11 2 8 89%  63 3844 339 30%
c O 16.77 10 14 0 107 220 1 738797 14217 1.6 18 11 2 8 89%  63 3844 339 30%
c o 16.77 10 14 0 107 220 1 738797 14217 1.6 18 11 2 8 89%  63 3844 339 30%
c - 16.88 10 14 0 108 223 1 743865 11555 1.6 18 11 2 8 89%  63 3844 339 30%
c - 17.10 10 14 0 109 229 1 754258 11786 1.6 18 11 2 8 89%  63 3844 339 30%
c - 17.35 10 14 0 110 234 1 764699 10947 1.6 18 11 2 8 90%  63 3844 339 30%
c
c seconds  switched    rate          size/glue  tier1   binary      remaining
c        MB  reductions  conflicts         size   tier2   irredundant
c         level   restarts      redundant     glue   trail      variables
c
c u 17.50 10 14 0 110 235 1 770445 13029 1.6 18 11 2 8 89%  63 3844 339 30%
c v 17.54 10 14 0 110 235 1 770445 12330 1.6 18 11 2 8 89%  63 3844 339 30%
c w 17.55 10 14 0 110 235 1 770445 10607 1.6 18 11 2 8 89%  63 3844 339 30%
c x 17.56 10 14 0 110 235 1 770445 10607 1.6 18 11 2 8 89%  63 3836 339 30%
c - 17.87 11 14 0 111 237 1 775187 8873 1.6 18 11 2 8 90%  63 3836 339 30%
c - 18.12 11 14 0 112 242 1 785723 9952 1.6 18 11 2 8 89%  63 3836 339 30%
c - 18.39 11 14 0 113 249 1 796307 11031 1.6 18 11 2 8 89%  63 3836 339 30%
c - 18.68 11 14 0 114 251 1 806937 12338 1.7 19 11 2 8 89%  63 3836 339 30%
c - 18.99 11 14 0 115 251 1 817614 11378 1.7 19 11 2 7 90%  63 3836 339 30%
c B 19.14 11 14 0 115 251 1 822834 14959 1.7 19 11 2 7 90%  63 3836 339 30%
c - 19.27 11 14 0 116 252 1 828337 11480 1.7 19 11 2 7 90%  63 3836 339 30%
c - 19.52 11 14 0 117 252 1 839109 11770 1.7 20 11 2 7 90%  63 3836 339 30%
c s 19.68 11 14 0 117 252 1 846508 17302 1.8 20 11 2 7 90%  63 3835 339 30%
c e 19.68 11 14 0 117 252 1 846508 17302 1.8 20 11 2 7 90%  61 3853 338 30%
c s 19.68 11 14 0 117 252 1 846508 17302 1.8 20 11 2 7 90%  61 3847 338 30%
c - 19.76 11 14 0 118 252 1 849925 11524 1.8 20 11 2 7 90%  61 3847 338 30%
c - 19.98 11 14 0 119 253 1 860788 12188 1.8 20 11 2 7 90%  61 3847 338 30%
c u 20.06 11 14 0 119 253 1 863692 13544 1.8 20 11 2 7 90%  61 3847 338 30%
c v 20.14 11 14 0 119 253 1 863692 11891 1.8 20 11 2 7 90%  61 3847 338 30%
c w 20.16 11 14 0 119 253 1 863692 11552 1.8 20 11 2 7 90%  61 3847 338 30%
c
c seconds  switched    rate          size/glue  tier1   binary      remaining
c        MB  reductions  conflicts         size   tier2   irredundant
c         level   restarts      redundant     glue   trail      variables
c
c o 20.16 11 14 0 119 253 1 863692 11552 1.8 20 11 2 7 90%  61 3847 338 30%
c - 20.32 11 14 0 120 253 1 871697 10508 1.8 20 11 2 7 89%  61 3847 338 30%
c - 20.57 11 14 0 121 253 1 882651 10160 1.8 20 11 2 7 89%  61 3847 338 30%
c - 20.79 11 14 0 122 253 1 893652 10581 1.7 19 11 2 7 89%  61 3847 338 30%
c - 21.01 11 14 0 123 253 1 904697 11048 1.7 19 11 2 7 89%  61 3847 338 30%
c W 21.17 11 14 0 123 253 1 912635 15818 1.7 19 11 2 7 89%  61 3847 338 30%
c - 21.23 11 14 0 124 253 1 915788 10974 1.7 19 11 2 7 89%  61 3847 338 30%
c - 21.43 11 13 0 125 254 1 926923 11788 1.7 18 11 2 7 89%  61 3847 338 30%
c - 21.70 11 13 0 126 254 1 938103 11851 1.7 18 11 2 7 89%  61 3847 338 30%
c - 21.98 11 13 0 127 254 1 949327 11107 1.7 18 11 2 7 89%  61 3847 338 30%
c - 22.27 11 13 0 128 254 1 960596 11727 1.7 18 11 2 7 89%  61 3847 338 30%
c u 22.35 11 13 0 128 254 1 962838 11817 1.7 18 11 2 7 89%  61 3847 338 30%
c v 22.42 11 13 0 128 254 1 962838 10004 1.7 18 11 2 7 89%  61 3847 338 30%
c w 22.44 11 13 0 128 254 1 962838 8965 1.7 18 11 2 7 89%  61 3847 338 30%
c - 22.63 11 13 0 129 254 1 971910 9596 1.7 18 11 2 7 89%  61 3847 338 30%
c - 22.86 11 13 0 130 254 1 983268 10693 1.6 17 11 2 7 89%  61 3847 338 30%
c - 23.15 11 13 0 131 254 1 994669 11230 1.6 17 10 2 7 90%  61 3847 338 30%
c - 23.38 11 13 0 132 254 1 1006116 12018 1.6 17 11 2 7 89%  61 3847 338 30%
c I 23.43 11 13 0 132 254 1 1008350 13525 1.6 17 11 2 7 89%  61 3847 338 30%
c o 23.43 11 13 0 132 254 1 1008350 13525 1.6 17 11 2 7 89%  61 3847 338 30%
c
c seconds  switched    rate           size/glue  tier1   binary      remaining
c        MB  reductions   conflicts         size   tier2   irredundant
c         level   restarts       redundant     glue   trail      variables
c
c - 23.60 11 13 0 133 254 1 1017605 12621 1.6 17 10 2 7 89%  61 3847 338 30%
c - 23.81 11 13 0 134 254 1 1029138 12771 1.6 17 10 2 7 89%  61 3847 338 30%
c - 24.04 11 13 0 135 254 1 1040714 13317 1.6 17 10 2 7 89%  61 3847 338 30%
c - 24.34 11 13 0 136 254 1 1052332 13487 1.6 17 10 2 7 89%  61 3847 338 30%
c - 24.61 11 12 0 137 261 1 1063994 14013 1.6 16 10 2 7 89%  61 3847 338 30%
c u 24.73 11 12 0 137 264 1 1067986 15557 1.6 16 10 2 7 89%  61 3847 338 30%
c v 24.77 11 12 0 137 264 1 1067986 12920 1.6 16 10 2 7 89%  61 3847 338 30%
c w 24.79 11 12 0 137 264 1 1067986 10367 1.6 16 10 2 7 89%  61 3847 338 30%
c x 24.80 11 12 0 137 264 1 1067986 10366 1.6 16 10 2 7 89%  61 3840 338 30%
c - 24.95 11 12 0 138 268 1 1075698 11154 1.6 16 10 2 7 89%  62 3840 338 30%
c s 25.20 11 12 0 138 271 1 1086912 17997 1.6 16 10 2 7 89%  62 3837 338 30%
c - 25.21 11 12 0 139 271 1 1087445 12282 1.6 16 10 2 7 89%  62 3837 338 30%
c - 25.48 11 12 0 140 278 1 1099235 11931 1.6 16 10 2 7 89%  62 3837 338 30%
c B 25.71 11 12 0 140 283 1 1110127 17775 1.6 16 10 2 7 89%  62 3837 338 30%
c - 25.74 11 12 0 141 284 1 1111068 12796 1.6 16 10 2 7 89%  62 3837 338 30%
c - 25.97 11 12 0 142 285 1 1122942 13716 1.6 16 10 2 7 89%  62 3837 338 30%
c - 26.23 11 12 0 143 285 1 1134859 12712 1.6 16 10 2 7 89%  62 3837 338 30%
c - 26.56 11 12 0 144 292 1 1146817 12994 1.6 16 10 2 7 89%  62 3837 338 30%
c - 26.86 11 12 0 145 299 1 1158817 14277 1.6 16 10 2 7 89%  62 3837 338 30%
c - 27.14 11 12 0 146 303 1 1170859 15498 1.6 16 10 2 7 89%  62 3837 338 30%
c
c seconds  switched    rate           size/glue  tier1   binary      remaining
c        MB  reductions   conflicts         size   tier2   irredundant
c         level   restarts       redundant     glue   trail      variables
c
c u 27.37 11 12 0 146 307 1 1179236 19619 1.6 16 10 2 7 89%  62 3837 338 30%
c v 27.45 11 12 0 146 307 1 1179236 16713 1.6 16 10 2 7 89%  62 3837 338 30%
c w 27.48 11 12 0 146 307 1 1179236 12277 1.6 16 10 2 7 89%  62 3837 338 30%
c = 27.76 15 12 0 146 307 1 1179236 12277 1.6 16 10 2 7 89%  64 3835 337 30%
c d 27.76 15 12 0 146 307 1 1179236 12277 1.6 16 10 2 7 89%  62 3835 337 30%
c u 27.79 15 12 0 146 307 1 1179236 11591 1.6 16 10 2 7 89%  62 3835 337 30%
c v 27.86 15 12 0 146 307 1 1179236 9851 1.6 16 10 2 7 89%  62 3835 337 30%
c w 27.90 15 12 0 146 307 1 1179236 9423 1.6 16 10 2 7 89%  62 3835 337 30%
c o 27.90 15 12 0 146 307 1 1179236 9423 1.6 16 10 2 7 89%  62 3835 337 30%
c - 27.98 15 12 0 147 310 1 1182943 8635 1.6 16 10 2 7 89%  62 3835 337 30%
c - 28.22 15 12 0 148 315 1 1195069 11156 1.7 16 10 2 7 89%  62 3835 337 30%
c - 28.47 15 12 0 149 316 1 1207234 12751 1.6 16 10 2 7 88%  62 3835 337 30%
c W 28.69 15 12 0 149 317 1 1218115 19686 1.6 16 9 2 7 88%  62 3834 337 30%
c - 28.72 15 12 0 150 317 1 1219440 14161 1.6 16 9 2 7 88%  62 3834 337 30%
c - 28.98 15 11 0 151 317 1 1231688 15869 1.7 15 9 2 7 88%  63 3834 337 30%
c - 29.29 15 11 0 152 317 1 1243977 16242 1.7 15 9 2 7 88%  63 3834 337 30%
c - 29.60 15 11 0 153 323 1 1256305 16237 1.7 15 9 2 7 88%  64 3834 337 30%
c - 29.95 15 11 0 154 330 1 1268674 16051 1.7 15 9 2 7 88%  64 3834 337 30%
c - 30.27 15 11 0 155 332 1 1281085 16263 1.6 15 9 2 7 89%  66 3834 337 30%
c i 30.41 15 11 0 155 335 1 1286596 19325 1.7 14 9 2 7 89%  72 3834 336 30%
c
c seconds  switched    rate          size/glue tier1   binary      remaining
c        MB  reductions   conflicts        size  tier2   irredundant
c         level   restarts      redundant    glue   trail      variables
c
c - 30.58 14 11 0 156 339 1 1293535 9220 1.6 15 9 2 7 88%  61 3834 336 30%
c u 30.67 14 11 0 156 341 1 1296644 10246 1.7 15 9 2 7 88%  65 3611 336 30%
c v 30.71 14 11 0 156 341 1 1296644 9189 1.7 15 9 2 7 88%  65 3611 336 30%
c w 30.75 14 11 0 156 341 1 1296644 8157 1.7 15 9 2 7 88%  65 3611 336 30%
c - 31.25 16 11 0 157 346 1 1306025 8792 1.7 15 9 2 7 89%  65 3611 336 30%
c - 31.53 16 11 0 158 348 1 1318556 10230 1.7 16 9 2 7 89%  65 3611 336 30%
c - 31.81 16 11 0 159 348 1 1331125 11619 1.7 16 9 2 7 88%  65 3611 336 30%
c O 31.83 16 12 0 159 349 1 1332455 12504 1.7 16 9 2 7 88%  65 3611 336 30%
c o 31.83 16 12 0 159 349 1 1332455 12504 1.7 16 9 2 7 88%  65 3611 336 30%
c - 32.13 16 12 0 160 355 1 1343735 12701 1.7 16 9 2 7 88%  65 3611 336 30%
c - 32.45 16 12 0 161 362 1 1356384 13225 1.7 16 9 2 7 89%  65 3611 336 30%
c s 32.63 16 12 0 161 363 1 1364244 17749 1.7 16 10 2 7 89%  65 3596 336 30%
c e 32.63 16 12 0 161 363 1 1364244 17749 1.7 16 10 2 7 89%  62 3659 329 30%
c s 32.63 16 12 0 161 363 1 1364244 17749 1.7 16 10 2 7 89%  62 3629 329 30%
c - 32.76 16 12 0 162 367 1 1369072 13423 1.7 16 9 2 7 89%  62 3629 329 30%
c - 33.06 16 12 0 163 374 1 1381799 14034 1.7 16 9 2 7 89%  62 3629 329 30%
c - 33.42 16 12 0 164 378 1 1394567 14298 1.7 16 10 2 7 88%  62 3629 329 30%
c - 33.77 16 12 0 165 379 1 1407373 13450 1.7 16 10 2 7 89%  62 3629 329 30%
c - 34.11 16 12 0 166 380 1 1420219 14581 1.7 16 10 2 7 89%  62 3629 329 30%
c u 34.18 16 12 0 166 380 1 1421439 13979 1.7 16 10 2 7 89%  62 3629 329 30%
c
c seconds  switched    rate           size/glue  tier1   binary      remaining
c        MB  reductions   conflicts         size   tier2   irredundant
c         level   restarts       redundant     glue   trail      variables
c
c v 34.25 16 12 0 166 380 1 1421439 12082 1.7 16 10 2 7 89%  62 3629 329 30%
c w 34.27 16 12 0 166 380 1 1421439 10959 1.7 16 10 2 7 89%  62 3629 329 30%
c x 34.28 16 12 0 166 380 1 1421439 10954 1.7 16 10 2 7 89%  62 3575 329 30%
c - 34.58 16 12 0 167 380 1 1433105 12095 1.7 16 9 2 7 89%  62 3575 329 30%
c - 34.91 16 11 0 168 380 1 1446028 12562 1.7 16 9 2 6 89%  62 3575 329 30%
c B 35.07 16 11 0 168 381 1 1453289 16304 1.7 15 9 2 6 89%  62 3575 329 30%
c - 35.21 16 11 0 169 381 1 1458990 12719 1.7 15 9 2 6 89%  62 3575 329 30%
c - 35.50 16 11 0 170 381 1 1471990 13415 1.7 15 9 2 6 89%  63 3575 329 30%
c - 35.81 16 11 0 171 381 1 1485033 13367 1.7 16 9 2 6 89%  63 3575 329 30%
c - 36.12 16 11 0 172 381 1 1498109 12665 1.7 16 9 2 6 89%  63 3575 329 30%
c - 36.41 16 11 0 173 381 1 1511223 13197 1.7 16 9 2 6 89%  63 3575 329 30%
c - 36.71 16 11 0 174 388 1 1524375 13233 1.7 16 9 2 6 89%  63 3575 329 30%
c - 37.00 16 11 0 175 396 1 1537565 13307 1.7 16 9 2 6 89%  63 3575 329 30%
c - 37.37 16 11 0 176 401 1 1550793 14406 1.7 15 9 2 6 89%  64 3575 329 30%
c u 37.46 16 11 0 176 402 1 1552763 14359 1.7 15 9 2 6 89%  71 3575 329 30%
c v 37.53 16 11 0 176 402 1 1552763 10055 1.7 15 9 2 6 89%  73 3575 329 30%
c w 37.54 16 11 0 176 402 1 1552763 9535 1.7 15 9 2 6 89%  68 3575 329 30%
c o 37.55 16 11 0 176 402 1 1552763 9535 1.7 15 9 2 6 89%  68 3575 329 30%
c - 37.81 16 11 0 177 409 1 1564060 11214 1.7 15 9 2 6 89%  68 3575 329 30%
c - 38.13 16 11 0 178 411 1 1577366 13338 1.7 15 9 2 6 89%  69 3575 329 30%
c
c seconds  switched    rate           size/glue tier1   binary      remaining
c        MB  reductions   conflicts         size  tier2   irredundant
c         level   restarts       redundant    glue   trail      variables
c
c W 38.22 16 11 0 178 412 1 1580758 15134 1.7 15 9 2 6 89%  69 3575 329 30%
c i 38.42 16 11 0 178 412 1 1587725 18645 1.7 15 9 2 6 89%  78 3575 328 29%
c - 38.49 16 11 0 179 412 1 1590707 9082 1.7 15 9 2 6 89%  68 3575 328 29%
c - 38.80 16 11 0 180 419 1 1604086 11341 1.7 15 9 2 6 89%  69 3575 328 29%
c - 39.15 16 11 0 181 426 1 1617503 11821 1.7 16 9 2 6 89%  69 3575 328 29%
c - 39.47 16 11 0 182 430 1 1630957 12562 1.7 16 9 2 6 89%  69 3575 328 29%
c - 39.84 16 11 0 183 438 1 1644447 13714 1.7 16 9 2 6 89%  70 3575 328 29%
c - 40.22 16 11 0 184 442 1 1657975 14737 1.7 15 9 2 6 89%  71 3575 328 29%
c - 40.61 16 11 0 185 443 1 1671539 15176 1.7 15 9 2 6 89%  72 3575 328 29%
c s 40.86 16 11 0 185 444 1 1682833 22639 1.7 15 9 2 6 89%  72 3349 328 29%
c e 40.87 16 11 0 185 444 1 1682833 22639 1.7 15 9 2 6 89%  72 3444 319 29%
c s 40.87 16 11 0 185 444 1 1682833 22639 1.7 15 9 2 6 89%  73 3366 319 29%
c e 40.87 16 11 0 185 444 1 1682833 22639 1.7 15 9 2 6 89%  71 3396 317 29%
c - 40.94 16 11 0 186 444 1 1685141 14099 1.7 15 9 2 6 89%  71 3396 317 29%
c b 41.05 16 11 0 186 444 1 1690431 17709 1.8 16 9 2 6 89% 100 3367 316 28%
c u 41.10 16 11 0 186 444 1 1690431 16025 1.8 16 9 2 6 89% 104 3367 316 28%
c v 41.17 16 11 0 186 444 1 1690431 11921 1.8 16 9 2 6 89% 106 3367 316 28%
c w 41.20 16 11 0 186 444 1 1690431 10486 1.8 16 9 2 6 89% 106 3367 316 28%
c x 41.21 16 11 0 186 444 1 1690431 10477 1.8 16 9 2 6 89% 110 3184 316 28%
c d 41.60 19 11 0 186 444 1 1690431 10476 1.8 16 9 2 6 89% 108 3184 315 28%
c
c seconds  switched    rate           size/glue tier1   binary      remaining
c        MB  reductions   conflicts         size  tier2   irredundant
c         level   restarts       redundant    glue   trail      variables
c
c t 41.60 19 11 0 186 444 1 1690431 10476 1.8 16 9 2 6 89%  99 3184 315 28%
c u 41.63 19 11 0 186 444 1 1690431 9844 1.8 16 9 2 6 89%  99 3184 315 28%
c v 41.68 19 11 0 186 444 1 1690431 8147 1.8 16 9 2 6 89%  99 3184 315 28%
c w 41.72 19 11 0 186 444 1 1690431 7917 1.8 16 9 2 6 89%  99 3184 315 28%
c x 41.72 19 11 0 186 444 1 1690431 7917 1.8 16 9 2 6 89%  99 3171 315 28%
c - 41.88 19 11 0 187 444 1 1698779 8652 1.7 16 9 2 6 88%  95 3171 315 28%
c - 42.19 19 11 0 188 447 1 1712454 11806 1.8 15 9 2 6 89%  96 3171 315 28%
c I 42.25 19 11 0 188 449 1 1714998 13042 1.8 15 9 2 6 89%  96 3171 315 28%
c o 42.25 19 11 0 188 449 1 1714998 13042 1.8 15 9 2 6 89%  96 3171 315 28%
c - 42.47 19 11 0 189 455 1 1726166 13118 1.7 15 9 2 6 89%  96 3171 315 28%
c - 42.76 19 11 0 190 459 1 1739913 12904 1.7 15 9 2 6 89%  96 3171 315 28%
c - 43.03 19 11 0 191 466 1 1753697 13705 1.7 15 9 2 6 88%  96 3171 315 28%
c - 43.33 19 11 0 192 474 1 1767517 14917 1.7 15 9 2 6 88%  97 3171 315 28%
c - 43.67 19 11 0 193 475 1 1781373 15237 1.7 15 9 2 6 88%  97 3171 315 28%
c - 44.00 19 11 0 194 478 1 1795265 15670 1.7 14 9 2 6 88%  99 3171 315 28%
c i 44.27 19 10 0 194 485 1 1806267 20667 1.7 14 8 2 6 88% 112 3171 311 28%
c - 44.34 19 10 0 195 486 1 1809194 8014 1.7 14 8 2 6 88%  88 3171 311 28%
c - 44.60 19 10 0 196 490 1 1823160 12731 1.7 14 8 2 6 88%  90 3171 311 28%
c u 45.00 19 10 0 196 498 1 1837133 18708 1.7 14 8 2 6 88% 142 2826 311 28%
c v 45.13 19 10 0 196 498 1 1837133 15438 1.7 14 8 2 6 88% 144 2826 311 28%
c
c seconds  switched    rate           size/glue tier1   binary      remaining
c        MB  reductions   conflicts         size  tier2   irredundant
c         level   restarts       redundant    glue   trail      variables
c
c w 45.16 19 10 0 196 498 1 1837133 10734 1.7 14 8 2 6 88% 144 2826 311 28%
c d 45.16 19 10 0 196 498 1 1837133 10731 1.7 14 8 2 6 88% 124 2785 301 27%
c t 45.16 19 10 0 196 498 1 1837133 10731 1.7 14 8 2 6 88% 113 2785 301 27%
c u 45.19 19 10 0 196 498 1 1837133 10111 1.7 14 8 2 6 88% 114 2785 301 27%
c v 45.29 19 10 0 196 498 1 1837133 8750 1.7 14 8 2 6 88% 114 2785 301 27%
c w 45.31 19 10 0 196 498 1 1837133 8176 1.7 14 8 2 6 88% 114 2785 301 27%
c x 45.32 19 10 0 196 498 1 1837133 8156 1.7 14 8 2 6 88% 119 2653 301 27%
c t 45.32 19 10 0 196 498 1 1837133 8156 1.7 14 8 2 6 88% 115 2653 301 27%
c - 45.32 17 10 0 197 498 1 1837160 7180 1.7 14 8 2 6 88% 115 2653 301 27%
c - 45.61 18 10 0 198 505 1 1851196 10293 1.7 14 8 2 6 88% 116 2653 301 27%
c B 45.76 18 10 0 198 505 1 1856145 13070 1.7 14 8 2 6 88% 116 2653 301 27%
c - 45.95 18 10 0 199 506 1 1865267 14091 1.7 14 8 2 6 88% 118 2653 301 27%
c i 46.05 18 10 0 199 506 1 1869703 17042 1.7 14 8 2 6 87% 127 2653 300 27%
c - 46.32 19 10 0 200 507 1 1879373 10384 1.7 14 8 2 6 87% 113 2653 300 27%
c i 46.49 19 10 0 200 507 1 1887451 14506 1.7 14 8 2 6 87% 124 2653 293 26%
c o 46.49 19 10 0 200 507 1 1887451 14506 1.7 14 8 2 6 87% 124 2653 293 26%
c i 46.58 19 10 0 200 507 1 1891285 16177 1.7 13 8 2 6 87% 135 2653 292 26%
c - 46.64 19 10 0 201 507 1 1893517 7497 1.7 13 8 2 6 87% 112 2653 292 26%
c i 46.68 19 10 0 201 507 1 1895921 8680 1.7 13 8 2 6 87% 121 2653 291 26%
c i 46.74 19 10 0 201 507 1 1898600 10253 1.7 13 8 2 6 87% 132 2653 283 25%
c
c seconds  switched    rate           size/glue tier1   binary      remaining
c        MB  reductions   conflicts         size  tier2   irredundant
c         level   restarts       redundant    glue   trail      variables
c
c i 46.76 19 10 0 201 507 1 1899294 10586 1.7 13 8 2 6 87% 139 2653 282 25%
c i 46.77 19 10 0 201 507 1 1899683 10690 1.7 13 8 2 6 87% 147 2653 271 24%
c i 46.78 19 10 0 201 507 1 1900050 10800 1.7 13 8 2 6 87% 158 2652 245 22%
c i 46.78 19 10 0 201 507 1 1900071 10801 1.7 13 8 2 6 87% 163 2652 234 21%
c i 46.78 19 10 0 201 507 1 1900088 10809 1.7 13 8 2 6 87% 163 2652 233 21%
c i 46.78 19 10 0 201 507 1 1900106 10812 1.7 13 8 2 6 87% 166 2652 216 19%
c i 46.79 19 10 0 201 507 1 1900156 10827 1.7 13 8 2 6 87% 171 2652 214 19%
c i 46.79 19 10 0 201 507 1 1900166 10830 1.7 13 8 2 6 87% 174 2652 194 17%
c i 46.79 19 10 0 201 507 1 1900168 10830 1.7 13 8 2 6 87% 175 2652 189 17%
c i 46.79 19 10 0 201 507 1 1900169 10830 1.7 13 8 2 6 87% 175 2652 182 16%
c ] 46.79 19 10 0 201 507 1 1900173 10830 1.7 13 8 2 6 87% 176 2652 84 8%
c 0 46.79 19 0 0 201 507 0 1900173 10830 0.0 0 0 2 6 0% 176 2652 84 8%
c
c ---- [ result ] ------------------------------------------------------------
c
s UNSATISFIABLE
c
c ---- [ profiling ] ---------------------------------------------------------
c
c          42.12   90.02 %  search
c          42.12   90.02 %  stable
c           4.65    9.94 %  simplify
c           4.57    9.77 %  probe
c           2.63    5.62 %  vivify
c           1.85    3.96 %  sweep
c           0.25    0.54 %  reduce
c           0.05    0.10 %  eliminate
c           0.05    0.10 %  substitute
c           0.05    0.10 %  walking
c           0.03    0.07 %  factor
c           0.02    0.04 %  preprocess
c           0.01    0.02 %  subsume
c           0.01    0.01 %  congruence
c           0.00    0.01 %  transitive
c           0.00    0.00 %  backbone
c           0.00    0.00 %  parse
c           0.00    0.00 %  lucky
c =============================================
c          46.79  100.00 %  total
c
c ---- [ statistics ] --------------------------------------------------------
c
c conflicts:                          1900173            40613.52 per second
c congruent:                               43                4 %  variables
c decisions:                          2076121                1.09 per conflict
c eliminated:                             784               71 %  variables
c factored:                                66                6 %  variables
c iterations:                              19                2 %  variables
c propagations:                     210050723          4489538    per second
c reductions:                             201             9454    interval
c reordered:                               18           105565    interval
c rephased:                                34            55887    interval
c restarts:                               507             3748    interval
c strengthened:                          1122                0 %  checks
c substituted:                             83                7 %  variables
c subsumed:                               754                0 %  checks
c switched:                                 0                0    interval
c vivified:                            160562               46 %  checks
c walks:                                   11           172743    interval
c
c ---- [ glue usage ] --------------------------------------------------------
c
c stable glue 2 used 6571735 clauses 21.44% accumulated 65.93% tier1
c stable glue 3 used 3964046 clauses 12.94% accumulated 78.87%
c stable glue 4 used 1874165 clauses  6.12% accumulated 84.98%
c stable glue 5 used 1100422 clauses  3.59% accumulated 88.57%
c stable glue 6 used  764677 clauses  2.50% accumulated 91.07% tier2
c
c ---- [ resources ] ---------------------------------------------------------
c
c maximum-resident-set-size:        386809856 bytes        369 MB
c process-time:                            47s              46.79 seconds
c
c ---- [ shutting down ] -----------------------------------------------------
c
c exit 20
