c ---- [ banner ] ------------------------------------------------------------
c
c Kissat SAT Solver
c 
c Copyright (c) 2021-2024 Armin Biere University of Freiburg
c Copyright (c) 2019-2021 Armin Biere Johannes Kepler University Linz
c 
c Version 4.0.4 8af8e56f174b778aef3aa45af9f739b2a5f492c2
c gcc (GCC) 15.2.1 20260123 (Red Hat 15.2.1-7) -W -Wall -O3 -DNDEBUG
c Thu Apr 23 06:47:51 PM IST 2026 Linux krishnendu-LN 6.19.12-200.fc43.x86_64 x86_64
c
c ---- [ parsing ] -----------------------------------------------------------
c
c opened and reading DIMACS file:
c
c   /home/krishnendu/Research/fv-invariant-mining/data/circuits/cnf/miter_mult_10bit.cnf
c
c parsed 'p cnf 1113 4205' header
c closing input after reading 64864 bytes (63 KB)
c finished parsing after 0.00 seconds
c
c ---- [ options ] -----------------------------------------------------------
c
c --decay=150                      (different from default '50')
c --eliminateeffort=1400           (different from default '100')
c --stable=2                       (different from default '1')
c
c ---- [ solving ] -----------------------------------------------------------
c
c seconds switched rate     size/glue tier1  binary       remaining
c        MB reductions conflicts size  tier2   irredundant
c         level restarts redundant glue  trail       variables
c
c *  0.00  3 0 0 0  0 0   0   0 0.0 0 0 0 0 0% 1458 2745 1110 100%
c (  0.00  3 0 0 0  0 0   0   0 0.0 0 0 0 0 0% 1458 2745 1110 100%
c .  0.00  3 0 0 0  0 0   0   0 0.0 0 0 0 0 0% 1454 2745 1110 100%
c c  0.00  3 0 0 0  0 0   0   0 0.0 0 0 0 0 0% 1518 2743 1067 96%
c d  0.00  3 0 0 0  0 0   0   0 0.0 0 0 0 0 0% 1368 2743 1067 96%
c =  0.02  3 0 0 0  0 0   0   0 0.0 0 0 0 0 0% 1372 2736 1064 96%
c d  0.02  3 0 0 0  0 0   0   0 0.0 0 0 0 0 0% 1367 2736 1064 96%
c f  0.02  4 0 0 0  0 0   0   0 0.0 0 0 0 0 0% 1339 2718 1086 98%
c )  0.02  4 0 0 0  0 0   0   0 0.0 0 0 0 0 0% 1339 2718 1086 98%
c [  0.02  4 0 0 0  0 0   0   0 0.0 0 0 2 6 0% 1339 2718 1086 98%
c -  0.04  4 16 0 1  0 1 1001 852 3.7 31 8 4 11 85% 1349 2718 1086 98%
c B  0.04  4 16 0 1  0 1 1001 852 3.7 31 8 4 11 85% 1349 2718 1086 98%
c -  0.07  4 17 0 2  1 1 2002 1572 2.7 27 10 4 13 85% 1354 2718 1086 98%
c W  0.07  4 17 0 2  1 1 2002 1572 2.7 27 10 4 13 85% 1354 2718 1086 98%
c u  0.10  4 17 0 2  2 1 3371 2624 2.2 24 11 4 13 85% 1357 2718 1086 98%
c v  0.10  4 17 0 2  2 1 3371 2457 2.2 24 11 4 13 85% 1357 2718 1086 98%
c w  0.11  5 17 0 2  2 1 3371 2312 2.2 24 11 4 13 85% 1357 2718 1086 98%
c x  0.11  5 17 0 2  2 1 3371 2312 2.2 24 11 4 13 85% 1370 2671 1086 98%
c =  0.12  5 17 0 2  2 1 3371 2312 2.2 24 11 4 13 85% 1400 2664 1071 96%
c d  0.12  5 17 0 2  2 1 3371 2312 2.2 24 11 4 13 85% 1355 2664 1071 96%
c
c seconds  switched rate       size/glue  tier1     binary       remaining
c        MB reductions conflicts     size   tier2     irredundant
c         level restarts  redundant     glue    trail       variables
c
c t  0.12  5 17 0 2  2 1 3371 2312 2.2 24 11 4 13 85% 1348 2664 1071 96%
c f  0.12  5 17 0 2  2 1 3371 2312 2.2 24 11 4 13 85% 1344 2664 1075 97%
c u  0.13  5 17 0 2  2 1 3371 2300 2.2 24 11 4 13 85% 1344 2664 1075 97%
c v  0.13  5 17 0 2  2 1 3371 2244 2.2 24 11 4 13 85% 1344 2664 1075 97%
c w  0.13  5 17 0 2  2 1 3371 2147 2.2 24 11 4 13 85% 1344 2664 1075 97%
c =  0.15  5 17 0 2  2 1 3371 2147 2.2 24 11 4 13 85% 1348 2664 1073 96%
c d  0.15  5 17 0 2  2 1 3371 2147 2.2 24 11 4 13 85% 1342 2664 1073 96%
c -  0.15  5 17 0 3  2 1 3416 1637 2.2 24 11 4 13 85% 1342 2664 1073 96%
c I  0.17  5 17 0 3  3 1 4262 2325 2.1 24 11 4 13 86% 1343 2664 1073 96%
c -  0.19  5 18 0 4  3 1 5148 2313 2.1 24 12 4 13 86% 1346 2664 1073 96%
c -  0.23  5 17 0 5  5 1 7148 2947 1.9 23 12 4 13 87% 1347 2664 1073 96%
c B  0.25  5 17 0 5  5 1 8033 3688 1.9 23 12 4 13 87% 1348 2664 1073 96%
c -  0.28  5 17 0 6  6 1 9384 3523 1.9 22 12 4 13 87% 1351 2664 1073 96%
c u  0.31  5 17 0 6  6 1 10397 4278 1.8 22 12 4 13 87% 1360 2664 1073 96%
c v  0.31  5 17 0 6  6 1 10397 4046 1.8 22 12 4 13 87% 1360 2664 1073 96%
c w  0.32  5 17 0 6  6 1 10397 4018 1.8 22 12 4 13 87% 1360 2664 1073 96%
c =  0.32  5 17 0 6  6 1 10397 4018 1.8 22 12 4 13 87% 1372 2660 1067 96%
c d  0.32  5 17 0 6  6 1 10397 4016 1.8 22 12 4 13 87% 1355 2660 1067 96%
c u  0.33  5 17 0 6  6 1 10397 4010 1.8 22 12 4 13 87% 1355 2660 1067 96%
c v  0.33  5 17 0 6  6 1 10397 3916 1.8 22 12 4 13 87% 1355 2660 1067 96%
c
c seconds  switched rate        size/glue  tier1     binary       remaining
c        MB reductions conflicts      size   tier2     irredundant
c         level restarts   redundant     glue    trail       variables
c
c w  0.33  5 17 0 6  6 1 10397 3875 1.8 22 12 4 13 87% 1355 2660 1067 96%
c x  0.33  5 17 0 6  6 1 10397 3875 1.8 22 12 4 13 87% 1355 2643 1067 96%
c o  0.35  5 17 0 6  6 1 10397 3875 1.8 22 12 4 13 87% 1355 2643 1067 96%
c -  0.39  5 17 0 7  6 1 11833 3689 1.9 23 12 4 13 88% 1356 2643 1067 96%
c W  0.43  5 17 0 7  8 1 13563 5093 1.9 23 12 4 13 88% 1358 2643 1067 96%
c -  0.45  5 17 0 8  9 1 14478 4364 1.9 23 12 4 13 88% 1360 2643 1067 96%
c e  0.50  5 17 0 8 10 1 16851 6299 1.9 23 12 4 13 88% 394 3210 660 59%
c s  0.50  5 17 0 8 10 1 16851 6299 1.9 23 12 4 13 88% 399 3144 660 59%
c e  0.50  5 17 0 8 10 1 16851 6299 1.9 23 12 4 13 88% 383 3159 651 59%
c ^  0.50  5 17 0 8 10 1 16851 6299 1.9 23 12 4 13 88% 383 3159 651 59%
c -  0.51  5 17 0 9 10 1 17307 1815 1.9 23 12 4 13 88% 383 3159 651 59%
c -  0.56  5 17 0 10 12 1 20307 3534 1.9 23 12 4 13 87% 385 3159 651 59%
c O  0.57  5 17 0 10 13 1 21092 4204 1.9 23 12 4 13 87% 385 3159 651 59%
c o  0.57  5 17 0 10 13 1 21092 4204 1.9 23 12 4 13 87% 385 3159 651 59%
c u  0.58  5 17 0 10 13 1 21309 4098 1.9 23 12 4 13 88% 385 3159 651 59%
c v  0.59  5 17 0 10 13 1 21309 3800 1.9 23 12 4 13 88% 385 3159 651 59%
c w  0.59  6 17 0 10 13 1 21309 3038 1.9 23 12 4 13 88% 385 3159 651 59%
c t  0.60  6 17 0 10 13 1 21309 3038 1.9 23 12 4 13 88% 382 3159 651 59%
c f  0.60  5 17 0 10 13 1 21309 3038 1.9 23 12 4 13 88% 441 3038 681 61%
c u  0.60  5 17 0 10 13 1 21309 3030 1.9 23 12 4 13 88% 441 3038 681 61%
c
c seconds  switched  rate        size/glue  tier1    binary      remaining
c        MB  reductions conflicts      size   tier2    irredundant
c         level  restarts   redundant     glue    trail      variables
c
c v  0.60  5 17 0 10 13 1 21309 2909 1.9 23 12 4 13 88% 441 3038 681 61%
c w  0.61  5 17 0 10 13 1 21309 2709 1.9 23 12 4 13 88% 441 3038 681 61%
c -  0.69  6 17 0 11 13 1 23469 3704 1.9 23 12 4 13 88% 444 3036 681 61%
c -  0.76  6 16 0 12 14 1 26785 4625 1.9 23 12 3 12 87% 446 3036 681 61%
c -  0.84  6 16 0 13 14 1 30250 5475 2.0 23 12 3 12 88% 446 3036 681 61%
c B  0.85  6 16 0 13 14 1 30854 5911 2.0 23 12 3 12 88% 446 3036 681 61%
c -  0.92  7 16 0 14 15 1 33855 6073 1.9 23 12 3 12 88% 447 3036 681 61%
c s  0.93  7 16 0 14 16 1 34079 6250 1.9 23 12 3 12 88% 447 3019 681 61%
c e  0.93  7 16 0 14 16 1 34079 6250 1.9 23 12 3 12 88% 348 3168 615 55%
c s  0.93  7 16 0 14 16 1 34079 6250 1.9 23 12 3 12 88% 354 3101 615 55%
c e  0.93  7 16 0 14 16 1 34079 6250 1.9 23 12 3 12 88% 351 3105 613 55%
c ^  0.93  7 16 0 14 16 1 34079 6250 1.9 23 12 3 12 88% 351 3105 613 55%
c u  0.99  7 16 0 14 17 1 36687 5389 1.9 23 12 3 11 87% 351 3105 613 55%
c v  1.00  7 16 0 14 17 1 36687 5169 1.9 23 12 3 11 87% 351 3105 613 55%
c w  1.00  7 16 0 14 17 1 36687 5146 1.9 23 12 3 11 87% 351 3105 613 55%
c x  1.00  6 16 0 14 17 1 36687 5145 1.9 23 12 3 11 87% 354 2986 613 55%
c t  1.00  6 16 0 14 17 1 36687 5145 1.9 23 12 3 11 87% 351 2986 613 55%
c f  1.01  6 16 0 14 17 1 36687 5145 1.9 23 12 3 11 87% 353 2978 615 55%
c u  1.01  7 16 0 14 17 1 36687 5119 1.9 23 12 3 11 87% 353 2978 615 55%
c v  1.02  7 16 0 14 17 1 36687 4914 1.9 23 12 3 11 87% 353 2978 615 55%
c
c seconds  switched  rate        size/glue  tier1    binary      remaining
c        MB  reductions conflicts      size   tier2    irredundant
c         level  restarts   redundant     glue    trail      variables
c
c w  1.03  7 16 0 14 17 1 36687 3696 1.9 23 12 3 11 87% 353 2978 615 55%
c -  1.04  6 16 0 15 18 1 37596 3066 1.9 23 12 3 11 87% 353 2978 615 55%
c -  1.13  6 16 0 16 21 1 41468 4074 1.9 22 12 3 11 87% 353 2978 615 55%
c W  1.16  6 16 0 16 21 1 43077 5165 1.9 22 12 3 11 86% 353 2978 615 55%
c o  1.16  6 16 0 16 21 1 43077 5165 1.9 22 12 3 11 86% 353 2978 615 55%
c -  1.21  6 16 0 17 22 1 45469 5023 1.9 22 12 3 11 86% 353 2978 615 55%
c -  1.31  6 16 0 18 25 1 49592 5764 1.9 22 12 3 11 86% 353 2978 615 55%
c -  1.41  6 16 0 19 28 1 53835 6216 1.9 22 12 3 11 86% 353 2978 615 55%
c u  1.48  6 16 0 19 28 1 56631 7680 1.8 21 12 3 11 86% 353 2978 615 55%
c v  1.49  7 16 0 19 28 1 56631 7502 1.8 21 12 3 11 86% 353 2978 615 55%
c w  1.50  7 16 0 19 28 1 56631 5952 1.8 21 12 3 11 86% 353 2978 615 55%
c x  1.50  7 16 0 19 28 1 56631 5950 1.8 21 12 3 11 86% 353 2972 615 55%
c I  1.58  7 16 0 19 29 1 57981 6995 1.8 21 12 3 11 86% 353 2972 615 55%
c -  1.58  7 16 0 20 29 1 58193 5497 1.8 21 12 3 11 86% 353 2972 615 55%
c -  1.65  7 16 0 21 29 1 62666 6823 1.8 21 12 3 11 86% 353 2972 615 55%
c -  1.73  7 16 0 22 30 1 67249 7242 1.8 21 12 3 11 86% 354 2972 615 55%
c e  1.79  7 15 0 22 30 1 71579 11094 1.8 21 11 3 11 85% 224 3250 531 48%
c s  1.79  7 15 0 22 30 1 71579 11094 1.8 21 11 3 11 85% 225 3222 531 48%
c e  1.79  7 15 0 22 30 1 71579 11094 1.8 21 11 3 11 85% 224 3223 529 48%
c ^  1.79  7 15 0 22 30 1 71579 11094 1.8 21 11 3 11 85% 224 3223 529 48%
c
c seconds  switched  rate        size/glue  tier1    binary      remaining
c        MB  reductions conflicts      size   tier2    irredundant
c         level  restarts   redundant     glue    trail      variables
c
c -  1.80  6 15 0 23 30 1 71939 4014 1.8 21 11 3 11 85% 224 3223 529 48%
c B  1.85  7 15 0 23 30 1 75784 7323 1.8 21 11 3 11 85% 224 3223 529 48%
c o  1.85  7 15 0 23 30 1 75784 7323 1.8 21 11 3 11 85% 224 3223 529 48%
c -  1.87  7 15 0 24 30 1 76734 6231 1.8 21 11 3 11 85% 224 3223 529 48%
c u  1.97  6 15 0 24 30 1 81177 8633 1.8 21 11 3 11 86% 224 3223 529 48%
c v  1.98  7 15 0 24 30 1 81177 8198 1.8 21 11 3 11 86% 224 3223 529 48%
c w  1.99  8 15 0 24 30 1 81177 7339 1.8 21 11 3 11 86% 224 3223 529 48%
c t  1.99  8 15 0 24 30 1 81177 7339 1.8 21 11 3 11 86% 223 3223 529 48%
c f  1.99  7 15 0 24 30 1 81177 7339 1.8 21 11 3 11 86% 228 3195 533 48%
c u  1.99  7 15 0 24 30 1 81177 7297 1.8 21 11 3 11 86% 228 3195 533 48%
c v  2.01  8 15 0 24 30 1 81177 6915 1.8 21 11 3 11 86% 228 3195 533 48%
c w  2.01  8 15 0 24 30 1 81177 6889 1.8 21 11 3 11 86% 228 3195 533 48%
c -  2.03  7 15 0 25 30 1 81632 5232 1.8 21 11 3 10 86% 228 3195 533 48%
c -  2.14  7 15 0 26 34 1 86632 5422 1.8 21 11 3 10 85% 229 3195 533 48%
c -  2.26  7 15 0 27 37 1 91731 6380 1.8 21 11 3 10 85% 229 3195 533 48%
c W  2.38  7 15 0 27 39 1 96695 10741 1.9 22 11 3 10 86% 229 3195 533 48%
c -  2.39  7 15 0 28 40 1 96927 7639 1.9 22 11 3 10 86% 229 3195 533 48%
c -  2.52  8 15 0 29 43 1 102218 7827 1.9 22 11 3 10 86% 229 3195 533 48%
c -  2.67  8 15 0 30 45 1 107603 7691 1.9 22 11 3 10 86% 229 3195 533 48%
c u  2.74  8 15 0 30 45 1 110352 8772 1.9 22 11 3 10 86% 229 3195 533 48%
c
c seconds  switched  rate         size/glue  tier1    binary      remaining
c        MB  reductions conflicts       size   tier2    irredundant
c         level  restarts    redundant     glue    trail      variables
c
c v  2.76  8 15 0 30 45 1 110352 8503 1.9 22 11 3 10 86% 229 3195 533 48%
c w  2.77  8 15 0 30 45 1 110352 8462 1.9 22 11 3 10 86% 229 3195 533 48%
c x  2.77  8 15 0 30 45 1 110352 8462 1.9 22 11 3 10 86% 233 3154 533 48%
c t  2.77  8 15 0 30 45 1 110352 8462 1.9 22 11 3 10 86% 232 3154 533 48%
c -  2.84  8 15 0 31 45 1 113081 7187 1.9 22 11 3 10 86% 232 3154 533 48%
c -  2.96  8 15 0 32 48 1 118649 7546 1.9 22 11 3 10 86% 232 3154 533 48%
c O  3.00  8 15 0 32 50 1 120921 9434 1.9 22 11 3 10 86% 232 3154 533 48%
c o  3.00  8 15 0 32 50 1 120921 9434 1.9 22 11 3 10 86% 232 3154 533 48%
c -  3.09  8 15 0 33 52 1 124305 7475 1.9 21 11 2 9 86% 232 3154 533 48%
c -  3.22  8 15 0 34 55 1 130050 7504 1.9 21 11 2 9 86% 232 3154 533 48%
c e  3.26  8 15 0 34 56 1 132007 8657 1.9 21 11 2 9 86% 165 3395 481 43%
c s  3.26  8 15 0 34 56 1 132007 8657 1.9 21 11 2 9 86% 167 3343 481 43%
c e  3.27  8 15 0 34 56 1 132007 8657 1.9 21 11 2 9 86% 166 3346 478 43%
c ^  3.27  8 15 0 34 56 1 132007 8657 1.9 21 11 2 9 86% 166 3346 478 43%
c -  3.35  7 15 0 35 58 1 135881 5477 1.9 21 11 2 9 86% 166 3346 478 43%
c -  3.48  7 15 0 36 60 1 141799 6621 1.9 21 11 2 9 86% 167 3346 478 43%
c u  3.54  8 15 0 36 60 1 144509 8359 1.9 22 11 2 9 86% 167 3346 478 43%
c v  3.57  8 15 0 36 60 1 144509 7727 1.9 22 11 2 9 86% 167 3346 478 43%
c w  3.58  8 15 0 36 60 1 144509 7550 1.9 22 11 2 9 86% 167 3346 478 43%
c =  3.67  8 15 0 36 60 1 144509 7550 1.9 22 11 2 9 86% 169 3338 476 43%
c
c seconds  switched  rate         size/glue  tier1   binary      remaining
c        MB  reductions conflicts       size   tier2   irredundant
c         level  restarts    redundant     glue   trail      variables
c
c d  3.67  8 15 0 36 60 1 144509 7421 1.9 22 11 2 9 86% 167 3338 476 43%
c t  3.67  8 15 0 36 60 1 144509 7421 1.9 22 11 2 9 86% 165 3338 476 43%
c f  3.67  7 15 0 36 60 1 144509 7421 1.9 22 11 2 9 86% 168 3326 477 43%
c u  3.67  7 15 0 36 60 1 144509 7334 1.9 22 11 2 9 86% 168 3326 477 43%
c v  3.70  8 15 0 36 60 1 144509 6904 1.9 22 11 2 9 86% 168 3326 477 43%
c w  3.70  8 15 0 36 60 1 144509 6703 1.9 22 11 2 9 86% 168 3326 477 43%
c x  3.71  7 15 0 36 60 1 144509 6702 1.9 22 11 2 9 86% 169 3269 477 43%
c t  3.71  7 15 0 36 60 1 144509 6702 1.9 22 11 2 9 86% 168 3269 477 43%
c -  3.78  8 15 0 37 60 1 147800 6440 1.9 22 11 2 9 86% 169 3269 477 43%
c B  3.81  8 15 0 37 61 1 148662 7024 1.9 22 11 2 9 86% 169 3269 477 43%
c -  3.97  8 15 0 38 61 1 153883 6816 1.9 22 11 2 9 87% 169 3269 477 43%
c -  4.15  8 15 0 39 61 1 160048 6444 1.9 22 11 2 9 87% 169 3269 477 43%
c -  4.29  8 15 0 40 62 1 166292 6949 1.9 21 11 2 9 87% 169 3269 477 43%
c -  4.46  8 15 0 41 62 1 172616 6771 1.9 21 11 2 8 87% 169 3269 477 43%
c -  4.59  8 15 0 42 62 1 179019 6996 1.9 21 11 2 8 87% 169 3269 477 43%
c W  4.61  7 15 0 42 62 1 180113 7757 1.9 21 11 2 8 87% 169 3269 477 43%
c o  4.61  7 15 0 42 62 1 180113 7757 1.9 21 11 2 8 87% 169 3269 477 43%
c u  4.68  7 15 0 42 62 1 183602 9935 1.9 21 11 2 8 87% 170 3269 477 43%
c v  4.70  8 15 0 42 62 1 183602 9576 1.9 21 11 2 8 87% 170 3269 477 43%
c w  4.71  8 15 0 42 62 1 183602 9360 1.9 21 11 2 8 87% 170 3269 477 43%
c
c seconds  switched  rate         size/glue  tier1   binary      remaining
c        MB  reductions conflicts       size   tier2   irredundant
c         level  restarts    redundant     glue   trail      variables
c
c x  4.72  8 15 0 42 62 1 183602 9360 1.9 21 11 2 8 87% 170 3256 477 43%
c -  4.86  8 15 0 43 62 1 185499 6551 1.9 21 11 2 9 87% 170 3256 477 43%
c -  4.97  8 15 0 44 62 1 192056 7408 1.9 21 12 2 9 87% 170 3256 477 43%
c -  5.09  8 15 0 45 64 1 198691 8127 1.9 21 11 2 9 87% 170 3256 477 43%
c -  5.21  8 15 0 46 68 1 205399 8791 1.9 21 11 2 9 87% 170 3256 477 43%
c -  5.34  8 15 0 47 72 1 212181 9360 1.9 21 11 2 9 87% 170 3256 477 43%
c I  5.40  8 15 0 47 74 1 215465 11777 1.9 21 11 2 9 87% 170 3256 477 43%
c s  5.45  8 15 0 47 75 1 217610 13577 1.9 21 11 2 9 87% 170 3254 477 43%
c e  5.45  8 15 0 47 75 1 217610 13577 1.9 21 11 2 9 87% 111 3756 404 36%
c s  5.46  8 15 0 47 75 1 217610 13577 1.9 21 11 2 9 87% 111 3611 404 36%
c e  5.46  8 15 0 47 75 1 217610 13577 1.9 21 11 2 9 87% 106 3648 399 36%
c ^  5.46  8 15 0 47 75 1 217610 13577 1.9 21 11 2 9 87% 106 3648 399 36%
c -  5.49  7 15 0 48 76 1 219036 5099 1.9 21 11 2 9 87% 106 3648 399 36%
c -  5.61  7 15 0 49 77 1 225964 6203 1.9 21 11 2 9 88% 106 3648 399 36%
c u  5.65  8 15 0 49 77 1 227878 7262 1.9 21 11 2 9 88% 106 3648 399 36%
c v  5.66  8 15 0 49 77 1 227878 6493 1.9 21 11 2 9 88% 106 3648 399 36%
c w  5.69  8 15 0 49 77 1 227878 4768 1.9 21 11 2 9 88% 106 3648 399 36%
c -  5.79  7 15 0 50 80 1 232964 5306 1.8 21 11 2 9 88% 106 3648 399 36%
c -  5.93  8 15 0 51 84 1 240037 6555 1.8 21 11 2 9 88% 106 3648 399 36%
c -  6.07  8 15 0 52 88 1 247181 7551 1.8 21 11 2 9 88% 106 3648 399 36%
c
c seconds  switched  rate         size/glue  tier1   binary      remaining
c        MB  reductions conflicts       size   tier2   irredundant
c         level  restarts    redundant     glue   trail      variables
c
c -  6.21  8 15 0 53 91 1 254392 8823 1.8 21 11 2 9 88% 106 3648 399 36%
c B  6.22  8 14 0 53 91 1 254906 9222 1.8 21 11 2 9 88% 106 3648 399 36%
c o  6.22  8 14 0 53 91 1 254906 9222 1.8 21 11 2 9 88% 106 3648 399 36%
c -  6.35  8 14 0 54 92 1 261672 9653 1.8 20 11 2 9 88% 106 3648 399 36%
c -  6.49  8 14 0 55 93 1 269021 9468 1.8 20 11 2 9 88% 106 3648 399 36%
c -  6.67  8 14 0 56 93 1 276437 8946 1.8 20 11 2 9 88% 106 3648 399 36%
c u  6.69  8 14 0 56 93 1 276718 8674 1.8 20 11 2 9 88% 106 3648 399 36%
c v  6.71  8 14 0 56 93 1 276718 7996 1.8 20 11 2 9 88% 106 3648 399 36%
c w  6.72  8 14 0 56 93 1 276718 7440 1.8 20 11 2 9 88% 106 3648 399 36%
c x  6.73  8 14 0 56 93 1 276718 7435 1.8 20 11 2 9 88% 106 3523 399 36%
c -  6.89  8 14 0 57 96 1 283921 7948 1.8 20 11 2 9 88% 106 3523 399 36%
c -  7.08  8 14 0 58 100 1 291471 8063 1.8 20 11 2 8 88% 106 3523 399 36%
c W  7.26  7 15 0 58 106 1 298618 12586 1.8 20 12 2 8 88% 106 3523 399 36%
c -  7.27  7 15 0 59 106 1 299087 8175 1.8 20 12 2 8 88% 106 3523 399 36%
c -  7.47  8 15 0 60 108 1 306770 8077 1.7 20 12 2 8 88% 106 3523 399 36%
c -  7.66  8 14 0 61 110 1 314515 8303 1.7 20 12 2 8 88% 106 3523 399 36%
c -  7.82  8 14 0 62 115 1 322326 8772 1.7 20 12 2 8 88% 106 3523 399 36%
c s  8.00  8 14 0 62 119 1 329691 12444 1.7 20 11 2 8 88% 107 3519 399 36%
c e  8.01  8 14 0 62 119 1 329691 12444 1.7 20 11 2 8 88%  68 4215 345 31%
c s  8.01  8 14 0 62 119 1 329691 12444 1.7 20 11 2 8 88%  68 3969 345 31%
c
c seconds  switched   rate          size/glue  tier1   binary      remaining
c        MB  reductions conflicts         size   tier2   irredundant
c         level  restarts      redundant     glue   trail      variables
c
c e  8.01  8 14 0 62 119 1 329691 12444 1.7 20 11 2 8 88%  62 4035 340 31%
c !  8.01  8 14 0 62 119 1 329691 12444 1.7 20 11 2 8 88%  62 4035 340 31%
c o  8.01  8 14 0 62 119 1 329691 6165 1.7 20 11 2 8 88%  62 4035 340 31%
c -  8.02  7 14 0 63 119 1 330201 4485 1.7 20 12 2 8 88%  62 4035 340 31%
c u  8.04  7 14 0 63 120 1 331148 4656 1.7 20 12 2 8 88%  62 4035 340 31%
c v  8.06  7 14 0 63 120 1 331148 4054 1.7 20 12 2 8 88%  62 4035 340 31%
c w  8.07  7 14 0 63 120 1 331148 3547 1.7 20 12 2 8 88%  62 4035 340 31%
c x  8.08  6 14 0 63 120 1 331148 3540 1.7 20 12 2 8 88%  64 3835 340 31%
c f  8.15  6 14 0 63 120 1 331148 3540 1.7 20 12 2 8 88%  66 3812 341 31%
c u  8.16  7 14 0 63 120 1 331148 3463 1.7 20 12 2 8 88%  66 3812 341 31%
c v  8.17  7 14 0 63 120 1 331148 3208 1.7 20 12 2 8 88%  66 3812 341 31%
c w  8.18  7 14 0 63 120 1 331148 3075 1.7 20 12 2 8 88%  66 3812 341 31%
c x  8.18  7 14 0 63 120 1 331148 3075 1.7 20 12 2 8 88%  66 3795 341 31%
c -  8.30  7 14 0 64 123 1 338138 4493 1.7 19 12 2 8 88%  66 3795 341 31%
c -  8.44  7 14 0 65 124 1 346139 5593 1.7 19 11 2 8 88%  66 3795 341 31%
c O  8.46  7 14 0 65 124 1 346780 6048 1.7 19 11 2 8 88%  66 3795 341 31%
c -  8.63  8 14 0 66 124 1 354201 6512 1.7 19 12 2 8 88%  66 3795 341 31%
c -  8.80  8 14 0 67 124 1 362325 6551 1.7 19 11 2 8 88%  66 3795 341 31%
c -  8.98  8 14 0 68 125 1 370510 6875 1.7 19 11 2 8 88%  66 3795 341 31%
c -  9.16  8 14 0 69 125 1 378756 7235 1.7 19 11 2 8 88%  66 3795 341 31%
c
c seconds  switched   rate         size/glue  tier1   binary      remaining
c        MB  reductions conflicts        size   tier2   irredundant
c         level  restarts     redundant     glue   trail      variables
c
c -  9.35  8 14 0 70 125 1 387062 8267 1.7 19 11 2 8 88%  66 3795 341 31%
c u  9.44  8 14 0 70 125 1 390433 9638 1.7 19 11 2 8 88%  66 3795 341 31%
c v  9.49  8 14 0 70 125 1 390433 8484 1.7 19 11 2 8 88%  66 3795 341 31%
c w  9.50  8 14 0 70 125 1 390433 7878 1.7 19 11 2 8 88%  66 3795 341 31%
c -  9.61  8 14 0 71 126 1 395429 6887 1.7 19 11 2 8 88%  66 3795 341 31%
c B  9.68  8 14 0 71 126 1 399567 8978 1.7 19 11 2 8 88%  66 3795 341 31%
c -  9.77  8 14 0 72 126 1 403855 7287 1.7 19 11 2 8 88%  66 3795 341 31%
c -  9.93  8 14 0 73 126 1 412340 7565 1.7 19 11 2 8 88%  66 3795 341 31%
c - 10.10  8 14 0 74 126 1 420885 7587 1.7 19 11 2 8 88%  66 3795 341 31%
c - 10.29  8 14 0 75 126 1 429487 7919 1.7 19 11 2 8 88%  66 3795 341 31%
c - 10.49  8 14 0 76 126 1 438148 8682 1.7 19 11 2 8 88%  66 3795 341 31%
c - 10.70  8 14 0 77 126 1 446866 9130 1.7 19 11 2 8 88%  66 3795 341 31%
c u 10.90  8 14 0 77 126 1 455189 13020 1.7 19 11 2 8 88%  66 3795 341 31%
c v 10.93  9 14 0 77 126 1 455189 12422 1.7 19 11 2 8 88%  66 3795 341 31%
c w 10.94  9 14 0 77 126 1 455189 10022 1.7 19 11 2 8 88%  66 3795 341 31%
c x 10.95  9 14 0 77 126 1 455189 10016 1.7 19 11 2 8 88%  66 3793 341 31%
c o 10.95  9 14 0 77 126 1 455189 10016 1.7 19 11 2 8 88%  66 3793 341 31%
c - 10.96  8 14 0 78 126 1 455641 7408 1.7 19 11 2 8 88%  66 3793 341 31%
c W 11.00  7 14 0 78 126 1 457151 8463 1.7 19 11 2 8 88%  66 3793 341 31%
c - 11.14  7 14 0 79 129 1 464473 7598 1.7 19 11 2 8 88%  66 3793 341 31%
c
c seconds  switched   rate          size/glue  tier1   binary      remaining
c        MB  reductions conflicts         size   tier2   irredundant
c         level  restarts      redundant     glue   trail      variables
c
c e 11.24  8 14 0 79 133 1 469307 10514 1.7 19 11 2 8 88%  58 3893 333 30%
c s 11.24  8 14 0 79 133 1 469307 10514 1.7 19 11 2 8 88%  59 3847 333 30%
c - 11.32  8 14 0 80 134 1 473361 7278 1.7 19 11 2 8 88%  59 3847 333 30%
c - 11.49  8 14 0 81 140 1 482305 7415 1.6 19 12 2 8 89%  59 3847 333 30%
c - 11.65  8 14 0 82 141 1 491306 7784 1.6 19 11 2 8 89%  59 3847 333 30%
c - 11.83  8 14 0 83 147 1 500361 8216 1.6 19 12 2 8 89%  59 3847 333 30%
c - 12.03  8 14 0 84 151 1 509471 8252 1.6 19 12 2 8 89%  59 3847 333 30%
c - 12.22  8 14 0 85 156 1 518637 9103 1.7 19 11 2 8 89%  59 3847 333 30%
c I 12.24  8 14 0 85 156 1 519701 9741 1.7 19 11 2 8 89%  59 3847 333 30%
c u 12.35  8 14 0 85 156 1 525523 13300 1.6 19 11 2 8 89%  60 3847 333 30%
c v 12.39  9 14 0 85 156 1 525523 11874 1.6 19 11 2 8 89%  60 3847 333 30%
c w 12.41  9 14 0 85 156 1 525523 10453 1.6 19 11 2 8 89%  60 3847 333 30%
c = 12.55  9 14 0 85 156 1 525523 10453 1.6 19 11 2 8 89%  62 3845 332 30%
c d 12.55  9 14 0 85 156 1 525523 10453 1.6 19 11 2 8 89%  60 3845 332 30%
c u 12.57  9 14 0 85 156 1 525523 10357 1.6 19 11 2 8 89%  60 3845 332 30%
c v 12.60  9 14 0 85 156 1 525523 9692 1.6 19 11 2 8 89%  60 3845 332 30%
c w 12.63  9 14 0 85 156 1 525523 8207 1.6 19 11 2 8 89%  60 3845 332 30%
c - 12.68  8 14 0 86 157 1 527856 6335 1.7 19 12 2 8 89%  60 3844 332 30%
c - 12.86  8 14 0 87 157 1 537129 7468 1.7 19 12 2 8 89%  60 3844 332 30%
c - 13.03  8 14 0 88 160 1 546456 8277 1.7 20 12 2 8 89%  60 3844 332 30%
c
c seconds  switched   rate         size/glue  tier1   binary      remaining
c        MB  reductions conflicts        size   tier2   irredundant
c         level  restarts     redundant     glue   trail      variables
c
c - 13.22  8 14 0 89 165 1 555837 9090 1.7 20 12 2 8 89%  60 3844 332 30%
c - 13.45  9 14 0 90 171 1 565270 9831 1.7 20 12 2 8 89%  60 3844 332 30%
c - 13.67  9 14 0 91 172 1 574759 10112 1.7 20 12 2 8 89%  60 3844 332 30%
c - 13.89  9 14 0 92 178 1 584300 10664 1.7 20 12 2 8 89%  60 3843 332 30%
c B 13.96  8 14 0 92 179 1 587383 12876 1.7 20 12 2 8 89%  60 3842 332 30%
c o 13.96  8 14 0 92 179 1 587383 12876 1.7 20 12 2 8 89%  60 3842 332 30%
c - 14.08  9 14 0 93 184 1 593891 11023 1.7 20 12 2 8 89%  60 3839 332 30%
c u 14.24  9 14 0 93 187 1 601350 15664 1.7 20 12 2 8 89%  60 3839 332 30%
c v 14.28  9 14 0 93 187 1 601350 14859 1.7 20 12 2 8 89%  60 3839 332 30%
c w 14.29 10 14 0 93 187 1 601350 14548 1.7 20 12 2 8 89%  60 3839 332 30%
c x 14.31 10 14 0 93 187 1 601350 14546 1.7 20 12 2 8 89%  60 3782 332 30%
c - 14.53  9 14 0 94 187 1 603534 9405 1.7 20 12 2 8 89%  60 3782 332 30%
c - 14.72  9 14 0 95 188 1 613229 9329 1.7 20 12 2 8 88%  60 3782 332 30%
c - 14.90  9 14 0 96 188 1 622977 10394 1.7 20 12 2 8 88%  60 3782 332 30%
c - 15.08 10 14 0 97 189 1 632774 10567 1.7 19 12 2 8 88%  60 3782 332 30%
c s 15.25 10 14 0 97 189 1 641368 16737 1.7 19 11 2 8 87%  60 3779 332 30%
c e 15.25  8 14 0 97 189 1 641368 16737 1.7 19 11 2 8 87%  56 3820 329 30%
c s 15.25  8 14 0 97 189 1 641368 16737 1.7 19 11 2 8 87%  56 3801 329 30%
c - 15.28  9 14 0 98 189 1 642624 9923 1.7 19 11 2 8 87%  56 3801 329 30%
c - 15.47  9 14 0 99 189 1 652523 10419 1.7 19 11 2 8 87%  56 3801 329 30%
c
c seconds  switched   rate          size/glue  tier1   binary      remaining
c        MB  reductions conflicts         size   tier2   irredundant
c         level  restarts      redundant     glue   trail      variables
c
c W 15.64  8 14 0 99 191 1 660358 14794 1.7 19 11 2 8 88%  56 3801 329 30%
c - 15.68  8 14 0 100 192 1 662474 10638 1.7 19 11 2 8 88%  56 3801 329 30%
c - 15.89  8 14 0 101 198 1 672474 11292 1.6 18 11 2 8 88%  56 3801 329 30%
c - 16.11  8 14 0 102 203 1 682524 12401 1.7 19 11 2 8 88%  56 3801 329 30%
c u 16.14  8 14 0 102 204 1 683125 12164 1.7 19 11 2 8 88%  56 3801 329 30%
c v 16.20  8 14 0 102 204 1 683125 10016 1.7 19 11 2 8 88%  56 3801 329 30%
c w 16.22  8 14 0 102 204 1 683125 8478 1.7 19 11 2 8 88%  56 3801 329 30%
c - 16.44  8 14 0 103 206 1 692624 9006 1.7 18 11 2 8 88%  56 3801 329 30%
c - 16.72  8 14 0 104 211 1 702772 9420 1.6 18 11 2 8 88%  56 3801 329 30%
c - 16.97  8 13 0 105 218 1 712970 10492 1.6 18 11 2 8 88%  56 3801 329 30%
c - 17.21  8 13 0 106 219 1 723217 11781 1.7 18 11 2 8 88%  56 3801 329 30%
c - 17.44  8 13 0 107 220 1 733512 12780 1.7 18 11 2 8 88%  56 3801 329 30%
c O 17.58  8 13 0 107 220 1 738786 15520 1.7 18 11 2 8 88%  56 3801 329 30%
c o 17.58  8 13 0 107 220 1 738786 15520 1.7 18 11 2 8 88%  56 3801 329 30%
c - 17.70  8 13 0 108 223 1 743856 12180 1.6 18 11 2 8 88%  56 3801 329 30%
c - 17.93  8 13 0 109 229 1 754248 11284 1.6 17 11 2 7 88%  56 3801 329 30%
c - 18.17  8 13 0 110 234 1 764689 10332 1.6 17 11 2 7 88%  56 3801 329 30%
c u 18.36  8 13 0 110 235 1 770659 13548 1.7 17 11 2 7 88%  56 3801 329 30%
c v 18.40  8 13 0 110 235 1 770659 12686 1.7 17 11 2 7 88%  56 3801 329 30%
c w 18.42  8 13 0 110 235 1 770659 12070 1.7 17 11 2 7 88%  56 3801 329 30%
c
c seconds  switched    rate          size/glue  tier1   binary      remaining
c        MB  reductions  conflicts         size   tier2   irredundant
c         level   restarts      redundant     glue   trail      variables
c
c x 18.43  8 13 0 110 235 1 770659 12069 1.7 17 11 2 7 88%  56 3786 329 30%
c - 18.54  8 13 0 111 237 1 775179 9029 1.7 18 11 2 7 88%  56 3786 329 30%
c - 18.78  8 13 0 112 242 1 785714 9519 1.7 18 11 2 7 89%  56 3786 329 30%
c - 19.02  8 13 0 113 249 1 796298 9719 1.7 18 11 2 7 89%  56 3786 329 30%
c - 19.24  8 13 0 114 251 1 806930 10141 1.7 18 11 2 7 89%  56 3786 329 30%
c - 19.48  8 13 0 115 251 1 817607 10518 1.7 18 10 2 7 89%  56 3786 329 30%
c B 19.60  8 13 0 115 252 1 822823 13896 1.7 18 10 2 7 89%  56 3786 329 30%
c - 19.74  8 13 0 116 252 1 828331 11427 1.7 18 10 2 7 89%  56 3786 329 30%
c - 19.98  8 13 0 117 252 1 839102 11062 1.7 18 11 2 7 89%  56 3786 329 30%
c - 20.22  8 13 0 118 252 1 849919 10725 1.7 18 11 2 7 89%  56 3786 329 30%
c - 20.46  8 13 0 119 253 1 860782 10953 1.7 18 11 2 7 89%  56 3786 329 30%
c u 20.55  8 13 0 119 253 1 864130 12331 1.8 18 11 2 7 89%  56 3786 329 30%
c v 20.63  8 13 0 119 253 1 864130 10537 1.8 18 11 2 7 89%  56 3786 329 30%
c w 20.65  8 13 0 119 253 1 864130 9301 1.8 18 11 2 7 89%  56 3786 329 30%
c o 20.89 12 13 0 119 253 1 864130 9301 1.8 18 11 2 7 89%  56 3786 329 30%
c - 21.06 12 13 0 120 253 1 871690 8819 1.7 18 11 2 7 89%  56 3786 329 30%
c - 21.27 12 13 0 121 253 1 882645 9919 1.7 18 11 2 7 88%  56 3786 329 30%
c - 21.50 12 13 0 122 253 1 893646 9701 1.7 18 11 2 7 88%  56 3786 329 30%
c - 21.75 12 13 0 123 253 1 904691 9626 1.7 18 11 2 7 88%  56 3786 329 30%
c W 21.94  7 13 0 123 253 1 912623 14742 1.7 18 11 2 7 89%  56 3786 329 30%
c
c seconds  switched    rate          size/glue  tier1   binary      remaining
c        MB  reductions  conflicts         size   tier2   irredundant
c         level   restarts      redundant     glue   trail      variables
c
c - 22.02  8 13 0 124 253 1 915783 10752 1.7 18 11 2 7 89%  56 3786 329 30%
c - 22.27  8 13 0 125 254 1 926918 11099 1.7 18 11 2 7 89%  56 3786 329 30%
c - 22.52  8 13 0 126 254 1 938099 11656 1.7 18 11 2 7 89%  56 3786 329 30%
c - 22.80  8 13 0 127 254 1 949324 11910 1.7 18 11 2 7 89%  56 3786 329 30%
c - 23.08  8 13 0 128 254 1 960593 12204 1.7 18 11 2 7 89%  56 3786 329 30%
c u 23.17  8 13 0 128 254 1 963550 12670 1.7 18 11 2 7 89%  56 3786 329 30%
c v 23.25  8 13 0 128 254 1 963550 10872 1.7 18 11 2 7 89%  56 3786 329 30%
c w 23.27  8 13 0 128 254 1 963550 9776 1.7 18 11 2 7 89%  56 3786 329 30%
c - 23.45  8 13 0 129 254 1 971906 10259 1.7 18 11 2 7 89%  56 3786 329 30%
c - 23.68  8 13 0 130 254 1 983264 10744 1.7 18 11 2 7 88%  56 3786 329 30%
c - 23.95  8 13 0 131 254 1 994665 10337 1.7 18 11 2 7 89%  56 3786 329 30%
c - 24.19  8 13 0 132 254 1 1006111 11442 1.7 18 11 2 7 88%  56 3786 329 30%
c I 24.24  8 13 0 132 254 1 1008337 13030 1.7 18 11 2 7 88%  56 3786 329 30%
c o 24.24  8 13 0 132 254 1 1008337 13030 1.7 18 11 2 7 88%  56 3786 329 30%
c - 24.40  8 13 0 133 254 1 1017601 12081 1.7 18 11 2 7 88%  56 3786 329 30%
c - 24.59  8 13 0 134 254 1 1029133 11432 1.7 18 11 2 7 88%  56 3786 329 30%
c - 24.83  8 13 0 135 254 1 1040710 11124 1.6 18 11 2 7 88%  56 3786 329 30%
c - 25.04  8 13 0 136 254 1 1052330 11169 1.6 18 11 2 7 88%  56 3786 329 30%
c - 25.26  8 13 0 137 261 1 1063993 11871 1.6 18 11 2 7 88%  56 3786 329 30%
c u 25.40  8 13 0 137 264 1 1068989 14768 1.6 18 11 2 7 88%  56 3786 329 30%
c
c seconds  switched    rate           size/glue  tier1   binary      remaining
c        MB  reductions   conflicts         size   tier2   irredundant
c         level   restarts       redundant     glue   trail      variables
c
c v 25.44  8 13 0 137 264 1 1068989 13788 1.6 18 11 2 7 88%  56 3786 329 30%
c w 25.46  8 13 0 137 264 1 1068989 13256 1.6 18 11 2 7 88%  56 3786 329 30%
c x 25.47  8 13 0 137 264 1 1068989 13256 1.6 18 11 2 7 88%  56 3775 329 30%
c - 25.61  8 13 0 138 268 1 1075697 11548 1.6 18 11 2 7 88%  56 3775 329 30%
c - 25.83  8 13 0 139 271 1 1087445 12107 1.6 18 11 2 7 88%  56 3775 329 30%
c - 26.07  8 13 0 140 278 1 1099236 10691 1.6 18 11 2 7 87%  56 3775 329 30%
c B 26.28  8 13 0 140 283 1 1110115 17176 1.6 17 11 2 7 88%  56 3775 329 30%
c - 26.31  8 13 0 141 284 1 1111069 11192 1.6 17 11 2 7 88%  56 3775 329 30%
c - 26.58  8 13 0 142 285 1 1122944 12523 1.6 17 11 2 7 88%  56 3775 329 30%
c - 26.89  8 13 0 143 285 1 1134861 13077 1.6 17 10 2 7 88%  56 3775 329 30%
c - 27.20  8 13 0 144 292 1 1146820 13241 1.6 17 10 2 7 88%  56 3775 329 30%
c - 27.48  8 12 0 145 299 1 1158820 14283 1.6 17 10 2 7 88%  56 3775 329 30%
c - 27.76  8 12 0 146 303 1 1170861 14791 1.6 16 10 2 7 88%  56 3775 329 30%
c u 28.03  8 12 0 146 308 1 1180566 18172 1.6 16 10 2 7 89%  56 3775 329 30%
c v 28.11  8 12 0 146 308 1 1180566 15583 1.6 16 10 2 7 89%  56 3775 329 30%
c w 28.14  9 12 0 146 308 1 1180566 12746 1.6 16 10 2 7 89%  56 3775 329 30%
c o 28.14  9 12 0 146 308 1 1180566 12746 1.6 16 10 2 7 89%  56 3775 329 30%
c - 28.21  9 12 0 147 310 1 1182945 10836 1.6 16 10 2 7 89%  56 3775 329 30%
c - 28.47  9 12 0 148 315 1 1195070 12136 1.6 16 10 2 7 89%  56 3775 329 30%
c - 28.73  9 12 0 149 316 1 1207236 11442 1.6 17 10 2 7 89%  56 3775 329 30%
c
c seconds  switched    rate           size/glue  tier1   binary      remaining
c        MB  reductions   conflicts         size   tier2   irredundant
c         level   restarts       redundant     glue   trail      variables
c
c W 28.95  9 12 0 149 317 1 1218103 18125 1.6 17 10 2 7 89%  56 3775 329 30%
c - 28.99  9 13 0 150 317 1 1219443 11686 1.6 17 10 2 7 89%  56 3775 329 30%
c - 29.25  9 13 0 151 317 1 1231691 11917 1.6 17 10 2 7 89%  56 3775 329 30%
c - 29.53  9 13 0 152 317 1 1243980 11573 1.6 17 11 2 7 89%  56 3775 329 30%
c - 29.78  9 13 0 153 323 1 1256309 12210 1.6 17 11 2 7 89%  56 3775 329 30%
c - 30.05  9 13 0 154 330 1 1268680 12378 1.6 17 11 2 7 89%  56 3775 329 30%
c - 30.32  9 13 0 155 332 1 1281089 12620 1.6 17 11 2 7 89%  56 3775 329 30%
c - 30.59  9 13 0 156 339 1 1293539 13379 1.6 17 11 2 7 89%  56 3775 329 30%
c u 30.73  9 13 0 156 342 1 1298302 15282 1.6 17 11 2 7 89%  56 3775 329 30%
c v 30.80  9 13 0 156 342 1 1298302 12495 1.6 17 11 2 7 89%  56 3775 329 30%
c w 30.83  9 13 0 156 342 1 1298302 10863 1.6 17 11 2 7 89%  56 3775 329 30%
c - 31.25 13 13 0 157 346 1 1306028 10092 1.6 17 11 2 7 89%  56 3775 329 30%
c - 31.53 13 13 0 158 348 1 1318557 10704 1.6 17 11 2 7 89%  56 3775 329 30%
c - 31.81 13 13 0 159 348 1 1331127 11962 1.6 17 11 2 7 89%  56 3775 329 30%
c O 31.85 13 13 0 159 349 1 1332443 12692 1.6 17 11 2 7 89%  56 3775 329 30%
c o 31.85 13 13 0 159 349 1 1332443 12692 1.6 17 11 2 7 89%  56 3775 329 30%
c - 32.10 13 13 0 160 355 1 1343736 12745 1.6 17 11 2 7 89%  56 3775 329 30%
c - 32.40 13 13 0 161 362 1 1356387 13600 1.6 17 10 2 7 89%  56 3775 329 30%
c - 32.70 13 12 0 162 367 1 1369076 14271 1.6 17 10 2 7 89%  56 3775 329 30%
c - 33.01 13 12 0 163 374 1 1381804 15418 1.7 17 10 2 7 89%  56 3775 329 30%
c
c seconds  switched    rate           size/glue  tier1   binary      remaining
c        MB  reductions   conflicts         size   tier2   irredundant
c         level   restarts       redundant     glue   trail      variables
c
c - 33.34 13 12 0 164 378 1 1394571 15365 1.7 17 10 2 7 89%  56 3775 329 30%
c - 33.64 13 12 0 165 379 1 1407377 15623 1.7 17 10 2 7 89%  56 3775 329 30%
c - 33.94 13 12 0 166 380 1 1420223 17316 1.7 16 10 2 7 89%  56 3775 329 30%
c s 33.97 13 12 0 166 380 1 1421193 17857 1.7 16 10 2 7 89%  57 3770 329 30%
c u 34.04 13 12 0 166 380 1 1422262 17539 1.7 16 10 2 7 89%  58 3770 329 30%
c v 34.14 13 12 0 166 380 1 1422262 13236 1.7 16 10 2 7 89%  58 3770 329 30%
c w 34.17 13 12 0 166 380 1 1422262 11090 1.7 16 10 2 7 89%  58 3770 329 30%
c - 34.40 12 12 0 167 380 1 1433108 11605 1.7 17 10 2 7 89%  58 3770 329 30%
c - 34.66 12 12 0 168 380 1 1446031 12297 1.7 17 10 2 7 89%  58 3770 329 30%
c B 34.84 12 12 0 168 381 1 1453277 16411 1.7 16 10 2 7 89%  58 3770 329 30%
c - 34.97 12 12 0 169 381 1 1458993 13893 1.7 16 10 2 7 89%  58 3770 329 30%
c - 35.25 13 12 0 170 381 1 1471994 14276 1.6 16 10 2 7 89%  58 3770 329 30%
c - 35.56 13 12 0 171 381 1 1485033 13705 1.6 16 10 2 7 89%  58 3770 329 30%
c - 35.86 13 12 0 172 381 1 1498109 15395 1.6 16 10 2 7 89%  58 3770 329 30%
c - 36.19 13 12 0 173 381 1 1511223 16048 1.7 16 10 2 7 89%  58 3770 329 30%
c - 36.49 13 12 0 174 388 1 1524375 15669 1.6 16 10 2 7 89%  58 3770 329 30%
c - 36.83 13 12 0 175 396 1 1537565 16240 1.6 16 10 2 7 89%  59 3770 329 30%
c - 37.16 13 11 0 176 401 1 1550793 17130 1.6 15 9 2 7 89%  60 3770 329 30%
c u 37.24 13 11 0 176 402 1 1552497 16981 1.6 15 9 2 7 89%  73 3770 329 30%
c v 37.30 13 11 0 176 402 1 1552497 12846 1.6 15 9 2 7 89%  74 3770 329 30%
c
c seconds  switched    rate           size/glue tier1   binary      remaining
c        MB  reductions   conflicts         size  tier2   irredundant
c         level   restarts       redundant    glue   trail      variables
c
c w 37.32 13 11 0 176 402 1 1552497 10602 1.6 15 9 2 7 89%  74 3770 329 30%
c x 37.33 13 11 0 176 402 1 1552497 10591 1.6 15 9 2 7 89%  79 3718 329 30%
c o 37.33 13 11 0 176 402 1 1552497 10591 1.6 15 9 2 7 89%  79 3718 329 30%
c i 37.49 13 11 0 176 405 1 1559699 14330 1.6 15 9 2 7 89%  86 3718 328 29%
c - 37.56 12 11 0 177 409 1 1564060 8738 1.6 15 9 2 7 88%  72 3709 328 29%
c - 37.78 12 11 0 178 411 1 1577364 12020 1.6 15 9 2 7 87%  73 3709 328 29%
c W 37.86 12 11 0 178 412 1 1580745 14129 1.6 15 9 2 7 87%  72 3537 328 29%
c - 38.06 13 12 0 179 412 1 1590705 13634 1.6 15 9 2 7 87%  72 3537 328 29%
c - 38.32 12 12 0 180 419 1 1604084 13571 1.6 16 10 2 7 87%  72 3537 328 29%
c - 38.58 12 12 0 181 426 1 1617500 13486 1.6 16 10 2 7 88%  72 3537 328 29%
c - 38.84 13 12 0 182 430 1 1630953 15202 1.7 16 10 2 7 87%  72 3537 328 29%
c - 39.14 13 12 0 183 438 1 1644444 16229 1.6 16 10 2 7 88%  72 3537 328 29%
c - 39.47 13 12 0 184 442 1 1657972 15798 1.7 16 10 2 7 88%  72 3537 328 29%
c - 39.79 13 12 0 185 443 1 1671536 16865 1.7 16 9 2 7 88%  72 3537 328 29%
c - 40.11 13 11 0 186 444 1 1685137 18213 1.7 16 9 2 7 88%  72 3537 328 29%
c u 40.25 13 11 0 186 444 1 1689242 20010 1.7 15 9 2 7 88% 104 3508 328 29%
c v 40.34 13 11 0 186 444 1 1689242 16453 1.7 15 9 2 7 88% 104 3508 328 29%
c w 40.38 13 11 0 186 444 1 1689242 14333 1.7 15 9 2 7 88% 104 3508 328 29%
c d 40.38 13 11 0 186 444 1 1689242 14332 1.7 15 9 2 7 88% 102 3506 327 29%
c t 40.38 13 11 0 186 444 1 1689242 14332 1.7 15 9 2 7 88% 101 3506 327 29%
c
c seconds  switched    rate           size/glue tier1   binary      remaining
c        MB  reductions   conflicts         size  tier2   irredundant
c         level   restarts       redundant    glue   trail      variables
c
c u 40.41 13 11 0 186 444 1 1689242 13999 1.7 15 9 2 7 88% 101 3506 327 29%
c v 40.48 13 11 0 186 444 1 1689242 12623 1.7 15 9 2 7 88% 101 3506 327 29%
c w 40.50 13 11 0 186 444 1 1689242 11785 1.7 15 9 2 7 88% 101 3506 327 29%
c x 40.51 13 11 0 186 444 1 1689242 11764 1.7 15 9 2 7 88% 109 3385 327 29%
c t 40.51 13 11 0 186 444 1 1689242 11764 1.7 15 9 2 7 88% 106 3385 327 29%
c - 40.72 12 11 0 187 444 1 1698777 13328 1.7 16 9 2 7 88% 107 3384 327 29%
c - 41.08 13 11 0 188 447 1 1712452 16097 1.8 16 9 2 7 88% 107 3384 327 29%
c I 41.14 13 11 0 188 449 1 1714984 17570 1.8 16 9 2 7 88% 107 3384 327 29%
c o 41.14 13 11 0 188 449 1 1714984 17570 1.8 16 9 2 7 88% 107 3384 327 29%
c - 41.37 13 11 0 189 454 1 1726163 16169 1.7 16 9 2 7 88% 107 3384 327 29%
c s 41.65 13 11 0 189 459 1 1737911 23406 1.7 16 9 2 7 87% 108 3380 327 29%
c e 41.65 13 11 0 189 459 1 1737911 23406 1.7 16 9 2 7 87%  83 3497 315 28%
c s 41.65 13 11 0 189 459 1 1737911 23406 1.7 16 9 2 7 87%  83 3471 315 28%
c - 41.71 13 11 0 190 459 1 1739910 15469 1.7 16 9 2 7 87%  83 3471 315 28%
c - 42.03 13 11 0 191 466 1 1753694 16080 1.7 15 9 2 7 88%  84 3471 315 28%
c - 42.36 13 11 0 192 474 1 1767514 17819 1.7 15 9 2 7 88%  85 3471 315 28%
c i 42.60 13 11 0 192 475 1 1779184 24474 1.7 15 9 2 7 88%  99 3471 314 28%
c - 42.66 12 11 0 193 475 1 1781371 9494 1.7 15 9 2 7 88%  82 3471 314 28%
c - 42.94 12 11 0 194 478 1 1795264 12957 1.7 15 9 2 7 88%  82 3471 314 28%
c - 43.30 13 11 0 195 486 1 1809192 16454 1.7 15 9 2 7 88%  82 3471 314 28%
c
c seconds  switched    rate           size/glue tier1   binary      remaining
c        MB  reductions   conflicts         size  tier2   irredundant
c         level   restarts       redundant    glue   trail      variables
c
c - 43.63 13 11 0 196 490 1 1823156 17254 1.7 15 9 2 7 89%  82 3471 314 28%
c u 43.95 13 11 0 196 497 1 1834369 22836 1.7 15 9 2 7 89%  93 3251 314 28%
c v 44.02 13 11 0 196 497 1 1834369 19158 1.7 15 9 2 7 89%  94 3251 314 28%
c w 44.05 13 11 0 196 497 1 1834369 18056 1.7 15 9 2 7 89%  94 3251 314 28%
c x 44.06 13 11 0 196 497 1 1834369 18040 1.7 15 9 2 7 89%  97 3179 314 28%
c t 44.43 18 11 0 196 497 1 1834369 18040 1.7 15 9 2 7 89%  92 3179 314 28%
c - 44.51 17 11 0 197 498 1 1837157 13803 1.7 15 9 2 7 89%  92 3179 314 28%
c - 44.86 18 11 0 198 505 1 1851194 15052 1.7 15 9 2 7 89%  92 3179 314 28%
c B 44.96 18 11 0 198 505 1 1856131 17959 1.7 15 9 2 7 89%  92 3179 314 28%
c - 45.17 17 11 0 199 506 1 1865266 14460 1.7 15 9 2 6 89%  92 3179 314 28%
c - 45.53 18 11 0 200 507 1 1879372 15040 1.8 16 9 2 6 89%  92 3179 314 28%
c - 45.88 18 11 0 201 507 1 1893514 15975 1.8 16 9 2 6 89%  93 3179 314 28%
c - 46.24 18 11 0 202 508 1 1907691 16315 1.7 15 9 2 6 89%  94 3179 314 28%
c i 46.47 18 11 0 202 508 1 1916999 21088 1.7 15 9 2 6 89% 105 3179 313 28%
c o 46.47 18 11 0 202 508 1 1916999 21088 1.7 15 9 2 6 89% 105 3179 313 28%
c - 46.58 17 11 0 203 508 1 1921903 11247 1.7 15 9 2 6 89%  98 3179 313 28%
c - 46.89 18 11 0 204 508 1 1936150 12814 1.7 15 9 2 6 88%  98 3179 313 28%
c - 47.20 18 11 0 205 508 1 1950433 14239 1.7 15 9 2 6 88%  99 3179 313 28%
c - 47.58 18 11 0 206 508 1 1964750 15701 1.7 15 9 2 6 88%  99 3179 313 28%
c - 47.91 18 11 0 207 509 1 1979102 16753 1.7 15 9 2 6 88% 100 3179 313 28%
c
c seconds  switched    rate           size/glue tier1   binary      remaining
c        MB  reductions   conflicts         size  tier2   irredundant
c         level   restarts       redundant    glue   trail      variables
c
c i 48.09 18 11 0 207 509 1 1987369 22201 1.7 15 9 2 6 88% 112 3179 310 28%
c u 48.14 18 11 0 207 509 1 1987625 8805 1.7 15 9 2 6 88% 181 2663 310 28%
c v 48.19 18 11 0 207 509 1 1987625 7128 1.7 15 9 2 6 88% 183 2663 310 28%
c w 48.19 18 11 0 207 509 1 1987625 7045 1.7 15 9 2 6 88% 183 2663 310 28%
c x 48.20 18 11 0 207 509 1 1987625 7018 1.7 15 9 2 6 88% 192 2483 310 28%
c d 48.20 18 11 0 207 509 1 1987625 7018 1.7 15 9 2 6 88% 178 2483 303 27%
c t 48.20 18 11 0 207 509 1 1987625 7018 1.7 15 9 2 6 88% 157 2483 303 27%
c u 48.22 18 11 0 207 509 1 1987625 6371 1.7 15 9 2 6 88% 158 2483 303 27%
c v 48.25 18 11 0 207 509 1 1987625 5552 1.7 15 9 2 6 88% 158 2483 303 27%
c w 48.26 18 11 0 207 509 1 1987625 5495 1.7 15 9 2 6 88% 158 2483 303 27%
c x 48.26 18 11 0 207 509 1 1987625 5495 1.7 15 9 2 6 88% 160 2456 303 27%
c t 48.26 18 11 0 207 509 1 1987625 5495 1.7 15 9 2 6 88% 158 2456 303 27%
c - 48.39 17 11 0 208 509 1 1993489 7134 1.7 15 9 2 6 88% 124 2456 303 27%
c i 48.46 17 11 0 208 509 1 1996106 8472 1.7 15 9 2 6 88% 128 2456 302 27%
c i 48.52 17 10 0 208 509 1 1998985 10100 1.7 15 8 2 6 88% 139 2456 300 27%
c i 48.57 17 10 0 208 509 1 2001358 11453 1.8 15 8 2 6 88% 148 2456 299 27%
c i 48.63 17 10 0 208 509 1 2003388 12289 1.8 15 8 2 6 88% 155 2456 298 27%
c i 48.64 17 10 0 208 509 1 2003708 12384 1.8 15 8 2 6 88% 162 2456 294 26%
c i 48.65 17 10 0 208 509 1 2003837 12431 1.8 15 8 2 6 88% 167 2456 293 26%
c i 48.65 17 10 0 208 509 1 2003900 12444 1.8 15 8 2 6 88% 173 2456 291 26%
c
c seconds  switched    rate           size/glue tier1   binary      remaining
c        MB  reductions   conflicts         size  tier2   irredundant
c         level   restarts       redundant    glue   trail      variables
c
c i 48.65 17 10 0 208 509 1 2003945 12448 1.8 15 8 2 6 88% 178 2456 286 26%
c i 48.65 17 10 0 208 509 1 2003995 12469 1.8 15 8 2 6 88% 182 2456 277 25%
c i 48.65 17 10 0 208 509 1 2004006 12469 1.8 15 8 2 6 88% 186 2456 256 23%
c i 48.65 17 10 0 208 509 1 2004010 12469 1.8 15 8 2 6 88% 187 2456 239 21%
c ] 48.65 17 10 0 208 509 1 2004013 12469 1.8 15 8 2 6 88% 188 2456 195 18%
c 0 48.65 17 0 0 208 509 0 2004013 12469 0.0 0 0 2 6 0% 188 2456 195 18%
c
c ---- [ result ] ------------------------------------------------------------
c
s UNSATISFIABLE
c
c ---- [ profiling ] ---------------------------------------------------------
c
c          44.25   90.95 %  search
c          44.25   90.95 %  stable
c           4.38    9.01 %  simplify
c           4.31    8.86 %  probe
c           2.63    5.40 %  vivify
c           1.59    3.27 %  sweep
c           0.27    0.56 %  reduce
c           0.05    0.10 %  substitute
c           0.05    0.10 %  eliminate
c           0.04    0.09 %  walking
c           0.03    0.07 %  factor
c           0.02    0.04 %  preprocess
c           0.01    0.02 %  subsume
c           0.01    0.01 %  congruence
c           0.00    0.01 %  transitive
c           0.00    0.00 %  backbone
c           0.00    0.00 %  lucky
c           0.00    0.00 %  parse
c =============================================
c          48.65  100.00 %  total
c
c ---- [ statistics ] --------------------------------------------------------
c
c conflicts:                          2004013            41189.71 per second
c congruent:                               43                4 %  variables
c decisions:                          2188769                1.09 per conflict
c eliminated:                             785               71 %  variables
c factored:                                64                6 %  variables
c iterations:                              16                1 %  variables
c propagations:                     218609298          4493212    per second
c reductions:                             208             9635    interval
c reordered:                               18           111334    interval
c rephased:                                34            58942    interval
c restarts:                               509             3937    interval
c strengthened:                           977                0 %  checks
c substituted:                             78                7 %  variables
c subsumed:                               714                0 %  checks
c switched:                                 0                0    interval
c vivified:                            153821               46 %  checks
c walks:                                   11           182183    interval
c
c ---- [ glue usage ] --------------------------------------------------------
c
c stable glue 2 used 6485434 clauses 21.12% accumulated 64.12% tier1
c stable glue 3 used 4066336 clauses 13.24% accumulated 77.36%
c stable glue 4 used 1957731 clauses  6.37% accumulated 83.73%
c stable glue 5 used 1193375 clauses  3.89% accumulated 87.62%
c stable glue 6 used  824674 clauses  2.69% accumulated 90.30% tier2
c
c ---- [ resources ] ---------------------------------------------------------
c
c maximum-resident-set-size:        225984512 bytes        216 MB
c process-time:                            49s              48.65 seconds
c
c ---- [ shutting down ] -----------------------------------------------------
c
c exit 20
