c ---- [ banner ] ------------------------------------------------------------
c
c Kissat SAT Solver
c 
c Copyright (c) 2021-2024 Armin Biere University of Freiburg
c Copyright (c) 2019-2021 Armin Biere Johannes Kepler University Linz
c 
c Version 4.0.4 8af8e56f174b778aef3aa45af9f739b2a5f492c2
c gcc (GCC) 15.2.1 20260123 (Red Hat 15.2.1-7) -W -Wall -O3 -DNDEBUG
c Thu Apr 23 06:47:51 PM IST 2026 Linux krishnendu-LN 6.19.12-200.fc43.x86_64 x86_64
c
c ---- [ parsing ] -----------------------------------------------------------
c
c opened and reading DIMACS file:
c
c   /home/krishnendu/Research/fv-invariant-mining/data/circuits/cnf/miter_mult_8bit.cnf
c
c parsed 'p cnf 679 2553' header
c closing input after reading 37235 bytes (36 KB)
c finished parsing after 0.00 seconds
c
c ---- [ options ] -----------------------------------------------------------
c
c --decay=80                       (different from default '50')
c --eliminateeffort=1800           (different from default '100')
c --stable=2                       (different from default '1')
c
c ---- [ solving ] -----------------------------------------------------------
c
c seconds switched rate     size/glue tier1 binary      remaining
c        MB reductions conflicts size  tier2  irredundant
c         level restarts redundant glue  trail      variables
c
c *  0.00  3 0 0 0  0 0   0   0 0.0 0 0 0 0 0% 887 1664 676 100%
c (  0.00  3 0 0 0  0 0   0   0 0.0 0 0 0 0 0% 887 1664 676 100%
c .  0.00  3 0 0 0  0 0   0   0 0.0 0 0 0 0 0% 883 1664 676 100%
c c  0.00  3 0 0 0  0 0   0   0 0.0 0 0 0 0 0% 919 1662 649 96%
c d  0.00  3 0 0 0  0 0   0   0 0.0 0 0 0 0 0% 829 1662 649 96%
c =  0.02  3 0 0 0  0 0   0   0 0.0 0 0 0 0 0% 843 1650 641 95%
c d  0.02  3 0 0 0  0 0   0   0 0.0 0 0 0 0 0% 823 1650 641 95%
c f  0.02  3 0 0 0  0 0   0   0 0.0 0 0 0 0 0% 812 1635 662 98%
c )  0.02  3 0 0 0  0 0   0   0 0.0 0 0 0 0 0% 812 1635 662 98%
c [  0.02  3 0 0 0  0 0   0   0 0.0 0 0 2 6 0% 812 1635 662 98%
c -  0.04  4 12 0 1  0 1 1001 836 3.0 21 7 4 9 86% 816 1635 662 98%
c B  0.04  4 12 0 1  0 1 1001 836 3.0 21 7 4 9 86% 816 1635 662 98%
c -  0.05  4 12 0 2  1 1 2001 1514 2.4 19 8 4 10 82% 819 1635 662 98%
c W  0.06  3 12 0 2  1 1 2003 1516 2.4 19 8 4 10 82% 819 1635 662 98%
c -  0.08  4 12 0 3  2 1 3416 1995 2.2 18 8 3 9 84% 819 1635 662 98%
c u  0.09  4 12 0 3  2 1 3666 2066 2.2 18 8 3 9 85% 823 1635 662 98%
c v  0.09  4 12 0 3  2 1 3666 1961 2.2 18 8 3 9 85% 823 1635 662 98%
c w  0.10  4 12 0 3  2 1 3666 1936 2.2 18 8 3 9 85% 823 1635 662 98%
c x  0.10  4 12 0 3  2 1 3666 1936 2.2 18 8 3 9 85% 829 1604 662 98%
c =  0.11  4 12 0 3  2 1 3666 1936 2.2 18 8 3 9 85% 871 1602 641 95%
c
c seconds  switched rate       size/glue tier1   binary      remaining
c        MB reductions conflicts     size  tier2   irredundant
c         level restarts  redundant    glue   trail      variables
c
c d  0.11  4 12 0 3  2 1 3666 1936 2.2 18 8 3 9 85% 809 1602 641 95%
c t  0.11  4 12 0 3  2 1 3666 1936 2.2 18 8 3 9 85% 806 1602 641 95%
c u  0.11  4 12 0 3  2 1 3666 1919 2.2 18 8 3 9 85% 806 1602 641 95%
c v  0.12  4 12 0 3  2 1 3666 1780 2.2 18 8 3 9 85% 806 1602 641 95%
c w  0.12  4 12 0 3  2 1 3666 1618 2.2 18 8 3 9 85% 806 1602 641 95%
c x  0.12  4 12 0 3  2 1 3666 1617 2.2 18 8 3 9 85% 807 1599 641 95%
c t  0.14  4 12 0 3  2 1 3666 1617 2.2 18 8 3 9 85% 806 1599 641 95%
c I  0.15  4 12 0 3  3 1 4264 2092 2.2 18 8 3 9 86% 806 1599 641 95%
c -  0.16  4 12 0 4  4 1 5148 2309 2.1 18 8 4 10 87% 809 1598 641 95%
c -  0.19  4 12 0 5  5 1 7150 3164 2.1 17 8 4 9 87% 810 1598 641 95%
c B  0.20  5 12 0 5  5 1 8036 3938 2.1 17 8 4 9 87% 811 1598 641 95%
c -  0.23  5 12 0 6  6 1 9386 3858 2.0 17 8 4 9 88% 812 1598 641 95%
c u  0.28  4 12 0 6  6 1 11314 5141 2.0 17 8 3 9 88% 818 1598 641 95%
c v  0.28  5 12 0 6  6 1 11314 5062 2.0 17 8 3 9 88% 818 1598 641 95%
c w  0.28  5 12 0 6  6 1 11314 5054 2.0 17 8 3 9 88% 818 1598 641 95%
c t  0.28  5 12 0 6  6 1 11314 5054 2.0 17 8 3 9 88% 813 1598 641 95%
c o  0.29  5 12 0 6  6 1 11314 5054 2.0 17 8 3 9 88% 813 1598 641 95%
c -  0.30  5 12 0 7  6 1 11835 4160 2.0 17 9 3 9 89% 814 1598 641 95%
c W  0.33  5 12 0 7  8 1 13568 5479 2.0 17 9 3 9 88% 815 1598 641 95%
c -  0.35  5 12 0 8  9 1 14480 4662 2.0 17 9 3 9 88% 816 1598 641 95%
c
c seconds  switched rate        size/glue tier1   binary      remaining
c        MB reductions conflicts      size  tier2   irredundant
c         level restarts   redundant    glue   trail      variables
c
c -  0.40  5 12 0 9 10 1 17309 4958 1.9 17 9 3 9 87% 816 1598 641 95%
c s  0.42  5 12 0 9 11 1 18329 5820 1.9 17 9 3 9 87% 816 1595 641 95%
c e  0.43  5 12 0 9 11 1 18329 5820 1.9 17 9 3 9 87% 250 1899 401 59%
c s  0.43  5 12 0 9 11 1 18329 5820 1.9 17 9 3 9 87% 255 1840 401 59%
c e  0.43  5 12 0 9 11 1 18329 5820 1.9 17 9 3 9 87% 247 1846 396 58%
c ^  0.43  5 12 0 9 11 1 18329 5820 1.9 17 9 3 9 87% 247 1846 396 58%
c -  0.46  5 12 0 10 12 1 20310 2819 1.9 17 9 3 9 86% 247 1846 396 58%
c O  0.47  5 12 0 10 13 1 21099 3398 1.9 17 9 3 9 86% 248 1846 396 58%
c u  0.50  5 12 0 10 13 1 23186 4766 1.9 17 9 3 9 86% 248 1846 396 58%
c v  0.51  5 12 0 10 13 1 23186 4600 1.9 17 9 3 9 86% 248 1846 396 58%
c w  0.51  5 12 0 10 13 1 23186 4447 1.9 17 9 3 9 86% 248 1846 396 58%
c x  0.51  5 12 0 10 13 1 23186 4447 1.9 17 9 3 9 86% 251 1769 396 58%
c t  0.54  5 12 0 10 13 1 23186 4447 1.9 17 9 3 9 86% 247 1769 396 58%
c f  0.54  5 12 0 10 13 1 23186 4447 1.9 17 9 3 9 86% 271 1718 409 60%
c u  0.54  5 12 0 10 13 1 23186 4425 1.9 17 9 3 9 86% 271 1718 409 60%
c v  0.54  5 12 0 10 13 1 23186 4333 1.9 17 9 3 9 86% 271 1718 409 60%
c w  0.55  5 12 0 10 13 1 23186 4303 1.9 17 9 3 9 86% 271 1718 409 60%
c x  0.55  5 12 0 10 13 1 23186 4303 1.9 17 9 3 9 86% 271 1715 409 60%
c o  0.55  5 12 0 10 13 1 23186 4303 1.9 17 9 3 9 86% 271 1715 409 60%
c -  0.55  5 12 0 11 13 1 23473 3590 1.9 17 9 3 9 86% 271 1715 409 60%
c
c seconds  switched  rate        size/glue tier1   binary      remaining
c        MB  reductions conflicts      size  tier2   irredundant
c         level  restarts   redundant    glue   trail      variables
c
c -  0.59  5 12 0 12 14 1 26789 4619 1.9 16 9 3 9 86% 271 1715 409 60%
c -  0.65  5 12 0 13 14 1 30253 5588 1.9 16 9 3 9 86% 271 1715 409 60%
c B  0.66  5 12 0 13 14 1 30860 6059 1.9 16 9 3 9 86% 271 1715 409 60%
c -  0.71  6 11 0 14 15 1 33859 6436 1.9 16 8 3 9 86% 271 1715 409 60%
c e  0.77  6 11 0 14 18 1 37160 8518 1.9 16 8 3 9 86% 201 1823 354 52%
c s  0.77  6 11 0 14 18 1 37160 8518 1.9 16 8 3 9 86% 203 1810 354 52%
c e  0.77  6 11 0 14 18 1 37160 8518 1.9 16 8 3 9 86% 200 1813 353 52%
c ^  0.77  6 11 0 14 18 1 37160 8518 1.9 16 8 3 9 86% 200 1813 353 52%
c -  0.78  6 11 0 15 18 1 37601 4324 1.9 16 8 3 8 87% 200 1813 353 52%
c u  0.81  6 11 0 15 20 1 40099 5768 1.9 16 8 3 8 87% 201 1813 353 52%
c v  0.83  6 11 0 15 20 1 40099 4837 1.9 16 8 3 8 87% 201 1813 353 52%
c w  0.83  6 11 0 15 20 1 40099 4178 1.9 16 8 3 8 87% 201 1813 353 52%
c f  0.83  6 11 0 15 20 1 40099 4178 1.9 16 8 3 8 87% 206 1798 356 53%
c u  0.83  6 11 0 15 20 1 40099 4159 1.9 16 8 3 8 87% 206 1798 356 53%
c v  0.84  6 11 0 15 20 1 40099 4042 1.9 16 8 3 8 87% 206 1798 356 53%
c w  0.84  6 11 0 15 20 1 40099 3939 1.9 16 8 3 8 87% 206 1798 356 53%
c x  0.85  6 11 0 15 20 1 40099 3938 1.9 16 8 3 8 87% 209 1771 356 53%
c =  0.87  6 11 0 15 20 1 40099 3938 1.9 16 8 3 8 87% 211 1769 355 52%
c d  0.87  6 11 0 15 20 1 40099 3938 1.9 16 8 3 8 87% 209 1769 355 52%
c t  0.87  6 11 0 15 20 1 40099 3938 1.9 16 8 3 8 87% 208 1769 355 52%
c
c seconds  switched  rate        size/glue tier1   binary      remaining
c        MB  reductions conflicts      size  tier2   irredundant
c         level  restarts   redundant    glue   trail      variables
c
c -  0.90  6 11 0 16 21 1 41473 3647 1.9 16 8 3 8 87% 208 1769 355 52%
c W  0.92  6 11 0 16 21 1 43082 4595 1.9 15 8 3 8 87% 208 1769 355 52%
c -  0.96  6 11 0 17 22 1 45474 4786 1.9 15 8 3 8 87% 208 1768 355 52%
c -  1.03  6 11 0 18 25 1 49598 5712 1.8 15 8 3 8 87% 208 1767 355 52%
c -  1.10  6 11 0 19 28 1 53840 6146 1.8 15 8 3 8 87% 209 1767 355 52%
c I  1.17  6 11 0 19 29 1 57987 8723 1.8 14 8 3 8 87% 209 1767 355 52%
c o  1.17  6 11 0 19 29 1 57987 8723 1.8 14 8 3 8 87% 209 1767 355 52%
c -  1.17  6 11 0 20 29 1 58198 6743 1.8 14 8 3 8 87% 209 1767 355 52%
c u  1.23  7 10 0 20 29 1 61893 8427 1.8 14 8 3 8 87% 211 1767 355 52%
c v  1.24  7 10 0 20 29 1 61893 7110 1.8 14 8 3 8 87% 211 1767 355 52%
c w  1.25  7 10 0 20 29 1 61893 6480 1.8 14 8 3 8 87% 211 1767 355 52%
c x  1.25  7 10 0 20 29 1 61893 6479 1.8 14 8 3 8 87% 211 1756 355 52%
c t  1.25  7 10 0 20 29 1 61893 6479 1.8 14 8 3 8 87% 210 1756 355 52%
c -  1.26  6 10 0 21 29 1 62670 5756 1.8 14 8 3 8 87% 210 1756 355 52%
c -  1.34  6 10 0 22 30 1 67254 6780 1.8 14 8 3 8 87% 213 1756 355 52%
c i  1.35  6 10 0 22 30 1 67667 6992 1.8 14 8 3 8 87% 220 1756 354 52%
c -  1.42  6 10 0 23 30 1 71945 4752 1.8 14 8 2 8 87% 204 1756 354 52%
c B  1.48  7 10 0 23 30 1 75791 7236 1.8 14 8 2 8 87% 204 1756 354 52%
c -  1.50  7 10 0 24 30 1 76740 6664 1.8 14 8 2 8 87% 204 1756 354 52%
c s  1.53  7 10 0 24 30 1 78258 7655 1.8 14 8 2 8 87% 204 1695 354 52%
c
c seconds  switched  rate        size/glue tier1   binary      remaining
c        MB  reductions conflicts      size  tier2   irredundant
c         level  restarts   redundant    glue   trail      variables
c
c e  1.53  7 10 0 24 30 1 78258 7655 1.8 14 8 2 8 87% 152 1784 319 47%
c s  1.53  7 10 0 24 30 1 78258 7655 1.8 14 8 2 8 87% 152 1759 319 47%
c e  1.53  7 10 0 24 30 1 78258 7655 1.8 14 8 2 8 87% 152 1761 318 47%
c ^  1.53  7 10 0 24 30 1 78258 7655 1.8 14 8 2 8 87% 152 1761 318 47%
c -  1.57  7 10 0 25 30 1 81640 3654 1.8 14 8 2 8 87% 165 1748 318 47%
c -  1.66  6 10 0 26 34 1 86640 5163 1.8 14 8 2 7 86% 165 1748 318 47%
c d  1.69  6 10 0 26 36 1 88733 6727 1.8 14 8 2 7 86% 157 1747 314 46%
c u  1.70  6 10 0 26 36 1 88733 6303 1.8 14 8 2 7 86% 159 1747 314 46%
c v  1.71  6 10 0 26 36 1 88733 5631 1.8 14 8 2 7 86% 159 1747 314 46%
c w  1.71  6 10 0 26 36 1 88733 5289 1.8 14 8 2 7 86% 159 1747 314 46%
c x  1.71  6 10 0 26 36 1 88733 5286 1.8 14 8 2 7 86% 160 1715 314 46%
c =  1.76  6 10 0 26 36 1 88733 5286 1.8 14 8 2 7 86% 164 1707 311 46%
c d  1.76  6 10 0 26 36 1 88733 5079 1.8 14 8 2 7 86% 159 1707 311 46%
c t  1.76  6 10 0 26 36 1 88733 5079 1.8 14 8 2 7 86% 156 1707 311 46%
c f  1.76  6 10 0 26 36 1 88733 5079 1.8 14 8 2 7 86% 156 1702 312 46%
c u  1.77  6 10 0 26 36 1 88733 4985 1.8 14 8 2 7 86% 155 1702 312 46%
c v  1.78  6 10 0 26 36 1 88733 4799 1.8 14 8 2 7 86% 155 1702 312 46%
c w  1.78  6 10 0 26 36 1 88733 4215 1.8 14 8 2 7 86% 155 1702 312 46%
c x  1.79  6 10 0 26 36 1 88733 4215 1.8 14 8 2 7 86% 155 1698 312 46%
c o  1.84  6 10 0 26 36 1 88733 4215 1.8 14 8 2 7 86% 155 1698 312 46%
c
c seconds  switched  rate        size/glue tier1   binary      remaining
c        MB  reductions conflicts      size  tier2   irredundant
c         level  restarts   redundant    glue   trail      variables
c
c -  1.88  6 10 0 27 37 1 91740 4582 1.8 14 8 2 7 86% 155 1698 312 46%
c W  1.95  6 10 0 27 40 1 96703 7577 1.8 14 8 2 7 86% 155 1698 312 46%
c -  1.96  6 10 0 28 40 1 96937 6045 1.8 14 8 2 7 86% 155 1698 312 46%
c -  2.05  6 10 0 29 43 1 102229 7083 1.8 14 8 2 7 86% 156 1698 312 46%
c i  2.14  6 10 0 29 44 1 106875 9332 1.8 14 8 2 7 86% 165 1698 311 46%
c -  2.17  6 10 0 30 45 1 107614 4524 1.8 14 8 2 7 86% 154 1698 311 46%
c -  2.32  6 10 0 31 45 1 113092 5862 1.8 13 8 2 7 86% 155 1698 311 46%
c i  2.38  6 10 0 31 47 1 116244 7272 1.8 13 8 2 7 86% 166 1698 310 46%
c -  2.43  6 10 0 32 48 1 118659 4398 1.8 13 7 2 7 86% 150 1698 310 46%
c i  2.45  6 10 0 32 49 1 119824 4949 1.8 13 7 2 7 86% 159 1698 309 46%
c O  2.47  6 10 0 32 50 1 120929 5521 1.8 13 7 2 7 86% 159 1698 309 46%
c u  2.49  6 10 0 32 50 1 121122 3345 1.8 13 7 2 7 86% 204 1524 309 46%
c v  2.51  6 10 0 32 50 1 121122 2691 1.8 13 7 2 7 86% 206 1524 309 46%
c w  2.51  6 10 0 32 50 1 121122 2506 1.8 13 7 2 7 86% 206 1524 309 46%
c d  2.51  6 10 0 32 50 1 121122 2505 1.8 13 7 2 7 86% 172 1512 292 43%
c t  2.51  6 10 0 32 50 1 121122 2505 1.8 13 7 2 7 86% 165 1512 292 43%
c u  2.51  6 10 0 32 50 1 121122 2246 1.8 13 7 2 7 86% 165 1512 292 43%
c v  2.53  6 10 0 32 50 1 121122 1747 1.8 13 7 2 7 86% 165 1512 292 43%
c w  2.53  6 10 0 32 50 1 121122 1728 1.8 13 7 2 7 86% 165 1512 292 43%
c x  2.53  6 10 0 32 50 1 121122 1723 1.8 13 7 2 7 86% 166 1484 292 43%
c
c seconds  switched  rate         size/glue tier1   binary      remaining
c        MB  reductions conflicts       size  tier2   irredundant
c         level  restarts    redundant    glue   trail      variables
c
c =  2.61  5 10 0 32 50 1 121122 1723 1.8 13 7 2 7 86% 170 1469 289 43%
c d  2.61  5 10 0 32 50 1 121122 1602 1.8 13 7 2 7 86% 164 1469 289 43%
c i  2.63  5 10 0 32 51 1 122780 2615 1.8 13 7 2 7 86% 175 1469 288 42%
c i  2.65  5 9 0 32 52 1 123534 2925 1.8 13 7 2 7 86% 184 1469 287 42%
c i  2.66  5 9 0 32 52 1 124071 3156 1.8 13 7 2 7 86% 195 1469 286 42%
c i  2.66  5 9 0 32 52 1 124194 3190 1.8 13 7 2 7 86% 203 1469 285 42%
c i  2.66  5 9 0 32 52 1 124272 3209 1.8 13 7 2 7 86% 212 1469 282 42%
c -  2.67  4 9 0 33 52 1 124316 1274 1.8 13 7 2 7 86% 258 1142 282 42%
c i  2.67  4 9 0 33 52 1 124320 1274 1.8 13 7 2 7 86% 260 1142 281 41%
c i  2.67  4 9 0 33 52 1 124339 1280 1.8 13 7 2 7 86% 262 1142 265 39%
c i  2.67  4 9 0 33 52 1 124353 1280 1.8 13 7 2 7 86% 266 1142 259 38%
c i  2.67  4 9 0 33 52 1 124366 1281 1.8 13 7 2 7 86% 269 1142 248 37%
c i  2.67  4 9 0 33 52 1 124371 1281 1.8 13 7 2 7 86% 272 1142 226 33%
c i  2.67  4 9 0 33 52 1 124374 1281 1.8 13 7 2 7 86% 273 1142 186 27%
c i  2.67  4 9 0 33 52 1 124375 1281 1.8 13 7 2 7 86% 273 1142 166 24%
c i  2.67  4 9 0 33 52 1 124376 1281 1.8 13 7 2 7 86% 273 1142 131 19%
c i  2.67  4 9 0 33 52 1 124377 1281 1.8 13 7 2 7 86% 273 1142 127 19%
c i  2.67  4 9 0 33 52 1 124378 1281 1.8 13 7 2 7 86% 273 1142 126 19%
c i  2.67  4 9 0 33 52 1 124379 1281 1.8 13 7 2 7 86% 273 1142 124 18%
c i  2.67  4 9 0 33 52 1 124380 1281 1.8 13 7 2 7 86% 273 1142 120 18%
c
c seconds switched  rate         size/glue tier1   binary      remaining
c        MB reductions conflicts       size  tier2   irredundant
c         level restarts    redundant    glue   trail      variables
c
c i  2.67  4 9 0 33 52 1 124381 1281 1.8 13 7 2 7 86% 273 1142 119 18%
c i  2.67  4 9 0 33 52 1 124382 1281 1.8 13 7 2 7 86% 273 1142 115 17%
c ]  2.67  4 9 0 33 52 1 124384 1281 1.8 13 7 2 7 86% 273 1142 82 12%
c 0  2.67  4 0 0 33 52 0 124384 1281 0.0 0 0 2 6 0% 273 1142 82 12%
c
c ---- [ result ] ------------------------------------------------------------
c
s UNSATISFIABLE
c
c ---- [ profiling ] ---------------------------------------------------------
c
c           2.16   80.95 %  search
c           2.16   80.95 %  stable
c           0.49   18.55 %  probe
c           0.49   18.33 %  simplify
c           0.28   10.38 %  sweep
c           0.20    7.47 %  vivify
c           0.02    0.86 %  reduce
c           0.02    0.70 %  preprocess
c           0.01    0.33 %  substitute
c           0.01    0.30 %  eliminate
c           0.01    0.20 %  factor
c           0.00    0.18 %  walking
c           0.00    0.11 %  congruence
c           0.00    0.05 %  subsume
c           0.00    0.04 %  transitive
c           0.00    0.02 %  backbone
c           0.00    0.01 %  lucky
c           0.00    0.01 %  parse
c =============================================
c           2.67  100.00 %  total
c
c ---- [ statistics ] --------------------------------------------------------
c
c conflicts:                           124384            46605.84 per second
c congruent:                               27                4 %  variables
c decisions:                           134166                1.08 per conflict
c eliminated:                             337               50 %  variables
c factored:                                38                6 %  variables
c iterations:                              24                4 %  variables
c propagations:                      15986873          5990173    per second
c reductions:                              33             3769    interval
c reordered:                                4            31096    interval
c rephased:                                12            10365    interval
c restarts:                                52             2392    interval
c strengthened:                           120                0 %  checks
c substituted:                             81               12 %  variables
c subsumed:                                99                0 %  checks
c switched:                                 0                0    interval
c vivified:                             16316               44 %  checks
c walks:                                    4            31096    interval
c
c ---- [ glue usage ] --------------------------------------------------------
c
c stable glue 2   used 186477 clauses 20.27% accumulated 57.11% tier1
c stable glue 3   used 127683 clauses 13.88% accumulated 70.99%
c stable glue 4-5 used 124495 clauses 13.54% accumulated 84.52%
c stable glue 6   used  37234 clauses  4.05% accumulated 88.57%
c stable glue 7   used  31659 clauses  3.44% accumulated 92.01% tier2
c
c ---- [ resources ] ---------------------------------------------------------
c
c maximum-resident-set-size:        386809856 bytes        369 MB
c process-time:                             3s               2.67 seconds
c
c ---- [ shutting down ] -----------------------------------------------------
c
c exit 20
