c ---- [ banner ] ------------------------------------------------------------
c
c Kissat SAT Solver
c 
c Copyright (c) 2021-2024 Armin Biere University of Freiburg
c Copyright (c) 2019-2021 Armin Biere Johannes Kepler University Linz
c 
c Version 4.0.4 8af8e56f174b778aef3aa45af9f739b2a5f492c2
c gcc (GCC) 15.2.1 20260123 (Red Hat 15.2.1-7) -W -Wall -O3 -DNDEBUG
c Thu Apr 23 06:47:51 PM IST 2026 Linux krishnendu-LN 6.19.12-200.fc43.x86_64 x86_64
c
c ---- [ parsing ] -----------------------------------------------------------
c
c opened and reading DIMACS file:
c
c   /home/krishnendu/Research/fv-invariant-mining/data/circuits/cnf/miter_mult_8bit.cnf
c
c parsed 'p cnf 679 2553' header
c closing input after reading 37235 bytes (36 KB)
c finished parsing after 0.00 seconds
c
c ---- [ options ] -----------------------------------------------------------
c
c --decay=30                       (different from default '50')
c --eliminateeffort=1600           (different from default '100')
c --stable=0                       (different from default '1')
c
c ---- [ solving ] -----------------------------------------------------------
c
c seconds switched rate     size/glue tier1 binary      remaining
c        MB reductions conflicts size  tier2  irredundant
c         level restarts redundant glue  trail      variables
c
c *  0.00  3 0 0 0  0 0   0   0 0.0 0 0 0 0 0% 887 1664 676 100%
c (  0.00  3 0 0 0  0 0   0   0 0.0 0 0 0 0 0% 887 1664 676 100%
c .  0.00  3 0 0 0  0 0   0   0 0.0 0 0 0 0 0% 883 1664 676 100%
c c  0.00  3 0 0 0  0 0   0   0 0.0 0 0 0 0 0% 919 1662 649 96%
c d  0.00  3 0 0 0  0 0   0   0 0.0 0 0 0 0 0% 829 1662 649 96%
c =  0.02  3 0 0 0  0 0   0   0 0.0 0 0 0 0 0% 843 1650 641 95%
c d  0.02  3 0 0 0  0 0   0   0 0.0 0 0 0 0 0% 823 1650 641 95%
c f  0.02  3 0 0 0  0 0   0   0 0.0 0 0 0 0 0% 812 1635 662 98%
c )  0.02  3 0 0 0  0 0   0   0 0.0 0 0 0 0 0% 812 1635 662 98%
c {  0.02  3 0 0 0  0 0   0   0 0.0 0 0 2 6 0% 812 1635 662 98%
c -  0.04  4 12 0 1 109 2 1000 541 2.2 17 8 3 9 85% 820 1635 662 98%
c -  0.06  4 12 0 2 223 2 2000 938 2.1 17 8 3 9 84% 823 1635 662 98%
c -  0.08  4 13 0 3 255 2 3415 1667 2.4 18 8 3 8 83% 825 1635 662 98%
c u  0.09  4 13 0 3 310 2 3666 1677 2.4 18 8 3 8 83% 835 1635 662 98%
c v  0.09  4 13 0 3 310 2 3666 1474 2.4 18 8 3 8 83% 835 1635 662 98%
c w  0.10  4 13 0 3 310 2 3666 1469 2.4 18 8 3 8 83% 835 1635 662 98%
c x  0.10  4 13 0 3 310 2 3666 1468 2.4 18 8 3 8 83% 839 1598 662 98%
c =  0.11  4 13 0 3 310 2 3666 1468 2.4 18 8 3 8 83% 881 1596 641 95%
c d  0.11  4 13 0 3 310 2 3666 1468 2.4 18 8 3 8 83% 819 1596 641 95%
c t  0.11  4 13 0 3 310 2 3666 1468 2.4 18 8 3 8 83% 809 1596 641 95%
c
c seconds  switched  rate       size/glue tier1   binary      remaining
c        MB reductions conflicts      size  tier2   irredundant
c         level restarts   redundant    glue   trail      variables
c
c u  0.11  4 13 0 3 310 2 3666 1406 2.4 18 8 3 8 83% 812 1596 641 95%
c v  0.12  4 13 0 3 310 2 3666 1368 2.4 18 8 3 8 83% 812 1596 641 95%
c w  0.12  4 13 0 3 310 2 3666 1365 2.4 18 8 3 8 83% 812 1596 641 95%
c x  0.12  4 13 0 3 310 2 3666 1364 2.4 18 8 3 8 83% 812 1591 641 95%
c -  0.15  4 13 0 4 339 2 5147 2025 2.3 17 7 2 8 74% 822 1591 641 95%
c i  0.16  4 12 0 4 339 2 6142 2578 2.3 15 7 2 8 66% 834 1591 640 94%
c -  0.19  4 12 0 5 602 2 7147 2221 2.2 16 7 2 7 69% 824 1591 640 94%
c -  0.25  4 11 0 6 602 2 9384 2904 2.3 15 7 2 6 75% 828 1591 640 94%
c i  0.26  4 11 0 6 602 2 9481 2908 2.3 15 7 2 6 75% 836 1591 637 94%
c o  0.27  5 11 0 6 780 2 10008 3404 2.2 15 7 2 6 75% 842 1591 637 94%
c u  0.31  4 12 0 6 1136 2 11320 3927 2.2 16 7 2 6 76% 856 1567 637 94%
c v  0.31  4 12 0 6 1136 2 11320 3873 2.2 16 7 2 6 76% 857 1567 637 94%
c w  0.32  4 12 0 6 1136 2 11320 3868 2.2 16 7 2 6 76% 857 1567 637 94%
c d  0.32  4 12 0 6 1136 2 11320 3850 2.2 16 7 2 6 76% 842 1564 630 93%
c t  0.32  4 12 0 6 1136 2 11320 3850 2.2 16 7 2 6 76% 835 1564 630 93%
c u  0.32  5 12 0 6 1136 2 11320 3772 2.2 16 7 2 6 76% 835 1564 630 93%
c v  0.32  5 12 0 6 1136 2 11320 3689 2.2 16 7 2 6 76% 835 1564 630 93%
c w  0.33  5 12 0 6 1136 2 11320 3688 2.2 16 7 2 6 76% 835 1564 630 93%
c x  0.33  5 12 0 6 1136 2 11320 3684 2.2 16 7 2 6 76% 837 1530 630 93%
c -  0.36  5 12 0 7 1240 2 11833 3027 2.2 16 7 1 6 76% 838 1530 630 93%
c
c seconds  switched   rate        size/glue tier1   binary      remaining
c        MB reductions  conflicts       size  tier2   irredundant
c         level  restarts    redundant    glue   trail      variables
c
c -  0.43  5 13 0 8 1775 3 14478 3813 2.2 17 8 1 5 77% 847 1530 630 93%
c -  0.52  5 13 0 9 2379 3 17307 4429 2.1 17 8 1 5 79% 852 1530 630 93%
c e  0.55  5 13 0 9 2591 3 18329 5253 2.1 17 8 1 5 79% 257 1868 389 57%
c 2  0.55  5 13 0 9 2591 3 18329 5253 2.1 17 8 1 5 79% 255 1868 389 57%
c s  0.55  5 13 0 9 2591 3 18329 5253 2.1 17 8 1 5 79% 256 1803 389 57%
c e  0.55  5 13 0 9 2591 3 18329 5253 2.1 17 8 1 5 79% 236 1821 380 56%
c ^  0.55  5 13 0 9 2591 3 18329 5253 2.1 17 8 1 5 79% 236 1821 380 56%
c -  0.58  5 13 0 10 2700 3 20309 2460 2.1 17 8 1 5 79% 239 1821 380 56%
c o  0.59  5 13 0 10 2702 2 21124 3041 2.1 17 8 1 5 80% 239 1821 380 56%
c u  0.64  5 13 0 10 3003 2 23231 4693 2.1 17 8 1 5 80% 240 1821 380 56%
c v  0.64  5 13 0 10 3003 2 23231 4497 2.1 17 8 1 5 80% 240 1821 380 56%
c w  0.65  5 13 0 10 3003 2 23231 4326 2.1 17 8 1 5 80% 240 1821 380 56%
c x  0.65  5 13 0 10 3003 2 23231 4325 2.1 17 8 1 5 80% 246 1729 380 56%
c t  0.65  5 13 0 10 3003 2 23231 4325 2.1 17 8 1 5 80% 241 1729 380 56%
c f  0.65  5 13 0 10 3003 2 23231 4325 2.1 17 8 1 5 80% 272 1664 397 59%
c u  0.65  5 13 0 10 3003 2 23231 4290 2.1 17 8 1 5 80% 272 1664 397 59%
c v  0.66  5 13 0 10 3003 2 23231 4046 2.1 17 8 1 5 80% 272 1664 397 59%
c w  0.67  5 13 0 10 3003 2 23231 4019 2.1 17 8 1 5 80% 272 1664 397 59%
c x  0.67  5 13 0 10 3003 2 23231 4019 2.1 17 8 1 5 80% 272 1662 397 59%
c -  0.68  5 13 0 11 3031 2 23473 3062 2.1 18 8 1 5 80% 272 1662 397 59%
c
c seconds  switched    rate        size/glue tier1   binary      remaining
c        MB  reductions  conflicts       size  tier2   irredundant
c         level   restarts    redundant    glue   trail      variables
c
c -  0.74  5 14 0 12 3692 3 26790 4043 2.1 18 8 1 5 81% 273 1662 397 59%
c -  0.82  5 13 0 13 3893 2 30254 4717 2.1 18 8 1 5 82% 276 1662 397 59%
c -  0.89  6 13 0 14 4028 2 33861 6190 2.2 18 8 1 5 81% 279 1662 397 59%
c e  0.95  6 13 0 14 4086 2 37215 9052 2.2 17 8 1 5 80% 210 1766 345 51%
c s  0.95  6 13 0 14 4086 2 37215 9052 2.2 17 8 1 5 80% 211 1749 345 51%
c e  0.95  6 13 0 14 4086 2 37215 9052 2.2 17 8 1 5 80% 203 1760 341 50%
c ^  0.95  6 13 0 14 4086 2 37215 9052 2.2 17 8 1 5 80% 203 1760 341 50%
c -  0.96  6 13 0 15 4189 2 37602 4489 2.2 17 8 1 5 80% 204 1760 341 50%
c u  1.02  6 13 0 15 4566 2 40221 6369 2.1 17 8 1 5 81% 205 1760 341 50%
c v  1.03  6 13 0 15 4566 2 40221 6110 2.1 17 8 1 5 81% 205 1760 341 50%
c w  1.04  6 13 0 15 4566 2 40221 6059 2.1 17 8 1 5 81% 205 1760 341 50%
c =  1.08  6 13 0 15 4566 2 40221 6059 2.1 17 8 1 5 81% 205 1756 340 50%
c t  1.08  6 13 0 15 4566 2 40221 6028 2.1 17 8 1 5 81% 204 1756 340 50%
c f  1.08  6 13 0 15 4566 2 40221 6028 2.1 17 8 1 5 81% 210 1738 344 51%
c u  1.08  6 13 0 15 4566 2 40221 5969 2.1 17 8 1 5 81% 210 1738 344 51%
c v  1.09  6 13 0 15 4566 2 40221 5874 2.1 17 8 1 5 81% 210 1738 344 51%
c w  1.10  6 13 0 15 4566 2 40221 5850 2.1 17 8 1 5 81% 210 1738 344 51%
c x  1.10  6 13 0 15 4566 2 40221 5849 2.1 17 8 1 5 81% 211 1715 344 51%
c o  1.12  6 13 0 15 4774 2 41193 6664 2.1 18 8 1 5 81% 211 1715 344 51%
c -  1.13  6 13 0 16 4847 2 41475 4820 2.1 18 8 1 5 81% 210 1715 344 51%
c
c seconds  switched    rate        size/glue tier1   binary      remaining
c        MB  reductions  conflicts       size  tier2   irredundant
c         level   restarts    redundant    glue   trail      variables
c
c -  1.21  7 13 0 17 5578 2 45475 5495 2.1 18 8 1 5 81% 211 1715 344 51%
c -  1.29  6 13 0 18 5600 2 49599 6824 2.2 18 8 1 5 82% 211 1715 344 51%
c -  1.38  7 13 0 19 6104 2 53842 7570 2.1 17 8 1 5 82% 211 1715 344 51%
c -  1.47  7 13 0 20 6562 2 58201 7632 2.1 17 8 1 5 83% 213 1715 344 51%
c u  1.55  7 13 0 20 6726 2 62114 10396 2.1 17 8 1 5 83% 214 1715 344 51%
c v  1.56  7 13 0 20 6726 2 62114 10282 2.1 17 8 1 5 83% 214 1715 344 51%
c w  1.57  7 13 0 20 6726 2 62114 10256 2.1 17 8 1 5 83% 214 1715 344 51%
c x  1.57  7 13 0 20 6726 2 62114 10255 2.1 17 8 1 5 83% 214 1707 344 51%
c -  1.65  6 13 0 21 6849 2 62674 7876 2.1 17 8 1 5 83% 214 1707 344 51%
c -  1.75  6 13 0 22 7369 2 67258 8448 2.1 17 8 1 5 83% 214 1707 344 51%
c i  1.83  6 12 0 22 7383 2 70498 10213 2.1 17 8 1 5 84% 225 1707 343 51%
c -  1.86  6 12 0 23 7446 2 71948 7288 2.1 17 8 1 5 84% 216 1707 343 51%
c o  1.86  6 12 0 23 7463 2 72010 7336 2.1 17 8 1 5 84% 216 1707 343 51%
c -  1.97  6 12 0 24 8123 2 76744 8004 2.0 17 8 1 5 84% 218 1707 343 51%
c s  2.01  6 12 0 24 8547 2 78496 9380 2.0 17 8 1 5 84% 219 1697 343 51%
c e  2.01  6 12 0 24 8547 2 78496 9380 2.0 17 8 1 5 84% 175 1797 311 46%
c s  2.01  6 12 0 24 8547 2 78496 9380 2.0 17 8 1 5 84% 175 1786 311 46%
c ^  2.01  6 12 0 24 8547 2 78496 9380 2.0 17 8 1 5 84% 175 1786 311 46%
c -  2.08  5 12 0 25 8843 2 81642 7151 2.0 17 8 1 5 84% 175 1786 311 46%
c -  2.19  5 12 0 26 9338 2 86642 8332 2.0 17 8 1 5 84% 175 1786 311 46%
c
c seconds  switched    rate        size/glue tier1   binary      remaining
c        MB  reductions  conflicts       size  tier2   irredundant
c         level   restarts    redundant    glue   trail      variables
c
c u  2.26  5 12 0 26 9621 2 89063 9278 2.0 17 8 1 5 85% 176 1786 311 46%
c v  2.28  6 12 0 26 9621 2 89063 8761 2.0 17 8 1 5 85% 177 1786 311 46%
c w  2.28  6 12 0 26 9621 2 89063 8715 2.0 17 8 1 5 85% 177 1786 311 46%
c t  2.28  6 12 0 26 9621 2 89063 8715 2.0 17 8 1 5 85% 175 1786 311 46%
c f  2.29  6 12 0 26 9621 2 89063 8715 2.0 17 8 1 5 85% 178 1778 312 46%
c u  2.29  6 12 0 26 9621 2 89063 8624 2.0 17 8 1 5 85% 178 1778 312 46%
c v  2.31  6 12 0 26 9621 2 89063 8319 2.0 17 8 1 5 85% 178 1778 312 46%
c w  2.31  6 12 0 26 9621 2 89063 8293 2.0 17 8 1 5 85% 178 1778 312 46%
c x  2.32  6 12 0 26 9621 2 89063 8293 2.0 17 8 1 5 85% 179 1755 312 46%
c -  2.38  6 12 0 27 10167 2 91743 7511 2.0 17 8 1 5 85% 179 1755 312 46%
c -  2.48  6 12 0 28 10286 2 96939 8377 2.0 16 8 1 5 85% 181 1755 312 46%
c -  2.59  6 12 0 29 10931 2 102230 8941 2.0 16 8 1 5 85% 183 1755 312 46%
c -  2.73  6 12 0 30 10952 2 107615 9950 2.0 16 8 1 4 85% 183 1755 312 46%
c -  2.84  6 12 0 31 10967 2 113093 10634 2.0 16 8 1 4 85% 184 1755 312 46%
c o  2.93  6 12 0 31 11018 2 117761 13759 2.0 16 8 1 4 85% 185 1755 312 46%
c -  2.95  6 12 0 32 11121 2 118660 10723 2.0 16 8 1 4 85% 185 1755 312 46%
c u  3.01  7 12 0 32 11220 2 121210 12016 2.0 16 8 1 4 85% 192 1755 312 46%
c v  3.02  6 12 0 32 11220 2 121210 11142 2.0 16 8 1 4 85% 193 1755 312 46%
c w  3.03  6 12 0 32 11220 2 121210 10167 2.0 16 8 1 4 85% 193 1755 312 46%
c x  3.03  6 12 0 32 11220 2 121210 10164 2.0 16 8 1 4 85% 199 1731 312 46%
c
c seconds  switched     rate          size/glue tier1   binary      remaining
c        MB  reductions   conflicts         size  tier2   irredundant
c         level   restarts       redundant    glue   trail      variables
c
c t  3.11  6 12 0 32 11220 2 121210 10164 2.0 16 8 1 4 85% 192 1731 312 46%
c -  3.18  6 12 0 33 11591 2 124317 9122 1.9 16 8 1 5 85% 193 1731 312 46%
c -  3.28  6 11 0 34 11626 2 130061 9411 1.9 15 8 1 5 85% 197 1731 312 46%
c i  3.30  6 11 0 34 11626 2 131098 9898 1.9 15 8 1 5 85% 204 1731 304 45%
c -  3.37  6 11 0 35 11678 2 135892 7337 1.9 15 8 1 5 85% 201 1730 304 45%
c i  3.40  6 11 0 35 11678 2 138045 8509 1.9 15 8 1 5 85% 214 1730 303 45%
c -  3.46  6 11 0 36 11735 2 141809 6190 1.9 15 8 1 5 85% 194 1730 303 45%
c s  3.51  6 11 0 36 11754 2 144995 8417 1.9 15 8 1 5 86% 191 1566 303 45%
c e  3.51  6 11 0 36 11754 2 144995 8417 1.9 15 8 1 5 86% 132 1742 252 37%
c 2  3.51  6 11 0 36 11754 2 144995 8417 1.9 15 8 1 5 86% 131 1742 252 37%
c s  3.51  6 11 0 36 11754 2 144995 8417 1.9 15 8 1 5 86% 135 1625 252 37%
c e  3.51  6 11 0 36 11754 2 144995 8417 1.9 15 8 1 5 86% 127 1653 245 36%
c ^  3.51  6 11 0 36 11754 2 144995 8417 1.9 15 8 1 5 86% 127 1653 245 36%
c -  3.55  6 11 0 37 11754 2 147810 3814 1.9 15 8 1 5 86% 163 1628 245 36%
c i  3.55  6 11 0 37 11754 2 147827 3817 1.9 15 8 1 5 86% 167 1628 244 36%
c i  3.58  6 11 0 37 11754 2 149384 5043 1.9 15 8 1 5 85% 173 1628 243 36%
c i  3.60  6 11 0 37 11754 2 150973 6126 1.9 15 8 1 5 85% 183 1628 234 35%
c i  3.60  6 11 0 37 11754 2 151022 6148 1.9 15 8 1 5 85% 193 1628 229 34%
c i  3.60  6 11 0 37 11754 2 151023 6148 1.9 15 8 1 5 85% 193 1628 202 30%
c i  3.60  6 11 0 37 11754 2 151026 6148 1.9 15 8 1 5 85% 194 1628 24 4%
c
c seconds  switched     rate         size/glue tier1   binary    remaining
c        MB  reductions   conflicts        size  tier2   irredundant
c         level   restarts      redundant    glue   trail     variables
c
c }  3.60  6 11 0 37 11754 2 151028 6148 1.9 15 8 1 5 85% 194 1628  5 1%
c 0  3.60  6 11 0 37 11754 2 151028 6148 1.9 15 8 1 5 85% 194 1628  5 1%
c
c ---- [ result ] ------------------------------------------------------------
c
s UNSATISFIABLE
c
c ---- [ profiling ] ---------------------------------------------------------
c
c           3.09   85.74 %  search
c           3.09   85.74 %  focused
c           0.50   13.94 %  probe
c           0.49   13.65 %  simplify
c           0.24    6.76 %  sweep
c           0.24    6.65 %  vivify
c           0.03    0.78 %  reduce
c           0.02    0.59 %  preprocess
c           0.01    0.30 %  eliminate
c           0.01    0.26 %  substitute
c           0.01    0.15 %  factor
c           0.00    0.09 %  congruence
c           0.00    0.05 %  subsume
c           0.00    0.03 %  transitive
c           0.00    0.01 %  backbone
c           0.00    0.01 %  lucky
c           0.00    0.01 %  parse
c =============================================
c           3.60  100.00 %  total
c
c ---- [ statistics ] --------------------------------------------------------
c
c conflicts:                           151028            41915.91 per second
c congruent:                               27                4 %  variables
c decisions:                           264100                1.75 per conflict
c eliminated:                             396               58 %  variables
c factored:                                43                6 %  variables
c iterations:                              12                2 %  variables
c propagations:                      18940986          5256831    per second
c reductions:                              37             4082    interval
c reordered:                                5            30206    interval
c restarts:                             11754               13    interval
c strengthened:                           193                0 %  checks
c substituted:                             62                9 %  variables
c subsumed:                               218                0 %  checks
c switched:                                 0                0    interval
c vivified:                             12414               36 %  checks
c
c ---- [ glue usage ] --------------------------------------------------------
c
c focused glue 1 used 984072 clauses 57.73% accumulated 57.73% tier1
c focused glue 2 used 344770 clauses 20.23% accumulated 77.96%
c focused glue 3 used 137936 clauses  8.09% accumulated 86.05%
c focused glue 4 used  67408 clauses  3.95% accumulated 90.01% tier2
c
c ---- [ resources ] ---------------------------------------------------------
c
c maximum-resident-set-size:        423305216 bytes        404 MB
c process-time:                             4s               3.60 seconds
c
c ---- [ shutting down ] -----------------------------------------------------
c
c exit 20
