c ---- [ banner ] ------------------------------------------------------------
c
c Kissat SAT Solver
c 
c Copyright (c) 2021-2024 Armin Biere University of Freiburg
c Copyright (c) 2019-2021 Armin Biere Johannes Kepler University Linz
c 
c Version 4.0.4 8af8e56f174b778aef3aa45af9f739b2a5f492c2
c gcc (GCC) 15.2.1 20260123 (Red Hat 15.2.1-7) -W -Wall -O3 -DNDEBUG
c Thu Apr 23 06:47:51 PM IST 2026 Linux krishnendu-LN 6.19.12-200.fc43.x86_64 x86_64
c
c ---- [ parsing ] -----------------------------------------------------------
c
c opened and reading DIMACS file:
c
c   /home/krishnendu/Research/fv-invariant-mining/data/circuits/cnf/miter_mult_8bit.cnf
c
c parsed 'p cnf 679 2553' header
c closing input after reading 37235 bytes (36 KB)
c finished parsing after 0.00 seconds
c
c ---- [ options ] -----------------------------------------------------------
c
c --decay=180                      (different from default '50')
c --eliminateeffort=1e3            (different from default '100')
c --stable=2                       (different from default '1')
c
c ---- [ solving ] -----------------------------------------------------------
c
c seconds switched rate     size/glue tier1 binary      remaining
c        MB reductions conflicts size  tier2  irredundant
c         level restarts redundant glue  trail      variables
c
c *  0.00  3 0 0 0  0 0   0   0 0.0 0 0 0 0 0% 887 1664 676 100%
c (  0.00  3 0 0 0  0 0   0   0 0.0 0 0 0 0 0% 887 1664 676 100%
c .  0.00  3 0 0 0  0 0   0   0 0.0 0 0 0 0 0% 883 1664 676 100%
c c  0.00  3 0 0 0  0 0   0   0 0.0 0 0 0 0 0% 919 1662 649 96%
c d  0.00  3 0 0 0  0 0   0   0 0.0 0 0 0 0 0% 829 1662 649 96%
c =  0.02  3 0 0 0  0 0   0   0 0.0 0 0 0 0 0% 843 1650 641 95%
c d  0.02  3 0 0 0  0 0   0   0 0.0 0 0 0 0 0% 823 1650 641 95%
c f  0.02  3 0 0 0  0 0   0   0 0.0 0 0 0 0 0% 812 1635 662 98%
c )  0.02  3 0 0 0  0 0   0   0 0.0 0 0 0 0 0% 812 1635 662 98%
c [  0.02  3 0 0 0  0 0   0   0 0.0 0 0 2 6 0% 812 1635 662 98%
c -  0.04  4 12 0 1  0 1 1001 879 3.3 22 7 4 9 90% 817 1635 662 98%
c B  0.04  4 12 0 1  0 1 1001 879 3.3 22 7 4 9 90% 817 1635 662 98%
c -  0.06  4 13 0 2  1 1 2002 1516 2.5 20 8 4 10 89% 818 1635 662 98%
c W  0.06  4 13 0 2  1 1 2002 1516 2.5 20 8 4 10 89% 818 1635 662 98%
c -  0.08  4 13 0 3  2 1 3417 2123 2.1 18 9 4 11 88% 822 1635 662 98%
c u  0.09  4 13 0 3  2 1 3667 2201 2.1 18 9 4 11 88% 827 1635 662 98%
c v  0.09  4 13 0 3  2 1 3667 2112 2.1 18 9 4 11 88% 827 1635 662 98%
c w  0.10  4 13 0 3  2 1 3667 1894 2.1 18 9 4 11 88% 827 1635 662 98%
c x  0.10  4 13 0 3  2 1 3667 1894 2.1 18 9 4 11 88% 833 1603 662 98%
c =  0.11  4 13 0 3  2 1 3667 1894 2.1 18 9 4 11 88% 875 1601 641 95%
c
c seconds  switched rate       size/glue tier1    binary      remaining
c        MB reductions conflicts     size  tier2    irredundant
c         level restarts  redundant    glue    trail      variables
c
c d  0.11  4 13 0 3  2 1 3667 1894 2.1 18 9 4 11 88% 813 1601 641 95%
c t  0.11  4 13 0 3  2 1 3667 1894 2.1 18 9 4 11 88% 808 1601 641 95%
c u  0.11  4 13 0 3  2 1 3667 1874 2.1 18 9 4 11 88% 808 1601 641 95%
c v  0.12  4 13 0 3  2 1 3667 1748 2.1 18 9 4 11 88% 808 1601 641 95%
c w  0.12  4 13 0 3  2 1 3667 1711 2.1 18 9 4 11 88% 808 1601 641 95%
c x  0.12  4 13 0 3  2 1 3667 1711 2.1 18 9 4 11 88% 808 1599 641 95%
c I  0.16  4 13 0 3  3 1 4264 2155 2.0 18 9 4 11 88% 808 1599 641 95%
c -  0.17  4 14 0 4  3 1 5149 2371 2.1 18 9 4 10 88% 808 1599 641 95%
c -  0.20  5 13 0 5  5 1 7151 3203 1.9 17 9 3 10 86% 813 1598 641 95%
c B  0.21  5 13 0 5  5 1 8036 3919 1.9 17 9 3 10 84% 815 1598 641 95%
c -  0.23  5 13 0 6  6 1 9388 3917 1.9 16 9 3 10 85% 815 1598 641 95%
c u  0.27  4 13 0 6  6 1 11315 5017 1.8 16 9 3 10 85% 822 1598 641 95%
c v  0.27  5 13 0 6  6 1 11315 4818 1.8 16 9 3 10 85% 822 1598 641 95%
c w  0.28  5 13 0 6  6 1 11315 4802 1.8 16 9 3 10 85% 822 1598 641 95%
c t  0.28  5 13 0 6  6 1 11315 4802 1.8 16 9 3 10 85% 819 1598 641 95%
c o  0.28  5 13 0 6  6 1 11315 4802 1.8 16 9 3 10 85% 819 1598 641 95%
c -  0.29  5 13 0 7  6 1 11837 4171 1.8 16 9 3 10 85% 819 1598 641 95%
c W  0.33  5 12 0 7  8 1 13566 5317 1.8 16 9 3 10 86% 821 1598 641 95%
c -  0.35  5 12 0 8  9 1 14482 4306 1.8 16 9 3 9 86% 821 1598 641 95%
c -  0.41  5 12 0 9 10 1 17311 4483 1.8 16 9 3 9 86% 821 1598 641 95%
c
c seconds  switched rate        size/glue tier1   binary      remaining
c        MB reductions conflicts      size  tier2   irredundant
c         level restarts   redundant    glue   trail      variables
c
c s  0.44  5 12 0 9 11 1 18329 5001 1.8 16 9 3 9 86% 821 1594 641 95%
c e  0.44  5 12 0 9 11 1 18329 5001 1.8 16 9 3 9 86% 246 1917 402 59%
c 2  0.44  5 12 0 9 11 1 18329 5001 1.8 16 9 3 9 86% 245 1917 402 59%
c s  0.44  5 12 0 9 11 1 18329 5001 1.8 16 9 3 9 86% 249 1844 402 59%
c e  0.44  5 12 0 9 11 1 18329 5001 1.8 16 9 3 9 86% 229 1862 391 58%
c ^  0.44  5 12 0 9 11 1 18329 5001 1.8 16 9 3 9 86% 229 1862 391 58%
c -  0.47  5 12 0 10 12 1 20312 2648 1.8 16 9 3 9 86% 230 1862 391 58%
c O  0.48  5 12 0 10 13 1 21094 3267 1.8 16 9 3 9 86% 230 1862 391 58%
c u  0.51  5 12 0 10 13 1 23182 4781 1.8 16 9 3 9 86% 230 1862 391 58%
c v  0.52  5 12 0 10 13 1 23182 4502 1.8 16 9 3 9 86% 230 1862 391 58%
c w  0.52  5 12 0 10 13 1 23182 4436 1.8 16 9 3 9 86% 230 1862 391 58%
c x  0.52  5 12 0 10 13 1 23182 4436 1.8 16 9 3 9 86% 235 1773 391 58%
c =  0.55  5 12 0 10 13 1 23182 4436 1.8 16 9 3 9 86% 233 1769 390 58%
c t  0.55  5 12 0 10 13 1 23182 4405 1.8 16 9 3 9 86% 230 1769 390 58%
c f  0.55  5 12 0 10 13 1 23182 4405 1.8 16 9 3 9 86% 262 1702 407 60%
c u  0.55  5 12 0 10 13 1 23182 4387 1.8 16 9 3 9 86% 262 1702 407 60%
c v  0.56  5 12 0 10 13 1 23182 4265 1.8 16 9 3 9 86% 262 1702 407 60%
c w  0.56  5 12 0 10 13 1 23182 4227 1.8 16 9 3 9 86% 262 1702 407 60%
c x  0.56  5 12 0 10 13 1 23182 4227 1.8 16 9 3 9 86% 263 1696 407 60%
c o  0.59  5 12 0 10 13 1 23182 4227 1.8 16 9 3 9 86% 263 1696 407 60%
c
c seconds  switched  rate        size/glue tier1   binary      remaining
c        MB  reductions conflicts      size  tier2   irredundant
c         level  restarts   redundant    glue   trail      variables
c
c -  0.59  5 12 0 11 13 1 23474 3489 1.8 16 9 3 9 86% 263 1696 407 60%
c -  0.64  5 12 0 12 14 1 26791 4406 1.8 16 9 3 9 86% 263 1696 407 60%
c -  0.69  6 12 0 13 14 1 30256 5266 1.8 16 9 3 9 85% 264 1696 407 60%
c B  0.70  6 12 0 13 14 1 30856 5655 1.8 16 9 3 9 85% 264 1696 407 60%
c -  0.75  6 12 0 14 15 1 33861 6092 1.8 16 9 3 9 85% 266 1696 407 60%
c e  0.80  7 12 0 14 18 1 37161 8567 1.8 16 9 3 9 85% 202 1796 350 52%
c s  0.80  7 12 0 14 18 1 37161 8567 1.8 16 9 3 9 85% 202 1788 350 52%
c ^  0.80  7 12 0 14 18 1 37161 8567 1.8 16 9 3 9 85% 202 1788 350 52%
c -  0.81  7 12 0 15 18 1 37603 4201 1.8 16 9 3 9 85% 202 1788 350 52%
c u  0.85  6 12 0 15 20 1 40135 6145 1.8 16 9 3 9 85% 202 1788 350 52%
c v  0.86  6 12 0 15 20 1 40135 5975 1.8 16 9 3 9 85% 202 1788 350 52%
c w  0.86  6 12 0 15 20 1 40135 5861 1.8 16 9 3 9 85% 202 1788 350 52%
c f  0.86  6 12 0 15 20 1 40135 5861 1.8 16 9 3 9 85% 205 1779 352 52%
c u  0.86  6 12 0 15 20 1 40135 5820 1.8 16 9 3 9 85% 205 1779 352 52%
c v  0.87  6 12 0 15 20 1 40135 5645 1.8 16 9 3 9 85% 205 1779 352 52%
c w  0.87  6 12 0 15 20 1 40135 5601 1.8 16 9 3 9 85% 205 1779 352 52%
c x  0.88  6 12 0 15 20 1 40135 5600 1.8 16 9 3 9 85% 206 1754 352 52%
c =  0.91  6 12 0 15 20 1 40135 5600 1.8 16 9 3 9 85% 210 1750 350 52%
c d  0.91  6 12 0 15 20 1 40135 5600 1.8 16 9 3 9 85% 206 1750 350 52%
c t  0.91  6 12 0 15 20 1 40135 5600 1.8 16 9 3 9 85% 205 1750 350 52%
c
c seconds  switched  rate        size/glue tier1   binary      remaining
c        MB  reductions conflicts      size  tier2   irredundant
c         level  restarts   redundant    glue   trail      variables
c
c i  0.91  6 12 0 15 20 1 40280 5728 1.8 16 9 3 9 85% 208 1747 349 51%
c -  0.92  6 12 0 16 21 1 41476 4886 1.8 16 9 3 9 85% 205 1747 349 51%
c W  0.94  4 12 0 16 21 1 43078 6204 1.8 16 9 3 9 85% 205 1746 349 51%
c -  0.98  5 12 0 17 22 1 45476 6443 1.8 16 9 3 9 86% 205 1746 349 51%
c -  1.05  5 12 0 18 25 1 49601 7180 1.8 16 9 3 9 86% 205 1746 349 51%
c -  1.12  5 12 0 19 28 1 53844 7385 1.8 16 9 3 8 86% 205 1746 349 51%
c I  1.20  6 12 0 19 29 1 57983 10447 1.8 16 9 3 8 86% 207 1746 349 51%
c o  1.20  6 12 0 19 29 1 57983 10447 1.8 16 9 3 8 86% 207 1746 349 51%
c -  1.21  6 12 0 20 29 1 58202 8073 1.8 16 9 3 8 86% 207 1746 349 51%
c u  1.27  6 12 0 20 29 1 61974 10378 1.8 16 9 3 8 86% 207 1746 349 51%
c v  1.27  6 12 0 20 29 1 61974 10241 1.8 16 9 3 8 86% 207 1746 349 51%
c w  1.28  6 12 0 20 29 1 61974 9909 1.8 16 9 3 8 86% 207 1746 349 51%
c x  1.28  6 12 0 20 29 1 61974 9908 1.8 16 9 3 8 86% 208 1744 349 51%
c -  1.34  6 12 0 21 29 1 62674 7483 1.8 16 9 3 8 86% 208 1744 349 51%
c -  1.43  6 11 0 22 30 1 67256 7432 1.8 16 9 2 8 86% 208 1744 349 51%
c -  1.51  6 11 0 23 30 1 71947 8153 1.8 15 8 2 8 86% 208 1744 349 51%
c B  1.57  6 11 0 23 30 1 75785 10707 1.8 15 8 2 8 85% 209 1744 349 51%
c -  1.59  6 11 0 24 30 1 76742 9083 1.8 15 8 2 8 85% 209 1744 349 51%
c s  1.63  6 11 0 24 30 1 78341 10444 1.8 15 8 2 8 85% 209 1742 349 51%
c e  1.63  6 11 0 24 30 1 78341 10444 1.8 15 8 2 8 85% 169 1832 322 47%
c
c seconds  switched  rate         size/glue tier1   binary      remaining
c        MB  reductions conflicts       size  tier2   irredundant
c         level  restarts    redundant    glue   trail      variables
c
c s  1.63  6 11 0 24 30 1 78341 10444 1.8 15 8 2 8 85% 169 1823 322 47%
c ^  1.63  6 11 0 24 30 1 78341 10444 1.8 15 8 2 8 85% 169 1823 322 47%
c -  1.69  6 11 0 25 30 1 81641 7378 1.8 15 8 2 8 85% 169 1823 322 47%
c -  1.80  6 11 0 26 34 1 86642 7631 1.8 15 8 2 8 85% 169 1823 322 47%
c o  1.83  6 11 0 26 36 1 88433 8747 1.8 15 8 2 8 85% 169 1823 322 47%
c u  1.85  7 11 0 26 36 1 88848 8409 1.8 15 8 2 8 85% 169 1823 322 47%
c v  1.86  7 11 0 26 36 1 88848 7992 1.8 15 8 2 8 85% 169 1823 322 47%
c w  1.87  7 11 0 26 36 1 88848 7296 1.8 15 8 2 8 85% 169 1823 322 47%
c -  1.93  6 11 0 27 37 1 91741 6849 1.8 15 8 2 8 85% 169 1823 322 47%
c W  2.03  5 11 0 27 40 1 96697 9875 1.8 15 8 2 8 85% 169 1823 322 47%
c -  2.03  5 11 0 28 40 1 96937 7878 1.8 15 8 2 8 85% 169 1823 322 47%
c -  2.13  5 11 0 29 43 1 102228 8543 1.8 15 8 2 8 85% 169 1823 322 47%
c i  2.22  6 11 0 29 44 1 106601 11051 1.8 15 8 2 8 85% 177 1823 314 46%
c -  2.24  6 11 0 30 45 1 107613 3998 1.8 15 8 2 7 85% 228 1611 314 46%
c i  2.29  6 11 0 30 45 1 110396 5952 1.8 15 8 2 7 85% 239 1611 312 46%
c i  2.30  6 11 0 30 45 1 111528 6648 1.8 14 8 2 7 85% 247 1611 311 46%
c i  2.33  6 11 0 30 45 1 112773 7430 1.8 14 8 2 7 85% 254 1611 310 46%
c -  2.34  6 11 0 31 45 1 113091 3774 1.8 14 8 2 7 85% 221 1611 310 46%
c i  2.35  6 10 0 31 45 1 114079 4300 1.8 14 8 2 7 85% 229 1611 287 42%
c i  2.36  6 10 0 31 45 1 114210 4343 1.8 14 8 2 7 85% 233 1611 279 41%
c
c seconds  switched  rate         size/glue tier1   binary      remaining
c        MB  reductions conflicts       size  tier2   irredundant
c         level  restarts    redundant    glue   trail      variables
c
c i  2.36  6 10 0 31 45 1 114374 4426 1.8 14 8 2 7 85% 241 1611 270 40%
c i  2.36  6 10 0 31 45 1 114416 4440 1.8 14 8 2 7 85% 245 1611 252 37%
c i  2.36  6 10 0 31 45 1 114429 4443 1.8 14 8 2 7 85% 249 1611 214 32%
c i  2.36  6 10 0 31 45 1 114438 4443 1.8 14 8 2 7 85% 251 1611 164 24%
c ]  2.36  6 10 0 31 45 1 114449 4444 1.8 14 8 2 7 85% 255 1611  3 0%
c 0  2.36  6 0 0 31 45 0 114449 4444 0.0 0 0 2 6 0% 255 1611  3 0%
c
c ---- [ result ] ------------------------------------------------------------
c
s UNSATISFIABLE
c
c ---- [ profiling ] ---------------------------------------------------------
c
c           2.02   85.69 %  search
c           2.02   85.69 %  stable
c           0.32   13.72 %  probe
c           0.32   13.35 %  simplify
c           0.17    7.33 %  sweep
c           0.14    5.73 %  vivify
c           0.02    1.02 %  reduce
c           0.02    0.92 %  preprocess
c           0.01    0.33 %  eliminate
c           0.01    0.30 %  substitute
c           0.01    0.22 %  walking
c           0.00    0.19 %  factor
c           0.00    0.11 %  congruence
c           0.00    0.06 %  subsume
c           0.00    0.04 %  transitive
c           0.00    0.02 %  backbone
c           0.00    0.02 %  lucky
c           0.00    0.01 %  parse
c =============================================
c           2.36  100.00 %  total
c
c ---- [ statistics ] --------------------------------------------------------
c
c conflicts:                           114449            48461.58 per second
c congruent:                               27                4 %  variables
c decisions:                           126847                1.11 per conflict
c eliminated:                             334               49 %  variables
c factored:                                40                6 %  variables
c iterations:                              12                2 %  variables
c propagations:                      13407638          5677248    per second
c reductions:                              31             3692    interval
c reordered:                                4            28612    interval
c rephased:                                11            10404    interval
c restarts:                                45             2543    interval
c strengthened:                           148                0 %  checks
c substituted:                             57                8 %  variables
c subsumed:                                92                0 %  checks
c switched:                                 0                0    interval
c vivified:                              8009               38 %  checks
c walks:                                    4            28612    interval
c
c ---- [ glue usage ] --------------------------------------------------------
c
c stable glue 2   used 190974 clauses 20.26% accumulated 56.94% tier1
c stable glue 3   used 131382 clauses 13.94% accumulated 70.87%
c stable glue 4-5 used 119928 clauses 12.72% accumulated 83.59%
c stable glue 6   used  36292 clauses  3.85% accumulated 87.44%
c stable glue 7   used  31152 clauses  3.30% accumulated 90.75% tier2
c
c ---- [ resources ] ---------------------------------------------------------
c
c maximum-resident-set-size:        423305216 bytes        404 MB
c process-time:                             2s               2.36 seconds
c
c ---- [ shutting down ] -----------------------------------------------------
c
c exit 20
