c ---- [ banner ] ------------------------------------------------------------
c
c Kissat SAT Solver
c 
c Copyright (c) 2021-2024 Armin Biere University of Freiburg
c Copyright (c) 2019-2021 Armin Biere Johannes Kepler University Linz
c 
c Version 4.0.4 8af8e56f174b778aef3aa45af9f739b2a5f492c2
c gcc (GCC) 15.2.1 20260123 (Red Hat 15.2.1-7) -W -Wall -O3 -DNDEBUG
c Thu Apr 23 06:47:51 PM IST 2026 Linux krishnendu-LN 6.19.12-200.fc43.x86_64 x86_64
c
c ---- [ parsing ] -----------------------------------------------------------
c
c opened and reading DIMACS file:
c
c   /home/krishnendu/Research/fv-invariant-mining/data/circuits/cnf/miter_mult_9bit.cnf
c
c parsed 'p cnf 873 3299' header
c closing input after reading 48449 bytes (47 KB)
c finished parsing after 0.00 seconds
c
c ---- [ options ] -----------------------------------------------------------
c
c --decay=30                       (different from default '50')
c --eliminateeffort=800            (different from default '100')
c
c ---- [ solving ] -----------------------------------------------------------
c
c seconds switched rate     size/glue tier1  binary      remaining
c        MB reductions conflicts size  tier2   irredundant
c         level restarts redundant glue  trail       variables
c
c *  0.00  3 0 0 0  0 0   0   0 0.0 0 0 0 0 0% 1142 2155 870 100%
c (  0.00  3 0 0 0  0 0   0   0 0.0 0 0 0 0 0% 1142 2155 870 100%
c .  0.00  3 0 0 0  0 0   0   0 0.0 0 0 0 0 0% 1138 2155 870 100%
c c  0.00  3 0 0 0  0 0   0   0 0.0 0 0 0 0 0% 1186 2153 836 96%
c d  0.00  3 0 0 0  0 0   0   0 0.0 0 0 0 0 0% 1070 2153 836 96%
c =  0.02  3 0 0 0  0 0   0   0 0.0 0 0 0 0 0% 1084 2141 828 95%
c d  0.02  3 0 0 0  0 0   0   0 0.0 0 0 0 0 0% 1064 2141 828 95%
c f  0.02  3 0 0 0  0 0   0   0 0.0 0 0 0 0 0% 1040 2124 852 98%
c )  0.02  3 0 0 0  0 0   0   0 0.0 0 0 0 0 0% 1040 2124 852 98%
c {  0.02  3 0 0 0  0 0   0   0 0.0 0 0 2 6 0% 1040 2124 852 98%
c -  0.05  4 18 0 1 297 3 1002 460 1.8 20 11 3 14 84% 1052 2124 852 98%
c }  0.05  4 18 1 1 297 3 1002 460 1.8 20 11 3 14 84% 1052 2124 852 98%
c [  0.05  4 0 1 1 297 0 1002 460 0.0 0 0 2 6 0% 1052 2124 852 98%
c B  0.05  4 0 1 1 297 0 1002 460 0.0 0 0 2 6 0% 1052 2124 852 98%
c -  0.06  4 64 1 2 297 1 2002 1217 2.7 20 8 3 10 92% 1054 2124 852 98%
c W  0.06  4 64 1 2 297 1 2005 1220 2.7 20 8 3 10 92% 1054 2124 852 98%
c ]  0.07  4 45 2 2 298 1 2692 1768 2.2 20 9 3 11 89% 1055 2124 852 98%
c {  0.07  4 18 2 2 298 3 2692 1768 1.8 20 11 3 14 84% 1055 2124 852 98%
c -  0.09  4 17 2 3 298 2 3417 2022 1.9 19 10 3 12 85% 1058 2124 852 98%
c u  0.09  4 16 2 3 298 2 3511 1934 1.9 19 10 3 12 85% 1064 2124 852 98%
c
c seconds  switched  rate       size/glue  tier1     binary      remaining
c        MB reductions conflicts      size   tier2     irredundant
c         level restarts   redundant     glue    trail       variables
c
c v  0.10  4 16 2 3 298 2 3511 1896 1.9 19 10 3 12 85% 1064 2124 852 98%
c w  0.10  4 16 2 3 298 2 3511 1894 1.9 19 10 3 12 85% 1064 2124 852 98%
c x  0.10  4 16 2 3 298 2 3511 1894 1.9 19 10 3 12 85% 1074 2073 852 98%
c =  0.12  4 16 2 3 298 2 3511 1894 1.9 19 10 3 12 85% 1104 2072 837 96%
c d  0.12  4 16 2 3 298 2 3511 1894 1.9 19 10 3 12 85% 1059 2072 837 96%
c t  0.12  4 16 2 3 298 2 3511 1894 1.9 19 10 3 12 85% 1051 2072 837 96%
c u  0.12  4 16 2 3 298 2 3511 1822 1.9 19 10 3 12 85% 1052 2072 837 96%
c v  0.12  4 16 2 3 298 2 3511 1785 1.9 19 10 3 12 85% 1052 2072 837 96%
c w  0.12  4 16 2 3 298 2 3511 1783 1.9 19 10 3 12 85% 1052 2072 837 96%
c x  0.12  4 16 2 3 298 2 3511 1783 1.9 19 10 3 12 85% 1052 2071 837 96%
c =  0.13  4 16 2 3 298 2 3511 1783 1.9 19 10 3 12 85% 1056 2069 835 96%
c d  0.13  4 16 2 3 298 2 3511 1783 1.9 19 10 3 12 85% 1051 2069 835 96%
c }  0.14  4 16 3 3 298 2 3693 1950 1.9 19 10 3 12 84% 1051 2069 835 96%
c [  0.14  4 45 3 3 298 1 3693 1950 2.2 20 9 3 11 89% 1051 2069 835 96%
c I  0.15  4 36 3 3 298 1 4265 2502 2.5 21 8 3 11 89% 1051 2069 835 96%
c ]  0.16  4 32 4 3 299 1 4860 2967 2.3 21 9 3 11 90% 1051 2069 835 96%
c {  0.16  4 16 4 3 299 2 4860 2967 1.9 19 10 3 12 84% 1051 2069 835 96%
c -  0.16  4 16 4 4 299 2 5149 2664 1.9 19 10 3 12 85% 1052 2069 835 96%
c -  0.21  5 16 4 5 318 2 7149 3780 2.3 21 9 2 10 81% 1057 2069 835 96%
c }  0.21  5 16 5 5 319 2 7213 3843 2.3 21 9 2 10 81% 1057 2069 835 96%
c
c seconds  switched  rate       size/glue tier1     binary      remaining
c        MB reductions conflicts      size  tier2     irredundant
c         level restarts   redundant    glue    trail       variables
c
c [  0.21  5 32 5 5 319 1 7213 3843 2.3 21 9 3 11 90% 1057 2069 835 96%
c B  0.23  5 31 5 5 319 1 8036 4633 2.3 22 10 3 11 90% 1057 2069 835 96%
c -  0.25  5 27 5 6 321 1 9386 4637 2.2 22 10 3 12 90% 1058 2069 835 96%
c ]  0.27  5 26 6 6 321 1 10253 5436 2.2 22 10 3 12 90% 1058 2069 835 96%
c {  0.27  5 16 6 6 321 2 10253 5436 2.3 21 9 2 10 81% 1058 2069 835 96%
c o  0.27  5 16 6 6 326 2 10387 5558 2.3 21 9 2 10 81% 1058 2069 835 96%
c u  0.28  5 16 6 6 458 2 10833 5745 2.2 20 9 2 10 81% 1063 2069 835 96%
c v  0.29  5 16 6 6 458 2 10833 5725 2.2 20 9 2 10 81% 1063 2069 835 96%
c w  0.29  5 16 6 6 458 2 10833 5696 2.2 20 9 2 10 81% 1063 2069 835 96%
c t  0.31  5 16 6 6 458 2 10833 5696 2.2 20 9 2 10 81% 1062 2069 835 96%
c -  0.33  5 16 6 7 559 2 11836 4990 2.1 19 9 2 10 81% 1065 2069 835 96%
c i  0.36  5 16 6 7 685 2 13858 6726 2.0 19 9 2 10 81% 1071 2069 834 96%
c }  0.37  5 16 7 7 721 2 14323 7161 2.0 19 9 2 10 81% 1071 2069 834 96%
c [  0.37  5 26 7 7 721 1 14323 7161 2.2 22 10 3 12 90% 1071 2069 834 96%
c W  0.37  5 26 7 7 721 1 14323 7161 2.2 22 10 3 12 90% 1067 2065 834 96%
c -  0.37  5 25 7 8 721 1 14483 5674 2.2 22 10 3 11 90% 1067 2065 834 96%
c ]  0.44  5 21 8 8 723 1 17245 7455 2.0 20 10 3 11 90% 1068 2065 834 96%
c {  0.44  5 16 8 8 723 2 17245 7455 2.0 19 9 2 10 81% 1068 2065 834 96%
c -  0.44  5 16 8 9 723 2 17311 6134 2.0 18 9 3 10 81% 1068 2065 834 96%
c s  0.45  5 16 8 9 723 2 17551 6282 2.0 18 9 3 10 81% 1070 2060 834 96%
c
c seconds  switched  rate        size/glue tier1    binary      remaining
c        MB reductions conflicts       size  tier2    irredundant
c         level restarts    redundant    glue    trail      variables
c
c e  0.45  5 16 8 9 723 2 17551 6282 2.0 18 9 3 10 81% 331 2467 513 59%
c s  0.45  5 16 8 9 723 2 17551 6282 2.0 18 9 3 10 81% 333 2413 513 59%
c e  0.45  5 16 8 9 723 2 17551 6282 2.0 18 9 3 10 81% 316 2427 506 58%
c ^  0.45  5 16 8 9 723 2 17551 6282 2.0 18 9 3 10 81% 316 2427 506 58%
c -  0.51  6 16 8 10 887 2 20311 3749 2.2 20 9 2 9 81% 317 2427 506 58%
c o  0.53  6 15 8 10 896 2 21088 4462 2.3 21 9 2 9 82% 317 2427 506 58%
c u  0.56  6 16 8 10 912 2 22193 5216 2.3 21 9 2 9 81% 317 2427 506 58%
c v  0.57  7 16 8 10 912 2 22193 5009 2.3 21 9 2 9 81% 317 2427 506 58%
c w  0.57  7 16 8 10 912 2 22193 4867 2.3 21 9 2 9 81% 317 2427 506 58%
c x  0.57  6 16 8 10 912 2 22193 4865 2.3 21 9 2 9 81% 322 2329 506 58%
c t  0.57  6 16 8 10 912 2 22193 4865 2.3 21 9 2 9 81% 317 2329 506 58%
c f  0.57  6 16 8 10 912 2 22193 4865 2.3 21 9 2 9 81% 352 2250 527 60%
c u  0.58  6 16 8 10 912 2 22193 4784 2.3 21 9 2 9 81% 353 2250 527 60%
c v  0.59  6 16 8 10 912 2 22193 4686 2.3 21 9 2 9 81% 353 2250 527 60%
c w  0.59  6 16 8 10 912 2 22193 4657 2.3 21 9 2 9 81% 353 2250 527 60%
c x  0.59  6 16 8 10 912 2 22193 4657 2.3 21 9 2 9 81% 353 2242 527 60%
c }  0.64  6 16 9 10 1023 2 23404 5774 2.3 21 9 2 9 80% 355 2242 527 60%
c [  0.64  6 21 9 10 1023 1 23404 5774 2.0 20 10 3 11 90% 355 2242 527 60%
c O  0.64  6 21 9 10 1023 1 23404 5774 2.0 20 10 3 11 90% 355 2242 527 60%
c -  0.65  7 21 9 11 1023 1 23475 4812 2.0 20 10 3 10 90% 355 2242 527 60%
c
c seconds  switched    rate        size/glue  tier1    binary      remaining
c        MB  reductions  conflicts       size   tier2    irredundant
c         level   restarts    redundant     glue    trail      variables
c
c -  0.72  7 19 9 12 1025 1 26791 4993 1.9 19 10 2 10 87% 355 2242 527 60%
c ]  0.78  7 18 10 12 1027 1 29172 6122 1.8 18 10 2 10 86% 355 2242 527 60%
c {  0.78  7 16 10 12 1027 2 29172 6122 2.3 21 9 2 9 80% 355 2242 527 60%
c -  0.81  6 16 10 13 1293 2 30257 4864 2.3 21 9 2 9 80% 355 2242 527 60%
c -  0.89  6 16 10 14 1504 2 33863 6463 2.4 22 9 2 8 82% 359 2242 527 60%
c s  0.93  6 16 10 14 1669 2 35527 8027 2.5 23 9 2 8 82% 360 2241 527 60%
c e  0.94  6 16 10 14 1669 2 35527 8027 2.5 23 9 2 8 82% 248 2412 448 51%
c s  0.94  6 16 10 14 1669 2 35527 8027 2.5 23 9 2 8 82% 250 2382 448 51%
c e  0.94  6 16 10 14 1669 2 35527 8027 2.5 23 9 2 8 82% 243 2391 446 51%
c ^  0.94  6 16 10 14 1669 2 35527 8027 2.5 23 9 2 8 82% 243 2391 446 51%
c -  0.98  6 16 10 15 1887 2 37604 4512 2.5 23 9 2 8 82% 244 2391 446 51%
c }  0.99  6 16 11 15 1938 2 37799 4677 2.5 23 9 2 8 82% 244 2391 446 51%
c [  0.99  6 18 11 15 1938 1 37799 4677 1.8 18 10 2 10 86% 244 2391 446 51%
c B  0.99  6 18 11 15 1938 1 37799 4677 1.8 18 10 2 10 86% 244 2391 446 51%
c u  1.00  5 18 11 15 1938 1 38344 4640 1.8 18 10 2 10 87% 244 2391 446 51%
c v  1.01  6 18 11 15 1938 1 38344 4374 1.8 18 10 2 10 87% 244 2391 446 51%
c w  1.02  6 18 11 15 1938 1 38344 4338 1.8 18 10 2 10 87% 244 2391 446 51%
c t  1.02  6 18 11 15 1938 1 38344 4338 1.8 18 10 2 10 87% 241 2391 446 51%
c f  1.02  6 18 11 15 1938 1 38344 4338 1.8 18 10 2 10 87% 252 2364 451 52%
c u  1.02  6 18 11 15 1938 1 38344 4278 1.8 18 10 2 10 87% 252 2364 451 52%
c
c seconds   switched    rate        size/glue  tier1    binary      remaining
c        MB   reductions  conflicts       size   tier2    irredundant
c         level    restarts    redundant     glue    trail      variables
c
c v  1.03  6 18 11 15 1938 1 38344 4130 1.8 18 10 2 10 87% 252 2364 451 52%
c w  1.04  6 18 11 15 1938 1 38344 4035 1.8 18 10 2 10 87% 252 2364 451 52%
c x  1.04  6 18 11 15 1938 1 38344 4031 1.8 18 10 2 10 87% 253 2327 451 52%
c -  1.10  6 17 11 16 1940 1 41476 4416 1.7 18 10 2 9 87% 254 2327 451 52%
c -  1.17  6 16 11 17 1943 1 45477 4866 1.7 18 10 2 9 87% 255 2327 451 52%
c -  1.26  6 16 11 18 1944 1 49600 5444 1.7 17 10 2 9 87% 255 2327 451 52%
c ]  1.27  6 16 12 18 1944 1 49892 5647 1.7 17 10 2 9 87% 255 2327 451 52%
c {  1.27  6 16 12 18 1944 2 49892 5647 2.5 23 9 2 8 82% 255 2327 451 52%
c o  1.27  6 16 12 18 1970 2 49989 5711 2.4 23 9 2 8 82% 255 2327 451 52%
c -  1.37  7 16 12 19 2414 2 53842 7083 2.5 23 9 2 8 82% 257 2327 451 52%
c -  1.48  7 16 12 20 2891 2 58202 8207 2.5 23 9 2 7 81% 258 2327 451 52%
c u  1.50  7 16 12 20 2891 2 59161 8506 2.4 23 9 2 7 79% 259 2327 451 52%
c v  1.51  8 16 12 20 2891 2 59161 8428 2.4 23 9 2 7 79% 259 2327 451 52%
c w  1.51  8 16 12 20 2891 2 59161 8411 2.4 23 9 2 7 79% 259 2327 451 52%
c x  1.51  8 16 12 20 2891 2 59161 8410 2.4 23 9 2 7 79% 259 2326 451 52%
c t  1.56  8 16 12 20 2891 2 59161 8410 2.4 23 9 2 7 79% 256 2326 451 52%
c }  1.63  7 16 13 20 3146 2 61371 10416 2.4 22 9 2 7 79% 257 2326 451 52%
c [  1.63  7 16 13 20 3146 1 61371 10416 1.7 17 10 2 9 87% 257 2326 451 52%
c W  1.63  6 16 13 20 3146 1 61371 10416 1.7 17 10 2 9 87% 257 2326 451 52%
c -  1.66  7 15 13 21 3147 1 62675 8563 1.7 17 10 2 9 88% 257 2326 451 52%
c
c seconds   switched    rate        size/glue  tier1   binary      remaining
c        MB   reductions  conflicts       size   tier2   irredundant
c         level    restarts    redundant     glue   trail      variables
c
c -  1.76  7 15 13 22 3150 1 67257 8454 1.7 17 10 2 9 88% 257 2326 451 52%
c -  1.84  7 14 13 23 3152 1 71948 8431 1.7 17 10 2 9 87% 257 2326 451 52%
c ]  1.90  7 14 14 23 3153 1 74529 10030 1.7 17 10 2 9 87% 257 2326 451 52%
c {  1.90  7 16 14 23 3153 2 74529 10030 2.4 22 9 2 7 79% 257 2326 451 52%
c e  1.91  7 16 14 23 3208 2 74769 10225 2.4 22 9 2 7 79% 212 2425 422 48%
c s  1.91  7 16 14 23 3208 2 74769 10225 2.4 22 9 2 7 79% 212 2422 422 48%
c ^  1.91  7 16 14 23 3208 2 74769 10225 2.4 22 9 2 7 79% 212 2422 422 48%
c -  1.96  7 16 14 24 3429 2 76744 7655 2.4 23 9 2 7 80% 212 2422 422 48%
c -  2.09  7 15 14 25 3433 2 81642 9726 2.4 22 9 2 6 80% 214 2420 422 48%
c u  2.17  8 15 14 25 3433 2 84770 11287 2.4 21 9 2 6 81% 214 2420 422 48%
c v  2.19  8 15 14 25 3433 2 84770 11044 2.4 21 9 2 6 81% 214 2420 422 48%
c w  2.20  8 15 14 25 3433 2 84770 10941 2.4 21 9 2 6 81% 214 2420 422 48%
c t  2.20  8 15 14 25 3433 2 84770 10941 2.4 21 9 2 6 81% 213 2420 422 48%
c o  2.20  8 15 14 25 3433 2 84770 10941 2.4 21 9 2 6 81% 213 2420 422 48%
c -  2.24  8 15 14 26 3433 2 86642 10693 2.4 21 9 2 6 80% 214 2420 422 48%
c }  2.32  7 15 15 26 3666 2 89245 12960 2.4 21 9 2 6 80% 216 2420 422 48%
c [  2.32  7 14 15 26 3666 1 89245 12960 1.7 17 10 2 9 87% 216 2420 422 48%
c I  2.32  7 14 15 26 3666 1 89245 12960 1.7 17 10 2 9 87% 216 2420 422 48%
c -  2.36  7 14 15 27 3668 1 91743 11335 1.7 17 10 2 9 87% 216 2420 422 48%
c -  2.45  8 14 15 28 3671 1 96939 10123 1.7 17 10 2 9 87% 216 2420 422 48%
c
c seconds   switched    rate         size/glue  tier1   binary      remaining
c        MB   reductions  conflicts        size   tier2   irredundant
c         level    restarts     redundant     glue   trail      variables
c
c -  2.55  7 14 15 29 3673 1 102230 8643 1.6 16 10 2 8 88% 216 2420 422 48%
c B  2.64  7 13 15 29 3677 1 107048 11454 1.6 16 10 2 8 88% 216 2420 422 48%
c -  2.66  7 13 15 30 3677 1 107617 8633 1.6 16 10 2 8 88% 216 2420 422 48%
c ]  2.69  8 13 16 30 3678 1 109246 9549 1.6 16 10 2 8 88% 216 2420 422 48%
c {  2.69  8 15 16 30 3678 2 109246 9549 2.4 21 9 2 6 80% 216 2420 422 48%
c -  2.82  8 15 16 31 4682 2 113094 9351 2.3 21 9 1 6 81% 216 2420 422 48%
c u  2.88  7 15 16 31 4808 2 115255 10682 2.3 22 9 1 6 81% 217 2420 422 48%
c v  2.90  8 15 16 31 4808 2 115255 10411 2.3 22 9 1 6 81% 217 2420 422 48%
c w  2.90  8 15 16 31 4808 2 115255 10380 2.3 22 9 1 6 81% 217 2420 422 48%
c x  2.91  7 15 16 31 4808 2 115255 10379 2.3 22 9 1 6 81% 219 2391 422 48%
c t  2.91  7 15 16 31 4808 2 115255 10379 2.3 22 9 1 6 81% 215 2391 422 48%
c -  3.02  8 15 16 32 5525 2 118661 9333 2.3 22 9 1 6 82% 215 2391 422 48%
c -  3.19  8 15 16 33 5704 2 124318 9693 2.3 21 9 1 5 83% 217 2391 422 48%
c o  3.20  8 14 16 33 5705 2 125002 10353 2.3 21 9 1 5 83% 217 2391 422 48%
c }  3.29  7 15 17 33 6099 2 127584 12571 2.3 21 9 1 5 83% 218 2391 422 48%
c [  3.29  7 13 17 33 6099 1 127584 12571 1.6 16 10 2 8 88% 218 2391 422 48%
c W  3.30  7 13 17 33 6099 1 127959 12929 1.6 16 10 2 8 88% 218 2391 422 48%
c -  3.35  7 13 17 34 6101 1 130063 10947 1.6 16 10 2 8 88% 218 2391 422 48%
c -  3.47  7 13 17 35 6105 1 135893 10407 1.6 16 10 2 8 88% 218 2391 422 48%
c e  3.53  8 13 17 35 6105 1 137978 11542 1.6 16 10 2 8 88% 143 2621 375 43%
c
c seconds   switched    rate          size/glue  tier1   binary      remaining
c        MB   reductions  conflicts         size   tier2   irredundant
c         level    restarts      redundant     glue   trail      variables
c
c s  3.53  8 13 17 35 6105 1 137978 11542 1.6 16 10 2 8 88% 143 2573 375 43%
c e  3.53  8 13 17 35 6105 1 137978 11542 1.6 16 10 2 8 88% 141 2577 372 43%
c ^  3.53  8 13 17 35 6105 1 137978 11542 1.6 16 10 2 8 88% 141 2577 372 43%
c -  3.61  7 13 17 36 6107 1 141809 5926 1.6 16 10 2 8 88% 141 2577 372 43%
c -  3.74  7 13 17 37 6111 1 147811 6328 1.6 16 10 2 8 88% 141 2577 372 43%
c u  3.83  7 13 17 37 6112 1 150943 6923 1.6 16 10 2 8 89% 142 2577 372 43%
c v  3.86  7 13 17 37 6112 1 150943 6211 1.6 16 10 2 8 89% 142 2577 372 43%
c w  3.86  7 13 17 37 6112 1 150943 5259 1.6 16 10 2 8 89% 142 2577 372 43%
c x  3.87  7 13 17 37 6112 1 150943 5258 1.6 16 10 2 8 89% 143 2506 372 43%
c t  3.87  7 13 17 37 6112 1 150943 5258 1.6 16 10 2 8 89% 142 2506 372 43%
c ]  3.89  7 13 18 37 6112 1 151643 5514 1.6 16 10 2 8 89% 142 2506 372 43%
c {  3.89  7 15 18 37 6112 2 151643 5514 2.3 21 9 1 5 83% 142 2506 372 43%
c -  3.94  7 15 18 38 6363 2 153895 5750 2.3 21 9 1 5 82% 144 2506 372 43%
c -  4.14  7 14 18 39 6368 2 160060 8953 2.3 21 9 1 5 82% 145 2506 372 43%
c -  4.30  7 14 18 40 6368 2 166304 10842 2.3 20 9 1 5 83% 147 2506 372 43%
c -  4.45  8 13 18 41 6368 2 172629 10890 2.2 19 8 1 5 84% 155 2506 372 43%
c i  4.46  7 13 18 41 6368 2 173053 11102 2.2 19 8 1 5 84% 165 2506 371 43%
c }  4.48  7 13 19 41 6380 2 173988 11987 2.3 19 8 1 5 84% 166 2506 371 43%
c [  4.48  7 13 19 41 6380 1 173988 11987 1.6 16 10 2 8 89% 166 2506 371 43%
c O  4.48  7 13 19 41 6380 1 173988 11987 1.6 16 10 2 8 89% 166 2506 371 43%
c
c seconds   switched    rate         size/glue  tier1   binary      remaining
c        MB   reductions  conflicts        size   tier2   irredundant
c         level    restarts     redundant     glue   trail      variables
c
c -  4.60  7 13 19 42 6383 1 179035 6904 1.6 16 10 2 7 89% 143 2506 371 43%
c -  4.74  7 13 19 43 6386 1 185515 7279 1.6 16 10 2 7 89% 143 2506 371 43%
c u  4.88  7 13 19 43 6391 1 191779 9642 1.6 16 10 2 7 89% 147 2498 371 43%
c v  4.90  7 13 19 43 6391 1 191779 9258 1.6 16 10 2 7 89% 148 2498 371 43%
c w  4.91  7 13 19 43 6391 1 191779 8500 1.6 16 10 2 7 89% 148 2498 371 43%
c x  4.91  7 13 19 43 6391 1 191779 8498 1.6 16 10 2 7 89% 148 2473 371 43%
c t  5.03  7 13 19 43 6391 1 191779 8498 1.6 16 10 2 7 89% 147 2473 371 43%
c o  5.03  7 13 19 43 6391 1 191779 8498 1.6 16 10 2 7 89% 147 2473 371 43%
c -  5.04  7 13 19 44 6391 1 192072 6215 1.6 15 10 2 7 89% 147 2473 371 43%
c -  5.15  7 12 19 45 6394 1 198705 6414 1.6 15 10 2 7 89% 147 2473 371 43%
c B  5.21  7 12 19 45 6394 1 201729 8013 1.6 15 10 2 7 89% 147 2473 371 43%
c ]  5.27  7 12 20 45 6394 1 204660 9515 1.6 15 10 2 7 89% 147 2473 371 43%
c {  5.27  7 13 20 45 6394 2 204660 9515 2.3 19 8 1 5 84% 147 2473 371 43%
c -  5.29  7 13 20 46 6590 2 205414 6835 2.2 19 8 1 5 84% 147 2473 371 43%
c -  5.48  7 13 20 47 8224 2 212196 8525 2.2 19 9 1 5 84% 147 2473 371 43%
c -  5.68  7 13 20 48 9089 2 219052 9815 2.1 19 9 1 4 84% 147 2473 371 43%
c -  5.87  7 13 20 49 9625 2 225980 10894 2.1 19 9 1 4 84% 147 2473 371 43%
c s  5.91  8 13 20 49 9625 2 227317 12120 2.1 19 9 1 4 84% 147 2470 371 43%
c e  5.91  8 13 20 49 9625 2 227317 12120 2.1 19 9 1 4 84%  98 2846 315 36%
c s  5.91  8 13 20 49 9625 2 227317 12120 2.1 19 9 1 4 84%  98 2737 315 36%
c
c seconds   switched    rate          size/glue tier1   binary      remaining
c        MB   reductions  conflicts         size  tier2   irredundant
c         level    restarts      redundant    glue   trail      variables
c
c e  5.92  8 13 20 49 9625 2 227317 12120 2.1 19 9 1 4 84%  94 2767 311 36%
c ^  5.92  8 13 20 49 9625 2 227317 12120 2.1 19 9 1 4 84%  94 2767 311 36%
c }  5.99  7 13 21 49 10013 2 231400 8930 2.1 19 9 1 4 85%  94 2767 311 36%
c [  5.99  7 12 21 49 10013 1 231400 8930 1.6 15 10 2 7 89%  94 2767 311 36%
c -  6.03  7 12 21 50 10014 1 232981 7259 1.6 15 10 1 7 89%  94 2767 311 36%
c W  6.03  7 12 21 50 10014 1 233180 7338 1.6 15 10 1 7 89%  94 2767 311 36%
c u  6.14  7 12 21 50 10018 1 238087 10239 1.6 16 10 1 7 89%  95 2767 311 36%
c v  6.16  8 12 21 50 10018 1 238087 9585 1.6 16 10 1 7 89%  95 2767 311 36%
c w  6.17  8 12 21 50 10018 1 238087 8873 1.6 16 10 1 7 89%  95 2767 311 36%
c x  6.18  7 12 21 50 10018 1 238087 8868 1.6 16 10 1 7 89%  96 2643 311 36%
c t  6.18  7 12 21 50 10018 1 238087 8868 1.6 16 10 1 7 89%  94 2643 311 36%
c -  6.21  7 12 21 51 10019 1 240053 7215 1.6 16 10 1 7 89%  94 2643 311 36%
c -  6.35  7 12 21 52 10022 1 247194 7018 1.6 16 10 1 7 89%  94 2643 311 36%
c -  6.49  7 12 21 53 10026 1 254405 6392 1.6 15 10 2 7 89%  94 2643 311 36%
c -  6.61  7 12 21 54 10027 1 261685 6690 1.5 15 10 2 7 89%  94 2643 311 36%
c I  6.72  7 12 21 54 10031 1 268532 9933 1.5 15 10 2 7 89%  94 2643 311 36%
c o  6.72  7 12 21 54 10031 1 268532 9933 1.5 15 10 2 7 89%  94 2643 311 36%
c -  6.72  7 12 21 55 10031 1 269033 6809 1.5 15 10 2 7 89%  94 2643 311 36%
c ]  6.76  7 12 22 55 10033 1 271860 8502 1.5 15 10 2 7 89%  94 2643 311 36%
c {  6.76  7 13 22 55 10033 2 271860 8502 2.1 19 9 1 4 85%  94 2643 311 36%
c
c seconds   switched     rate         size/glue tier1   binary      remaining
c        MB   reductions   conflicts        size  tier2   irredundant
c         level    restarts      redundant    glue   trail      variables
c
c -  6.83  7 13 22 56 10646 2 276449 7378 2.1 19 9 1 5 85%  94 2643 311 36%
c -  6.96  7 13 22 57 10967 2 283932 7969 2.0 18 9 1 5 85%  94 2643 311 36%
c u  7.06  8 13 22 57 11312 2 289557 11373 2.0 18 9 1 5 86%  94 2643 311 36%
c v  7.08  8 13 22 57 11312 2 289557 10926 2.0 18 9 1 5 86%  94 2643 311 36%
c w  7.08  8 13 22 57 11312 2 289557 10299 2.0 18 9 1 5 86%  94 2643 311 36%
c x  7.09  8 13 22 57 11312 2 289557 10298 2.0 18 9 1 5 86%  94 2632 311 36%
c -  7.12  7 13 22 58 11353 2 291482 8287 2.0 18 9 1 5 86%  94 2632 311 36%
c -  7.25  7 13 22 59 12097 2 299098 9192 2.0 18 9 1 5 86%  94 2632 311 36%
c }  7.32  8 13 23 59 12352 2 303376 12194 2.0 18 9 1 5 86%  94 2632 311 36%
c [  7.32  8 12 23 59 12352 1 303376 12194 1.5 15 10 2 7 89%  94 2632 311 36%
c -  7.38  7 12 23 60 12354 1 306782 9469 1.5 15 10 2 7 89%  94 2632 311 36%
c B  7.40  7 12 23 60 12355 1 307972 10118 1.5 15 10 2 7 89%  94 2632 311 36%
c -  7.53  7 12 23 61 12358 1 314528 9242 1.5 15 10 2 7 89%  94 2632 311 36%
c -  7.68  8 12 23 62 12364 1 322338 9610 1.6 15 10 2 7 89%  94 2632 311 36%
c ]  7.80  8 12 24 62 12366 1 328051 12240 1.6 15 10 2 7 89%  94 2632 311 36%
c {  7.80  8 13 24 62 12366 2 328051 12240 2.0 18 9 1 5 86%  94 2632 311 36%
c -  7.85  7 13 24 63 12395 2 330213 10416 1.9 18 9 1 5 86%  94 2632 311 36%
c -  8.04  8 13 24 64 12737 2 338151 12034 2.0 18 9 1 5 87%  94 2632 311 36%
c o  8.10  8 13 24 64 12747 2 340476 13811 2.0 18 9 1 5 87%  94 2632 311 36%
c s  8.20  8 13 24 64 13171 2 344556 17041 2.0 18 9 1 5 86%  94 2631 311 36%
c
c seconds   switched     rate          size/glue tier1   binary      remaining
c        MB   reductions   conflicts         size  tier2   irredundant
c         level    restarts       redundant    glue   trail      variables
c
c e  8.20  7 13 24 64 13171 2 344556 17041 2.0 18 9 1 5 86%  59 3146 271 31%
c s  8.20  7 13 24 64 13171 2 344556 17041 2.0 18 9 1 5 86%  59 3025 271 31%
c e  8.20  7 13 24 64 13171 2 344556 17041 2.0 18 9 1 5 86%  56 3068 268 31%
c !  8.20  7 13 24 64 13171 2 344556 17041 2.0 18 9 1 5 86%  56 3068 268 31%
c -  8.24  8 13 24 65 13271 2 346153 8359 2.0 18 9 1 5 86%  56 3068 268 31%
c u  8.26  7 13 24 65 13383 2 346641 8246 2.0 18 9 1 5 86%  56 3068 268 31%
c v  8.30  7 13 24 65 13383 2 346641 6443 2.0 18 9 1 5 86%  56 3068 268 31%
c w  8.32  7 13 24 65 13383 2 346641 5662 2.0 18 9 1 5 86%  56 3068 268 31%
c -  8.48  8 13 24 66 13889 2 354216 8357 2.0 18 9 1 5 85%  56 3068 268 31%
c i  8.59  8 13 24 66 13889 2 360004 11154 2.0 17 9 1 5 85%  67 3068 267 31%
c -  8.64  8 13 24 67 13891 2 362340 9179 2.0 17 9 1 5 85%  54 3068 267 31%
c }  8.69  8 13 25 67 14162 2 364729 10961 2.0 17 9 1 5 86%  54 3068 267 31%
c [  8.69  8 12 25 67 14162 1 364729 10961 1.6 15 10 2 7 89%  54 3068 267 31%
c W  8.69  7 12 25 67 14162 1 364729 10961 1.6 15 10 2 7 89%  54 3052 267 31%
c -  8.79  7 12 25 68 14166 1 370525 10022 1.6 15 10 2 7 89%  54 3052 267 31%
c -  8.95  8 12 25 69 14170 1 378771 9689 1.6 15 10 2 7 89%  54 3052 267 31%
c -  9.10  8 12 25 70 14175 1 387078 9156 1.5 15 9 2 7 89%  54 3052 267 31%
c -  9.26  8 11 25 71 14176 1 395445 8398 1.5 14 9 2 6 90%  54 3052 267 31%
c -  9.41  8 11 25 72 14182 1 403872 8772 1.5 14 9 2 6 90%  55 3052 267 31%
c ]  9.48  8 11 26 72 14183 1 407816 10626 1.5 14 9 2 6 90%  55 3052 267 31%
c
c seconds   switched     rate          size/glue tier1   binary      remaining
c        MB   reductions   conflicts         size  tier2   irredundant
c         level    restarts       redundant    glue   trail      variables
c
c {  9.48  8 13 26 72 14183 2 407816 10626 2.0 17 9 1 5 86%  55 3052 267 31%
c u  9.50  8 13 26 72 14214 2 408028 10279 2.0 17 9 1 5 86%  59 3052 267 31%
c v  9.53  8 13 26 72 14214 2 408028 8764 2.0 17 9 1 5 86%  63 3052 267 31%
c w  9.54  8 13 26 72 14214 2 408028 8226 2.0 17 9 1 5 86%  63 3052 267 31%
c x  9.55  8 13 26 72 14214 2 408028 8218 2.0 17 9 1 5 86%  65 2844 267 31%
c t  9.55  8 13 26 72 14214 2 408028 8218 2.0 17 9 1 5 86%  64 2844 267 31%
c -  9.61  8 12 26 73 14284 2 412358 7658 1.9 17 9 1 5 86%  64 2844 267 31%
c o  9.75  8 12 26 73 14737 1 420647 13192 1.9 17 9 1 5 86%  66 2844 267 31%
c -  9.76  8 12 26 74 14741 1 420902 9484 1.9 17 9 1 5 86%  66 2844 267 31%
c -  9.95  8 12 26 75 15162 1 429505 11326 1.9 17 9 1 5 86%  66 2844 267 31%
c - 10.18  8 12 26 76 15234 1 438167 13234 2.0 17 9 1 5 86%  67 2844 267 31%
c - 10.40  8 12 26 77 15983 1 446884 14306 1.9 17 9 1 5 86%  67 2844 267 31%
c } 10.48  8 12 27 77 16457 1 450036 16305 1.9 17 9 1 5 86%  67 2844 267 31%
c [ 10.48  8 11 27 77 16457 1 450036 16305 1.5 14 9 2 6 90%  67 2844 267 31%
c O 10.48  8 11 27 77 16457 1 450036 16305 1.5 14 9 2 6 90%  67 2844 267 31%
c - 10.62  8 11 27 78 16461 1 455659 13059 1.5 14 9 1 6 90%  67 2844 267 31%
c - 10.80  8 11 27 79 16466 1 464490 11959 1.5 14 9 1 6 90%  68 2844 267 31%
c - 10.98  8 11 27 80 16470 1 473378 11579 1.5 14 9 1 6 90%  69 2844 267 31%
c u 11.04  8 11 27 80 16471 1 475887 11821 1.5 13 9 1 6 90%  85 2844 267 31%
c v 11.08  8 11 27 80 16471 1 475887 8817 1.5 13 9 1 6 90%  91 2844 267 31%
c
c seconds   switched     rate         size/glue tier1   binary      remaining
c        MB   reductions   conflicts        size  tier2   irredundant
c         level    restarts      redundant    glue   trail      variables
c
c w 11.09  8 11 27 80 16471 1 475887 7397 1.5 13 9 1 6 90%  92 2844 267 31%
c x 11.09  8 11 27 80 16471 1 475887 7381 1.5 13 9 1 6 90% 105 2700 267 31%
c = 11.18  8 11 27 80 16471 1 475887 7381 1.5 13 9 1 6 90% 107 2698 266 31%
c d 11.18  8 11 27 80 16471 1 475887 7381 1.5 13 9 1 6 90% 104 2698 266 31%
c t 11.18  8 11 27 80 16471 1 475887 7381 1.5 13 9 1 6 90%  96 2698 266 31%
c u 11.19  8 11 27 80 16471 1 475887 7076 1.5 13 9 1 6 90%  98 2698 266 31%
c v 11.24  8 11 27 80 16471 1 475887 5502 1.5 13 9 1 6 90% 100 2698 266 31%
c w 11.24  8 11 27 80 16471 1 475887 5410 1.5 13 9 1 6 90% 100 2698 266 31%
c x 11.25  8 11 27 80 16471 1 475887 5409 1.5 13 9 1 6 90% 102 2667 266 31%
c t 11.25  8 11 27 80 16471 1 475887 5409 1.5 13 9 1 6 90% 101 2667 266 31%
c i 11.26  8 11 27 80 16471 1 476628 5732 1.5 13 9 1 6 90% 110 2667 265 30%
c - 11.36  7 11 27 81 16471 1 482323 5815 1.5 13 9 1 6 90%  98 2658 265 30%
c s 11.49  7 11 27 81 16477 1 490508 9681 1.5 13 9 1 6 90% 103 2559 265 30%
c e 11.49  7 11 27 81 16477 1 490508 9681 1.5 13 9 1 6 90%  65 2797 246 28%
c 2 11.49  7 11 27 81 16477 1 490508 9681 1.5 13 9 1 6 90%  64 2797 246 28%
c s 11.49  7 11 27 81 16477 1 490508 9681 1.5 13 9 1 6 90%  67 2713 246 28%
c - 11.51  7 11 27 82 16478 1 491323 6577 1.5 13 9 1 6 90%  67 2713 246 28%
c i 11.56  7 11 27 82 16478 1 495102 8529 1.5 13 9 1 6 89%  79 2713 245 28%
c ] 11.60  7 11 28 82 16481 1 497677 9529 1.5 13 9 1 6 90%  79 2713 245 28%
c { 11.60  7 12 28 82 16481 1 497677 9529 1.9 17 9 1 5 86%  79 2713 245 28%
c
c seconds   switched     rate         size/glue tier1   binary      remaining
c        MB   reductions   conflicts        size  tier2   irredundant
c         level    restarts      redundant    glue   trail      variables
c
c - 11.65  7 12 28 83 16482 1 500378 5983 1.9 17 9 1 5 86%  63 2713 245 28%
c i 11.74  7 12 28 83 16484 1 506010 8974 1.9 16 9 1 5 86%  77 2713 242 28%
c - 11.81  7 12 28 84 16484 1 509488 6843 1.9 16 8 1 5 86% 107 2450 242 28%
c i 11.89  7 12 28 84 16484 1 513863 9853 1.9 16 8 1 5 86% 117 2450 239 27%
c o 11.89  7 12 28 84 16484 1 513863 9853 1.9 16 8 1 5 86% 117 2450 239 27%
c i 11.89  7 12 28 84 16484 1 513865 9854 1.9 16 8 1 5 86% 117 2450 237 27%
c i 11.90  7 12 28 84 16484 1 514511 10271 1.9 16 8 1 5 86% 121 2450 236 27%
c i 11.91  7 12 28 84 16484 1 514553 10276 1.9 16 8 1 5 86% 126 2450 234 27%
c i 11.91  7 12 28 84 16484 1 514619 10301 1.9 16 8 1 5 86% 132 2450 201 23%
c i 11.91  7 12 28 84 16484 1 514628 10300 1.9 16 8 1 5 86% 136 2450 175 20%
c i 11.91  7 12 28 84 16484 1 514633 10302 1.9 16 8 1 5 86% 138 2450 170 19%
c i 11.91  7 12 28 84 16484 1 514650 10310 1.9 16 8 1 5 86% 140 2450 169 19%
c i 11.91  7 12 28 84 16484 1 514658 10311 1.9 16 8 1 5 86% 143 2450 166 19%
c i 11.91  7 12 28 84 16484 1 514661 10311 1.9 16 8 1 5 86% 145 2450 156 18%
c i 11.91  7 12 28 84 16484 1 514663 10311 1.9 16 8 1 5 86% 146 2450 99 11%
c i 11.91  7 12 28 84 16484 1 514664 10310 1.9 16 8 1 5 86% 146 2450 59 7%
c } 11.91  7 12 28 84 16484 1 514666 10310 1.9 16 8 1 5 86% 146 2450  0 0%
c 0 11.91  7 12 28 84 16484 1 514666 10310 1.9 16 8 1 5 86% 146 2450  0 0%
c
c ---- [ result ] ------------------------------------------------------------
c
s UNSATISFIABLE
c
c ---- [ profiling ] ---------------------------------------------------------
c
c          10.85   91.08 %  search
c           5.63   47.24 %  focused
c           5.22   43.84 %  stable
c           1.04    8.74 %  simplify
c           1.02    8.56 %  probe
c           0.64    5.39 %  vivify
c           0.34    2.83 %  sweep
c           0.09    0.74 %  reduce
c           0.03    0.24 %  eliminate
c           0.02    0.16 %  preprocess
c           0.02    0.14 %  substitute
c           0.02    0.13 %  factor
c           0.01    0.11 %  walking
c           0.01    0.05 %  subsume
c           0.00    0.04 %  congruence
c           0.00    0.01 %  transitive
c           0.00    0.01 %  backbone
c           0.00    0.00 %  parse
c           0.00    0.00 %  lucky
c =============================================
c          11.91  100.00 %  total
c
c ---- [ statistics ] --------------------------------------------------------
c
c chronological:                            1                0 %  conflicts
c conflicts:                           514666            43214.03 per second
c congruent:                               34                4 %  variables
c decisions:                           663917                1.29 per conflict
c eliminated:                             610               70 %  variables
c factored:                                50                6 %  variables
c iterations:                              19                2 %  variables
c propagations:                      61658000          5177125    per second
c reductions:                              84             6127    interval
c reordered:                               10            51467    interval
c rephased:                                18            28593    interval
c restarts:                             16484               31    interval
c strengthened:                           728                0 %  checks
c substituted:                             59                7 %  variables
c subsumed:                               477                0 %  checks
c switched:                                28            18381    interval
c vivified:                             41470               43 %  checks
c walks:                                    6            85778    interval
c
c ---- [ glue usage ] --------------------------------------------------------
c
c focused glue 1 used 1769798 clauses 54.67% accumulated 54.67% tier1
c focused glue 2 used  705128 clauses 21.78% accumulated 76.46%
c focused glue 3 used  283141 clauses  8.75% accumulated 85.21%
c focused glue 4 used  133015 clauses  4.11% accumulated 89.31%
c focused glue 5 used   79520 clauses  2.46% accumulated 91.77% tier2
c
c stable glue 1   used 1856557 clauses 51.39% accumulated 51.39% tier1
c stable glue 2   used  736028 clauses 20.37% accumulated 71.76%
c stable glue 3-4 used  492908 clauses 13.64% accumulated 85.41%
c stable glue 5   used  112556 clauses  3.12% accumulated 88.52%
c stable glue 6   used   86419 clauses  2.39% accumulated 90.92% tier2
c
c ---- [ resources ] ---------------------------------------------------------
c
c maximum-resident-set-size:        423927808 bytes        404 MB
c process-time:                            12s              11.91 seconds
c
c ---- [ shutting down ] -----------------------------------------------------
c
c exit 20
