c ---- [ banner ] ------------------------------------------------------------
c
c Kissat SAT Solver
c 
c Copyright (c) 2021-2024 Armin Biere University of Freiburg
c Copyright (c) 2019-2021 Armin Biere Johannes Kepler University Linz
c 
c Version 4.0.4 8af8e56f174b778aef3aa45af9f739b2a5f492c2
c gcc (GCC) 15.2.1 20260123 (Red Hat 15.2.1-7) -W -Wall -O3 -DNDEBUG
c Thu Apr 23 06:47:51 PM IST 2026 Linux krishnendu-LN 6.19.12-200.fc43.x86_64 x86_64
c
c ---- [ parsing ] -----------------------------------------------------------
c
c opened and reading DIMACS file:
c
c   /home/krishnendu/Research/fv-invariant-mining/data/circuits/cnf/miter_mult_10bit.cnf
c
c parsed 'p cnf 1113 4205' header
c closing input after reading 64864 bytes (63 KB)
c finished parsing after 0.00 seconds
c
c ---- [ options ] -----------------------------------------------------------
c
c --decay=140                      (different from default '50')
c --eliminateeffort=0              (different from default '100')
c
c ---- [ solving ] -----------------------------------------------------------
c
c seconds switched rate     size/glue tier1  binary       remaining
c        MB reductions conflicts size  tier2   irredundant
c         level restarts redundant glue  trail       variables
c
c *  0.00  3 0 0 0  0 0   0   0 0.0 0 0 0 0 0% 1458 2745 1110 100%
c (  0.00  3 0 0 0  0 0   0   0 0.0 0 0 0 0 0% 1458 2745 1110 100%
c .  0.00  3 0 0 0  0 0   0   0 0.0 0 0 0 0 0% 1454 2745 1110 100%
c c  0.00  3 0 0 0  0 0   0   0 0.0 0 0 0 0 0% 1518 2743 1067 96%
c d  0.00  3 0 0 0  0 0   0   0 0.0 0 0 0 0 0% 1368 2743 1067 96%
c =  0.02  3 0 0 0  0 0   0   0 0.0 0 0 0 0 0% 1372 2736 1064 96%
c d  0.02  3 0 0 0  0 0   0   0 0.0 0 0 0 0 0% 1367 2736 1064 96%
c f  0.02  4 0 0 0  0 0   0   0 0.0 0 0 0 0 0% 1339 2718 1086 98%
c )  0.02  4 0 0 0  0 0   0   0 0.0 0 0 0 0 0% 1339 2718 1086 98%
c {  0.02  4 0 0 0  0 0   0   0 0.0 0 0 2 6 0% 1339 2718 1086 98%
c -  0.04  4 19 0 1 92 2 1001 588 2.7 28 10 4 14 83% 1345 2718 1086 98%
c }  0.04  4 19 1 1 92 2 1001 588 2.7 28 10 4 14 83% 1345 2718 1086 98%
c [  0.04  4 0 1 1 92 0 1001 588 0.0 0 0 2 6 0% 1345 2718 1086 98%
c B  0.04  4 0 1 1 92 0 1001 588 0.0 0 0 2 6 0% 1345 2718 1086 98%
c -  0.06  4 57 1 2 92 1 2002 1379 2.3 22 10 3 12 79% 1349 2718 1086 98%
c W  0.06  4 57 1 2 92 1 2002 1379 2.3 22 10 3 12 79% 1349 2718 1086 98%
c ]  0.06  4 50 2 2 93 1 2225 1572 2.2 23 10 3 12 81% 1349 2718 1086 98%
c {  0.06  4 19 2 2 93 2 2225 1572 2.7 28 10 4 14 83% 1349 2718 1086 98%
c }  0.09  4 18 3 2 115 2 3226 2477 2.6 25 10 3 13 77% 1358 2718 1086 98%
c [  0.09  4 50 3 2 115 1 3226 2477 2.2 23 10 3 12 81% 1358 2718 1086 98%
c
c seconds  switched  rate       size/glue  tier1     binary       remaining
c        MB reductions conflicts      size   tier2     irredundant
c         level restarts   redundant     glue    trail       variables
c
c u  0.10  4 46 3 2 115 1 3372 2377 2.2 23 10 3 12 81% 1358 2718 1086 98%
c v  0.10  5 46 3 2 115 1 3372 2358 2.2 23 10 3 12 81% 1358 2718 1086 98%
c w  0.10  5 46 3 2 115 1 3372 2351 2.2 23 10 3 12 81% 1358 2718 1086 98%
c x  0.10  5 46 3 2 115 1 3372 2351 2.2 23 10 3 12 81% 1372 2674 1086 98%
c =  0.12  5 46 3 2 115 1 3372 2351 2.2 23 10 3 12 81% 1402 2667 1071 96%
c d  0.12  5 46 3 2 115 1 3372 2351 2.2 23 10 3 12 81% 1357 2667 1071 96%
c t  0.12  5 46 3 2 115 1 3372 2351 2.2 23 10 3 12 81% 1348 2667 1071 96%
c f  0.12  5 46 3 2 115 1 3372 2351 2.2 23 10 3 12 81% 1345 2667 1074 97%
c u  0.12  5 46 3 2 115 1 3372 2316 2.2 23 10 3 12 81% 1346 2667 1074 97%
c v  0.13  5 46 3 2 115 1 3372 2262 2.2 23 10 3 12 81% 1346 2667 1074 97%
c w  0.13  5 46 3 2 115 1 3372 2236 2.2 23 10 3 12 81% 1346 2667 1074 97%
c x  0.13  5 46 3 2 115 1 3372 2236 2.2 23 10 3 12 81% 1346 2665 1074 97%
c =  0.15  5 46 3 2 115 1 3372 2236 2.2 23 10 3 12 81% 1350 2665 1072 96%
c d  0.15  5 46 3 2 115 1 3372 2236 2.2 23 10 3 12 81% 1344 2665 1072 96%
c -  0.15  5 45 3 3 115 1 3416 1839 2.2 23 10 3 12 82% 1344 2665 1072 96%
c I  0.17  5 35 3 3 116 1 4264 2611 2.2 25 11 3 13 85% 1345 2665 1072 96%
c ]  0.17  5 32 4 3 116 1 4696 2948 2.1 24 12 3 13 86% 1346 2665 1072 96%
c {  0.17  5 18 4 3 116 2 4696 2948 2.6 25 10 3 13 77% 1346 2665 1072 96%
c -  0.19  5 18 4 4 137 2 5149 2673 2.7 25 9 2 10 76% 1352 2665 1072 96%
c }  0.26  5 17 5 4 137 2 7048 4449 3.8 29 8 2 8 80% 1353 2665 1072 96%
c
c seconds  switched  rate       size/glue  tier1     binary       remaining
c        MB reductions conflicts      size   tier2     irredundant
c         level restarts   redundant     glue    trail       variables
c
c [  0.26  5 32 5 4 137 1 7048 4449 2.1 24 12 3 13 86% 1353 2665 1072 96%
c -  0.26  5 32 5 5 137 1 7150 3908 2.2 25 11 3 13 86% 1353 2665 1072 96%
c B  0.29  6 28 5 5 137 1 8035 4714 2.4 26 11 3 13 87% 1353 2665 1072 96%
c -  0.32  6 25 5 6 139 1 9386 4781 2.2 24 11 3 13 89% 1353 2665 1072 96%
c ]  0.32  6 24 6 6 139 1 9784 5079 2.1 24 11 3 13 89% 1353 2665 1072 96%
c {  0.32  6 17 6 6 139 2 9784 5079 3.8 29 8 2 8 80% 1353 2665 1072 96%
c o  0.33  6 17 6 6 240 2 10082 5328 3.6 28 8 2 6 81% 1356 2665 1072 96%
c c  0.34  5 17 6 6 362 2 10396 5590 3.4 28 8 2 6 81% 1364 2665 1071 96%
c d  0.34  5 17 6 6 362 2 10396 5590 3.4 28 8 2 6 81% 1362 2665 1071 96%
c u  0.34  5 17 6 6 362 2 10396 5374 3.4 28 8 2 6 81% 1363 2665 1071 96%
c v  0.35  5 17 6 6 362 2 10396 5318 3.4 28 8 2 6 81% 1363 2665 1071 96%
c w  0.35  5 17 6 6 362 2 10396 5314 3.4 28 8 2 6 81% 1363 2665 1071 96%
c =  0.36  5 17 6 6 362 2 10396 5314 3.4 28 8 2 6 81% 1371 2661 1067 96%
c d  0.36  5 17 6 6 362 2 10396 5309 3.4 28 8 2 6 81% 1360 2661 1067 96%
c t  0.36  5 17 6 6 362 2 10396 5309 3.4 28 8 2 6 81% 1358 2661 1067 96%
c u  0.36  5 17 6 6 362 2 10396 5279 3.4 28 8 2 6 81% 1358 2661 1067 96%
c v  0.37  5 17 6 6 362 2 10396 5243 3.4 28 8 2 6 81% 1358 2661 1067 96%
c w  0.37  5 17 6 6 362 2 10396 5235 3.4 28 8 2 6 81% 1358 2661 1067 96%
c x  0.37  5 17 6 6 362 2 10396 5235 3.4 28 8 2 6 81% 1358 2648 1067 96%
c i  0.39  5 17 6 6 439 2 11096 5684 3.3 25 8 2 6 77% 1362 2648 1066 96%
c
c seconds  switched  rate        size/glue tier1    binary       remaining
c        MB reductions conflicts       size  tier2    irredundant
c         level restarts    redundant    glue   trail       variables
c
c -  0.41  5 17 6 7 715 3 11835 4542 3.0 25 8 2 8 77% 1361 2648 1066 96%
c }  0.45  6 17 7 7 1172 3 13854 6308 2.6 23 9 2 8 76% 1366 2648 1066 96%
c [  0.45  6 24 7 7 1172 1 13854 6308 2.1 24 11 3 13 89% 1366 2648 1066 96%
c W  0.45  6 24 7 7 1172 1 13854 6308 2.1 24 11 3 13 89% 1366 2644 1066 96%
c -  0.46  6 23 7 8 1172 1 14481 5197 2.1 24 11 3 13 89% 1367 2644 1066 96%
c e  0.51  6 21 7 8 1174 1 16851 7146 1.9 23 12 3 13 89% 1365 2639 1064 96%
c ^  0.51  6 21 7 8 1174 1 16851 7146 1.9 23 12 3 13 89% 1365 2639 1064 96%
c -  0.52  6 21 7 9 1174 1 17309 5721 1.9 23 12 3 13 89% 1365 2639 1064 96%
c ]  0.53  6 21 8 9 1174 1 17611 5974 1.9 23 12 3 13 88% 1366 2639 1064 96%
c {  0.53  6 17 8 9 1174 3 17611 5974 2.6 23 9 2 8 76% 1366 2639 1064 96%
c o  0.61  7 18 8 9 1428 3 20084 8336 2.6 23 9 2 9 75% 1382 2639 1064 96%
c -  0.62  6 18 8 10 1445 3 20309 6643 2.6 23 9 2 9 76% 1382 2639 1064 96%
c u  0.66  6 17 8 10 1476 3 21305 7137 2.7 24 9 2 9 77% 1386 2635 1064 96%
c v  0.67  7 17 8 10 1476 3 21305 7009 2.7 24 9 2 9 77% 1386 2635 1064 96%
c w  0.67  7 17 8 10 1476 3 21305 6988 2.7 24 9 2 9 77% 1386 2635 1064 96%
c d  0.67  7 17 8 10 1476 3 21305 6988 2.7 24 9 2 9 77% 1382 2635 1062 96%
c t  0.67  7 17 8 10 1476 3 21305 6988 2.7 24 9 2 9 77% 1372 2635 1062 96%
c u  0.68  6 17 8 10 1476 3 21305 6893 2.7 24 9 2 9 77% 1372 2635 1062 96%
c v  0.69  6 17 8 10 1476 3 21305 6819 2.7 24 9 2 9 77% 1372 2635 1062 96%
c w  0.69  6 17 8 10 1476 3 21305 6778 2.7 24 9 2 9 77% 1372 2635 1062 96%
c
c seconds  switched    rate        size/glue tier1    binary       remaining
c        MB  reductions  conflicts       size  tier2    irredundant
c         level   restarts    redundant    glue   trail       variables
c
c -  0.80  6 17 8 11 1581 2 23472 7350 2.8 24 9 2 7 77% 1373 2635 1062 96%
c }  0.81  6 17 9 11 1581 2 23771 7643 2.8 24 9 2 7 78% 1373 2635 1062 96%
c [  0.81  6 21 9 11 1581 1 23771 7643 1.9 23 12 3 13 88% 1373 2635 1062 96%
c O  0.81  6 21 9 11 1581 1 23771 7643 1.9 23 12 3 13 88% 1373 2635 1062 96%
c -  0.91  6 20 9 12 1583 1 26788 7294 1.8 22 12 2 12 87% 1373 2635 1062 96%
c ]  1.01  6 19 10 12 1586 1 30045 9378 1.7 22 12 2 12 87% 1375 2635 1062 96%
c {  1.01  6 17 10 12 1586 2 30045 9378 2.8 24 9 2 7 78% 1375 2635 1062 96%
c -  1.02  6 17 10 13 1608 2 30252 6438 2.8 24 9 2 7 78% 1377 2635 1062 96%
c e  1.17  6 18 10 13 2141 3 33738 9671 2.7 24 9 2 7 77% 1390 2634 1061 95%
c ^  1.17  6 18 10 13 2141 3 33738 9671 2.7 24 9 2 7 77% 1390 2634 1061 95%
c -  1.18  6 18 10 14 2160 3 33857 7622 2.7 24 9 1 6 77% 1392 2634 1061 95%
c u  1.29  6 18 10 14 2646 3 36335 9417 2.6 24 9 1 6 78% 1398 2634 1061 95%
c v  1.31  6 18 10 14 2646 3 36335 9326 2.6 24 9 1 6 78% 1398 2634 1061 95%
c w  1.32  6 18 10 14 2646 3 36335 9313 2.6 24 9 1 6 78% 1398 2634 1061 95%
c x  1.32  6 18 10 14 2646 3 36335 9313 2.6 24 9 1 6 78% 1398 2598 1061 95%
c t  1.32  6 18 10 14 2646 3 36335 9313 2.6 24 9 1 6 78% 1392 2598 1061 95%
c -  1.37  6 18 10 15 2783 3 37598 8527 2.6 24 9 1 5 78% 1397 2598 1061 95%
c }  1.40  6 18 11 15 2856 3 38672 9540 2.6 24 9 1 5 78% 1398 2598 1061 95%
c [  1.40  6 19 11 15 2856 1 38672 9540 1.7 22 12 2 12 87% 1398 2598 1061 95%
c B  1.40  6 19 11 15 2856 1 38672 9540 1.7 22 12 2 12 87% 1398 2598 1061 95%
c
c seconds   switched    rate        size/glue  tier1     binary       remaining
c        MB   reductions  conflicts       size   tier2     irredundant
c         level    restarts    redundant     glue    trail       variables
c
c -  1.46  7 19 11 16 2858 1 41471 8517 1.9 23 12 2 10 88% 1398 2598 1061 95%
c -  1.54  7 18 11 17 2861 1 45471 7722 2.0 24 12 2 10 89% 1400 2598 1061 95%
c -  1.64  7 18 11 18 2862 1 49596 7336 2.0 24 12 2 10 89% 1400 2598 1061 95%
c W  1.68  7 17 11 18 2862 1 50894 8460 2.0 24 12 2 10 89% 1400 2598 1061 95%
c o  1.68  7 17 11 18 2862 1 50894 8460 2.0 24 12 2 10 89% 1400 2598 1061 95%
c -  1.75  7 17 11 19 2865 1 53838 7177 2.0 24 12 2 10 90% 1401 2598 1061 95%
c ]  1.78  7 17 12 19 2865 1 54679 7820 2.0 24 12 2 10 90% 1401 2598 1061 95%
c {  1.78  7 18 12 19 2865 3 54679 7820 2.6 24 9 1 5 78% 1401 2598 1061 95%
c u  1.82  7 18 12 19 3074 3 55700 8402 2.6 24 10 1 5 78% 1404 2598 1061 95%
c v  1.84  7 18 12 19 3074 3 55700 8089 2.6 24 10 1 5 78% 1404 2598 1061 95%
c w  1.84  7 18 12 19 3074 3 55700 8062 2.6 24 10 1 5 78% 1404 2598 1061 95%
c -  1.95  7 18 12 20 3550 3 58197 7742 2.5 25 10 1 5 78% 1407 2598 1061 95%
c -  2.11  7 18 12 21 3808 3 62670 9857 2.6 25 10 1 5 79% 1411 2598 1061 95%
c }  2.26  7 18 13 21 4158 3 66158 13082 2.6 25 10 1 5 80% 1413 2598 1061 95%
c [  2.26  7 17 13 21 4158 1 66158 13082 2.0 24 12 2 10 90% 1413 2598 1061 95%
c I  2.26  7 17 13 21 4158 1 66158 13082 2.0 24 12 2 10 90% 1413 2598 1061 95%
c -  2.28  7 17 13 22 4159 1 67255 11106 2.0 24 12 2 10 90% 1413 2598 1061 95%
c e  2.35  7 17 13 22 4161 1 70320 13285 1.9 23 12 2 10 90% 1412 2597 1060 95%
c ^  2.35  7 17 13 22 4161 1 70320 13285 1.9 23 12 2 10 90% 1412 2597 1060 95%
c -  2.38  7 17 13 23 4162 1 71945 9954 1.9 23 12 2 10 90% 1412 2597 1060 95%
c
c seconds   switched    rate        size/glue  tier1     binary       remaining
c        MB   reductions  conflicts       size   tier2     irredundant
c         level    restarts    redundant     glue    trail       variables
c
c -  2.50  7 17 13 24 4164 1 76740 7974 1.9 23 12 2 10 90% 1413 2597 1060 95%
c u  2.57  7 16 13 24 4166 1 79515 9573 1.9 23 12 2 10 90% 1413 2597 1060 95%
c v  2.59  7 16 13 24 4166 1 79515 9231 1.9 23 12 2 10 90% 1413 2597 1060 95%
c w  2.60  7 16 13 24 4166 1 79515 8668 1.9 23 12 2 10 90% 1413 2597 1060 95%
c x  2.60  7 16 13 24 4166 1 79515 8668 1.9 23 12 2 10 90% 1415 2578 1060 95%
c t  2.68  7 16 13 24 4166 1 79515 8668 1.9 23 12 2 10 90% 1414 2578 1060 95%
c -  2.74  7 16 13 25 4167 1 81639 7241 1.9 23 12 2 10 90% 1414 2578 1060 95%
c B  2.80  7 16 13 25 4169 1 83960 8937 1.9 22 12 2 10 90% 1414 2578 1060 95%
c o  2.80  7 16 13 25 4169 1 83960 8937 1.9 22 12 2 10 90% 1414 2578 1060 95%
c ]  2.85  7 16 14 25 4170 1 86476 11019 1.9 22 12 2 10 90% 1414 2578 1060 95%
c {  2.85  7 18 14 25 4170 3 86476 11019 2.6 25 10 1 5 80% 1414 2578 1060 95%
c -  2.86  7 18 14 26 4216 3 86639 7940 2.5 25 10 1 4 80% 1414 2578 1060 95%
c -  3.04  7 18 14 27 4856 3 91739 9788 2.5 25 10 1 4 78% 1419 2578 1060 95%
c -  3.27  7 18 14 28 4950 3 96936 12676 2.6 25 10 1 4 80% 1419 2578 1060 95%
c }  3.47  7 18 15 28 5429 3 101191 16659 2.6 25 10 1 4 80% 1423 2578 1060 95%
c [  3.47  7 16 15 28 5429 1 101191 16659 1.9 22 12 2 10 90% 1423 2578 1060 95%
c -  3.53  8 16 15 29 5430 1 102227 14454 1.9 23 12 2 9 90% 1423 2578 1060 95%
c W  3.63  8 16 15 29 5431 1 104872 16615 1.9 23 12 2 9 90% 1423 2578 1060 95%
c -  3.70  8 16 15 30 5434 1 107612 13429 1.9 23 12 2 9 89% 1425 2578 1060 95%
c u  3.73  8 16 15 30 5434 1 107969 12882 1.9 23 12 2 9 89% 1427 2578 1060 95%
c
c seconds   switched    rate          size/glue  tier1    binary       remaining
c        MB   reductions  conflicts         size   tier2    irredundant
c         level    restarts      redundant     glue   trail       variables
c
c v  3.76  8 16 15 30 5434 1 107969 12204 1.9 23 12 2 9 89% 1427 2578 1060 95%
c w  3.77  8 16 15 30 5434 1 107969 12130 1.9 23 12 2 9 89% 1427 2578 1060 95%
c t  3.78  8 16 15 30 5434 1 107969 12130 1.9 23 12 2 9 89% 1423 2578 1060 95%
c -  3.92  8 16 15 31 5435 1 113089 9517 1.9 23 12 2 9 89% 1423 2578 1060 95%
c -  4.05  8 16 15 32 5440 1 118657 9452 1.9 22 12 2 9 87% 1424 2578 1060 95%
c ]  4.15  8 16 16 32 5442 1 122360 12892 1.9 22 12 2 9 85% 1426 2578 1060 95%
c {  4.15  8 18 16 32 5442 3 122360 12892 2.6 25 10 1 4 80% 1426 2578 1060 95%
c o  4.22  8 18 16 32 5641 3 123962 14425 2.6 26 10 1 4 80% 1427 2578 1060 95%
c -  4.24  8 18 16 33 5724 3 124314 10600 2.6 26 10 1 4 80% 1427 2578 1060 95%
c e  4.48  8 18 16 33 6459 3 129281 15183 2.6 25 10 1 4 80% 1431 2577 1059 95%
c ^  4.48  8 18 16 33 6459 3 129281 15183 2.6 25 10 1 4 80% 1431 2577 1059 95%
c -  4.52  9 18 16 34 6582 3 130058 12354 2.5 25 10 1 4 80% 1431 2577 1059 95%
c -  4.78  9 18 16 35 6582 2 135889 14871 2.7 26 10 1 4 81% 1434 2577 1059 95%
c }  5.02  9 18 17 35 7296 3 140697 18869 2.6 26 10 1 4 81% 1435 2577 1059 95%
c [  5.02  9 16 17 35 7296 1 140697 18869 1.9 22 12 2 9 85% 1435 2577 1059 95%
c O  5.02  9 16 17 35 7296 1 140697 18869 1.9 22 12 2 9 85% 1435 2577 1059 95%
c u  5.07  9 16 17 35 7296 1 141209 18203 1.9 22 12 2 9 85% 1434 2577 1059 95%
c v  5.11  9 16 17 35 7296 1 141209 18015 1.9 22 12 2 9 85% 1434 2577 1059 95%
c w  5.13 11 16 17 35 7296 1 141209 18002 1.9 22 12 2 9 85% 1434 2577 1059 95%
c t  5.13 11 16 17 35 7296 1 141209 18002 1.9 22 12 2 9 85% 1433 2577 1059 95%
c
c seconds   switched    rate          size/glue  tier1    binary       remaining
c        MB   reductions  conflicts         size   tier2    irredundant
c         level    restarts      redundant     glue   trail       variables
c
c -  5.15 10 16 17 36 7297 1 141805 14328 1.9 22 12 2 9 85% 1433 2577 1059 95%
c -  5.33 10 16 17 37 7301 1 147806 12654 1.9 22 12 2 9 84% 1433 2577 1059 95%
c -  5.54 10 16 17 38 7303 1 153888 10765 1.8 22 12 2 9 83% 1433 2577 1059 95%
c -  5.72 10 16 17 39 7308 1 160052 10688 1.8 22 12 2 9 83% 1433 2577 1059 95%
c -  5.93 10 16 17 40 7310 1 166296 10477 1.8 22 12 2 9 83% 1433 2577 1059 95%
c ]  5.94 10 16 18 40 7310 1 166719 10777 1.8 22 12 2 9 84% 1433 2577 1059 95%
c {  5.94 10 18 18 40 7310 3 166719 10777 2.6 26 10 1 4 81% 1433 2577 1059 95%
c -  6.20 10 18 18 41 7600 2 172620 11921 2.5 25 10 1 4 80% 1437 2577 1059 95%
c o  6.39 10 17 18 41 7621 2 177244 16243 2.6 25 10 1 4 81% 1443 2577 1059 95%
c -  6.48 10 17 18 42 7621 2 179023 15026 2.6 25 10 1 3 81% 1446 2577 1059 95%
c u  6.51 10 17 18 42 7621 2 179332 14789 2.6 25 10 1 3 81% 1446 2577 1059 95%
c v  6.54 10 17 18 42 7621 2 179332 14315 2.6 25 10 1 3 81% 1446 2577 1059 95%
c w  6.55 11 17 18 42 7621 2 179332 14252 2.6 25 10 1 3 81% 1446 2577 1059 95%
c x  6.56 11 17 18 42 7621 2 179332 14252 2.6 25 10 1 3 81% 1446 2549 1059 95%
c t  6.56 11 17 18 42 7621 2 179332 14252 2.6 25 10 1 3 81% 1445 2549 1059 95%
c -  6.85 10 17 18 43 7704 2 185503 16561 2.6 25 10 1 3 81% 1449 2549 1059 95%
c }  7.03 10 16 19 43 7787 2 189065 19830 2.7 25 10 1 3 81% 1454 2549 1059 95%
c [  7.03 10 16 19 43 7787 1 189065 19830 1.8 22 12 2 9 84% 1454 2549 1059 95%
c B  7.03 10 16 19 43 7787 1 189065 19830 1.8 22 12 2 9 84% 1454 2549 1059 95%
c -  7.10 10 16 19 44 7789 1 192061 16959 1.8 22 12 2 9 84% 1454 2549 1059 95%
c
c seconds   switched    rate          size/glue  tier1    binary       remaining
c        MB   reductions  conflicts         size   tier2    irredundant
c         level    restarts      redundant     glue   trail       variables
c
c -  7.30 11 16 19 45 7793 1 198695 14323 1.8 22 12 2 9 85% 1454 2549 1059 95%
c -  7.48  9 16 19 46 7796 1 205403 11067 1.8 22 12 2 9 85% 1454 2549 1059 95%
c -  7.69 10 16 19 47 7800 1 212185 10102 1.8 21 12 1 9 86% 1454 2549 1059 95%
c e  7.72  9 16 19 47 7800 1 213064 10527 1.8 21 12 1 9 86% 1452 2549 1058 95%
c ^  7.72  9 16 19 47 7800 1 213064 10527 1.8 21 12 1 9 86% 1452 2549 1058 95%
c -  7.86  9 15 19 48 7801 1 219041 10719 1.8 21 12 1 9 86% 1452 2549 1058 95%
c W  7.89  8 15 19 48 7801 1 220515 11922 1.8 21 12 1 9 86% 1452 2549 1058 95%
c u  7.96  8 15 19 48 7802 1 222515 12662 1.8 21 12 1 9 86% 1456 2549 1058 95%
c v  8.00  8 15 19 48 7802 1 222515 11464 1.8 21 12 1 9 86% 1456 2549 1058 95%
c w  8.02  8 15 19 48 7802 1 222515 9396 1.8 21 12 1 9 86% 1456 2549 1058 95%
c t  8.17  8 15 19 48 7802 1 222515 9396 1.8 21 12 1 9 86% 1455 2549 1058 95%
c -  8.25  8 15 19 49 7804 1 225969 8819 1.8 21 12 2 9 86% 1455 2549 1058 95%
c ]  8.35  8 15 20 49 7807 1 229771 11375 1.8 21 12 2 9 86% 1455 2549 1058 95%
c {  8.35  8 16 20 49 7807 2 229771 11375 2.7 25 10 1 3 81% 1455 2549 1058 95%
c -  8.50  8 17 20 50 8502 2 232970 10902 2.6 25 10 1 3 81% 1456 2549 1058 95%
c o  8.70  8 17 20 50 9588 2 237260 14713 2.6 25 10 1 3 81% 1460 2549 1058 95%
c -  8.84  9 17 20 51 10184 2 240041 12212 2.5 26 10 1 3 82% 1462 2549 1058 95%
c -  9.19  9 18 20 52 11185 2 247183 13268 2.5 26 10 1 3 81% 1464 2549 1058 95%
c -  9.53  9 18 20 53 11841 2 254394 15179 2.5 26 10 1 3 81% 1468 2549 1058 95%
c }  9.61  9 18 21 53 11977 2 256510 17167 2.5 26 10 1 3 81% 1469 2549 1058 95%
c
c seconds   switched     rate          size/glue  tier1    binary       remaining
c        MB   reductions   conflicts         size   tier2    irredundant
c         level    restarts       redundant     glue   trail       variables
c
c [  9.61  9 15 21 53 11977 1 256510 17167 1.8 21 12 2 9 86% 1469 2549 1058 95%
c I  9.61  9 15 21 53 11977 1 256510 17167 1.8 21 12 2 9 86% 1469 2549 1058 95%
c -  9.75  9 15 21 54 11981 1 261674 15352 1.8 21 12 2 9 87% 1469 2549 1058 95%
c -  9.97  9 15 21 55 11984 1 269022 13744 1.8 21 12 1 9 87% 1469 2549 1058 95%
c u 10.05  9 15 21 55 11985 1 270849 14075 1.8 21 12 1 9 87% 1469 2549 1058 95%
c v 10.08  9 15 21 55 11985 1 270849 13518 1.8 21 12 1 9 87% 1469 2549 1058 95%
c w 10.09  9 15 21 55 11985 1 270849 13443 1.8 21 12 1 9 87% 1469 2549 1058 95%
c x 10.10  9 15 21 55 11985 1 270849 13443 1.8 21 12 1 9 87% 1469 2533 1058 95%
c t 10.10  9 15 21 55 11985 1 270849 13443 1.8 21 12 1 9 87% 1467 2533 1058 95%
c - 10.26  9 15 21 56 11989 1 276438 11463 1.8 21 12 2 9 88% 1467 2533 1058 95%
c - 10.47  9 15 21 57 11991 1 283921 10505 1.8 21 12 2 8 88% 1467 2533 1058 95%
c - 10.69  9 15 21 58 11994 1 291470 10622 1.8 21 12 2 8 88% 1468 2533 1058 95%
c B 10.83  9 15 21 58 11997 1 295951 14199 1.8 21 12 2 8 88% 1468 2533 1058 95%
c - 10.91  9 15 21 59 11998 1 299087 11172 1.8 21 12 2 8 88% 1468 2533 1058 95%
c ] 11.06  9 15 22 59 12001 1 304968 15665 1.8 21 12 2 8 88% 1468 2533 1058 95%
c { 11.06  9 18 22 59 12001 2 304968 15665 2.5 26 10 1 3 81% 1468 2533 1058 95%
c - 11.11  9 18 22 60 12049 2 306768 11670 2.5 26 10 1 3 81% 1469 2533 1058 95%
c o 11.13  9 17 22 60 12053 2 308335 13064 2.4 25 10 1 3 80% 1471 2533 1058 95%
c - 11.30  9 17 22 61 12510 2 314514 13183 2.4 25 10 1 3 81% 1473 2533 1058 95%
c - 11.48  9 17 22 62 12986 2 322324 13970 2.3 24 10 1 4 80% 1473 2533 1058 95%
c
c seconds   switched     rate          size/glue  tier1    binary       remaining
c        MB   reductions   conflicts         size   tier2    irredundant
c         level    restarts       redundant     glue   trail       variables
c
c e 11.51  9 17 22 62 12986 2 323997 15452 2.3 24 10 1 4 79% 1473 2535 1057 95%
c ! 11.51  9 17 22 62 12986 2 323997 15452 2.3 24 10 1 4 79% 1473 2535 1057 95%
c u 11.54  9 17 22 62 13039 2 324426 15224 2.3 24 10 1 4 79% 1476 2535 1057 95%
c v 11.59  9 17 22 62 13039 2 324426 14438 2.3 24 10 1 4 79% 1476 2535 1057 95%
c w 11.60  9 17 22 62 13039 2 324426 14261 2.3 24 10 1 4 79% 1476 2535 1057 95%
c t 11.60  9 17 22 62 13039 2 324426 14261 2.3 24 10 1 4 79% 1470 2535 1057 95%
c - 11.77  9 17 22 63 13591 2 330198 12663 2.3 24 10 1 4 80% 1470 2535 1057 95%
c } 11.98  9 16 23 63 13762 2 336485 16803 2.2 23 10 1 4 81% 1471 2535 1057 95%
c [ 11.98  9 15 23 63 13762 1 336485 16803 1.8 21 12 2 8 88% 1471 2535 1057 95%
c - 12.02  9 15 23 64 13763 1 338136 12907 1.8 21 12 2 8 88% 1471 2535 1057 95%
c W 12.07  9 15 23 64 13764 1 339663 14048 1.8 21 12 2 8 88% 1471 2535 1057 95%
c - 12.24  9 15 23 65 13768 1 346137 12546 1.8 21 12 2 8 88% 1472 2535 1057 95%
c - 12.48  9 15 23 66 13773 1 354199 11528 1.8 22 12 2 8 88% 1472 2535 1057 95%
c - 12.66  9 15 23 67 13776 1 362323 11629 1.8 21 12 2 8 87% 1473 2535 1057 95%
c ] 12.80  9 15 24 67 13776 1 368146 16977 1.8 21 12 2 8 86% 1473 2535 1057 95%
c { 12.80  9 16 24 67 13776 2 368146 16977 2.2 23 10 1 4 81% 1473 2535 1057 95%
c - 12.93  9 17 24 68 14257 2 370509 13344 2.2 23 10 1 4 81% 1475 2535 1057 95%
c - 13.24  9 17 24 69 14619 2 378755 16423 2.3 24 10 1 4 81% 1477 2535 1057 95%
c u 13.51  9 17 24 69 15369 2 383361 19649 2.3 24 10 1 4 82% 1477 2535 1057 95%
c v 13.57  9 17 24 69 15369 2 383361 18883 2.3 24 10 1 4 82% 1477 2535 1057 95%
c
c seconds   switched     rate          size/glue  tier1    binary       remaining
c        MB   reductions   conflicts         size   tier2    irredundant
c         level    restarts       redundant     glue   trail       variables
c
c w 13.60 12 17 24 69 15369 2 383361 18837 2.3 24 10 1 4 82% 1477 2535 1057 95%
c t 13.60 12 17 24 69 15369 2 383361 18837 2.3 24 10 1 4 82% 1475 2535 1057 95%
c - 13.78 11 17 24 70 15590 2 387061 16679 2.3 24 10 1 4 81% 1476 2535 1057 95%
c - 14.09 11 17 24 71 15590 2 395428 19667 2.5 25 10 1 4 82% 1476 2535 1057 95%
c o 14.20 11 17 24 71 15593 2 398278 22449 2.5 25 10 1 4 82% 1476 2535 1057 95%
c - 14.46 12 16 24 72 15597 2 403855 22793 2.6 26 10 1 4 83% 1476 2535 1057 95%
c } 14.49 11 16 25 72 15597 2 404823 23749 2.6 26 10 1 4 83% 1476 2535 1057 95%
c [ 14.49 11 15 25 72 15597 1 404823 23749 1.8 21 12 2 8 86% 1476 2535 1057 95%
c O 14.49 11 15 25 72 15597 1 404823 23749 1.8 21 12 2 8 86% 1476 2535 1057 95%
c - 14.70 12 15 25 73 15602 1 412340 20882 1.8 21 11 2 8 85% 1476 2535 1057 95%
c - 14.98 12 15 25 74 15606 1 420886 16167 1.8 21 12 1 8 86% 1476 2535 1057 95%
c - 15.22  9 15 25 75 15611 1 429489 13731 1.8 21 12 1 8 86% 1476 2535 1057 95%
c - 15.47 10 15 25 76 15612 1 438149 12633 1.8 21 12 1 8 86% 1476 2535 1057 95%
c - 15.73 10 15 25 77 15618 1 446867 12744 1.8 21 12 1 8 87% 1476 2535 1057 95%
c u 15.78 10 15 25 77 15618 1 447722 12550 1.8 21 11 1 8 87% 1476 2535 1057 95%
c v 15.81 10 15 25 77 15618 1 447722 11760 1.8 21 11 1 8 87% 1476 2535 1057 95%
c w 15.83 10 15 25 77 15618 1 447722 11707 1.8 21 11 1 8 87% 1476 2535 1057 95%
c x 15.84 10 15 25 77 15618 1 447722 11707 1.8 21 11 1 8 87% 1476 2523 1057 95%
c - 16.04 10 15 25 78 15623 1 455642 11630 1.8 21 11 1 8 87% 1476 2523 1057 95%
c B 16.09  9 15 25 78 15624 1 457610 13052 1.8 20 11 1 8 87% 1476 2523 1057 95%
c
c seconds   switched     rate          size/glue  tier1    binary       remaining
c        MB   reductions   conflicts         size   tier2    irredundant
c         level    restarts       redundant     glue   trail       variables
c
c ] 16.20 10 14 26 78 15625 1 461404 15491 1.8 20 11 1 8 87% 1476 2523 1057 95%
c { 16.20 10 16 26 78 15625 2 461404 15491 2.6 26 10 1 4 83% 1476 2523 1057 95%
c e 16.26 10 16 26 78 15732 2 464107 17342 2.6 26 10 1 4 82% 1473 2523 1056 95%
c - 16.28 10 16 26 79 15800 2 464474 12458 2.6 26 10 1 4 82% 1473 2523 1056 95%
c - 16.77 10 17 26 80 17069 2 473363 15643 2.6 26 10 1 4 82% 1475 2523 1056 95%
c - 17.26 11 17 26 81 18098 2 482307 17426 2.5 26 10 1 4 82% 1478 2523 1056 95%
c o 17.60 11 17 26 81 18214 2 488283 23169 2.6 26 10 1 4 82% 1480 2523 1056 95%
c - 17.80 11 17 26 82 18738 2 491307 19511 2.6 26 10 1 4 82% 1481 2523 1056 95%
c - 18.32 11 17 26 83 19643 2 500363 21008 2.6 27 10 1 4 82% 1482 2523 1056 95%
c } 18.52 12 17 27 83 20272 2 503624 23916 2.5 26 10 1 4 82% 1482 2523 1056 95%
c [ 18.52 12 14 27 83 20272 1 503624 23916 1.8 20 11 1 8 87% 1482 2523 1056 95%
c - 18.78 12 15 27 84 20276 1 509474 19604 1.8 21 12 1 8 87% 1482 2523 1056 95%
c W 19.00 10 15 27 84 20278 1 515195 24618 1.8 21 12 1 8 87% 1482 2523 1056 95%
c u 19.12 12 15 27 84 20280 1 517651 25319 1.8 21 12 1 8 88% 1483 2523 1056 95%
c v 19.22 13 15 27 84 20280 1 517651 24519 1.8 21 12 1 8 88% 1483 2523 1056 95%
c w 19.26 13 15 27 84 20280 1 517651 23116 1.8 21 12 1 8 88% 1483 2523 1056 95%
c t 19.34 13 15 27 84 20280 1 517651 23116 1.8 21 12 1 8 88% 1478 2523 1056 95%
c - 19.37  9 15 27 85 20281 1 518639 15125 1.8 21 12 1 8 88% 1478 2523 1056 95%
c - 19.62 10 15 27 86 20285 1 527860 13735 1.8 21 12 1 8 88% 1478 2523 1056 95%
c - 19.90 10 15 27 87 20287 1 537133 12348 1.8 21 12 1 8 88% 1478 2523 1056 95%
c
c seconds   switched     rate          size/glue  tier1    binary       remaining
c        MB   reductions   conflicts         size   tier2    irredundant
c         level    restarts       redundant     glue   trail       variables
c
c - 20.15 10 14 27 88 20293 1 546460 12524 1.8 21 12 1 8 88% 1478 2523 1056 95%
c - 20.41 10 14 27 89 20299 1 555840 12882 1.8 21 12 1 8 88% 1478 2523 1056 95%
c - 20.71 10 14 27 90 20301 1 565274 12888 1.8 21 11 1 8 88% 1478 2523 1056 95%
c - 21.01 10 14 27 91 20302 1 574760 13312 1.8 21 11 1 8 89% 1478 2523 1056 95%
c I 21.09 10 14 27 91 20302 1 577746 15490 1.8 21 11 1 8 89% 1478 2523 1056 95%
c ] 21.16 10 14 28 91 20302 1 580507 17973 1.8 21 11 1 8 89% 1479 2523 1056 95%
c { 21.16 10 17 28 91 20302 2 580507 17973 2.5 26 10 1 4 82% 1479 2523 1056 95%
c - 21.36 10 17 28 92 20691 2 584300 15799 2.5 27 10 1 3 82% 1481 2523 1056 95%
c o 21.54 10 17 28 92 20822 2 588289 19655 2.6 27 10 1 3 83% 1482 2523 1056 95%
c u 21.78 11 17 28 92 21047 2 593181 23677 2.6 27 10 1 3 83% 1484 2523 1056 95%
c v 21.83 12 17 28 92 21047 2 593181 22954 2.6 27 10 1 3 83% 1484 2523 1056 95%
c w 21.87 13 17 28 92 21047 2 593181 22869 2.6 27 10 1 3 83% 1484 2523 1056 95%
c t 21.87 13 17 28 92 21047 2 593181 22869 2.6 27 10 1 3 83% 1482 2523 1056 95%
c - 21.92 11 17 28 93 21164 2 593891 17461 2.6 27 10 1 3 83% 1483 2523 1056 95%
c - 22.40 11 17 28 94 21564 2 603534 20146 2.7 27 10 1 3 84% 1483 2523 1056 95%
c - 23.00 11 17 28 95 22601 2 613229 20884 2.6 27 10 1 3 83% 1485 2523 1056 95%
c - 23.72 12 18 28 96 24070 2 622976 20735 2.6 27 11 1 3 83% 1487 2523 1056 95%
c } 24.04 12 17 29 96 24450 2 628647 26053 2.6 27 11 1 3 83% 1488 2523 1056 95%
c [ 24.04 12 14 29 96 24450 1 628647 26053 1.8 21 11 1 8 89% 1488 2523 1056 95%
c - 24.26 12 14 29 97 24453 1 632774 23198 1.9 21 11 1 8 89% 1488 2523 1056 95%
c
c seconds   switched     rate          size/glue  tier1    binary       remaining
c        MB   reductions   conflicts         size   tier2    irredundant
c         level    restarts       redundant     glue   trail       variables
c
c e 24.39 10 14 29 97 24455 1 635537 25882 1.9 21 11 1 8 89% 1485 2524 1055 95%
c - 24.63 12 14 29 98 24458 1 642623 23599 1.9 21 11 1 8 89% 1486 2524 1055 95%
c B 24.75 11 14 29 98 24460 1 645429 25567 1.9 21 11 1 8 89% 1486 2524 1055 95%
c - 24.99 12 14 29 99 24463 1 652523 19120 1.9 21 11 1 8 89% 1486 2524 1055 95%
c - 25.30 10 14 29 100 24465 1 662473 15905 1.9 21 11 1 8 89% 1486 2524 1055 95%
c - 25.60 10 14 29 101 24471 1 672475 15284 1.9 21 11 1 8 89% 1486 2524 1055 95%
c u 25.70 10 14 29 101 24472 1 674407 15440 1.9 21 11 1 8 89% 1487 2524 1055 95%
c v 25.78 10 14 29 101 24472 1 674407 13918 1.9 21 11 1 8 89% 1487 2524 1055 95%
c w 25.87 11 14 29 101 24472 1 674407 12535 1.9 21 11 1 8 89% 1487 2524 1055 95%
c - 26.14 10 14 29 102 24478 1 682524 12684 1.9 21 11 1 8 89% 1487 2524 1055 95%
c - 26.41 10 14 29 103 24479 1 692624 13797 1.9 21 11 1 8 89% 1487 2524 1055 95%
c - 26.73 10 14 29 104 24480 1 702772 13617 1.8 20 11 1 8 89% 1487 2524 1055 95%
c ] 26.99 10 14 30 104 24481 1 710842 19312 1.8 20 11 1 8 89% 1487 2524 1055 95%
c { 26.99 10 17 30 104 24481 2 710842 19312 2.6 27 11 1 3 83% 1487 2524 1055 95%
c - 27.08 10 17 30 105 24481 2 712970 14234 2.6 27 11 1 3 83% 1487 2524 1055 95%
c o 27.09 10 17 30 105 24492 2 713196 14394 2.6 27 11 1 3 83% 1487 2524 1055 95%
c - 27.59 11 17 30 106 25601 2 723216 17651 2.6 27 11 1 3 84% 1491 2524 1055 95%
c - 28.14 12 17 30 107 26226 2 733512 21111 2.6 28 11 1 3 84% 1493 2524 1055 95%
c - 28.73 12 17 30 108 26467 2 743857 24125 2.7 28 10 1 3 84% 1494 2524 1055 95%
c - 29.37 12 17 30 109 26750 2 754249 25568 2.7 28 10 1 3 84% 1496 2524 1055 95%
c
c seconds   switched      rate          size/glue  tier1    binary       remaining
c        MB   reductions    conflicts         size   tier2    irredundant
c         level     restarts       redundant     glue   trail       variables
c
c u 29.94 13 17 30 109 27522 2 761387 31491 2.7 28 10 1 3 84% 1497 2524 1055 95%
c v 30.01 14 17 30 109 27522 2 761387 30943 2.7 28 10 1 3 84% 1497 2524 1055 95%
c w 30.05 15 17 30 109 27522 2 761387 30847 2.7 28 10 1 3 84% 1497 2524 1055 95%
c x 30.06 12 17 30 109 27522 2 761387 30847 2.7 28 10 1 3 84% 1498 2500 1055 95%
c t 30.06 12 17 30 109 27522 2 761387 30847 2.7 28 10 1 3 84% 1497 2500 1055 95%
c - 30.30 13 17 30 110 28028 2 764689 24140 2.7 28 10 1 3 84% 1497 2500 1055 95%
c } 30.34 12 17 31 110 28145 2 765276 24556 2.7 28 10 1 3 84% 1497 2500 1055 95%
c [ 30.34 12 14 31 110 28145 1 765276 24556 1.8 20 11 1 8 89% 1497 2500 1055 95%
c W 30.37 11 14 31 110 28145 1 765276 24556 1.8 20 11 1 8 89% 1497 2500 1055 95%
c - 30.69 11 14 31 111 28151 1 775177 21180 1.8 20 11 1 8 89% 1497 2500 1055 95%
c - 31.03 11 14 31 112 28157 1 785713 17489 1.8 20 11 1 8 89% 1497 2500 1055 95%
c - 31.44 11 14 31 113 28159 1 796297 16041 1.8 20 11 1 8 89% 1497 2500 1055 95%
c - 31.88  8 14 31 114 28166 1 806928 15091 1.8 20 11 1 7 89% 1497 2500 1055 95%
c - 32.31  9 13 31 115 28172 1 817605 15038 1.8 20 11 1 7 89% 1497 2500 1055 95%
c - 32.72  9 13 31 116 28174 1 828328 15471 1.8 20 11 1 7 90% 1497 2500 1055 95%
c - 33.08  9 13 31 117 28175 1 839098 15804 1.8 20 11 1 7 90% 1497 2500 1055 95%
c e 33.11  9 13 31 117 28175 1 840039 16331 1.8 20 11 1 7 90% 1494 2501 1054 95%
c o 33.11  9 13 31 117 28175 1 840039 16328 1.8 20 11 1 7 90% 1494 2501 1054 95%
c O 33.22  9 13 31 117 28175 1 843704 19033 1.8 20 11 1 7 90% 1494 2501 1054 95%
c ] 33.46  9 14 32 117 28178 1 849708 23365 1.8 20 11 1 7 90% 1494 2501 1054 95%
c
c seconds   switched      rate          size/glue  tier1    binary       remaining
c        MB   reductions    conflicts         size   tier2    irredundant
c         level     restarts       redundant     glue   trail       variables
c
c { 33.46  9 17 32 117 28178 2 849708 23365 2.7 28 10 1 3 84% 1494 2501 1054 95%
c - 33.48  8 17 32 118 28222 2 849914 15355 2.7 28 10 1 3 84% 1494 2501 1054 95%
c u 33.76  9 17 32 118 29090 2 854261 18191 2.6 28 11 1 3 84% 1495 2501 1054 95%
c v 33.86  9 17 32 118 29090 2 854261 16652 2.6 28 11 1 3 84% 1495 2501 1054 95%
c w 33.93 11 17 32 118 29090 2 854261 16547 2.6 28 11 1 3 84% 1495 2501 1054 95%
c - 34.31 10 17 32 119 29375 2 860776 16503 2.6 28 11 1 3 84% 1496 2501 1054 95%
c - 34.89 11 17 32 120 29375 2 871684 20284 2.7 28 10 1 3 84% 1497 2501 1054 95%
c - 35.53 12 17 32 121 30423 2 882639 21938 2.7 28 10 1 3 84% 1497 2501 1054 95%
c - 36.15 11 17 32 122 31162 2 893640 22851 2.7 28 10 1 3 83% 1505 2501 1054 95%
c - 36.81 12 17 32 123 31998 2 904685 23994 2.7 28 10 1 3 83% 1508 2501 1054 95%
c } 37.17 12 17 33 123 32528 2 910812 29603 2.6 28 11 1 3 83% 1508 2501 1054 95%
c [ 37.17 12 14 33 123 32528 1 910812 29603 1.8 20 11 1 7 90% 1508 2501 1054 95%
c - 37.39 12 14 33 124 32531 1 915775 24038 1.9 20 11 1 7 90% 1508 2501 1054 95%
c - 37.84 12 14 33 125 32537 1 926910 22490 2.0 21 11 1 7 90% 1508 2501 1054 95%
c B 37.88 12 14 33 125 32538 1 927742 23180 2.0 21 11 1 7 90% 1508 2501 1054 95%
c - 38.29 12 14 33 126 32542 1 938091 19558 1.9 21 11 1 7 89% 1508 2501 1054 95%
c - 38.72 12 14 33 127 32547 1 949315 17401 1.9 21 11 1 7 89% 1509 2501 1054 95%
c u 38.93 12 14 33 127 32549 1 953051 18706 1.9 21 11 1 7 89% 1509 2501 1054 95%
c v 39.06 12 14 33 127 32549 1 953051 16625 1.9 21 11 1 7 89% 1509 2501 1054 95%
c w 39.14 12 14 33 127 32549 1 953051 15927 1.9 21 11 1 7 89% 1509 2501 1054 95%
c
c seconds   switched      rate          size/glue  tier1    binary       remaining
c        MB   reductions    conflicts         size   tier2    irredundant
c         level     restarts       redundant     glue   trail       variables
c
c t 39.14 12 14 33 127 32549 1 953051 15927 1.9 21 11 1 7 89% 1504 2501 1054 95%
c - 39.42 10 14 33 128 32553 1 960584 14398 1.9 21 11 1 7 89% 1504 2501 1054 95%
c - 39.89 10 14 33 129 32557 1 971898 15145 2.0 21 11 1 7 89% 1504 2501 1054 95%
c - 40.33 10 14 33 130 32558 1 983255 14566 2.0 21 11 1 7 90% 1504 2501 1054 95%
c - 40.76 10 13 33 131 32560 1 994656 15649 2.0 21 11 1 7 90% 1504 2501 1054 95%
c ] 40.95 10 13 34 131 32564 1 999115 18340 2.0 21 11 1 7 90% 1504 2501 1054 95%
c { 40.95 10 17 34 131 32564 2 999115 18340 2.6 28 11 1 3 83% 1504 2501 1054 95%
c - 41.28 11 17 34 132 32564 2 1006102 16393 2.6 27 10 1 3 84% 1504 2501 1054 95%
c o 41.63 11 16 34 132 32600 2 1014043 21374 2.6 27 10 1 3 84% 1504 2501 1054 95%
c - 41.82 11 16 34 133 32601 2 1017592 18244 2.6 27 10 1 3 84% 1508 2501 1054 95%
c - 42.31 12 16 34 134 32601 2 1029125 21569 2.7 27 10 1 3 85% 1508 2501 1054 95%
c - 42.92 12 15 34 135 32611 2 1040700 23803 2.7 27 10 1 3 86% 1510 2501 1054 95%
c - 43.62 12 15 34 136 32892 2 1052318 23787 2.7 26 10 1 3 86% 1513 2501 1054 95%
c u 43.98 12 14 34 136 32981 2 1057784 26624 2.7 26 10 1 3 86% 1513 2501 1054 95%
c v 44.12 13 14 34 136 32981 2 1057784 25179 2.7 26 10 1 3 86% 1513 2501 1054 95%
c w 44.17 13 14 34 136 32981 2 1057784 24881 2.7 26 10 1 3 86% 1513 2501 1054 95%
c t 44.76 13 14 34 136 32981 2 1057784 24881 2.7 26 10 1 3 86% 1511 2501 1054 95%
c - 45.06 12 14 34 137 32981 2 1063979 21168 2.7 26 10 1 3 86% 1511 2501 1054 95%
c } 45.20 11 14 35 137 32981 2 1067262 24125 2.8 26 9 1 3 86% 1511 2501 1054 95%
c [ 45.20 11 13 35 137 32981 1 1067262 24125 2.0 21 11 1 7 90% 1511 2501 1054 95%
c
c seconds   switched      rate           size/glue  tier1    binary       remaining
c        MB   reductions     conflicts         size   tier2    irredundant
c         level     restarts        redundant     glue   trail       variables
c
c W 45.27 10 13 35 137 32981 1 1067262 24125 2.0 21 11 1 7 90% 1511 2501 1054 95%
c - 45.65 10 13 35 138 32987 1 1075684 20941 2.0 21 11 1 7 90% 1511 2501 1054 95%
c e 45.79 10 13 35 138 32988 1 1079590 23256 2.0 21 11 1 7 90% 1508 2502 1053 95%
c - 46.09 10 13 35 139 32993 1 1087432 18789 1.9 21 11 1 7 90% 1508 2502 1053 95%
c - 46.50  8 13 35 140 32995 1 1099221 16198 1.9 21 11 1 7 90% 1508 2502 1053 95%
c - 46.86  8 14 35 141 33002 1 1111054 15058 1.9 21 11 1 7 90% 1508 2502 1053 95%
c - 47.25  9 13 35 142 33009 1 1122928 14671 1.9 20 11 1 7 90% 1508 2502 1053 95%
c - 47.70  9 13 35 143 33011 1 1134844 15367 1.9 20 11 1 7 90% 1508 2502 1053 95%
c - 48.13  9 13 35 144 33011 1 1146802 15769 1.9 20 11 1 7 90% 1508 2502 1053 95%
c - 48.50  9 13 35 145 33018 1 1158804 16936 1.9 20 11 1 7 90% 1508 2502 1053 95%
c I 48.62  9 13 35 145 33020 1 1162977 19940 1.9 20 11 1 7 90% 1508 2502 1053 95%
c o 48.63  9 13 35 145 33020 1 1162977 19940 1.9 20 11 1 7 90% 1508 2502 1053 95%
c u 48.84 12 13 35 145 33024 1 1168531 23068 1.9 20 11 1 7 90% 1508 2502 1053 95%
c v 48.93 12 13 35 145 33024 1 1168531 22051 1.9 20 11 1 7 90% 1508 2502 1053 95%
c w 48.98 12 13 35 145 33024 1 1168531 19607 1.9 20 11 1 7 90% 1508 2502 1053 95%
c ] 49.02 10 13 36 145 33024 1 1169776 20604 1.9 20 11 1 7 90% 1508 2502 1053 95%
c { 49.02 10 14 36 145 33024 2 1169776 20604 2.8 26 9 1 3 86% 1508 2502 1053 95%
c - 49.08 10 14 36 146 33228 2 1170845 15411 2.8 26 9 1 3 86% 1508 2502 1053 95%
c - 49.77 11 15 36 147 35812 2 1182928 17679 2.6 26 10 1 3 86% 1510 2502 1053 95%
c - 50.51 11 15 36 148 38005 2 1195053 18839 2.5 26 10 1 3 86% 1513 2502 1053 95%
c
c seconds   switched      rate           size/glue  tier1    binary       remaining
c        MB   reductions     conflicts         size   tier2    irredundant
c         level     restarts        redundant     glue   trail       variables
c
c - 51.11 11 15 36 149 38337 2 1207218 22531 2.6 27 10 1 3 85% 1513 2502 1053 95%
c - 51.75 12 15 36 150 38342 2 1219424 25950 2.7 27 10 1 3 85% 1513 2502 1053 95%
c - 52.58 12 15 36 151 40378 2 1231672 25562 2.6 27 10 1 3 85% 1513 2502 1053 95%
c - 53.47 13 16 36 152 42254 2 1243960 24878 2.5 27 11 1 3 85% 1514 2502 1053 95%
c } 53.56 12 16 37 152 42254 2 1245334 26241 2.6 27 11 1 3 86% 1514 2502 1053 95%
c [ 53.56 12 13 37 152 42254 1 1245334 26241 1.9 20 11 1 7 90% 1514 2502 1053 95%
c - 53.99 13 13 37 153 42260 1 1256289 25333 1.9 21 11 1 7 90% 1514 2502 1053 95%
c B 54.29 12 13 37 153 42266 1 1264756 31833 1.9 21 11 1 7 90% 1514 2502 1053 95%
c - 54.42 13 13 37 154 42267 1 1268658 22230 1.9 21 11 1 7 90% 1514 2502 1053 95%
c - 54.85 13 13 37 155 42271 1 1281068 19954 1.9 21 11 1 7 90% 1514 2502 1053 95%
c u 55.06 13 13 37 155 42274 1 1285400 21912 1.9 21 11 1 7 90% 1514 2502 1053 95%
c v 55.16 13 13 37 155 42274 1 1285400 20746 1.9 21 11 1 7 90% 1514 2502 1053 95%
c w 55.21 13 13 37 155 42274 1 1285400 20027 1.9 21 11 1 7 90% 1514 2502 1053 95%
c x 55.22 11 13 37 155 42274 1 1285400 20027 1.9 21 11 1 7 90% 1515 2488 1053 95%
c t 55.22 11 13 37 155 42274 1 1285400 20027 1.9 21 11 1 7 90% 1510 2488 1053 95%
c - 55.48 10 14 37 156 42278 1 1293517 16461 1.9 21 11 1 7 90% 1510 2488 1053 95%
c - 55.88  9 14 37 157 42283 1 1306006 16144 1.9 21 11 1 7 90% 1510 2488 1053 95%
c - 56.28 10 14 37 158 42284 1 1318535 16480 1.9 21 11 1 7 90% 1510 2488 1053 95%
c - 56.72  9 14 37 159 42287 1 1331104 16240 1.9 21 11 1 6 89% 1510 2488 1053 95%
c - 57.14 10 14 37 160 42294 1 1343715 15851 1.9 21 11 1 6 89% 1510 2488 1053 95%
c
c seconds   switched      rate           size/glue  tier1    binary       remaining
c        MB   reductions     conflicts         size   tier2    irredundant
c         level     restarts        redundant     glue   trail       variables
c
c e 57.54  9 14 37 160 42299 1 1355668 25321 1.9 21 11 1 6 89% 1509 2486 1052 95%
c o 57.54 10 14 37 160 42299 1 1355668 25300 1.9 21 11 1 6 89% 1509 2486 1052 95%
c - 57.56 10 14 37 161 42299 1 1356364 16172 1.9 21 11 1 6 89% 1509 2486 1052 95%
c - 57.95 10 14 37 162 42306 1 1369052 16422 1.9 21 11 1 6 89% 1509 2486 1052 95%
c W 58.07  8 14 37 162 42307 1 1372742 18981 1.9 21 11 1 6 89% 1509 2486 1052 95%
c - 58.36  8 14 37 163 42313 1 1381779 15092 1.9 21 11 1 6 89% 1509 2486 1052 95%
c ] 58.44  8 14 38 163 42313 1 1384228 16696 1.9 21 11 1 6 89% 1509 2486 1052 95%
c { 58.45  8 16 38 163 42313 2 1384228 16696 2.6 27 11 1 3 86% 1509 2486 1052 95%
c - 58.76  9 15 38 164 42349 2 1394547 16140 2.5 26 10 1 3 86% 1509 2486 1052 95%
c - 59.18  9 15 38 165 42456 2 1407357 17568 2.5 25 10 1 3 86% 1509 2486 1052 95%
c u 59.27  9 15 38 165 42488 2 1408506 17960 2.5 25 10 1 3 86% 1512 2486 1052 95%
c v 59.37  9 15 38 165 42488 2 1408506 16256 2.5 25 10 1 3 86% 1512 2486 1052 95%
c w 59.41  9 15 38 165 42488 2 1408506 15045 2.5 25 10 1 3 86% 1512 2486 1052 95%
c t 59.41  9 15 38 165 42488 2 1408506 15045 2.5 25 10 1 3 86% 1509 2486 1052 95%
c - 59.77  8 15 38 166 42790 2 1420203 16064 2.4 25 10 1 3 86% 1509 2486 1052 95%
c - 60.19  9 15 38 167 43337 2 1433087 18236 2.4 24 10 1 3 86% 1509 2486 1052 95%
c - 60.68 10 15 38 168 43403 2 1446010 20727 2.5 24 10 1 3 86% 1509 2486 1052 95%
c - 61.19 10 14 38 169 43551 2 1458973 21147 2.4 24 10 1 3 86% 1509 2486 1052 95%
c } 61.51 10 14 39 169 43551 2 1467563 26485 2.4 23 10 1 3 86% 1509 2486 1052 95%
c [ 61.51 10 14 39 169 43551 1 1467563 26485 1.9 21 11 1 6 89% 1509 2486 1052 95%
c
c seconds   switched      rate           size/glue  tier1    binary       remaining
c        MB   reductions     conflicts         size   tier2    irredundant
c         level     restarts        redundant     glue   trail       variables
c
c - 61.68 10 14 39 170 43554 1 1471974 20141 1.9 21 11 1 6 89% 1509 2486 1052 95%
c - 62.16 10 14 39 171 43562 1 1485013 19110 1.9 21 11 1 6 89% 1509 2486 1052 95%
c O 62.23 10 14 39 171 43563 1 1487082 20408 1.9 21 11 1 6 89% 1509 2486 1052 95%
c - 62.71 10 14 39 172 43565 1 1498089 17912 1.9 21 11 1 6 89% 1509 2486 1052 95%
c - 63.28  8 14 39 173 43572 1 1511203 16599 1.9 21 11 1 6 90% 1509 2486 1052 95%
c - 63.84  8 14 39 174 43579 1 1524356 16278 1.8 21 11 1 6 90% 1509 2486 1052 95%
c ] 64.28  9 14 40 174 43581 1 1534850 22928 1.8 21 11 1 6 90% 1509 2486 1052 95%
c { 64.28  9 14 40 174 43581 2 1534850 22928 2.4 23 10 1 3 86% 1509 2486 1052 95%
c o 64.29  9 14 40 174 43600 2 1535076 23093 2.4 23 10 1 3 86% 1509 2486 1052 95%
c - 64.44  8 14 40 175 44138 2 1537546 17229 2.4 23 10 1 3 86% 1510 2486 1052 95%
c u 64.53  8 14 40 175 44202 2 1537844 16587 2.4 23 10 1 3 86% 1511 2486 1052 95%
c v 64.64  8 14 40 175 44202 2 1537844 14736 2.4 23 10 1 3 86% 1511 2486 1052 95%
c w 64.72  8 14 40 175 44202 2 1537844 13988 2.4 23 10 1 3 86% 1511 2486 1052 95%
c t 64.72  8 14 40 175 44202 2 1537844 13988 2.4 23 10 1 3 86% 1510 2486 1052 95%
c - 65.31 10 14 40 176 44694 2 1550774 17495 2.4 23 10 1 3 86% 1510 2486 1052 95%
c - 66.05 12 14 40 177 45511 2 1564041 21364 2.5 24 10 1 3 87% 1511 2486 1052 95%
c - 66.94 12 15 40 178 48329 2 1577345 22138 2.4 24 10 1 3 86% 1513 2486 1052 95%
c - 67.82 12 15 40 179 49728 2 1590686 22432 2.4 25 10 1 3 86% 1513 2486 1052 95%
c - 68.59 12 16 40 180 51450 2 1604065 23341 2.3 25 11 1 3 86% 1517 2486 1052 95%
c - 69.44 12 16 40 181 52069 2 1617481 25508 2.3 25 11 1 3 84% 1517 2486 1052 95%
c
c seconds   switched      rate           size/glue  tier1    binary       remaining
c        MB   reductions     conflicts         size   tier2    irredundant
c         level     restarts        redundant     glue   trail       variables
c
c } 69.94 12 16 41 181 52576 2 1626323 33628 2.3 25 11 1 3 84% 1521 2486 1052 95%
c [ 69.94 12 14 41 181 52576 1 1626323 33628 1.8 21 11 1 6 90% 1521 2486 1052 95%
c B 69.94 12 14 41 181 52576 1 1626323 33628 1.8 21 11 1 6 90% 1521 2486 1052 95%
c - 70.10 12 14 41 182 52579 1 1630934 26783 1.8 21 11 1 6 90% 1521 2486 1052 95%
c - 70.58 13 13 41 183 52587 1 1644425 24470 1.8 20 11 1 6 90% 1521 2486 1052 95%
c - 71.12 12 13 41 184 52590 1 1657954 20476 1.8 20 11 1 6 90% 1521 2486 1052 95%
c e 71.63 10 13 41 184 52597 1 1670193 29223 1.9 20 11 1 6 90% 1519 2486 1051 95%
c - 71.67 12 13 41 185 52598 1 1671518 19520 1.9 20 11 1 6 90% 1520 2486 1051 95%
c u 71.82 11 13 41 185 52599 1 1673462 19060 1.9 20 11 1 6 90% 1522 2486 1051 95%
c v 71.94 11 13 41 185 52599 1 1673462 17054 1.9 20 11 1 6 90% 1523 2486 1051 95%
c w 72.04 12 13 41 185 52599 1 1673462 15682 1.9 20 11 1 6 90% 1523 2486 1051 95%
c t 72.04 12 13 41 185 52599 1 1673462 15682 1.9 20 11 1 6 90% 1519 2486 1051 95%
c - 72.42 10 13 41 186 52605 1 1685120 15955 1.9 20 11 1 6 90% 1519 2486 1051 95%
c - 72.89 10 13 41 187 52606 1 1698758 15949 1.8 20 11 1 6 90% 1519 2486 1051 95%
c - 73.36 10 13 41 188 52610 1 1712434 15984 1.8 19 11 1 6 90% 1519 2486 1051 95%
c - 73.92 11 13 41 189 52618 1 1726145 17256 1.8 20 11 1 6 89% 1519 2486 1051 95%
c - 74.48 11 13 41 190 52621 1 1739893 17477 1.9 19 10 1 6 89% 1519 2486 1051 95%
c - 75.04 11 13 41 191 52629 1 1753678 18006 1.8 19 10 1 6 89% 1519 2486 1051 95%
c W 75.07  9 13 41 191 52629 1 1753791 18071 1.8 19 10 1 6 89% 1519 2486 1051 95%
c o 75.07  9 13 41 191 52629 1 1753791 18071 1.8 19 10 1 6 89% 1519 2486 1051 95%
c
c seconds   switched      rate           size/glue  tier1    binary       remaining
c        MB   reductions     conflicts         size   tier2    irredundant
c         level     restarts        redundant     glue   trail       variables
c
c - 75.51  9 13 41 192 52636 1 1767498 18716 1.8 19 10 1 6 89% 1519 2486 1051 95%
c ] 75.71  9 13 42 192 52636 1 1773365 22592 1.8 19 10 1 6 89% 1519 2486 1051 95%
c { 75.71  9 16 42 192 52636 2 1773365 22592 2.3 25 11 1 3 84% 1519 2486 1051 95%
c - 76.15 11 16 42 193 52966 2 1781354 20556 2.3 25 10 1 3 84% 1521 2486 1051 95%
c - 76.93 12 16 42 194 53460 2 1795247 23975 2.4 25 10 1 3 84% 1523 2486 1051 95%
c - 77.75 12 16 42 195 53750 2 1809176 25982 2.5 26 10 1 3 84% 1523 2486 1051 95%
c u 78.25 13 16 42 195 53750 2 1815380 30753 2.6 26 10 1 3 85% 1524 2486 1051 95%
c v 78.41 13 16 42 195 53750 2 1815380 29492 2.6 26 10 1 3 85% 1524 2486 1051 95%
c w 78.49 14 16 42 195 53750 2 1815380 29386 2.6 26 10 1 3 85% 1524 2486 1051 95%
c t 78.49 14 16 42 195 53750 2 1815380 29386 2.6 26 10 1 3 85% 1522 2486 1051 95%
c - 79.01 13 16 42 196 54205 2 1823141 25537 2.6 26 10 1 3 85% 1523 2486 1051 95%
c - 79.78 13 16 42 197 54665 2 1837141 27450 2.8 27 10 1 3 85% 1523 2486 1051 95%
c - 80.84 14 16 42 198 57003 2 1851178 27302 2.6 27 10 1 3 85% 1526 2486 1051 95%
c - 81.81 14 16 42 199 58637 2 1865251 26670 2.6 27 10 1 3 85% 1529 2486 1051 95%
c } 82.27 13 16 43 199 58637 2 1873338 34379 2.6 27 10 1 3 85% 1529 2486 1051 95%
c [ 82.27 13 13 43 199 58637 1 1873338 34379 1.8 19 10 1 6 89% 1529 2486 1051 95%
c - 82.49 14 13 43 200 58641 1 1879357 27315 1.9 19 10 1 6 88% 1529 2486 1051 95%
c I 82.81 13 13 43 200 58646 1 1888030 33887 1.9 19 10 1 6 88% 1529 2486 1051 95%
c - 83.01 13 13 43 201 58649 1 1893500 24997 1.9 19 10 1 6 88% 1529 2486 1051 95%
c - 83.67 13 13 43 202 58653 1 1907677 21700 1.9 19 10 1 6 88% 1529 2486 1051 95%
c
c seconds   switched      rate           size/glue  tier1    binary       remaining
c        MB   reductions     conflicts         size   tier2    irredundant
c         level     restarts        redundant     glue   trail       variables
c
c - 84.29 13 12 43 203 58661 1 1921889 19447 1.8 19 10 1 6 89% 1529 2486 1051 95%
c - 84.88 13 12 43 204 58666 1 1936136 18990 1.8 19 10 1 6 89% 1529 2486 1051 95%
c - 85.48 13 12 43 205 58667 1 1950419 19772 1.8 18 10 1 6 89% 1530 2486 1051 95%
c u 86.12 13 12 43 205 58674 1 1963630 26639 1.8 18 10 1 6 90% 1533 2486 1051 95%
c v 86.24 13 12 43 205 58674 1 1963630 24860 1.8 18 10 1 6 90% 1533 2486 1051 95%
c w 86.44 14 12 43 205 58674 1 1963630 18805 1.8 18 10 1 6 90% 1533 2486 1051 95%
c t 87.01 14 12 43 205 58674 1 1963630 18805 1.8 18 10 1 6 90% 1532 2486 1051 95%
c o 87.01 14 12 43 205 58674 1 1963630 18805 1.8 18 10 1 6 90% 1532 2486 1051 95%
c - 87.05  9 12 43 206 58674 1 1964738 15144 1.8 18 10 1 6 90% 1532 2486 1051 95%
c - 87.58 11 12 43 207 58681 1 1979091 15970 1.8 18 10 1 6 90% 1532 2486 1051 95%
c - 88.13 10 12 43 208 58687 1 1993479 16919 1.8 18 10 1 6 90% 1532 2486 1051 95%
c - 88.67 11 12 43 209 58695 1 2007901 17675 1.8 17 10 1 6 90% 1532 2486 1051 95%
c - 89.24 11 12 43 210 58698 1 2022358 17821 1.8 17 10 1 6 90% 1532 2486 1051 95%
c e 89.32  9 12 43 210 58698 1 2024445 19113 1.8 17 10 1 6 90% 1529 2487 1050 94%
c ] 89.42 11 12 44 210 58698 1 2026938 20678 1.8 17 10 1 6 90% 1529 2487 1050 94%
c { 89.42 11 16 44 210 58698 2 2026938 20678 2.6 27 10 1 3 85% 1529 2487 1050 94%
c - 89.86 11 15 44 211 58703 2 2036850 20303 2.6 26 10 1 3 85% 1530 2487 1050 94%
c - 90.71 11 15 44 212 59296 2 2051375 23983 2.6 25 10 1 3 86% 1530 2487 1050 94%
c - 91.50 13 15 44 213 60121 2 2065936 25750 2.6 26 10 1 3 86% 1531 2487 1050 94%
c - 92.16 13 15 44 214 60923 2 2080531 25718 2.5 25 10 1 3 86% 1531 2487 1050 94%
c
c seconds   switched      rate           size/glue  tier1    binary       remaining
c        MB   reductions     conflicts         size   tier2    irredundant
c         level     restarts        redundant     glue   trail       variables
c
c - 92.81 12 14 44 215 61505 2 2095160 25581 2.5 24 10 1 3 86% 1532 2487 1050 94%
c - 93.67 13 14 44 216 62561 2 2109822 27808 2.5 24 10 1 3 86% 1533 2487 1050 94%
c u 94.28 13 14 44 216 63951 2 2118268 33352 2.4 24 10 1 3 86% 1533 2487 1050 94%
c v 94.41 13 14 44 216 63951 2 2118268 31817 2.4 24 10 1 3 86% 1538 2487 1050 94%
c w 94.48 12 14 44 216 63951 2 2118268 31609 2.4 24 10 1 3 86% 1539 2487 1050 94%
c x 94.49 13 14 44 216 63951 2 2118268 31609 2.4 24 10 1 3 86% 1539 2476 1050 94%
c t 94.50 13 14 44 216 63951 2 2118268 31609 2.4 24 10 1 3 86% 1531 2476 1050 94%
c - 94.76 13 14 44 217 63951 2 2124519 25045 2.4 23 10 1 3 87% 1531 2476 1050 94%
c } 95.26 13 14 45 217 63955 2 2135769 32518 2.4 22 10 1 3 87% 1532 2476 1050 94%
c [ 95.26 13 12 45 217 63955 1 2135769 32518 1.8 17 10 1 6 90% 1532 2476 1050 94%
c B 95.26 13 12 45 217 63955 1 2135769 32518 1.8 17 10 1 6 90% 1532 2476 1050 94%
c - 95.38 12 12 45 218 63957 1 2139249 24842 1.8 17 10 1 6 90% 1532 2476 1050 94%
c - 96.01 13 12 45 219 63966 1 2154013 23808 1.8 17 10 1 6 89% 1532 2476 1050 94%
c - 96.65 12 12 45 220 63970 1 2168811 20223 1.8 17 10 1 6 89% 1532 2476 1050 94%
c - 97.35 12 12 45 221 63979 1 2183643 19602 1.8 17 10 1 6 89% 1532 2476 1050 94%
c - 97.89 12 12 45 222 63984 1 2198511 20104 1.8 17 10 1 6 89% 1532 2476 1050 94%
c - 98.38 12 12 45 223 63985 1 2213410 19554 1.8 17 10 1 6 89% 1532 2476 1050 94%
c - 98.97 12 12 45 224 63992 1 2228343 19252 1.8 18 10 1 6 89% 1532 2476 1050 94%
c - 99.70 12 12 45 225 64000 1 2243309 19613 1.8 18 10 1 6 89% 1532 2476 1050 94%
c - 100.43 12 12 45 226 64006 1 2258309 19860 1.8 18 10 1 6 90% 1532 2476 1050 94%
c
c seconds    switched      rate           size/glue  tier1    binary       remaining
c         MB   reductions     conflicts         size   tier2    irredundant
c          level     restarts        redundant     glue   trail       variables
c
c ] 100.55 12 12 46 226 64007 1 2261266 21780 1.8 18 10 1 6 90% 1532 2476 1050 94%
c { 100.55 12 14 46 226 64007 2 2261266 21780 2.4 22 10 1 3 87% 1532 2476 1050 94%
c o 100.56 11 14 46 226 64047 2 2261516 21983 2.4 22 10 1 3 87% 1532 2476 1050 94%
c - 101.02 12 13 46 227 64154 2 2273343 23293 2.3 21 9 1 3 87% 1534 2476 1050 94%
c i 101.10 12 13 46 227 64154 2 2275212 24298 2.3 21 9 1 3 86% 1544 2476 1049 94%
c u 101.45 12 13 46 227 64451 2 2279457 21128 2.3 21 9 1 3 86% 1622 2406 1049 94%
c v 101.54 12 13 46 227 64451 2 2279457 19195 2.3 21 9 1 3 86% 1632 2406 1049 94%
c w 101.80 12 13 46 227 64451 2 2279457 18330 2.3 21 9 1 3 86% 1632 2406 1049 94%
c d 101.80 12 13 46 227 64451 2 2279457 18329 2.3 21 9 1 3 86% 1575 2403 1021 92%
c t 101.80 12 13 46 227 64451 2 2279457 18329 2.3 21 9 1 3 86% 1528 2403 1021 92%
c u 101.87 12 13 46 227 64451 2 2279457 17703 2.3 21 9 1 3 86% 1526 2403 1021 92%
c v 101.94 12 13 46 227 64451 2 2279457 16846 2.3 21 9 1 3 86% 1526 2403 1021 92%
c w 102.22 12 13 46 227 64451 2 2279457 14679 2.3 21 9 1 3 86% 1526 2403 1021 92%
c t 102.22 12 13 46 227 64451 2 2279457 14679 2.3 21 9 1 3 86% 1525 2403 1021 92%
c - 102.69 10 14 46 228 65890 2 2288409 15748 2.3 22 9 1 3 86% 1489 2403 1021 92%
c - 103.52 12 14 46 229 66458 2 2303508 21140 2.4 23 9 1 3 86% 1490 2403 1021 92%
c - 104.43 12 14 46 230 67823 2 2318641 23966 2.4 23 9 1 3 86% 1491 2403 1021 92%
c - 105.45 13 14 46 231 69628 2 2333807 24791 2.4 23 10 1 3 86% 1494 2403 1021 92%
c - 106.42 13 14 46 232 70515 2 2349005 27509 2.5 23 10 1 3 86% 1496 2403 1021 92%
c - 107.53 13 14 46 233 72274 2 2364238 28953 2.4 24 10 1 3 86% 1497 2403 1021 92%
c
c seconds    switched      rate           size/glue  tier1    binary       remaining
c         MB   reductions     conflicts         size   tier2    irredundant
c          level     restarts        redundant     glue   trail       variables
c
c } 108.45 13 14 47 233 73195 2 2379310 40616 2.4 23 10 1 3 86% 1499 2403 1021 92%
c [ 108.45 13 12 47 233 73195 1 2379310 40616 1.8 18 10 1 6 90% 1499 2403 1021 92%
c W 108.55 11 12 47 233 73195 1 2379310 40616 1.8 18 10 1 6 90% 1499 2403 1021 92%
c - 108.57 11 12 47 234 73195 1 2379503 28358 1.8 18 10 1 6 90% 1499 2403 1021 92%
c - 109.30 12 12 47 235 73204 1 2394800 26869 1.8 17 10 1 6 89% 1499 2403 1021 92%
c - 110.10 12 11 47 236 73209 1 2410130 24239 1.8 17 9 1 6 90% 1500 2403 1021 92%
c s 110.55 12 11 47 236 73215 1 2419861 29201 1.8 17 9 1 6 90% 1503 2397 1021 92%
c e 110.55 12 11 47 236 73215 1 2419861 29201 1.8 17 9 1 6 90% 1502 2397 1020 92%
c i 110.82 12 11 47 236 73217 1 2424571 30929 1.8 16 9 1 6 90% 1511 2397 1019 92%
c - 110.85  9 11 47 237 73218 1 2425492 18067 1.8 16 9 1 6 90% 1492 2397 1019 92%
c - 111.52 10 11 47 238 73224 1 2440888 19612 1.8 17 9 1 6 90% 1494 2397 1019 92%
c u 111.93 10 11 47 238 73225 1 2447704 21833 1.8 17 9 1 6 90% 1569 2322 1019 92%
c v 112.07 10 11 47 238 73225 1 2447704 19804 1.8 17 9 1 6 90% 1570 2322 1019 92%
c w 112.27 10 11 47 238 73225 1 2447704 16743 1.8 17 9 1 6 90% 1573 2322 1019 92%
c d 112.27 10 11 47 238 73225 1 2447704 16742 1.8 17 9 1 6 90% 1521 2320 994 89%
c t 112.27 10 11 47 238 73225 1 2447704 16742 1.8 17 9 1 6 90% 1467 2320 994 89%
c u 112.35 10 11 47 238 73225 1 2447704 16108 1.8 17 9 1 6 90% 1470 2320 994 89%
c v 112.45 10 11 47 238 73225 1 2447704 14783 1.8 17 9 1 6 90% 1471 2320 994 89%
c w 112.59 10 11 47 238 73225 1 2447704 13523 1.8 17 9 1 6 90% 1471 2320 994 89%
c t 112.59 10 11 47 238 73225 1 2447704 13523 1.8 17 9 1 6 90% 1470 2320 994 89%
c
c seconds    switched      rate           size/glue tier1    binary      remaining
c         MB   reductions     conflicts         size  tier2    irredundant
c          level     restarts        redundant    glue   trail       variables
c
c - 112.86  9 11 47 239 73225 1 2456315 14023 1.8 17 9 1 6 90% 1470 2320 994 89%
c - 113.41  9 11 47 240 73232 1 2471775 16641 1.8 17 9 1 6 90% 1470 2320 994 89%
c - 114.03  9 11 47 241 73240 1 2487266 17204 1.9 17 9 1 5 90% 1471 2320 994 89%
c - 114.60 10 11 47 242 73247 1 2502791 17613 1.8 17 9 1 5 91% 1471 2320 994 89%
c - 115.18  9 11 47 243 73254 1 2518348 17083 1.8 16 9 1 5 91% 1472 2320 994 89%
c - 115.81  9 11 47 244 73256 1 2533936 17722 1.8 16 9 1 5 91% 1473 2320 994 89%
c O 115.83  9 11 47 244 73256 1 2534671 18108 1.8 16 9 1 5 91% 1473 2320 994 89%
c o 115.83  9 11 47 244 73256 1 2534671 18108 1.8 16 9 1 5 91% 1473 2320 994 89%
c ] 116.21 10 10 48 244 73256 1 2542918 22545 1.8 16 9 1 5 91% 1473 2320 994 89%
c { 116.21 10 14 48 244 73256 2 2542918 22545 2.4 23 10 1 3 86% 1473 2320 994 89%
c - 116.50 10 14 48 245 73283 2 2549556 19027 2.4 23 10 1 3 86% 1474 2320 994 89%
c - 117.11 10 13 48 246 73283 2 2565209 20113 2.3 22 9 1 3 87% 1475 2320 994 89%
c i 117.68 10 13 48 246 73297 1 2578317 27616 2.3 20 9 1 3 87% 1490 2320 959 86%
c - 117.80  9 13 48 247 73411 1 2580893 12868 2.3 20 9 1 3 86% 1383 2320 959 86%
c i 118.29  9 12 48 247 73426 1 2591001 18895 2.3 20 9 1 3 87% 1401 2320 954 86%
c - 118.59 10 12 48 248 73431 1 2596610 16206 2.3 20 9 1 3 87% 1379 2320 954 86%
c i 119.18 10 12 48 248 73484 1 2610000 24925 2.3 19 8 1 3 87% 1401 2320 913 82%
c - 119.31 10 12 48 249 73484 1 2612358 16242 2.3 19 8 1 3 87% 1448 1944 913 82%
c i 119.34 10 12 48 249 73484 1 2613195 16859 2.3 19 8 1 3 87% 1459 1944 912 82%
c i 119.61 10 12 48 249 73484 1 2619000 21627 2.4 19 8 1 3 87% 1472 1944 911 82%
c
c seconds    switched      rate           size/glue tier1    binary      remaining
c         MB   reductions     conflicts         size  tier2    irredundant
c          level     restarts        redundant    glue   trail       variables
c
c i 119.69 10 12 48 249 73484 1 2620426 22822 2.4 19 8 1 3 87% 1482 1944 910 82%
c i 119.73 10 12 48 249 73484 1 2621211 23472 2.4 19 8 1 3 87% 1488 1944 906 81%
c i 119.75 10 12 48 249 73484 1 2621530 23614 2.4 19 8 1 3 87% 1492 1944 847 76%
c i 119.75 10 12 48 249 73484 1 2621544 23615 2.4 19 8 1 3 87% 1496 1944 843 76%
c i 119.76 10 12 48 249 73484 1 2621605 23639 2.4 19 8 1 3 87% 1502 1944 812 73%
c i 119.76 10 12 48 249 73484 1 2621621 23647 2.4 19 8 1 3 87% 1505 1944 800 72%
c i 119.76 10 12 48 249 73484 1 2621622 23647 2.4 19 8 1 3 87% 1505 1944 789 71%
c } 119.76 10 12 48 249 73484 1 2621624 23647 2.4 19 8 1 3 87% 1505 1944 481 43%
c 0 119.76 10 12 48 249 73484 1 2621624 23647 2.4 19 8 1 3 87% 1505 1944 481 43%
c
c ---- [ result ] ------------------------------------------------------------
c
s UNSATISFIABLE
c
c ---- [ profiling ] ---------------------------------------------------------
c
c         111.58   93.17 %  search
c          57.61   48.10 %  focused
c          53.97   45.07 %  stable
c           8.16    6.81 %  simplify
c           7.91    6.60 %  probe
c           6.24    5.21 %  vivify
c           1.56    1.31 %  sweep
c           0.52    0.44 %  reduce
c           0.25    0.21 %  walking
c           0.07    0.06 %  substitute
c           0.02    0.02 %  preprocess
c           0.01    0.01 %  eliminate
c           0.01    0.01 %  factor
c           0.01    0.01 %  congruence
c           0.01    0.01 %  transitive
c           0.00    0.00 %  backbone
c           0.00    0.00 %  lucky
c           0.00    0.00 %  subsume
c           0.00    0.00 %  parse
c =============================================
c         119.76  100.00 %  total
c
c ---- [ statistics ] --------------------------------------------------------
c
c chronological:                            1                0 %  conflicts
c conflicts:                          2621624            21890.70 per second
c congruent:                               44                4 %  variables
c decisions:                          3622421                1.38 per conflict
c eliminated:                              15                1 %  variables
c factored:                                25                2 %  variables
c iterations:                              16                1 %  variables
c propagations:                     712968573          5953325    per second
c reductions:                             249            10529    interval
c reordered:                               21           124839    interval
c rephased:                                36            72823    interval
c restarts:                             73484               36    interval
c strengthened:                            15                0 %  checks
c substituted:                            122               11 %  variables
c subsumed:                                 4                0 %  checks
c switched:                                48            54617    interval
c vivified:                            160955               41 %  checks
c walks:                                   12           218469    interval
c
c ---- [ glue usage ] --------------------------------------------------------
c
c focused glue 1 used 19059815 clauses 73.95% accumulated 73.95% tier1
c focused glue 2 used  3523880 clauses 13.67% accumulated 87.62%
c focused glue 3 used  1032708 clauses  4.01% accumulated 91.63% tier2
c
c stable glue 1 used 18963847 clauses 66.00% accumulated 66.00% tier1
c stable glue 2 used  3931263 clauses 13.68% accumulated 79.69%
c stable glue 3 used  1373899 clauses  4.78% accumulated 84.47%
c stable glue 4 used   944667 clauses  3.29% accumulated 87.76%
c stable glue 5 used   709262 clauses  2.47% accumulated 90.22% tier2
c
c ---- [ resources ] ---------------------------------------------------------
c
c maximum-resident-set-size:        386359296 bytes        368 MB
c process-time:                             2m             119.76 seconds
c
c ---- [ shutting down ] -----------------------------------------------------
c
c exit 20
