c ---- [ banner ] ------------------------------------------------------------
c
c Kissat SAT Solver
c 
c Copyright (c) 2021-2024 Armin Biere University of Freiburg
c Copyright (c) 2019-2021 Armin Biere Johannes Kepler University Linz
c 
c Version 4.0.4 8af8e56f174b778aef3aa45af9f739b2a5f492c2
c gcc (GCC) 15.2.1 20260123 (Red Hat 15.2.1-7) -W -Wall -O3 -DNDEBUG
c Thu Apr 23 06:47:51 PM IST 2026 Linux krishnendu-LN 6.19.12-200.fc43.x86_64 x86_64
c
c ---- [ parsing ] -----------------------------------------------------------
c
c opened and reading DIMACS file:
c
c   /home/krishnendu/Research/fv-invariant-mining/data/circuits/cnf/miter_mult_10bit.cnf
c
c parsed 'p cnf 1113 4205' header
c closing input after reading 64864 bytes (63 KB)
c finished parsing after 0.00 seconds
c
c ---- [ options ] -----------------------------------------------------------
c
c --decay=10                       (different from default '50')
c --eliminateeffort=200            (different from default '100')
c --stable=2                       (different from default '1')
c
c ---- [ solving ] -----------------------------------------------------------
c
c seconds switched rate     size/glue tier1  binary       remaining
c        MB reductions conflicts size  tier2   irredundant
c         level restarts redundant glue  trail       variables
c
c *  0.00  3 0 0 0  0 0   0   0 0.0 0 0 0 0 0% 1458 2745 1110 100%
c (  0.00  3 0 0 0  0 0   0   0 0.0 0 0 0 0 0% 1458 2745 1110 100%
c .  0.00  3 0 0 0  0 0   0   0 0.0 0 0 0 0 0% 1454 2745 1110 100%
c c  0.00  3 0 0 0  0 0   0   0 0.0 0 0 0 0 0% 1518 2743 1067 96%
c d  0.00  3 0 0 0  0 0   0   0 0.0 0 0 0 0 0% 1368 2743 1067 96%
c =  0.02  3 0 0 0  0 0   0   0 0.0 0 0 0 0 0% 1372 2736 1064 96%
c d  0.02  3 0 0 0  0 0   0   0 0.0 0 0 0 0 0% 1367 2736 1064 96%
c f  0.02  3 0 0 0  0 0   0   0 0.0 0 0 0 0 0% 1339 2718 1086 98%
c )  0.02  3 0 0 0  0 0   0   0 0.0 0 0 0 0 0% 1339 2718 1086 98%
c [  0.02  4 0 0 0  0 0   0   0 0.0 0 0 2 6 0% 1339 2718 1086 98%
c -  0.04  4 15 0 1  0 1 1000 793 3.9 29 7 4 10 89% 1344 2718 1086 98%
c B  0.04  4 15 0 1  0 1 1002 795 3.9 29 7 4 10 89% 1344 2718 1086 98%
c -  0.06  4 16 0 2  1 1 2000 1482 2.7 26 10 5 14 91% 1344 2718 1086 98%
c W  0.06  4 16 0 2  1 1 2004 1483 2.6 26 10 5 14 91% 1344 2718 1086 98%
c u  0.09  4 16 0 2  2 1 3372 2392 2.2 23 11 6 14 92% 1345 2718 1086 98%
c v  0.09  4 16 0 2  2 1 3372 2256 2.2 23 11 6 14 92% 1345 2718 1086 98%
c w  0.10  5 16 0 2  2 1 3372 2058 2.2 23 11 6 14 92% 1345 2718 1086 98%
c x  0.10  5 16 0 2  2 1 3372 2058 2.2 23 11 6 14 92% 1358 2683 1086 98%
c =  0.12  5 16 0 2  2 1 3372 2058 2.2 23 11 6 14 92% 1388 2676 1071 96%
c d  0.12  5 16 0 2  2 1 3372 2058 2.2 23 11 6 14 92% 1343 2676 1071 96%
c
c seconds  switched rate       size/glue  tier1     binary       remaining
c        MB reductions conflicts     size   tier2     irredundant
c         level restarts  redundant     glue    trail       variables
c
c t  0.12  5 16 0 2  2 1 3372 2058 2.2 23 11 6 14 92% 1334 2676 1071 96%
c f  0.12  5 16 0 2  2 1 3372 2058 2.2 23 11 6 14 92% 1330 2676 1075 97%
c u  0.12  5 16 0 2  2 1 3372 2043 2.2 23 11 6 14 92% 1330 2676 1075 97%
c v  0.12  5 16 0 2  2 1 3372 1972 2.2 23 11 6 14 92% 1330 2676 1075 97%
c w  0.12  5 16 0 2  2 1 3372 1902 2.2 23 11 6 14 92% 1330 2676 1075 97%
c =  0.14  5 16 0 2  2 1 3372 1902 2.2 23 11 6 14 92% 1334 2676 1073 96%
c d  0.14  5 16 0 2  2 1 3372 1902 2.2 23 11 6 14 92% 1328 2676 1073 96%
c -  0.14  5 16 0 3  2 1 3414 1620 2.2 23 11 7 14 92% 1328 2676 1073 96%
c I  0.16  5 16 0 3  3 1 4263 2348 2.1 23 11 7 14 92% 1330 2676 1073 96%
c -  0.17  5 16 0 4  3 1 5147 2616 2.0 23 11 8 14 92% 1330 2676 1073 96%
c -  0.21  5 16 0 5  5 1 7147 3495 2.0 22 11 8 14 90% 1333 2676 1073 96%
c B  0.22  5 15 0 5  5 1 8035 4167 2.0 22 11 8 14 90% 1335 2676 1073 96%
c -  0.25  5 15 0 6  6 1 9383 4063 1.9 21 11 8 13 89% 1337 2676 1073 96%
c u  0.27  5 15 0 6  6 1 10399 4726 1.8 21 11 8 13 88% 1345 2676 1073 96%
c v  0.28  5 15 0 6  6 1 10399 4570 1.8 21 11 8 13 88% 1345 2676 1073 96%
c w  0.28  6 15 0 6  6 1 10399 4553 1.8 21 11 8 13 88% 1345 2676 1073 96%
c =  0.29  6 15 0 6  6 1 10399 4553 1.8 21 11 8 13 88% 1357 2672 1067 96%
c d  0.29  6 15 0 6  6 1 10399 4549 1.8 21 11 8 13 88% 1340 2672 1067 96%
c t  0.29  6 15 0 6  6 1 10399 4549 1.8 21 11 8 13 88% 1339 2672 1067 96%
c u  0.29  6 15 0 6  6 1 10399 4542 1.8 21 11 8 13 88% 1339 2672 1067 96%
c
c seconds  switched rate        size/glue  tier1     binary       remaining
c        MB reductions conflicts      size   tier2     irredundant
c         level restarts   redundant     glue    trail       variables
c
c v  0.29  6 15 0 6  6 1 10399 4476 1.8 21 11 8 13 88% 1339 2672 1067 96%
c w  0.30  6 15 0 6  6 1 10399 4431 1.8 21 11 8 13 88% 1339 2672 1067 96%
c x  0.30  6 15 0 6  6 1 10399 4431 1.8 21 11 8 13 88% 1339 2656 1067 96%
c o  0.31  6 15 0 6  6 1 10399 4431 1.8 21 11 8 13 88% 1339 2656 1067 96%
c -  0.35  6 15 0 7  6 1 11833 4052 1.9 21 11 7 13 89% 1339 2656 1067 96%
c W  0.40  5 15 0 7  8 1 13565 5226 1.9 21 12 7 13 90% 1339 2656 1067 96%
c -  0.42  5 15 0 8  8 1 14478 4344 1.8 21 12 6 13 89% 1339 2656 1067 96%
c e  0.48  5 15 0 8 10 1 16852 6011 1.9 22 12 6 13 89% 373 3219 660 59%
c s  0.48  5 15 0 8 10 1 16852 6011 1.9 22 12 6 13 89% 377 3140 660 59%
c e  0.48  5 15 0 8 10 1 16852 6011 1.9 22 12 6 13 89% 355 3160 650 58%
c ^  0.48  5 15 0 8 10 1 16852 6011 1.9 22 12 6 13 89% 355 3160 650 58%
c -  0.49  5 15 0 9 10 1 17308 1851 1.9 22 12 6 13 89% 355 3160 650 58%
c -  0.54  5 15 0 10 12 1 20310 3403 1.9 22 12 5 13 89% 356 3160 650 58%
c O  0.55  5 15 0 10 13 1 21094 3997 1.9 22 12 5 13 89% 356 3160 650 58%
c o  0.55  5 15 0 10 13 1 21094 3997 1.9 22 12 5 13 89% 356 3160 650 58%
c u  0.56  5 15 0 10 13 1 21314 3964 1.9 22 12 5 13 89% 356 3160 650 58%
c v  0.56  5 15 0 10 13 1 21314 3865 1.9 22 12 5 13 89% 356 3160 650 58%
c w  0.58  6 15 0 10 13 1 21314 3124 1.9 22 12 5 13 89% 356 3160 650 58%
c t  0.58  6 15 0 10 13 1 21314 3124 1.9 22 12 5 13 89% 354 3160 650 58%
c f  0.58  5 15 0 10 13 1 21314 3124 1.9 22 12 5 13 89% 405 3051 677 61%
c
c seconds  switched  rate        size/glue  tier1    binary      remaining
c        MB  reductions conflicts      size   tier2    irredundant
c         level  restarts   redundant     glue    trail      variables
c
c u  0.58  5 15 0 10 13 1 21314 3114 1.9 22 12 5 13 89% 405 3051 677 61%
c v  0.58  5 15 0 10 13 1 21314 3064 1.9 22 12 5 13 89% 405 3051 677 61%
c w  0.60  5 15 0 10 13 1 21314 2916 1.9 22 12 5 13 89% 405 3051 677 61%
c -  0.68  6 15 0 11 13 1 23473 3051 1.8 22 12 5 13 89% 406 3051 677 61%
c -  0.75  6 15 0 12 14 1 26790 4108 1.8 22 12 4 13 90% 407 3051 677 61%
c -  0.82  6 15 0 13 14 1 30254 5351 1.9 22 12 4 13 90% 407 3051 677 61%
c B  0.83  6 15 0 13 14 1 30856 5778 1.9 22 12 4 13 90% 407 3051 677 61%
c -  0.90  6 15 0 14 15 1 33859 5638 1.8 21 12 3 13 90% 407 3051 677 61%
c s  0.91  6 15 0 14 15 1 34101 5761 1.8 21 12 3 13 90% 407 3043 677 61%
c e  0.91  6 15 0 14 15 1 34101 5761 1.8 21 12 3 13 90% 311 3185 611 55%
c s  0.91  6 15 0 14 15 1 34101 5761 1.8 21 12 3 13 90% 314 3127 611 55%
c e  0.91  6 15 0 14 15 1 34101 5761 1.8 21 12 3 13 90% 313 3129 610 55%
c ^  0.91  6 15 0 14 15 1 34101 5761 1.8 21 12 3 13 90% 313 3129 610 55%
c u  0.96  7 15 0 14 17 1 36709 4086 1.8 21 12 3 13 90% 313 3129 610 55%
c v  0.97  7 15 0 14 17 1 36709 3925 1.8 21 12 3 13 90% 313 3129 610 55%
c w  0.98  7 15 0 14 17 1 36709 2274 1.8 21 12 3 13 90% 313 3129 610 55%
c x  0.98  6 15 0 14 17 1 36709 2272 1.8 21 12 3 13 90% 315 3010 610 55%
c f  0.98  6 15 0 14 17 1 36709 2272 1.8 21 12 3 13 90% 318 3001 612 55%
c u  0.98  6 15 0 14 17 1 36709 2258 1.8 21 12 3 13 90% 318 3001 612 55%
c v  0.99  6 15 0 14 17 1 36709 2182 1.8 21 12 3 13 90% 318 3001 612 55%
c
c seconds  switched  rate        size/glue  tier1    binary      remaining
c        MB  reductions conflicts      size   tier2    irredundant
c         level  restarts   redundant     glue    trail      variables
c
c w  1.01  6 15 0 14 17 1 36709 1729 1.8 21 12 3 13 90% 318 3001 612 55%
c -  1.03  6 15 0 15 18 1 37602 1869 1.8 21 12 3 13 90% 318 3001 612 55%
c -  1.11  6 15 0 16 21 1 41475 3669 1.8 21 12 3 13 89% 318 3001 612 55%
c W  1.16  6 15 0 16 21 1 43079 4401 1.8 21 12 3 13 90% 318 3001 612 55%
c o  1.16  6 15 0 16 21 1 43079 4401 1.8 21 12 3 13 90% 318 3001 612 55%
c -  1.21  6 15 0 17 22 1 45476 3987 1.8 21 12 3 12 90% 318 3001 612 55%
c -  1.31  6 15 0 18 25 1 49599 4270 1.7 20 12 3 12 90% 319 3001 612 55%
c -  1.41  6 15 0 19 28 1 53842 4973 1.7 20 12 3 12 89% 319 3001 612 55%
c u  1.48  6 15 0 19 28 1 56665 6583 1.7 20 12 3 12 89% 319 3001 612 55%
c v  1.49  7 15 0 19 28 1 56665 6320 1.7 20 12 3 12 89% 319 3001 612 55%
c w  1.50  7 15 0 19 28 1 56665 5688 1.7 20 12 3 12 89% 319 3001 612 55%
c x  1.50  6 15 0 19 28 1 56665 5688 1.7 20 12 3 12 89% 320 2996 612 55%
c I  1.59  6 15 0 19 29 1 57984 6622 1.7 20 12 3 12 89% 320 2996 612 55%
c -  1.59  6 15 0 20 29 1 58201 4871 1.7 20 12 3 12 89% 320 2996 612 55%
c -  1.66  7 15 0 21 29 1 62673 5330 1.7 20 12 3 12 89% 321 2996 612 55%
c -  1.74  7 15 0 22 30 1 67256 6185 1.7 20 12 3 12 88% 322 2996 612 55%
c s  1.81  6 15 0 22 30 1 71628 8864 1.7 20 12 3 12 88% 322 2995 612 55%
c e  1.81  6 15 0 22 30 1 71628 8864 1.7 20 12 3 12 88% 225 3235 532 48%
c s  1.81  6 15 0 22 30 1 71628 8864 1.7 20 12 3 12 88% 227 3200 532 48%
c e  1.81  6 15 0 22 30 1 71628 8864 1.7 20 12 3 12 88% 214 3217 525 47%
c
c seconds  switched  rate        size/glue  tier1    binary      remaining
c        MB  reductions conflicts      size   tier2    irredundant
c         level  restarts   redundant     glue    trail      variables
c
c ^  1.81  6 15 0 22 30 1 71628 8864 1.7 20 12 3 12 88% 214 3217 525 47%
c -  1.82  7 15 0 23 30 1 71946 2962 1.7 20 12 3 12 88% 214 3217 525 47%
c B  1.87  7 15 0 23 30 1 75787 5520 1.7 20 12 3 12 88% 214 3217 525 47%
c o  1.87  7 15 0 23 30 1 75787 5520 1.7 20 12 3 12 88% 214 3217 525 47%
c -  1.88  7 15 0 24 30 1 76742 4568 1.7 20 12 3 12 88% 215 3217 525 47%
c u  1.95  6 15 0 24 30 1 81222 7219 1.7 19 12 3 12 88% 215 3217 525 47%
c v  1.96  6 15 0 24 30 1 81222 6801 1.7 19 12 3 12 88% 215 3217 525 47%
c w  1.98  8 15 0 24 30 1 81222 4170 1.7 19 12 3 12 88% 215 3217 525 47%
c f  1.98  6 15 0 24 30 1 81222 4170 1.7 19 12 3 12 88% 218 3202 527 47%
c u  1.98  7 15 0 24 30 1 81222 4149 1.7 19 12 3 12 88% 218 3202 527 47%
c v  1.99  7 15 0 24 30 1 81222 4004 1.7 19 12 3 12 88% 218 3202 527 47%
c w  2.01  7 15 0 24 30 1 81222 3717 1.7 19 12 3 12 88% 218 3202 527 47%
c -  2.01  7 15 0 25 30 1 81641 3225 1.7 19 12 3 12 88% 218 3202 527 47%
c -  2.09  7 14 0 26 34 1 86641 4876 1.7 19 12 3 12 89% 218 3202 527 47%
c -  2.17  7 14 0 27 37 1 91740 6242 1.6 19 12 3 12 89% 218 3202 527 47%
c W  2.26  6 14 0 27 39 1 96699 8935 1.6 19 12 3 12 89% 218 3202 527 47%
c -  2.26  6 14 0 28 40 1 96936 6704 1.6 19 12 3 12 89% 218 3202 527 47%
c -  2.37  7 14 0 29 43 1 102227 6702 1.6 19 12 3 12 89% 218 3202 527 47%
c -  2.49  7 14 0 30 45 1 107612 6754 1.6 19 12 3 12 89% 219 3202 527 47%
c u  2.56  7 14 0 30 45 1 110402 7752 1.6 19 12 3 12 89% 219 3202 527 47%
c
c seconds  switched  rate         size/glue  tier1    binary      remaining
c        MB  reductions conflicts       size   tier2    irredundant
c         level  restarts    redundant     glue    trail      variables
c
c v  2.57  8 14 0 30 45 1 110402 7414 1.6 19 12 3 12 89% 219 3202 527 47%
c w  2.58  8 14 0 30 45 1 110402 7385 1.6 19 12 3 12 89% 219 3202 527 47%
c x  2.58  7 14 0 30 45 1 110402 7385 1.6 19 12 3 12 89% 222 3158 527 47%
c t  2.58  7 14 0 30 45 1 110402 7385 1.6 19 12 3 12 89% 221 3158 527 47%
c -  2.64  7 14 0 31 45 1 113089 5693 1.6 19 12 3 11 90% 221 3158 527 47%
c -  2.77  7 14 0 32 48 1 118657 5799 1.6 19 12 3 11 90% 221 3158 527 47%
c O  2.82  8 14 0 32 50 1 120925 6659 1.6 19 12 3 11 90% 221 3158 527 47%
c o  2.82  8 14 0 32 50 1 120925 6659 1.6 19 12 3 11 90% 221 3158 527 47%
c -  2.90  7 14 0 33 52 1 124314 5367 1.6 19 12 3 11 90% 221 3158 527 47%
c -  3.03  7 14 0 34 55 1 130058 6029 1.6 19 12 3 11 90% 221 3158 527 47%
c e  3.08  7 14 0 34 56 1 132102 7231 1.6 19 12 3 11 90% 154 3370 483 43%
c s  3.08  7 14 0 34 56 1 132102 7231 1.6 19 12 3 11 90% 156 3315 483 43%
c e  3.09  7 14 0 34 56 1 132102 7231 1.6 19 12 3 11 90% 153 3324 480 43%
c ^  3.09  7 14 0 34 56 1 132102 7231 1.6 19 12 3 11 90% 153 3324 480 43%
c -  3.17  7 14 0 35 58 1 135888 5478 1.6 19 12 3 11 90% 153 3324 480 43%
c -  3.30  7 14 0 36 60 1 141804 5814 1.6 19 12 2 11 90% 153 3324 480 43%
c u  3.36  8 14 0 36 60 1 144572 7010 1.6 19 12 2 11 90% 153 3324 480 43%
c v  3.38  8 14 0 36 60 1 144572 6555 1.6 19 12 2 11 90% 153 3324 480 43%
c w  3.41  8 14 0 36 60 1 144572 4988 1.6 19 12 2 11 90% 153 3324 480 43%
c =  3.50  8 14 0 36 60 1 144572 4988 1.6 19 12 2 11 90% 155 3322 479 43%
c
c seconds  switched  rate         size/glue  tier1    binary      remaining
c        MB  reductions conflicts       size   tier2    irredundant
c         level  restarts    redundant     glue    trail      variables
c
c d  3.50  8 14 0 36 60 1 144572 4988 1.6 19 12 2 11 90% 153 3322 479 43%
c t  3.50  8 14 0 36 60 1 144572 4988 1.6 19 12 2 11 90% 152 3322 479 43%
c u  3.51  8 14 0 36 60 1 144572 4959 1.6 19 12 2 11 90% 152 3322 479 43%
c v  3.53  8 14 0 36 60 1 144572 4399 1.6 19 12 2 11 90% 152 3322 479 43%
c w  3.54  8 14 0 36 60 1 144572 4072 1.6 19 12 2 11 90% 152 3322 479 43%
c x  3.55  8 14 0 36 60 1 144572 4069 1.6 19 12 2 11 90% 152 3263 479 43%
c -  3.62  6 14 0 37 60 1 147804 3925 1.6 19 12 2 11 90% 152 3263 479 43%
c B  3.64  6 14 0 37 61 1 148665 4447 1.6 19 12 2 11 90% 152 3263 479 43%
c -  3.76  7 14 0 38 61 1 153887 5381 1.6 19 12 2 11 90% 152 3263 479 43%
c -  3.89  7 14 0 39 61 1 160052 6433 1.6 19 12 2 11 90% 152 3263 479 43%
c -  4.02  8 14 0 40 62 1 166297 7072 1.6 19 12 2 11 90% 152 3263 479 43%
c -  4.14  7 14 0 41 62 1 172622 8411 1.7 19 12 2 11 89% 152 3263 479 43%
c -  4.24  8 14 0 42 62 1 179025 10379 1.7 19 12 2 11 88% 152 3263 479 43%
c W  4.27  7 14 0 42 62 1 180116 11071 1.7 19 12 2 11 88% 152 3263 479 43%
c o  4.27  7 14 0 42 62 1 180116 11071 1.7 19 12 2 11 88% 152 3263 479 43%
c u  4.37  8 14 0 42 62 1 183706 12256 1.7 19 12 2 11 88% 154 3263 479 43%
c v  4.39  8 14 0 42 62 1 183706 11879 1.7 19 12 2 11 88% 154 3263 479 43%
c w  4.40  9 14 0 42 62 1 183706 11425 1.7 19 12 2 11 88% 154 3263 479 43%
c x  4.41  9 14 0 42 62 1 183706 11424 1.7 19 12 2 11 88% 154 3255 479 43%
c -  4.55  8 14 0 43 62 1 185505 8252 1.7 19 12 2 11 88% 154 3255 479 43%
c
c seconds  switched  rate         size/glue  tier1    binary      remaining
c        MB  reductions conflicts       size   tier2    irredundant
c         level  restarts    redundant     glue    trail      variables
c
c -  4.68  8 14 0 44 62 1 192062 7234 1.7 19 12 2 11 88% 154 3255 479 43%
c -  4.82  8 14 0 45 63 1 198696 6933 1.6 19 12 2 11 89% 154 3255 479 43%
c -  4.96  8 14 0 46 68 1 205405 7041 1.6 19 12 2 11 88% 154 3255 479 43%
c -  5.10  8 14 0 47 72 1 212188 7449 1.6 19 12 2 11 88% 154 3255 479 43%
c I  5.16  8 14 0 47 74 1 215467 9682 1.6 19 12 2 11 89% 155 3254 479 43%
c s  5.20  7 14 0 47 75 1 217848 11209 1.6 19 12 2 11 89% 155 3253 479 43%
c e  5.20  8 14 0 47 75 1 217848 11209 1.6 19 12 2 11 89% 100 3725 412 37%
c s  5.20  8 14 0 47 75 1 217848 11209 1.6 19 12 2 11 89% 100 3613 412 37%
c e  5.21  8 14 0 47 75 1 217848 11209 1.6 19 12 2 11 89%  94 3652 406 37%
c ^  5.21  8 14 0 47 75 1 217848 11209 1.6 19 12 2 11 89%  94 3652 406 37%
c -  5.22  7 14 0 48 76 1 219044 4435 1.6 19 12 2 11 89%  94 3652 406 37%
c -  5.33  7 14 0 49 77 1 225972 5270 1.6 19 12 2 11 89%  94 3652 406 37%
c u  5.37  7 14 0 49 77 1 228019 6157 1.6 19 12 2 11 89%  94 3652 406 37%
c v  5.38  8 14 0 49 77 1 228019 5671 1.6 19 12 2 11 89%  94 3652 406 37%
c w  5.41  8 14 0 49 77 1 228019 3644 1.6 19 12 2 11 89%  94 3652 406 37%
c -  5.49  6 14 0 50 80 1 232974 4535 1.6 19 12 2 11 89%  94 3652 406 37%
c -  5.62  7 14 0 51 84 1 240046 6515 1.6 19 12 2 11 89%  94 3652 406 37%
c -  5.75  7 14 0 52 87 1 247189 7783 1.6 19 12 2 11 89%  94 3652 406 37%
c -  5.89  8 14 0 53 91 1 254402 7747 1.6 19 12 2 11 89%  94 3652 406 37%
c B  5.90  8 14 0 53 91 1 254907 8102 1.6 19 12 2 11 89%  94 3652 406 37%
c
c seconds  switched  rate         size/glue  tier1    binary      remaining
c        MB  reductions conflicts       size   tier2    irredundant
c         level  restarts    redundant     glue    trail      variables
c
c o  5.90  8 14 0 53 91 1 254907 8102 1.6 19 12 2 11 89%  94 3652 406 37%
c -  6.04  8 14 0 54 92 1 261683 7543 1.6 19 12 2 11 89%  94 3652 406 37%
c -  6.22  8 14 0 55 93 1 269031 7045 1.6 19 12 2 11 89%  95 3652 406 37%
c -  6.40  8 14 0 56 93 1 276448 7460 1.6 19 12 2 11 90%  95 3652 406 37%
c u  6.41  8 14 0 56 93 1 276876 7444 1.6 19 12 2 11 90%  95 3652 406 37%
c v  6.44  8 14 0 56 93 1 276876 6659 1.6 19 12 2 11 90%  95 3652 406 37%
c w  6.45  8 14 0 56 93 1 276876 5326 1.6 19 12 2 11 90%  95 3652 406 37%
c x  6.46  8 14 0 56 93 1 276876 5323 1.6 19 12 2 11 90%  95 3533 406 37%
c -  6.60  7 14 0 57 96 1 283931 6043 1.6 19 12 2 11 90%  95 3533 406 37%
c -  6.76  8 14 0 58 100 1 291480 6408 1.6 18 12 2 11 90%  95 3533 406 37%
c W  6.93  7 14 0 58 106 1 298618 8342 1.5 18 12 2 11 90%  95 3533 406 37%
c -  6.94  7 14 0 59 106 1 299096 5536 1.5 18 12 2 10 90%  95 3533 406 37%
c -  7.11  6 14 0 60 108 1 306778 5130 1.5 18 12 2 10 91%  95 3533 406 37%
c -  7.27  7 14 0 61 110 1 314524 5174 1.5 18 12 2 10 91%  95 3533 406 37%
c -  7.44  7 14 0 62 115 1 322334 5808 1.5 18 12 2 10 91%  95 3533 406 37%
c s  7.59  7 14 0 62 119 1 329968 10475 1.5 18 12 2 10 91%  95 3530 406 37%
c e  7.59  8 14 0 62 119 1 329968 10475 1.5 18 12 2 10 91%  67 4215 353 32%
c s  7.59  8 14 0 62 119 1 329968 10475 1.5 18 12 2 10 91%  68 4017 353 32%
c e  7.60  8 14 0 62 119 1 329968 10475 1.5 18 12 2 10 91%  62 4082 348 31%
c !  7.60  8 14 0 62 119 1 329968 10475 1.5 18 12 2 10 91%  62 4082 348 31%
c
c seconds  switched   rate         size/glue  tier1    binary      remaining
c        MB  reductions conflicts        size   tier2    irredundant
c         level  restarts     redundant     glue    trail      variables
c
c o  7.60  8 14 0 62 119 1 329968 3639 1.5 18 12 2 10 91%  62 4082 348 31%
c -  7.60  7 14 0 63 119 1 330208 2543 1.5 18 12 2 10 91%  62 4082 348 31%
c u  7.63  7 14 0 63 120 1 331308 2761 1.5 18 12 2 10 91%  62 4082 348 31%
c v  7.63  7 14 0 63 120 1 331308 2509 1.5 18 12 2 10 91%  62 4082 348 31%
c w  7.64  7 14 0 63 120 1 331308 1554 1.5 18 12 2 10 91%  62 4082 348 31%
c x  7.65  7 14 0 63 120 1 331308 1549 1.5 18 12 2 10 91%  63 3961 348 31%
c f  7.71  7 14 0 63 120 1 331308 1549 1.5 18 12 2 10 91%  64 3940 349 31%
c u  7.71  7 14 0 63 120 1 331308 1525 1.5 18 12 2 10 91%  64 3940 349 31%
c v  7.72  7 14 0 63 120 1 331308 1440 1.5 18 12 2 10 91%  64 3940 349 31%
c w  7.72  7 14 0 63 120 1 331308 1385 1.5 18 12 2 10 91%  64 3940 349 31%
c x  7.73  7 14 0 63 120 1 331308 1385 1.5 18 12 2 10 91%  64 3928 349 31%
c -  7.84  7 14 0 64 123 1 338146 3153 1.5 18 12 2 10 91%  64 3928 349 31%
c -  7.98  7 14 0 65 124 1 346147 5427 1.5 18 12 2 10 92%  64 3928 349 31%
c O  7.99  7 14 0 65 124 1 346779 5760 1.5 18 12 2 10 92%  64 3928 349 31%
c -  8.14  8 14 0 66 124 1 354211 6958 1.5 18 12 2 10 91%  64 3928 349 31%
c -  8.31  7 14 0 67 125 1 362336 6820 1.5 18 12 2 10 91%  64 3928 349 31%
c -  8.49  8 14 0 68 125 1 370522 6316 1.5 17 12 2 10 91%  64 3928 349 31%
c -  8.67  7 13 0 69 125 1 378768 6854 1.5 17 11 2 10 91%  64 3928 349 31%
c -  8.83  8 13 0 70 125 1 387074 7980 1.5 17 11 2 10 91%  64 3928 349 31%
c u  8.89  8 13 0 70 125 1 390274 9092 1.5 17 11 2 10 91%  64 3928 349 31%
c
c seconds  switched   rate         size/glue  tier1    binary      remaining
c        MB  reductions conflicts        size   tier2    irredundant
c         level  restarts     redundant     glue    trail      variables
c
c v  8.94  8 13 0 70 125 1 390274 8180 1.5 17 11 2 10 91%  64 3928 349 31%
c w  8.96  8 13 0 70 125 1 390274 5953 1.5 17 11 2 10 91%  64 3928 349 31%
c -  9.07  8 13 0 71 126 1 395441 6401 1.5 17 11 2 10 91%  64 3928 349 31%
c B  9.17  8 13 0 71 126 1 399567 7853 1.5 17 11 2 10 91%  64 3928 349 31%
c -  9.23  8 13 0 72 126 1 403868 7528 1.5 17 11 2 10 90%  65 3928 349 31%
c -  9.37  8 13 0 73 126 1 412353 8066 1.5 17 11 2 10 90%  65 3928 349 31%
c -  9.53  8 13 0 74 126 1 420897 8067 1.5 17 11 2 10 90%  65 3928 349 31%
c -  9.69  8 13 0 75 126 1 429500 8554 1.6 18 11 2 10 90%  65 3928 349 31%
c -  9.87  8 13 0 76 126 1 438160 8806 1.6 18 11 2 10 90%  65 3928 349 31%
c - 10.05  8 13 0 77 126 1 446878 9828 1.6 18 11 2 10 90%  65 3928 349 31%
c u 10.22  8 13 0 77 126 1 454682 13835 1.6 18 11 2 10 90%  65 3928 349 31%
c v 10.25  9 13 0 77 126 1 454682 13176 1.6 18 11 2 10 90%  65 3928 349 31%
c w 10.26  9 13 0 77 126 1 454682 11244 1.6 18 11 2 10 90%  65 3928 349 31%
c x 10.27  9 13 0 77 126 1 454682 11244 1.6 18 11 2 10 90%  65 3925 349 31%
c o 10.27  9 13 0 77 126 1 454682 11244 1.6 18 11 2 10 90%  65 3925 349 31%
c - 10.30  8 13 0 78 126 1 455653 8301 1.6 18 11 2 10 90%  65 3925 349 31%
c W 10.34  7 13 0 78 126 1 457151 8761 1.6 18 11 2 10 90%  65 3925 349 31%
c - 10.47  7 13 0 79 129 1 464486 8821 1.6 18 11 2 10 90%  65 3925 349 31%
c s 10.58  8 13 0 79 133 1 469328 11067 1.6 18 11 2 10 90%  65 3924 349 31%
c e 10.58  8 13 0 79 133 1 469328 11067 1.6 18 11 2 10 90%  63 3970 346 31%
c
c seconds  switched   rate          size/glue  tier1    binary      remaining
c        MB  reductions conflicts         size   tier2    irredundant
c         level  restarts      redundant     glue    trail      variables
c
c s 10.58  8 13 0 79 133 1 469328 11067 1.6 18 11 2 10 90%  63 3954 346 31%
c - 10.68  8 13 0 80 134 1 473374 8375 1.6 18 11 2 10 90%  63 3954 346 31%
c - 10.88  8 13 0 81 140 1 482318 9382 1.6 18 11 2 10 90%  63 3954 346 31%
c - 11.08  8 13 0 82 141 1 491319 10248 1.6 18 11 2 10 90%  63 3954 346 31%
c - 11.26  8 13 0 83 147 1 500375 9927 1.6 18 11 2 10 89%  63 3954 346 31%
c - 11.47  8 13 0 84 151 1 509486 10205 1.6 18 11 2 10 89%  63 3954 346 31%
c - 11.71  8 13 0 85 156 1 518651 10163 1.6 18 11 2 10 89%  63 3954 346 31%
c I 11.73  8 13 0 85 156 1 519701 10824 1.6 18 11 2 10 89%  63 3954 346 31%
c u 11.81  8 13 0 85 156 1 524636 12925 1.6 18 11 2 10 89%  63 3954 346 31%
c v 11.86  9 13 0 85 156 1 524636 11598 1.6 18 11 2 10 89%  63 3954 346 31%
c w 11.90  9 13 0 85 156 1 524636 8619 1.6 18 11 2 10 89%  63 3954 346 31%
c - 12.14  8 13 0 86 157 1 527871 6741 1.6 18 11 2 10 89%  63 3954 346 31%
c - 12.28  8 13 0 87 157 1 537144 7434 1.6 18 11 2 10 89%  63 3954 346 31%
c - 12.44  8 14 0 88 160 1 546472 8384 1.6 18 11 2 10 89%  63 3954 346 31%
c - 12.62  8 14 0 89 165 1 555852 8828 1.6 18 11 2 10 89%  63 3954 346 31%
c - 12.79  8 14 0 90 171 1 565286 9874 1.6 18 12 2 10 89%  63 3954 346 31%
c - 12.98  8 14 0 91 172 1 574773 10213 1.6 18 12 2 10 89%  63 3954 346 31%
c - 13.18  8 14 0 92 179 1 584315 10795 1.6 18 11 2 10 89%  63 3954 346 31%
c B 13.24  8 14 0 92 179 1 587383 12700 1.6 18 11 2 10 89%  63 3954 346 31%
c o 13.24  8 14 0 92 179 1 587383 12700 1.6 18 11 2 10 89%  63 3954 346 31%
c
c seconds  switched   rate          size/glue  tier1    binary      remaining
c        MB  reductions conflicts         size   tier2    irredundant
c         level  restarts      redundant     glue    trail      variables
c
c - 13.39  8 14 0 93 184 1 593906 11835 1.6 18 11 2 10 89%  63 3954 346 31%
c u 13.53  9 14 0 93 186 1 600118 14647 1.6 18 11 2 10 89%  63 3954 346 31%
c v 13.58  9 14 0 93 186 1 600118 13474 1.6 18 11 2 10 89%  63 3954 346 31%
c w 13.60  9 14 0 93 186 1 600118 12428 1.6 18 11 2 10 89%  63 3954 346 31%
c - 13.67  8 14 0 94 187 1 603549 10172 1.6 18 11 2 10 89%  63 3954 346 31%
c - 13.85  8 14 0 95 188 1 613246 10357 1.6 18 11 2 10 89%  63 3954 346 31%
c - 14.06  8 14 0 96 188 1 622992 10445 1.6 18 11 2 10 90%  63 3954 346 31%
c - 14.29  8 13 0 97 189 1 632791 10729 1.6 18 11 2 10 90%  63 3954 346 31%
c s 14.46  8 13 0 97 189 1 640612 13918 1.6 18 11 2 10 90%  63 3953 346 31%
c - 14.51  8 13 0 98 189 1 642639 10370 1.6 18 11 2 10 90%  63 3953 346 31%
c - 14.72  8 13 0 99 189 1 652540 11377 1.6 18 11 2 10 90%  63 3953 346 31%
c W 14.90  7 13 0 99 192 1 660358 15196 1.6 18 11 2 10 90%  63 3953 346 31%
c - 14.95  7 13 0 100 193 1 662489 11187 1.6 18 11 2 10 90%  63 3953 346 31%
c - 15.18  8 13 0 101 199 1 672490 11868 1.6 18 11 2 10 90%  63 3953 346 31%
c u 15.41  8 13 0 101 203 1 681306 16611 1.6 18 11 2 10 90%  63 3953 346 31%
c v 15.45  8 13 0 101 203 1 681306 15927 1.6 18 11 2 10 90%  63 3953 346 31%
c w 15.47  9 13 0 101 203 1 681306 12368 1.6 18 11 2 10 90%  63 3953 346 31%
c x 15.48  9 13 0 101 203 1 681306 12367 1.6 18 11 2 10 90%  63 3930 346 31%
c - 15.52  9 13 0 102 203 1 682540 9374 1.6 18 11 2 10 90%  63 3930 346 31%
c - 15.72  9 13 0 103 206 1 692639 10270 1.6 18 11 2 9 90%  63 3930 346 31%
c
c seconds  switched    rate          size/glue  tier1   binary      remaining
c        MB  reductions  conflicts         size   tier2   irredundant
c         level   restarts      redundant     glue   trail      variables
c
c - 15.94  9 13 0 104 211 1 702788 11388 1.6 18 11 2 9 90%  63 3930 346 31%
c - 16.16  9 13 0 105 218 1 712987 12813 1.6 18 11 2 9 90%  63 3930 346 31%
c - 16.38  9 13 0 106 219 1 723234 12780 1.7 18 11 2 9 89%  63 3930 346 31%
c - 16.61  8 13 0 107 220 1 733530 11307 1.7 18 11 2 9 89%  63 3930 346 31%
c O 16.72  9 13 0 107 220 1 738786 15398 1.7 19 11 2 9 89%  63 3930 346 31%
c o 16.72  9 13 0 107 220 1 738786 15398 1.7 19 11 2 9 89%  63 3930 346 31%
c - 16.85  9 13 0 108 223 1 743874 11797 1.7 19 11 2 9 89%  63 3930 346 31%
c - 17.09  9 13 0 109 229 1 754267 13103 1.7 19 11 2 9 89%  63 3930 346 31%
c - 17.36  9 13 0 110 234 1 764707 14338 1.7 19 11 2 9 90%  63 3930 346 31%
c u 17.47  9 13 0 110 235 1 768350 16112 1.8 19 11 2 9 90%  63 3930 346 31%
c v 17.56  9 13 0 110 235 1 768350 14953 1.8 19 11 2 9 90%  63 3930 346 31%
c w 17.58  9 13 0 110 235 1 768350 12897 1.8 19 11 2 9 90%  63 3930 346 31%
c - 17.76 10 13 0 111 237 1 775195 12561 1.8 19 11 2 9 90%  63 3930 346 31%
c - 18.04 10 13 0 112 243 1 785731 13866 1.8 19 11 2 9 90%  63 3930 346 31%
c - 18.32 10 13 0 113 249 1 796316 14060 1.8 19 10 2 9 90%  63 3930 346 31%
c - 18.60 10 13 0 114 251 1 806947 13774 1.8 19 11 2 9 91%  63 3930 346 31%
c - 18.89 10 13 0 115 251 1 817624 13876 1.8 19 10 2 9 91%  63 3930 346 31%
c B 19.06 10 13 0 115 252 1 822823 16263 1.8 19 10 2 9 91%  63 3930 346 31%
c - 19.21 10 13 0 116 252 1 828349 13766 1.8 19 10 2 9 91%  63 3930 346 31%
c - 19.50 10 13 0 117 252 1 839119 12498 1.8 19 11 2 9 91%  63 3930 346 31%
c
c seconds  switched    rate          size/glue  tier1   binary      remaining
c        MB  reductions  conflicts         size   tier2   irredundant
c         level   restarts      redundant     glue   trail      variables
c
c - 19.81 10 13 0 118 252 1 849935 11701 1.9 20 11 2 9 90%  63 3930 346 31%
c - 20.11 10 13 0 119 253 1 860798 11665 1.8 20 11 2 9 90%  63 3930 346 31%
c u 20.14 10 13 0 119 253 1 861240 11286 1.8 20 11 2 9 90%  63 3930 346 31%
c v 20.20 10 13 0 119 253 1 861240 9974 1.8 20 11 2 9 90%  63 3930 346 31%
c w 20.30 10 13 0 119 253 1 861240 8340 1.8 20 11 2 9 90%  63 3930 346 31%
c o 20.30 10 13 0 119 253 1 861240 8340 1.8 20 11 2 9 90%  63 3930 346 31%
c - 20.54  8 13 0 120 253 1 871707 9101 1.8 19 10 2 9 91%  63 3930 346 31%
c - 20.75  9 13 0 121 253 1 882662 10649 1.8 19 10 2 9 91%  63 3930 346 31%
c - 20.96  9 13 0 122 253 1 893663 11968 1.8 19 10 2 9 90%  63 3930 346 31%
c - 21.23  9 13 0 123 253 1 904709 11699 1.8 18 11 2 9 90%  63 3930 346 31%
c W 21.43  9 13 0 123 253 1 912625 16055 1.7 18 11 2 9 90%  63 3930 346 31%
c - 21.51  9 13 0 124 253 1 915800 11670 1.7 18 11 2 9 90%  63 3930 346 31%
c - 21.79  9 13 0 125 254 1 926935 10727 1.7 18 11 2 9 90%  63 3930 346 31%
c - 22.04  9 13 0 126 254 1 938117 10814 1.7 18 11 2 9 90%  63 3930 346 31%
c - 22.28  9 13 0 127 254 1 949342 11230 1.7 18 11 2 9 90%  63 3930 346 31%
c u 22.55  9 13 0 127 254 1 960042 15581 1.7 17 11 2 9 91%  64 3930 346 31%
c v 22.61  9 13 0 127 254 1 960042 13936 1.7 17 11 2 9 91%  64 3930 346 31%
c w 22.66  9 13 0 127 254 1 960042 8688 1.7 17 11 2 9 91%  64 3930 346 31%
c - 22.94  7 13 0 128 254 1 960611 6890 1.7 18 11 2 9 91%  64 3930 346 31%
c - 23.17  7 13 0 129 254 1 971924 8720 1.7 18 11 2 9 91%  64 3930 346 31%
c
c seconds  switched    rate          size/glue  tier1   binary      remaining
c        MB  reductions  conflicts         size   tier2   irredundant
c         level   restarts      redundant     glue   trail      variables
c
c - 23.38  7 13 0 130 254 1 983282 10083 1.6 17 11 2 9 90%  64 3930 346 31%
c - 23.62  7 12 0 131 254 1 994684 11502 1.6 17 10 2 9 90%  64 3930 346 31%
c - 23.86  7 12 0 132 254 1 1006129 12776 1.6 17 10 2 9 90%  64 3930 346 31%
c I 23.91  7 12 0 132 254 1 1008340 13852 1.6 17 10 2 9 90%  64 3930 346 31%
c o 23.91  7 12 0 132 254 1 1008340 13852 1.6 17 10 2 9 90%  64 3930 346 31%
c - 24.06  8 12 0 133 254 1 1017619 12883 1.6 17 10 2 9 90%  64 3930 346 31%
c - 24.28  8 12 0 134 254 1 1029152 12454 1.6 17 10 2 9 90%  64 3930 346 31%
c - 24.51  8 12 0 135 254 1 1040727 11310 1.6 17 11 2 9 90%  64 3930 346 31%
c - 24.75  8 13 0 136 254 1 1052345 11198 1.6 17 11 2 9 90%  64 3930 346 31%
c - 25.00  8 13 0 137 261 1 1064007 10577 1.5 16 11 2 9 90%  64 3930 346 31%
c u 25.04  8 13 0 137 261 1 1064821 10406 1.5 16 11 2 9 90%  64 3930 346 31%
c v 25.08  8 13 0 137 261 1 1064821 9048 1.5 16 11 2 9 90%  64 3930 346 31%
c w 25.11  8 13 0 137 261 1 1064821 7478 1.5 16 11 2 9 90%  64 3930 346 31%
c x 25.11  8 13 0 137 261 1 1064821 7476 1.5 16 11 2 9 90%  64 3924 346 31%
c - 25.31  8 13 0 138 268 1 1075711 8857 1.5 16 11 2 9 90%  64 3924 346 31%
c s 25.47  8 13 0 138 269 1 1084625 12942 1.5 16 11 2 9 90%  64 3923 346 31%
c e 25.47  8 13 0 138 269 1 1084625 12942 1.5 16 11 2 9 90%  64 3939 345 31%
c - 25.54  8 13 0 139 271 1 1087459 9914 1.5 17 11 2 9 90%  64 3939 345 31%
c - 25.82  8 13 0 140 278 1 1099250 10588 1.5 17 11 2 9 90%  64 3939 345 31%
c B 26.06  8 13 0 140 284 1 1110117 15800 1.5 17 11 2 9 90%  64 3939 345 31%
c
c seconds  switched    rate          size/glue  tier1   binary      remaining
c        MB  reductions   conflicts        size   tier2   irredundant
c         level   restarts      redundant     glue   trail      variables
c
c - 26.08  8 13 0 141 284 1 1111082 9922 1.5 17 11 2 8 90%  64 3939 345 31%
c - 26.33  8 13 0 142 285 1 1122957 9912 1.5 17 11 2 8 90%  64 3939 345 31%
c - 26.62  8 13 0 143 286 1 1134873 9214 1.5 17 11 2 8 90%  64 3939 345 31%
c - 26.85  8 13 0 144 292 1 1146832 9790 1.5 17 11 2 8 91%  64 3939 345 31%
c - 27.08  8 13 0 145 299 1 1158832 10128 1.5 17 11 2 8 91%  64 3939 345 31%
c - 27.32  8 13 0 146 303 1 1170873 10534 1.5 17 11 2 8 91%  64 3939 345 31%
c u 27.44  8 13 0 146 306 1 1175675 12572 1.5 17 11 2 8 91%  65 3939 345 31%
c v 27.49  8 13 0 146 306 1 1175675 11014 1.5 17 11 2 8 91%  65 3939 345 31%
c w 27.56  8 13 0 146 306 1 1175675 8196 1.5 17 11 2 8 91%  65 3939 345 31%
c o 27.57  8 13 0 146 306 1 1175675 8196 1.5 17 11 2 8 91%  65 3939 345 31%
c - 27.68  8 13 0 147 310 1 1182957 7870 1.5 17 11 2 8 89%  65 3939 345 31%
c - 27.95  8 13 0 148 315 1 1195081 9351 1.5 17 11 2 8 89%  65 3939 345 31%
c - 28.24  8 13 0 149 316 1 1207248 9903 1.6 17 11 2 8 90%  65 3939 345 31%
c W 28.49  8 13 0 149 317 1 1218104 15475 1.6 17 11 2 8 90%  65 3939 345 31%
c - 28.53  8 13 0 150 317 1 1219455 10653 1.6 17 11 2 8 90%  65 3939 345 31%
c - 28.79  8 13 0 151 317 1 1231702 11381 1.6 17 11 2 8 90%  65 3939 345 31%
c - 29.05  8 13 0 152 317 1 1243990 12202 1.6 17 11 2 8 90%  65 3939 345 31%
c - 29.33  8 13 0 153 323 1 1256318 12031 1.6 17 11 2 8 90%  65 3939 345 31%
c - 29.62  8 12 0 154 330 1 1268688 11616 1.6 17 11 2 8 90%  65 3939 345 31%
c - 29.90  8 12 0 155 332 1 1281098 10842 1.6 16 10 2 8 91%  65 3939 345 31%
c
c seconds  switched    rate           size/glue  tier1   binary      remaining
c        MB  reductions   conflicts         size   tier2   irredundant
c         level   restarts       redundant     glue   trail      variables
c
c u 30.16  8 12 0 155 339 1 1292573 15634 1.6 16 10 2 8 91%  66 3939 345 31%
c v 30.23  8 12 0 155 339 1 1292573 13539 1.6 16 10 2 8 91%  66 3939 345 31%
c w 30.29  8 12 0 155 339 1 1292573 8406 1.6 16 10 2 8 91%  66 3939 345 31%
c - 30.31  8 12 0 156 339 1 1293548 6889 1.6 16 10 2 8 91%  66 3939 345 31%
c - 30.54  8 12 0 157 346 1 1306037 9547 1.6 16 10 2 8 90%  66 3939 345 31%
c - 30.80  8 12 0 158 348 1 1318568 10230 1.6 16 11 2 8 90%  66 3939 345 31%
c - 31.09  8 13 0 159 348 1 1331137 10490 1.6 17 11 2 8 89%  66 3939 345 31%
c O 31.12  8 13 0 159 349 1 1332444 11197 1.6 17 11 2 8 89%  66 3939 345 31%
c o 31.12  8 13 0 159 349 1 1332444 11197 1.6 17 11 2 8 89%  66 3939 345 31%
c - 31.41  8 13 0 160 355 1 1343747 10663 1.6 17 11 2 8 90%  66 3939 345 31%
c - 31.71  8 13 0 161 362 1 1356397 10481 1.6 17 11 2 8 90%  66 3939 345 31%
c s 31.81  8 13 0 161 363 1 1360780 12914 1.6 17 11 2 8 90%  66 3936 345 31%
c - 32.02  8 13 0 162 367 1 1369085 10977 1.6 17 11 2 8 90%  66 3936 345 31%
c - 32.32  8 13 0 163 374 1 1381812 11700 1.6 17 11 2 8 89%  66 3936 345 31%
c - 32.64  8 13 0 164 378 1 1394579 12144 1.6 17 11 2 8 89%  66 3936 345 31%
c - 32.94  7 13 0 165 379 1 1407387 12439 1.6 17 11 2 8 90%  66 3936 345 31%
c u 33.17  8 12 0 165 380 1 1415645 15307 1.6 17 11 2 8 90%  66 3936 345 31%
c v 33.27  8 12 0 165 380 1 1415645 13313 1.6 17 11 2 8 90%  66 3936 345 31%
c w 33.33  8 12 0 165 380 1 1415645 10338 1.6 17 11 2 8 90%  66 3936 345 31%
c - 33.42  9 12 0 166 380 1 1420233 8864 1.6 17 11 2 8 90%  66 3936 345 31%
c
c seconds  switched    rate           size/glue  tier1   binary      remaining
c        MB  reductions   conflicts         size   tier2   irredundant
c         level   restarts       redundant     glue   trail      variables
c
c - 33.70  9 13 0 167 380 1 1433118 10412 1.6 17 11 2 8 90%  66 3936 345 31%
c - 33.96  9 13 0 168 380 1 1446041 10534 1.6 17 11 2 8 89%  66 3936 345 31%
c B 34.13  9 12 0 168 381 1 1453278 13480 1.6 17 11 2 8 89%  66 3936 345 31%
c - 34.28  9 12 0 169 381 1 1459003 10662 1.6 17 11 2 8 90%  66 3936 345 31%
c - 34.56  9 12 0 170 381 1 1472004 11090 1.6 16 10 2 8 90%  66 3936 345 31%
c - 34.83  9 12 0 171 381 1 1485043 12905 1.6 16 10 2 8 89%  66 3936 345 31%
c - 35.16  9 12 0 172 381 1 1498120 13498 1.6 16 10 2 8 89%  66 3936 345 31%
c - 35.49  8 12 0 173 381 1 1511234 12646 1.6 16 10 2 8 89%  66 3936 345 31%
c - 35.84  8 12 0 174 388 1 1524386 11212 1.6 16 10 2 8 90%  66 3936 345 31%
c - 36.15  8 12 0 175 396 1 1537576 10948 1.5 16 10 2 8 89%  66 3936 345 31%
c u 36.37  8 12 0 175 396 1 1544948 13076 1.5 16 10 2 8 90%  69 3936 345 31%
c v 36.43  8 12 0 175 396 1 1544948 11437 1.5 16 10 2 8 90%  69 3936 345 31%
c w 36.51  8 12 0 175 396 1 1544948 8953 1.5 16 10 2 8 90%  69 3936 345 31%
c o 36.51  8 12 0 175 396 1 1544948 8953 1.5 16 10 2 8 90%  69 3936 345 31%
c - 36.61  8 12 0 176 401 1 1550804 8530 1.5 16 10 2 8 90%  69 3936 345 31%
c - 36.91  8 12 0 177 409 1 1564070 11567 1.5 16 10 2 8 90%  69 3936 345 31%
c - 37.20  9 12 0 178 411 1 1577375 11712 1.5 16 10 2 8 89%  69 3936 345 31%
c W 37.29  9 12 0 178 412 1 1580747 12824 1.5 16 10 2 8 89%  69 3936 345 31%
c - 37.53  9 12 0 179 412 1 1590717 10814 1.5 16 10 2 8 89%  69 3936 345 31%
c - 37.84  9 12 0 180 419 1 1604097 11316 1.5 16 10 2 8 89%  69 3936 345 31%
c
c seconds  switched    rate           size/glue  tier1   binary      remaining
c        MB  reductions   conflicts         size   tier2   irredundant
c         level   restarts       redundant     glue   trail      variables
c
c - 38.15  9 12 0 181 426 1 1617514 12310 1.5 16 10 2 8 89%  69 3936 345 31%
c - 38.49  9 12 0 182 430 1 1630967 12528 1.5 16 10 2 8 89%  69 3936 345 31%
c - 38.81  9 12 0 183 438 1 1644458 12128 1.5 16 10 2 8 89%  69 3936 345 31%
c - 39.14  9 12 0 184 442 1 1657986 11868 1.5 16 10 2 8 89%  69 3936 345 31%
c - 39.46  9 12 0 185 443 1 1671550 12800 1.5 16 10 2 8 89%  69 3936 345 31%
c s 39.55  9 12 0 185 443 1 1675216 14413 1.5 16 10 2 8 89%  69 3935 345 31%
c u 39.74  9 12 0 185 444 1 1680516 16318 1.5 16 10 2 8 89%  72 3935 345 31%
c v 39.81  9 12 0 185 444 1 1680516 14492 1.5 16 10 2 8 89%  72 3935 345 31%
c w 39.84  9 12 0 185 444 1 1680516 12016 1.5 16 10 2 8 89%  72 3935 345 31%
c x 39.85  9 12 0 185 444 1 1680516 12013 1.5 16 10 2 8 89%  77 3890 345 31%
c = 40.26 13 12 0 185 444 1 1680516 12013 1.5 16 10 2 8 89%  79 3874 342 31%
c d 40.26 13 12 0 185 444 1 1680516 11900 1.5 16 10 2 8 89%  77 3874 342 31%
c t 40.26 13 12 0 185 444 1 1680516 11900 1.5 16 10 2 8 89%  75 3874 342 31%
c u 40.28 13 12 0 185 444 1 1680516 11725 1.5 16 10 2 8 89%  75 3874 342 31%
c v 40.34 13 12 0 185 444 1 1680516 10904 1.5 16 10 2 8 89%  76 3874 342 31%
c w 40.45 13 12 0 185 444 1 1680516 9114 1.5 16 10 2 8 89%  76 3874 342 31%
c t 40.45 13 12 0 185 444 1 1680516 9114 1.5 16 10 2 8 89%  75 3874 342 31%
c - 40.56 13 12 0 186 444 1 1685151 7893 1.5 16 10 2 8 90%  68 3874 342 31%
c - 40.92 13 12 0 187 444 1 1698790 9980 1.6 16 10 2 8 90%  68 3874 342 31%
c - 41.25 13 12 0 188 447 1 1712465 10890 1.6 16 10 2 8 90%  68 3874 342 31%
c
c seconds  switched    rate           size/glue  tier1   binary      remaining
c        MB  reductions   conflicts         size   tier2   irredundant
c         level   restarts       redundant     glue   trail      variables
c
c I 41.30 13 12 0 188 449 1 1714987 12264 1.6 16 10 2 8 90%  68 3874 342 31%
c o 41.30 13 12 0 188 449 1 1714987 12264 1.6 16 10 2 8 90%  68 3874 342 31%
c - 41.49 13 12 0 189 455 1 1726177 11588 1.6 16 10 2 8 90%  68 3874 342 31%
c - 41.76 13 12 0 190 459 1 1739924 10989 1.5 16 10 2 8 90%  68 3874 342 31%
c - 42.04 13 12 0 191 466 1 1753709 11430 1.5 16 10 2 8 91%  68 3874 342 31%
c - 42.29 13 12 0 192 474 1 1767530 13917 1.6 16 10 2 8 89%  68 3874 342 31%
c - 42.63 13 12 0 193 475 1 1781387 14460 1.5 16 10 2 8 89%  68 3874 342 31%
c - 43.02 13 12 0 194 478 1 1795281 14846 1.5 16 10 2 8 89%  68 3874 342 31%
c - 43.37 12 12 0 195 486 1 1809210 13636 1.5 15 10 2 8 89%  68 3874 342 31%
c u 43.74 13 12 0 195 490 1 1822757 19372 1.5 15 10 2 8 90%  68 3874 342 31%
c v 43.86 13 12 0 195 490 1 1822757 16527 1.5 15 10 2 8 90%  68 3874 342 31%
c w 43.91 13 12 0 195 490 1 1822757 12262 1.5 15 10 2 8 90%  68 3874 342 31%
c - 43.92 12 12 0 196 490 1 1823174 9690 1.5 15 10 2 8 90%  68 3874 342 31%
c - 44.23 13 12 0 197 498 1 1837175 10985 1.5 15 10 2 8 90%  68 3874 342 31%
c - 44.56 13 12 0 198 505 1 1851210 11565 1.5 15 10 2 8 91%  68 3874 342 31%
c B 44.67 13 12 0 198 505 1 1856135 14406 1.5 15 10 2 8 91%  68 3874 342 31%
c - 44.87 12 12 0 199 506 1 1865282 11922 1.5 16 10 2 8 91%  68 3874 342 31%
c - 45.20 13 12 0 200 507 1 1879389 13317 1.5 15 10 2 8 90%  68 3874 342 31%
c - 45.51 13 12 0 201 507 1 1893531 15000 1.5 15 10 2 8 90%  68 3874 342 31%
c - 45.85 13 11 0 202 508 1 1907708 16634 1.6 15 10 2 8 90%  68 3874 342 31%
c
c seconds  switched    rate           size/glue  tier1   binary      remaining
c        MB  reductions   conflicts         size   tier2   irredundant
c         level   restarts       redundant     glue   trail      variables
c
c - 46.20 13 11 0 203 508 1 1921920 17091 1.6 15 10 2 8 90%  69 3874 342 31%
c - 46.57 14 11 0 204 508 1 1936168 17175 1.6 15 9 2 8 90%  69 3874 342 31%
c - 46.91 14 11 0 205 508 1 1950450 15348 1.6 15 9 2 7 90%  69 3874 342 31%
c - 47.25 14 11 0 206 508 1 1964767 16347 1.6 15 9 2 7 90%  70 3874 342 31%
c u 47.44 14 11 0 206 508 1 1971404 20183 1.6 15 9 2 7 89%  71 3874 342 31%
c v 47.54 14 11 0 206 508 1 1971404 17927 1.6 15 9 2 7 89%  71 3874 342 31%
c w 47.57 14 11 0 206 508 1 1971404 17491 1.6 15 9 2 7 89%  71 3874 342 31%
c x 47.59 14 11 0 206 508 1 1971404 17488 1.6 15 9 2 7 89%  71 3828 342 31%
c = 48.03 18 11 0 206 508 1 1971404 17488 1.6 15 9 2 7 89%  73 3820 341 31%
c d 48.04 18 11 0 206 508 1 1971404 17187 1.6 15 9 2 7 89%  70 3820 341 31%
c u 48.07 18 11 0 206 508 1 1971404 17052 1.6 15 9 2 7 89%  70 3820 341 31%
c v 48.22 18 11 0 206 508 1 1971404 14595 1.6 15 9 2 7 89%  70 3820 341 31%
c w 48.26 18 11 0 206 508 1 1971404 13788 1.6 15 9 2 7 89%  70 3820 341 31%
c o 48.27 18 11 0 206 508 1 1971404 13788 1.6 15 9 2 7 89%  70 3820 341 31%
c - 48.43 17 11 0 207 509 1 1979119 12718 1.6 15 9 2 7 89%  70 3820 341 31%
c i 48.70 17 11 0 207 509 1 1991067 17491 1.6 14 9 2 7 88%  82 3820 340 31%
c - 48.77 17 11 0 208 509 1 1993507 7185 1.6 14 9 2 7 88%  78 3820 340 31%
c W 49.01 17 11 0 208 509 1 2004323 13819 1.6 14 9 2 7 88%  78 3647 340 31%
c - 49.10 17 11 0 209 509 1 2007929 10179 1.6 15 9 2 7 88%  78 3647 340 31%
c - 49.39 17 11 0 210 509 1 2022385 11326 1.6 15 9 2 7 88%  78 3647 340 31%
c
c seconds  switched    rate           size/glue tier1   binary      remaining
c        MB  reductions   conflicts         size  tier2   irredundant
c         level   restarts       redundant    glue   trail      variables
c
c s 49.54 17 11 0 210 509 1 2029481 14821 1.6 15 9 2 7 89%  78 3605 340 31%
c e 49.54 17 11 0 210 509 1 2029481 14821 1.6 15 9 2 7 89%  73 3773 326 29%
c s 49.54 17 11 0 210 509 1 2029481 14821 1.6 15 9 2 7 89%  73 3677 326 29%
c - 49.72 17 11 0 211 509 1 2036877 10772 1.6 14 9 2 7 89%  73 3677 326 29%
c - 50.04 17 11 0 212 509 1 2051404 12762 1.6 14 9 2 7 89%  73 3677 326 29%
c - 50.39 18 11 0 213 509 1 2065964 15076 1.6 14 9 2 7 88%  74 3677 326 29%
c - 50.76 18 11 0 214 509 1 2080558 15806 1.6 14 9 2 7 88%  75 3677 326 29%
c - 51.14 18 11 0 215 509 1 2095187 16015 1.6 14 9 2 7 87%  75 3677 326 29%
c i 51.44 18 10 0 215 510 1 2107462 20401 1.6 14 9 2 7 87%  84 3677 325 29%
c - 51.50 17 10 0 216 510 1 2109851 9713 1.6 14 9 2 7 87%  75 3677 325 29%
c - 51.81 17 10 0 217 510 1 2124548 11356 1.6 14 9 2 7 87%  75 3677 325 29%
c u 51.89 17 10 0 217 510 1 2126851 11203 1.6 13 9 2 7 87% 160 3440 325 29%
c v 51.96 17 10 0 217 510 1 2126851 8943 1.6 13 9 2 7 87% 166 3440 325 29%
c w 51.98 17 10 0 217 510 1 2126851 7776 1.6 13 9 2 7 87% 166 3440 325 29%
c x 51.99 17 10 0 217 510 1 2126851 7759 1.6 13 9 2 7 87% 182 3160 325 29%
c = 52.42  7 10 0 217 510 1 2126851 7759 1.6 13 9 2 7 87% 190 3150 320 29%
c d 52.42  7 10 0 217 510 1 2126851 7448 1.6 13 9 2 7 87% 174 3150 320 29%
c t 52.42  7 10 0 217 510 1 2126851 7448 1.6 13 9 2 7 87% 154 3150 320 29%
c u 52.45  7 10 0 217 510 1 2126851 6768 1.6 13 9 2 7 87% 156 3150 320 29%
c v 52.49  7 10 0 217 510 1 2126851 5748 1.6 13 9 2 7 87% 157 3150 320 29%
c
c seconds  switched    rate          size/glue tier1   binary      remaining
c        MB  reductions   conflicts        size  tier2   irredundant
c         level   restarts      redundant    glue   trail      variables
c
c w 52.50  7 10 0 217 510 1 2126851 5600 1.6 13 9 2 7 87% 157 3150 320 29%
c x 52.51  7 10 0 217 510 1 2126851 5598 1.6 13 9 2 7 87% 157 3089 320 29%
c - 53.21 12 10 0 218 510 1 2139279 9291 1.6 13 9 2 7 86% 157 3089 320 29%
c - 53.49 12 10 0 219 510 1 2154044 13885 1.6 13 8 2 7 86% 159 3089 320 29%
c i 53.56 12 10 0 219 510 1 2157887 15410 1.6 13 8 2 7 86% 174 3089 319 29%
c o 53.56 12 10 0 219 510 1 2157887 15410 1.6 13 8 2 7 86% 174 3089 319 29%
c O 53.59 12 10 0 219 510 1 2159684 16397 1.6 13 8 2 7 86% 174 3089 319 29%
c - 53.78 13 10 0 220 510 1 2168844 10101 1.6 13 8 2 7 86% 148 3089 319 29%
c i 53.99 13 10 0 220 510 1 2179962 15930 1.6 13 8 2 7 86% 159 3089 312 28%
c - 54.07 13 10 0 221 510 1 2183678 8847 1.6 13 8 2 7 86% 173 2562 312 28%
c i 54.21 13 10 0 221 510 1 2190878 12370 1.6 13 8 2 7 85% 188 2562 304 27%
c i 54.29 13 10 0 221 510 1 2194584 13987 1.6 13 8 2 7 85% 198 2562 303 27%
c i 54.36 13 10 0 221 510 1 2198032 15650 1.6 12 8 2 7 85% 208 2561 302 27%
c - 54.38 11 10 0 222 510 1 2198545 6131 1.6 12 8 2 7 85% 167 2561 302 27%
c i 54.41 11 10 0 222 510 1 2200158 6886 1.6 12 8 2 7 85% 176 2561 289 26%
c i 54.42 11 10 0 222 510 1 2200795 7148 1.6 12 8 2 7 85% 182 2561 283 25%
c i 54.42 11 10 0 222 510 1 2201019 7235 1.6 12 8 2 7 85% 188 2561 282 25%
c i 54.43 11 9 0 222 510 1 2201147 7266 1.6 12 8 2 7 85% 194 2561 266 24%
c i 54.43 11 9 0 222 510 1 2201196 7278 1.6 12 8 2 7 85% 197 2561 224 20%
c i 54.43 11 9 0 222 510 1 2201201 7278 1.6 12 8 2 7 85% 199 2561 211 19%
c
c seconds switched    rate          size/glue tier1   binary      remaining
c        MB reductions   conflicts        size  tier2   irredundant
c         level  restarts      redundant    glue   trail      variables
c
c i 54.43 11 9 0 222 510 1 2201218 7278 1.6 12 8 2 7 85% 204 2561 169 15%
c ] 54.43 11 9 0 222 510 1 2201220 7278 1.6 12 8 2 7 85% 204 2561 158 14%
c 0 54.43 11 0 0 222 510 0 2201220 7278 0.0 0 0 2 6 0% 204 2561 158 14%
c
c ---- [ result ] ------------------------------------------------------------
c
s UNSATISFIABLE
c
c ---- [ profiling ] ---------------------------------------------------------
c
c          48.37   88.87 %  search
c          48.37   88.87 %  stable
c           6.03   11.09 %  simplify
c           5.94   10.91 %  probe
c           3.24    5.95 %  vivify
c           2.62    4.81 %  sweep
c           0.29    0.53 %  reduce
c           0.07    0.13 %  walking
c           0.05    0.09 %  substitute
c           0.04    0.08 %  eliminate
c           0.03    0.05 %  factor
c           0.02    0.04 %  preprocess
c           0.01    0.02 %  subsume
c           0.01    0.01 %  congruence
c           0.00    0.01 %  transitive
c           0.00    0.00 %  backbone
c           0.00    0.00 %  parse
c           0.00    0.00 %  lucky
c =============================================
c          54.43  100.00 %  total
c
c ---- [ statistics ] --------------------------------------------------------
c
c conflicts:                          2201220            40442.63 per second
c congruent:                               43                4 %  variables
c decisions:                          2284029                1.04 per conflict
c eliminated:                             767               69 %  variables
c factored:                                58                5 %  variables
c iterations:                              15                1 %  variables
c propagations:                     283280320          5204660    per second
c reductions:                             222             9915    interval
c reordered:                               19           115854    interval
c rephased:                                36            61145    interval
c restarts:                               510             4316    interval
c strengthened:                           889                0 %  checks
c substituted:                             75                7 %  variables
c subsumed:                               699                0 %  checks
c switched:                                 0                0    interval
c vivified:                            174283               52 %  checks
c walks:                                   12           183435    interval
c
c ---- [ glue usage ] --------------------------------------------------------
c
c stable glue 2   used 5836819 clauses 21.76% accumulated 63.85% tier1
c stable glue 3   used 3343109 clauses 12.46% accumulated 76.31%
c stable glue 4-5 used 2648136 clauses  9.87% accumulated 86.18%
c stable glue 6   used  659313 clauses  2.46% accumulated 88.64%
c stable glue 7   used  509844 clauses  1.90% accumulated 90.54% tier2
c
c ---- [ resources ] ---------------------------------------------------------
c
c maximum-resident-set-size:        386359296 bytes        368 MB
c process-time:                            54s              54.43 seconds
c
c ---- [ shutting down ] -----------------------------------------------------
c
c exit 20
