c ---- [ banner ] ------------------------------------------------------------
c
c Kissat SAT Solver
c 
c Copyright (c) 2021-2024 Armin Biere University of Freiburg
c Copyright (c) 2019-2021 Armin Biere Johannes Kepler University Linz
c 
c Version 4.0.4 8af8e56f174b778aef3aa45af9f739b2a5f492c2
c gcc (GCC) 15.2.1 20260123 (Red Hat 15.2.1-7) -W -Wall -O3 -DNDEBUG
c Thu Apr 23 06:47:51 PM IST 2026 Linux krishnendu-LN 6.19.12-200.fc43.x86_64 x86_64
c
c ---- [ parsing ] -----------------------------------------------------------
c
c opened and reading DIMACS file:
c
c   /home/krishnendu/Research/fv-invariant-mining/data/circuits/cnf/miter_mult_10bit.cnf
c
c parsed 'p cnf 1113 4205' header
c closing input after reading 64864 bytes (63 KB)
c finished parsing after 0.00 seconds
c
c ---- [ options ] -----------------------------------------------------------
c
c --decay=80                       (different from default '50')
c --eliminateeffort=200            (different from default '100')
c --stable=2                       (different from default '1')
c
c ---- [ solving ] -----------------------------------------------------------
c
c seconds switched rate     size/glue tier1  binary       remaining
c        MB reductions conflicts size  tier2   irredundant
c         level restarts redundant glue  trail       variables
c
c *  0.00  3 0 0 0  0 0   0   0 0.0 0 0 0 0 0% 1458 2745 1110 100%
c (  0.00  3 0 0 0  0 0   0   0 0.0 0 0 0 0 0% 1458 2745 1110 100%
c .  0.00  3 0 0 0  0 0   0   0 0.0 0 0 0 0 0% 1454 2745 1110 100%
c c  0.00  3 0 0 0  0 0   0   0 0.0 0 0 0 0 0% 1518 2743 1067 96%
c d  0.00  3 0 0 0  0 0   0   0 0.0 0 0 0 0 0% 1368 2743 1067 96%
c =  0.02  3 0 0 0  0 0   0   0 0.0 0 0 0 0 0% 1372 2736 1064 96%
c d  0.02  3 0 0 0  0 0   0   0 0.0 0 0 0 0 0% 1367 2736 1064 96%
c f  0.03  4 0 0 0  0 0   0   0 0.0 0 0 0 0 0% 1339 2718 1086 98%
c )  0.03  4 0 0 0  0 0   0   0 0.0 0 0 0 0 0% 1339 2718 1086 98%
c [  0.03  4 0 0 0  0 0   0   0 0.0 0 0 2 6 0% 1339 2718 1086 98%
c -  0.05  4 16 0 1  0 1 1000 847 3.9 30 8 4 11 87% 1346 2718 1086 98%
c B  0.05  4 16 0 1  0 1 1002 847 3.9 30 8 4 11 87% 1346 2718 1086 98%
c -  0.08  4 17 0 2  1 1 2001 1466 2.6 27 11 4 14 87% 1350 2718 1086 98%
c W  0.08  4 17 0 2  1 1 2003 1468 2.6 27 11 4 14 87% 1350 2718 1086 98%
c u  0.10  4 18 0 2  2 1 3372 2585 2.3 25 11 4 13 86% 1354 2718 1086 98%
c v  0.11  4 18 0 2  2 1 3372 2397 2.3 25 11 4 13 86% 1354 2718 1086 98%
c w  0.11  5 18 0 2  2 1 3372 2367 2.3 25 11 4 13 86% 1354 2718 1086 98%
c x  0.11  5 18 0 2  2 1 3372 2366 2.3 25 11 4 13 86% 1368 2675 1086 98%
c =  0.13  5 18 0 2  2 1 3372 2366 2.3 25 11 4 13 86% 1398 2668 1071 96%
c d  0.13  5 18 0 2  2 1 3372 2366 2.3 25 11 4 13 86% 1353 2668 1071 96%
c
c seconds  switched rate       size/glue  tier1     binary       remaining
c        MB reductions conflicts     size   tier2     irredundant
c         level restarts  redundant     glue    trail       variables
c
c t  0.13  5 18 0 2  2 1 3372 2366 2.3 25 11 4 13 86% 1345 2668 1071 96%
c f  0.13  5 18 0 2  2 1 3372 2366 2.3 25 11 4 13 86% 1341 2668 1075 97%
c u  0.13  5 18 0 2  2 1 3372 2355 2.3 25 11 4 13 86% 1341 2668 1075 97%
c v  0.14  5 18 0 2  2 1 3372 2258 2.3 25 11 4 13 86% 1341 2668 1075 97%
c w  0.14  5 18 0 2  2 1 3372 2215 2.3 25 11 4 13 86% 1341 2668 1075 97%
c =  0.16  5 18 0 2  2 1 3372 2215 2.3 25 11 4 13 86% 1345 2668 1073 96%
c d  0.16  5 18 0 2  2 1 3372 2215 2.3 25 11 4 13 86% 1339 2668 1073 96%
c -  0.16  5 18 0 3  2 1 3417 1767 2.3 25 11 4 14 86% 1339 2668 1073 96%
c I  0.17  5 18 0 3  3 1 4263 2490 2.2 24 11 4 14 87% 1339 2668 1073 96%
c -  0.19  5 18 0 4  3 1 5149 2656 2.1 24 11 5 14 87% 1341 2668 1073 96%
c -  0.23  5 18 0 5  5 1 7151 3511 2.0 23 11 4 14 88% 1342 2668 1073 96%
c B  0.24  5 17 0 5  5 1 8035 4226 2.0 23 11 4 14 88% 1343 2668 1073 96%
c -  0.28  6 17 0 6  6 1 9387 3862 1.9 22 12 4 13 88% 1346 2668 1073 96%
c u  0.30  5 17 0 6  6 1 10397 4529 1.9 22 12 4 13 88% 1353 2668 1073 96%
c v  0.31  5 17 0 6  6 1 10397 4379 1.9 22 12 4 13 88% 1353 2668 1073 96%
c w  0.31  5 17 0 6  6 1 10397 4354 1.9 22 12 4 13 88% 1353 2668 1073 96%
c =  0.32  5 17 0 6  6 1 10397 4354 1.9 22 12 4 13 88% 1365 2664 1067 96%
c d  0.32  5 17 0 6  6 1 10397 4350 1.9 22 12 4 13 88% 1348 2664 1067 96%
c t  0.32  5 17 0 6  6 1 10397 4350 1.9 22 12 4 13 88% 1345 2664 1067 96%
c u  0.32  5 17 0 6  6 1 10397 4338 1.9 22 12 4 13 88% 1345 2664 1067 96%
c
c seconds  switched rate        size/glue  tier1     binary       remaining
c        MB reductions conflicts      size   tier2     irredundant
c         level restarts   redundant     glue    trail       variables
c
c v  0.32  5 17 0 6  6 1 10397 4278 1.9 22 12 4 13 88% 1345 2664 1067 96%
c w  0.33  5 17 0 6  6 1 10397 4276 1.9 22 12 4 13 88% 1345 2664 1067 96%
c x  0.33  5 17 0 6  6 1 10397 4276 1.9 22 12 4 13 88% 1345 2652 1067 96%
c o  0.35  5 17 0 6  6 1 10397 4276 1.9 22 12 4 13 88% 1345 2652 1067 96%
c -  0.38  5 17 0 7  6 1 11836 4029 1.9 22 12 4 13 88% 1346 2652 1067 96%
c W  0.42  5 17 0 7  8 1 13565 5434 1.9 23 12 4 13 88% 1346 2652 1067 96%
c -  0.44  5 17 0 8  9 1 14482 4413 1.9 23 12 3 13 88% 1346 2652 1067 96%
c e  0.51  5 17 0 8 10 1 16852 6094 1.9 23 12 3 13 88% 386 3197 657 59%
c 2  0.51  5 17 0 8 10 1 16852 6094 1.9 23 12 3 13 88% 385 3197 657 59%
c s  0.51  5 17 0 8 10 1 16852 6094 1.9 23 12 3 13 88% 389 3132 657 59%
c e  0.52  5 17 0 8 10 1 16852 6094 1.9 23 12 3 13 88% 377 3143 651 59%
c ^  0.52  5 17 0 8 10 1 16852 6094 1.9 23 12 3 13 88% 377 3143 651 59%
c -  0.52  5 17 0 9 10 1 17312 2039 1.9 23 12 3 13 88% 377 3143 651 59%
c -  0.58  5 17 0 10 12 1 20312 3383 1.9 22 12 3 13 88% 379 3143 651 59%
c O  0.59  5 17 0 10 13 1 21093 4017 1.9 22 12 3 13 88% 379 3143 651 59%
c o  0.59  5 17 0 10 13 1 21093 4017 1.9 22 12 3 13 88% 379 3143 651 59%
c u  0.60  5 17 0 10 13 1 21311 3985 1.8 22 12 3 13 88% 379 3143 651 59%
c v  0.60  5 17 0 10 13 1 21311 3729 1.8 22 12 3 13 88% 379 3143 651 59%
c w  0.61  6 17 0 10 13 1 21311 3297 1.8 22 12 3 13 88% 379 3143 651 59%
c t  0.61  6 17 0 10 13 1 21311 3297 1.8 22 12 3 13 88% 377 3143 651 59%
c
c seconds  switched  rate        size/glue  tier1    binary      remaining
c        MB  reductions conflicts      size   tier2    irredundant
c         level  restarts   redundant     glue    trail      variables
c
c f  0.61  5 17 0 10 13 1 21311 3297 1.8 22 12 3 13 88% 426 3040 677 61%
c u  0.61  5 17 0 10 13 1 21311 3286 1.8 22 12 3 13 88% 427 3040 677 61%
c v  0.62  5 17 0 10 13 1 21311 3199 1.8 22 12 3 13 88% 427 3040 677 61%
c w  0.63  5 17 0 10 13 1 21311 3034 1.8 22 12 3 13 88% 427 3040 677 61%
c t  0.66  5 17 0 10 13 1 21311 3034 1.8 22 12 3 13 88% 426 3040 677 61%
c -  0.71  6 17 0 11 13 1 23474 3905 1.9 23 12 3 13 88% 427 3040 677 61%
c -  0.79  6 17 0 12 14 1 26791 5062 2.0 23 12 3 12 87% 427 3040 677 61%
c -  0.87  7 16 0 13 14 1 30256 6279 2.0 24 12 3 12 87% 428 3040 677 61%
c B  0.89  7 16 0 13 14 1 30855 6793 2.0 24 12 3 12 87% 428 3040 677 61%
c -  0.95  7 16 0 14 15 1 33862 6790 2.0 23 12 3 12 87% 429 3040 677 61%
c s  0.95  7 16 0 14 16 1 34098 6955 2.0 23 12 3 12 87% 430 3027 677 61%
c e  0.95  7 16 0 14 16 1 34098 6955 2.0 23 12 3 12 87% 347 3158 610 55%
c 2  0.95  7 16 0 14 16 1 34098 6955 2.0 23 12 3 12 87% 346 3158 610 55%
c s  0.95  7 16 0 14 16 1 34098 6955 2.0 23 12 3 12 87% 349 3090 610 55%
c e  0.95  7 16 0 14 16 1 34098 6955 2.0 23 12 3 12 87% 343 3100 606 54%
c ^  0.95  7 16 0 14 16 1 34098 6955 2.0 23 12 3 12 87% 343 3100 606 54%
c u  1.01  7 16 0 14 17 1 36700 4511 2.0 23 12 3 12 87% 343 3100 606 54%
c v  1.02  7 16 0 14 17 1 36700 4211 2.0 23 12 3 12 87% 343 3100 606 54%
c w  1.02  8 16 0 14 17 1 36700 4175 2.0 23 12 3 12 87% 343 3100 606 54%
c x  1.03  7 16 0 14 17 1 36700 4174 2.0 23 12 3 12 87% 347 2998 606 54%
c
c seconds  switched  rate        size/glue  tier1    binary      remaining
c        MB  reductions conflicts      size   tier2    irredundant
c         level  restarts   redundant     glue    trail      variables
c
c t  1.03  7 16 0 14 17 1 36700 4174 2.0 23 12 3 12 87% 346 2998 606 54%
c f  1.03  7 16 0 14 17 1 36700 4174 2.0 23 12 3 12 87% 350 2985 609 55%
c u  1.03  7 16 0 14 17 1 36700 4161 2.0 23 12 3 12 87% 350 2985 609 55%
c v  1.04  7 16 0 14 17 1 36700 4050 2.0 23 12 3 12 87% 350 2985 609 55%
c w  1.05  7 16 0 14 17 1 36700 3700 2.0 23 12 3 12 87% 350 2985 609 55%
c -  1.07  7 16 0 15 18 1 37604 3111 2.0 23 12 3 12 87% 350 2985 609 55%
c -  1.15  7 16 0 16 21 1 41477 4354 2.0 23 12 3 12 87% 350 2985 609 55%
c W  1.19  6 16 0 16 21 1 43078 5397 2.0 23 12 3 12 87% 350 2985 609 55%
c o  1.19  6 16 0 16 21 1 43078 5397 2.0 23 12 3 12 87% 350 2985 609 55%
c -  1.24  6 16 0 17 22 1 45477 5166 1.9 23 12 3 12 87% 351 2985 609 55%
c -  1.31  6 16 0 18 25 1 49600 5964 1.9 23 12 3 12 87% 351 2985 609 55%
c -  1.39  6 16 0 19 28 1 53842 6733 1.9 23 12 3 12 87% 352 2985 609 55%
c u  1.45  7 16 0 19 28 1 56642 8730 1.9 22 12 3 12 87% 353 2985 609 55%
c v  1.45  7 16 0 19 28 1 56642 8553 1.9 22 12 3 12 87% 353 2985 609 55%
c w  1.46  8 16 0 19 28 1 56642 8518 1.9 22 12 3 12 87% 353 2985 609 55%
c x  1.46  8 16 0 19 28 1 56642 8518 1.9 22 12 3 12 87% 353 2982 609 55%
c =  1.51  8 16 0 19 28 1 56642 8518 1.9 22 12 3 12 87% 355 2980 608 55%
c d  1.51  8 16 0 19 28 1 56642 8518 1.9 22 12 3 12 87% 353 2980 608 55%
c u  1.51  6 16 0 19 28 1 56642 8486 1.9 22 12 3 12 87% 353 2980 608 55%
c v  1.53  6 16 0 19 28 1 56642 8223 1.9 22 12 3 12 87% 353 2980 608 55%
c
c seconds  switched  rate        size/glue  tier1    binary      remaining
c        MB  reductions conflicts      size   tier2    irredundant
c         level  restarts   redundant     glue    trail      variables
c
c w  1.53  6 16 0 19 28 1 56642 7962 1.9 22 12 3 12 87% 353 2980 608 55%
c I  1.56  6 16 0 19 29 1 57983 9020 1.9 22 12 3 12 87% 353 2980 608 55%
c -  1.56  6 16 0 20 29 1 58201 6561 1.9 22 12 3 12 87% 353 2979 608 55%
c -  1.63  6 16 0 21 29 1 62674 6831 1.9 22 12 3 12 87% 353 2979 608 55%
c -  1.71  6 16 0 22 30 1 67256 6918 1.8 22 12 3 12 87% 353 2979 608 55%
c s  1.79  6 16 0 22 30 1 71622 10256 1.8 22 12 3 12 87% 354 2978 608 55%
c e  1.79  6 16 0 22 30 1 71622 10256 1.8 22 12 3 12 87% 262 3180 540 49%
c s  1.79  6 16 0 22 30 1 71622 10256 1.8 22 12 3 12 87% 262 3157 540 49%
c e  1.79  6 16 0 22 30 1 71622 10256 1.8 22 12 3 12 87% 259 3165 537 48%
c ^  1.79  6 16 0 22 30 1 71622 10256 1.8 22 12 3 12 87% 259 3165 537 48%
c -  1.80  6 16 0 23 30 1 71948 4062 1.8 22 12 3 12 87% 259 3165 537 48%
c B  1.86  6 16 0 23 30 1 75785 6482 1.8 22 12 3 12 88% 260 3164 537 48%
c o  1.86  6 16 0 23 30 1 75785 6482 1.8 22 12 3 12 88% 260 3164 537 48%
c -  1.88  6 16 0 24 30 1 76743 5178 1.8 22 12 3 11 88% 260 3164 537 48%
c u  1.96  6 16 0 24 30 1 81181 8034 1.8 21 12 3 11 88% 260 3164 537 48%
c v  1.97  6 16 0 24 30 1 81181 7678 1.8 21 12 3 11 88% 260 3164 537 48%
c w  1.98  6 16 0 24 30 1 81181 6627 1.8 21 12 3 11 88% 260 3164 537 48%
c =  2.02  6 16 0 24 30 1 81181 6627 1.8 21 12 3 11 88% 260 3156 536 48%
c u  2.02  6 16 0 24 30 1 81181 6456 1.8 21 12 3 11 88% 260 3156 536 48%
c v  2.04  6 16 0 24 30 1 81181 6345 1.8 21 12 3 11 88% 260 3156 536 48%
c
c seconds  switched  rate        size/glue  tier1    binary      remaining
c        MB  reductions conflicts      size   tier2    irredundant
c         level  restarts   redundant     glue    trail      variables
c
c w  2.04  6 16 0 24 30 1 81181 5385 1.8 21 12 3 11 88% 260 3156 536 48%
c x  2.04  6 16 0 24 30 1 81181 5385 1.8 21 12 3 11 88% 261 3122 536 48%
c -  2.10  6 16 0 25 30 1 81642 4510 1.8 21 12 3 11 88% 261 3122 536 48%
c -  2.18  6 16 0 26 34 1 86642 5428 1.8 21 12 3 11 88% 261 3122 536 48%
c -  2.26  7 15 0 27 37 1 91742 6469 1.8 21 12 3 11 88% 261 3122 536 48%
c W  2.36  7 15 0 27 39 1 96696 9580 1.8 21 12 3 11 88% 261 3122 536 48%
c -  2.36  7 15 0 28 40 1 96938 6922 1.8 21 12 3 11 88% 261 3122 536 48%
c -  2.47  7 15 0 29 43 1 102229 6631 1.7 21 12 3 11 88% 262 3122 536 48%
c -  2.57  7 15 0 30 45 1 107615 6597 1.7 20 12 3 11 88% 263 3122 536 48%
c u  2.64  7 15 0 30 45 1 110414 7806 1.7 20 12 3 11 88% 263 3122 536 48%
c v  2.66  7 15 0 30 45 1 110414 7362 1.7 20 12 3 11 88% 263 3122 536 48%
c w  2.67  7 15 0 30 45 1 110414 7329 1.7 20 12 3 11 88% 263 3122 536 48%
c -  2.71  7 15 0 31 45 1 113092 6284 1.7 20 12 3 11 88% 263 3122 536 48%
c -  2.82  7 15 0 32 48 1 118660 6940 1.7 20 12 3 11 88% 264 3122 536 48%
c O  2.87  7 15 0 32 50 1 120921 8503 1.7 20 12 3 11 88% 264 3122 536 48%
c o  2.87  7 15 0 32 50 1 120921 8503 1.7 20 12 3 11 88% 264 3122 536 48%
c -  2.94  7 15 0 33 52 1 124317 6996 1.7 20 12 3 11 88% 264 3122 536 48%
c -  3.08  7 15 0 34 55 1 130061 6512 1.7 20 12 3 11 88% 264 3122 536 48%
c s  3.12  7 15 0 34 56 1 132116 7526 1.7 20 12 3 11 89% 264 3120 536 48%
c e  3.12  7 15 0 34 56 1 132116 7526 1.7 20 12 3 11 89% 167 3416 479 43%
c
c seconds  switched  rate         size/glue  tier1    binary      remaining
c        MB  reductions conflicts       size   tier2    irredundant
c         level  restarts    redundant     glue    trail      variables
c
c s  3.12  7 15 0 34 56 1 132116 7526 1.7 20 12 3 11 89% 170 3352 479 43%
c e  3.13  7 15 0 34 56 1 132116 7526 1.7 20 12 3 11 89% 165 3362 475 43%
c ^  3.13  7 15 0 34 56 1 132116 7526 1.7 20 12 3 11 89% 165 3362 475 43%
c -  3.20  6 15 0 35 58 1 135891 4980 1.7 20 12 3 11 88% 167 3362 475 43%
c -  3.33  7 15 0 36 60 1 141808 5450 1.6 20 12 3 10 89% 167 3362 475 43%
c u  3.39  7 15 0 36 60 1 144572 6492 1.6 19 12 3 10 89% 167 3362 475 43%
c v  3.41  7 15 0 36 60 1 144572 5989 1.6 19 12 3 10 89% 167 3362 475 43%
c w  3.42  7 15 0 36 60 1 144572 4594 1.6 19 12 3 10 89% 167 3362 475 43%
c x  3.42  7 15 0 36 60 1 144572 4593 1.6 19 12 3 10 89% 170 3277 475 43%
c t  3.50  7 15 0 36 60 1 144572 4593 1.6 19 12 3 10 89% 166 3277 475 43%
c -  3.59  6 15 0 37 60 1 147809 4572 1.6 19 12 3 10 89% 166 3277 475 43%
c B  3.61  6 15 0 37 61 1 148661 5138 1.6 19 12 3 10 89% 166 3277 475 43%
c -  3.73  7 15 0 38 61 1 153892 5552 1.6 20 12 3 10 89% 166 3277 475 43%
c -  3.87  7 15 0 39 61 1 160056 6169 1.6 19 12 3 10 89% 166 3277 475 43%
c -  4.03  7 15 0 40 62 1 166301 7167 1.6 19 12 3 10 88% 166 3277 475 43%
c -  4.19  7 15 0 41 62 1 172626 7341 1.6 19 12 2 10 88% 166 3277 475 43%
c -  4.35  7 14 0 42 62 1 179031 7650 1.7 19 12 2 10 88% 166 3277 475 43%
c W  4.38  7 14 0 42 62 1 180111 8244 1.7 19 12 2 10 88% 166 3277 475 43%
c o  4.38  7 14 0 42 62 1 180111 8244 1.7 19 12 2 10 88% 166 3277 475 43%
c u  4.47  7 15 0 42 62 1 183654 9470 1.6 19 12 2 10 88% 169 3277 475 43%
c
c seconds  switched  rate         size/glue  tier1    binary      remaining
c        MB  reductions conflicts       size   tier2    irredundant
c         level  restarts    redundant     glue    trail      variables
c
c v  4.50  7 15 0 42 62 1 183654 8764 1.6 19 12 2 10 88% 169 3277 475 43%
c w  4.51  7 15 0 42 62 1 183654 7568 1.6 19 12 2 10 88% 169 3277 475 43%
c x  4.51  7 15 0 42 62 1 183654 7568 1.6 19 12 2 10 88% 169 3269 475 43%
c -  4.56  6 15 0 43 62 1 185512 5498 1.6 19 12 2 9 88% 169 3269 475 43%
c -  4.70  6 15 0 44 62 1 192070 5554 1.6 19 12 2 9 88% 169 3269 475 43%
c -  4.85  6 15 0 45 64 1 198705 5761 1.6 19 12 2 9 88% 169 3269 475 43%
c -  5.00  7 15 0 46 68 1 205414 6359 1.6 19 12 2 9 88% 169 3269 475 43%
c -  5.15  7 14 0 47 72 1 212196 6861 1.6 19 12 2 9 89% 169 3269 475 43%
c I  5.22  7 14 0 47 74 1 215462 8667 1.6 19 12 2 9 89% 169 3269 475 43%
c s  5.25  7 14 0 47 75 1 217659 10457 1.6 19 12 2 9 89% 169 3268 475 43%
c e  5.26  7 14 0 47 75 1 217659 10457 1.6 19 12 2 9 89% 119 3762 404 36%
c s  5.26  7 14 0 47 75 1 217659 10457 1.6 19 12 2 9 89% 119 3610 404 36%
c e  5.26  7 14 0 47 75 1 217659 10457 1.6 19 12 2 9 89% 117 3627 402 36%
c ^  5.26  7 14 0 47 75 1 217659 10457 1.6 19 12 2 9 89% 117 3627 402 36%
c -  5.27  6 15 0 48 76 1 219051 4835 1.6 19 12 2 9 88% 117 3627 402 36%
c -  5.37  7 15 0 49 77 1 225980 6248 1.6 19 12 2 9 88% 117 3627 402 36%
c u  5.40  7 15 0 49 77 1 227905 7452 1.6 19 12 2 9 88% 117 3627 402 36%
c v  5.43  7 15 0 49 77 1 227905 6713 1.6 19 12 2 9 88% 117 3627 402 36%
c w  5.45  7 15 0 49 77 1 227905 6082 1.6 19 12 2 9 88% 117 3627 402 36%
c -  5.54  6 15 0 50 80 1 232981 5350 1.6 19 12 2 9 88% 117 3627 402 36%
c
c seconds  switched  rate         size/glue  tier1   binary      remaining
c        MB  reductions conflicts       size   tier2   irredundant
c         level  restarts    redundant     glue   trail      variables
c
c -  5.66  6 15 0 51 84 1 240052 5882 1.6 19 12 2 9 88% 117 3627 402 36%
c -  5.77  7 15 0 52 88 1 247193 6365 1.6 19 12 2 9 88% 117 3627 402 36%
c -  5.89  7 15 0 53 91 1 254404 7052 1.6 19 12 2 9 88% 117 3627 402 36%
c B  5.90  7 15 0 53 91 1 254902 7340 1.6 19 12 2 9 88% 117 3627 402 36%
c o  5.90  7 15 0 53 91 1 254902 7340 1.6 19 12 2 9 88% 117 3627 402 36%
c -  6.05  7 15 0 54 92 1 261685 7223 1.6 19 12 2 9 88% 117 3627 402 36%
c -  6.20  7 15 0 55 93 1 269034 6923 1.6 19 12 2 9 88% 117 3627 402 36%
c -  6.35  7 14 0 56 93 1 276451 7303 1.6 19 12 2 9 88% 117 3627 402 36%
c u  6.36  7 14 0 56 93 1 276768 7125 1.6 19 12 2 9 88% 117 3627 402 36%
c v  6.39  7 14 0 56 93 1 276768 6425 1.6 19 12 2 9 88% 117 3627 402 36%
c w  6.39  7 14 0 56 93 1 276768 5877 1.6 19 12 2 9 88% 117 3627 402 36%
c x  6.40  7 14 0 56 93 1 276768 5872 1.6 19 12 2 9 88% 119 3501 402 36%
c -  6.64  7 14 0 57 96 1 283934 6564 1.6 19 12 2 9 88% 119 3501 402 36%
c -  6.80  7 14 0 58 100 1 291486 7574 1.6 19 12 2 9 89% 119 3501 402 36%
c W  6.95  7 14 0 58 106 1 298613 11628 1.6 19 11 2 9 89% 119 3501 402 36%
c -  6.96  7 14 0 59 106 1 299102 8063 1.6 19 11 2 9 89% 119 3501 402 36%
c -  7.09  7 14 0 60 108 1 306784 8388 1.6 19 11 2 9 89% 119 3501 402 36%
c -  7.24  7 14 0 61 110 1 314529 8090 1.6 19 11 2 9 89% 119 3501 402 36%
c -  7.40  7 14 0 62 115 1 322339 8280 1.6 18 11 2 9 89% 119 3501 402 36%
c s  7.55  7 14 0 62 119 1 329789 12471 1.6 18 11 2 9 89% 120 3498 402 36%
c
c seconds  switched   rate          size/glue  tier1   binary      remaining
c        MB  reductions conflicts         size   tier2   irredundant
c         level  restarts      redundant     glue   trail      variables
c
c e  7.55  7 14 0 62 119 1 329789 12471 1.6 18 11 2 9 89%  86 4215 347 31%
c s  7.55  7 14 0 62 119 1 329789 12471 1.6 18 11 2 9 89%  86 4028 347 31%
c e  7.56  7 14 0 62 119 1 329789 12471 1.6 18 11 2 9 89%  84 4064 344 31%
c !  7.56  7 14 0 62 119 1 329789 12471 1.6 18 11 2 9 89%  84 4064 344 31%
c o  7.56  7 14 0 62 119 1 329789 5917 1.6 18 11 2 9 89%  84 4064 344 31%
c -  7.56  6 14 0 63 119 1 330215 4139 1.6 18 11 2 9 89%  84 4064 344 31%
c u  7.58  6 14 0 63 120 1 331221 4592 1.6 18 11 2 9 89%  84 4064 344 31%
c v  7.59  6 14 0 63 120 1 331221 4096 1.6 18 11 2 9 89%  84 4064 344 31%
c w  7.60  6 14 0 63 120 1 331221 2880 1.6 18 11 2 9 89%  84 4064 344 31%
c x  7.61  6 14 0 63 120 1 331221 2874 1.6 18 11 2 9 89%  85 3942 344 31%
c -  7.73  6 14 0 64 123 1 338152 4040 1.6 18 11 2 9 89%  85 3942 344 31%
c -  7.87  7 14 0 65 124 1 346152 5663 1.6 18 12 2 9 89%  85 3942 344 31%
c O  7.88  7 14 0 65 124 1 346774 6107 1.6 18 12 2 9 89%  85 3942 344 31%
c -  8.05  7 14 0 66 124 1 354216 6227 1.6 19 12 2 9 89%  85 3942 344 31%
c -  8.24  7 14 0 67 125 1 362341 5851 1.6 19 12 2 9 89%  85 3942 344 31%
c -  8.41  7 14 0 68 125 1 370527 5989 1.6 18 12 2 9 89%  85 3942 344 31%
c -  8.59  7 14 0 69 125 1 378773 6539 1.6 18 12 2 9 89%  85 3942 344 31%
c -  8.77  7 14 0 70 125 1 387080 7461 1.6 18 11 2 9 89%  85 3942 344 31%
c u  8.86  7 14 0 70 125 1 390104 7733 1.6 18 11 2 9 90%  85 3942 344 31%
c v  8.89  7 14 0 70 125 1 390104 6854 1.6 18 11 2 9 90%  85 3942 344 31%
c
c seconds  switched   rate         size/glue  tier1   binary      remaining
c        MB  reductions conflicts        size   tier2   irredundant
c         level  restarts     redundant     glue   trail      variables
c
c w  8.91  7 14 0 70 125 1 390104 4958 1.6 18 11 2 9 90%  85 3942 344 31%
c x  8.91  7 14 0 70 125 1 390104 4957 1.6 18 11 2 9 90%  85 3930 344 31%
c -  9.04  6 14 0 71 126 1 395447 5178 1.6 18 11 2 9 90%  85 3930 344 31%
c B  9.15  7 14 0 71 126 1 399561 6664 1.6 18 11 2 9 90%  85 3930 344 31%
c -  9.26  6 14 0 72 126 1 403873 5551 1.6 18 11 2 9 90%  85 3930 344 31%
c -  9.43  7 14 0 73 126 1 412358 6154 1.6 18 11 2 8 90%  85 3930 344 31%
c -  9.61  7 14 0 74 126 1 420903 7068 1.6 17 11 2 8 89%  85 3930 344 31%
c -  9.82  7 13 0 75 126 1 429505 8108 1.6 17 11 2 8 90%  85 3930 344 31%
c - 10.02  7 13 0 76 126 1 438166 8160 1.5 17 11 2 8 90%  85 3930 344 31%
c - 10.19  7 13 0 77 126 1 446883 7959 1.5 17 11 2 8 90%  85 3929 344 31%
c u 10.37  7 13 0 77 126 1 454452 10466 1.5 17 11 2 8 90%  85 3929 344 31%
c v 10.42  7 13 0 77 126 1 454452 9118 1.5 17 11 2 8 90%  85 3929 344 31%
c w 10.44  7 13 0 77 126 1 454452 6676 1.5 17 11 2 8 90%  85 3929 344 31%
c o 10.45  7 13 0 77 126 1 454452 6676 1.5 17 11 2 8 90%  85 3929 344 31%
c - 10.47  6 13 0 78 126 1 455659 5437 1.5 17 11 2 8 90%  85 3929 344 31%
c W 10.49  6 13 0 78 126 1 457146 6554 1.5 17 11 2 8 90%  85 3929 344 31%
c - 10.64  7 13 0 79 129 1 464490 6791 1.5 17 11 2 8 89%  85 3929 344 31%
c e 10.73  7 13 0 79 133 1 469127 9607 1.5 17 11 2 8 90%  75 4008 339 30%
c s 10.73  7 13 0 79 133 1 469127 9607 1.5 17 11 2 8 90%  75 3974 339 30%
c - 10.83  7 13 0 80 134 1 473380 6778 1.5 17 11 2 8 90%  75 3974 339 30%
c
c seconds  switched   rate         size/glue  tier1   binary      remaining
c        MB  reductions conflicts        size   tier2   irredundant
c         level  restarts     redundant     glue   trail      variables
c
c - 11.02  7 13 0 81 140 1 482325 7387 1.6 17 11 2 8 90%  75 3974 339 30%
c - 11.22  7 13 0 82 141 1 491326 8367 1.6 17 11 2 8 90%  75 3974 339 30%
c - 11.40  7 13 0 83 147 1 500382 9082 1.6 17 11 2 8 90%  75 3974 339 30%
c - 11.60  7 13 0 84 151 1 509493 8734 1.6 18 11 2 8 90%  75 3974 339 30%
c - 11.75  7 13 0 85 156 1 518658 9798 1.6 17 11 2 8 89%  75 3974 339 30%
c I 11.78  7 13 0 85 156 1 519696 10373 1.6 17 11 2 8 89%  75 3974 339 30%
c u 11.87  7 13 0 85 156 1 524340 13159 1.6 18 11 2 8 89%  75 3974 339 30%
c v 11.90  7 13 0 85 156 1 524340 12520 1.6 18 11 2 8 89%  75 3974 339 30%
c w 11.91  7 13 0 85 156 1 524340 12378 1.6 18 11 2 8 89%  75 3974 339 30%
c x 11.92  7 13 0 85 156 1 524340 12375 1.6 18 11 2 8 89%  75 3947 339 30%
c - 12.00  8 13 0 86 157 1 527878 9567 1.6 18 11 2 8 89%  75 3947 339 30%
c - 12.18  8 14 0 87 157 1 537151 8562 1.6 18 11 2 8 89%  75 3947 339 30%
c - 12.36  8 14 0 88 160 1 546479 8651 1.6 18 11 2 8 89%  75 3947 339 30%
c - 12.55  8 14 0 89 165 1 555859 9139 1.6 18 11 2 8 89%  75 3947 339 30%
c - 12.78  8 13 0 90 171 1 565293 9434 1.6 18 11 2 8 89%  75 3947 339 30%
c - 12.95  8 13 0 91 172 1 574780 10352 1.6 18 11 2 8 89%  75 3947 339 30%
c - 13.12  8 13 0 92 179 1 584319 10051 1.6 18 11 2 8 89%  75 3947 339 30%
c B 13.17  8 13 0 92 179 1 587379 12136 1.6 17 11 2 8 89%  75 3947 339 30%
c o 13.17  8 13 0 92 179 1 587379 12136 1.6 17 11 2 8 89%  75 3947 339 30%
c - 13.31  8 13 0 93 184 1 593912 10907 1.6 18 11 2 8 89%  75 3947 339 30%
c
c seconds  switched   rate          size/glue  tier1   binary      remaining
c        MB  reductions conflicts         size   tier2   irredundant
c         level  restarts      redundant     glue   trail      variables
c
c u 13.45  8 13 0 93 186 1 599808 13854 1.6 18 11 2 8 89%  75 3947 339 30%
c v 13.48  8 13 0 93 186 1 599808 13318 1.6 18 11 2 8 89%  75 3947 339 30%
c w 13.50  8 13 0 93 186 1 599808 12419 1.6 18 11 2 8 89%  75 3947 339 30%
c x 13.51  8 13 0 93 186 1 599808 12419 1.6 18 11 2 8 89%  75 3942 339 30%
c - 13.60  8 13 0 94 187 1 603557 9476 1.6 18 11 2 8 89%  75 3942 339 30%
c - 13.82  8 13 0 95 188 1 613253 9573 1.6 18 11 2 8 89%  75 3942 339 30%
c - 14.06  8 13 0 96 188 1 623000 9602 1.6 17 11 2 8 89%  75 3942 339 30%
c - 14.28  8 13 0 97 189 1 632798 10044 1.6 17 11 2 8 89%  75 3942 339 30%
c e 14.46  8 13 0 97 189 1 640193 13224 1.6 17 11 2 8 90%  72 3984 336 30%
c s 14.46  8 13 0 97 189 1 640193 13224 1.6 17 11 2 8 90%  72 3969 336 30%
c - 14.53  8 13 0 98 189 1 642648 10164 1.6 17 11 2 8 90%  72 3969 336 30%
c - 14.77  8 13 0 99 189 1 652547 10655 1.6 17 11 2 8 90%  72 3969 336 30%
c W 14.94  8 13 0 99 192 1 660354 14949 1.6 17 11 2 8 90%  72 3969 336 30%
c - 14.98  8 13 0 100 193 1 662496 9807 1.6 17 11 2 8 90%  72 3969 336 30%
c - 15.17  8 13 0 101 198 1 672496 10632 1.6 17 11 2 8 90%  72 3969 336 30%
c u 15.39  8 13 0 101 203 1 680996 14859 1.6 17 11 2 8 90%  73 3969 336 30%
c v 15.45  8 13 0 101 203 1 680996 13010 1.6 17 11 2 8 90%  73 3969 336 30%
c w 15.47  8 13 0 101 203 1 680996 9662 1.6 17 11 2 8 90%  73 3969 336 30%
c f 15.48  8 13 0 101 203 1 680996 9662 1.6 17 11 2 8 90%  73 3939 337 30%
c u 15.49  8 13 0 101 203 1 680996 9454 1.6 17 11 2 8 90%  73 3939 337 30%
c
c seconds  switched    rate         size/glue  tier1   binary      remaining
c        MB  reductions  conflicts        size   tier2   irredundant
c         level   restarts     redundant     glue   trail      variables
c
c v 15.54  8 13 0 101 203 1 680996 8416 1.6 17 11 2 8 90%  73 3939 337 30%
c w 15.55  8 13 0 101 203 1 680996 8220 1.6 17 11 2 8 90%  73 3939 337 30%
c x 15.56  8 13 0 101 203 1 680996 8217 1.6 17 11 2 8 90%  73 3928 337 30%
c - 15.60  8 13 0 102 203 1 682546 7000 1.6 17 11 2 8 90%  73 3928 337 30%
c - 15.80  8 13 0 103 206 1 692645 8976 1.6 17 11 2 8 90%  73 3928 337 30%
c - 16.01  8 13 0 104 211 1 702793 10033 1.6 17 11 2 8 89%  73 3928 337 30%
c - 16.24  8 13 0 105 218 1 712991 9572 1.6 17 10 2 7 89%  73 3928 337 30%
c - 16.46  8 13 0 106 219 1 723237 9598 1.6 17 10 2 7 89%  73 3928 337 30%
c - 16.67  8 12 0 107 220 1 733532 10196 1.6 17 10 2 7 89%  73 3928 337 30%
c O 16.77  8 12 0 107 220 1 738782 13261 1.6 17 10 2 7 90%  73 3928 337 30%
c o 16.77  8 12 0 107 220 1 738782 13261 1.6 17 10 2 7 90%  73 3928 337 30%
c - 16.88  8 12 0 108 223 1 743876 10540 1.6 17 10 2 7 90%  73 3928 337 30%
c - 17.11  8 12 0 109 229 1 754268 10368 1.6 17 10 2 7 90%  73 3928 337 30%
c - 17.36  8 12 0 110 234 1 764708 9586 1.6 17 10 2 7 90%  73 3928 337 30%
c u 17.44  8 12 0 110 235 1 768012 10919 1.6 17 10 2 7 90%  73 3928 337 30%
c v 17.52  8 12 0 110 235 1 768012 9561 1.6 17 10 2 7 90%  73 3928 337 30%
c w 17.54  8 12 0 110 235 1 768012 8624 1.6 17 10 2 7 90%  73 3928 337 30%
c - 17.70  8 13 0 111 237 1 775197 7974 1.6 17 10 2 7 90%  73 3928 337 30%
c - 17.93  8 13 0 112 243 1 785732 8474 1.6 17 10 2 7 90%  73 3928 337 30%
c - 18.19  8 13 0 113 249 1 796315 8163 1.6 17 11 2 7 90%  73 3928 337 30%
c
c seconds  switched    rate         size/glue  tier1   binary      remaining
c        MB  reductions  conflicts        size   tier2   irredundant
c         level   restarts     redundant     glue   trail      variables
c
c - 18.42  8 13 0 114 251 1 806945 8872 1.6 17 11 2 7 90%  73 3928 337 30%
c - 18.66  8 13 0 115 251 1 817622 9323 1.6 17 11 2 7 90%  73 3928 337 30%
c B 18.76  8 13 0 115 252 1 822819 11911 1.6 17 10 2 7 90%  73 3928 337 30%
c - 18.88  8 13 0 116 252 1 828346 10005 1.6 17 11 2 7 90%  73 3928 337 30%
c - 19.12  8 13 0 117 252 1 839116 11185 1.6 17 10 2 7 90%  73 3928 337 30%
c s 19.24  8 13 0 117 252 1 844432 14200 1.6 17 10 2 7 90%  73 3927 337 30%
c s 19.24  8 13 0 117 252 1 844432 14200 1.6 17 10 2 7 90%  73 3926 337 30%
c - 19.37  8 13 0 118 252 1 849933 12284 1.6 17 10 2 7 90%  73 3926 337 30%
c - 19.59  8 12 0 119 253 1 860795 12613 1.6 17 10 2 7 90%  73 3926 337 30%
c u 19.62  8 12 0 119 253 1 860871 11624 1.6 17 10 2 7 90%  73 3926 337 30%
c v 19.70  8 12 0 119 253 1 860871 10131 1.6 17 10 2 7 90%  73 3926 337 30%
c w 19.72  8 12 0 119 253 1 860871 9925 1.6 17 10 2 7 90%  73 3926 337 30%
c = 19.96 10 12 0 119 253 1 860871 9925 1.6 17 10 2 7 90%  75 3924 336 30%
c d 19.96 10 12 0 119 253 1 860871 9925 1.6 17 10 2 7 90%  73 3924 336 30%
c u 19.98 10 12 0 119 253 1 860871 9738 1.6 17 10 2 7 90%  73 3924 336 30%
c v 20.03 10 12 0 119 253 1 860871 8949 1.6 17 10 2 7 90%  73 3924 336 30%
c w 20.05 10 12 0 119 253 1 860871 8502 1.6 17 10 2 7 90%  73 3924 336 30%
c x 20.06 10 12 0 119 253 1 860871 8502 1.6 17 10 2 7 90%  73 3921 336 30%
c o 20.06 10 12 0 119 253 1 860871 8502 1.6 17 10 2 7 90%  73 3921 336 30%
c - 20.32 10 13 0 120 253 1 871703 8770 1.6 17 10 2 7 90%  73 3918 336 30%
c
c seconds  switched    rate         size/glue  tier1   binary      remaining
c        MB  reductions  conflicts        size   tier2   irredundant
c         level   restarts     redundant     glue   trail      variables
c
c - 20.57 10 13 0 121 253 1 882658 8926 1.6 17 10 2 7 90%  73 3916 336 30%
c - 20.81 10 13 0 122 253 1 893659 9553 1.6 17 10 2 7 90%  73 3916 336 30%
c - 21.05 10 13 0 123 253 1 904705 9549 1.6 17 10 2 7 90%  73 3916 336 30%
c W 21.20 10 13 0 123 253 1 912619 14025 1.6 17 10 2 7 90%  73 3916 336 30%
c - 21.26 10 13 0 124 253 1 915795 10007 1.6 17 10 2 7 90%  73 3916 336 30%
c - 21.47 10 13 0 125 254 1 926932 10090 1.6 17 11 2 7 89%  73 3916 336 30%
c - 21.71 10 13 0 126 254 1 938113 9881 1.6 17 11 2 7 89%  73 3916 336 30%
c - 21.96 10 13 0 127 254 1 949338 9806 1.6 17 11 2 7 89%  73 3916 336 30%
c u 22.22 10 13 0 127 254 1 959669 14725 1.6 17 11 2 7 89%  73 3916 336 30%
c v 22.28 10 13 0 127 254 1 959669 13240 1.6 17 11 2 7 89%  73 3916 336 30%
c w 22.31 10 13 0 127 254 1 959669 10368 1.6 17 11 2 7 89%  73 3916 336 30%
c - 22.33 10 13 0 128 254 1 960607 7848 1.6 17 11 2 7 89%  73 3915 336 30%
c - 22.53 10 13 0 129 254 1 971921 9432 1.6 17 11 2 7 89%  73 3915 336 30%
c - 22.77 10 13 0 130 254 1 983278 9884 1.6 17 11 2 7 89%  73 3915 336 30%
c - 23.01 10 13 0 131 254 1 994681 10583 1.6 17 11 2 7 89%  73 3915 336 30%
c - 23.25 10 13 0 132 254 1 1006127 10973 1.6 17 11 2 7 90%  73 3915 336 30%
c I 23.30 10 13 0 132 254 1 1008334 12312 1.6 17 11 2 7 90%  73 3915 336 30%
c o 23.30 10 13 0 132 254 1 1008334 12312 1.6 17 11 2 7 90%  73 3915 336 30%
c - 23.45 10 13 0 133 254 1 1017617 11395 1.6 17 11 2 7 90%  73 3911 336 30%
c - 23.66 10 13 0 134 254 1 1029149 10679 1.6 17 11 2 7 89%  73 3911 336 30%
c
c seconds  switched    rate           size/glue  tier1   binary      remaining
c        MB  reductions   conflicts         size   tier2   irredundant
c         level   restarts       redundant     glue   trail      variables
c
c - 23.89 10 13 0 135 254 1 1040725 10446 1.6 17 11 2 7 89%  73 3911 336 30%
c - 24.16 10 13 0 136 254 1 1052344 10502 1.6 17 11 2 7 89%  73 3911 336 30%
c - 24.41 10 13 0 137 261 1 1064006 10787 1.6 17 11 2 7 89%  73 3911 336 30%
c u 24.44 10 13 0 137 261 1 1064470 10514 1.6 17 11 2 7 89%  73 3911 336 30%
c v 24.50 10 13 0 137 261 1 1064470 8882 1.6 17 11 2 7 89%  73 3911 336 30%
c w 24.52 10 13 0 137 261 1 1064470 8367 1.6 17 11 2 7 89%  73 3911 336 30%
c - 24.99 12 13 0 138 268 1 1075710 9399 1.6 17 11 2 7 89%  73 3911 336 30%
c s 25.18 12 13 0 138 269 1 1083945 13125 1.6 17 11 2 7 89%  73 3909 336 30%
c e 25.18 12 13 0 138 269 1 1083945 13125 1.6 17 11 2 7 89%  73 3924 335 30%
c s 25.18 12 13 0 138 269 1 1083945 13125 1.6 17 11 2 7 89%  73 3920 335 30%
c - 25.26 12 13 0 139 271 1 1087458 9220 1.5 17 11 2 7 89%  73 3920 335 30%
c - 25.55 12 13 0 140 278 1 1099247 9577 1.5 17 11 2 7 89%  73 3920 335 30%
c B 25.80 12 13 0 140 283 1 1110113 14942 1.5 17 11 2 7 89%  73 3920 335 30%
c - 25.82 12 13 0 141 284 1 1111079 10134 1.5 17 11 2 7 89%  73 3920 335 30%
c - 26.06 12 13 0 142 285 1 1122953 10631 1.5 17 11 2 7 89%  73 3920 335 30%
c - 26.31 12 13 0 143 286 1 1134869 10089 1.5 17 11 2 7 90%  73 3920 335 30%
c - 26.56 12 13 0 144 292 1 1146827 10141 1.6 17 11 2 7 90%  73 3920 335 30%
c - 26.84 12 13 0 145 299 1 1158827 10943 1.6 17 11 2 7 90%  73 3920 335 30%
c - 27.11 12 13 0 146 303 1 1170869 11577 1.6 17 11 2 7 90%  73 3920 335 30%
c u 27.22 12 13 0 146 306 1 1175342 13663 1.6 17 11 2 7 90%  73 3920 335 30%
c
c seconds  switched    rate           size/glue  tier1   binary      remaining
c        MB  reductions   conflicts         size   tier2   irredundant
c         level   restarts       redundant     glue   trail      variables
c
c v 27.29 12 13 0 146 306 1 1175342 11921 1.6 17 11 2 7 90%  73 3920 335 30%
c w 27.33 12 13 0 146 306 1 1175342 9699 1.6 17 11 2 7 90%  73 3920 335 30%
c o 27.34 12 13 0 146 306 1 1175342 9699 1.6 17 11 2 7 90%  73 3920 335 30%
c - 27.49 12 13 0 147 310 1 1182952 9456 1.6 17 11 2 7 90%  73 3920 335 30%
c - 27.76 12 13 0 148 315 1 1195077 10132 1.6 17 11 2 7 90%  73 3920 335 30%
c - 28.03 12 13 0 149 316 1 1207243 11181 1.6 16 10 2 7 90%  73 3920 335 30%
c W 28.27 12 12 0 149 317 1 1218100 16971 1.6 16 10 2 7 90%  73 3920 335 30%
c - 28.30 12 12 0 150 317 1 1219450 12803 1.6 16 10 2 7 90%  73 3920 335 30%
c - 28.55 12 12 0 151 317 1 1231698 12512 1.6 16 10 2 7 90%  73 3920 335 30%
c - 28.84 12 12 0 152 317 1 1243987 11889 1.6 16 10 2 7 90%  73 3920 335 30%
c - 29.09 12 12 0 153 323 1 1256315 12139 1.6 16 10 2 7 90%  73 3920 335 30%
c - 29.36 12 12 0 154 330 1 1268686 11831 1.6 16 10 2 7 91%  73 3920 335 30%
c - 29.62 12 12 0 155 332 1 1281095 12807 1.6 16 10 2 7 91%  73 3920 335 30%
c u 29.93 12 12 0 155 339 1 1292293 18790 1.6 16 10 2 7 91%  73 3920 335 30%
c v 29.98 12 12 0 155 339 1 1292293 17314 1.6 16 10 2 7 91%  73 3920 335 30%
c w 30.00 12 12 0 155 339 1 1292293 14923 1.6 16 10 2 7 91%  73 3920 335 30%
c x 30.02 12 12 0 155 339 1 1292293 14921 1.6 16 10 2 7 91%  73 3913 335 30%
c - 30.05 12 12 0 156 339 1 1293546 11186 1.6 16 10 2 7 91%  73 3913 335 30%
c - 30.31 12 12 0 157 346 1 1306035 12319 1.6 16 10 2 7 91%  73 3913 335 30%
c - 30.63 12 12 0 158 348 1 1318565 12301 1.6 16 10 2 7 91%  73 3913 335 30%
c
c seconds  switched    rate           size/glue  tier1   binary      remaining
c        MB  reductions   conflicts         size   tier2   irredundant
c         level   restarts       redundant     glue   trail      variables
c
c - 30.92 12 12 0 159 348 1 1331135 11987 1.6 16 10 2 7 91%  73 3913 335 30%
c O 30.95 12 12 0 159 349 1 1332439 12672 1.6 16 10 2 7 91%  73 3913 335 30%
c o 30.95 12 12 0 159 349 1 1332439 12672 1.6 16 10 2 7 91%  73 3913 335 30%
c - 31.20 12 12 0 160 355 1 1343745 13343 1.6 16 10 2 7 90%  73 3913 335 30%
c - 31.49 12 12 0 161 362 1 1356395 13416 1.6 16 10 2 7 90%  73 3913 335 30%
c s 31.58 12 12 0 161 363 1 1360212 15595 1.6 16 10 2 7 90%  73 3912 335 30%
c - 31.77 12 12 0 162 367 1 1369083 13762 1.6 16 10 2 7 90%  73 3912 335 30%
c - 32.07 11 12 0 163 374 1 1381810 13562 1.7 17 10 2 7 90%  73 3912 335 30%
c - 32.37 12 12 0 164 378 1 1394577 14391 1.7 16 10 2 7 90%  73 3912 335 30%
c - 32.66 12 12 0 165 379 1 1407384 15965 1.7 16 10 2 7 89%  73 3912 335 30%
c u 32.90 12 12 0 165 380 1 1415459 19706 1.7 16 10 2 7 89%  73 3912 335 30%
c v 33.00 12 12 0 165 380 1 1415459 18301 1.7 16 10 2 7 89%  73 3912 335 30%
c w 33.03 12 12 0 165 380 1 1415459 15664 1.7 16 10 2 7 89%  73 3912 335 30%
c - 33.16 11 12 0 166 380 1 1420230 13134 1.7 16 10 2 7 89%  73 3912 335 30%
c - 33.49 12 12 0 167 380 1 1433114 13663 1.7 16 10 2 7 89%  73 3912 335 30%
c - 33.81 12 12 0 168 380 1 1446036 13198 1.7 16 10 2 7 89%  73 3912 335 30%
c B 33.98 12 12 0 168 381 1 1453272 17455 1.7 17 10 2 7 89%  73 3912 335 30%
c - 34.11 11 12 0 169 381 1 1458998 13487 1.7 17 10 2 7 89%  73 3912 335 30%
c - 34.44 12 12 0 170 381 1 1471998 12874 1.6 17 10 2 7 89%  73 3912 335 30%
c - 34.74 12 12 0 171 381 1 1485036 12626 1.6 16 10 2 7 89%  73 3912 335 30%
c
c seconds  switched    rate           size/glue  tier1   binary      remaining
c        MB  reductions   conflicts         size   tier2   irredundant
c         level   restarts       redundant     glue   trail      variables
c
c - 35.02 12 12 0 172 381 1 1498112 13533 1.6 16 10 2 7 89%  73 3912 335 30%
c - 35.34 12 12 0 173 381 1 1511227 13268 1.6 16 10 2 7 89%  73 3912 335 30%
c - 35.63 12 12 0 174 388 1 1524379 15240 1.6 16 10 2 7 89%  73 3912 335 30%
c - 35.94 12 12 0 175 396 1 1537569 16261 1.6 16 10 2 7 89%  73 3912 335 30%
c u 36.13 12 12 0 175 396 1 1544851 19695 1.6 16 10 2 7 89%  74 3911 335 30%
c v 36.21 12 12 0 175 396 1 1544851 14460 1.6 16 10 2 7 89%  78 3911 335 30%
c w 36.25 12 12 0 175 396 1 1544851 10239 1.6 16 10 2 7 89%  75 3911 335 30%
c o 36.62 13 12 0 175 396 1 1544851 10239 1.6 16 10 2 7 89%  75 3911 335 30%
c - 36.72 12 12 0 176 401 1 1550798 9638 1.6 16 10 2 7 89%  75 3911 335 30%
c - 36.97 13 12 0 177 409 1 1564066 11318 1.6 16 10 2 7 89%  75 3911 335 30%
c - 37.25 13 12 0 178 411 1 1577371 11842 1.6 16 10 2 7 88%  75 3911 335 30%
c W 37.34 13 12 0 178 412 1 1580741 13707 1.6 16 10 2 7 88%  75 3911 335 30%
c - 37.50 13 12 0 179 412 1 1590712 13623 1.6 16 10 2 7 86%  75 3911 335 30%
c - 37.72 13 12 0 180 419 1 1604091 15045 1.7 16 10 2 7 83%  75 3911 335 30%
c - 37.99 13 12 0 181 426 1 1617507 15864 1.7 16 10 2 7 82%  75 3911 335 30%
c - 38.30 14 12 0 182 430 1 1630961 16909 1.7 16 10 2 7 83%  75 3911 335 30%
c - 38.65 14 12 0 183 438 1 1644451 17130 1.7 16 10 2 7 83%  75 3911 335 30%
c - 38.99 14 12 0 184 442 1 1657979 17713 1.7 17 10 2 7 84%  75 3911 335 30%
c - 39.35 14 12 0 185 443 1 1671543 18516 1.7 16 9 2 7 84%  75 3911 335 30%
c s 39.46 14 12 0 185 443 1 1674866 20049 1.7 16 9 2 7 84%  77 3902 335 30%
c
c seconds  switched    rate           size/glue tier1   binary      remaining
c        MB  reductions   conflicts         size  tier2   irredundant
c         level   restarts       redundant    glue   trail      variables
c
c s 39.46 14 12 0 185 443 1 1674866 20049 1.7 16 9 2 7 84%  77 3893 335 30%
c e 39.46 14 12 0 185 443 1 1674866 20049 1.7 16 9 2 7 84%  74 3940 332 30%
c u 39.66 14 11 0 185 444 1 1680523 21927 1.7 16 9 2 7 84%  78 3940 332 30%
c v 39.75 14 11 0 185 444 1 1680523 18414 1.7 16 9 2 7 84%  78 3940 332 30%
c w 39.78 14 11 0 185 444 1 1680523 16925 1.7 16 9 2 7 84%  78 3940 332 30%
c t 39.78 14 11 0 185 444 1 1680523 16925 1.7 16 9 2 7 84%  77 3940 332 30%
c - 39.88 14 11 0 186 444 1 1685144 14780 1.7 16 9 2 7 85%  77 3940 332 30%
c - 40.17 14 11 0 187 444 1 1698782 16441 1.7 16 9 2 7 85%  77 3940 332 30%
c - 40.51 14 11 0 188 447 1 1712456 16472 1.7 16 9 2 7 86%  77 3940 332 30%
c I 40.58 14 11 0 188 449 1 1714981 17615 1.7 16 9 2 7 86%  77 3940 332 30%
c o 40.58 14 11 0 188 449 1 1714981 17615 1.7 16 9 2 7 86%  77 3940 332 30%
c - 40.85 14 11 0 189 455 1 1726169 17153 1.7 16 9 2 7 86%  77 3940 332 30%
c - 41.15 14 11 0 190 459 1 1739916 16893 1.7 16 9 2 7 87%  77 3940 332 30%
c - 41.49 14 11 0 191 466 1 1753701 15293 1.7 16 9 2 7 87%  77 3940 332 30%
c - 41.80 14 11 0 192 474 1 1767521 15695 1.7 15 9 2 7 87%  77 3940 332 30%
c - 42.09 14 11 0 193 475 1 1781378 17162 1.6 15 9 2 7 88%  78 3940 332 30%
c - 42.38 14 11 0 194 478 1 1795270 18266 1.6 15 9 2 7 88%  78 3940 332 30%
c - 42.69 14 11 0 195 487 1 1809198 18673 1.6 15 9 2 7 88%  80 3940 332 30%
c b 43.05 14 11 0 195 490 1 1822373 25332 1.6 14 9 2 7 88%  83 3940 331 30%
c u 43.11 14 11 0 195 490 1 1822373 23458 1.6 14 9 2 7 88%  95 3940 331 30%
c
c seconds  switched    rate           size/glue tier1   binary      remaining
c        MB  reductions   conflicts         size  tier2   irredundant
c         level   restarts       redundant    glue   trail      variables
c
c v 43.21 14 11 0 195 490 1 1822373 16059 1.6 14 9 2 7 88%  96 3940 331 30%
c w 43.25 14 11 0 195 490 1 1822373 10279 1.6 14 9 2 7 88%  96 3940 331 30%
c t 43.25 14 11 0 195 490 1 1822373 10279 1.6 14 9 2 7 88%  97 3737 331 30%
c u 43.29 14 11 0 195 490 1 1822373 9378 1.6 14 9 2 7 88%  96 3737 331 30%
c v 43.35 14 11 0 195 490 1 1822373 7972 1.6 14 9 2 7 88%  97 3737 331 30%
c w 43.37 14 11 0 195 490 1 1822373 7830 1.6 14 9 2 7 88%  97 3737 331 30%
c x 43.38 14 11 0 195 490 1 1822373 7808 1.6 14 9 2 7 88% 107 3497 331 30%
c t 43.38 14 11 0 195 490 1 1822373 7808 1.6 14 9 2 7 88% 102 3497 331 30%
c i 43.40 14 11 0 195 490 1 1823111 8011 1.6 14 9 2 7 88% 112 3497 330 30%
c - 43.40 12 11 0 196 490 1 1823162 6420 1.6 14 9 2 7 88%  87 3494 330 30%
c - 43.69 13 11 0 197 498 1 1837162 10771 1.7 14 9 2 7 88%  87 3494 330 30%
c - 43.99 13 11 0 198 505 1 1851197 14368 1.6 14 9 2 7 87%  88 3494 330 30%
c B 44.11 13 11 0 198 505 1 1856128 17747 1.7 14 9 2 7 88%  88 3494 330 30%
c - 44.33 13 10 0 199 506 1 1865269 17131 1.7 14 9 2 7 88%  88 3494 330 30%
c i 44.49 13 10 0 199 506 1 1871782 20000 1.7 14 8 2 7 88%  96 3494 326 29%
c - 44.70 14 10 0 200 507 1 1879375 13969 1.7 14 8 2 7 88%  88 3494 326 29%
c - 45.04 14 10 0 201 507 1 1893517 16936 1.7 14 8 2 7 88%  89 3494 326 29%
c i 45.09 14 10 0 201 507 1 1895616 17943 1.7 14 8 2 7 88%  96 3494 325 29%
c o 45.09 14 10 0 201 507 1 1895616 17943 1.7 14 8 2 7 88%  96 3494 325 29%
c i 45.28 14 10 0 201 507 1 1901790 20563 1.7 14 8 2 7 88% 105 3494 322 29%
c
c seconds  switched    rate           size/glue tier1   binary      remaining
c        MB  reductions   conflicts         size  tier2   irredundant
c         level   restarts       redundant    glue   trail      variables
c
c i 45.28 14 10 0 201 507 1 1902071 20646 1.7 14 8 2 7 88% 112 3494 307 28%
c i 45.28 14 10 0 201 507 1 1902072 20646 1.7 14 8 2 7 88% 112 3494 305 27%
c i 45.29 14 10 0 201 507 1 1902392 20841 1.7 14 8 2 7 88% 119 3494 304 27%
c i 45.30 14 10 0 201 507 1 1902634 20944 1.7 14 8 2 7 88% 125 3494 296 27%
c i 45.30 14 10 0 201 507 1 1902846 21059 1.7 14 8 2 7 88% 127 3494 295 27%
c ] 45.30 14 10 0 201 507 1 1902872 21060 1.7 14 8 2 7 88% 131 3494 264 24%
c 0 45.30 14 0 0 201 507 0 1902872 21060 0.0 0 0 2 6 0% 131 3494 264 24%
c
c ---- [ result ] ------------------------------------------------------------
c
s UNSATISFIABLE
c
c ---- [ profiling ] ---------------------------------------------------------
c
c          41.31   91.18 %  search
c          41.31   91.18 %  stable
c           3.97    8.77 %  simplify
c           3.91    8.62 %  probe
c           2.54    5.62 %  vivify
c           1.28    2.81 %  sweep
c           0.25    0.56 %  reduce
c           0.04    0.10 %  walking
c           0.04    0.10 %  eliminate
c           0.04    0.10 %  substitute
c           0.03    0.06 %  factor
c           0.02    0.05 %  preprocess
c           0.01    0.02 %  subsume
c           0.01    0.02 %  congruence
c           0.00    0.01 %  transitive
c           0.00    0.00 %  backbone
c           0.00    0.00 %  lucky
c           0.00    0.00 %  parse
c =============================================
c          45.30  100.00 %  total
c
c ---- [ statistics ] --------------------------------------------------------
c
c conflicts:                          1902872            42001.49 per second
c congruent:                               43                4 %  variables
c decisions:                          2044967                1.07 per conflict
c eliminated:                             762               69 %  variables
c factored:                                56                5 %  variables
c iterations:                              10                1 %  variables
c propagations:                     219153518          4837306    per second
c reductions:                             201             9467    interval
c reordered:                               18           105715    interval
c rephased:                                34            55967    interval
c restarts:                               507             3753    interval
c strengthened:                           982                0 %  checks
c substituted:                             70                6 %  variables
c subsumed:                               641                0 %  checks
c switched:                                 0                0    interval
c vivified:                            152003               48 %  checks
c walks:                                   11           172988    interval
c
c ---- [ glue usage ] --------------------------------------------------------
c
c stable glue 2 used 5518457 clauses 19.94% accumulated 65.49% tier1
c stable glue 3 used 3481591 clauses 12.58% accumulated 78.07%
c stable glue 4 used 1576666 clauses  5.70% accumulated 83.77%
c stable glue 5 used 1025388 clauses  3.71% accumulated 87.48%
c stable glue 6 used  701844 clauses  2.54% accumulated 90.01% tier2
c
c ---- [ resources ] ---------------------------------------------------------
c
c maximum-resident-set-size:        383602688 bytes        366 MB
c process-time:                            45s              45.30 seconds
c
c ---- [ shutting down ] -----------------------------------------------------
c
c exit 20
