c ---- [ banner ] ------------------------------------------------------------
c
c Kissat SAT Solver
c 
c Copyright (c) 2021-2024 Armin Biere University of Freiburg
c Copyright (c) 2019-2021 Armin Biere Johannes Kepler University Linz
c 
c Version 4.0.4 8af8e56f174b778aef3aa45af9f739b2a5f492c2
c gcc (GCC) 15.2.1 20260123 (Red Hat 15.2.1-7) -W -Wall -O3 -DNDEBUG
c Thu Apr 23 06:47:51 PM IST 2026 Linux krishnendu-LN 6.19.12-200.fc43.x86_64 x86_64
c
c ---- [ parsing ] -----------------------------------------------------------
c
c opened and reading DIMACS file:
c
c   /home/krishnendu/Research/fv-invariant-mining/data/circuits/cnf/miter_mult_10bit.cnf
c
c parsed 'p cnf 1113 4205' header
c closing input after reading 64864 bytes (63 KB)
c finished parsing after 0.00 seconds
c
c ---- [ options ] -----------------------------------------------------------
c
c --decay=110                      (different from default '50')
c --eliminateeffort=600            (different from default '100')
c --stable=2                       (different from default '1')
c
c ---- [ solving ] -----------------------------------------------------------
c
c seconds switched rate     size/glue tier1  binary       remaining
c        MB reductions conflicts size  tier2   irredundant
c         level restarts redundant glue  trail       variables
c
c *  0.00  3 0 0 0  0 0   0   0 0.0 0 0 0 0 0% 1458 2745 1110 100%
c (  0.00  3 0 0 0  0 0   0   0 0.0 0 0 0 0 0% 1458 2745 1110 100%
c .  0.00  3 0 0 0  0 0   0   0 0.0 0 0 0 0 0% 1454 2745 1110 100%
c c  0.00  3 0 0 0  0 0   0   0 0.0 0 0 0 0 0% 1518 2743 1067 96%
c d  0.00  3 0 0 0  0 0   0   0 0.0 0 0 0 0 0% 1368 2743 1067 96%
c =  0.02  3 0 0 0  0 0   0   0 0.0 0 0 0 0 0% 1372 2736 1064 96%
c d  0.02  3 0 0 0  0 0   0   0 0.0 0 0 0 0 0% 1367 2736 1064 96%
c f  0.02  4 0 0 0  0 0   0   0 0.0 0 0 0 0 0% 1339 2718 1086 98%
c )  0.02  4 0 0 0  0 0   0   0 0.0 0 0 0 0 0% 1339 2718 1086 98%
c [  0.02  4 0 0 0  0 0   0   0 0.0 0 0 2 6 0% 1339 2718 1086 98%
c -  0.05  4 15 0 1  0 1 1001 846 4.5 36 8 4 10 89% 1346 2718 1086 98%
c B  0.05  4 15 0 1  0 1 1001 846 4.5 36 8 4 10 89% 1346 2718 1086 98%
c -  0.07  4 16 0 2  1 1 2001 1590 3.5 33 9 4 12 88% 1354 2718 1086 98%
c W  0.08  4 16 0 2  1 1 2004 1593 3.5 33 9 4 12 88% 1354 2718 1086 98%
c u  0.10  4 17 0 2  2 1 3373 2735 2.7 27 10 5 12 83% 1358 2718 1086 98%
c v  0.11  4 17 0 2  2 1 3373 2604 2.7 27 10 5 12 83% 1358 2718 1086 98%
c w  0.11  5 17 0 2  2 1 3373 2587 2.7 27 10 5 12 83% 1358 2718 1086 98%
c x  0.11  5 17 0 2  2 1 3373 2587 2.7 27 10 5 12 83% 1372 2668 1086 98%
c =  0.13  5 17 0 2  2 1 3373 2587 2.7 27 10 5 12 83% 1402 2661 1071 96%
c d  0.13  5 17 0 2  2 1 3373 2587 2.7 27 10 5 12 83% 1357 2661 1071 96%
c
c seconds  switched rate       size/glue  tier1     binary       remaining
c        MB reductions conflicts     size   tier2     irredundant
c         level restarts  redundant     glue    trail       variables
c
c t  0.13  5 17 0 2  2 1 3373 2587 2.7 27 10 5 12 83% 1350 2661 1071 96%
c f  0.13  5 17 0 2  2 1 3373 2587 2.7 27 10 5 12 83% 1346 2661 1075 97%
c u  0.13  5 17 0 2  2 1 3373 2575 2.7 27 10 5 12 83% 1346 2661 1075 97%
c v  0.13  5 17 0 2  2 1 3373 2513 2.7 27 10 5 12 83% 1346 2661 1075 97%
c w  0.14  5 17 0 2  2 1 3373 2467 2.7 27 10 5 12 83% 1346 2661 1075 97%
c =  0.16  5 17 0 2  2 1 3373 2467 2.7 27 10 5 12 83% 1350 2661 1073 96%
c d  0.16  5 17 0 2  2 1 3373 2467 2.7 27 10 5 12 83% 1344 2661 1073 96%
c -  0.16  5 17 0 3  2 1 3417 1901 2.7 27 10 5 12 83% 1344 2661 1073 96%
c I  0.17  5 16 0 3  3 1 4263 2586 2.5 25 10 5 12 79% 1346 2661 1073 96%
c -  0.18  5 17 0 4  3 1 5149 2722 2.4 24 10 6 13 79% 1347 2661 1073 96%
c -  0.21  5 17 0 5  5 1 7149 3588 2.1 22 11 6 13 79% 1349 2661 1073 96%
c B  0.23  5 17 0 5  5 1 8035 4385 2.1 22 11 6 13 80% 1350 2661 1073 96%
c -  0.25  6 17 0 6  6 1 9385 4241 2.0 22 11 6 13 80% 1354 2661 1073 96%
c u  0.27  5 17 0 6  6 1 10398 5015 2.0 22 11 6 13 80% 1361 2661 1073 96%
c v  0.28  5 17 0 6  6 1 10398 4861 2.0 22 11 6 13 80% 1361 2661 1073 96%
c w  0.28  5 17 0 6  6 1 10398 4816 2.0 22 11 6 13 80% 1361 2661 1073 96%
c =  0.29  5 17 0 6  6 1 10398 4816 2.0 22 11 6 13 80% 1373 2657 1067 96%
c d  0.29  5 17 0 6  6 1 10398 4814 2.0 22 11 6 13 80% 1356 2657 1067 96%
c u  0.29  5 17 0 6  6 1 10398 4806 2.0 22 11 6 13 80% 1356 2657 1067 96%
c v  0.30  5 17 0 6  6 1 10398 4726 2.0 22 11 6 13 80% 1356 2657 1067 96%
c
c seconds  switched rate        size/glue  tier1     binary       remaining
c        MB reductions conflicts      size   tier2     irredundant
c         level restarts   redundant     glue    trail       variables
c
c w  0.30  5 17 0 6  6 1 10398 4716 2.0 22 11 6 13 80% 1356 2657 1067 96%
c x  0.30  5 17 0 6  6 1 10398 4716 2.0 22 11 6 13 80% 1356 2640 1067 96%
c o  0.32  5 17 0 6  6 1 10398 4716 2.0 22 11 6 13 80% 1356 2640 1067 96%
c -  0.34  6 17 0 7  6 1 11835 4505 2.0 22 11 5 13 82% 1357 2640 1067 96%
c W  0.38  5 17 0 7  8 1 13566 6005 2.1 23 11 5 13 83% 1358 2640 1067 96%
c -  0.40  5 17 0 8  9 1 14480 5045 2.0 23 11 5 13 84% 1358 2640 1067 96%
c e  0.45  6 17 0 8 10 1 16851 6886 2.0 23 11 5 13 85% 407 3187 660 59%
c s  0.45  6 17 0 8 10 1 16851 6886 2.0 23 11 5 13 85% 412 3119 660 59%
c e  0.45  6 17 0 8 10 1 16851 6886 2.0 23 11 5 13 85% 389 3139 650 58%
c ^  0.45  6 17 0 8 10 1 16851 6886 2.0 23 11 5 13 85% 389 3139 650 58%
c -  0.46  5 17 0 9 10 1 17308 1978 2.0 23 11 5 13 85% 389 3139 650 58%
c -  0.51  5 17 0 10 12 1 20308 3293 1.9 22 12 5 13 86% 390 3139 650 58%
c O  0.53  5 17 0 10 13 1 21094 3891 1.9 22 12 5 13 86% 390 3139 650 58%
c o  0.53  5 17 0 10 13 1 21094 3891 1.9 22 12 5 13 86% 390 3139 650 58%
c u  0.54  5 17 0 10 13 1 21312 3815 1.9 22 12 5 13 86% 390 3139 650 58%
c v  0.54  5 17 0 10 13 1 21312 3608 1.9 22 12 5 13 86% 390 3139 650 58%
c w  0.55  6 17 0 10 13 1 21312 3415 1.9 22 12 5 13 86% 390 3139 650 58%
c t  0.55  6 17 0 10 13 1 21312 3415 1.9 22 12 5 13 86% 387 3139 650 58%
c f  0.55  5 17 0 10 13 1 21312 3415 1.9 22 12 5 13 86% 433 3043 674 61%
c u  0.55  5 17 0 10 13 1 21312 3402 1.9 22 12 5 13 86% 433 3043 674 61%
c
c seconds  switched  rate        size/glue  tier1    binary      remaining
c        MB  reductions conflicts      size   tier2    irredundant
c         level  restarts   redundant     glue    trail      variables
c
c v  0.56  5 17 0 10 13 1 21312 3330 1.9 22 12 5 13 86% 433 3043 674 61%
c w  0.57  5 17 0 10 13 1 21312 3059 1.9 22 12 5 13 86% 433 3043 674 61%
c -  0.64  6 17 0 11 13 1 23471 3428 1.9 22 12 4 13 86% 433 3043 674 61%
c -  0.71  6 16 0 12 14 1 26788 4583 1.9 23 12 4 13 86% 435 3043 674 61%
c -  0.78  6 16 0 13 14 1 30252 5194 1.9 23 12 3 12 86% 435 3043 674 61%
c B  0.80  6 16 0 13 14 1 30856 5674 1.9 23 12 3 12 86% 435 3043 674 61%
c -  0.86  7 16 0 14 15 1 33857 6063 1.9 23 12 3 12 86% 437 3042 674 61%
c s  0.87  7 16 0 14 16 1 34090 6273 1.9 23 12 3 12 86% 437 3022 674 61%
c e  0.87  7 16 0 14 16 1 34090 6273 1.9 23 12 3 12 86% 344 3166 611 55%
c s  0.87  7 16 0 14 16 1 34090 6273 1.9 23 12 3 12 86% 347 3098 611 55%
c e  0.87  7 16 0 14 16 1 34090 6273 1.9 23 12 3 12 86% 347 3099 610 55%
c ^  0.87  7 16 0 14 16 1 34090 6273 1.9 23 12 3 12 86% 347 3099 610 55%
c u  0.91  7 16 0 14 17 1 36692 4666 1.9 22 12 3 12 86% 350 3099 610 55%
c v  0.92  7 16 0 14 17 1 36692 4363 1.9 22 12 3 12 86% 350 3099 610 55%
c w  0.93  7 16 0 14 17 1 36692 4311 1.9 22 12 3 12 86% 350 3099 610 55%
c x  0.93  6 16 0 14 17 1 36692 4310 1.9 22 12 3 12 86% 356 2976 610 55%
c t  0.93  6 16 0 14 17 1 36692 4310 1.9 22 12 3 12 86% 355 2976 610 55%
c f  0.93  6 16 0 14 17 1 36692 4310 1.9 22 12 3 12 86% 361 2964 612 55%
c u  0.93  6 16 0 14 17 1 36692 4290 1.9 22 12 3 12 86% 361 2964 612 55%
c v  0.94  7 16 0 14 17 1 36692 4164 1.9 22 12 3 12 86% 361 2964 612 55%
c
c seconds  switched  rate        size/glue  tier1    binary      remaining
c        MB  reductions conflicts      size   tier2    irredundant
c         level  restarts   redundant     glue    trail      variables
c
c w  0.95  7 16 0 14 17 1 36692 3221 1.9 22 12 3 12 86% 361 2964 612 55%
c -  0.97  6 16 0 15 18 1 37598 3049 1.9 22 12 3 12 86% 361 2964 612 55%
c -  1.05  7 16 0 16 21 1 41471 4640 1.9 22 12 3 12 86% 361 2964 612 55%
c W  1.08  6 16 0 16 21 1 43078 5813 1.9 22 12 3 12 85% 361 2964 612 55%
c o  1.08  6 16 0 16 21 1 43078 5813 1.9 22 12 3 12 85% 361 2964 612 55%
c -  1.13  6 16 0 17 22 1 45472 5765 1.9 22 12 3 12 86% 363 2964 612 55%
c -  1.22  6 16 0 18 25 1 49597 6246 1.8 22 12 3 12 85% 363 2964 612 55%
c -  1.31  6 16 0 19 28 1 53839 6283 1.8 22 12 3 11 85% 364 2964 612 55%
c u  1.37  6 16 0 19 28 1 56644 8134 1.8 22 12 3 11 85% 364 2964 612 55%
c v  1.38  7 16 0 19 28 1 56644 7937 1.8 22 12 3 11 85% 364 2964 612 55%
c w  1.39  8 16 0 19 28 1 56644 7802 1.8 22 12 3 11 85% 364 2964 612 55%
c x  1.39  8 16 0 19 28 1 56644 7801 1.8 22 12 3 11 85% 364 2958 612 55%
c t  1.44  8 16 0 19 28 1 56644 7801 1.8 22 12 3 11 85% 363 2958 612 55%
c I  1.47  7 16 0 19 29 1 57982 8859 1.8 22 12 3 11 85% 363 2958 612 55%
c -  1.47  7 16 0 20 29 1 58199 6176 1.8 22 12 3 11 85% 363 2958 612 55%
c -  1.54  7 16 0 21 29 1 62672 6378 1.8 21 12 3 11 86% 364 2958 612 55%
c -  1.63  7 16 0 22 30 1 67254 6288 1.8 21 12 3 11 86% 365 2958 612 55%
c e  1.72  7 16 0 22 30 1 71610 9378 1.8 21 12 3 11 86% 244 3208 537 48%
c s  1.72  7 16 0 22 30 1 71610 9378 1.8 21 12 3 11 86% 244 3189 537 48%
c e  1.72  7 16 0 22 30 1 71610 9378 1.8 21 12 3 11 86% 244 3191 536 48%
c
c seconds  switched  rate        size/glue  tier1    binary      remaining
c        MB  reductions conflicts      size   tier2    irredundant
c         level  restarts   redundant     glue    trail      variables
c
c ^  1.72  7 16 0 22 30 1 71610 9378 1.8 21 12 3 11 86% 244 3191 536 48%
c -  1.73  6 16 0 23 30 1 71945 3181 1.8 21 12 3 11 86% 244 3191 536 48%
c B  1.80  6 16 0 23 30 1 75785 5867 1.8 21 12 3 11 86% 244 3191 536 48%
c o  1.80  6 16 0 23 30 1 75785 5867 1.8 21 12 3 11 86% 244 3191 536 48%
c -  1.81  7 16 0 24 30 1 76740 4497 1.8 21 12 3 11 86% 244 3191 536 48%
c u  1.87  6 16 0 24 30 1 81195 7695 1.8 21 12 3 11 86% 245 3191 536 48%
c v  1.89  6 16 0 24 30 1 81195 7197 1.8 21 12 3 11 86% 245 3191 536 48%
c w  1.90  7 16 0 24 30 1 81195 5335 1.8 21 12 3 11 86% 245 3191 536 48%
c f  1.90  6 16 0 24 30 1 81195 5335 1.8 21 12 3 11 86% 255 3143 543 49%
c u  1.90  6 16 0 24 30 1 81195 5299 1.8 21 12 3 11 86% 255 3143 543 49%
c v  1.91  7 16 0 24 30 1 81195 4976 1.8 21 12 3 11 86% 255 3143 543 49%
c w  1.93  7 16 0 24 30 1 81195 4628 1.8 21 12 3 11 86% 255 3143 543 49%
c -  1.93  7 16 0 25 30 1 81639 3737 1.8 21 12 3 11 86% 255 3143 543 49%
c -  2.01  6 16 0 26 34 1 86640 5120 1.8 21 12 3 11 86% 255 3143 543 49%
c -  2.10  7 16 0 27 37 1 91740 6216 1.8 21 12 3 11 86% 256 3143 543 49%
c W  2.20  6 16 0 27 39 1 96696 9681 1.8 21 12 3 11 86% 256 3143 543 49%
c -  2.20  6 16 0 28 40 1 96937 6902 1.8 21 12 3 11 86% 256 3143 543 49%
c -  2.29  6 16 0 29 43 1 102228 7835 1.7 21 12 3 11 86% 256 3143 543 49%
c -  2.39  7 16 0 30 45 1 107613 8393 1.7 21 12 3 11 86% 256 3143 543 49%
c u  2.44  7 15 0 30 45 1 110406 9975 1.7 21 12 3 11 86% 256 3143 543 49%
c
c seconds  switched  rate         size/glue  tier1    binary      remaining
c        MB  reductions conflicts       size   tier2    irredundant
c         level  restarts    redundant     glue    trail      variables
c
c v  2.45  7 15 0 30 45 1 110406 9756 1.7 21 12 3 11 86% 256 3143 543 49%
c w  2.46  8 15 0 30 45 1 110406 9727 1.7 21 12 3 11 86% 256 3143 543 49%
c x  2.46  7 15 0 30 45 1 110406 9725 1.7 21 12 3 11 86% 260 3110 543 49%
c -  2.52  7 15 0 31 45 1 113090 8603 1.7 20 12 3 11 86% 261 3109 543 49%
c -  2.63  7 15 0 32 48 1 118659 9148 1.7 20 12 3 11 86% 261 3109 543 49%
c O  2.67  7 15 0 32 50 1 120921 10618 1.7 20 12 3 11 87% 261 3109 543 49%
c o  2.67  7 15 0 32 50 1 120921 10618 1.7 20 12 3 11 87% 261 3109 543 49%
c -  2.75  7 15 0 33 52 1 124316 8984 1.7 20 12 3 11 87% 261 3109 543 49%
c -  2.88  7 15 0 34 55 1 130060 8553 1.7 20 12 3 11 87% 261 3109 543 49%
c s  2.92  7 15 0 34 56 1 132072 9878 1.7 20 12 3 11 87% 261 3104 543 49%
c e  2.92  7 15 0 34 56 1 132072 9878 1.7 20 12 3 11 87% 172 3366 486 44%
c s  2.92  7 15 0 34 56 1 132072 9878 1.7 20 12 3 11 87% 175 3314 486 44%
c e  2.92  7 15 0 34 56 1 132072 9878 1.7 20 12 3 11 87% 172 3317 484 44%
c ^  2.92  7 15 0 34 56 1 132072 9878 1.7 20 12 3 11 87% 172 3317 484 44%
c -  3.01  6 15 0 35 58 1 135891 5621 1.7 20 12 3 11 87% 172 3317 484 44%
c -  3.13  7 15 0 36 60 1 141807 7122 1.7 20 12 2 11 87% 172 3317 484 44%
c u  3.20  7 15 0 36 60 1 144590 8659 1.7 20 12 2 11 87% 172 3317 484 44%
c v  3.23  7 15 0 36 60 1 144590 7801 1.7 20 12 2 11 87% 172 3317 484 44%
c w  3.24  8 15 0 36 60 1 144590 6297 1.7 20 12 2 11 87% 172 3317 484 44%
c =  3.32  8 15 0 36 60 1 144590 6297 1.7 20 12 2 11 87% 174 3307 482 43%
c
c seconds  switched  rate         size/glue  tier1    binary      remaining
c        MB  reductions conflicts       size   tier2    irredundant
c         level  restarts    redundant     glue    trail      variables
c
c d  3.32  8 15 0 36 60 1 144590 6206 1.7 20 12 2 11 87% 172 3307 482 43%
c u  3.32  8 15 0 36 60 1 144590 6124 1.7 20 12 2 11 87% 172 3307 482 43%
c v  3.34  8 15 0 36 60 1 144590 5744 1.7 20 12 2 11 87% 172 3307 482 43%
c w  3.35  8 15 0 36 60 1 144590 5730 1.7 20 12 2 11 87% 172 3307 482 43%
c x  3.35  7 15 0 36 60 1 144590 5730 1.7 20 12 2 11 87% 175 3243 482 43%
c t  3.35  7 15 0 36 60 1 144590 5730 1.7 20 12 2 11 87% 174 3243 482 43%
c -  3.41  7 15 0 37 60 1 147808 5634 1.7 20 12 2 10 87% 174 3243 482 43%
c B  3.43  7 15 0 37 61 1 148662 6176 1.7 20 12 2 10 87% 174 3243 482 43%
c -  3.53  7 15 0 38 61 1 153891 6393 1.7 20 12 2 10 87% 175 3243 482 43%
c -  3.64  7 15 0 39 61 1 160056 6675 1.7 20 12 2 10 87% 176 3243 482 43%
c -  3.78  7 15 0 40 62 1 166302 7023 1.7 20 12 2 10 87% 176 3243 482 43%
c -  3.92  7 15 0 41 62 1 172626 7573 1.7 20 12 2 10 87% 177 3243 482 43%
c -  4.04  7 15 0 42 62 1 179029 8722 1.7 20 12 2 10 87% 177 3243 482 43%
c W  4.07  6 15 0 42 62 1 180112 9567 1.7 20 12 2 10 87% 177 3243 482 43%
c o  4.07  6 15 0 42 62 1 180112 9567 1.7 20 12 2 10 87% 177 3243 482 43%
c u  4.17  6 15 0 42 62 1 183723 11521 1.7 20 12 2 10 88% 180 3243 482 43%
c v  4.18  8 15 0 42 62 1 183723 11231 1.7 20 12 2 10 88% 180 3243 482 43%
c w  4.19  8 15 0 42 62 1 183723 10830 1.7 20 12 2 10 88% 180 3243 482 43%
c x  4.20  8 15 0 42 62 1 183723 10829 1.7 20 12 2 10 88% 180 3236 482 43%
c -  4.32  7 15 0 43 62 1 185510 7975 1.7 20 12 2 10 88% 180 3236 482 43%
c
c seconds  switched  rate         size/glue  tier1    binary      remaining
c        MB  reductions conflicts       size   tier2    irredundant
c         level  restarts    redundant     glue    trail      variables
c
c -  4.44  7 15 0 44 62 1 192067 7918 1.7 20 12 2 10 88% 180 3236 482 43%
c -  4.57  7 15 0 45 64 1 198701 7899 1.7 20 12 2 10 88% 181 3236 482 43%
c -  4.73  7 15 0 46 68 1 205409 8317 1.7 20 12 2 10 88% 181 3236 482 43%
c -  4.89  7 15 0 47 72 1 212192 8886 1.7 20 12 2 10 88% 181 3236 482 43%
c I  4.97  7 15 0 47 74 1 215463 10912 1.7 20 12 2 10 88% 181 3236 482 43%
c e  5.01  7 15 0 47 75 1 217766 12599 1.7 20 12 2 10 88% 125 3797 403 36%
c 2  5.01  7 15 0 47 75 1 217766 12599 1.7 20 12 2 10 88% 124 3797 403 36%
c s  5.01  7 15 0 47 75 1 217766 12599 1.7 20 12 2 10 88% 124 3608 403 36%
c e  5.01  7 15 0 47 75 1 217766 12599 1.7 20 12 2 10 88% 115 3653 397 36%
c ^  5.01  7 15 0 47 75 1 217766 12599 1.7 20 12 2 10 88% 115 3653 397 36%
c -  5.03  7 15 0 48 76 1 219047 4559 1.7 20 12 2 10 88% 115 3653 397 36%
c -  5.14  7 15 0 49 77 1 225977 6744 1.7 20 12 2 10 88% 115 3653 397 36%
c u  5.17  7 15 0 49 77 1 228020 8043 1.7 20 12 2 10 88% 115 3653 397 36%
c v  5.19  7 15 0 49 77 1 228020 7260 1.7 20 12 2 10 88% 115 3653 397 36%
c w  5.23  8 15 0 49 77 1 228020 6365 1.7 20 12 2 10 88% 115 3653 397 36%
c t  5.23  8 15 0 49 77 1 228020 6365 1.7 20 12 2 10 88% 113 3653 397 36%
c -  5.32  7 15 0 50 80 1 232977 6789 1.7 20 12 2 10 88% 113 3653 397 36%
c -  5.45  7 15 0 51 84 1 240048 8084 1.7 20 12 2 10 87% 113 3653 397 36%
c -  5.59  7 15 0 52 88 1 247190 9191 1.7 19 12 2 10 87% 113 3653 397 36%
c -  5.73  7 15 0 53 91 1 254402 10689 1.7 19 12 2 10 87% 113 3653 397 36%
c
c seconds  switched  rate          size/glue  tier1    binary      remaining
c        MB  reductions conflicts        size   tier2    irredundant
c         level  restarts     redundant     glue    trail      variables
c
c B  5.73  7 15 0 53 91 1 254903 11051 1.7 19 11 2 10 87% 113 3653 397 36%
c o  5.73  7 15 0 53 91 1 254903 11051 1.7 19 11 2 10 87% 113 3653 397 36%
c -  5.88  8 15 0 54 92 1 261683 10841 1.7 19 12 2 10 87% 113 3653 397 36%
c -  6.05  8 15 0 55 93 1 269032 9135 1.6 19 12 2 10 87% 113 3653 397 36%
c -  6.23  8 14 0 56 93 1 276449 9037 1.6 19 12 2 10 87% 113 3653 397 36%
c u  6.25  8 14 0 56 93 1 276834 8794 1.6 19 12 2 10 87% 113 3653 397 36%
c v  6.27  8 14 0 56 93 1 276834 8202 1.6 19 12 2 10 87% 113 3653 397 36%
c w  6.28  8 14 0 56 93 1 276834 6999 1.6 19 12 2 10 87% 113 3653 397 36%
c x  6.29  7 14 0 56 93 1 276834 6990 1.6 19 12 2 10 87% 115 3474 397 36%
c t  6.29  7 14 0 56 93 1 276834 6990 1.6 19 12 2 10 87% 114 3474 397 36%
c -  6.44  7 14 0 57 96 1 283936 7657 1.6 19 12 2 10 87% 114 3474 397 36%
c -  6.61  7 14 0 58 100 1 291485 7494 1.6 19 12 2 9 87% 114 3474 397 36%
c W  6.77  7 14 0 58 106 1 298615 11597 1.6 18 11 2 9 88% 114 3474 397 36%
c -  6.78  7 14 0 59 106 1 299100 8270 1.6 18 12 2 9 88% 114 3474 397 36%
c -  6.94  7 14 0 60 108 1 306783 8489 1.6 18 12 2 9 88% 114 3474 397 36%
c -  7.10  7 14 0 61 110 1 314529 8188 1.6 18 12 2 9 88% 114 3474 397 36%
c -  7.27  7 14 0 62 115 1 322339 8473 1.6 18 12 2 9 88% 114 3474 397 36%
c e  7.43  7 14 0 62 119 1 329779 12800 1.6 18 12 2 9 88%  73 4145 345 31%
c s  7.44  7 14 0 62 119 1 329779 12800 1.6 18 12 2 9 88%  73 3953 345 31%
c e  7.44  7 14 0 62 119 1 329779 12800 1.6 18 12 2 9 88%  69 4013 341 31%
c
c seconds  switched   rate          size/glue  tier1   binary      remaining
c        MB  reductions conflicts         size   tier2   irredundant
c         level  restarts      redundant     glue   trail      variables
c
c !  7.44  7 14 0 62 119 1 329779 12800 1.6 18 12 2 9 88%  69 4013 341 31%
c o  7.44  7 14 0 62 119 1 329779 5801 1.6 18 12 2 9 88%  69 4013 341 31%
c -  7.44  6 14 0 63 119 1 330213 4462 1.6 18 12 2 9 88%  69 4013 341 31%
c u  7.47  6 14 0 63 121 1 331366 5117 1.6 18 12 2 9 88%  69 4013 341 31%
c v  7.48  6 14 0 63 121 1 331366 4513 1.6 18 12 2 9 88%  69 4013 341 31%
c w  7.50  6 14 0 63 121 1 331366 3780 1.6 18 12 2 9 88%  69 4013 341 31%
c x  7.51  6 14 0 63 121 1 331366 3773 1.6 18 12 2 9 88%  70 3862 341 31%
c f  7.60  6 14 0 63 121 1 331366 3773 1.6 18 12 2 9 88%  71 3836 342 31%
c u  7.60  6 14 0 63 121 1 331366 3700 1.6 18 12 2 9 88%  71 3836 342 31%
c v  7.61  6 14 0 63 121 1 331366 3502 1.6 18 12 2 9 88%  71 3836 342 31%
c w  7.63  6 14 0 63 121 1 331366 3257 1.6 18 12 2 9 88%  71 3836 342 31%
c x  7.63  6 14 0 63 121 1 331366 3257 1.6 18 12 2 9 88%  71 3809 342 31%
c -  7.75  6 14 0 64 123 1 338151 5364 1.6 19 12 2 9 88%  71 3809 342 31%
c -  7.88  6 14 0 65 124 1 346151 6642 1.6 19 12 2 9 88%  71 3809 342 31%
c O  7.89  6 14 0 65 124 1 346780 7116 1.6 19 12 2 9 88%  71 3809 342 31%
c -  8.04  7 14 0 66 124 1 354215 7453 1.6 19 12 2 9 88%  71 3809 342 31%
c -  8.20  7 14 0 67 125 1 362339 7116 1.6 19 12 2 9 88%  71 3809 342 31%
c -  8.37  7 14 0 68 125 1 370525 7150 1.6 19 12 2 9 88%  71 3809 342 31%
c -  8.54  7 14 0 69 125 1 378771 7857 1.6 19 11 2 9 88%  71 3809 342 31%
c -  8.71  7 14 0 70 125 1 387077 8313 1.6 18 11 2 9 88%  71 3809 342 31%
c
c seconds  switched   rate         size/glue  tier1   binary      remaining
c        MB  reductions conflicts        size   tier2   irredundant
c         level  restarts     redundant     glue   trail      variables
c
c u  8.78  7 14 0 70 125 1 390605 9384 1.6 18 11 2 9 88%  71 3809 342 31%
c v  8.82  7 14 0 70 125 1 390605 8368 1.6 18 11 2 9 88%  71 3809 342 31%
c w  8.84  7 14 0 70 125 1 390605 6344 1.6 18 11 2 9 88%  71 3809 342 31%
c -  8.93  7 14 0 71 126 1 395443 6744 1.6 18 11 2 9 88%  71 3809 342 31%
c B  9.01  7 14 0 71 126 1 399568 8637 1.6 18 11 2 9 88%  71 3809 342 31%
c -  9.11  7 14 0 72 126 1 403870 7492 1.6 18 11 2 9 88%  71 3809 342 31%
c -  9.29  7 14 0 73 126 1 412355 7834 1.6 18 11 2 9 89%  71 3809 342 31%
c -  9.48  7 14 0 74 126 1 420900 7999 1.6 18 11 2 9 89%  71 3809 342 31%
c -  9.66  7 14 0 75 126 1 429503 8303 1.6 18 11 2 9 89%  71 3809 342 31%
c -  9.87  7 14 0 76 126 1 438164 8898 1.6 18 11 2 9 89%  71 3809 342 31%
c - 10.04  7 14 0 77 126 1 446882 9614 1.6 18 11 2 9 89%  71 3809 342 31%
c u 10.23  7 14 0 77 126 1 455309 13547 1.6 18 11 2 9 89%  71 3809 342 31%
c v 10.26  7 14 0 77 126 1 455309 12976 1.6 18 11 2 9 89%  71 3809 342 31%
c w 10.27  9 14 0 77 126 1 455309 11123 1.6 18 11 2 9 89%  71 3809 342 31%
c x 10.28  9 14 0 77 126 1 455309 11122 1.6 18 11 2 9 89%  71 3800 342 31%
c o 10.29  9 14 0 77 126 1 455309 11122 1.6 18 11 2 9 89%  71 3800 342 31%
c - 10.30  8 14 0 78 126 1 455657 7123 1.6 18 11 2 8 89%  71 3800 342 31%
c W 10.34  7 14 0 78 126 1 457152 7819 1.6 18 11 2 8 89%  71 3800 342 31%
c - 10.48  7 14 0 79 129 1 464490 7721 1.6 18 11 2 8 89%  71 3800 342 31%
c e 10.59  7 14 0 79 133 1 469477 10495 1.6 18 11 2 8 89%  71 3821 340 31%
c
c seconds  switched   rate          size/glue  tier1   binary      remaining
c        MB  reductions conflicts         size   tier2   irredundant
c         level  restarts      redundant     glue   trail      variables
c
c s 10.59  7 14 0 79 133 1 469477 10495 1.6 18 11 2 8 89%  71 3807 340 31%
c - 10.67  7 14 0 80 134 1 473379 7773 1.6 18 11 2 8 89%  71 3807 340 31%
c - 10.87  7 14 0 81 140 1 482324 7628 1.6 18 11 2 8 89%  71 3807 340 31%
c - 11.04  7 14 0 82 141 1 491325 7974 1.6 18 11 2 8 89%  71 3807 340 31%
c - 11.23  7 14 0 83 147 1 500380 8370 1.6 18 11 2 8 89%  71 3807 340 31%
c - 11.40  7 14 0 84 151 1 509490 9256 1.6 18 11 2 8 89%  71 3807 340 31%
c - 11.59  7 14 0 85 156 1 518656 9184 1.6 18 11 2 8 89%  71 3807 340 31%
c I 11.61  7 14 0 85 156 1 519703 9688 1.6 18 11 2 8 89%  71 3807 340 31%
c u 11.72  7 14 0 85 156 1 525607 12957 1.6 18 11 2 8 89%  71 3807 340 31%
c v 11.77  7 14 0 85 156 1 525607 11813 1.6 18 11 2 8 89%  71 3807 340 31%
c w 11.79  7 14 0 85 156 1 525607 9788 1.6 18 11 2 8 89%  71 3807 340 31%
c - 11.97 11 14 0 86 157 1 527875 6819 1.6 18 11 2 8 89%  71 3807 340 31%
c - 12.13 11 14 0 87 157 1 537148 7969 1.6 18 11 2 8 89%  71 3807 340 31%
c - 12.30 11 14 0 88 160 1 546477 8151 1.6 18 11 2 8 89%  71 3807 340 31%
c - 12.50 11 14 0 89 165 1 555858 8682 1.6 18 11 2 8 89%  71 3807 340 31%
c - 12.68 11 14 0 90 171 1 565292 9377 1.6 18 11 2 8 89%  71 3807 340 31%
c - 12.88 11 14 0 91 172 1 574780 9720 1.6 18 12 2 8 89%  71 3807 340 31%
c - 13.10 11 14 0 92 179 1 584319 9323 1.6 18 11 2 8 90%  71 3807 340 31%
c B 13.16 11 14 0 92 179 1 587386 11269 1.6 18 11 2 8 89%  71 3807 340 31%
c o 13.16 11 14 0 92 179 1 587386 11269 1.6 18 11 2 8 89%  71 3807 340 31%
c
c seconds  switched   rate         size/glue  tier1   binary      remaining
c        MB  reductions conflicts        size   tier2   irredundant
c         level  restarts     redundant     glue   trail      variables
c
c - 13.33 11 14 0 93 184 1 593910 9762 1.6 18 11 2 8 90%  71 3807 340 31%
c u 13.50 11 14 0 93 187 1 601520 13462 1.6 18 11 2 8 90%  71 3807 340 31%
c v 13.55 11 14 0 93 187 1 601520 12207 1.6 18 11 2 8 90%  71 3807 340 31%
c w 13.57 11 14 0 93 187 1 601520 10631 1.6 18 11 2 8 90%  71 3807 340 31%
c - 13.61 11 14 0 94 187 1 603553 7808 1.6 18 12 2 8 90%  71 3807 340 31%
c - 13.84 11 14 0 95 188 1 613248 8048 1.6 18 12 2 8 90%  71 3807 340 31%
c - 14.06 11 14 0 96 188 1 622994 8222 1.6 18 12 2 8 89%  71 3807 340 31%
c - 14.25 11 14 0 97 189 1 632791 8292 1.6 18 12 2 8 89%  71 3807 340 31%
c - 14.47 11 14 0 98 189 1 642640 8638 1.6 18 12 2 8 89%  71 3807 340 31%
c - 14.66 11 14 0 99 189 1 652539 9620 1.6 18 11 2 8 88%  71 3807 340 31%
c W 14.84 11 14 0 99 192 1 660362 15070 1.6 18 12 2 8 88%  71 3807 340 31%
c - 14.90 11 14 0 100 193 1 662488 10488 1.6 18 12 2 8 88%  71 3807 340 31%
c - 15.11 11 14 0 101 198 1 672488 10691 1.6 18 12 2 8 88%  71 3807 340 31%
c - 15.35 11 14 0 102 203 1 682538 11384 1.6 18 12 2 8 88%  71 3807 340 31%
c u 15.38 11 14 0 102 204 1 683170 10992 1.6 18 12 2 8 88%  71 3807 340 31%
c v 15.42 11 14 0 102 204 1 683170 9953 1.6 18 12 2 8 88%  71 3807 340 31%
c w 15.44 11 14 0 102 204 1 683170 9726 1.6 18 12 2 8 88%  71 3807 340 31%
c x 15.44 11 14 0 102 204 1 683170 9720 1.6 18 12 2 8 88%  71 3776 340 31%
c s 15.45 11 14 0 102 204 1 683170 9720 1.6 18 12 2 8 88%  71 3770 340 31%
c - 15.68 11 14 0 103 206 1 692637 9355 1.6 18 11 2 8 88%  71 3770 340 31%
c
c seconds  switched    rate          size/glue  tier1   binary      remaining
c        MB  reductions  conflicts         size   tier2   irredundant
c         level   restarts      redundant     glue   trail      variables
c
c - 15.91 11 14 0 104 211 1 702787 10061 1.6 18 11 2 8 88%  71 3770 340 31%
c - 16.15 11 14 0 105 218 1 712986 11313 1.6 18 11 2 8 88%  71 3770 340 31%
c - 16.41 11 14 0 106 219 1 723232 11946 1.6 18 11 2 8 89%  71 3770 340 31%
c - 16.65 11 13 0 107 220 1 733527 11810 1.6 18 11 2 8 89%  71 3770 340 31%
c O 16.77 11 13 0 107 220 1 738791 14764 1.6 18 11 2 8 89%  71 3770 340 31%
c o 16.77 11 13 0 107 220 1 738791 14764 1.6 18 11 2 8 89%  71 3770 340 31%
c - 16.91 11 13 0 108 223 1 743871 11034 1.6 18 11 2 8 89%  71 3770 340 31%
c - 17.15 11 13 0 109 229 1 754263 10735 1.6 18 11 2 8 89%  71 3770 340 31%
c - 17.40 11 13 0 110 234 1 764704 10882 1.6 18 11 2 8 89%  71 3770 340 31%
c u 17.56 11 13 0 110 235 1 770740 13630 1.6 18 11 2 8 89%  71 3770 340 31%
c v 17.63 11 13 0 110 235 1 770740 12128 1.6 18 11 2 8 89%  71 3770 340 31%
c w 17.65 11 13 0 110 235 1 770740 9996 1.6 18 11 2 8 89%  71 3770 340 31%
c - 17.75 11 13 0 111 238 1 775193 8982 1.6 18 11 2 8 89%  71 3770 340 31%
c - 17.96 11 13 0 112 243 1 785731 9899 1.6 18 11 2 8 89%  71 3770 340 31%
c - 18.16 11 13 0 113 249 1 796316 10597 1.6 18 11 2 8 88%  71 3770 340 31%
c - 18.37 11 13 0 114 251 1 806947 11376 1.6 18 11 2 8 88%  71 3770 340 31%
c - 18.60 12 13 0 115 251 1 817624 12140 1.6 18 11 2 8 88%  71 3770 340 31%
c B 18.70 12 13 0 115 252 1 822828 15676 1.6 18 11 2 8 88%  71 3770 340 31%
c - 18.85 12 13 0 116 252 1 828347 12575 1.6 18 11 2 8 88%  71 3770 340 31%
c - 19.13 12 13 0 117 252 1 839118 12441 1.6 18 11 2 8 89%  71 3770 340 31%
c
c seconds  switched    rate          size/glue  tier1   binary      remaining
c        MB  reductions  conflicts         size   tier2   irredundant
c         level   restarts      redundant     glue   trail      variables
c
c - 19.38 12 13 0 118 252 1 849935 13549 1.7 18 11 2 8 88%  71 3770 340 31%
c - 19.65 12 13 0 119 253 1 860797 14140 1.7 18 11 2 8 88%  71 3770 340 31%
c u 19.77 12 13 0 119 253 1 864216 15458 1.7 18 11 2 8 88%  72 3770 340 31%
c v 19.82 12 13 0 119 253 1 864216 14891 1.7 18 11 2 8 88%  72 3770 340 31%
c w 19.84 12 13 0 119 253 1 864216 13814 1.7 18 11 2 8 88%  72 3770 340 31%
c x 19.84 12 13 0 119 253 1 864216 13814 1.7 18 11 2 8 88%  72 3758 340 31%
c o 19.85 12 13 0 119 253 1 864216 13814 1.7 18 11 2 8 88%  72 3758 340 31%
c - 20.04 12 13 0 120 253 1 871705 12075 1.7 18 11 2 8 88%  72 3758 340 31%
c - 20.33 12 13 0 121 253 1 882659 10725 1.6 18 11 2 7 88%  72 3758 340 31%
c s 20.49 12 13 0 121 253 1 889091 14255 1.6 18 11 2 7 89%  72 3756 340 31%
c - 20.61 12 13 0 122 253 1 893659 11123 1.6 18 11 2 7 89%  72 3756 340 31%
c - 20.87 12 13 0 123 253 1 904704 11204 1.6 18 11 2 7 89%  72 3756 340 31%
c W 21.09 12 13 0 123 253 1 912628 14814 1.6 18 11 2 7 89%  72 3756 340 31%
c - 21.17 12 13 0 124 253 1 915794 10504 1.6 18 11 2 7 89%  72 3756 340 31%
c - 21.44 12 13 0 125 254 1 926930 10652 1.6 18 11 2 7 89%  72 3756 340 31%
c - 21.73 12 13 0 126 254 1 938110 10673 1.6 18 11 2 7 90%  72 3756 340 31%
c - 21.99 12 13 0 127 254 1 949335 11375 1.6 18 11 2 7 90%  72 3756 340 31%
c - 22.29 12 13 0 128 254 1 960605 11950 1.6 18 11 2 7 90%  72 3756 340 31%
c u 22.38 12 13 0 128 254 1 963687 12848 1.7 18 11 2 7 90%  72 3756 340 31%
c v 22.45 12 13 0 128 254 1 963687 10864 1.7 18 11 2 7 90%  72 3756 340 31%
c
c seconds  switched    rate         size/glue  tier1   binary      remaining
c        MB  reductions  conflicts        size   tier2   irredundant
c         level   restarts     redundant     glue   trail      variables
c
c w 22.50 12 13 0 128 254 1 963687 9679 1.7 18 11 2 7 90%  72 3756 340 31%
c - 22.98 14 13 0 129 254 1 971919 10014 1.6 18 11 2 7 90%  72 3756 340 31%
c - 23.25 14 13 0 130 254 1 983278 10870 1.7 18 11 2 7 90%  72 3756 340 31%
c - 23.53 14 13 0 131 254 1 994680 11877 1.7 18 11 2 7 90%  72 3756 340 31%
c - 23.88 14 13 0 132 254 1 1006126 11841 1.7 18 11 2 7 90%  72 3756 340 31%
c I 23.96 14 13 0 132 254 1 1008342 12978 1.7 18 11 2 7 90%  72 3756 340 31%
c o 23.96 14 13 0 132 254 1 1008342 12978 1.7 18 11 2 7 90%  72 3756 340 31%
c - 24.11 14 13 0 133 254 1 1017615 12070 1.7 18 11 2 7 90%  72 3756 340 31%
c - 24.34 14 13 0 134 254 1 1029147 11987 1.7 18 11 2 7 90%  72 3756 340 31%
c - 24.58 14 13 0 135 254 1 1040723 11557 1.6 18 11 2 7 89%  72 3756 340 31%
c - 24.83 14 13 0 136 254 1 1052342 11805 1.6 18 11 2 7 89%  72 3756 340 31%
c - 25.04 14 13 0 137 261 1 1064004 12218 1.6 18 11 2 7 89%  72 3756 340 31%
c u 25.19 14 13 0 137 265 1 1069188 14309 1.6 18 11 2 7 89%  72 3756 340 31%
c v 25.26 14 13 0 137 265 1 1069188 12383 1.6 18 11 2 7 89%  72 3756 340 31%
c w 25.30 14 13 0 137 265 1 1069188 10781 1.6 18 11 2 7 89%  72 3756 340 31%
c - 25.44 14 13 0 138 268 1 1075709 8785 1.6 18 11 2 7 89%  72 3756 340 31%
c - 25.64 14 13 0 139 272 1 1087457 9634 1.6 18 11 2 7 89%  72 3756 340 31%
c - 25.91 14 13 0 140 278 1 1099246 9932 1.6 18 11 2 7 89%  72 3756 340 31%
c B 26.12 14 13 0 140 284 1 1110120 16801 1.6 18 11 2 7 89%  72 3756 340 31%
c - 26.15 14 13 0 141 284 1 1111079 10828 1.6 18 11 2 7 89%  72 3756 340 31%
c
c seconds  switched    rate           size/glue  tier1   binary      remaining
c        MB  reductions   conflicts         size   tier2   irredundant
c         level   restarts       redundant     glue   trail      variables
c
c - 26.42 14 13 0 142 285 1 1122954 10975 1.6 18 11 2 7 89%  72 3756 340 31%
c - 26.69 14 13 0 143 286 1 1134870 10294 1.6 18 11 2 7 88%  72 3756 340 31%
c - 26.97 14 13 0 144 293 1 1146829 10612 1.6 18 11 2 7 88%  72 3756 340 31%
c - 27.27 14 13 0 145 299 1 1158830 10743 1.6 17 11 2 7 88%  72 3756 340 31%
c - 27.52 14 13 0 146 303 1 1170872 11626 1.6 17 11 2 7 88%  72 3756 340 31%
c o 27.58 14 13 0 146 306 1 1173459 13260 1.6 17 11 2 7 88%  72 3756 340 31%
c u 27.78 14 13 0 146 309 1 1180779 16941 1.6 18 11 2 7 88%  72 3756 340 31%
c v 27.83 14 13 0 146 309 1 1180779 15993 1.6 18 11 2 7 88%  72 3756 340 31%
c w 27.85 14 13 0 146 309 1 1180779 13965 1.6 18 11 2 7 88%  72 3756 340 31%
c x 27.86 14 13 0 146 309 1 1180779 13964 1.6 18 11 2 7 88%  72 3754 340 31%
c - 27.92 14 13 0 147 310 1 1182957 10132 1.6 18 11 2 7 88%  72 3754 340 31%
c - 28.19 14 13 0 148 315 1 1195081 10827 1.6 18 11 2 7 88%  72 3754 340 31%
c - 28.46 14 13 0 149 316 1 1207247 10969 1.6 18 11 2 7 88%  72 3754 340 31%
c W 28.70 14 13 0 149 317 1 1218106 18075 1.7 18 11 2 7 88%  72 3754 340 31%
c - 28.73 14 13 0 150 317 1 1219454 11577 1.7 18 11 2 7 88%  72 3754 340 31%
c - 29.01 14 13 0 151 317 1 1231701 11706 1.6 18 11 2 7 88%  72 3754 340 31%
c - 29.34 14 13 0 152 317 1 1243989 11568 1.7 18 11 2 7 88%  72 3754 340 31%
c - 29.64 14 13 0 153 323 1 1256317 10684 1.6 18 11 2 7 88%  72 3754 340 31%
c - 29.92 14 13 0 154 330 1 1268686 11050 1.6 18 11 2 7 88%  72 3754 340 31%
c - 30.20 14 13 0 155 332 1 1281096 11414 1.6 17 11 2 7 89%  72 3754 340 31%
c
c seconds  switched    rate           size/glue  tier1   binary      remaining
c        MB  reductions   conflicts         size   tier2   irredundant
c         level   restarts       redundant     glue   trail      variables
c
c - 30.49 14 13 0 156 339 1 1293545 11729 1.6 17 11 2 7 89%  72 3754 340 31%
c u 30.63 14 13 0 156 342 1 1298539 13474 1.6 17 11 2 7 89%  72 3754 340 31%
c v 30.69 14 13 0 156 342 1 1298539 11571 1.6 17 11 2 7 89%  72 3754 340 31%
c w 30.73 14 13 0 156 342 1 1298539 9328 1.6 17 11 2 7 89%  72 3754 340 31%
c - 30.86 14 13 0 157 346 1 1306035 9243 1.6 17 11 2 7 88%  72 3754 340 31%
c - 31.10 14 13 0 158 348 1 1318565 11607 1.6 17 10 2 7 87%  72 3754 340 31%
c - 31.39 14 12 0 159 348 1 1331135 13078 1.6 16 10 2 7 86%  72 3754 340 31%
c O 31.43 14 12 0 159 349 1 1332446 13813 1.6 16 10 2 7 86%  72 3754 340 31%
c o 31.43 14 12 0 159 349 1 1332446 13813 1.6 16 10 2 7 86%  72 3754 340 31%
c - 31.69 14 12 0 160 355 1 1343744 14034 1.6 16 10 2 7 87%  72 3754 340 31%
c - 31.99 13 12 0 161 363 1 1356394 13058 1.6 17 10 2 7 87%  72 3754 340 31%
c - 32.28 14 12 0 162 367 1 1369083 13390 1.7 17 10 2 7 87%  72 3754 340 31%
c - 32.58 14 12 0 163 374 1 1381811 13931 1.7 17 10 2 7 87%  72 3754 340 31%
c - 32.89 14 12 0 164 378 1 1394578 15260 1.7 17 10 2 7 87%  72 3754 340 31%
c - 33.24 14 12 0 165 379 1 1407384 16323 1.7 17 10 2 7 88%  72 3754 340 31%
c - 33.56 14 12 0 166 380 1 1420230 15557 1.7 17 10 2 7 88%  72 3754 340 31%
c u 33.65 14 12 0 166 380 1 1422525 15649 1.7 17 10 2 7 88%  72 3754 340 31%
c v 33.76 14 12 0 166 380 1 1422525 12614 1.7 17 10 2 7 88%  72 3754 340 31%
c w 33.79 14 12 0 166 380 1 1422525 10706 1.7 17 10 2 7 88%  72 3754 340 31%
c - 34.02 13 12 0 167 380 1 1433116 11981 1.7 17 10 2 7 88%  72 3754 340 31%
c
c seconds  switched    rate           size/glue tier1   binary      remaining
c        MB  reductions   conflicts         size  tier2   irredundant
c         level   restarts       redundant    glue   trail      variables
c
c - 34.29 13 12 0 168 380 1 1446038 14844 1.7 16 9 2 7 88%  72 3754 340 31%
c B 34.46 13 11 0 168 381 1 1453280 18871 1.7 16 9 2 7 88%  72 3754 340 31%
c s 34.59 14 11 0 168 381 1 1458962 23122 1.7 16 9 2 7 88%  73 3721 340 31%
c e 34.59 14 11 0 168 381 1 1458962 23122 1.7 16 9 2 7 88%  73 3732 339 30%
c s 34.59 14 11 0 168 381 1 1458962 23122 1.7 16 9 2 7 88%  73 3711 339 30%
c - 34.60 14 11 0 169 381 1 1458999 15972 1.7 16 9 2 7 88%  73 3711 339 30%
c - 34.90 14 12 0 170 381 1 1472000 14811 1.7 17 10 2 7 89%  73 3711 339 30%
c - 35.20 13 12 0 171 381 1 1485039 13420 1.7 17 10 2 7 89%  73 3711 339 30%
c - 35.53 14 12 0 172 381 1 1498115 13517 1.7 17 10 2 7 89%  73 3711 339 30%
c - 35.88 14 12 0 173 381 1 1511231 13846 1.7 16 10 2 7 89%  73 3711 339 30%
c - 36.19 14 12 0 174 388 1 1524384 14260 1.7 16 10 2 7 89%  73 3711 339 30%
c - 36.50 14 11 0 175 396 1 1537575 15620 1.7 16 9 2 7 89%  73 3711 339 30%
c - 36.87 14 11 0 176 401 1 1550804 16160 1.7 16 9 2 7 89%  74 3711 339 30%
c u 36.96 14 11 0 176 402 1 1552772 15880 1.7 16 9 2 7 89%  80 3711 339 30%
c v 37.03 14 11 0 176 402 1 1552772 11617 1.7 16 9 2 7 89%  80 3711 339 30%
c w 37.06 14 11 0 176 402 1 1552772 9566 1.7 16 9 2 7 89%  80 3711 339 30%
c o 37.07 14 11 0 176 402 1 1552772 9566 1.7 16 9 2 7 89%  80 3711 339 30%
c - 37.32 13 12 0 177 409 1 1564071 10554 1.7 16 10 2 7 89%  80 3711 339 30%
c - 37.61 13 12 0 178 411 1 1577376 12065 1.7 16 10 2 7 89%  80 3711 339 30%
c W 37.69 13 12 0 178 412 1 1580748 13874 1.7 16 10 2 7 89%  80 3711 339 30%
c
c seconds  switched    rate           size/glue tier1   binary      remaining
c        MB  reductions   conflicts         size  tier2   irredundant
c         level   restarts       redundant    glue   trail      variables
c
c - 37.90 13 12 0 179 412 1 1590717 13608 1.7 16 9 2 7 89%  80 3711 339 30%
c - 38.22 13 11 0 180 419 1 1604097 14436 1.7 15 9 2 7 88%  80 3711 339 30%
c - 38.67 14 11 0 181 426 1 1617514 16110 1.7 16 9 2 6 89%  82 3711 339 30%
c i 39.03 14 11 0 181 430 1 1630872 22804 1.7 15 9 2 6 89%  93 3711 338 30%
c - 39.04 13 11 0 182 430 1 1630967 8283 1.7 15 9 2 6 89%  82 3711 338 30%
c - 39.39 13 11 0 183 439 1 1644458 10113 1.7 16 9 2 6 89%  82 3711 338 30%
c - 39.75 14 11 0 184 442 1 1657986 11427 1.8 16 9 2 6 89%  82 3711 338 30%
c - 40.09 14 11 0 185 443 1 1671550 12428 1.8 16 9 2 6 89%  83 3711 338 30%
c - 40.48 13 11 0 186 444 1 1685151 12373 1.8 17 9 2 6 90%  83 3711 338 30%
c u 40.63 13 11 0 186 444 1 1689550 13213 1.8 16 9 2 6 90% 128 3501 338 30%
c v 40.71 13 11 0 186 444 1 1689550 11618 1.8 16 9 2 6 90% 132 3501 338 30%
c w 40.74 13 11 0 186 444 1 1689550 10754 1.8 16 9 2 6 90% 132 3501 338 30%
c x 40.75 13 11 0 186 444 1 1689550 10743 1.8 16 9 2 6 90% 133 3360 338 30%
c = 41.19  8 11 0 186 444 1 1689550 10743 1.8 16 9 2 6 90% 139 3332 335 30%
c d 41.19  8 11 0 186 444 1 1689550 10628 1.8 16 9 2 6 90% 132 3332 335 30%
c t 41.19  8 11 0 186 444 1 1689550 10628 1.8 16 9 2 6 90% 126 3332 335 30%
c u 41.23  8 11 0 186 444 1 1689550 10172 1.8 16 9 2 6 90% 129 3332 335 30%
c v 41.30  8 11 0 186 444 1 1689550 8740 1.8 16 9 2 6 90% 132 3332 335 30%
c w 41.32  8 11 0 186 444 1 1689550 8549 1.8 16 9 2 6 90% 132 3332 335 30%
c t 41.33  8 11 0 186 444 1 1689550 8549 1.8 16 9 2 6 90% 127 3332 335 30%
c
c seconds  switched    rate          size/glue tier1   binary      remaining
c        MB  reductions   conflicts        size  tier2   irredundant
c         level   restarts      redundant    glue   trail      variables
c
c - 41.52  8 11 0 187 444 1 1698789 9007 1.8 16 9 2 6 90% 127 3332 335 30%
c - 41.82  8 11 0 188 447 1 1712464 11007 1.7 16 9 2 6 89% 127 3332 335 30%
c I 41.88  8 11 0 188 449 1 1714987 12141 1.7 16 9 2 6 89% 127 3332 335 30%
c o 41.88  8 11 0 188 449 1 1714987 12141 1.7 16 9 2 6 89% 127 3332 335 30%
c - 42.07  8 11 0 189 455 1 1726176 12423 1.7 16 9 2 6 89% 127 3332 335 30%
c - 42.33  8 11 0 190 459 1 1739923 13054 1.7 15 9 2 6 89% 127 3332 335 30%
c - 42.62  8 11 0 191 466 1 1753708 13780 1.7 15 9 2 6 89% 127 3332 335 30%
c - 42.89  8 11 0 192 474 1 1767529 14955 1.7 15 9 2 6 89% 128 3332 335 30%
c s 43.11  8 11 0 192 475 1 1776263 19745 1.7 15 9 2 6 89% 128 3294 335 30%
c e 43.11  8 11 0 192 475 1 1776263 19745 1.7 15 9 2 6 89%  94 3495 315 28%
c s 43.11  8 11 0 192 475 1 1776263 19745 1.7 15 9 2 6 89%  95 3453 315 28%
c - 43.21  8 11 0 193 475 1 1781385 12482 1.7 15 9 2 6 89%  95 3453 315 28%
c - 43.54  8 11 0 194 478 1 1795277 13086 1.7 16 9 2 6 89%  95 3453 315 28%
c - 43.93  8 11 0 195 487 1 1809207 14093 1.7 15 9 2 6 88%  95 3453 315 28%
c - 44.29  8 11 0 196 490 1 1823173 14210 1.7 15 9 2 6 88%  95 3453 315 28%
c u 44.60  8 11 0 196 497 1 1834896 20073 1.7 15 9 2 6 88%  96 3453 315 28%
c v 44.66 10 11 0 196 497 1 1834896 17476 1.7 15 9 2 6 88%  96 3453 315 28%
c w 44.69 10 11 0 196 497 1 1834896 13113 1.7 15 9 2 6 88%  96 3453 315 28%
c x 44.70 10 11 0 196 497 1 1834896 13104 1.7 15 9 2 6 88%  96 3388 315 28%
c f 44.70 10 11 0 196 497 1 1834896 13104 1.7 15 9 2 6 88% 100 3349 317 29%
c
c seconds  switched    rate           size/glue tier1   binary      remaining
c        MB  reductions   conflicts         size  tier2   irredundant
c         level   restarts       redundant    glue   trail      variables
c
c u 44.74 10 11 0 196 497 1 1834896 12661 1.7 15 9 2 6 88% 101 3349 317 29%
c v 44.82 10 11 0 196 497 1 1834896 10246 1.7 15 9 2 6 88% 101 3349 317 29%
c w 44.84 10 11 0 196 497 1 1834896 10083 1.7 15 9 2 6 88% 101 3349 317 29%
c x 44.85 10 11 0 196 497 1 1834896 10081 1.7 15 9 2 6 88% 101 3314 317 29%
c - 45.26 13 11 0 197 498 1 1837173 8679 1.7 15 9 2 6 88% 101 3314 317 29%
c - 45.57 13 11 0 198 505 1 1851208 11400 1.7 15 9 2 6 88% 102 3314 317 29%
c B 45.68 13 11 0 198 505 1 1856134 14678 1.7 15 9 2 6 88% 102 3314 317 29%
c - 45.89 13 11 0 199 506 1 1865279 13406 1.7 15 9 2 6 88% 102 3314 317 29%
c i 46.19 13 11 0 199 507 1 1878733 21298 1.7 15 9 2 6 88% 110 3314 316 28%
c - 46.21 13 11 0 200 507 1 1879385 8477 1.7 15 9 2 6 88% 100 3314 316 28%
c - 46.59 13 11 0 201 507 1 1893528 11835 1.8 15 9 2 6 88% 101 3314 316 28%
c - 46.96 13 11 0 202 508 1 1907705 14846 1.8 16 9 2 6 89% 102 3314 316 28%
c i 47.26 13 10 0 202 508 1 1917555 19510 1.8 15 9 2 6 88% 115 3314 310 28%
c o 47.26 13 10 0 202 508 1 1917555 19510 1.8 15 9 2 6 88% 115 3314 310 28%
c - 47.37 12 10 0 203 508 1 1921917 12588 1.8 15 9 2 6 88% 127 3046 310 28%
c - 47.72 13 10 0 204 508 1 1936165 15134 1.8 15 8 2 6 88% 129 3045 310 28%
c i 47.81 13 10 0 204 508 1 1939924 16868 1.8 15 8 2 6 88% 140 3045 300 27%
c i 47.92 13 10 0 204 508 1 1944116 18817 1.8 15 8 2 6 88% 150 3045 280 25%
c i 48.01 13 10 0 204 508 1 1948552 21565 1.8 14 8 2 6 88% 155 3044 279 25%
c i 48.02 13 10 0 204 508 1 1948943 21789 1.8 14 8 2 6 88% 159 3043 271 24%
c
c seconds  switched    rate           size/glue tier1   binary      remaining
c        MB  reductions   conflicts         size  tier2   irredundant
c         level   restarts       redundant    glue   trail      variables
c
c i 48.02 13 10 0 204 508 1 1949223 21943 1.8 14 8 2 6 88% 165 3043 237 21%
c i 48.03 13 10 0 204 508 1 1949282 21954 1.8 14 8 2 6 88% 173 3043 236 21%
c i 48.03 13 10 0 204 508 1 1949349 21991 1.8 14 8 2 6 88% 178 3043 229 21%
c i 48.03 13 10 0 204 508 1 1949358 21990 1.8 14 8 2 6 88% 181 3043 214 19%
c i 48.03 13 10 0 204 508 1 1949361 21990 1.8 14 8 2 6 88% 182 3043 173 16%
c i 48.03 13 10 0 204 508 1 1949363 21990 1.8 14 8 2 6 88% 183 3043 139 12%
c ] 48.03 13 10 0 204 508 1 1949365 21990 1.8 14 8 2 6 88% 183 3043 105 9%
c 0 48.03 13 0 0 204 508 0 1949365 21990 0.0 0 0 2 6 0% 183 3043 105 9%
c
c ---- [ result ] ------------------------------------------------------------
c
s UNSATISFIABLE
c
c ---- [ profiling ] ---------------------------------------------------------
c
c          43.71   91.02 %  search
c          43.71   91.02 %  stable
c           4.29    8.93 %  simplify
c           4.22    8.79 %  probe
c           2.51    5.23 %  vivify
c           1.63    3.39 %  sweep
c           0.26    0.54 %  reduce
c           0.05    0.10 %  eliminate
c           0.04    0.09 %  substitute
c           0.04    0.09 %  walking
c           0.03    0.06 %  factor
c           0.02    0.04 %  preprocess
c           0.01    0.02 %  subsume
c           0.01    0.02 %  congruence
c           0.00    0.01 %  transitive
c           0.00    0.00 %  backbone
c           0.00    0.00 %  lucky
c           0.00    0.00 %  parse
c =============================================
c          48.03  100.00 %  total
c
c ---- [ statistics ] --------------------------------------------------------
c
c conflicts:                          1949365            40587.20 per second
c congruent:                               43                4 %  variables
c decisions:                          2105545                1.08 per conflict
c eliminated:                             780               70 %  variables
c factored:                                62                6 %  variables
c iterations:                              14                1 %  variables
c propagations:                     221583718          4613535    per second
c reductions:                             204             9556    interval
c reordered:                               18           108298    interval
c rephased:                                34            57334    interval
c restarts:                               508             3837    interval
c strengthened:                          1097                0 %  checks
c substituted:                             72                6 %  variables
c subsumed:                               757                0 %  checks
c switched:                                 0                0    interval
c vivified:                            143989               47 %  checks
c walks:                                   11           177215    interval
c
c ---- [ glue usage ] --------------------------------------------------------
c
c stable glue 2 used 6467322 clauses 20.92% accumulated 66.60% tier1
c stable glue 3 used 3809523 clauses 12.32% accumulated 78.92%
c stable glue 4 used 1857741 clauses  6.01% accumulated 84.93%
c stable glue 5 used 1073274 clauses  3.47% accumulated 88.40%
c stable glue 6 used  740516 clauses  2.40% accumulated 90.80% tier2
c
c ---- [ resources ] ---------------------------------------------------------
c
c maximum-resident-set-size:        225984512 bytes        216 MB
c process-time:                            48s              48.03 seconds
c
c ---- [ shutting down ] -----------------------------------------------------
c
c exit 20
