c ---- [ banner ] ------------------------------------------------------------
c
c Kissat SAT Solver
c 
c Copyright (c) 2021-2024 Armin Biere University of Freiburg
c Copyright (c) 2019-2021 Armin Biere Johannes Kepler University Linz
c 
c Version 4.0.4 8af8e56f174b778aef3aa45af9f739b2a5f492c2
c gcc (GCC) 15.2.1 20260123 (Red Hat 15.2.1-7) -W -Wall -O3 -DNDEBUG
c Thu Apr 23 06:47:51 PM IST 2026 Linux krishnendu-LN 6.19.12-200.fc43.x86_64 x86_64
c
c ---- [ parsing ] -----------------------------------------------------------
c
c opened and reading DIMACS file:
c
c   /home/krishnendu/Research/fv-invariant-mining/data/circuits/cnf/miter_mult_10bit.cnf
c
c parsed 'p cnf 1113 4205' header
c closing input after reading 64864 bytes (63 KB)
c finished parsing after 0.00 seconds
c
c ---- [ options ] -----------------------------------------------------------
c
c --decay=70                       (different from default '50')
c --eliminateeffort=1800           (different from default '100')
c --stable=2                       (different from default '1')
c
c ---- [ solving ] -----------------------------------------------------------
c
c seconds switched rate     size/glue tier1  binary       remaining
c        MB reductions conflicts size  tier2   irredundant
c         level restarts redundant glue  trail       variables
c
c *  0.00  3 0 0 0  0 0   0   0 0.0 0 0 0 0 0% 1458 2745 1110 100%
c (  0.00  3 0 0 0  0 0   0   0 0.0 0 0 0 0 0% 1458 2745 1110 100%
c .  0.00  3 0 0 0  0 0   0   0 0.0 0 0 0 0 0% 1454 2745 1110 100%
c c  0.00  3 0 0 0  0 0   0   0 0.0 0 0 0 0 0% 1518 2743 1067 96%
c d  0.00  3 0 0 0  0 0   0   0 0.0 0 0 0 0 0% 1368 2743 1067 96%
c =  0.02  3 0 0 0  0 0   0   0 0.0 0 0 0 0 0% 1372 2736 1064 96%
c d  0.02  3 0 0 0  0 0   0   0 0.0 0 0 0 0 0% 1367 2736 1064 96%
c f  0.02  4 0 0 0  0 0   0   0 0.0 0 0 0 0 0% 1339 2718 1086 98%
c )  0.02  4 0 0 0  0 0   0   0 0.0 0 0 0 0 0% 1339 2718 1086 98%
c [  0.02  4 0 0 0  0 0   0   0 0.0 0 0 2 6 0% 1339 2718 1086 98%
c -  0.04  4 15 0 1  0 1 1001 840 4.2 34 8 4 10 88% 1345 2718 1086 98%
c B  0.04  4 15 0 1  0 1 1001 840 4.2 34 8 4 10 88% 1345 2718 1086 98%
c -  0.07  4 16 0 2  1 1 2001 1495 2.8 27 10 4 12 82% 1350 2718 1086 98%
c W  0.07  4 16 0 2  1 1 2003 1497 2.8 27 10 4 12 82% 1350 2718 1086 98%
c u  0.10  4 17 0 2  2 1 3371 2567 2.3 25 11 4 13 83% 1353 2718 1086 98%
c v  0.11  4 17 0 2  2 1 3371 2418 2.3 25 11 4 13 83% 1353 2718 1086 98%
c w  0.11  5 17 0 2  2 1 3371 2364 2.3 25 11 4 13 83% 1353 2718 1086 98%
c x  0.11  5 17 0 2  2 1 3371 2363 2.3 25 11 4 13 83% 1367 2673 1086 98%
c =  0.13  5 17 0 2  2 1 3371 2363 2.3 25 11 4 13 83% 1397 2666 1071 96%
c d  0.13  5 17 0 2  2 1 3371 2363 2.3 25 11 4 13 83% 1352 2666 1071 96%
c
c seconds  switched rate       size/glue  tier1     binary       remaining
c        MB reductions conflicts     size   tier2     irredundant
c         level restarts  redundant     glue    trail       variables
c
c t  0.13  5 17 0 2  2 1 3371 2363 2.3 25 11 4 13 83% 1345 2666 1071 96%
c f  0.13  5 17 0 2  2 1 3371 2363 2.3 25 11 4 13 83% 1341 2666 1075 97%
c u  0.13  5 17 0 2  2 1 3371 2352 2.3 25 11 4 13 83% 1341 2666 1075 97%
c v  0.13  5 17 0 2  2 1 3371 2284 2.3 25 11 4 13 83% 1341 2666 1075 97%
c w  0.14  5 17 0 2  2 1 3371 2191 2.3 25 11 4 13 83% 1341 2666 1075 97%
c =  0.16  5 17 0 2  2 1 3371 2191 2.3 25 11 4 13 83% 1345 2666 1073 96%
c d  0.16  5 17 0 2  2 1 3371 2191 2.3 25 11 4 13 83% 1339 2666 1073 96%
c -  0.16  5 17 0 3  2 1 3415 1612 2.3 25 11 4 13 83% 1339 2666 1073 96%
c I  0.17  5 17 0 3  3 1 4263 2297 2.2 24 11 4 13 84% 1341 2666 1073 96%
c -  0.18  5 17 0 4  3 1 5148 2413 2.1 23 11 5 14 85% 1341 2666 1073 96%
c -  0.21  5 17 0 5  5 1 7149 3266 2.0 22 11 5 13 82% 1346 2666 1073 96%
c B  0.23  5 16 0 5  5 1 8034 3999 1.9 22 11 5 13 81% 1348 2666 1073 96%
c -  0.25  6 16 0 6  6 1 9385 3886 1.9 21 11 4 13 81% 1348 2666 1073 96%
c u  0.27  5 16 0 6  6 1 10397 4575 1.9 21 11 4 13 81% 1357 2666 1073 96%
c v  0.28  5 16 0 6  6 1 10397 4353 1.9 21 11 4 13 81% 1357 2666 1073 96%
c w  0.28  5 16 0 6  6 1 10397 4302 1.9 21 11 4 13 81% 1357 2666 1073 96%
c =  0.29  5 16 0 6  6 1 10397 4302 1.9 21 11 4 13 81% 1369 2662 1067 96%
c d  0.29  5 16 0 6  6 1 10397 4293 1.9 21 11 4 13 81% 1352 2662 1067 96%
c t  0.29  5 16 0 6  6 1 10397 4293 1.9 21 11 4 13 81% 1347 2662 1067 96%
c u  0.29  5 16 0 6  6 1 10397 4278 1.9 21 11 4 13 81% 1347 2662 1067 96%
c
c seconds  switched rate        size/glue  tier1     binary       remaining
c        MB reductions conflicts      size   tier2     irredundant
c         level restarts   redundant     glue    trail       variables
c
c v  0.30  5 16 0 6  6 1 10397 4195 1.9 21 11 4 13 81% 1347 2662 1067 96%
c w  0.30  5 16 0 6  6 1 10397 4175 1.9 21 11 4 13 81% 1347 2662 1067 96%
c x  0.30  5 16 0 6  6 1 10397 4175 1.9 21 11 4 13 81% 1347 2647 1067 96%
c o  0.32  5 16 0 6  6 1 10397 4175 1.9 21 11 4 13 81% 1347 2647 1067 96%
c -  0.35  5 16 0 7  6 1 11835 4245 1.9 21 11 4 13 82% 1348 2647 1067 96%
c W  0.39  5 16 0 7  8 1 13564 5655 1.9 22 11 4 13 83% 1348 2647 1067 96%
c -  0.42  5 16 0 8  9 1 14480 4904 1.9 22 11 4 13 84% 1348 2647 1067 96%
c e  0.49  6 16 0 8 10 1 16853 6542 1.9 22 12 4 13 85% 373 3234 656 59%
c s  0.49  6 16 0 8 10 1 16853 6542 1.9 22 12 4 13 85% 378 3154 656 59%
c e  0.49  6 16 0 8 10 1 16853 6542 1.9 22 12 4 13 85% 371 3159 649 58%
c ^  0.49  6 16 0 8 10 1 16853 6542 1.9 22 12 4 13 85% 371 3159 649 58%
c -  0.50  5 16 0 9 10 1 17309 1934 1.9 22 12 4 12 85% 371 3159 649 58%
c -  0.55  5 16 0 10 12 1 20310 3127 1.9 22 12 4 12 85% 371 3159 649 58%
c O  0.57  5 16 0 10 13 1 21092 3714 1.9 22 12 4 12 85% 371 3159 649 58%
c o  0.57  5 16 0 10 13 1 21092 3714 1.9 22 12 4 12 85% 371 3159 649 58%
c u  0.58  5 16 0 10 13 1 21311 3655 1.8 22 12 4 12 85% 371 3159 649 58%
c v  0.58  5 16 0 10 13 1 21311 3414 1.8 22 12 4 12 85% 371 3159 649 58%
c w  0.59  6 16 0 10 13 1 21311 2537 1.8 22 12 4 12 85% 371 3159 649 58%
c t  0.59  6 16 0 10 13 1 21311 2537 1.8 22 12 4 12 85% 366 3159 649 58%
c f  0.59  5 16 0 10 13 1 21311 2537 1.8 22 12 4 12 85% 418 3047 678 61%
c
c seconds  switched  rate        size/glue  tier1    binary      remaining
c        MB  reductions conflicts      size   tier2    irredundant
c         level  restarts   redundant     glue    trail      variables
c
c u  0.60  5 16 0 10 13 1 21311 2527 1.8 22 12 4 12 85% 419 3047 678 61%
c v  0.60  5 16 0 10 13 1 21311 2461 1.8 22 12 4 12 85% 419 3047 678 61%
c w  0.61  5 16 0 10 13 1 21311 2218 1.8 22 12 4 12 85% 419 3047 678 61%
c t  0.64  5 16 0 10 13 1 21311 2218 1.8 22 12 4 12 85% 417 3047 678 61%
c -  0.69  5 16 0 11 13 1 23472 2857 1.9 22 12 3 12 86% 419 3047 678 61%
c -  0.75  6 16 0 12 14 1 26789 3879 1.9 22 12 3 12 85% 420 3047 678 61%
c -  0.83  6 16 0 13 14 1 30254 4582 1.9 22 12 3 12 85% 420 3047 678 61%
c B  0.84  6 16 0 13 14 1 30854 5023 1.9 22 12 3 12 85% 420 3047 678 61%
c -  0.90  6 16 0 14 15 1 33859 5471 1.9 23 12 3 12 85% 421 3047 678 61%
c s  0.91  6 16 0 14 16 1 34091 5646 1.9 23 12 3 12 85% 421 3031 678 61%
c e  0.91  6 16 0 14 16 1 34091 5646 1.9 23 12 3 12 85% 313 3188 606 54%
c s  0.91  6 16 0 14 16 1 34091 5646 1.9 23 12 3 12 85% 316 3127 606 54%
c e  0.91  6 16 0 14 16 1 34091 5646 1.9 23 12 3 12 85% 316 3128 605 54%
c ^  0.91  6 16 0 14 16 1 34091 5646 1.9 23 12 3 12 85% 316 3128 605 54%
c u  0.96  6 16 0 14 17 1 36700 4945 1.9 23 12 3 12 85% 318 3128 605 54%
c v  0.97  7 16 0 14 17 1 36700 4670 1.9 23 12 3 12 85% 318 3128 605 54%
c w  0.97  7 16 0 14 17 1 36700 4658 1.9 23 12 3 12 85% 318 3128 605 54%
c x  0.98  6 16 0 14 17 1 36700 4657 1.9 23 12 3 12 85% 321 2997 605 54%
c t  0.98  6 16 0 14 17 1 36700 4657 1.9 23 12 3 12 85% 319 2997 605 54%
c f  0.98  6 16 0 14 17 1 36700 4657 1.9 23 12 3 12 85% 323 2987 607 55%
c
c seconds  switched  rate        size/glue  tier1    binary      remaining
c        MB  reductions conflicts      size   tier2    irredundant
c         level  restarts   redundant     glue    trail      variables
c
c u  0.98  6 16 0 14 17 1 36700 4634 1.9 23 12 3 12 85% 323 2987 607 55%
c v  0.99  6 16 0 14 17 1 36700 4499 1.9 23 12 3 12 85% 323 2987 607 55%
c w  1.00  7 16 0 14 17 1 36700 3197 1.9 23 12 3 12 85% 323 2987 607 55%
c -  1.02  7 16 0 15 18 1 37601 2957 1.9 23 12 3 12 85% 324 2987 607 55%
c -  1.09  7 16 0 16 21 1 41474 4841 1.9 23 12 3 12 85% 325 2987 607 55%
c W  1.13  6 16 0 16 21 1 43077 5903 1.9 23 12 3 12 85% 325 2987 607 55%
c o  1.13  6 16 0 16 21 1 43077 5903 1.9 23 12 3 12 85% 325 2987 607 55%
c -  1.18  6 16 0 17 22 1 45475 5417 1.9 23 12 3 11 86% 326 2987 607 55%
c -  1.27  6 16 0 18 25 1 49598 5751 1.9 23 12 3 11 85% 326 2987 607 55%
c -  1.37  6 16 0 19 28 1 53841 6017 1.9 22 12 3 11 85% 326 2987 607 55%
c u  1.43  7 16 0 19 28 1 56665 7841 1.9 22 12 3 11 85% 327 2987 607 55%
c v  1.44  7 16 0 19 28 1 56665 7587 1.9 22 12 3 11 85% 327 2987 607 55%
c w  1.45  7 16 0 19 28 1 56665 7380 1.9 22 12 3 11 85% 327 2987 607 55%
c x  1.45  7 16 0 19 28 1 56665 7379 1.9 22 12 3 11 85% 327 2984 607 55%
c I  1.53  7 16 0 19 29 1 57981 8352 1.9 22 12 3 11 85% 327 2984 607 55%
c -  1.53  7 16 0 20 29 1 58199 6039 1.9 22 12 3 11 85% 327 2984 607 55%
c -  1.60  7 16 0 21 29 1 62672 6445 1.9 22 12 3 11 85% 328 2984 607 55%
c -  1.68  7 16 0 22 30 1 67254 6211 1.9 23 12 3 11 86% 328 2984 607 55%
c e  1.76  7 16 0 22 30 1 71612 9562 1.9 23 12 3 11 86% 224 3229 527 47%
c s  1.76  7 16 0 22 30 1 71612 9562 1.9 23 12 3 11 86% 224 3202 527 47%
c
c seconds  switched  rate        size/glue  tier1    binary      remaining
c        MB  reductions conflicts      size   tier2    irredundant
c         level  restarts   redundant     glue    trail      variables
c
c e  1.76  7 16 0 22 30 1 71612 9562 1.9 23 12 3 11 86% 223 3205 526 47%
c ^  1.76  7 16 0 22 30 1 71612 9562 1.9 23 12 3 11 86% 223 3205 526 47%
c -  1.77  6 16 0 23 30 1 71944 3249 1.9 23 12 3 11 86% 223 3205 526 47%
c B  1.83  6 16 0 23 30 1 75784 6169 1.9 22 12 3 11 86% 223 3205 526 47%
c o  1.83  6 16 0 23 30 1 75784 6169 1.9 22 12 3 11 86% 223 3205 526 47%
c -  1.85  6 16 0 24 30 1 76739 4772 1.9 22 12 3 11 86% 223 3205 526 47%
c u  1.95  6 16 0 24 30 1 81228 7427 1.8 22 12 3 11 86% 223 3205 526 47%
c v  1.96  6 16 0 24 30 1 81228 6808 1.8 22 12 3 11 86% 223 3205 526 47%
c w  1.97  7 16 0 24 30 1 81228 6332 1.8 22 12 3 11 86% 223 3205 526 47%
c f  1.97  6 16 0 24 30 1 81228 6332 1.8 22 12 3 11 86% 227 3184 529 48%
c u  1.97  6 16 0 24 30 1 81228 6286 1.8 22 12 3 11 86% 227 3184 529 48%
c v  1.99  6 16 0 24 30 1 81228 5983 1.8 22 12 3 11 86% 227 3184 529 48%
c w  2.00  7 16 0 24 30 1 81228 5580 1.8 22 12 3 11 86% 227 3184 529 48%
c -  2.01  6 16 0 25 30 1 81637 4539 1.8 22 12 3 11 86% 227 3184 529 48%
c -  2.10  6 16 0 26 34 1 86638 5386 1.8 22 12 3 11 86% 227 3184 529 48%
c -  2.20  7 16 0 27 37 1 91739 6295 1.8 22 12 3 11 85% 227 3184 529 48%
c W  2.30  6 16 0 27 39 1 96696 9896 1.8 22 12 3 11 85% 227 3184 529 48%
c -  2.31  6 16 0 28 40 1 96935 7321 1.8 22 12 3 11 85% 227 3184 529 48%
c -  2.39  6 16 0 29 43 1 102226 8564 1.8 21 12 3 11 85% 227 3184 529 48%
c -  2.48  6 16 0 30 45 1 107613 8742 1.8 21 12 3 11 84% 228 3184 529 48%
c
c seconds  switched  rate          size/glue  tier1    binary      remaining
c        MB  reductions conflicts        size   tier2    irredundant
c         level  restarts     redundant     glue    trail      variables
c
c u  2.54  7 16 0 30 45 1 110420 10381 1.8 21 12 3 11 84% 228 3184 529 48%
c v  2.55  7 16 0 30 45 1 110420 10128 1.8 21 12 3 11 84% 228 3184 529 48%
c w  2.56  8 16 0 30 45 1 110420 9971 1.8 21 12 3 11 84% 228 3184 529 48%
c x  2.56  6 16 0 30 45 1 110420 9968 1.8 21 12 3 11 84% 230 3149 529 48%
c -  2.60  7 16 0 31 45 1 113091 8595 1.8 21 12 3 11 84% 230 3149 529 48%
c -  2.69  7 16 0 32 48 1 118658 9340 1.8 21 12 3 11 83% 230 3149 529 48%
c O  2.74  7 16 0 32 50 1 120922 10927 1.8 21 12 3 11 83% 230 3149 529 48%
c o  2.74  7 16 0 32 50 1 120922 10927 1.8 21 12 3 11 83% 230 3149 529 48%
c -  2.81  7 16 0 33 52 1 124314 9407 1.8 21 12 3 11 83% 230 3149 529 48%
c -  2.95  7 15 0 34 55 1 130058 8439 1.7 21 12 3 11 84% 230 3149 529 48%
c e  2.99  7 15 0 34 56 1 132094 9720 1.7 21 12 3 11 84% 168 3372 483 43%
c s  2.99  7 15 0 34 56 1 132094 9720 1.7 21 12 3 11 84% 171 3298 483 43%
c ^  2.99  7 15 0 34 56 1 132094 9720 1.7 21 12 3 11 84% 171 3298 483 43%
c -  3.07  7 15 0 35 58 1 135891 6258 1.7 21 12 3 11 84% 172 3298 483 43%
c -  3.18  7 15 0 36 60 1 141807 6436 1.7 21 12 3 10 84% 172 3298 483 43%
c u  3.24  7 15 0 36 60 1 144588 7526 1.7 20 12 3 10 84% 174 3298 483 43%
c v  3.27  7 15 0 36 60 1 144588 6731 1.7 20 12 3 10 84% 174 3298 483 43%
c w  3.28  7 15 0 36 60 1 144588 5363 1.7 20 12 3 10 84% 174 3298 483 43%
c =  3.36  7 15 0 36 60 1 144588 5363 1.7 20 12 3 10 84% 176 3296 482 43%
c d  3.36  7 15 0 36 60 1 144588 5363 1.7 20 12 3 10 84% 174 3296 482 43%
c
c seconds  switched  rate         size/glue  tier1    binary      remaining
c        MB  reductions conflicts       size   tier2    irredundant
c         level  restarts    redundant     glue    trail      variables
c
c u  3.36  7 15 0 36 60 1 144588 5302 1.7 20 12 3 10 84% 174 3296 482 43%
c v  3.38  7 15 0 36 60 1 144588 4805 1.7 20 12 3 10 84% 174 3296 482 43%
c w  3.39  7 15 0 36 60 1 144588 4776 1.7 20 12 3 10 84% 174 3296 482 43%
c x  3.39  6 15 0 36 60 1 144588 4775 1.7 20 12 3 10 84% 177 3238 482 43%
c -  3.46  6 15 0 37 60 1 147808 4767 1.7 20 12 3 10 84% 177 3238 482 43%
c B  3.47  6 15 0 37 61 1 148662 5269 1.7 20 12 3 10 84% 177 3238 482 43%
c -  3.58  7 15 0 38 61 1 153891 6146 1.7 20 12 3 10 85% 177 3238 482 43%
c -  3.71  7 15 0 39 61 1 160055 6729 1.7 20 12 3 10 85% 177 3238 482 43%
c -  3.86  7 15 0 40 62 1 166300 6336 1.7 20 12 2 10 85% 177 3238 482 43%
c -  4.00  7 15 0 41 62 1 172624 7011 1.7 20 12 2 10 85% 178 3238 482 43%
c -  4.16  7 15 0 42 62 1 179027 7307 1.7 20 12 2 10 86% 178 3238 482 43%
c W  4.19  6 15 0 42 62 1 180112 7951 1.7 20 12 2 10 86% 178 3238 482 43%
c o  4.19  6 15 0 42 62 1 180112 7951 1.7 20 12 2 10 86% 178 3238 482 43%
c u  4.27  6 15 0 42 62 1 183723 9591 1.7 20 12 2 10 86% 178 3238 482 43%
c v  4.30  7 15 0 42 62 1 183723 9134 1.7 20 12 2 10 86% 178 3238 482 43%
c w  4.30  8 15 0 42 62 1 183723 8920 1.7 20 12 2 10 86% 178 3238 482 43%
c x  4.31  8 15 0 42 62 1 183723 8920 1.7 20 12 2 10 86% 178 3228 482 43%
c -  4.46  7 15 0 43 62 1 185508 6830 1.7 20 12 2 10 86% 178 3228 482 43%
c -  4.61  7 15 0 44 62 1 192065 7004 1.7 20 12 2 10 86% 178 3228 482 43%
c -  4.76  7 15 0 45 63 1 198699 7229 1.7 20 12 2 10 86% 178 3228 482 43%
c
c seconds  switched  rate         size/glue  tier1   binary      remaining
c        MB  reductions conflicts       size   tier2   irredundant
c         level  restarts    redundant     glue   trail      variables
c
c -  4.90  7 15 0 46 68 1 205408 7441 1.7 20 12 2 9 86% 178 3228 482 43%
c -  5.06  7 15 0 47 72 1 212190 8065 1.7 20 12 2 9 86% 178 3228 482 43%
c I  5.13  7 15 0 47 74 1 215465 10185 1.7 20 12 2 9 87% 178 3228 482 43%
c e  5.17  7 15 0 47 75 1 217870 12235 1.7 20 12 2 9 87% 111 3746 407 37%
c s  5.18  7 15 0 47 75 1 217870 12235 1.7 20 12 2 9 87% 114 3613 407 37%
c e  5.18  7 15 0 47 75 1 217870 12235 1.7 20 12 2 9 87% 106 3658 398 36%
c ^  5.18  7 15 0 47 75 1 217870 12235 1.7 20 12 2 9 87% 106 3658 398 36%
c -  5.19  6 15 0 48 76 1 219046 4389 1.7 20 12 2 9 87% 106 3658 398 36%
c -  5.30  6 15 0 49 77 1 225975 5310 1.7 20 12 2 9 87% 106 3658 398 36%
c u  5.34  6 15 0 49 77 1 228042 6507 1.7 20 12 2 9 87% 105 3658 398 36%
c v  5.35  7 15 0 49 77 1 228042 5859 1.7 20 12 2 9 87% 105 3658 398 36%
c w  5.38  7 15 0 49 77 1 228042 4780 1.7 20 12 2 9 87% 105 3658 398 36%
c t  5.38  7 15 0 49 77 1 228042 4780 1.7 20 12 2 9 87% 104 3658 398 36%
c -  5.47  6 15 0 50 80 1 232976 4921 1.7 20 12 2 9 87% 104 3658 398 36%
c -  5.58  7 15 0 51 84 1 240047 6249 1.7 20 12 2 10 87% 104 3658 398 36%
c -  5.70  7 15 0 52 88 1 247190 7381 1.7 20 12 2 10 87% 104 3658 398 36%
c -  5.85  7 15 0 53 91 1 254401 8284 1.7 20 12 2 10 88% 104 3658 398 36%
c B  5.86  7 15 0 53 91 1 254905 8587 1.7 20 12 2 10 88% 104 3658 398 36%
c o  5.86  7 15 0 53 91 1 254905 8587 1.7 20 12 2 10 88% 104 3658 398 36%
c -  5.96  7 15 0 54 92 1 261682 9503 1.7 20 12 2 10 86% 105 3658 398 36%
c
c seconds  switched  rate          size/glue  tier1    binary      remaining
c        MB  reductions conflicts        size   tier2    irredundant
c         level  restarts     redundant     glue    trail      variables
c
c -  6.07  7 15 0 55 93 1 269031 10628 1.7 20 12 2 10 84% 105 3658 398 36%
c -  6.21  7 15 0 56 93 1 276448 10854 1.7 19 12 2 9 83% 105 3658 398 36%
c u  6.23  7 15 0 56 93 1 276866 10650 1.7 19 12 2 9 83% 105 3658 398 36%
c v  6.25  8 15 0 56 93 1 276866 10082 1.7 19 12 2 9 83% 105 3658 398 36%
c w  6.26  8 15 0 56 93 1 276866 8794 1.7 19 12 2 9 83% 105 3658 398 36%
c x  6.27  7 15 0 56 93 1 276866 8786 1.7 19 12 2 9 83% 106 3484 398 36%
c t  6.27  7 15 0 56 93 1 276866 8786 1.7 19 12 2 9 83% 105 3484 398 36%
c -  6.38  7 14 0 57 96 1 283931 9406 1.7 19 11 2 9 81% 105 3484 398 36%
c -  6.51  7 14 0 58 100 1 291481 10043 1.7 19 11 2 9 80% 105 3484 398 36%
c W  6.65  6 14 0 58 105 1 298616 14462 1.7 18 11 2 9 79% 105 3484 398 36%
c -  6.66  6 14 0 59 106 1 299097 10967 1.7 18 11 2 9 79% 105 3484 398 36%
c -  6.80  7 14 0 60 108 1 306779 11406 1.6 18 11 2 9 78% 105 3484 398 36%
c -  6.95  7 14 0 61 110 1 314527 10892 1.6 18 11 2 9 77% 105 3484 398 36%
c -  7.09  8 14 0 62 115 1 322339 10752 1.6 18 11 2 9 76% 105 3484 398 36%
c s  7.23  8 13 0 62 118 1 329902 15132 1.6 18 11 2 9 75% 106 3480 398 36%
c e  7.23  7 13 0 62 118 1 329902 15132 1.6 18 11 2 9 75%  64 4132 349 31%
c 2  7.23  7 13 0 62 118 1 329902 15132 1.6 18 11 2 9 75%  63 4132 349 31%
c s  7.23  7 13 0 62 118 1 329902 15132 1.6 18 11 2 9 75%  63 3991 349 31%
c e  7.23  7 13 0 62 118 1 329902 15132 1.6 18 11 2 9 75%  61 4034 346 31%
c !  7.23  7 13 0 62 118 1 329902 15132 1.6 18 11 2 9 75%  61 4034 346 31%
c
c seconds  switched   rate         size/glue  tier1   binary      remaining
c        MB  reductions conflicts        size   tier2   irredundant
c         level  restarts     redundant     glue   trail      variables
c
c o  7.23  7 13 0 62 118 1 329902 5099 1.6 18 11 2 9 75%  61 4034 346 31%
c -  7.24  6 13 0 63 119 1 330214 3840 1.6 18 11 2 9 75%  61 4034 346 31%
c u  7.26  6 13 0 63 120 1 331395 4484 1.6 18 11 2 9 75%  61 4034 346 31%
c v  7.27  6 13 0 63 120 1 331395 3747 1.6 18 11 2 9 75%  61 4034 346 31%
c w  7.28  6 13 0 63 120 1 331395 2896 1.6 18 11 2 9 75%  61 4034 346 31%
c x  7.29  6 13 0 63 120 1 331395 2895 1.6 18 11 2 9 75%  61 3894 346 31%
c f  7.37  6 13 0 63 120 1 331395 2895 1.6 18 11 2 9 75%  61 3875 347 31%
c u  7.37  6 13 0 63 120 1 331395 2862 1.6 18 11 2 9 75%  61 3875 347 31%
c v  7.38  6 13 0 63 120 1 331395 2691 1.6 18 11 2 9 75%  61 3875 347 31%
c w  7.39  6 13 0 63 120 1 331395 2461 1.6 18 11 2 9 75%  61 3875 347 31%
c x  7.39  6 13 0 63 120 1 331395 2461 1.6 18 11 2 9 75%  61 3868 347 31%
c -  7.48  6 14 0 64 122 1 338154 4083 1.6 18 11 2 9 76%  61 3868 347 31%
c -  7.61  6 14 0 65 123 1 346155 5192 1.6 18 11 2 9 77%  61 3867 347 31%
c O  7.62  6 14 0 65 124 1 346780 5427 1.6 18 11 2 9 77%  61 3867 347 31%
c -  7.79  7 14 0 66 124 1 354217 5984 1.6 18 11 2 9 78%  61 3867 347 31%
c -  7.97  7 14 0 67 124 1 362343 6346 1.6 18 11 2 9 79%  61 3867 347 31%
c -  8.15  7 14 0 68 125 1 370528 7280 1.6 18 11 2 9 79%  61 3867 347 31%
c -  8.34  7 14 0 69 125 1 378774 7458 1.6 18 11 2 9 80%  61 3867 347 31%
c -  8.54  7 14 0 70 125 1 387082 8237 1.6 18 11 2 9 81%  61 3867 347 31%
c u  8.63  7 14 0 70 125 1 390514 9772 1.6 18 11 2 9 81%  61 3867 347 31%
c
c seconds  switched   rate         size/glue  tier1   binary      remaining
c        MB  reductions conflicts        size   tier2   irredundant
c         level  restarts     redundant     glue   trail      variables
c
c v  8.67  8 14 0 70 125 1 390514 8689 1.6 18 11 2 9 81%  61 3867 347 31%
c w  8.70  8 14 0 70 125 1 390514 6871 1.6 18 11 2 9 81%  61 3867 347 31%
c -  8.80  7 14 0 71 125 1 395449 6487 1.6 18 11 2 9 81%  61 3867 347 31%
c B  8.89  7 14 0 71 126 1 399568 8944 1.6 18 11 2 9 82%  61 3867 347 31%
c -  8.97  7 14 0 72 126 1 403876 7160 1.6 19 11 2 9 82%  61 3867 347 31%
c -  9.17  7 14 0 73 126 1 412361 7094 1.6 19 11 2 9 82%  61 3867 347 31%
c -  9.36  7 14 0 74 126 1 420905 7043 1.6 19 12 2 9 83%  61 3867 347 31%
c -  9.57  7 14 0 75 126 1 429507 7346 1.6 19 12 2 9 84%  61 3867 347 31%
c -  9.77  7 14 0 76 126 1 438167 7297 1.6 19 12 2 9 84%  61 3867 347 31%
c -  9.96  7 14 0 77 126 1 446885 7234 1.6 19 12 2 9 85%  61 3867 347 31%
c u 10.14  8 14 0 77 126 1 455090 11019 1.6 18 12 2 9 85%  61 3867 347 31%
c v 10.17  8 14 0 77 126 1 455090 10267 1.6 18 12 2 9 85%  61 3867 347 31%
c w 10.19  8 14 0 77 126 1 455090 8162 1.6 18 12 2 9 85%  61 3867 347 31%
c x 10.19  8 14 0 77 126 1 455090 8161 1.6 18 12 2 9 85%  61 3862 347 31%
c o 10.19  8 14 0 77 126 1 455090 8161 1.6 18 12 2 9 85%  61 3862 347 31%
c - 10.21  7 14 0 78 126 1 455659 5892 1.6 19 12 2 9 86%  61 3862 347 31%
c W 10.25  7 14 0 78 126 1 457153 6632 1.6 19 12 2 9 86%  61 3862 347 31%
c - 10.40  7 14 0 79 129 1 464490 7053 1.6 19 12 2 9 86%  61 3862 347 31%
c e 10.49  7 14 0 79 132 1 469528 10208 1.6 19 12 2 9 86%  58 3939 341 31%
c s 10.49  7 14 0 79 132 1 469528 10208 1.6 19 12 2 9 86%  58 3911 341 31%
c
c seconds  switched   rate         size/glue  tier1   binary      remaining
c        MB  reductions conflicts        size   tier2   irredundant
c         level  restarts     redundant     glue   trail      variables
c
c - 10.56  7 14 0 80 133 1 473378 7966 1.6 19 12 2 9 86%  58 3911 341 31%
c - 10.75  7 14 0 81 140 1 482324 8570 1.6 19 12 2 9 86%  58 3911 341 31%
c - 10.95  8 14 0 82 141 1 491325 8887 1.6 19 12 2 9 87%  58 3911 341 31%
c - 11.13  7 14 0 83 146 1 500380 9157 1.6 19 12 2 9 87%  58 3911 341 31%
c - 11.32  8 14 0 84 151 1 509490 9729 1.6 19 12 2 9 87%  58 3911 341 31%
c - 11.49  7 14 0 85 155 1 518655 10198 1.6 19 12 2 9 88%  58 3911 341 31%
c I 11.50  8 14 0 85 156 1 519703 10754 1.6 19 12 2 9 88%  58 3911 341 31%
c u 11.59  8 14 0 85 156 1 525236 14680 1.6 19 12 2 9 88%  58 3911 341 31%
c v 11.64  8 14 0 85 156 1 525236 13599 1.6 19 12 2 9 88%  58 3911 341 31%
c w 11.66  9 14 0 85 156 1 525236 11140 1.6 19 12 2 9 88%  58 3911 341 31%
c = 11.81 10 14 0 85 156 1 525236 11140 1.6 19 12 2 9 88%  58 3883 339 30%
c u 11.82 10 14 0 85 156 1 525236 10871 1.6 19 12 2 9 88%  58 3883 339 30%
c v 11.87 10 14 0 85 156 1 525236 9792 1.6 19 12 2 9 88%  58 3883 339 30%
c w 11.89 10 14 0 85 156 1 525236 9629 1.6 19 12 2 9 88%  58 3883 339 30%
c - 11.94  8 14 0 86 157 1 527875 8183 1.6 19 12 2 9 88%  58 3883 339 30%
c - 12.11  8 14 0 87 157 1 537149 9268 1.6 19 12 2 9 88%  58 3883 339 30%
c - 12.31  8 14 0 88 160 1 546478 9238 1.6 19 12 2 9 88%  58 3883 339 30%
c - 12.50  8 14 0 89 164 1 555859 10036 1.6 19 12 2 9 88%  58 3883 339 30%
c - 12.69  8 14 0 90 171 1 565292 10996 1.6 19 12 2 9 88%  58 3883 339 30%
c - 12.90  8 14 0 91 172 1 574778 11357 1.6 19 11 2 9 88%  58 3883 339 30%
c
c seconds  switched   rate          size/glue  tier1   binary      remaining
c        MB  reductions conflicts         size   tier2   irredundant
c         level  restarts      redundant     glue   trail      variables
c
c - 13.09  9 14 0 92 178 1 584318 11865 1.6 18 11 2 9 88%  58 3883 339 30%
c B 13.16  8 14 0 92 179 1 587386 13653 1.6 18 11 2 9 88%  58 3883 339 30%
c o 13.16  8 14 0 92 179 1 587386 13653 1.6 18 11 2 9 88%  58 3883 339 30%
c - 13.32  9 14 0 93 183 1 593909 11030 1.6 18 11 2 8 88%  58 3883 339 30%
c u 13.48  9 14 0 93 186 1 600952 14544 1.6 18 11 2 8 88%  58 3883 339 30%
c v 13.52  9 14 0 93 186 1 600952 13553 1.6 18 11 2 8 88%  58 3883 339 30%
c w 13.53 10 14 0 93 186 1 600952 12967 1.6 18 11 2 8 88%  58 3883 339 30%
c x 13.54 10 14 0 93 186 1 600952 12967 1.6 18 11 2 8 88%  58 3858 339 30%
c - 13.77  9 14 0 94 187 1 603552 8719 1.6 18 11 2 8 88%  58 3858 339 30%
c - 13.98  9 14 0 95 188 1 613247 8053 1.6 18 11 2 8 88%  58 3858 339 30%
c - 14.17  9 14 0 96 188 1 622994 9034 1.6 18 11 2 8 88%  58 3858 339 30%
c - 14.39  9 14 0 97 189 1 632791 9361 1.6 18 11 2 8 88%  58 3858 339 30%
c s 14.55  9 14 0 97 189 1 641145 14740 1.6 18 11 2 8 88%  58 3854 339 30%
c e 14.55  8 14 0 97 189 1 641145 14740 1.6 18 11 2 8 88%  57 3906 335 30%
c s 14.55  8 14 0 97 189 1 641145 14740 1.6 18 11 2 8 88%  57 3896 335 30%
c - 14.59  9 14 0 98 189 1 642641 9782 1.6 18 11 2 8 88%  57 3896 335 30%
c - 14.78  9 13 0 99 189 1 652540 10166 1.6 18 11 2 8 89%  57 3896 335 30%
c W 14.97  8 13 0 99 191 1 660362 14154 1.6 18 11 2 8 88%  57 3896 335 30%
c - 15.03  8 13 0 100 192 1 662489 10129 1.6 18 11 2 8 88%  57 3896 335 30%
c - 15.27  8 13 0 101 198 1 672489 9503 1.6 18 11 2 8 89%  57 3896 335 30%
c
c seconds  switched    rate          size/glue  tier1   binary      remaining
c        MB  reductions  conflicts         size   tier2   irredundant
c         level   restarts      redundant     glue   trail      variables
c
c u 15.53  8 13 0 101 203 1 682473 13463 1.6 17 11 2 8 89%  57 3896 335 30%
c v 15.59  8 13 0 101 203 1 682473 11612 1.6 17 11 2 8 89%  57 3896 335 30%
c w 15.62  8 13 0 101 203 1 682473 7957 1.6 17 11 2 8 89%  57 3896 335 30%
c - 15.62  7 13 0 102 203 1 682539 6224 1.6 17 11 2 8 89%  57 3896 335 30%
c - 15.84  8 13 0 103 205 1 692638 8693 1.6 18 11 2 8 89%  57 3896 335 30%
c - 16.06  8 13 0 104 211 1 702786 10067 1.6 17 11 2 8 89%  57 3896 335 30%
c - 16.29  8 13 0 105 218 1 712985 10799 1.6 17 11 2 8 89%  57 3896 335 30%
c - 16.49  8 13 0 106 219 1 723231 11883 1.7 18 11 2 8 90%  57 3896 335 30%
c - 16.73  8 13 0 107 220 1 733526 12576 1.7 18 11 2 8 90%  57 3896 335 30%
c O 16.86  8 13 0 107 220 1 738790 15601 1.7 18 11 2 8 90%  57 3896 335 30%
c o 16.86  8 13 0 107 220 1 738790 15601 1.7 18 11 2 8 90%  57 3896 335 30%
c - 16.98  8 13 0 108 223 1 743871 12435 1.7 18 11 2 8 90%  57 3896 335 30%
c - 17.26  8 13 0 109 229 1 754263 11128 1.7 18 11 2 8 90%  57 3896 335 30%
c - 17.51  8 13 0 110 234 1 764704 10060 1.7 17 11 2 8 89%  57 3896 335 30%
c u 17.63  8 13 0 110 235 1 769660 11537 1.6 17 10 2 8 89%  57 3896 335 30%
c v 17.70  8 13 0 110 235 1 769660 10042 1.6 17 10 2 8 89%  57 3896 335 30%
c w 17.73  8 13 0 110 235 1 769660 8018 1.6 17 10 2 8 89%  57 3896 335 30%
c - 17.85  8 13 0 111 237 1 775192 7414 1.6 17 10 2 8 89%  57 3896 335 30%
c - 18.06  8 13 0 112 242 1 785728 9071 1.6 17 10 2 8 90%  57 3896 335 30%
c - 18.33  8 13 0 113 249 1 796312 10150 1.6 17 10 2 8 90%  57 3896 335 30%
c
c seconds  switched    rate          size/glue  tier1   binary      remaining
c        MB  reductions  conflicts         size   tier2   irredundant
c         level   restarts      redundant     glue   trail      variables
c
c - 18.57  8 13 0 114 251 1 806943 10605 1.7 17 11 2 8 90%  57 3896 335 30%
c - 18.80  8 13 0 115 251 1 817620 10391 1.6 17 11 2 8 90%  57 3896 335 30%
c B 18.92  8 13 0 115 251 1 822828 13130 1.6 17 11 2 8 90%  57 3896 335 30%
c - 19.02  8 13 0 116 252 1 828343 10673 1.6 17 11 2 8 90%  57 3896 335 30%
c - 19.23  8 13 0 117 252 1 839114 10764 1.6 17 11 2 8 90%  57 3896 335 30%
c - 19.47  8 13 0 118 252 1 849930 11150 1.6 18 11 2 8 90%  57 3896 335 30%
c - 19.72  8 13 0 119 253 1 860793 10849 1.6 18 11 2 8 90%  57 3896 335 30%
c u 19.78  8 13 0 119 253 1 862700 11377 1.6 18 11 2 8 90%  57 3896 335 30%
c v 19.84  8 13 0 119 253 1 862700 9690 1.6 18 11 2 8 90%  57 3896 335 30%
c w 19.88  8 13 0 119 253 1 862700 8758 1.6 18 11 2 8 90%  57 3896 335 30%
c o 20.12 14 13 0 119 253 1 862700 8758 1.6 18 11 2 8 90%  57 3896 335 30%
c - 20.27  7 13 0 120 253 1 871701 8949 1.6 18 11 2 8 90%  57 3896 335 30%
c - 20.52  7 13 0 121 253 1 882655 9547 1.6 18 11 2 8 90%  57 3896 335 30%
c - 20.75  7 13 0 122 253 1 893655 9960 1.6 18 11 2 8 90%  57 3896 335 30%
c - 20.98  7 13 0 123 253 1 904702 10699 1.6 18 11 2 8 90%  57 3896 335 30%
c W 21.16  7 13 0 123 253 1 912630 14684 1.6 17 11 2 8 90%  57 3896 335 30%
c - 21.24  7 13 0 124 253 1 915793 11118 1.6 17 11 2 8 90%  57 3896 335 30%
c - 21.53  7 13 0 125 254 1 926928 11493 1.6 17 11 2 8 90%  57 3896 335 30%
c - 21.80  7 13 0 126 254 1 938109 10609 1.6 17 11 2 8 90%  57 3896 335 30%
c - 22.08  7 13 0 127 254 1 949334 10876 1.6 17 11 2 8 90%  57 3896 335 30%
c
c seconds  switched    rate          size/glue  tier1   binary      remaining
c        MB  reductions  conflicts         size   tier2   irredundant
c         level   restarts      redundant     glue   trail      variables
c
c - 22.38  7 13 0 128 254 1 960604 11433 1.6 17 11 2 8 90%  57 3896 335 30%
c u 22.42  7 13 0 128 254 1 961663 11355 1.5 17 11 2 8 90%  57 3896 335 30%
c v 22.48  7 13 0 128 254 1 961663 9781 1.5 17 11 2 8 90%  57 3896 335 30%
c w 22.49  7 13 0 128 254 1 961663 8374 1.5 17 11 2 8 90%  57 3896 335 30%
c x 22.50  7 13 0 128 254 1 961663 8374 1.5 17 11 2 8 90%  57 3882 335 30%
c s 22.50  7 13 0 128 254 1 961663 8374 1.5 17 11 2 8 90%  57 3879 335 30%
c e 22.50  7 13 0 128 254 1 961663 8374 1.5 17 11 2 8 90%  57 3894 334 30%
c s 22.50  7 13 0 128 254 1 961663 8374 1.5 17 11 2 8 90%  57 3882 334 30%
c - 22.73  8 13 0 129 254 1 971918 9460 1.6 17 11 2 8 90%  57 3882 334 30%
c - 23.01  8 13 0 130 254 1 983277 10192 1.6 17 11 2 8 90%  57 3882 334 30%
c - 23.32  8 13 0 131 254 1 994678 10579 1.6 17 11 2 8 90%  57 3882 334 30%
c - 23.57  8 13 0 132 254 1 1006123 10828 1.6 17 11 2 8 90%  57 3882 334 30%
c I 23.62  8 13 0 132 254 1 1008344 12112 1.6 17 11 2 8 90%  57 3882 334 30%
c o 23.62  8 13 0 132 254 1 1008344 12112 1.6 17 11 2 8 90%  57 3882 334 30%
c - 23.77  8 13 0 133 254 1 1017612 11480 1.6 17 11 2 8 90%  57 3882 334 30%
c - 23.98  8 13 0 134 254 1 1029144 10838 1.5 17 11 2 8 90%  57 3882 334 30%
c - 24.22  8 13 0 135 254 1 1040720 11309 1.5 17 11 2 8 90%  57 3882 334 30%
c - 24.45  8 13 0 136 254 1 1052338 12404 1.5 17 11 2 8 90%  57 3882 334 30%
c - 24.68  8 13 0 137 261 1 1064000 12419 1.5 17 11 2 8 90%  57 3882 334 30%
c u 24.75  8 13 0 137 263 1 1066678 13341 1.5 17 11 2 8 90%  57 3882 334 30%
c
c seconds  switched    rate           size/glue  tier1   binary      remaining
c        MB  reductions   conflicts         size   tier2   irredundant
c         level   restarts       redundant     glue   trail      variables
c
c v 24.82  8 13 0 137 263 1 1066678 11659 1.5 17 11 2 8 90%  57 3882 334 30%
c w 24.86  8 13 0 137 263 1 1066678 9668 1.5 17 11 2 8 90%  57 3882 334 30%
c - 25.04  8 13 0 138 268 1 1075704 10376 1.5 17 11 2 8 90%  57 3882 334 30%
c - 25.32  8 13 0 139 271 1 1087452 11564 1.5 17 11 2 8 90%  57 3882 334 30%
c - 25.62  8 13 0 140 278 1 1099242 12175 1.5 16 11 2 8 90%  57 3882 334 30%
c B 25.91  8 13 0 140 283 1 1110122 18274 1.5 17 11 2 8 89%  57 3882 334 30%
c - 25.94  8 13 0 141 284 1 1111074 13559 1.5 17 11 2 8 89%  57 3882 334 30%
c - 26.26  7 13 0 142 285 1 1122950 12731 1.6 17 11 2 7 89%  57 3882 334 30%
c - 26.59  8 13 0 143 285 1 1134867 11119 1.6 17 11 2 7 90%  57 3882 334 30%
c - 26.92  8 13 0 144 292 1 1146825 11394 1.6 17 11 2 7 90%  57 3882 334 30%
c - 27.21  8 13 0 145 299 1 1158825 11751 1.6 17 11 2 7 90%  57 3882 334 30%
c - 27.50  8 13 0 146 303 1 1170866 12648 1.6 17 11 2 7 90%  57 3882 334 30%
c u 27.71  8 13 0 146 307 1 1177754 15365 1.6 17 11 2 7 90%  57 3882 334 30%
c v 27.82  8 13 0 146 307 1 1177754 13431 1.6 17 11 2 7 90%  57 3882 334 30%
c w 27.86  8 13 0 146 307 1 1177754 12036 1.6 17 11 2 7 90%  57 3882 334 30%
c o 27.86  8 13 0 146 307 1 1177754 12036 1.6 17 11 2 7 90%  57 3882 334 30%
c - 28.00  8 13 0 147 310 1 1182951 10384 1.6 17 11 2 7 90%  57 3882 334 30%
c - 28.27  8 13 0 148 315 1 1195075 10515 1.6 17 11 2 7 90%  57 3882 334 30%
c - 28.55  8 13 0 149 316 1 1207241 10610 1.6 17 11 2 7 90%  57 3882 334 30%
c W 28.82  8 13 0 149 317 1 1218108 15916 1.6 17 11 2 7 90%  57 3882 334 30%
c
c seconds  switched    rate           size/glue  tier1   binary      remaining
c        MB  reductions   conflicts         size   tier2   irredundant
c         level   restarts       redundant     glue   trail      variables
c
c - 28.85  8 13 0 150 317 1 1219447 10818 1.6 17 11 2 7 90%  57 3882 334 30%
c - 29.11  8 13 0 151 317 1 1231695 10270 1.6 17 11 2 7 90%  57 3882 334 30%
c - 29.34  8 13 0 152 317 1 1243984 10448 1.6 17 11 2 7 90%  57 3882 334 30%
c - 29.59  8 13 0 153 323 1 1256313 10758 1.6 17 11 2 7 90%  57 3882 334 30%
c - 29.89  8 13 0 154 330 1 1268684 11538 1.6 17 11 2 7 90%  57 3882 334 30%
c - 30.17  8 13 0 155 332 1 1281093 12238 1.6 17 11 2 7 90%  57 3882 334 30%
c - 30.51  8 13 0 156 339 1 1293542 11593 1.6 17 11 2 7 90%  57 3882 334 30%
c u 30.58  8 13 0 156 339 1 1294960 11567 1.6 17 11 2 7 90%  57 3882 334 30%
c v 30.64  8 13 0 156 339 1 1294960 10029 1.6 17 11 2 7 90%  57 3882 334 30%
c w 30.66  8 13 0 156 339 1 1294960 9208 1.6 17 11 2 7 90%  57 3882 334 30%
c - 31.24 14 13 0 157 346 1 1306031 9612 1.6 17 11 2 7 90%  57 3882 334 30%
c - 31.53 14 13 0 158 348 1 1318560 10324 1.6 17 11 2 7 90%  57 3882 334 30%
c - 31.84 14 12 0 159 348 1 1331131 11043 1.5 16 11 2 7 90%  57 3882 334 30%
c O 31.87 14 12 0 159 349 1 1332448 11554 1.5 16 11 2 7 90%  57 3882 334 30%
c o 31.87 14 12 0 159 349 1 1332448 11554 1.5 16 11 2 7 90%  57 3882 334 30%
c - 32.17 14 13 0 160 355 1 1343741 11202 1.5 16 11 2 7 90%  57 3882 334 30%
c - 32.50 14 13 0 161 362 1 1356390 10520 1.5 16 11 2 7 90%  57 3882 334 30%
c - 32.84 14 13 0 162 367 1 1369078 10661 1.5 16 11 2 7 90%  57 3882 334 30%
c - 33.17 14 12 0 163 374 1 1381806 11625 1.6 16 11 2 7 90%  57 3882 334 30%
c - 33.49 14 12 0 164 378 1 1394573 11897 1.5 16 11 2 7 90%  57 3882 334 30%
c
c seconds  switched    rate           size/glue  tier1   binary      remaining
c        MB  reductions   conflicts         size   tier2   irredundant
c         level   restarts       redundant     glue   trail      variables
c
c - 33.81 14 12 0 165 379 1 1407379 11874 1.5 16 11 2 7 89%  57 3882 334 30%
c u 34.18 14 12 0 165 380 1 1418363 17931 1.6 16 10 2 7 89%  57 3882 334 30%
c v 34.30 14 12 0 165 380 1 1418363 16257 1.6 16 10 2 7 89%  57 3882 334 30%
c w 34.35 14 12 0 165 380 1 1418363 15389 1.6 16 10 2 7 89%  57 3882 334 30%
c - 34.40 14 12 0 166 380 1 1420226 11059 1.6 16 10 2 7 89%  57 3882 334 30%
c - 34.73 14 12 0 167 380 1 1433111 12240 1.6 16 10 2 7 89%  57 3882 334 30%
c - 35.07 13 12 0 168 380 1 1446034 13184 1.6 16 10 2 7 89%  57 3882 334 30%
c B 35.25 14 12 0 168 381 1 1453282 16931 1.6 16 10 2 7 90%  57 3882 334 30%
c - 35.41 14 12 0 169 381 1 1458996 12050 1.6 16 10 2 7 90%  57 3882 334 30%
c - 35.74 14 12 0 170 381 1 1471996 13237 1.6 16 10 2 7 90%  57 3882 334 30%
c - 36.09 14 12 0 171 381 1 1485034 15262 1.6 16 10 2 7 90%  57 3882 334 30%
c s 36.38 14 12 0 171 381 1 1496081 21151 1.6 16 10 2 7 90%  58 3863 334 30%
c s 36.38 14 12 0 171 381 1 1496081 21151 1.6 16 10 2 7 90%  58 3857 334 30%
c o 36.38 14 12 0 171 381 1 1496081 21151 1.6 16 10 2 7 90%  58 3857 334 30%
c - 36.43 14 12 0 172 381 1 1498110 14804 1.6 16 10 2 7 90%  58 3857 334 30%
c - 36.77 13 12 0 173 381 1 1511226 13855 1.6 16 10 2 7 90%  58 3857 334 30%
c - 37.11 14 12 0 174 388 1 1524379 13487 1.6 16 10 2 7 89%  58 3857 334 30%
c - 37.50 14 12 0 175 396 1 1537571 13607 1.6 16 10 2 7 89%  58 3857 334 30%
c u 37.81 14 12 0 175 399 1 1547996 18870 1.6 16 10 2 7 89%  64 3857 334 30%
c v 37.87 14 12 0 175 399 1 1547996 16586 1.6 16 10 2 7 89%  64 3857 334 30%
c
c seconds  switched    rate           size/glue  tier1   binary      remaining
c        MB  reductions   conflicts         size   tier2   irredundant
c         level   restarts       redundant     glue   trail      variables
c
c w 37.91 14 12 0 175 399 1 1547996 13322 1.6 16 10 2 7 89%  64 3857 334 30%
c x 37.92 14 12 0 175 399 1 1547996 13311 1.6 16 10 2 7 89%  69 3797 334 30%
c t 37.92 14 12 0 175 399 1 1547996 13311 1.6 16 10 2 7 89%  68 3797 334 30%
c - 37.98 13 12 0 176 401 1 1550799 10205 1.6 17 10 2 7 89%  68 3797 334 30%
c - 38.28 14 12 0 177 409 1 1564065 11762 1.6 16 10 2 7 89%  68 3797 334 30%
c - 38.61 14 12 0 178 411 1 1577370 12257 1.6 16 10 2 7 89%  68 3797 334 30%
c W 38.68 14 12 0 178 412 1 1580750 14101 1.6 16 10 2 7 89%  68 3797 334 30%
c - 38.88 14 12 0 179 412 1 1590711 12654 1.6 16 10 2 7 89%  68 3797 334 30%
c - 39.19 14 12 0 180 419 1 1604090 12942 1.6 16 10 2 7 89%  68 3797 334 30%
c - 39.50 14 12 0 181 426 1 1617506 13622 1.6 16 10 2 7 89%  68 3797 334 30%
c - 39.78 14 12 0 182 430 1 1630959 15380 1.6 16 10 2 7 89%  69 3797 334 30%
c - 40.15 14 12 0 183 438 1 1644449 14589 1.6 16 10 2 7 89%  69 3797 334 30%
c - 40.50 13 12 0 184 442 1 1657976 13820 1.6 16 10 2 7 89%  69 3797 334 30%
c - 40.79 14 12 0 185 443 1 1671540 14798 1.6 16 10 2 7 89%  69 3797 334 30%
c u 41.14 14 12 0 185 444 1 1684346 20365 1.6 16 10 2 7 89%  70 3797 334 30%
c v 41.24 14 12 0 185 444 1 1684346 18003 1.6 16 10 2 7 89%  70 3797 334 30%
c w 41.28 14 12 0 185 444 1 1684346 15378 1.6 16 10 2 7 89%  70 3797 334 30%
c t 41.28 14 12 0 185 444 1 1684346 15378 1.6 16 10 2 7 89%  69 3797 334 30%
c o 41.28 14 12 0 185 444 1 1684346 15378 1.6 16 10 2 7 89%  69 3797 334 30%
c - 41.31 13 12 0 186 444 1 1685141 11822 1.6 16 10 2 7 89%  69 3797 334 30%
c
c seconds  switched    rate           size/glue  tier1   binary      remaining
c        MB  reductions   conflicts         size   tier2   irredundant
c         level   restarts       redundant     glue   trail      variables
c
c - 41.67 14 12 0 187 444 1 1698780 12186 1.6 16 10 2 7 89%  69 3797 334 30%
c - 42.02 14 12 0 188 447 1 1712454 11813 1.6 16 10 2 7 89%  69 3797 334 30%
c I 42.08 14 12 0 188 449 1 1714989 13318 1.6 16 10 2 7 89%  69 3797 334 30%
c - 42.31 14 12 0 189 455 1 1726167 12328 1.6 16 10 2 7 90%  69 3797 334 30%
c - 42.61 14 12 0 190 459 1 1739915 12318 1.5 16 10 2 7 90%  69 3797 334 30%
c - 42.97 14 12 0 191 466 1 1753700 13311 1.5 16 10 2 7 90%  69 3797 334 30%
c - 43.29 14 12 0 192 474 1 1767521 14971 1.6 15 10 2 7 90%  69 3797 334 30%
c - 43.65 14 12 0 193 475 1 1781379 16243 1.6 15 10 2 7 90%  69 3797 334 30%
c - 44.02 15 12 0 194 478 1 1795271 16629 1.6 16 10 2 7 90%  70 3797 334 30%
c i 44.29 15 12 0 194 485 1 1806986 24185 1.6 16 10 2 7 90%  70 3797 333 30%
c - 44.36 13 12 0 195 487 1 1809200 13004 1.6 16 10 2 7 90%  65 3797 333 30%
c s 44.43 13 12 0 195 488 1 1811636 14811 1.6 16 10 2 7 90%  65 3577 333 30%
c e 44.43 13 12 0 195 488 1 1811636 14811 1.6 16 10 2 7 90%  59 3653 326 29%
c s 44.43 13 12 0 195 488 1 1811636 14811 1.6 16 10 2 7 90%  59 3596 326 29%
c - 44.75 13 12 0 196 490 1 1823164 13823 1.6 17 10 2 7 90%  59 3596 326 29%
c u 44.90 14 12 0 196 493 1 1827076 15148 1.6 17 10 2 7 90%  67 3588 326 29%
c v 45.00 14 12 0 196 493 1 1827076 13279 1.6 17 10 2 7 90%  70 3588 326 29%
c w 45.07 14 12 0 196 493 1 1827076 11751 1.6 17 10 2 7 90%  70 3588 326 29%
c d 45.07 14 12 0 196 493 1 1827076 11751 1.6 17 10 2 7 90%  66 3587 324 29%
c t 45.07 14 12 0 196 493 1 1827076 11751 1.6 17 10 2 7 90%  63 3587 324 29%
c
c seconds  switched    rate           size/glue  tier1   binary      remaining
c        MB  reductions   conflicts         size   tier2   irredundant
c         level   restarts       redundant     glue   trail      variables
c
c u 45.11 14 12 0 196 493 1 1827076 11505 1.6 17 10 2 7 90%  63 3587 324 29%
c v 45.18 14 12 0 196 493 1 1827076 10427 1.6 17 10 2 7 90%  63 3587 324 29%
c w 45.22 14 12 0 196 493 1 1827076 10146 1.6 17 10 2 7 90%  63 3587 324 29%
c x 45.23 14 12 0 196 493 1 1827076 10140 1.6 17 10 2 7 90%  64 3551 324 29%
c - 45.84 16 12 0 197 498 1 1837165 10606 1.6 17 10 2 7 90%  64 3551 324 29%
c - 46.16 17 12 0 198 505 1 1851203 12300 1.6 17 10 2 7 90%  64 3551 324 29%
c B 46.25 17 12 0 198 505 1 1856136 15156 1.6 17 10 2 7 90%  64 3551 324 29%
c o 46.25 17 12 0 198 505 1 1856136 15156 1.6 17 10 2 7 90%  64 3551 324 29%
c - 46.47 17 12 0 199 506 1 1865274 14128 1.6 16 10 2 7 90%  65 3551 324 29%
c - 46.82 17 12 0 200 507 1 1879380 14784 1.6 16 10 2 7 90%  65 3551 324 29%
c - 47.13 16 12 0 201 507 1 1893522 14416 1.6 16 10 2 7 89%  65 3551 324 29%
c - 47.51 17 12 0 202 508 1 1907699 14684 1.6 16 10 2 7 89%  65 3551 324 29%
c - 47.93 17 11 0 203 508 1 1921911 15603 1.6 15 10 2 7 89%  66 3551 324 29%
c - 48.31 17 11 0 204 508 1 1936159 17064 1.6 15 9 2 7 89%  66 3551 324 29%
c - 48.72 17 11 0 205 508 1 1950441 17034 1.6 15 9 2 7 89%  66 3551 324 29%
c - 49.14 17 11 0 206 508 1 1964758 18033 1.6 14 9 2 7 90%  68 3551 324 29%
c i 49.29 17 11 0 206 508 1 1970232 20391 1.6 14 9 2 7 90%  81 3551 323 29%
c u 49.53 17 11 0 206 509 1 1977831 13143 1.6 14 9 2 7 90% 128 3336 323 29%
c v 49.63 17 11 0 206 509 1 1977831 12005 1.6 14 9 2 7 90% 129 3336 323 29%
c w 49.69 17 11 0 206 509 1 1977831 9902 1.6 14 9 2 7 90% 129 3336 323 29%
c
c seconds  switched    rate          size/glue tier1   binary      remaining
c        MB  reductions   conflicts        size  tier2   irredundant
c         level   restarts      redundant    glue   trail      variables
c
c d 49.69 17 11 0 206 509 1 1977831 9902 1.6 14 9 2 7 90% 119 3326 318 29%
c t 49.69 17 11 0 206 509 1 1977831 9902 1.6 14 9 2 7 90% 110 3326 318 29%
c u 49.73 17 11 0 206 509 1 1977831 9418 1.6 14 9 2 7 90% 110 3326 318 29%
c v 49.79 17 11 0 206 509 1 1977831 8564 1.6 14 9 2 7 90% 110 3326 318 29%
c w 49.83 17 11 0 206 509 1 1977831 8216 1.6 14 9 2 7 90% 110 3326 318 29%
c x 49.83 17 11 0 206 509 1 1977831 8204 1.6 14 9 2 7 90% 116 3200 318 29%
c t 49.83 17 11 0 206 509 1 1977831 8204 1.6 14 9 2 7 90% 113 3200 318 29%
c - 49.86 16 11 0 207 509 1 1979110 7295 1.6 14 9 2 7 90%  96 3200 318 29%
c - 50.18 17 11 0 208 509 1 1993499 10595 1.6 14 9 2 7 89%  96 3200 318 29%
c W 50.43 17 11 0 208 509 1 2004325 15635 1.6 14 9 2 7 89%  96 3200 318 29%
c - 50.53 17 11 0 209 509 1 2007923 13564 1.6 14 9 2 7 89%  96 3200 318 29%
c - 50.87 17 11 0 210 509 1 2022380 15817 1.6 14 9 2 7 89%  97 3200 318 29%
c - 51.24 17 11 0 211 509 1 2036872 17660 1.6 14 9 2 7 89%  98 3200 318 29%
c i 51.61 17 10 0 211 509 1 2048853 23303 1.6 13 9 2 7 89% 110 3200 314 28%
c o 51.61 17 10 0 211 509 1 2048853 23303 1.6 13 9 2 7 89% 110 3200 314 28%
c - 51.67 16 10 0 212 509 1 2051397 11201 1.6 13 9 2 7 89%  92 3200 314 28%
c - 51.99 17 10 0 213 509 1 2065958 14786 1.6 13 8 2 7 88%  99 3200 314 28%
c i 51.99 17 10 0 213 509 1 2066028 14798 1.6 13 8 2 7 88% 105 3200 313 28%
c - 52.37 16 10 0 214 509 1 2080552 11997 1.6 13 8 2 6 88% 135 2851 313 28%
c i 52.65 17 10 0 214 509 1 2091843 16144 1.6 13 8 2 6 89% 147 2851 309 28%
c
c seconds  switched    rate           size/glue tier1   binary      remaining
c        MB  reductions   conflicts         size  tier2   irredundant
c         level   restarts       redundant    glue   trail      variables
c
c i 52.69 17 10 0 214 509 1 2093158 16902 1.6 13 8 2 6 89% 147 2851 308 28%
c - 52.74 17 10 0 215 509 1 2095182 9308 1.6 13 8 2 6 89% 128 2851 308 28%
c i 52.84 17 10 0 215 509 1 2099662 11356 1.6 13 8 2 6 89% 135 2851 306 28%
c i 52.94 17 10 0 215 510 1 2103980 13357 1.6 13 8 2 6 89% 144 2851 303 27%
c i 53.05 17 10 0 215 510 1 2108251 15156 1.6 13 8 2 6 89% 152 2851 274 25%
c i 53.06 17 10 0 215 510 1 2109002 15525 1.6 13 8 2 6 89% 158 2851 273 25%
c i 53.07 17 10 0 215 510 1 2109098 15565 1.6 13 8 2 6 89% 165 2850 272 24%
c i 53.07 17 10 0 215 510 1 2109114 15565 1.6 13 8 2 6 89% 169 2850 264 24%
c i 53.07 17 10 0 215 510 1 2109117 15566 1.6 13 8 2 6 89% 170 2850 258 23%
c i 53.07 17 10 0 215 510 1 2109129 15566 1.6 13 8 2 6 89% 173 2850 243 22%
c i 53.07 17 10 0 215 510 1 2109132 15566 1.6 13 8 2 6 89% 175 2850 211 19%
c i 53.07 17 10 0 215 510 1 2109134 15566 1.6 13 8 2 6 89% 176 2850 176 16%
c i 53.07 17 10 0 215 510 1 2109135 15566 1.6 13 8 2 6 89% 176 2850 135 12%
c ] 53.07 17 10 0 215 510 1 2109137 15566 1.6 13 8 2 6 89% 176 2850  0 0%
c 0 53.07 17 0 0 215 510 0 2109137 15566 0.0 0 0 2 6 0% 176 2850  0 0%
c
c ---- [ result ] ------------------------------------------------------------
c
s UNSATISFIABLE
c
c ---- [ profiling ] ---------------------------------------------------------
c
c          48.19   90.80 %  search
c          48.19   90.80 %  stable
c           4.86    9.17 %  simplify
c           4.76    8.97 %  probe
c           2.99    5.63 %  vivify
c           1.69    3.18 %  sweep
c           0.28    0.52 %  reduce
c           0.07    0.14 %  walking
c           0.05    0.09 %  substitute
c           0.05    0.09 %  eliminate
c           0.03    0.05 %  factor
c           0.02    0.03 %  preprocess
c           0.01    0.02 %  subsume
c           0.01    0.01 %  congruence
c           0.00    0.01 %  transitive
c           0.00    0.00 %  backbone
c           0.00    0.00 %  lucky
c           0.00    0.00 %  parse
c =============================================
c          53.07  100.00 %  total
c
c ---- [ statistics ] --------------------------------------------------------
c
c conflicts:                          2109137            39742.89 per second
c congruent:                               43                4 %  variables
c decisions:                          2244235                1.06 per conflict
c eliminated:                             772               69 %  variables
c factored:                                61                5 %  variables
c iterations:                              18                2 %  variables
c propagations:                     244400621          4605290    per second
c reductions:                             215             9810    interval
c reordered:                               19           111007    interval
c rephased:                                35            60261    interval
c restarts:                               510             4136    interval
c strengthened:                          1061                0 %  checks
c substituted:                             76                7 %  variables
c subsumed:                               692                0 %  checks
c switched:                                 0                0    interval
c vivified:                            150509               46 %  checks
c walks:                                   12           175761    interval
c
c ---- [ glue usage ] --------------------------------------------------------
c
c stable glue 2 used 6712814 clauses 21.70% accumulated 65.37% tier1
c stable glue 3 used 3871203 clauses 12.51% accumulated 77.88%
c stable glue 4 used 1791378 clauses  5.79% accumulated 83.67%
c stable glue 5 used 1175657 clauses  3.80% accumulated 87.47%
c stable glue 6 used  813743 clauses  2.63% accumulated 90.10% tier2
c
c ---- [ resources ] ---------------------------------------------------------
c
c maximum-resident-set-size:        377647104 bytes        360 MB
c process-time:                            53s              53.07 seconds
c
c ---- [ shutting down ] -----------------------------------------------------
c
c exit 20
